******************************************************************************
                  TI ARM Linker Unix v15.12.1                  
******************************************************************************
>> Linked Sun Sep  4 21:34:03 2016

OUTPUT FILE NAME:   <Blink.out>
ENTRY POINT SYMBOL: "_c_int00"  address: 00000f9d


MEMORY CONFIGURATION

         name            origin    length      used     unused   attr    fill
----------------------  --------  ---------  --------  --------  ----  --------
  MAIN                  00000000   00040000  00001246  0003edba  R  X
  INFO                  00200000   00004000  00000000  00004000  R  X
  SRAM_CODE             01000000   00010000  00000332  0000fcce  RW X
  SRAM_DATA             20000000   00010000  00000332  0000fcce  RW  


SEGMENT ALLOCATION MAP

run origin  load origin   length   init length attrs members
----------  ----------- ---------- ----------- ----- -------
00000000    00000000    0000124c   0000124c    r-x
  00000000    00000000    00000140   00000140    r-- .intvecs
  00000140    00000140    00000fe6   00000fe6    r-x .text
  00001128    00001128    000000ac   000000ac    r-- .const
  000011d8    000011d8    00000074   00000074    r-- .cinit
20000000    20000000    00000132   00000000    rw-
  20000000    20000000    000000e4   00000000    rw- .vtable
  200000e4    200000e4    0000004e   00000000    rw- .data
2000fe00    2000fe00    00000200   00000000    rw-
  2000fe00    2000fe00    00000200   00000000    rw- .stack


SECTION ALLOCATION MAP

 output                                  attributes/
section   page    origin      length       input sections
--------  ----  ----------  ----------   ----------------
.intvecs   0    00000000    00000140     
                  00000000    00000140     startup_msp432p401r_ccs.obj (.intvecs:retain)

.text      0    00000140    00000fe6     
                  00000140    00000480     gpio.obj (.text)
                  000005c0    000003f0     interrupt.obj (.text)
                  000009b0    00000328     system_msp432p401r.obj (.text)
                  00000cd8    000000d0     blink.obj (.text)
                  00000da8    0000009c     rtsv7M4_T_le_v4SPD16_eabi.lib : memcpy_t2.obj (.text)
                  00000e44    0000007a                                   : memset_t2.obj (.text)
                  00000ebe    00000002                                   : mpu_init.obj (.text)
                  00000ec0    00000070                                   : autoinit.obj (.text)
                  00000f30    0000006a                                   : copy_decompress_rle.obj (.text)
                  00000f9a    00000002                                   : startup.obj (.text)
                  00000f9c    00000054                                   : boot.obj (.text)
                  00000ff0    00000054                                   : exit.obj (.text)
                  00001044    0000004c                                   : cpy_tbl.obj (.text)
                  00001090    0000003e     cpu.obj (.text)
                  000010ce    00000002     --HOLE-- [fill = 0]
                  000010d0    00000018     rtsv7M4_T_le_v4SPD16_eabi.lib : args_main.obj (.text)
                  000010e8    00000014                                   : _lock.obj (.text)
                  000010fc    00000012     startup_msp432p401r_ccs.obj (.text)
                  0000110e    0000000e     rtsv7M4_T_le_v4SPD16_eabi.lib : copy_decompress_none.obj (.text:decompress:none)
                  0000111c    00000006                                   : copy_decompress_rle.obj (.text:decompress:rle24)
                  00001122    00000004                                   : pre_init.obj (.text)

.const     0    00001128    000000ac     
                  00001128    00000050     interrupt.obj (.const:g_pulRegs)
                  00001178    00000020     interrupt.obj (.const:g_pulPriority)
                  00001198    0000001c     gpio.obj (.const:GPIO_PORT_TO_INT)
                  000011b4    00000008     interrupt.obj (.const:g_pulDisRegs)
                  000011bc    00000008     interrupt.obj (.const:g_pulEnRegs)
                  000011c4    00000008     interrupt.obj (.const:g_pulPendRegs)
                  000011cc    00000008     interrupt.obj (.const:g_pulUnpendRegs)

.cinit     0    000011d8    00000074     
                  000011d8    0000004a     (.cinit..data.load) [load image, compression = rle]
                  00001222    00000006     --HOLE-- [fill = 0]
                  00001228    00000009     (.cinit..vtable.load) [load image, compression = rle]
                  00001231    00000003     --HOLE-- [fill = 0]
                  00001234    00000008     (__TI_handler_table)
                  0000123c    00000010     (__TI_cinit_table)

.init_array 
*          0    00000000    00000000     UNINITIALIZED

.binit     0    00000000    00000000     

.vtable    0    20000000    000000e4     UNINITIALIZED
                  20000000    000000e4     interrupt.obj (.vtable)

.data      0    200000e4    0000004e     UNINITIALIZED
                  200000e4    00000030     gpio.obj (.data:GPIO_PORT_TO_BASE)
                  20000114    0000000c     rtsv7M4_T_le_v4SPD16_eabi.lib : exit.obj (.data:$O1$$)
                  20000120    00000008                                   : _lock.obj (.data:$O1$$)
                  20000128    00000004                                   : stkdepth_vars.obj (.data)
                  2000012c    00000004     system_msp432p401r.obj (.data)
                  20000130    00000002     blink.obj (.data)

.stack     0    2000fe00    00000200     UNINITIALIZED
                  2000fe00    00000200     --HOLE--

MODULE SUMMARY

       Module                        code   ro data   rw data
       ------                        ----   -------   -------
    ./
       system_msp432p401r.obj        808    0         8      
       startup_msp432p401r_ccs.obj   18     320       0      
       blink.obj                     208    0         4      
    +--+-----------------------------+------+---------+---------+
       Total:                        1034   320       12     
                                                             
    ./driverlib/MSP432P4xx/
       interrupt.obj                 1008   144       456    
       gpio.obj                      1152   28        96     
       cpu.obj                       62     0         0      
    +--+-----------------------------+------+---------+---------+
       Total:                        2222   172       552    
                                                             
    /home/aglt93/ti/ccsv6/tools/compiler/ti-cgt-arm_15.12.1.LTS/lib/rtsv7M4_T_le_v4SPD16_eabi.lib
       memcpy_t2.obj                 156    0         0      
       memset_t2.obj                 122    0         0      
       autoinit.obj                  112    0         0      
       copy_decompress_rle.obj       112    0         0      
       exit.obj                      84     0         24     
       boot.obj                      84     0         0      
       cpy_tbl.obj                   76     0         0      
       _lock.obj                     20     0         16     
       args_main.obj                 24     0         0      
       copy_decompress_none.obj      14     0         0      
       stkdepth_vars.obj             0      0         8      
       pre_init.obj                  4      0         0      
       mpu_init.obj                  2      0         0      
       startup.obj                   2      0         0      
    +--+-----------------------------+------+---------+---------+
       Total:                        812    0         48     
                                                             
       Stack:                        0      0         1024   
       Linker Generated:             0      107       0      
    +--+-----------------------------+------+---------+---------+
       Grand Total:                  4068   599       1636   


LINKER GENERATED COPY TABLES

__TI_cinit_table @ 0000123c records: 2, size/record: 8, table size: 16
	.data: load addr=000011d8, load size=0000004a bytes, run addr=200000e4, run size=0000004e bytes, compression=rle
	.vtable: load addr=00001228, load size=00000009 bytes, run addr=20000000, run size=000000e4 bytes, compression=rle


LINKER GENERATED HANDLER TABLE

__TI_handler_table @ 00001234 records: 2, size/record: 4, table size: 8
	index: 0, handler: __TI_decompress_rle24
	index: 1, handler: __TI_decompress_none


GLOBAL SYMBOLS: SORTED ALPHABETICALLY BY Name 

address   name                                       
-------   ----                                       
00000ff1  C$$EXIT                                    
000010c5  CPU_basepriGet                             
000010b7  CPU_basepriSet                             
00001091  CPU_cpsid                                  
000010a7  CPU_cpsie                                  
0000109d  CPU_primask                                
000010b3  CPU_wfi                                    
00000463  GPIO_clearInterruptFlag                    
00000423  GPIO_disableInterrupt                      
00000401  GPIO_enableInterrupt                       
000004bb  GPIO_getEnabledInterruptStatus             
000003d3  GPIO_getInputPinValue                      
00000445  GPIO_getInterruptStatus                    
00000485  GPIO_interruptEdgeSelect                   
0000057b  GPIO_registerInterrupt                     
0000017b  GPIO_setAsInputPin                         
0000032f  GPIO_setAsInputPinWithPullDownResistor     
00000381  GPIO_setAsInputPinWithPullUpResistor       
00000141  GPIO_setAsOutputPin                        
00000245  GPIO_setAsPeripheralModuleFunctionInputPin 
000001c1  GPIO_setAsPeripheralModuleFunctionOutputPin
00000537  GPIO_setDriveStrengthHigh                  
00000559  GPIO_setDriveStrengthLow                   
000002c9  GPIO_setOutputHighOnPin                    
000002eb  GPIO_setOutputLowOnPin                     
0000030d  GPIO_toggleOutputOnPin                     
0000059b  GPIO_unregisterInterrupt                   
00000783  Interrupt_disableInterrupt                 
000005d3  Interrupt_disableMaster                    
00000981  Interrupt_disableSleepOnIsrExit            
00000711  Interrupt_enableInterrupt                  
000005c3  Interrupt_enableMaster                     
0000096f  Interrupt_enableSleepOnIsrExit             
000006eb  Interrupt_getPriority                      
00000663  Interrupt_getPriorityGrouping              
0000094f  Interrupt_getPriorityMask                  
00000969  Interrupt_getVectorTableAddress            
000007f5  Interrupt_isEnabled                        
00000881  Interrupt_pendInterrupt                    
000005e3  Interrupt_registerInterrupt                
0000069b  Interrupt_setPriority                      
00000649  Interrupt_setPriorityGrouping              
0000093f  Interrupt_setPriorityMask                  
00000959  Interrupt_setVectorTableAddress            
000008f1  Interrupt_unpendInterrupt                  
00000635  Interrupt_unregisterInterrupt              
00000d25  PORT3_PIN5_ISR                             
UNDEFED   SHT$$INIT_ARRAY$$Base                      
UNDEFED   SHT$$INIT_ARRAY$$Limit                     
00000d43  Setup                                      
2000012c  SystemCoreClock                            
000009b1  SystemCoreClockUpdate                      
00000c25  SystemInit                                 
00000cef  TA0_0_ISR                                  
4000480c  WDTCTL_SYM                                 
20010000  __STACK_END                                
00000200  __STACK_SIZE                               
0000123c  __TI_CINIT_Base                            
0000124c  __TI_CINIT_Limit                           
00001234  __TI_Handler_Table_Base                    
0000123c  __TI_Handler_Table_Limit                   
00000ec1  __TI_auto_init                             
20000114  __TI_cleanup_ptr                           
0000110f  __TI_decompress_none                       
0000111d  __TI_decompress_rle24                      
20000118  __TI_dtors_ptr                             
2000011c  __TI_enable_exit_profile_output            
ffffffff  __TI_pprof_out_hndl                        
ffffffff  __TI_prof_data_size                        
ffffffff  __TI_prof_data_start                       
00000000  __TI_static_base__                         
00000e45  __aeabi_memclr                             
00000e45  __aeabi_memclr4                            
00000e45  __aeabi_memclr8                            
00000da9  __aeabi_memcpy                             
00000da9  __aeabi_memcpy4                            
00000da9  __aeabi_memcpy8                            
00000e47  __aeabi_memset                             
00000e47  __aeabi_memset4                            
00000e47  __aeabi_memset8                            
ffffffff  __binit__                                  
ffffffff  __c_args__                                 
00000ebf  __mpu_init                                 
2000fe00  __stack                                    
000010d1  _args_main                                 
00000f9d  _c_int00                                   
20000120  _lock                                      
000010f7  _nop                                       
000010ef  _register_lock                             
000010e9  _register_unlock                           
00000f9b  _system_post_cinit                         
00001123  _system_pre_init                           
20000124  _unlock                                    
00000ff5  abort                                      
ffffffff  binit                                      
00001045  copy_in                                    
00000ffd  exit                                       
20000130  g_TimerCount                               
20000000  g_pfnRAMVectors                            
00000000  interruptVectors                           
00000ce5  main                                       
20000128  main_func_sp                               
00000da9  memcpy                                     
00000e4d  memset                                     


GLOBAL SYMBOLS: SORTED BY Symbol Address 

address   name                                       
-------   ----                                       
00000000  __TI_static_base__                         
00000000  interruptVectors                           
00000141  GPIO_setAsOutputPin                        
0000017b  GPIO_setAsInputPin                         
000001c1  GPIO_setAsPeripheralModuleFunctionOutputPin
00000200  __STACK_SIZE                               
00000245  GPIO_setAsPeripheralModuleFunctionInputPin 
000002c9  GPIO_setOutputHighOnPin                    
000002eb  GPIO_setOutputLowOnPin                     
0000030d  GPIO_toggleOutputOnPin                     
0000032f  GPIO_setAsInputPinWithPullDownResistor     
00000381  GPIO_setAsInputPinWithPullUpResistor       
000003d3  GPIO_getInputPinValue                      
00000401  GPIO_enableInterrupt                       
00000423  GPIO_disableInterrupt                      
00000445  GPIO_getInterruptStatus                    
00000463  GPIO_clearInterruptFlag                    
00000485  GPIO_interruptEdgeSelect                   
000004bb  GPIO_getEnabledInterruptStatus             
00000537  GPIO_setDriveStrengthHigh                  
00000559  GPIO_setDriveStrengthLow                   
0000057b  GPIO_registerInterrupt                     
0000059b  GPIO_unregisterInterrupt                   
000005c3  Interrupt_enableMaster                     
000005d3  Interrupt_disableMaster                    
000005e3  Interrupt_registerInterrupt                
00000635  Interrupt_unregisterInterrupt              
00000649  Interrupt_setPriorityGrouping              
00000663  Interrupt_getPriorityGrouping              
0000069b  Interrupt_setPriority                      
000006eb  Interrupt_getPriority                      
00000711  Interrupt_enableInterrupt                  
00000783  Interrupt_disableInterrupt                 
000007f5  Interrupt_isEnabled                        
00000881  Interrupt_pendInterrupt                    
000008f1  Interrupt_unpendInterrupt                  
0000093f  Interrupt_setPriorityMask                  
0000094f  Interrupt_getPriorityMask                  
00000959  Interrupt_setVectorTableAddress            
00000969  Interrupt_getVectorTableAddress            
0000096f  Interrupt_enableSleepOnIsrExit             
00000981  Interrupt_disableSleepOnIsrExit            
000009b1  SystemCoreClockUpdate                      
00000c25  SystemInit                                 
00000ce5  main                                       
00000cef  TA0_0_ISR                                  
00000d25  PORT3_PIN5_ISR                             
00000d43  Setup                                      
00000da9  __aeabi_memcpy                             
00000da9  __aeabi_memcpy4                            
00000da9  __aeabi_memcpy8                            
00000da9  memcpy                                     
00000e45  __aeabi_memclr                             
00000e45  __aeabi_memclr4                            
00000e45  __aeabi_memclr8                            
00000e47  __aeabi_memset                             
00000e47  __aeabi_memset4                            
00000e47  __aeabi_memset8                            
00000e4d  memset                                     
00000ebf  __mpu_init                                 
00000ec1  __TI_auto_init                             
00000f9b  _system_post_cinit                         
00000f9d  _c_int00                                   
00000ff1  C$$EXIT                                    
00000ff5  abort                                      
00000ffd  exit                                       
00001045  copy_in                                    
00001091  CPU_cpsid                                  
0000109d  CPU_primask                                
000010a7  CPU_cpsie                                  
000010b3  CPU_wfi                                    
000010b7  CPU_basepriSet                             
000010c5  CPU_basepriGet                             
000010d1  _args_main                                 
000010e9  _register_unlock                           
000010ef  _register_lock                             
000010f7  _nop                                       
0000110f  __TI_decompress_none                       
0000111d  __TI_decompress_rle24                      
00001123  _system_pre_init                           
00001234  __TI_Handler_Table_Base                    
0000123c  __TI_CINIT_Base                            
0000123c  __TI_Handler_Table_Limit                   
0000124c  __TI_CINIT_Limit                           
20000000  g_pfnRAMVectors                            
20000114  __TI_cleanup_ptr                           
20000118  __TI_dtors_ptr                             
2000011c  __TI_enable_exit_profile_output            
20000120  _lock                                      
20000124  _unlock                                    
20000128  main_func_sp                               
2000012c  SystemCoreClock                            
20000130  g_TimerCount                               
2000fe00  __stack                                    
20010000  __STACK_END                                
4000480c  WDTCTL_SYM                                 
ffffffff  __TI_pprof_out_hndl                        
ffffffff  __TI_prof_data_size                        
ffffffff  __TI_prof_data_start                       
ffffffff  __binit__                                  
ffffffff  __c_args__                                 
ffffffff  binit                                      
UNDEFED   SHT$$INIT_ARRAY$$Base                      
UNDEFED   SHT$$INIT_ARRAY$$Limit                     

[104 symbols]
