******************************************************************************
                  TI ARM Linker Unix v15.12.1                  
******************************************************************************
>> Linked Fri Sep  9 22:53:17 2016

OUTPUT FILE NAME:   <Blink.out>
ENTRY POINT SYMBOL: "_c_int00"  address: 00001b85


MEMORY CONFIGURATION

         name            origin    length      used     unused   attr    fill
----------------------  --------  ---------  --------  --------  ----  --------
  MAIN                  00000000   00040000  00001e52  0003e1ae  R  X
  INFO                  00200000   00004000  00000000  00004000  R  X
  SRAM_CODE             01000000   00010000  00000338  0000fcc8  RW X
  SRAM_DATA             20000000   00010000  00000338  0000fcc8  RW  


SEGMENT ALLOCATION MAP

run origin  load origin   length   init length attrs members
----------  ----------- ---------- ----------- ----- -------
00000000    00000000    00001e54   00001e54    r-x
  00000000    00000000    00000140   00000140    r-- .intvecs
  00000140    00000140    00001bce   00001bce    r-x .text
  00001d10    00001d10    000000c0   000000c0    r-- .const
  00001dd0    00001dd0    00000084   00000084    r-- .cinit
20000000    20000000    00000138   00000000    rw-
  20000000    20000000    000000e4   00000000    rw- .vtable
  200000e4    200000e4    0000004c   00000000    rw- .data
  20000130    20000130    00000008   00000000    rw- .bss
2000fe00    2000fe00    00000200   00000000    rw-
  2000fe00    2000fe00    00000200   00000000    rw- .stack


SECTION ALLOCATION MAP

 output                                  attributes/
section   page    origin      length       input sections
--------  ----  ----------  ----------   ----------------
.intvecs   0    00000000    00000140     
                  00000000    00000140     startup_msp432p401r_ccs.obj (.intvecs:retain)

.text      0    00000140    00001bce     
                  00000140    000007a8     i2c.obj (.text)
                  000008e8    00000480     gpio.obj (.text)
                  00000d68    000003f0     interrupt.obj (.text)
                  00001158    00000328     system_msp432p401r.obj (.text)
                  00001480    000002bc     blink.obj (.text)
                  0000173c    0000013c     HAL_OPT3001.obj (.text)
                  00001878    00000118     HAL_I2C.obj (.text)
                  00001990    0000009c     rtsv7M4_T_le_v4SPD16_eabi.lib : memcpy_t2.obj (.text)
                  00001a2c    0000007a                                   : memset_t2.obj (.text)
                  00001aa6    00000002                                   : mpu_init.obj (.text)
                  00001aa8    00000070                                   : autoinit.obj (.text)
                  00001b18    0000006a                                   : copy_decompress_rle.obj (.text)
                  00001b82    00000002                                   : startup.obj (.text)
                  00001b84    00000054                                   : boot.obj (.text)
                  00001bd8    00000054                                   : exit.obj (.text)
                  00001c2c    0000004c                                   : cpy_tbl.obj (.text)
                  00001c78    0000003e     cpu.obj (.text)
                  00001cb6    00000002     --HOLE-- [fill = 0]
                  00001cb8    00000018     rtsv7M4_T_le_v4SPD16_eabi.lib : args_main.obj (.text)
                  00001cd0    00000014                                   : _lock.obj (.text)
                  00001ce4    00000012     startup_msp432p401r_ccs.obj (.text)
                  00001cf6    0000000e     rtsv7M4_T_le_v4SPD16_eabi.lib : copy_decompress_none.obj (.text:decompress:none)
                  00001d04    00000006                                   : copy_decompress_rle.obj (.text:decompress:rle24)
                  00001d0a    00000004                                   : pre_init.obj (.text)

.const     0    00001d10    000000c0     
                  00001d10    00000050     interrupt.obj (.const:g_pulRegs)
                  00001d60    00000020     interrupt.obj (.const:g_pulPriority)
                  00001d80    0000001c     gpio.obj (.const:GPIO_PORT_TO_INT)
                  00001d9c    00000014     HAL_I2C.obj (.const:i2cConfig)
                  00001db0    00000008     interrupt.obj (.const:g_pulDisRegs)
                  00001db8    00000008     interrupt.obj (.const:g_pulEnRegs)
                  00001dc0    00000008     interrupt.obj (.const:g_pulPendRegs)
                  00001dc8    00000008     interrupt.obj (.const:g_pulUnpendRegs)

.cinit     0    00001dd0    00000084     
                  00001dd0    00000048     (.cinit..data.load) [load image, compression = rle]
                  00001e18    00000009     (.cinit..bss.load) [load image, compression = rle]
                  00001e21    00000007     --HOLE-- [fill = 0]
                  00001e28    00000009     (.cinit..vtable.load) [load image, compression = rle]
                  00001e31    00000003     --HOLE-- [fill = 0]
                  00001e34    00000008     (__TI_handler_table)
                  00001e3c    00000018     (__TI_cinit_table)

.init_array 
*          0    00000000    00000000     UNINITIALIZED

.binit     0    00000000    00000000     

.vtable    0    20000000    000000e4     UNINITIALIZED
                  20000000    000000e4     interrupt.obj (.vtable)

.data      0    200000e4    0000004c     UNINITIALIZED
                  200000e4    00000030     gpio.obj (.data:GPIO_PORT_TO_BASE)
                  20000114    0000000c     rtsv7M4_T_le_v4SPD16_eabi.lib : exit.obj (.data:$O1$$)
                  20000120    00000008                                   : _lock.obj (.data:$O1$$)
                  20000128    00000004                                   : stkdepth_vars.obj (.data)
                  2000012c    00000004     system_msp432p401r.obj (.data)

.bss       0    20000130    00000008     UNINITIALIZED
                  20000130    00000004     (.common:g_iSecCount)
                  20000134    00000001     (.common:g_bBlink3Done)
                  20000135    00000001     (.common:g_bCallBlink3)
                  20000136    00000001     (.common:g_bCallSubrutines)
                  20000137    00000001     (.common:g_checkLightSensorBool)

.stack     0    2000fe00    00000200     UNINITIALIZED
                  2000fe00    00000200     --HOLE--

MODULE SUMMARY

       Module                        code   ro data   rw data
       ------                        ----   -------   -------
    ./
       system_msp432p401r.obj        808    0         8      
       blink.obj                     700    0         16     
       startup_msp432p401r_ccs.obj   18     320       0      
    +--+-----------------------------+------+---------+---------+
       Total:                        1526   320       24     
                                                             
    ./driverlib/MSP432P4xx/
       i2c.obj                       1960   0         0      
       interrupt.obj                 1008   144       456    
       gpio.obj                      1152   28        96     
       cpu.obj                       62     0         0      
    +--+-----------------------------+------+---------+---------+
       Total:                        4182   172       552    
                                                             
    ./extra_libs/
       HAL_OPT3001.obj               316    0         0      
       HAL_I2C.obj                   280    20        0      
    +--+-----------------------------+------+---------+---------+
       Total:                        596    20        0      
                                                             
    /home/aglt93/ti/ccsv6/tools/compiler/ti-cgt-arm_15.12.1.LTS/lib/rtsv7M4_T_le_v4SPD16_eabi.lib
       memcpy_t2.obj                 156    0         0      
       memset_t2.obj                 122    0         0      
       autoinit.obj                  112    0         0      
       copy_decompress_rle.obj       112    0         0      
       exit.obj                      84     0         24     
       boot.obj                      84     0         0      
       cpy_tbl.obj                   76     0         0      
       _lock.obj                     20     0         16     
       args_main.obj                 24     0         0      
       copy_decompress_none.obj      14     0         0      
       stkdepth_vars.obj             0      0         8      
       pre_init.obj                  4      0         0      
       mpu_init.obj                  2      0         0      
       startup.obj                   2      0         0      
    +--+-----------------------------+------+---------+---------+
       Total:                        812    0         48     
                                                             
       Stack:                        0      0         1024   
       Linker Generated:             0      122       0      
    +--+-----------------------------+------+---------+---------+
       Grand Total:                  7116   634       1648   


LINKER GENERATED COPY TABLES

__TI_cinit_table @ 00001e3c records: 3, size/record: 8, table size: 24
	.data: load addr=00001dd0, load size=00000048 bytes, run addr=200000e4, run size=0000004c bytes, compression=rle
	.bss: load addr=00001e18, load size=00000009 bytes, run addr=20000130, run size=00000008 bytes, compression=rle
	.vtable: load addr=00001e28, load size=00000009 bytes, run addr=20000000, run size=000000e4 bytes, compression=rle


LINKER GENERATED HANDLER TABLE

__TI_handler_table @ 00001e34 records: 2, size/record: 4, table size: 8
	index: 0, handler: __TI_decompress_rle24
	index: 1, handler: __TI_decompress_none


GLOBAL SYMBOLS: SORTED ALPHABETICALLY BY Name 

address   name                                       
-------   ----                                       
000015d3  BUTTON_ISR                                 
000014cd  Blink3                                     
00001bd9  C$$EXIT                                    
00001cad  CPU_basepriGet                             
00001c9f  CPU_basepriSet                             
00001c79  CPU_cpsid                                  
00001c8f  CPU_cpsie                                  
00001c85  CPU_primask                                
00001c9b  CPU_wfi                                    
00001551  CallSubrutines                             
00000c0b  GPIO_clearInterruptFlag                    
00000bcb  GPIO_disableInterrupt                      
00000ba9  GPIO_enableInterrupt                       
00000c63  GPIO_getEnabledInterruptStatus             
00000b7b  GPIO_getInputPinValue                      
00000bed  GPIO_getInterruptStatus                    
00000c2d  GPIO_interruptEdgeSelect                   
00000d23  GPIO_registerInterrupt                     
00000923  GPIO_setAsInputPin                         
00000ad7  GPIO_setAsInputPinWithPullDownResistor     
00000b29  GPIO_setAsInputPinWithPullUpResistor       
000008e9  GPIO_setAsOutputPin                        
000009ed  GPIO_setAsPeripheralModuleFunctionInputPin 
00000969  GPIO_setAsPeripheralModuleFunctionOutputPin
00000cdf  GPIO_setDriveStrengthHigh                  
00000d01  GPIO_setDriveStrengthLow                   
00000a71  GPIO_setOutputHighOnPin                    
00000a93  GPIO_setOutputLowOnPin                     
00000ab5  GPIO_toggleOutputOnPin                     
00000d43  GPIO_unregisterInterrupt                   
000007a1  I2C_clearInterruptFlag                     
0000078b  I2C_disableInterrupt                       
000001f3  I2C_disableModule                          
00000755  I2C_disableMultiMasterMode                 
00000775  I2C_enableInterrupt                        
000001dd  I2C_enableModule                           
00000735  I2C_enableMultiMasterMode                  
000007cf  I2C_getEnabledInterruptStatus              
000007b7  I2C_getInterruptStatus                     
000007df  I2C_getMode                                
000006db  I2C_getReceiveBufferAddressForDMA          
000006e9  I2C_getTransmitBufferAddressForDMA         
00001891  I2C_init                                   
00000141  I2C_initMaster                             
000001a3  I2C_initSlave                              
00000297  I2C_isBusBusy                              
00000709  I2C_masterIsStartSent                      
000006f7  I2C_masterIsStopSent                       
00000601  I2C_masterReceiveMultiByteFinish           
0000063f  I2C_masterReceiveMultiByteFinishWithTimeout
000005e9  I2C_masterReceiveMultiByteNext             
0000069d  I2C_masterReceiveMultiByteStop             
000006b1  I2C_masterReceiveSingle                    
00000239  I2C_masterReceiveSingleByte                
000005cf  I2C_masterReceiveStart                     
000004af  I2C_masterSendMultiByteFinish              
000004fd  I2C_masterSendMultiByteFinishWithTimeout   
00000445  I2C_masterSendMultiByteNext                
00000471  I2C_masterSendMultiByteNextWithTimeout     
0000039b  I2C_masterSendMultiByteStart               
000003e9  I2C_masterSendMultiByteStartWithTimeout    
00000569  I2C_masterSendMultiByteStop                
00000593  I2C_masterSendMultiByteStopWithTimeout     
000002a9  I2C_masterSendSingleByte                   
0000030f  I2C_masterSendSingleByteWithTimeout        
00000721  I2C_masterSendStart                        
000018a9  I2C_read16                                 
000007f5  I2C_registerInterrupt                      
0000021d  I2C_setMode                                
00000209  I2C_setSlaveAddress                        
00001973  I2C_setslave                               
00000283  I2C_slaveGetData                           
0000026d  I2C_slavePutData                           
000008b7  I2C_slaveSendNAK                           
0000085b  I2C_unregisterInterrupt                    
0000192f  I2C_write16                                
00001879  Init_I2C_GPIO                              
00000f2b  Interrupt_disableInterrupt                 
00000d7b  Interrupt_disableMaster                    
00001129  Interrupt_disableSleepOnIsrExit            
00000eb9  Interrupt_enableInterrupt                  
00000d6b  Interrupt_enableMaster                     
00001117  Interrupt_enableSleepOnIsrExit             
00000e93  Interrupt_getPriority                      
00000e0b  Interrupt_getPriorityGrouping              
000010f7  Interrupt_getPriorityMask                  
00001111  Interrupt_getVectorTableAddress            
00000f9d  Interrupt_isEnabled                        
00001029  Interrupt_pendInterrupt                    
00000d8b  Interrupt_registerInterrupt                
00000e43  Interrupt_setPriority                      
00000df1  Interrupt_setPriorityGrouping              
000010e7  Interrupt_setPriorityMask                  
00001101  Interrupt_setVectorTableAddress            
00001099  Interrupt_unpendInterrupt                  
00000ddd  Interrupt_unregisterInterrupt              
000017a1  OPT3001_getLux                             
0000173d  OPT3001_init                               
00001771  OPT3001_readConfigReg                      
00001761  OPT3001_readDeviceId                       
00001791  OPT3001_readHighLimitReg                   
00001781  OPT3001_readLowLimitReg                    
00001751  OPT3001_readManufacturerId                 
UNDEFED   SHT$$INIT_ARRAY$$Base                      
UNDEFED   SHT$$INIT_ARRAY$$Limit                     
00001541  SenseLight                                 
00001593  SetLamp                                    
00001643  Setup                                      
2000012c  SystemCoreClock                            
00001159  SystemCoreClockUpdate                      
000013cd  SystemInit                                 
000015f5  T32_ISR                                    
4000480c  WDTCTL_SYM                                 
20010000  __STACK_END                                
00000200  __STACK_SIZE                               
00001e3c  __TI_CINIT_Base                            
00001e54  __TI_CINIT_Limit                           
00001e34  __TI_Handler_Table_Base                    
00001e3c  __TI_Handler_Table_Limit                   
00001aa9  __TI_auto_init                             
20000114  __TI_cleanup_ptr                           
00001cf7  __TI_decompress_none                       
00001d05  __TI_decompress_rle24                      
20000118  __TI_dtors_ptr                             
2000011c  __TI_enable_exit_profile_output            
ffffffff  __TI_pprof_out_hndl                        
ffffffff  __TI_prof_data_size                        
ffffffff  __TI_prof_data_start                       
00000000  __TI_static_base__                         
00001a2d  __aeabi_memclr                             
00001a2d  __aeabi_memclr4                            
00001a2d  __aeabi_memclr8                            
00001991  __aeabi_memcpy                             
00001991  __aeabi_memcpy4                            
00001991  __aeabi_memcpy8                            
00001a2f  __aeabi_memset                             
00001a2f  __aeabi_memset4                            
00001a2f  __aeabi_memset8                            
ffffffff  __binit__                                  
ffffffff  __c_args__                                 
00001aa7  __mpu_init                                 
2000fe00  __stack                                    
00001cb9  _args_main                                 
00001b85  _c_int00                                   
20000120  _lock                                      
00001cdf  _nop                                       
00001cd7  _register_lock                             
00001cd1  _register_unlock                           
00001b83  _system_post_cinit                         
00001d0b  _system_pre_init                           
20000124  _unlock                                    
00001bdd  abort                                      
ffffffff  binit                                      
00001c2d  copy_in                                    
00001be5  exit                                       
20000134  g_bBlink3Done                              
20000135  g_bCallBlink3                              
20000136  g_bCallSubrutines                          
20000137  g_checkLightSensorBool                     
20000130  g_iSecCount                                
20000000  g_pfnRAMVectors                            
00001d9c  i2cConfig                                  
00000000  interruptVectors                           
0000148d  main                                       
20000128  main_func_sp                               
00001991  memcpy                                     
00001a35  memset                                     


GLOBAL SYMBOLS: SORTED BY Symbol Address 

address   name                                       
-------   ----                                       
00000000  __TI_static_base__                         
00000000  interruptVectors                           
00000141  I2C_initMaster                             
000001a3  I2C_initSlave                              
000001dd  I2C_enableModule                           
000001f3  I2C_disableModule                          
00000200  __STACK_SIZE                               
00000209  I2C_setSlaveAddress                        
0000021d  I2C_setMode                                
00000239  I2C_masterReceiveSingleByte                
0000026d  I2C_slavePutData                           
00000283  I2C_slaveGetData                           
00000297  I2C_isBusBusy                              
000002a9  I2C_masterSendSingleByte                   
0000030f  I2C_masterSendSingleByteWithTimeout        
0000039b  I2C_masterSendMultiByteStart               
000003e9  I2C_masterSendMultiByteStartWithTimeout    
00000445  I2C_masterSendMultiByteNext                
00000471  I2C_masterSendMultiByteNextWithTimeout     
000004af  I2C_masterSendMultiByteFinish              
000004fd  I2C_masterSendMultiByteFinishWithTimeout   
00000569  I2C_masterSendMultiByteStop                
00000593  I2C_masterSendMultiByteStopWithTimeout     
000005cf  I2C_masterReceiveStart                     
000005e9  I2C_masterReceiveMultiByteNext             
00000601  I2C_masterReceiveMultiByteFinish           
0000063f  I2C_masterReceiveMultiByteFinishWithTimeout
0000069d  I2C_masterReceiveMultiByteStop             
000006b1  I2C_masterReceiveSingle                    
000006db  I2C_getReceiveBufferAddressForDMA          
000006e9  I2C_getTransmitBufferAddressForDMA         
000006f7  I2C_masterIsStopSent                       
00000709  I2C_masterIsStartSent                      
00000721  I2C_masterSendStart                        
00000735  I2C_enableMultiMasterMode                  
00000755  I2C_disableMultiMasterMode                 
00000775  I2C_enableInterrupt                        
0000078b  I2C_disableInterrupt                       
000007a1  I2C_clearInterruptFlag                     
000007b7  I2C_getInterruptStatus                     
000007cf  I2C_getEnabledInterruptStatus              
000007df  I2C_getMode                                
000007f5  I2C_registerInterrupt                      
0000085b  I2C_unregisterInterrupt                    
000008b7  I2C_slaveSendNAK                           
000008e9  GPIO_setAsOutputPin                        
00000923  GPIO_setAsInputPin                         
00000969  GPIO_setAsPeripheralModuleFunctionOutputPin
000009ed  GPIO_setAsPeripheralModuleFunctionInputPin 
00000a71  GPIO_setOutputHighOnPin                    
00000a93  GPIO_setOutputLowOnPin                     
00000ab5  GPIO_toggleOutputOnPin                     
00000ad7  GPIO_setAsInputPinWithPullDownResistor     
00000b29  GPIO_setAsInputPinWithPullUpResistor       
00000b7b  GPIO_getInputPinValue                      
00000ba9  GPIO_enableInterrupt                       
00000bcb  GPIO_disableInterrupt                      
00000bed  GPIO_getInterruptStatus                    
00000c0b  GPIO_clearInterruptFlag                    
00000c2d  GPIO_interruptEdgeSelect                   
00000c63  GPIO_getEnabledInterruptStatus             
00000cdf  GPIO_setDriveStrengthHigh                  
00000d01  GPIO_setDriveStrengthLow                   
00000d23  GPIO_registerInterrupt                     
00000d43  GPIO_unregisterInterrupt                   
00000d6b  Interrupt_enableMaster                     
00000d7b  Interrupt_disableMaster                    
00000d8b  Interrupt_registerInterrupt                
00000ddd  Interrupt_unregisterInterrupt              
00000df1  Interrupt_setPriorityGrouping              
00000e0b  Interrupt_getPriorityGrouping              
00000e43  Interrupt_setPriority                      
00000e93  Interrupt_getPriority                      
00000eb9  Interrupt_enableInterrupt                  
00000f2b  Interrupt_disableInterrupt                 
00000f9d  Interrupt_isEnabled                        
00001029  Interrupt_pendInterrupt                    
00001099  Interrupt_unpendInterrupt                  
000010e7  Interrupt_setPriorityMask                  
000010f7  Interrupt_getPriorityMask                  
00001101  Interrupt_setVectorTableAddress            
00001111  Interrupt_getVectorTableAddress            
00001117  Interrupt_enableSleepOnIsrExit             
00001129  Interrupt_disableSleepOnIsrExit            
00001159  SystemCoreClockUpdate                      
000013cd  SystemInit                                 
0000148d  main                                       
000014cd  Blink3                                     
00001541  SenseLight                                 
00001551  CallSubrutines                             
00001593  SetLamp                                    
000015d3  BUTTON_ISR                                 
000015f5  T32_ISR                                    
00001643  Setup                                      
0000173d  OPT3001_init                               
00001751  OPT3001_readManufacturerId                 
00001761  OPT3001_readDeviceId                       
00001771  OPT3001_readConfigReg                      
00001781  OPT3001_readLowLimitReg                    
00001791  OPT3001_readHighLimitReg                   
000017a1  OPT3001_getLux                             
00001879  Init_I2C_GPIO                              
00001891  I2C_init                                   
000018a9  I2C_read16                                 
0000192f  I2C_write16                                
00001973  I2C_setslave                               
00001991  __aeabi_memcpy                             
00001991  __aeabi_memcpy4                            
00001991  __aeabi_memcpy8                            
00001991  memcpy                                     
00001a2d  __aeabi_memclr                             
00001a2d  __aeabi_memclr4                            
00001a2d  __aeabi_memclr8                            
00001a2f  __aeabi_memset                             
00001a2f  __aeabi_memset4                            
00001a2f  __aeabi_memset8                            
00001a35  memset                                     
00001aa7  __mpu_init                                 
00001aa9  __TI_auto_init                             
00001b83  _system_post_cinit                         
00001b85  _c_int00                                   
00001bd9  C$$EXIT                                    
00001bdd  abort                                      
00001be5  exit                                       
00001c2d  copy_in                                    
00001c79  CPU_cpsid                                  
00001c85  CPU_primask                                
00001c8f  CPU_cpsie                                  
00001c9b  CPU_wfi                                    
00001c9f  CPU_basepriSet                             
00001cad  CPU_basepriGet                             
00001cb9  _args_main                                 
00001cd1  _register_unlock                           
00001cd7  _register_lock                             
00001cdf  _nop                                       
00001cf7  __TI_decompress_none                       
00001d05  __TI_decompress_rle24                      
00001d0b  _system_pre_init                           
00001d9c  i2cConfig                                  
00001e34  __TI_Handler_Table_Base                    
00001e3c  __TI_CINIT_Base                            
00001e3c  __TI_Handler_Table_Limit                   
00001e54  __TI_CINIT_Limit                           
20000000  g_pfnRAMVectors                            
20000114  __TI_cleanup_ptr                           
20000118  __TI_dtors_ptr                             
2000011c  __TI_enable_exit_profile_output            
20000120  _lock                                      
20000124  _unlock                                    
20000128  main_func_sp                               
2000012c  SystemCoreClock                            
20000130  g_iSecCount                                
20000134  g_bBlink3Done                              
20000135  g_bCallBlink3                              
20000136  g_bCallSubrutines                          
20000137  g_checkLightSensorBool                     
2000fe00  __stack                                    
20010000  __STACK_END                                
4000480c  WDTCTL_SYM                                 
ffffffff  __TI_pprof_out_hndl                        
ffffffff  __TI_prof_data_size                        
ffffffff  __TI_prof_data_start                       
ffffffff  __binit__                                  
ffffffff  __c_args__                                 
ffffffff  binit                                      
UNDEFED   SHT$$INIT_ARRAY$$Base                      
UNDEFED   SHT$$INIT_ARRAY$$Limit                     

[167 symbols]
