******************************************************************************
                  TI ARM Linker Unix v15.12.3                  
******************************************************************************
>> Linked Wed Dec  7 23:35:18 2016

OUTPUT FILE NAME:   <finalProject.out>
ENTRY POINT SYMBOL: "_c_int00"  address: 00004875


MEMORY CONFIGURATION

         name            origin    length      used     unused   attr    fill
----------------------  --------  ---------  --------  --------  ----  --------
  MAIN                  00000000   00040000  0000535e  0003aca2  R  X
  INFO                  00200000   00004000  00000000  00004000  R  X
  SRAM_CODE             01000000   00010000  0000277e  0000d882  RW X
  SRAM_DATA             20000000   00010000  0000277e  0000d882  RW  


SEGMENT ALLOCATION MAP

run origin  load origin   length   init length attrs members
----------  ----------- ---------- ----------- ----- -------
00000000    00000000    00005364   00005364    r-x
  00000000    00000000    000000e4   000000e4    r-- .intvecs
  000000e4    000000e4    00004986   00004986    r-x .text
  00004a6c    00004a6c    00000854   00000854    r-- .const
  000052c0    000052c0    00000004   00000004    r-- .init_array
  000052c8    000052c8    0000009c   0000009c    r-- .cinit
20000000    20000000    00002584   00000000    rw-
  20000000    20000000    000000e4   00000000    rw- .vtable
  200000e8    200000e8    00002026   00000000    rw- .bss
  20002110    20002110    00000400   00000000    rw- .sysmem
  20002510    20002510    00000074   00000000    rw- .data
2000fe00    2000fe00    00000200   00000000    rw-
  2000fe00    2000fe00    00000200   00000000    rw- .stack


SECTION ALLOCATION MAP

 output                                  attributes/
section   page    origin      length       input sections
--------  ----  ----------  ----------   ----------------
.intvecs   0    00000000    000000e4     
                  00000000    000000e4     startup_msp432p401r_ccs.obj (.intvecs:retain)

.binit     0    00000000    00000000     

.text      0    000000e4    00004986     
                  000000e4    000008e0     adc14.obj (.text)
                  000009c4    000008a4     spi.obj (.text)
                  00001268    00000678     Crystalfontz128x128_ST7735.obj (.text)
                  000018e0    00000634     Scheduler.obj (.text)
                  00001f14    00000498     main.obj (.text)
                  000023ac    00000490     line.obj (.text)
                  0000283c    00000480     gpio.obj (.text)
                  00002cbc    000003f0     interrupt.obj (.text)
                  000030ac    000003dc     rtsv7M4_T_le_v4SPD16_eabi.lib : memory.obj (.text)
                  00003488    00000370     system_msp432p401r.obj (.text)
                  000037f8    0000033e     rectangle.obj (.text)
                  00003b36    00000266     context.obj (.text)
                  00003d9c    000001ac     Screen.obj (.text)
                  00003f48    000001a4     Racket.obj (.text)
                  000040ec    00000180     Ball.obj (.text)
                  0000426c    00000134     display.obj (.text)
                  000043a0    000000c0     GamePiece.obj (.text)
                  00004460    000000bc     HAL_MSP_EXP432P401R_Crystalfontz128x128_ST7735.obj (.text)
                  0000451c    000000bc     rtsv7M4_T_le_v4SPD16_eabi.lib : typeinfo_.obj (.text)
                  000045d8    000000a8     Task.obj (.text)
                  00004680    0000009c     rtsv7M4_T_le_v4SPD16_eabi.lib : memcpy_t2.obj (.text)
                  0000471c    0000007a                                   : memset_t2.obj (.text)
                  00004796    00000002                                   : mpu_init.obj (.text)
                  00004798    00000070                                   : autoinit.obj (.text)
                  00004808    0000006a                                   : copy_decompress_rle.obj (.text)
                  00004872    00000002                                   : newhandler.obj (.text)
                  00004874    00000054                                   : boot.obj (.text)
                  000048c8    00000054                                   : exit.obj (.text)
                  0000491c    0000004c                                   : cpy_tbl.obj (.text)
                  00004968    0000003e     cpu.obj (.text)
                  000049a6    00000002     rtsv7M4_T_le_v4SPD16_eabi.lib : startup.obj (.text)
                  000049a8    00000030                                   : new_.obj (.text)
                  000049d8    0000002c     Ball.obj (.text:_ZN4Task11SendMessageEv)
                  00004a04    00000018     rtsv7M4_T_le_v4SPD16_eabi.lib : args_main.obj (.text)
                  00004a1c    00000014                                   : _lock.obj (.text)
                  00004a30    0000000e                                   : copy_decompress_none.obj (.text:decompress:none)
                  00004a3e    0000000e     startup_msp432p401r_ccs.obj (.text)
                  00004a4c    0000000c     GamePiece.obj (.text:_ZN4Task14ProcessMessageE3MSG)
                  00004a58    00000008     rtsv7M4_T_le_v4SPD16_eabi.lib : delete.obj (.text)
                  00004a60    00000006                                   : copy_decompress_rle.obj (.text:decompress:rle24)
                  00004a66    00000004                                   : pre_init.obj (.text)

.const     0    00004a6c    00000854     
                  00004a6c    000002f8     fontfixed6x8.obj (.const:.string:g_pucFontFixed6x8Data)
                  00004d64    000000c8     fontfixed6x8.obj (.const:g_sFontFixed6x8)
                  00004e2c    00000080     adc14.obj (.const:_ctlRegs)
                  00004eac    00000050     interrupt.obj (.const:g_pulRegs)
                  00004efc    0000002c     Crystalfontz128x128_ST7735.obj (.const:g_sCrystalfontz128x128)
                  00004f28    00000028     rtsv7M4_T_le_v4SPD16_eabi.lib : typeinfo_.obj (.const:.typeinfo:_ZTSN10__cxxabiv123__fundamental_type_infoE)
                  00004f50    00000025                                   : typeinfo_.obj (.const:.typeinfo:_ZTSN10__cxxabiv120__si_class_type_infoE)
                  00004f75    00000024                                   : typeinfo_.obj (.const:.typeinfo:_ZTSN10__cxxabiv119__pointer_type_infoE)
                  00004f99    00000022                                   : typeinfo_.obj (.const:.typeinfo:_ZTSN10__cxxabiv117__class_type_infoE)
                  00004fbb    00000022                                   : typeinfo_.obj (.const:.typeinfo:_ZTSN10__cxxabiv117__pbase_type_infoE)
                  00004fdd    00000002                                   : typeinfo_.obj (.const:.typeinfo:_ZTSe)
                  00004fdf    00000001     --HOLE-- [fill = 0]
                  00004fe0    00000020     interrupt.obj (.const:g_pulPriority)
                  00005000    0000001c     HAL_MSP_EXP432P401R_Crystalfontz128x128_ST7735.obj (.const:$P$T0$1)
                  0000501c    0000001c     gpio.obj (.const:GPIO_PORT_TO_INT)
                  00005038    00000018     Screen.obj (.const:_ZTV6Screen)
                  00005050    00000014     Ball.obj (.const:$P$T40$1)
                  00005064    00000014     Scheduler.obj (.const:$P$T40$1)
                  00005078    00000014     Scheduler.obj (.const:$P$T41$2)
                  0000508c    00000014     Task.obj (.const:$P$T41$2)
                  000050a0    00000014     Screen.obj (.const:$P$T43$2)
                  000050b4    00000014     main.obj (.const:$P$T44$5)
                  000050c8    00000014     main.obj (.const:$P$T45$6)
                  000050dc    00000014     main.obj (.const:$P$T46$7)
                  000050f0    00000014     Ball.obj (.const:$P$T51$2)
                  00005104    00000014     Racket.obj (.const:$P$T51$2)
                  00005118    00000014     Ball.obj (.const:_ZTV4Ball)
                  0000512c    00000014     Task.obj (.const:_ZTV4Task)
                  00005140    00000014     Racket.obj (.const:_ZTV6Racket)
                  00005154    00000014     GamePiece.obj (.const:_ZTV9GamePiece)
                  00005168    00000010     rtsv7M4_T_le_v4SPD16_eabi.lib : typeinfo_.obj (.const:.typeinfo:_ZTIPKe)
                  00005178    00000010                                   : typeinfo_.obj (.const:_ZTVN10__cxxabiv117__class_type_infoE)
                  00005188    00000010                                   : typeinfo_.obj (.const:_ZTVN10__cxxabiv119__pointer_type_infoE)
                  00005198    00000010                                   : typeinfo_.obj (.const:_ZTVN10__cxxabiv120__si_class_type_infoE)
                  000051a8    00000010                                   : typeinfo_.obj (.const:_ZTVN10__cxxabiv123__fundamental_type_infoE)
                  000051b8    0000000d                                   : typeinfo_.obj (.const:.typeinfo:_ZTSSt9type_info)
                  000051c5    00000003     --HOLE-- [fill = 0]
                  000051c8    0000000c     Ball.obj (.const:.typeinfo:_ZTI4Ball)
                  000051d4    0000000c     Racket.obj (.const:.typeinfo:_ZTI6Racket)
                  000051e0    0000000c     Screen.obj (.const:.typeinfo:_ZTI6Screen)
                  000051ec    0000000c     Ball.obj (.const:.typeinfo:_ZTI9GamePiece)
                  000051f8    0000000c     rtsv7M4_T_le_v4SPD16_eabi.lib : typeinfo_.obj (.const:.typeinfo:_ZTIN10__cxxabiv117__class_type_infoE)
                  00005204    0000000c                                   : typeinfo_.obj (.const:.typeinfo:_ZTIN10__cxxabiv117__pbase_type_infoE)
                  00005210    0000000c                                   : typeinfo_.obj (.const:.typeinfo:_ZTIN10__cxxabiv119__pointer_type_infoE)
                  0000521c    0000000c                                   : typeinfo_.obj (.const:.typeinfo:_ZTIN10__cxxabiv120__si_class_type_infoE)
                  00005228    0000000c                                   : typeinfo_.obj (.const:.typeinfo:_ZTIN10__cxxabiv123__fundamental_type_infoE)
                  00005234    0000000b     Ball.obj (.const:.typeinfo:_ZTS9GamePiece)
                  0000523f    00000001     --HOLE-- [fill = 0]
                  00005240    00000008     Crystalfontz128x128_ST7735.obj (.const:$P$T0$1)
                  00005248    00000008     main.obj (.const:$P$T40$1)
                  00005250    00000008     main.obj (.const:$P$T41$2)
                  00005258    00000008     main.obj (.const:$P$T42$3)
                  00005260    00000008     main.obj (.const:$P$T43$4)
                  00005268    00000008     Task.obj (.const:.typeinfo:_ZTI4Task)
                  00005270    00000008     rtsv7M4_T_le_v4SPD16_eabi.lib : typeinfo_.obj (.const:.typeinfo:_ZTISt9type_info)
                  00005278    00000008                                   : typeinfo_.obj (.const:.typeinfo:_ZTIe)
                  00005280    00000008     Racket.obj (.const:.typeinfo:_ZTS6Racket)
                  00005288    00000008     Screen.obj (.const:.typeinfo:_ZTS6Screen)
                  00005290    00000008     interrupt.obj (.const:g_pulDisRegs)
                  00005298    00000008     interrupt.obj (.const:g_pulEnRegs)
                  000052a0    00000008     interrupt.obj (.const:g_pulPendRegs)
                  000052a8    00000008     interrupt.obj (.const:g_pulUnpendRegs)
                  000052b0    00000006     Ball.obj (.const:.typeinfo:_ZTS4Ball)
                  000052b6    00000006     Task.obj (.const:.typeinfo:_ZTS4Task)
                  000052bc    00000004     rtsv7M4_T_le_v4SPD16_eabi.lib : typeinfo_.obj (.const:.typeinfo:_ZTSPKe)

.cinit     0    000052c8    0000009c     
                  000052c8    00000059     (.cinit..data.load) [load image, compression = rle]
                  00005321    00000007     --HOLE-- [fill = 0]
                  00005328    0000000b     (.cinit..bss.load) [load image, compression = rle]
                  00005333    00000005     --HOLE-- [fill = 0]
                  00005338    00000009     (.cinit..vtable.load) [load image, compression = rle]
                  00005341    00000003     --HOLE-- [fill = 0]
                  00005344    00000008     (__TI_handler_table)
                  0000534c    00000018     (__TI_cinit_table)

.init_array 
*          0    000052c0    00000004     
                  000052c0    00000004     main.obj (.init_array)

.vtable    0    20000000    000000e4     UNINITIALIZED
                  20000000    000000e4     interrupt.obj (.vtable)

.bss       0    200000e8    00002026     UNINITIALIZED
                  200000e8    00001ff0     main.obj (.bss:MainScheduler)
                  200020d8    0000001c     (.common:g_sContext)
                  200020f4    0000000c     main.obj (.bss)
                  20002100    00000004     (.common:_ZSt16__dummy_typeinfo)
                  20002104    00000002     (.common:Lcd_ScreenHeigth)
                  20002106    00000002     (.common:Lcd_ScreenWidth)
                  20002108    00000002     (.common:Lcd_TouchTrim)
                  2000210a    00000001     (.common:Lcd_FlagRead)
                  2000210b    00000001     (.common:Lcd_FontSolid)
                  2000210c    00000001     (.common:Lcd_Orientation)
                  2000210d    00000001     (.common:Lcd_PenSolid)

.sysmem    0    20002110    00000400     UNINITIALIZED
                  20002110    00000008     rtsv7M4_T_le_v4SPD16_eabi.lib : memory.obj (.sysmem)
                  20002118    000003f8     --HOLE--

.data      0    20002510    00000074     UNINITIALIZED
                  20002510    00000030     gpio.obj (.data:GPIO_PORT_TO_BASE)
                  20002540    00000014     main.obj (.data)
                  20002554    0000000c     rtsv7M4_T_le_v4SPD16_eabi.lib : exit.obj (.data:$O1$$)
                  20002560    0000000c                                   : memory.obj (.data:$O1$$)
                  2000256c    00000008                                   : _lock.obj (.data:$O1$$)
                  20002574    00000004     main.obj (.data:aDataFromButton)
                  20002578    00000004     rtsv7M4_T_le_v4SPD16_eabi.lib : stkdepth_vars.obj (.data)
                  2000257c    00000004                                   : vars.obj (.data)
                  20002580    00000004     system_msp432p401r.obj (.data)

.stack     0    2000fe00    00000200     UNINITIALIZED
                  2000fe00    00000200     --HOLE--

MODULE SUMMARY

       Module                                               code    ro data   rw data
       ------                                               ----    -------   -------
    ./
       main.obj                                             1176    96        16424  
       Scheduler.obj                                        1588    40        0      
       system_msp432p401r.obj                               880     0         8      
       Screen.obj                                           428     64        56     
       Ball.obj                                             428     101       0      
       Racket.obj                                           420     60        0      
       startup_msp432p401r_ccs.obj                          14      228       0      
       GamePiece.obj                                        204     20        0      
       Task.obj                                             168     54        0      
    +--+----------------------------------------------------+-------+---------+---------+
       Total:                                               5306    663       16488  
                                                                                     
    ./GrLib/fonts/
       fontfixed6x8.obj                                     0       960       0      
    +--+----------------------------------------------------+-------+---------+---------+
       Total:                                               0       960       0      
                                                                                     
    ./GrLib/grlib/
       line.obj                                             1168    0         0      
       rectangle.obj                                        830     0         0      
       context.obj                                          614     0         0      
       display.obj                                          308     0         0      
    +--+----------------------------------------------------+-------+---------+---------+
       Total:                                               2920    0         0      
                                                                                     
    ./LcdDriver/
       Crystalfontz128x128_ST7735.obj                       1656    52        20     
       HAL_MSP_EXP432P401R_Crystalfontz128x128_ST7735.obj   188     28        0      
    +--+----------------------------------------------------+-------+---------+---------+
       Total:                                               1844    80        20     
                                                                                     
    ./driverlib/MSP432P4xx/
       adc14.obj                                            2272    128       0      
       spi.obj                                              2212    0         0      
       interrupt.obj                                        1008    144       456    
       gpio.obj                                             1152    28        96     
       cpu.obj                                              62      0         0      
    +--+----------------------------------------------------+-------+---------+---------+
       Total:                                               6706    300       552    
                                                                                     
    /home/aglt93/ti/ccsv6/tools/compiler/arm_15.12.3.LTS/lib/rtsv7M4_T_le_v4SPD16_eabi.lib
       memory.obj                                           988     0         24     
       typeinfo_.obj                                        188     356       8      
       memcpy_t2.obj                                        156     0         0      
       memset_t2.obj                                        122     0         0      
       autoinit.obj                                         112     0         0      
       copy_decompress_rle.obj                              112     0         0      
       exit.obj                                             84      0         24     
       boot.obj                                             84      0         0      
       cpy_tbl.obj                                          76      0         0      
       new_.obj                                             48      0         0      
       _lock.obj                                            20      0         16     
       args_main.obj                                        24      0         0      
       copy_decompress_none.obj                             14      0         0      
       delete.obj                                           8       0         0      
       stkdepth_vars.obj                                    0       0         8      
       vars.obj                                             0       0         8      
       pre_init.obj                                         4       0         0      
       mpu_init.obj                                         2       0         0      
       newhandler.obj                                       2       0         0      
       startup.obj                                          2       0         0      
    +--+----------------------------------------------------+-------+---------+---------+
       Total:                                               2046    356       88     
                                                                                     
       Heap:                                                0       0         2048   
       Stack:                                               0       0         1024   
       Linker Generated:                                    0       141       0      
    +--+----------------------------------------------------+-------+---------+---------+
       Grand Total:                                         18822   2500      20220  


LINKER GENERATED COPY TABLES

__TI_cinit_table @ 0000534c records: 3, size/record: 8, table size: 24
	.data: load addr=000052c8, load size=00000059 bytes, run addr=20002510, run size=00000074 bytes, compression=rle
	.bss: load addr=00005328, load size=0000000b bytes, run addr=200000e8, run size=00002026 bytes, compression=rle
	.vtable: load addr=00005338, load size=00000009 bytes, run addr=20000000, run size=000000e4 bytes, compression=rle


LINKER GENERATED HANDLER TABLE

__TI_handler_table @ 00005344 records: 2, size/record: 4, table size: 8
	index: 0, handler: __TI_decompress_rle24
	index: 1, handler: __TI_decompress_none


GLOBAL SYMBOLS: SORTED ALPHABETICALLY BY Name 

address   name                                              
-------   ----                                              
00002113  ADC14_IRQHandler                                  
00002113  ADC14_IRQHandler                                  
00000939  ADC14_clearInterruptFlag                          
000004d9  ADC14_configureConversionMemory                   
00000381  ADC14_configureMultiSequenceMode                  
00000417  ADC14_configureSingleSampleMode                   
00000611  ADC14_disableComparatorWindow                     
000004af  ADC14_disableConversion                           
000008b3  ADC14_disableInterrupt                            
00000255  ADC14_disableModule                               
0000082f  ADC14_disableReferenceBurst                       
00000295  ADC14_disableSampleTimer                          
00000581  ADC14_enableComparatorWindow                      
0000046d  ADC14_enableConversion                            
00000887  ADC14_enableInterrupt                             
0000024d  ADC14_enableModule                                
00000819  ADC14_enableReferenceBurst                        
0000026b  ADC14_enableSampleTimer                           
00000909  ADC14_getEnabledInterruptStatus                   
000008df  ADC14_getInterruptStatus                          
00000739  ADC14_getMultiSequenceResult                      
0000030b  ADC14_getResolution                               
0000071f  ADC14_getResult                                   
000007a5  ADC14_getResultArray                              
000002ab  ADC14_initModule                                  
000004bb  ADC14_isBusy                                      
00000969  ADC14_registerInterrupt                           
0000066f  ADC14_setComparatorWindowValue                    
00000845  ADC14_setPowerMode                                
000002f1  ADC14_setResolution                               
000006f5  ADC14_setResultFormat                             
00000357  ADC14_setSampleHoldTime                           
00000315  ADC14_setSampleHoldTrigger                        
0000048d  ADC14_toggleConversionTrigger                     
0000097d  ADC14_unregisterInterrupt                         
00004a4b  AES256_IRQHandler                                 
00002069  BUTTON_DOWN_ISR                                   
000020af  BUTTON_UP_ISR                                     
00004a4b  BusFault_Handler                                  
000048c9  C$$EXIT                                           
00004a4b  COMP_E0_IRQHandler                                
00004a4b  COMP_E1_IRQHandler                                
0000499d  CPU_basepriGet                                    
0000498f  CPU_basepriSet                                    
00004969  CPU_cpsid                                         
0000497f  CPU_cpsie                                         
00004975  CPU_primask                                       
0000498b  CPU_wfi                                           
00004a4b  CS_IRQHandler                                     
00001269  Crystalfontz128x128_Init                          
0000137d  Crystalfontz128x128_SetDrawFrame                  
000014ab  Crystalfontz128x128_SetOrientation                
00004a4b  DMA_ERR_IRQHandler                                
00004a4b  DMA_INT0_IRQHandler                               
00004a4b  DMA_INT1_IRQHandler                               
00004a4b  DMA_INT2_IRQHandler                               
00004a4b  DMA_INT3_IRQHandler                               
00004a4b  DebugMon_Handler                                  
00004a4b  Default_Handler                                   
00004a4b  EUSCIA0_IRQHandler                                
00004a4b  EUSCIA1_IRQHandler                                
00004a4b  EUSCIA2_IRQHandler                                
00004a4b  EUSCIA3_IRQHandler                                
00004a4b  EUSCIB0_IRQHandler                                
00004a4b  EUSCIB1_IRQHandler                                
00004a4b  EUSCIB2_IRQHandler                                
00004a4b  EUSCIB3_IRQHandler                                
00001133  EUSCI_A_SPI_changeClockPhasePolarity              
000011e7  EUSCI_A_SPI_clearInterruptFlag                    
00001217  EUSCI_A_SPI_disable                               
000011b5  EUSCI_A_SPI_disableInterrupt                      
00001201  EUSCI_A_SPI_enable                                
0000119b  EUSCI_A_SPI_enableInterrupt                       
000011cf  EUSCI_A_SPI_getInterruptStatus                    
0000122d  EUSCI_A_SPI_getReceiveBufferAddressForDMA         
0000123b  EUSCI_A_SPI_getTransmitBufferAddressForDMA        
00001249  EUSCI_A_SPI_isBusy                                
000010b3  EUSCI_A_SPI_masterChangeClock                     
0000118b  EUSCI_A_SPI_receiveData                           
00001093  EUSCI_A_SPI_select4PinFunctionality               
000010e9  EUSCI_A_SPI_slaveInit                             
00001175  EUSCI_A_SPI_transmitData                          
00000f65  EUSCI_B_SPI_changeClockPhasePolarity              
00001019  EUSCI_B_SPI_clearInterruptFlag                    
00001049  EUSCI_B_SPI_disable                               
00000fe7  EUSCI_B_SPI_disableInterrupt                      
00001033  EUSCI_B_SPI_enable                                
00000fcd  EUSCI_B_SPI_enableInterrupt                       
00001001  EUSCI_B_SPI_getInterruptStatus                    
0000105f  EUSCI_B_SPI_getReceiveBufferAddressForDMA         
0000106d  EUSCI_B_SPI_getTransmitBufferAddressForDMA        
0000107b  EUSCI_B_SPI_isBusy                                
00000ee9  EUSCI_B_SPI_masterChangeClock                     
00000fbd  EUSCI_B_SPI_receiveData                           
00000ec9  EUSCI_B_SPI_select4PinFunctionality               
00000f1b  EUSCI_B_SPI_slaveInit                             
00000fa7  EUSCI_B_SPI_transmitData                          
00004a4b  FLCTL_IRQHandler                                  
00004a4b  FPU_IRQHandler                                    
00002b5f  GPIO_clearInterruptFlag                           
00002b1f  GPIO_disableInterrupt                             
00002afd  GPIO_enableInterrupt                              
00002bb7  GPIO_getEnabledInterruptStatus                    
00002acf  GPIO_getInputPinValue                             
00002b41  GPIO_getInterruptStatus                           
00002b81  GPIO_interruptEdgeSelect                          
00002c77  GPIO_registerInterrupt                            
00002877  GPIO_setAsInputPin                                
00002a2b  GPIO_setAsInputPinWithPullDownResistor            
00002a7d  GPIO_setAsInputPinWithPullUpResistor              
0000283d  GPIO_setAsOutputPin                               
00002941  GPIO_setAsPeripheralModuleFunctionInputPin        
000028bd  GPIO_setAsPeripheralModuleFunctionOutputPin       
00002c33  GPIO_setDriveStrengthHigh                         
00002c55  GPIO_setDriveStrengthLow                          
000029c5  GPIO_setOutputHighOnPin                           
000029e7  GPIO_setOutputLowOnPin                            
00002a09  GPIO_toggleOutputOnPin                            
00002c97  GPIO_unregisterInterrupt                          
00003d23  Graphics_clearDisplay                             
00004389  Graphics_clearDisplayOnDisplay                    
000042db  Graphics_drawHorizontalLineOnDisplay              
000026c9  Graphics_drawLine                                 
000023ad  Graphics_drawLineH                                
00002449  Graphics_drawLineV                                
00004297  Graphics_drawMultiplePixelsOnDisplay              
00003d35  Graphics_drawPixel                                
0000426d  Graphics_drawPixelOnDisplay                       
000037f9  Graphics_drawRectangle                            
0000430f  Graphics_drawVerticalLineOnDisplay                
0000389b  Graphics_fillRectangle                            
00004343  Graphics_fillRectangleOnDisplay                   
00003d15  Graphics_flushBuffer                              
00004377  Graphics_flushOnDisplay                           
00003cf7  Graphics_getDisplayHeight                         
00003ce7  Graphics_getDisplayWidth                          
00003c95  Graphics_getFontBaseline                          
00003ccb  Graphics_getFontHeight                            
00003cd9  Graphics_getFontMaxWidth                          
00003d07  Graphics_getHeightOfDisplay                       
000039ff  Graphics_getRectangleIntersection                 
00003d8f  Graphics_getWidthOfDisplay                        
00003b37  Graphics_initContext                              
00003ae5  Graphics_isPointWithinRectangle                   
000039ad  Graphics_isRectangleOverlap                       
00003c4b  Graphics_setBackgroundColor                       
00003c65  Graphics_setBackgroundColorTranslated             
00003b81  Graphics_setClipRegion                            
00003c7b  Graphics_setFont                                  
00003ca3  Graphics_setForegroundColor                       
00003cb9  Graphics_setForegroundColorTranslated             
00004361  Graphics_translateColorOnDisplay                  
00004461  HAL_LCD_PortInit                                  
00004491  HAL_LCD_SpiInit                                   
000044c7  HAL_LCD_writeCommand                              
000044ef  HAL_LCD_writeData                                 
00004a4b  HardFault_Handler                                 
00002e7f  Interrupt_disableInterrupt                        
00002ccf  Interrupt_disableMaster                           
0000307d  Interrupt_disableSleepOnIsrExit                   
00002e0d  Interrupt_enableInterrupt                         
00002cbf  Interrupt_enableMaster                            
0000306b  Interrupt_enableSleepOnIsrExit                    
00002de7  Interrupt_getPriority                             
00002d5f  Interrupt_getPriorityGrouping                     
0000304b  Interrupt_getPriorityMask                         
00003065  Interrupt_getVectorTableAddress                   
00002ef1  Interrupt_isEnabled                               
00002f7d  Interrupt_pendInterrupt                           
00002cdf  Interrupt_registerInterrupt                       
00002d97  Interrupt_setPriority                             
00002d45  Interrupt_setPriorityGrouping                     
0000303b  Interrupt_setPriorityMask                         
00003055  Interrupt_setVectorTableAddress                   
00002fed  Interrupt_unpendInterrupt                         
00002d31  Interrupt_unregisterInterrupt                     
2000210a  Lcd_FlagRead                                      
2000210b  Lcd_FontSolid                                     
2000210c  Lcd_Orientation                                   
2000210d  Lcd_PenSolid                                      
20002104  Lcd_ScreenHeigth                                  
20002106  Lcd_ScreenWidth                                   
20002108  Lcd_TouchTrim                                     
200000e8  MainScheduler                                     
00004a4b  MemManage_Handler                                 
00004a4b  NMI_Handler                                       
00004a4b  PCM_IRQHandler                                    
00004a4b  PORT1_IRQHandler                                  
00004a4b  PORT2_IRQHandler                                  
00004a4b  PORT3_IRQHandler                                  
00004a4b  PORT4_IRQHandler                                  
00004a4b  PORT5_IRQHandler                                  
00004a4b  PORT6_IRQHandler                                  
00004a4b  PSS_IRQHandler                                    
00004a4b  PendSV_Handler                                    
00004a4b  RTC_C_IRQHandler                                  
00004a3f  Reset_Handler                                     
000052c0  SHT$$INIT_ARRAY$$Base                             
000052c4  SHT$$INIT_ARRAY$$Limit                            
00000b87  SPI_changeClockPhasePolarity                      
00000ae1  SPI_changeMasterClock                             
00000d39  SPI_clearInterruptFlag                            
00000cbb  SPI_disableInterrupt                              
00000c15  SPI_disableModule                                 
00000c95  SPI_enableInterrupt                               
00000bf9  SPI_enableModule                                  
00000d09  SPI_getEnabledInterruptStatus                     
00000ce1  SPI_getInterruptStatus                            
00000c31  SPI_getReceiveBufferAddressForDMA                 
00000c4d  SPI_getTransmitBufferAddressForDMA                
000009f5  SPI_initMaster                                    
00000b09  SPI_initSlave                                     
00000c79  SPI_isBusy                                        
00000bdd  SPI_receiveData                                   
00000d5f  SPI_registerInterrupt                             
00000abb  SPI_selectFourPinFunctionality                    
00000bb7  SPI_transmitData                                  
00000e1d  SPI_unregisterInterrupt                           
00004a4b  SVC_Handler                                       
00004a4b  SysTick_Handler                                   
20002580  SystemCoreClock                                   
00003489  SystemCoreClockUpdate                             
000036fd  SystemInit                                        
000020f5  T32_INT1_IRQHandler                               
000020f5  T32_INT1_IRQHandler                               
00004a4b  T32_INT2_IRQHandler                               
00004a4b  T32_INTC_IRQHandler                               
00004a4b  TA0_0_IRQHandler                                  
00004a4b  TA0_N_IRQHandler                                  
00004a4b  TA1_0_IRQHandler                                  
00004a4b  TA1_N_IRQHandler                                  
00004a4b  TA2_0_IRQHandler                                  
00004a4b  TA2_N_IRQHandler                                  
00004a4b  TA3_0_IRQHandler                                  
00004a4b  TA3_N_IRQHandler                                  
00004a4b  UsageFault_Handler                                
4000480c  WDTCTL_SYM                                        
00004a4b  WDT_A_IRQHandler                                  
00002219  _Z13setupButtonUpv                                
00002251  _Z15setupButtonDownv                              
00004873  _Z21__default_new_handlerv                        
00002291  _Z5Setupv                                         
00002177  _Z8setupADCv                                      
000045c9  _ZN10__cxxabiv116__enum_type_infoD0Ev             
000045c7  _ZN10__cxxabiv116__enum_type_infoD1Ev             
000045c7  _ZN10__cxxabiv116__enum_type_infoD2Ev             
000045bf  _ZN10__cxxabiv117__array_type_infoD0Ev            
000045bd  _ZN10__cxxabiv117__array_type_infoD1Ev            
000045bd  _ZN10__cxxabiv117__array_type_infoD2Ev            
000045b5  _ZN10__cxxabiv117__class_type_infoD0Ev            
000045b3  _ZN10__cxxabiv117__class_type_infoD1Ev            
000045b3  _ZN10__cxxabiv117__class_type_infoD2Ev            
000045ab  _ZN10__cxxabiv117__pbase_type_infoD0Ev            
000045a9  _ZN10__cxxabiv117__pbase_type_infoD1Ev            
000045a9  _ZN10__cxxabiv117__pbase_type_infoD2Ev            
000045a1  _ZN10__cxxabiv119__pointer_type_infoD0Ev          
0000459f  _ZN10__cxxabiv119__pointer_type_infoD1Ev          
0000459f  _ZN10__cxxabiv119__pointer_type_infoD2Ev          
00004597  _ZN10__cxxabiv120__function_type_infoD0Ev         
00004595  _ZN10__cxxabiv120__function_type_infoD1Ev         
00004595  _ZN10__cxxabiv120__function_type_infoD2Ev         
0000458d  _ZN10__cxxabiv120__si_class_type_infoD0Ev         
0000458b  _ZN10__cxxabiv120__si_class_type_infoD1Ev         
0000458b  _ZN10__cxxabiv120__si_class_type_infoD2Ev         
00004583  _ZN10__cxxabiv121__vmi_class_type_infoD0Ev        
00004581  _ZN10__cxxabiv121__vmi_class_type_infoD1Ev        
00004581  _ZN10__cxxabiv121__vmi_class_type_infoD2Ev        
00004579  _ZN10__cxxabiv123__fundamental_type_infoD0Ev      
00004577  _ZN10__cxxabiv123__fundamental_type_infoD1Ev      
00004577  _ZN10__cxxabiv123__fundamental_type_infoD2Ev      
0000456f  _ZN10__cxxabiv129__pointer_to_member_type_infoD0Ev
0000456d  _ZN10__cxxabiv129__pointer_to_member_type_infoD1Ev
0000456d  _ZN10__cxxabiv129__pointer_to_member_type_infoD2Ev
0000424b  _ZN4Ball14ProcessMessageE3MSG                     
000041a3  _ZN4Ball3runEv                                    
000040ed  _ZN4BallC1EibiiiiiiPiS0_                          
000040ed  _ZN4BallC2EibiiiiiiPiS0_                          
000049d9  _ZN4Task11SendMessageEv                           
00004a4d  _ZN4Task14ProcessMessageE3MSG                     
00004669  _ZN4Task17GetTaskFinalCountEv                     
0000463b  _ZN4Task17SetTaskFinalCountEy                     
00004659  _ZN4Task19GetTaskCurrentCountEv                   
0000461d  _ZN4Task19SetTaskCurrentCountEy                   
000045f7  _ZN4Task3runEv                                    
000045d9  _ZN4TaskC1Ev                                      
000045d9  _ZN4TaskC2Ev                                      
000040ad  _ZN6Racket12CheckLimitsYEv                        
0000402b  _ZN6Racket14ProcessMessageE3MSG                   
00003fff  _ZN6Racket3runEv                                  
00003f49  _ZN6RacketC1EibiiiiiiPiS0_                        
00003f49  _ZN6RacketC2EibiiiiiiPiS0_                        
00003f15  _ZN6Screen11printFigureE18Graphics_Rectangle      
00003e29  _ZN6Screen14ProcessMessageE3MSG                   
00003e03  _ZN6Screen3runEv                                  
00003d9d  _ZN6ScreenC1Eib                                   
00003d9d  _ZN6ScreenC2Eib                                   
0000442d  _ZN9GamePiece13getDirectionXEv                    
0000444d  _ZN9GamePiece13getDirectionYEv                    
0000441b  _ZN9GamePiece13setDirectionXEi                    
0000443b  _ZN9GamePiece13setDirectionYEi                    
000043cd  _ZN9GamePiece7getPosXEv                           
000043ed  _ZN9GamePiece7getPosYEv                           
0000440d  _ZN9GamePiece7getSizeEv                           
000043bb  _ZN9GamePiece7setPosXEi                           
000043db  _ZN9GamePiece7setPosYEi                           
000043fb  _ZN9GamePiece7setSizeEi                           
000043a1  _ZN9GamePieceC1Ev                                 
000043a1  _ZN9GamePieceC2Ev                                 
00001c97  _ZN9Scheduler13attachMessageE3MSG                 
00001ea7  _ZN9Scheduler14processMessageE3MSG                
00001cf3  _ZN9Scheduler17clearMessageQueueEv                
00001e59  _ZN9Scheduler18clearNextSchedulerEv               
00001b45  _ZN9Scheduler19ProcessMessageQueueEv              
00001a81  _ZN9Scheduler21CalculateNextScheduleEv            
00001efb  _ZN9Scheduler22SortScheduleByPriorityEP4Task      
000019fd  _ZN9Scheduler3runEv                               
00001987  _ZN9Scheduler6attachEP4Task                       
000018e1  _ZN9SchedulerC1Ev                                 
000018e1  _ZN9SchedulerC2Ev                                 
0000452f  _ZNKSt9type_info4nameEv                           
0000455f  _ZNKSt9type_info6beforeERKS_                      
00004549  _ZNKSt9type_infoeqERKS_                           
00004533  _ZNKSt9type_infoneERKS_                           
00004527  _ZNSt9type_infoD0Ev                               
00004525  _ZNSt9type_infoD1Ev                               
00004525  _ZNSt9type_infoD2Ev                               
20002100  _ZSt16__dummy_typeinfo                            
0000451d  _ZSt21__gen_dummy_typeinfosv                      
000051c8  _ZTI4Ball                                         
00005268  _ZTI4Task                                         
000051d4  _ZTI6Racket                                       
000051e0  _ZTI6Screen                                       
000051ec  _ZTI9GamePiece                                    
000051f8  _ZTIN10__cxxabiv117__class_type_infoE             
00005204  _ZTIN10__cxxabiv117__pbase_type_infoE             
00005210  _ZTIN10__cxxabiv119__pointer_type_infoE           
0000521c  _ZTIN10__cxxabiv120__si_class_type_infoE          
00005228  _ZTIN10__cxxabiv123__fundamental_type_infoE       
00005168  _ZTIPKe                                           
00005270  _ZTISt9type_info                                  
00005278  _ZTIe                                             
000052b0  _ZTS4Ball                                         
000052b6  _ZTS4Task                                         
00005280  _ZTS6Racket                                       
00005288  _ZTS6Screen                                       
00005234  _ZTS9GamePiece                                    
00004f99  _ZTSN10__cxxabiv117__class_type_infoE             
00004fbb  _ZTSN10__cxxabiv117__pbase_type_infoE             
00004f75  _ZTSN10__cxxabiv119__pointer_type_infoE           
00004f50  _ZTSN10__cxxabiv120__si_class_type_infoE          
00004f28  _ZTSN10__cxxabiv123__fundamental_type_infoE       
000052bc  _ZTSPKe                                           
000051b8  _ZTSSt9type_info                                  
00004fdd  _ZTSe                                             
00005118  _ZTV4Ball                                         
0000512c  _ZTV4Task                                         
00005140  _ZTV6Racket                                       
00005038  _ZTV6Screen                                       
00005154  _ZTV9GamePiece                                    
00005178  _ZTVN10__cxxabiv117__class_type_infoE             
00005188  _ZTVN10__cxxabiv119__pointer_type_infoE           
00005198  _ZTVN10__cxxabiv120__si_class_type_infoE          
000051a8  _ZTVN10__cxxabiv123__fundamental_type_infoE       
00004a59  _ZdlPv                                            
000049a9  _Znwj                                             
20010000  __STACK_END                                       
00000200  __STACK_SIZE                                      
00000400  __SYSMEM_SIZE                                     
0000534c  __TI_CINIT_Base                                   
00005364  __TI_CINIT_Limit                                  
00005344  __TI_Handler_Table_Base                           
0000534c  __TI_Handler_Table_Limit                          
00004799  __TI_auto_init                                    
20002554  __TI_cleanup_ptr                                  
00004a31  __TI_decompress_none                              
00004a61  __TI_decompress_rle24                             
20002558  __TI_dtors_ptr                                    
2000255c  __TI_enable_exit_profile_output                   
ffffffff  __TI_pprof_out_hndl                               
ffffffff  __TI_prof_data_size                               
ffffffff  __TI_prof_data_start                              
00000000  __TI_static_base__                                
0000471d  __aeabi_memclr                                    
0000471d  __aeabi_memclr4                                   
0000471d  __aeabi_memclr8                                   
00004681  __aeabi_memcpy                                    
00004681  __aeabi_memcpy4                                   
00004681  __aeabi_memcpy8                                   
0000471f  __aeabi_memset                                    
0000471f  __aeabi_memset4                                   
0000471f  __aeabi_memset8                                   
ffffffff  __binit__                                         
ffffffff  __c_args__                                        
00004797  __mpu_init                                        
2000fe00  __stack                                           
0000230d  __sti___8_main_cpp_05102ee7                       
00004a05  _args_main                                        
00004875  _c_int00                                          
2000256c  _lock                                             
2000257c  _new_handler                                      
00004a2b  _nop                                              
00004a23  _register_lock                                    
00004a1d  _register_unlock                                  
20002110  _sys_memory                                       
000049a7  _system_post_cinit                                
00004a67  _system_pre_init                                  
20002570  _unlock                                           
200020fc  aDataFromADC                                      
20002574  aDataFromButton                                   
000048cd  abort                                             
ffffffff  binit                                             
00003455  calloc                                            
0000491d  copy_in                                           
20002548  counterDown                                       
2000254c  counterUp                                         
000048d5  exit                                              
000031a3  free                                              
20000000  g_pfnRAMVectors                                   
200020d8  g_sContext                                        
00004efc  g_sCrystalfontz128x128                            
00004d64  g_sFontFixed6x8                                   
00000000  interruptVectors                                  
00001f7f  main                                              
20002578  main_func_sp                                      
0000313b  malloc                                            
00003371  memalign                                          
00004681  memcpy                                            
00004725  memset                                            
000030ad  minit                                             
20002550  pDataToScreenB                                    
200020f4  positionDown                                      
200020f8  positionUp                                        
00003265  realloc                                           


GLOBAL SYMBOLS: SORTED BY Symbol Address 

address   name                                              
-------   ----                                              
00000000  __TI_static_base__                                
00000000  interruptVectors                                  
00000200  __STACK_SIZE                                      
0000024d  ADC14_enableModule                                
00000255  ADC14_disableModule                               
0000026b  ADC14_enableSampleTimer                           
00000295  ADC14_disableSampleTimer                          
000002ab  ADC14_initModule                                  
000002f1  ADC14_setResolution                               
0000030b  ADC14_getResolution                               
00000315  ADC14_setSampleHoldTrigger                        
00000357  ADC14_setSampleHoldTime                           
00000381  ADC14_configureMultiSequenceMode                  
00000400  __SYSMEM_SIZE                                     
00000417  ADC14_configureSingleSampleMode                   
0000046d  ADC14_enableConversion                            
0000048d  ADC14_toggleConversionTrigger                     
000004af  ADC14_disableConversion                           
000004bb  ADC14_isBusy                                      
000004d9  ADC14_configureConversionMemory                   
00000581  ADC14_enableComparatorWindow                      
00000611  ADC14_disableComparatorWindow                     
0000066f  ADC14_setComparatorWindowValue                    
000006f5  ADC14_setResultFormat                             
0000071f  ADC14_getResult                                   
00000739  ADC14_getMultiSequenceResult                      
000007a5  ADC14_getResultArray                              
00000819  ADC14_enableReferenceBurst                        
0000082f  ADC14_disableReferenceBurst                       
00000845  ADC14_setPowerMode                                
00000887  ADC14_enableInterrupt                             
000008b3  ADC14_disableInterrupt                            
000008df  ADC14_getInterruptStatus                          
00000909  ADC14_getEnabledInterruptStatus                   
00000939  ADC14_clearInterruptFlag                          
00000969  ADC14_registerInterrupt                           
0000097d  ADC14_unregisterInterrupt                         
000009f5  SPI_initMaster                                    
00000abb  SPI_selectFourPinFunctionality                    
00000ae1  SPI_changeMasterClock                             
00000b09  SPI_initSlave                                     
00000b87  SPI_changeClockPhasePolarity                      
00000bb7  SPI_transmitData                                  
00000bdd  SPI_receiveData                                   
00000bf9  SPI_enableModule                                  
00000c15  SPI_disableModule                                 
00000c31  SPI_getReceiveBufferAddressForDMA                 
00000c4d  SPI_getTransmitBufferAddressForDMA                
00000c79  SPI_isBusy                                        
00000c95  SPI_enableInterrupt                               
00000cbb  SPI_disableInterrupt                              
00000ce1  SPI_getInterruptStatus                            
00000d09  SPI_getEnabledInterruptStatus                     
00000d39  SPI_clearInterruptFlag                            
00000d5f  SPI_registerInterrupt                             
00000e1d  SPI_unregisterInterrupt                           
00000ec9  EUSCI_B_SPI_select4PinFunctionality               
00000ee9  EUSCI_B_SPI_masterChangeClock                     
00000f1b  EUSCI_B_SPI_slaveInit                             
00000f65  EUSCI_B_SPI_changeClockPhasePolarity              
00000fa7  EUSCI_B_SPI_transmitData                          
00000fbd  EUSCI_B_SPI_receiveData                           
00000fcd  EUSCI_B_SPI_enableInterrupt                       
00000fe7  EUSCI_B_SPI_disableInterrupt                      
00001001  EUSCI_B_SPI_getInterruptStatus                    
00001019  EUSCI_B_SPI_clearInterruptFlag                    
00001033  EUSCI_B_SPI_enable                                
00001049  EUSCI_B_SPI_disable                               
0000105f  EUSCI_B_SPI_getReceiveBufferAddressForDMA         
0000106d  EUSCI_B_SPI_getTransmitBufferAddressForDMA        
0000107b  EUSCI_B_SPI_isBusy                                
00001093  EUSCI_A_SPI_select4PinFunctionality               
000010b3  EUSCI_A_SPI_masterChangeClock                     
000010e9  EUSCI_A_SPI_slaveInit                             
00001133  EUSCI_A_SPI_changeClockPhasePolarity              
00001175  EUSCI_A_SPI_transmitData                          
0000118b  EUSCI_A_SPI_receiveData                           
0000119b  EUSCI_A_SPI_enableInterrupt                       
000011b5  EUSCI_A_SPI_disableInterrupt                      
000011cf  EUSCI_A_SPI_getInterruptStatus                    
000011e7  EUSCI_A_SPI_clearInterruptFlag                    
00001201  EUSCI_A_SPI_enable                                
00001217  EUSCI_A_SPI_disable                               
0000122d  EUSCI_A_SPI_getReceiveBufferAddressForDMA         
0000123b  EUSCI_A_SPI_getTransmitBufferAddressForDMA        
00001249  EUSCI_A_SPI_isBusy                                
00001269  Crystalfontz128x128_Init                          
0000137d  Crystalfontz128x128_SetDrawFrame                  
000014ab  Crystalfontz128x128_SetOrientation                
000018e1  _ZN9SchedulerC1Ev                                 
000018e1  _ZN9SchedulerC2Ev                                 
00001987  _ZN9Scheduler6attachEP4Task                       
000019fd  _ZN9Scheduler3runEv                               
00001a81  _ZN9Scheduler21CalculateNextScheduleEv            
00001b45  _ZN9Scheduler19ProcessMessageQueueEv              
00001c97  _ZN9Scheduler13attachMessageE3MSG                 
00001cf3  _ZN9Scheduler17clearMessageQueueEv                
00001e59  _ZN9Scheduler18clearNextSchedulerEv               
00001ea7  _ZN9Scheduler14processMessageE3MSG                
00001efb  _ZN9Scheduler22SortScheduleByPriorityEP4Task      
00001f7f  main                                              
00002069  BUTTON_DOWN_ISR                                   
000020af  BUTTON_UP_ISR                                     
000020f5  T32_INT1_IRQHandler                               
000020f5  T32_INT1_IRQHandler                               
00002113  ADC14_IRQHandler                                  
00002113  ADC14_IRQHandler                                  
00002177  _Z8setupADCv                                      
00002219  _Z13setupButtonUpv                                
00002251  _Z15setupButtonDownv                              
00002291  _Z5Setupv                                         
0000230d  __sti___8_main_cpp_05102ee7                       
000023ad  Graphics_drawLineH                                
00002449  Graphics_drawLineV                                
000026c9  Graphics_drawLine                                 
0000283d  GPIO_setAsOutputPin                               
00002877  GPIO_setAsInputPin                                
000028bd  GPIO_setAsPeripheralModuleFunctionOutputPin       
00002941  GPIO_setAsPeripheralModuleFunctionInputPin        
000029c5  GPIO_setOutputHighOnPin                           
000029e7  GPIO_setOutputLowOnPin                            
00002a09  GPIO_toggleOutputOnPin                            
00002a2b  GPIO_setAsInputPinWithPullDownResistor            
00002a7d  GPIO_setAsInputPinWithPullUpResistor              
00002acf  GPIO_getInputPinValue                             
00002afd  GPIO_enableInterrupt                              
00002b1f  GPIO_disableInterrupt                             
00002b41  GPIO_getInterruptStatus                           
00002b5f  GPIO_clearInterruptFlag                           
00002b81  GPIO_interruptEdgeSelect                          
00002bb7  GPIO_getEnabledInterruptStatus                    
00002c33  GPIO_setDriveStrengthHigh                         
00002c55  GPIO_setDriveStrengthLow                          
00002c77  GPIO_registerInterrupt                            
00002c97  GPIO_unregisterInterrupt                          
00002cbf  Interrupt_enableMaster                            
00002ccf  Interrupt_disableMaster                           
00002cdf  Interrupt_registerInterrupt                       
00002d31  Interrupt_unregisterInterrupt                     
00002d45  Interrupt_setPriorityGrouping                     
00002d5f  Interrupt_getPriorityGrouping                     
00002d97  Interrupt_setPriority                             
00002de7  Interrupt_getPriority                             
00002e0d  Interrupt_enableInterrupt                         
00002e7f  Interrupt_disableInterrupt                        
00002ef1  Interrupt_isEnabled                               
00002f7d  Interrupt_pendInterrupt                           
00002fed  Interrupt_unpendInterrupt                         
0000303b  Interrupt_setPriorityMask                         
0000304b  Interrupt_getPriorityMask                         
00003055  Interrupt_setVectorTableAddress                   
00003065  Interrupt_getVectorTableAddress                   
0000306b  Interrupt_enableSleepOnIsrExit                    
0000307d  Interrupt_disableSleepOnIsrExit                   
000030ad  minit                                             
0000313b  malloc                                            
000031a3  free                                              
00003265  realloc                                           
00003371  memalign                                          
00003455  calloc                                            
00003489  SystemCoreClockUpdate                             
000036fd  SystemInit                                        
000037f9  Graphics_drawRectangle                            
0000389b  Graphics_fillRectangle                            
000039ad  Graphics_isRectangleOverlap                       
000039ff  Graphics_getRectangleIntersection                 
00003ae5  Graphics_isPointWithinRectangle                   
00003b37  Graphics_initContext                              
00003b81  Graphics_setClipRegion                            
00003c4b  Graphics_setBackgroundColor                       
00003c65  Graphics_setBackgroundColorTranslated             
00003c7b  Graphics_setFont                                  
00003c95  Graphics_getFontBaseline                          
00003ca3  Graphics_setForegroundColor                       
00003cb9  Graphics_setForegroundColorTranslated             
00003ccb  Graphics_getFontHeight                            
00003cd9  Graphics_getFontMaxWidth                          
00003ce7  Graphics_getDisplayWidth                          
00003cf7  Graphics_getDisplayHeight                         
00003d07  Graphics_getHeightOfDisplay                       
00003d15  Graphics_flushBuffer                              
00003d23  Graphics_clearDisplay                             
00003d35  Graphics_drawPixel                                
00003d8f  Graphics_getWidthOfDisplay                        
00003d9d  _ZN6ScreenC1Eib                                   
00003d9d  _ZN6ScreenC2Eib                                   
00003e03  _ZN6Screen3runEv                                  
00003e29  _ZN6Screen14ProcessMessageE3MSG                   
00003f15  _ZN6Screen11printFigureE18Graphics_Rectangle      
00003f49  _ZN6RacketC1EibiiiiiiPiS0_                        
00003f49  _ZN6RacketC2EibiiiiiiPiS0_                        
00003fff  _ZN6Racket3runEv                                  
0000402b  _ZN6Racket14ProcessMessageE3MSG                   
000040ad  _ZN6Racket12CheckLimitsYEv                        
000040ed  _ZN4BallC1EibiiiiiiPiS0_                          
000040ed  _ZN4BallC2EibiiiiiiPiS0_                          
000041a3  _ZN4Ball3runEv                                    
0000424b  _ZN4Ball14ProcessMessageE3MSG                     
0000426d  Graphics_drawPixelOnDisplay                       
00004297  Graphics_drawMultiplePixelsOnDisplay              
000042db  Graphics_drawHorizontalLineOnDisplay              
0000430f  Graphics_drawVerticalLineOnDisplay                
00004343  Graphics_fillRectangleOnDisplay                   
00004361  Graphics_translateColorOnDisplay                  
00004377  Graphics_flushOnDisplay                           
00004389  Graphics_clearDisplayOnDisplay                    
000043a1  _ZN9GamePieceC1Ev                                 
000043a1  _ZN9GamePieceC2Ev                                 
000043bb  _ZN9GamePiece7setPosXEi                           
000043cd  _ZN9GamePiece7getPosXEv                           
000043db  _ZN9GamePiece7setPosYEi                           
000043ed  _ZN9GamePiece7getPosYEv                           
000043fb  _ZN9GamePiece7setSizeEi                           
0000440d  _ZN9GamePiece7getSizeEv                           
0000441b  _ZN9GamePiece13setDirectionXEi                    
0000442d  _ZN9GamePiece13getDirectionXEv                    
0000443b  _ZN9GamePiece13setDirectionYEi                    
0000444d  _ZN9GamePiece13getDirectionYEv                    
00004461  HAL_LCD_PortInit                                  
00004491  HAL_LCD_SpiInit                                   
000044c7  HAL_LCD_writeCommand                              
000044ef  HAL_LCD_writeData                                 
0000451d  _ZSt21__gen_dummy_typeinfosv                      
00004525  _ZNSt9type_infoD1Ev                               
00004525  _ZNSt9type_infoD2Ev                               
00004527  _ZNSt9type_infoD0Ev                               
0000452f  _ZNKSt9type_info4nameEv                           
00004533  _ZNKSt9type_infoneERKS_                           
00004549  _ZNKSt9type_infoeqERKS_                           
0000455f  _ZNKSt9type_info6beforeERKS_                      
0000456d  _ZN10__cxxabiv129__pointer_to_member_type_infoD1Ev
0000456d  _ZN10__cxxabiv129__pointer_to_member_type_infoD2Ev
0000456f  _ZN10__cxxabiv129__pointer_to_member_type_infoD0Ev
00004577  _ZN10__cxxabiv123__fundamental_type_infoD1Ev      
00004577  _ZN10__cxxabiv123__fundamental_type_infoD2Ev      
00004579  _ZN10__cxxabiv123__fundamental_type_infoD0Ev      
00004581  _ZN10__cxxabiv121__vmi_class_type_infoD1Ev        
00004581  _ZN10__cxxabiv121__vmi_class_type_infoD2Ev        
00004583  _ZN10__cxxabiv121__vmi_class_type_infoD0Ev        
0000458b  _ZN10__cxxabiv120__si_class_type_infoD1Ev         
0000458b  _ZN10__cxxabiv120__si_class_type_infoD2Ev         
0000458d  _ZN10__cxxabiv120__si_class_type_infoD0Ev         
00004595  _ZN10__cxxabiv120__function_type_infoD1Ev         
00004595  _ZN10__cxxabiv120__function_type_infoD2Ev         
00004597  _ZN10__cxxabiv120__function_type_infoD0Ev         
0000459f  _ZN10__cxxabiv119__pointer_type_infoD1Ev          
0000459f  _ZN10__cxxabiv119__pointer_type_infoD2Ev          
000045a1  _ZN10__cxxabiv119__pointer_type_infoD0Ev          
000045a9  _ZN10__cxxabiv117__pbase_type_infoD1Ev            
000045a9  _ZN10__cxxabiv117__pbase_type_infoD2Ev            
000045ab  _ZN10__cxxabiv117__pbase_type_infoD0Ev            
000045b3  _ZN10__cxxabiv117__class_type_infoD1Ev            
000045b3  _ZN10__cxxabiv117__class_type_infoD2Ev            
000045b5  _ZN10__cxxabiv117__class_type_infoD0Ev            
000045bd  _ZN10__cxxabiv117__array_type_infoD1Ev            
000045bd  _ZN10__cxxabiv117__array_type_infoD2Ev            
000045bf  _ZN10__cxxabiv117__array_type_infoD0Ev            
000045c7  _ZN10__cxxabiv116__enum_type_infoD1Ev             
000045c7  _ZN10__cxxabiv116__enum_type_infoD2Ev             
000045c9  _ZN10__cxxabiv116__enum_type_infoD0Ev             
000045d9  _ZN4TaskC1Ev                                      
000045d9  _ZN4TaskC2Ev                                      
000045f7  _ZN4Task3runEv                                    
0000461d  _ZN4Task19SetTaskCurrentCountEy                   
0000463b  _ZN4Task17SetTaskFinalCountEy                     
00004659  _ZN4Task19GetTaskCurrentCountEv                   
00004669  _ZN4Task17GetTaskFinalCountEv                     
00004681  __aeabi_memcpy                                    
00004681  __aeabi_memcpy4                                   
00004681  __aeabi_memcpy8                                   
00004681  memcpy                                            
0000471d  __aeabi_memclr                                    
0000471d  __aeabi_memclr4                                   
0000471d  __aeabi_memclr8                                   
0000471f  __aeabi_memset                                    
0000471f  __aeabi_memset4                                   
0000471f  __aeabi_memset8                                   
00004725  memset                                            
00004797  __mpu_init                                        
00004799  __TI_auto_init                                    
00004873  _Z21__default_new_handlerv                        
00004875  _c_int00                                          
000048c9  C$$EXIT                                           
000048cd  abort                                             
000048d5  exit                                              
0000491d  copy_in                                           
00004969  CPU_cpsid                                         
00004975  CPU_primask                                       
0000497f  CPU_cpsie                                         
0000498b  CPU_wfi                                           
0000498f  CPU_basepriSet                                    
0000499d  CPU_basepriGet                                    
000049a7  _system_post_cinit                                
000049a9  _Znwj                                             
000049d9  _ZN4Task11SendMessageEv                           
00004a05  _args_main                                        
00004a1d  _register_unlock                                  
00004a23  _register_lock                                    
00004a2b  _nop                                              
00004a31  __TI_decompress_none                              
00004a3f  Reset_Handler                                     
00004a4b  AES256_IRQHandler                                 
00004a4b  BusFault_Handler                                  
00004a4b  COMP_E0_IRQHandler                                
00004a4b  COMP_E1_IRQHandler                                
00004a4b  CS_IRQHandler                                     
00004a4b  DMA_ERR_IRQHandler                                
00004a4b  DMA_INT0_IRQHandler                               
00004a4b  DMA_INT1_IRQHandler                               
00004a4b  DMA_INT2_IRQHandler                               
00004a4b  DMA_INT3_IRQHandler                               
00004a4b  DebugMon_Handler                                  
00004a4b  Default_Handler                                   
00004a4b  EUSCIA0_IRQHandler                                
00004a4b  EUSCIA1_IRQHandler                                
00004a4b  EUSCIA2_IRQHandler                                
00004a4b  EUSCIA3_IRQHandler                                
00004a4b  EUSCIB0_IRQHandler                                
00004a4b  EUSCIB1_IRQHandler                                
00004a4b  EUSCIB2_IRQHandler                                
00004a4b  EUSCIB3_IRQHandler                                
00004a4b  FLCTL_IRQHandler                                  
00004a4b  FPU_IRQHandler                                    
00004a4b  HardFault_Handler                                 
00004a4b  MemManage_Handler                                 
00004a4b  NMI_Handler                                       
00004a4b  PCM_IRQHandler                                    
00004a4b  PORT1_IRQHandler                                  
00004a4b  PORT2_IRQHandler                                  
00004a4b  PORT3_IRQHandler                                  
00004a4b  PORT4_IRQHandler                                  
00004a4b  PORT5_IRQHandler                                  
00004a4b  PORT6_IRQHandler                                  
00004a4b  PSS_IRQHandler                                    
00004a4b  PendSV_Handler                                    
00004a4b  RTC_C_IRQHandler                                  
00004a4b  SVC_Handler                                       
00004a4b  SysTick_Handler                                   
00004a4b  T32_INT2_IRQHandler                               
00004a4b  T32_INTC_IRQHandler                               
00004a4b  TA0_0_IRQHandler                                  
00004a4b  TA0_N_IRQHandler                                  
00004a4b  TA1_0_IRQHandler                                  
00004a4b  TA1_N_IRQHandler                                  
00004a4b  TA2_0_IRQHandler                                  
00004a4b  TA2_N_IRQHandler                                  
00004a4b  TA3_0_IRQHandler                                  
00004a4b  TA3_N_IRQHandler                                  
00004a4b  UsageFault_Handler                                
00004a4b  WDT_A_IRQHandler                                  
00004a4d  _ZN4Task14ProcessMessageE3MSG                     
00004a59  _ZdlPv                                            
00004a61  __TI_decompress_rle24                             
00004a67  _system_pre_init                                  
00004d64  g_sFontFixed6x8                                   
00004efc  g_sCrystalfontz128x128                            
00004f28  _ZTSN10__cxxabiv123__fundamental_type_infoE       
00004f50  _ZTSN10__cxxabiv120__si_class_type_infoE          
00004f75  _ZTSN10__cxxabiv119__pointer_type_infoE           
00004f99  _ZTSN10__cxxabiv117__class_type_infoE             
00004fbb  _ZTSN10__cxxabiv117__pbase_type_infoE             
00004fdd  _ZTSe                                             
00005038  _ZTV6Screen                                       
00005118  _ZTV4Ball                                         
0000512c  _ZTV4Task                                         
00005140  _ZTV6Racket                                       
00005154  _ZTV9GamePiece                                    
00005168  _ZTIPKe                                           
00005178  _ZTVN10__cxxabiv117__class_type_infoE             
00005188  _ZTVN10__cxxabiv119__pointer_type_infoE           
00005198  _ZTVN10__cxxabiv120__si_class_type_infoE          
000051a8  _ZTVN10__cxxabiv123__fundamental_type_infoE       
000051b8  _ZTSSt9type_info                                  
000051c8  _ZTI4Ball                                         
000051d4  _ZTI6Racket                                       
000051e0  _ZTI6Screen                                       
000051ec  _ZTI9GamePiece                                    
000051f8  _ZTIN10__cxxabiv117__class_type_infoE             
00005204  _ZTIN10__cxxabiv117__pbase_type_infoE             
00005210  _ZTIN10__cxxabiv119__pointer_type_infoE           
0000521c  _ZTIN10__cxxabiv120__si_class_type_infoE          
00005228  _ZTIN10__cxxabiv123__fundamental_type_infoE       
00005234  _ZTS9GamePiece                                    
00005268  _ZTI4Task                                         
00005270  _ZTISt9type_info                                  
00005278  _ZTIe                                             
00005280  _ZTS6Racket                                       
00005288  _ZTS6Screen                                       
000052b0  _ZTS4Ball                                         
000052b6  _ZTS4Task                                         
000052bc  _ZTSPKe                                           
000052c0  SHT$$INIT_ARRAY$$Base                             
000052c4  SHT$$INIT_ARRAY$$Limit                            
00005344  __TI_Handler_Table_Base                           
0000534c  __TI_CINIT_Base                                   
0000534c  __TI_Handler_Table_Limit                          
00005364  __TI_CINIT_Limit                                  
20000000  g_pfnRAMVectors                                   
200000e8  MainScheduler                                     
200020d8  g_sContext                                        
200020f4  positionDown                                      
200020f8  positionUp                                        
200020fc  aDataFromADC                                      
20002100  _ZSt16__dummy_typeinfo                            
20002104  Lcd_ScreenHeigth                                  
20002106  Lcd_ScreenWidth                                   
20002108  Lcd_TouchTrim                                     
2000210a  Lcd_FlagRead                                      
2000210b  Lcd_FontSolid                                     
2000210c  Lcd_Orientation                                   
2000210d  Lcd_PenSolid                                      
20002110  _sys_memory                                       
20002548  counterDown                                       
2000254c  counterUp                                         
20002550  pDataToScreenB                                    
20002554  __TI_cleanup_ptr                                  
20002558  __TI_dtors_ptr                                    
2000255c  __TI_enable_exit_profile_output                   
2000256c  _lock                                             
20002570  _unlock                                           
20002574  aDataFromButton                                   
20002578  main_func_sp                                      
2000257c  _new_handler                                      
20002580  SystemCoreClock                                   
2000fe00  __stack                                           
20010000  __STACK_END                                       
4000480c  WDTCTL_SYM                                        
ffffffff  __TI_pprof_out_hndl                               
ffffffff  __TI_prof_data_size                               
ffffffff  __TI_prof_data_start                              
ffffffff  __binit__                                         
ffffffff  __c_args__                                        
ffffffff  binit                                             

[433 symbols]
