******************************************************************************
                  TI ARM Linker Unix v15.12.3                  
******************************************************************************
>> Linked Mon Dec 12 01:22:48 2016

OUTPUT FILE NAME:   <finalProject.out>
ENTRY POINT SYMBOL: "_c_int00"  address: 00007071


MEMORY CONFIGURATION

         name            origin    length      used     unused   attr    fill
----------------------  --------  ---------  --------  --------  ----  --------
  MAIN                  00000000   00040000  00007dfc  00038204  R  X
  INFO                  00200000   00004000  00000000  00004000  R  X
  SRAM_CODE             01000000   00010000  00002786  0000d87a  RW X
  SRAM_DATA             20000000   00010000  00002786  0000d87a  RW  


SEGMENT ALLOCATION MAP

run origin  load origin   length   init length attrs members
----------  ----------- ---------- ----------- ----- -------
00000000    00000000    00007e04   00007e04    r-x
  00000000    00000000    000000e4   000000e4    r-- .intvecs
  000000e4    000000e4    00007332   00007332    r-x .text
  00007418    00007418    00000946   00000946    r-- .const
  00007d60    00007d60    00000004   00000004    r-- .init_array
  00007d68    00007d68    0000009c   0000009c    r-- .cinit
20000000    20000000    0000258c   00000000    rw-
  20000000    20000000    000000e4   00000000    rw- .vtable
  200000e8    200000e8    00002026   00000000    rw- .bss
  20002110    20002110    00000400   00000000    rw- .sysmem
  20002510    20002510    0000007c   00000000    rw- .data
2000fe00    2000fe00    00000200   00000000    rw-
  2000fe00    2000fe00    00000200   00000000    rw- .stack


SECTION ALLOCATION MAP

 output                                  attributes/
section   page    origin      length       input sections
--------  ----  ----------  ----------   ----------------
.intvecs   0    00000000    000000e4     
                  00000000    000000e4     startup_msp432p401r_ccs.obj (.intvecs:retain)

.binit     0    00000000    00000000     

.text      0    000000e4    00007332     
                  000000e4    00001110     rtsv7M4_T_le_v4SPD16_eabi.lib : _printfi.obj (.text)
                  000011f4    000008e0     adc14.obj (.text)
                  00001ad4    000008a4     spi.obj (.text)
                  00002378    00000678     Crystalfontz128x128_ST7735.obj (.text)
                  000029f0    00000658     Scheduler.obj (.text)
                  00003048    00000630     string.obj (.text)
                  00003678    00000534     GameLogic.obj (.text)
                  00003bac    000004a8     Screen.obj (.text)
                  00004054    00000490     line.obj (.text)
                  000044e4    00000480     gpio.obj (.text)
                  00004964    00000400     main.obj (.text)
                  00004d64    000003f0     interrupt.obj (.text)
                  00005154    000003dc     rtsv7M4_T_le_v4SPD16_eabi.lib : memory.obj (.text)
                  00005530    00000370     system_msp432p401r.obj (.text)
                  000058a0    0000033e     rectangle.obj (.text)
                  00005bde    00000266     context.obj (.text)
                  00005e44    000001f8     Ball.obj (.text)
                  0000603c    000001f4     rtsv7M4_T_le_v4SPD16_eabi.lib : ull_div_t2.obj (.text)
                  00006230    000001b6                                   : fd_add_t2.obj (.text)
                  000063e6    00000136                                   : fd_div_t2.obj (.text)
                  0000651c    00000134     display.obj (.text)
                  00006650    0000010c     GamePiece.obj (.text)
                  0000675c    000000fc     rtsv7M4_T_le_v4SPD16_eabi.lib : fd_mul_t2.obj (.text)
                  00006858    000000fc                                   : s_scalbn.obj (.text)
                  00006954    000000e0     Racket.obj (.text)
                  00006a34    000000bc     HAL_MSP_EXP432P401R_Crystalfontz128x128_ST7735.obj (.text)
                  00006af0    000000bc     rtsv7M4_T_le_v4SPD16_eabi.lib : typeinfo_.obj (.text)
                  00006bac    000000a8     Task.obj (.text)
                  00006c54    0000009c     rtsv7M4_T_le_v4SPD16_eabi.lib : memcpy_t2.obj (.text)
                  00006cf0    00000086                                   : fd_cmp_t2.obj (.text:__aeabi_cdcmple)
                  00006d76    00000086                                   : fd_cmp_t2.obj (.text:__aeabi_cdrcmple)
                  00006dfc    0000007a                                   : memset_t2.obj (.text)
                  00006e76    00000002                                   : mpu_init.obj (.text)
                  00006e78    00000070                                   : autoinit.obj (.text)
                  00006ee8    0000006a                                   : copy_decompress_rle.obj (.text)
                  00006f52    00000002                                   : newhandler.obj (.text)
                  00006f54    00000064                                   : s_frexp.obj (.text)
                  00006fb8    00000060                                   : sprintf.obj (.text)
                  00007018    00000056                                   : ltoa.obj (.text)
                  0000706e    00000002                                   : startup.obj (.text)
                  00007070    00000054                                   : boot.obj (.text)
                  000070c4    00000054                                   : exit.obj (.text)
                  00007118    0000004c                                   : atoi.obj (.text)
                  00007164    0000004c                                   : cpy_tbl.obj (.text)
                  000071b0    0000004c                                   : rand.obj (.text)
                  000071fc    00000048                                   : fd_toi_t2.obj (.text)
                  00007244    0000003e     cpu.obj (.text)
                  00007282    00000002     --HOLE-- [fill = 0]
                  00007284    00000034     LED.obj (.text:_ZN4Task14ProcessMessageE3MSG)
                  000072b8    00000030     rtsv7M4_T_le_v4SPD16_eabi.lib : new_.obj (.text)
                  000072e8    0000002e                                   : i_tofd_t2.obj (.text)
                  00007316    00000002     --HOLE-- [fill = 0]
                  00007318    0000002c     GameLogic.obj (.text:_ZN4Task11SendMessageEv)
                  00007344    0000001c     rtsv7M4_T_le_v4SPD16_eabi.lib : memccpy.obj (.text)
                  00007360    00000018                                   : args_main.obj (.text)
                  00007378    00000016                                   : strchr.obj (.text)
                  0000738e    00000002     --HOLE-- [fill = 0]
                  00007390    00000014                                   : _lock.obj (.text)
                  000073a4    00000014                                   : s_copysign.obj (.text)
                  000073b8    00000014                                   : strlen.obj (.text)
                  000073cc    0000000e     GameLogic.obj (.text:_ZN4BallC1Ev)
                  000073da    0000000e     GameLogic.obj (.text:_ZN6RacketC1Ev)
                  000073e8    0000000e     rtsv7M4_T_le_v4SPD16_eabi.lib : copy_decompress_none.obj (.text:decompress:none)
                  000073f6    0000000e     startup_msp432p401r_ccs.obj (.text)
                  00007404    00000008     rtsv7M4_T_le_v4SPD16_eabi.lib : delete.obj (.text)
                  0000740c    00000006                                   : copy_decompress_rle.obj (.text:decompress:rle24)
                  00007412    00000004                                   : pre_init.obj (.text)

.const     0    00007418    00000946     
                  00007418    000002f8     fontfixed6x8.obj (.const:.string:g_pucFontFixed6x8Data)
                  00007710    00000101     rtsv7M4_T_le_v4SPD16_eabi.lib : ctype.obj (.const:.string:_ctypes_)
                  00007811    00000002                                   : typeinfo_.obj (.const:.typeinfo:_ZTSe)
                  00007813    00000001     --HOLE-- [fill = 0]
                  00007814    000000c8     fontfixed6x8.obj (.const:g_sFontFixed6x8)
                  000078dc    00000080     adc14.obj (.const:_ctlRegs)
                  0000795c    00000050     interrupt.obj (.const:g_pulRegs)
                  000079ac    0000002c     Crystalfontz128x128_ST7735.obj (.const:g_sCrystalfontz128x128)
                  000079d8    00000028     rtsv7M4_T_le_v4SPD16_eabi.lib : typeinfo_.obj (.const:.typeinfo:_ZTSN10__cxxabiv123__fundamental_type_infoE)
                  00007a00    00000025                                   : typeinfo_.obj (.const:.typeinfo:_ZTSN10__cxxabiv120__si_class_type_infoE)
                  00007a25    00000024                                   : typeinfo_.obj (.const:.typeinfo:_ZTSN10__cxxabiv119__pointer_type_infoE)
                  00007a49    00000022                                   : typeinfo_.obj (.const:.typeinfo:_ZTSN10__cxxabiv117__class_type_infoE)
                  00007a6b    00000022                                   : typeinfo_.obj (.const:.typeinfo:_ZTSN10__cxxabiv117__pbase_type_infoE)
                  00007a8d    00000003     --HOLE-- [fill = 0]
                  00007a90    00000020     interrupt.obj (.const:g_pulPriority)
                  00007ab0    0000001c     HAL_MSP_EXP432P401R_Crystalfontz128x128_ST7735.obj (.const:$P$T0$1)
                  00007acc    0000001c     gpio.obj (.const:GPIO_PORT_TO_INT)
                  00007ae8    0000001c     GameLogic.obj (.const:_ZTV9GameLogic)
                  00007b04    00000014     GameLogic.obj (.const:$P$T40$1)
                  00007b18    00000014     LED.obj (.const:$P$T40$1)
                  00007b2c    00000014     Scheduler.obj (.const:$P$T40$1)
                  00007b40    00000014     main.obj (.const:$P$T40$1)
                  00007b54    00000014     Scheduler.obj (.const:$P$T41$2)
                  00007b68    00000014     main.obj (.const:$P$T41$2)
                  00007b7c    00000014     Task.obj (.const:$P$T42$3)
                  00007b90    00000014     main.obj (.const:$P$T42$3)
                  00007ba4    00000014     Screen.obj (.const:$P$T43$2)
                  00007bb8    00000014     Screen.obj (.const:$P$T44$3)
                  00007bcc    00000014     GameLogic.obj (.const:$P$T52$8)
                  00007be0    00000014     GameLogic.obj (.const:$P$T53$9)
                  00007bf4    00000014     Task.obj (.const:_ZTV4Task)
                  00007c08    00000014     Screen.obj (.const:_ZTV6Screen)
                  00007c1c    00000010     rtsv7M4_T_le_v4SPD16_eabi.lib : typeinfo_.obj (.const:.typeinfo:_ZTIPKe)
                  00007c2c    00000010                                   : typeinfo_.obj (.const:_ZTVN10__cxxabiv117__class_type_infoE)
                  00007c3c    00000010                                   : typeinfo_.obj (.const:_ZTVN10__cxxabiv119__pointer_type_infoE)
                  00007c4c    00000010                                   : typeinfo_.obj (.const:_ZTVN10__cxxabiv120__si_class_type_infoE)
                  00007c5c    00000010                                   : typeinfo_.obj (.const:_ZTVN10__cxxabiv123__fundamental_type_infoE)
                  00007c6c    0000000d                                   : typeinfo_.obj (.const:.typeinfo:_ZTSSt9type_info)
                  00007c79    00000003     --HOLE-- [fill = 0]
                  00007c7c    0000000c     Screen.obj (.const:.typeinfo:_ZTI6Screen)
                  00007c88    0000000c     GameLogic.obj (.const:.typeinfo:_ZTI9GameLogic)
                  00007c94    0000000c     rtsv7M4_T_le_v4SPD16_eabi.lib : typeinfo_.obj (.const:.typeinfo:_ZTIN10__cxxabiv117__class_type_infoE)
                  00007ca0    0000000c                                   : typeinfo_.obj (.const:.typeinfo:_ZTIN10__cxxabiv117__pbase_type_infoE)
                  00007cac    0000000c                                   : typeinfo_.obj (.const:.typeinfo:_ZTIN10__cxxabiv119__pointer_type_infoE)
                  00007cb8    0000000c                                   : typeinfo_.obj (.const:.typeinfo:_ZTIN10__cxxabiv120__si_class_type_infoE)
                  00007cc4    0000000c                                   : typeinfo_.obj (.const:.typeinfo:_ZTIN10__cxxabiv123__fundamental_type_infoE)
                  00007cd0    0000000b     GameLogic.obj (.const:.typeinfo:_ZTS9GameLogic)
                  00007cdb    00000001     --HOLE-- [fill = 0]
                  00007cdc    00000008     Crystalfontz128x128_ST7735.obj (.const:$P$T0$1)
                  00007ce4    00000008     GameLogic.obj (.const:$P$T43$2)
                  00007cec    00000008     GameLogic.obj (.const:$P$T44$3)
                  00007cf4    00000008     GameLogic.obj (.const:$P$T45$4)
                  00007cfc    00000008     GameLogic.obj (.const:$P$T46$5)
                  00007d04    00000008     GameLogic.obj (.const:$P$T47$6)
                  00007d0c    00000008     GameLogic.obj (.const:$P$T48$7)
                  00007d14    00000008     Task.obj (.const:.typeinfo:_ZTI4Task)
                  00007d1c    00000008     rtsv7M4_T_le_v4SPD16_eabi.lib : typeinfo_.obj (.const:.typeinfo:_ZTISt9type_info)
                  00007d24    00000008                                   : typeinfo_.obj (.const:.typeinfo:_ZTIe)
                  00007d2c    00000008     Screen.obj (.const:.typeinfo:_ZTS6Screen)
                  00007d34    00000008     interrupt.obj (.const:g_pulDisRegs)
                  00007d3c    00000008     interrupt.obj (.const:g_pulEnRegs)
                  00007d44    00000008     interrupt.obj (.const:g_pulPendRegs)
                  00007d4c    00000008     interrupt.obj (.const:g_pulUnpendRegs)
                  00007d54    00000006     Task.obj (.const:.typeinfo:_ZTS4Task)
                  00007d5a    00000004     rtsv7M4_T_le_v4SPD16_eabi.lib : typeinfo_.obj (.const:.typeinfo:_ZTSPKe)

.cinit     0    00007d68    0000009c     
                  00007d68    0000005d     (.cinit..data.load) [load image, compression = rle]
                  00007dc5    00000003     --HOLE-- [fill = 0]
                  00007dc8    0000000b     (.cinit..bss.load) [load image, compression = rle]
                  00007dd3    00000005     --HOLE-- [fill = 0]
                  00007dd8    00000009     (.cinit..vtable.load) [load image, compression = rle]
                  00007de1    00000003     --HOLE-- [fill = 0]
                  00007de4    00000008     (__TI_handler_table)
                  00007dec    00000018     (__TI_cinit_table)

.init_array 
*          0    00007d60    00000004     
                  00007d60    00000004     main.obj (.init_array)

.vtable    0    20000000    000000e4     UNINITIALIZED
                  20000000    000000e4     interrupt.obj (.vtable)

.bss       0    200000e8    00002026     UNINITIALIZED
                  200000e8    00001ff0     main.obj (.bss:MainScheduler)
                  200020d8    0000001c     (.common:g_sContext)
                  200020f4    0000000c     main.obj (.bss)
                  20002100    00000004     (.common:_ZSt16__dummy_typeinfo)
                  20002104    00000002     (.common:Lcd_ScreenHeigth)
                  20002106    00000002     (.common:Lcd_ScreenWidth)
                  20002108    00000002     (.common:Lcd_TouchTrim)
                  2000210a    00000001     (.common:Lcd_FlagRead)
                  2000210b    00000001     (.common:Lcd_FontSolid)
                  2000210c    00000001     (.common:Lcd_Orientation)
                  2000210d    00000001     (.common:Lcd_PenSolid)

.sysmem    0    20002110    00000400     UNINITIALIZED
                  20002110    00000008     rtsv7M4_T_le_v4SPD16_eabi.lib : memory.obj (.sysmem)
                  20002118    000003f8     --HOLE--

.data      0    20002510    0000007c     UNINITIALIZED
                  20002510    00000030     gpio.obj (.data:GPIO_PORT_TO_BASE)
                  20002540    00000014     main.obj (.data)
                  20002554    0000000c     rtsv7M4_T_le_v4SPD16_eabi.lib : exit.obj (.data:$O1$$)
                  20002560    0000000c                                   : memory.obj (.data:$O1$$)
                  2000256c    00000008                                   : _lock.obj (.data:$O1$$)
                  20002574    00000004     main.obj (.data:aDataFromButton)
                  20002578    00000004     rtsv7M4_T_le_v4SPD16_eabi.lib : errno.obj (.data)
                  2000257c    00000004                                   : rand.obj (.data)
                  20002580    00000004                                   : stkdepth_vars.obj (.data)
                  20002584    00000004                                   : vars.obj (.data)
                  20002588    00000004     system_msp432p401r.obj (.data)

.stack     0    2000fe00    00000200     UNINITIALIZED
                  2000fe00    00000200     --HOLE--

MODULE SUMMARY

       Module                                               code    ro data   rw data
       ------                                               ----    -------   -------
    ./
       main.obj                                             1024    64        16424  
       Scheduler.obj                                        1624    40        0      
       GameLogic.obj                                        1404    159       0      
       Screen.obj                                           1192    80        56     
       system_msp432p401r.obj                               880     0         8      
       Ball.obj                                             504     0         0      
       GamePiece.obj                                        268     0         0      
       startup_msp432p401r_ccs.obj                          14      228       0      
       Racket.obj                                           224     0         0      
       Task.obj                                             168     54        0      
       LED.obj                                              52      20        0      
    +--+----------------------------------------------------+-------+---------+---------+
       Total:                                               7354    645       16488  
                                                                                     
    ./GrLib/fonts/
       fontfixed6x8.obj                                     0       960       0      
    +--+----------------------------------------------------+-------+---------+---------+
       Total:                                               0       960       0      
                                                                                     
    ./GrLib/grlib/
       string.obj                                           1584    0         0      
       line.obj                                             1168    0         0      
       rectangle.obj                                        830     0         0      
       context.obj                                          614     0         0      
       display.obj                                          308     0         0      
    +--+----------------------------------------------------+-------+---------+---------+
       Total:                                               4504    0         0      
                                                                                     
    ./LcdDriver/
       Crystalfontz128x128_ST7735.obj                       1656    52        20     
       HAL_MSP_EXP432P401R_Crystalfontz128x128_ST7735.obj   188     28        0      
    +--+----------------------------------------------------+-------+---------+---------+
       Total:                                               1844    80        20     
                                                                                     
    ./driverlib/MSP432P4xx/
       adc14.obj                                            2272    128       0      
       spi.obj                                              2212    0         0      
       interrupt.obj                                        1008    144       456    
       gpio.obj                                             1152    28        96     
       cpu.obj                                              62      0         0      
    +--+----------------------------------------------------+-------+---------+---------+
       Total:                                               6706    300       552    
                                                                                     
    /home/aglt93/ti/ccsv6/tools/compiler/arm_15.12.3.LTS/lib/rtsv7M4_T_le_v4SPD16_eabi.lib
       _printfi.obj                                         4368    0         0      
       memory.obj                                           988     0         24     
       typeinfo_.obj                                        188     356       8      
       ull_div_t2.obj                                       500     0         0      
       fd_add_t2.obj                                        438     0         0      
       fd_div_t2.obj                                        310     0         0      
       fd_cmp_t2.obj                                        268     0         0      
       ctype.obj                                            0       257       0      
       fd_mul_t2.obj                                        252     0         0      
       s_scalbn.obj                                         252     0         0      
       memcpy_t2.obj                                        156     0         0      
       memset_t2.obj                                        122     0         0      
       autoinit.obj                                         112     0         0      
       copy_decompress_rle.obj                              112     0         0      
       exit.obj                                             84      0         24     
       s_frexp.obj                                          100     0         0      
       sprintf.obj                                          96      0         0      
       ltoa.obj                                             86      0         0      
       boot.obj                                             84      0         0      
       rand.obj                                             76      0         8      
       atoi.obj                                             76      0         0      
       cpy_tbl.obj                                          76      0         0      
       fd_toi_t2.obj                                        72      0         0      
       new_.obj                                             48      0         0      
       i_tofd_t2.obj                                        46      0         0      
       _lock.obj                                            20      0         16     
       memccpy.obj                                          28      0         0      
       args_main.obj                                        24      0         0      
       strchr.obj                                           22      0         0      
       s_copysign.obj                                       20      0         0      
       strlen.obj                                           20      0         0      
       copy_decompress_none.obj                             14      0         0      
       delete.obj                                           8       0         0      
       errno.obj                                            0       0         8      
       stkdepth_vars.obj                                    0       0         8      
       vars.obj                                             0       0         8      
       pre_init.obj                                         4       0         0      
       mpu_init.obj                                         2       0         0      
       newhandler.obj                                       2       0         0      
       startup.obj                                          2       0         0      
    +--+----------------------------------------------------+-------+---------+---------+
       Total:                                               9076    613       104    
                                                                                     
       Heap:                                                0       0         2048   
       Stack:                                               0       0         1024   
       Linker Generated:                                    0       145       0      
    +--+----------------------------------------------------+-------+---------+---------+
       Grand Total:                                         29484   2743      20236  


LINKER GENERATED COPY TABLES

__TI_cinit_table @ 00007dec records: 3, size/record: 8, table size: 24
	.data: load addr=00007d68, load size=0000005d bytes, run addr=20002510, run size=0000007c bytes, compression=rle
	.bss: load addr=00007dc8, load size=0000000b bytes, run addr=200000e8, run size=00002026 bytes, compression=rle
	.vtable: load addr=00007dd8, load size=00000009 bytes, run addr=20000000, run size=000000e4 bytes, compression=rle


LINKER GENERATED HANDLER TABLE

__TI_handler_table @ 00007de4 records: 2, size/record: 4, table size: 8
	index: 0, handler: __TI_decompress_rle24
	index: 1, handler: __TI_decompress_none


GLOBAL SYMBOLS: SORTED ALPHABETICALLY BY Name 

address   name                                              
-------   ----                                              
00004adf  ADC14_IRQHandler                                  
00004adf  ADC14_IRQHandler                                  
00001a49  ADC14_clearInterruptFlag                          
000015e9  ADC14_configureConversionMemory                   
00001491  ADC14_configureMultiSequenceMode                  
00001527  ADC14_configureSingleSampleMode                   
00001721  ADC14_disableComparatorWindow                     
000015bf  ADC14_disableConversion                           
000019c3  ADC14_disableInterrupt                            
00001365  ADC14_disableModule                               
0000193f  ADC14_disableReferenceBurst                       
000013a5  ADC14_disableSampleTimer                          
00001691  ADC14_enableComparatorWindow                      
0000157d  ADC14_enableConversion                            
00001997  ADC14_enableInterrupt                             
0000135d  ADC14_enableModule                                
00001929  ADC14_enableReferenceBurst                        
0000137b  ADC14_enableSampleTimer                           
00001a19  ADC14_getEnabledInterruptStatus                   
000019ef  ADC14_getInterruptStatus                          
00001849  ADC14_getMultiSequenceResult                      
0000141b  ADC14_getResolution                               
0000182f  ADC14_getResult                                   
000018b5  ADC14_getResultArray                              
000013bb  ADC14_initModule                                  
000015cb  ADC14_isBusy                                      
00001a79  ADC14_registerInterrupt                           
0000177f  ADC14_setComparatorWindowValue                    
00001955  ADC14_setPowerMode                                
00001401  ADC14_setResolution                               
00001805  ADC14_setResultFormat                             
00001467  ADC14_setSampleHoldTime                           
00001425  ADC14_setSampleHoldTrigger                        
0000159d  ADC14_toggleConversionTrigger                     
00001a8d  ADC14_unregisterInterrupt                         
00007403  AES256_IRQHandler                                 
00004a35  BUTTON_DOWN_ISR                                   
00004a7b  BUTTON_UP_ISR                                     
00007403  BusFault_Handler                                  
000070c5  C$$EXIT                                           
00007403  COMP_E0_IRQHandler                                
00007403  COMP_E1_IRQHandler                                
00007279  CPU_basepriGet                                    
0000726b  CPU_basepriSet                                    
00007245  CPU_cpsid                                         
0000725b  CPU_cpsie                                         
00007251  CPU_primask                                       
00007267  CPU_wfi                                           
00007403  CS_IRQHandler                                     
00002379  Crystalfontz128x128_Init                          
0000248d  Crystalfontz128x128_SetDrawFrame                  
000025bb  Crystalfontz128x128_SetOrientation                
00007403  DMA_ERR_IRQHandler                                
00007403  DMA_INT0_IRQHandler                               
00007403  DMA_INT1_IRQHandler                               
00007403  DMA_INT2_IRQHandler                               
00007403  DMA_INT3_IRQHandler                               
00007403  DebugMon_Handler                                  
00007403  Default_Handler                                   
00007403  EUSCIA0_IRQHandler                                
00007403  EUSCIA1_IRQHandler                                
00007403  EUSCIA2_IRQHandler                                
00007403  EUSCIA3_IRQHandler                                
00007403  EUSCIB0_IRQHandler                                
00007403  EUSCIB1_IRQHandler                                
00007403  EUSCIB2_IRQHandler                                
00007403  EUSCIB3_IRQHandler                                
00002243  EUSCI_A_SPI_changeClockPhasePolarity              
000022f7  EUSCI_A_SPI_clearInterruptFlag                    
00002327  EUSCI_A_SPI_disable                               
000022c5  EUSCI_A_SPI_disableInterrupt                      
00002311  EUSCI_A_SPI_enable                                
000022ab  EUSCI_A_SPI_enableInterrupt                       
000022df  EUSCI_A_SPI_getInterruptStatus                    
0000233d  EUSCI_A_SPI_getReceiveBufferAddressForDMA         
0000234b  EUSCI_A_SPI_getTransmitBufferAddressForDMA        
00002359  EUSCI_A_SPI_isBusy                                
000021c3  EUSCI_A_SPI_masterChangeClock                     
0000229b  EUSCI_A_SPI_receiveData                           
000021a3  EUSCI_A_SPI_select4PinFunctionality               
000021f9  EUSCI_A_SPI_slaveInit                             
00002285  EUSCI_A_SPI_transmitData                          
00002075  EUSCI_B_SPI_changeClockPhasePolarity              
00002129  EUSCI_B_SPI_clearInterruptFlag                    
00002159  EUSCI_B_SPI_disable                               
000020f7  EUSCI_B_SPI_disableInterrupt                      
00002143  EUSCI_B_SPI_enable                                
000020dd  EUSCI_B_SPI_enableInterrupt                       
00002111  EUSCI_B_SPI_getInterruptStatus                    
0000216f  EUSCI_B_SPI_getReceiveBufferAddressForDMA         
0000217d  EUSCI_B_SPI_getTransmitBufferAddressForDMA        
0000218b  EUSCI_B_SPI_isBusy                                
00001ff9  EUSCI_B_SPI_masterChangeClock                     
000020cd  EUSCI_B_SPI_receiveData                           
00001fd9  EUSCI_B_SPI_select4PinFunctionality               
0000202b  EUSCI_B_SPI_slaveInit                             
000020b7  EUSCI_B_SPI_transmitData                          
00007403  FLCTL_IRQHandler                                  
00007403  FPU_IRQHandler                                    
00004807  GPIO_clearInterruptFlag                           
000047c7  GPIO_disableInterrupt                             
000047a5  GPIO_enableInterrupt                              
0000485f  GPIO_getEnabledInterruptStatus                    
00004777  GPIO_getInputPinValue                             
000047e9  GPIO_getInterruptStatus                           
00004829  GPIO_interruptEdgeSelect                          
0000491f  GPIO_registerInterrupt                            
0000451f  GPIO_setAsInputPin                                
000046d3  GPIO_setAsInputPinWithPullDownResistor            
00004725  GPIO_setAsInputPinWithPullUpResistor              
000044e5  GPIO_setAsOutputPin                               
000045e9  GPIO_setAsPeripheralModuleFunctionInputPin        
00004565  GPIO_setAsPeripheralModuleFunctionOutputPin       
000048db  GPIO_setDriveStrengthHigh                         
000048fd  GPIO_setDriveStrengthLow                          
0000466d  GPIO_setOutputHighOnPin                           
0000468f  GPIO_setOutputLowOnPin                            
000046b1  GPIO_toggleOutputOnPin                            
0000493f  GPIO_unregisterInterrupt                          
00005dcb  Graphics_clearDisplay                             
00006639  Graphics_clearDisplayOnDisplay                    
0000658b  Graphics_drawHorizontalLineOnDisplay              
00004371  Graphics_drawLine                                 
00004055  Graphics_drawLineH                                
000040f1  Graphics_drawLineV                                
00006547  Graphics_drawMultiplePixelsOnDisplay              
00005ddd  Graphics_drawPixel                                
0000651d  Graphics_drawPixelOnDisplay                       
000058a1  Graphics_drawRectangle                            
00003183  Graphics_drawString                               
00003611  Graphics_drawStringCentered                       
000065bf  Graphics_drawVerticalLineOnDisplay                
00005943  Graphics_fillRectangle                            
000065f3  Graphics_fillRectangleOnDisplay                   
00005dbd  Graphics_flushBuffer                              
00006627  Graphics_flushOnDisplay                           
00005d9f  Graphics_getDisplayHeight                         
00005d8f  Graphics_getDisplayWidth                          
00005d3d  Graphics_getFontBaseline                          
00005d73  Graphics_getFontHeight                            
00005d81  Graphics_getFontMaxWidth                          
00005daf  Graphics_getHeightOfDisplay                       
00005aa7  Graphics_getRectangleIntersection                 
00003601  Graphics_getStringBaseline                        
00003659  Graphics_getStringHeight                          
00003669  Graphics_getStringMaxWidth                        
00003089  Graphics_getStringWidth                           
00005e37  Graphics_getWidthOfDisplay                        
00005bdf  Graphics_initContext                              
00005b8d  Graphics_isPointWithinRectangle                   
00005a55  Graphics_isRectangleOverlap                       
00005cf3  Graphics_setBackgroundColor                       
00005d0d  Graphics_setBackgroundColorTranslated             
00005c29  Graphics_setClipRegion                            
00005d23  Graphics_setFont                                  
00005d4b  Graphics_setForegroundColor                       
00005d61  Graphics_setForegroundColorTranslated             
00006611  Graphics_translateColorOnDisplay                  
00006a35  HAL_LCD_PortInit                                  
00006a65  HAL_LCD_SpiInit                                   
00006a9b  HAL_LCD_writeCommand                              
00006ac3  HAL_LCD_writeData                                 
00007403  HardFault_Handler                                 
00004f27  Interrupt_disableInterrupt                        
00004d77  Interrupt_disableMaster                           
00005125  Interrupt_disableSleepOnIsrExit                   
00004eb5  Interrupt_enableInterrupt                         
00004d67  Interrupt_enableMaster                            
00005113  Interrupt_enableSleepOnIsrExit                    
00004e8f  Interrupt_getPriority                             
00004e07  Interrupt_getPriorityGrouping                     
000050f3  Interrupt_getPriorityMask                         
0000510d  Interrupt_getVectorTableAddress                   
00004f99  Interrupt_isEnabled                               
00005025  Interrupt_pendInterrupt                           
00004d87  Interrupt_registerInterrupt                       
00004e3f  Interrupt_setPriority                             
00004ded  Interrupt_setPriorityGrouping                     
000050e3  Interrupt_setPriorityMask                         
000050fd  Interrupt_setVectorTableAddress                   
00005095  Interrupt_unpendInterrupt                         
00004dd9  Interrupt_unregisterInterrupt                     
2000210a  Lcd_FlagRead                                      
2000210b  Lcd_FontSolid                                     
2000210c  Lcd_Orientation                                   
2000210d  Lcd_PenSolid                                      
20002104  Lcd_ScreenHeigth                                  
20002106  Lcd_ScreenWidth                                   
20002108  Lcd_TouchTrim                                     
200000e8  MainScheduler                                     
00007403  MemManage_Handler                                 
00007403  NMI_Handler                                       
00007403  PCM_IRQHandler                                    
00007403  PORT1_IRQHandler                                  
00007403  PORT2_IRQHandler                                  
00007403  PORT3_IRQHandler                                  
00007403  PORT4_IRQHandler                                  
00007403  PORT5_IRQHandler                                  
00007403  PORT6_IRQHandler                                  
00007403  PSS_IRQHandler                                    
00007403  PendSV_Handler                                    
00007403  RTC_C_IRQHandler                                  
000073f7  Reset_Handler                                     
00007d60  SHT$$INIT_ARRAY$$Base                             
00007d64  SHT$$INIT_ARRAY$$Limit                            
00001c97  SPI_changeClockPhasePolarity                      
00001bf1  SPI_changeMasterClock                             
00001e49  SPI_clearInterruptFlag                            
00001dcb  SPI_disableInterrupt                              
00001d25  SPI_disableModule                                 
00001da5  SPI_enableInterrupt                               
00001d09  SPI_enableModule                                  
00001e19  SPI_getEnabledInterruptStatus                     
00001df1  SPI_getInterruptStatus                            
00001d41  SPI_getReceiveBufferAddressForDMA                 
00001d5d  SPI_getTransmitBufferAddressForDMA                
00001b05  SPI_initMaster                                    
00001c19  SPI_initSlave                                     
00001d89  SPI_isBusy                                        
00001ced  SPI_receiveData                                   
00001e6f  SPI_registerInterrupt                             
00001bcb  SPI_selectFourPinFunctionality                    
00001cc7  SPI_transmitData                                  
00001f2d  SPI_unregisterInterrupt                           
00007403  SVC_Handler                                       
00007403  SysTick_Handler                                   
20002588  SystemCoreClock                                   
00005531  SystemCoreClockUpdate                             
000057a5  SystemInit                                        
00004ac1  T32_INT1_IRQHandler                               
00004ac1  T32_INT1_IRQHandler                               
00007403  T32_INT2_IRQHandler                               
00007403  T32_INTC_IRQHandler                               
00007403  TA0_0_IRQHandler                                  
00007403  TA0_N_IRQHandler                                  
00007403  TA1_0_IRQHandler                                  
00007403  TA1_N_IRQHandler                                  
00007403  TA2_0_IRQHandler                                  
00007403  TA2_N_IRQHandler                                  
00007403  TA3_0_IRQHandler                                  
00007403  TA3_N_IRQHandler                                  
00007403  UsageFault_Handler                                
4000480c  WDTCTL_SYM                                        
00007403  WDT_A_IRQHandler                                  
00003679  _Z12BallControlXP6RacketS0_P4Ball                 
000036c1  _Z12BallControlYP6RacketS0_P4Ball                 
00004be1  _Z13setupButtonUpv                                
00003709  _Z15ResetRacketLeftP6Racket                       
00004c0f  _Z15setupButtonDownv                              
00003727  _Z16ResetRacketRightP6Racket                      
00006f53  _Z21__default_new_handlerv                        
00005e45  _Z4rollii                                         
00004c3d  _Z5Setupv                                         
00004b43  _Z8setupADCv                                      
00006b9d  _ZN10__cxxabiv116__enum_type_infoD0Ev             
00006b9b  _ZN10__cxxabiv116__enum_type_infoD1Ev             
00006b9b  _ZN10__cxxabiv116__enum_type_infoD2Ev             
00006b93  _ZN10__cxxabiv117__array_type_infoD0Ev            
00006b91  _ZN10__cxxabiv117__array_type_infoD1Ev            
00006b91  _ZN10__cxxabiv117__array_type_infoD2Ev            
00006b89  _ZN10__cxxabiv117__class_type_infoD0Ev            
00006b87  _ZN10__cxxabiv117__class_type_infoD1Ev            
00006b87  _ZN10__cxxabiv117__class_type_infoD2Ev            
00006b7f  _ZN10__cxxabiv117__pbase_type_infoD0Ev            
00006b7d  _ZN10__cxxabiv117__pbase_type_infoD1Ev            
00006b7d  _ZN10__cxxabiv117__pbase_type_infoD2Ev            
00006b75  _ZN10__cxxabiv119__pointer_type_infoD0Ev          
00006b73  _ZN10__cxxabiv119__pointer_type_infoD1Ev          
00006b73  _ZN10__cxxabiv119__pointer_type_infoD2Ev          
00006b6b  _ZN10__cxxabiv120__function_type_infoD0Ev         
00006b69  _ZN10__cxxabiv120__function_type_infoD1Ev         
00006b69  _ZN10__cxxabiv120__function_type_infoD2Ev         
00006b61  _ZN10__cxxabiv120__si_class_type_infoD0Ev         
00006b5f  _ZN10__cxxabiv120__si_class_type_infoD1Ev         
00006b5f  _ZN10__cxxabiv120__si_class_type_infoD2Ev         
00006b57  _ZN10__cxxabiv121__vmi_class_type_infoD0Ev        
00006b55  _ZN10__cxxabiv121__vmi_class_type_infoD1Ev        
00006b55  _ZN10__cxxabiv121__vmi_class_type_infoD2Ev        
00006b4d  _ZN10__cxxabiv123__fundamental_type_infoD0Ev      
00006b4b  _ZN10__cxxabiv123__fundamental_type_infoD1Ev      
00006b4b  _ZN10__cxxabiv123__fundamental_type_infoD2Ev      
00006b43  _ZN10__cxxabiv129__pointer_to_member_type_infoD0Ev
00006b41  _ZN10__cxxabiv129__pointer_to_member_type_infoD1Ev
00006b41  _ZN10__cxxabiv129__pointer_to_member_type_infoD2Ev
00005f3d  _ZN4Ball12CheckLimitsXEv                          
00005fbb  _ZN4Ball12CheckLimitsYEv                          
00005e8b  _ZN4BallC1EiiiiiPiS0_                             
000073cd  _ZN4BallC1Ev                                      
00005e8b  _ZN4BallC2EiiiiiPiS0_                             
00007319  _ZN4Task11SendMessageEv                           
00007285  _ZN4Task14ProcessMessageE3MSG                     
00006c3d  _ZN4Task17GetTaskFinalCountEv                     
00006c0f  _ZN4Task17SetTaskFinalCountEy                     
00006c2d  _ZN4Task19GetTaskCurrentCountEv                   
00006bf1  _ZN4Task19SetTaskCurrentCountEy                   
00006bcb  _ZN4Task3runEv                                    
00006bad  _ZN4TaskC1Ev                                      
00006bad  _ZN4TaskC2Ev                                      
00006a01  _ZN6Racket12CheckLimitsYEv                        
00006955  _ZN6RacketC1EiiiiiPiS0_                           
000073db  _ZN6RacketC1Ev                                    
00006955  _ZN6RacketC2EiiiiiPiS0_                           
00003c95  _ZN6Screen11printFigureEv                         
00003c33  _ZN6Screen14ProcessMessageE3MSG                   
00003f9d  _ZN6Screen14printPongScoreE3MSG                   
00003e95  _ZN6Screen14printPongTableEv                      
00003ddd  _ZN6Screen15getFigureChangeE3MSG                  
00003eff  _ZN6Screen15printPongWinnerE3MSG                  
00003c0d  _ZN6Screen3runEv                                  
00003bad  _ZN6ScreenC1Eib                                   
00003bad  _ZN6ScreenC2Eib                                   
00003a15  _ZN9GameLogic12scoreControlEP6RacketS1_P4Ball     
00003b59  _ZN9GameLogic13winnerControlEv                    
0000392b  _ZN9GameLogic14ProcessMessageE3MSG                
00003889  _ZN9GameLogic3runEv                               
00003745  _ZN9GameLogicC1Eibi                               
00003745  _ZN9GameLogicC2Eibi                               
000066fd  _ZN9GamePiece12CheckChangeXEv                     
0000672d  _ZN9GamePiece12CheckChangeYEv                     
000066cf  _ZN9GamePiece13getDirectionXEv                    
000066ef  _ZN9GamePiece13getDirectionYEv                    
000066bd  _ZN9GamePiece13setDirectionXEi                    
000066dd  _ZN9GamePiece13setDirectionYEi                    
0000666f  _ZN9GamePiece7getPosXEv                           
0000668f  _ZN9GamePiece7getPosYEv                           
000066af  _ZN9GamePiece7getSizeEv                           
0000665d  _ZN9GamePiece7setPosXEi                           
0000667d  _ZN9GamePiece7setPosYEi                           
0000669d  _ZN9GamePiece7setSizeEi                           
00006651  _ZN9GamePieceC1Ev                                 
00006651  _ZN9GamePieceC2Ev                                 
00002dcb  _ZN9Scheduler13attachMessageE3MSG                 
00002fdb  _ZN9Scheduler14processMessageE3MSG                
00002e27  _ZN9Scheduler17clearMessageQueueEv                
00002f8d  _ZN9Scheduler18clearNextSchedulerEv               
00002c55  _ZN9Scheduler19ProcessMessageQueueEv              
00002b91  _ZN9Scheduler21CalculateNextScheduleEv            
0000302f  _ZN9Scheduler22SortScheduleByPriorityEP4Task      
00002b0d  _ZN9Scheduler3runEv                               
00002a97  _ZN9Scheduler6attachEP4Task                       
000029f1  _ZN9SchedulerC1Ev                                 
000029f1  _ZN9SchedulerC2Ev                                 
00006b03  _ZNKSt9type_info4nameEv                           
00006b33  _ZNKSt9type_info6beforeERKS_                      
00006b1d  _ZNKSt9type_infoeqERKS_                           
00006b07  _ZNKSt9type_infoneERKS_                           
00006afb  _ZNSt9type_infoD0Ev                               
00006af9  _ZNSt9type_infoD1Ev                               
00006af9  _ZNSt9type_infoD2Ev                               
20002100  _ZSt16__dummy_typeinfo                            
00006af1  _ZSt21__gen_dummy_typeinfosv                      
00007d14  _ZTI4Task                                         
00007c7c  _ZTI6Screen                                       
00007c88  _ZTI9GameLogic                                    
00007c94  _ZTIN10__cxxabiv117__class_type_infoE             
00007ca0  _ZTIN10__cxxabiv117__pbase_type_infoE             
00007cac  _ZTIN10__cxxabiv119__pointer_type_infoE           
00007cb8  _ZTIN10__cxxabiv120__si_class_type_infoE          
00007cc4  _ZTIN10__cxxabiv123__fundamental_type_infoE       
00007c1c  _ZTIPKe                                           
00007d1c  _ZTISt9type_info                                  
00007d24  _ZTIe                                             
00007d54  _ZTS4Task                                         
00007d2c  _ZTS6Screen                                       
00007cd0  _ZTS9GameLogic                                    
00007a49  _ZTSN10__cxxabiv117__class_type_infoE             
00007a6b  _ZTSN10__cxxabiv117__pbase_type_infoE             
00007a25  _ZTSN10__cxxabiv119__pointer_type_infoE           
00007a00  _ZTSN10__cxxabiv120__si_class_type_infoE          
000079d8  _ZTSN10__cxxabiv123__fundamental_type_infoE       
00007d5a  _ZTSPKe                                           
00007c6c  _ZTSSt9type_info                                  
00007811  _ZTSe                                             
00007bf4  _ZTV4Task                                         
00007c08  _ZTV6Screen                                       
00007ae8  _ZTV9GameLogic                                    
00007c2c  _ZTVN10__cxxabiv117__class_type_infoE             
00007c3c  _ZTVN10__cxxabiv119__pointer_type_infoE           
00007c4c  _ZTVN10__cxxabiv120__si_class_type_infoE          
00007c5c  _ZTVN10__cxxabiv123__fundamental_type_infoE       
00007405  _ZdlPv                                            
000072b9  _Znwj                                             
20010000  __STACK_END                                       
00000200  __STACK_SIZE                                      
00000400  __SYSMEM_SIZE                                     
00007dec  __TI_CINIT_Base                                   
00007e04  __TI_CINIT_Limit                                  
00007de4  __TI_Handler_Table_Base                           
00007dec  __TI_Handler_Table_Limit                          
00006e79  __TI_auto_init                                    
20002554  __TI_cleanup_ptr                                  
000073e9  __TI_decompress_none                              
0000740d  __TI_decompress_rle24                             
20002558  __TI_dtors_ptr                                    
2000255c  __TI_enable_exit_profile_output                   
ffffffff  __TI_pprof_out_hndl                               
00000eef  __TI_printfi                                      
ffffffff  __TI_prof_data_size                               
ffffffff  __TI_prof_data_start                              
00000000  __TI_static_base__                                
00006cf1  __aeabi_cdcmpeq                                   
00006cf1  __aeabi_cdcmple                                   
00006d77  __aeabi_cdrcmple                                  
000071fd  __aeabi_d2iz                                      
0000623b  __aeabi_dadd                                      
000063e7  __aeabi_ddiv                                      
0000675d  __aeabi_dmul                                      
00006231  __aeabi_dsub                                      
000072e9  __aeabi_i2d                                       
00006dfd  __aeabi_memclr                                    
00006dfd  __aeabi_memclr4                                   
00006dfd  __aeabi_memclr8                                   
00006c55  __aeabi_memcpy                                    
00006c55  __aeabi_memcpy4                                   
00006c55  __aeabi_memcpy8                                   
00006dff  __aeabi_memset                                    
00006dff  __aeabi_memset4                                   
00006dff  __aeabi_memset8                                   
0000603d  __aeabi_uldivmod                                  
ffffffff  __binit__                                         
ffffffff  __c_args__                                        
00006e77  __mpu_init                                        
2000fe00  __stack                                           
00004cc1  __sti___8_main_cpp_05102ee7                       
00007361  _args_main                                        
00007071  _c_int00                                          
00007710  _ctypes_                                          
2000256c  _lock                                             
20002584  _new_handler                                      
0000739f  _nop                                              
00007397  _register_lock                                    
00007391  _register_unlock                                  
20002110  _sys_memory                                       
0000706f  _system_post_cinit                                
00007413  _system_pre_init                                  
20002570  _unlock                                           
200020fc  aDataFromADC                                      
20002574  aDataFromButton                                   
000070c9  abort                                             
00007119  atoi                                              
ffffffff  binit                                             
000054fd  calloc                                            
00007165  copy_in                                           
000073a5  copysign                                          
000073a5  copysignl                                         
20002548  counterDown                                       
2000254c  counterUp                                         
20002578  errno                                             
000070d1  exit                                              
0000524b  free                                              
00006f55  frexp                                             
00006f55  frexpl                                            
20000000  g_pfnRAMVectors                                   
200020d8  g_sContext                                        
000079ac  g_sCrystalfontz128x128                            
00007814  g_sFontFixed6x8                                   
00000000  interruptVectors                                  
00006859  ldexp                                             
00006859  ldexpl                                            
00007019  ltoa                                              
000049cf  main                                              
20002580  main_func_sp                                      
000051e3  malloc                                            
00005419  memalign                                          
00007345  memccpy                                           
00006c55  memcpy                                            
00006e05  memset                                            
00005155  minit                                             
20002550  pDataToScreenB                                    
200020f4  positionDown                                      
200020f8  positionUp                                        
000071c7  rand                                              
0000530d  realloc                                           
00006859  scalbn                                            
00006859  scalbnl                                           
00006fb9  sprintf                                           
000071b1  srand                                             
00007379  strchr                                            
000073b9  strlen                                            


GLOBAL SYMBOLS: SORTED BY Symbol Address 

address   name                                              
-------   ----                                              
00000000  __TI_static_base__                                
00000000  interruptVectors                                  
00000200  __STACK_SIZE                                      
00000400  __SYSMEM_SIZE                                     
00000eef  __TI_printfi                                      
0000135d  ADC14_enableModule                                
00001365  ADC14_disableModule                               
0000137b  ADC14_enableSampleTimer                           
000013a5  ADC14_disableSampleTimer                          
000013bb  ADC14_initModule                                  
00001401  ADC14_setResolution                               
0000141b  ADC14_getResolution                               
00001425  ADC14_setSampleHoldTrigger                        
00001467  ADC14_setSampleHoldTime                           
00001491  ADC14_configureMultiSequenceMode                  
00001527  ADC14_configureSingleSampleMode                   
0000157d  ADC14_enableConversion                            
0000159d  ADC14_toggleConversionTrigger                     
000015bf  ADC14_disableConversion                           
000015cb  ADC14_isBusy                                      
000015e9  ADC14_configureConversionMemory                   
00001691  ADC14_enableComparatorWindow                      
00001721  ADC14_disableComparatorWindow                     
0000177f  ADC14_setComparatorWindowValue                    
00001805  ADC14_setResultFormat                             
0000182f  ADC14_getResult                                   
00001849  ADC14_getMultiSequenceResult                      
000018b5  ADC14_getResultArray                              
00001929  ADC14_enableReferenceBurst                        
0000193f  ADC14_disableReferenceBurst                       
00001955  ADC14_setPowerMode                                
00001997  ADC14_enableInterrupt                             
000019c3  ADC14_disableInterrupt                            
000019ef  ADC14_getInterruptStatus                          
00001a19  ADC14_getEnabledInterruptStatus                   
00001a49  ADC14_clearInterruptFlag                          
00001a79  ADC14_registerInterrupt                           
00001a8d  ADC14_unregisterInterrupt                         
00001b05  SPI_initMaster                                    
00001bcb  SPI_selectFourPinFunctionality                    
00001bf1  SPI_changeMasterClock                             
00001c19  SPI_initSlave                                     
00001c97  SPI_changeClockPhasePolarity                      
00001cc7  SPI_transmitData                                  
00001ced  SPI_receiveData                                   
00001d09  SPI_enableModule                                  
00001d25  SPI_disableModule                                 
00001d41  SPI_getReceiveBufferAddressForDMA                 
00001d5d  SPI_getTransmitBufferAddressForDMA                
00001d89  SPI_isBusy                                        
00001da5  SPI_enableInterrupt                               
00001dcb  SPI_disableInterrupt                              
00001df1  SPI_getInterruptStatus                            
00001e19  SPI_getEnabledInterruptStatus                     
00001e49  SPI_clearInterruptFlag                            
00001e6f  SPI_registerInterrupt                             
00001f2d  SPI_unregisterInterrupt                           
00001fd9  EUSCI_B_SPI_select4PinFunctionality               
00001ff9  EUSCI_B_SPI_masterChangeClock                     
0000202b  EUSCI_B_SPI_slaveInit                             
00002075  EUSCI_B_SPI_changeClockPhasePolarity              
000020b7  EUSCI_B_SPI_transmitData                          
000020cd  EUSCI_B_SPI_receiveData                           
000020dd  EUSCI_B_SPI_enableInterrupt                       
000020f7  EUSCI_B_SPI_disableInterrupt                      
00002111  EUSCI_B_SPI_getInterruptStatus                    
00002129  EUSCI_B_SPI_clearInterruptFlag                    
00002143  EUSCI_B_SPI_enable                                
00002159  EUSCI_B_SPI_disable                               
0000216f  EUSCI_B_SPI_getReceiveBufferAddressForDMA         
0000217d  EUSCI_B_SPI_getTransmitBufferAddressForDMA        
0000218b  EUSCI_B_SPI_isBusy                                
000021a3  EUSCI_A_SPI_select4PinFunctionality               
000021c3  EUSCI_A_SPI_masterChangeClock                     
000021f9  EUSCI_A_SPI_slaveInit                             
00002243  EUSCI_A_SPI_changeClockPhasePolarity              
00002285  EUSCI_A_SPI_transmitData                          
0000229b  EUSCI_A_SPI_receiveData                           
000022ab  EUSCI_A_SPI_enableInterrupt                       
000022c5  EUSCI_A_SPI_disableInterrupt                      
000022df  EUSCI_A_SPI_getInterruptStatus                    
000022f7  EUSCI_A_SPI_clearInterruptFlag                    
00002311  EUSCI_A_SPI_enable                                
00002327  EUSCI_A_SPI_disable                               
0000233d  EUSCI_A_SPI_getReceiveBufferAddressForDMA         
0000234b  EUSCI_A_SPI_getTransmitBufferAddressForDMA        
00002359  EUSCI_A_SPI_isBusy                                
00002379  Crystalfontz128x128_Init                          
0000248d  Crystalfontz128x128_SetDrawFrame                  
000025bb  Crystalfontz128x128_SetOrientation                
000029f1  _ZN9SchedulerC1Ev                                 
000029f1  _ZN9SchedulerC2Ev                                 
00002a97  _ZN9Scheduler6attachEP4Task                       
00002b0d  _ZN9Scheduler3runEv                               
00002b91  _ZN9Scheduler21CalculateNextScheduleEv            
00002c55  _ZN9Scheduler19ProcessMessageQueueEv              
00002dcb  _ZN9Scheduler13attachMessageE3MSG                 
00002e27  _ZN9Scheduler17clearMessageQueueEv                
00002f8d  _ZN9Scheduler18clearNextSchedulerEv               
00002fdb  _ZN9Scheduler14processMessageE3MSG                
0000302f  _ZN9Scheduler22SortScheduleByPriorityEP4Task      
00003089  Graphics_getStringWidth                           
00003183  Graphics_drawString                               
00003601  Graphics_getStringBaseline                        
00003611  Graphics_drawStringCentered                       
00003659  Graphics_getStringHeight                          
00003669  Graphics_getStringMaxWidth                        
00003679  _Z12BallControlXP6RacketS0_P4Ball                 
000036c1  _Z12BallControlYP6RacketS0_P4Ball                 
00003709  _Z15ResetRacketLeftP6Racket                       
00003727  _Z16ResetRacketRightP6Racket                      
00003745  _ZN9GameLogicC1Eibi                               
00003745  _ZN9GameLogicC2Eibi                               
00003889  _ZN9GameLogic3runEv                               
0000392b  _ZN9GameLogic14ProcessMessageE3MSG                
00003a15  _ZN9GameLogic12scoreControlEP6RacketS1_P4Ball     
00003b59  _ZN9GameLogic13winnerControlEv                    
00003bad  _ZN6ScreenC1Eib                                   
00003bad  _ZN6ScreenC2Eib                                   
00003c0d  _ZN6Screen3runEv                                  
00003c33  _ZN6Screen14ProcessMessageE3MSG                   
00003c95  _ZN6Screen11printFigureEv                         
00003ddd  _ZN6Screen15getFigureChangeE3MSG                  
00003e95  _ZN6Screen14printPongTableEv                      
00003eff  _ZN6Screen15printPongWinnerE3MSG                  
00003f9d  _ZN6Screen14printPongScoreE3MSG                   
00004055  Graphics_drawLineH                                
000040f1  Graphics_drawLineV                                
00004371  Graphics_drawLine                                 
000044e5  GPIO_setAsOutputPin                               
0000451f  GPIO_setAsInputPin                                
00004565  GPIO_setAsPeripheralModuleFunctionOutputPin       
000045e9  GPIO_setAsPeripheralModuleFunctionInputPin        
0000466d  GPIO_setOutputHighOnPin                           
0000468f  GPIO_setOutputLowOnPin                            
000046b1  GPIO_toggleOutputOnPin                            
000046d3  GPIO_setAsInputPinWithPullDownResistor            
00004725  GPIO_setAsInputPinWithPullUpResistor              
00004777  GPIO_getInputPinValue                             
000047a5  GPIO_enableInterrupt                              
000047c7  GPIO_disableInterrupt                             
000047e9  GPIO_getInterruptStatus                           
00004807  GPIO_clearInterruptFlag                           
00004829  GPIO_interruptEdgeSelect                          
0000485f  GPIO_getEnabledInterruptStatus                    
000048db  GPIO_setDriveStrengthHigh                         
000048fd  GPIO_setDriveStrengthLow                          
0000491f  GPIO_registerInterrupt                            
0000493f  GPIO_unregisterInterrupt                          
000049cf  main                                              
00004a35  BUTTON_DOWN_ISR                                   
00004a7b  BUTTON_UP_ISR                                     
00004ac1  T32_INT1_IRQHandler                               
00004ac1  T32_INT1_IRQHandler                               
00004adf  ADC14_IRQHandler                                  
00004adf  ADC14_IRQHandler                                  
00004b43  _Z8setupADCv                                      
00004be1  _Z13setupButtonUpv                                
00004c0f  _Z15setupButtonDownv                              
00004c3d  _Z5Setupv                                         
00004cc1  __sti___8_main_cpp_05102ee7                       
00004d67  Interrupt_enableMaster                            
00004d77  Interrupt_disableMaster                           
00004d87  Interrupt_registerInterrupt                       
00004dd9  Interrupt_unregisterInterrupt                     
00004ded  Interrupt_setPriorityGrouping                     
00004e07  Interrupt_getPriorityGrouping                     
00004e3f  Interrupt_setPriority                             
00004e8f  Interrupt_getPriority                             
00004eb5  Interrupt_enableInterrupt                         
00004f27  Interrupt_disableInterrupt                        
00004f99  Interrupt_isEnabled                               
00005025  Interrupt_pendInterrupt                           
00005095  Interrupt_unpendInterrupt                         
000050e3  Interrupt_setPriorityMask                         
000050f3  Interrupt_getPriorityMask                         
000050fd  Interrupt_setVectorTableAddress                   
0000510d  Interrupt_getVectorTableAddress                   
00005113  Interrupt_enableSleepOnIsrExit                    
00005125  Interrupt_disableSleepOnIsrExit                   
00005155  minit                                             
000051e3  malloc                                            
0000524b  free                                              
0000530d  realloc                                           
00005419  memalign                                          
000054fd  calloc                                            
00005531  SystemCoreClockUpdate                             
000057a5  SystemInit                                        
000058a1  Graphics_drawRectangle                            
00005943  Graphics_fillRectangle                            
00005a55  Graphics_isRectangleOverlap                       
00005aa7  Graphics_getRectangleIntersection                 
00005b8d  Graphics_isPointWithinRectangle                   
00005bdf  Graphics_initContext                              
00005c29  Graphics_setClipRegion                            
00005cf3  Graphics_setBackgroundColor                       
00005d0d  Graphics_setBackgroundColorTranslated             
00005d23  Graphics_setFont                                  
00005d3d  Graphics_getFontBaseline                          
00005d4b  Graphics_setForegroundColor                       
00005d61  Graphics_setForegroundColorTranslated             
00005d73  Graphics_getFontHeight                            
00005d81  Graphics_getFontMaxWidth                          
00005d8f  Graphics_getDisplayWidth                          
00005d9f  Graphics_getDisplayHeight                         
00005daf  Graphics_getHeightOfDisplay                       
00005dbd  Graphics_flushBuffer                              
00005dcb  Graphics_clearDisplay                             
00005ddd  Graphics_drawPixel                                
00005e37  Graphics_getWidthOfDisplay                        
00005e45  _Z4rollii                                         
00005e8b  _ZN4BallC1EiiiiiPiS0_                             
00005e8b  _ZN4BallC2EiiiiiPiS0_                             
00005f3d  _ZN4Ball12CheckLimitsXEv                          
00005fbb  _ZN4Ball12CheckLimitsYEv                          
0000603d  __aeabi_uldivmod                                  
00006231  __aeabi_dsub                                      
0000623b  __aeabi_dadd                                      
000063e7  __aeabi_ddiv                                      
0000651d  Graphics_drawPixelOnDisplay                       
00006547  Graphics_drawMultiplePixelsOnDisplay              
0000658b  Graphics_drawHorizontalLineOnDisplay              
000065bf  Graphics_drawVerticalLineOnDisplay                
000065f3  Graphics_fillRectangleOnDisplay                   
00006611  Graphics_translateColorOnDisplay                  
00006627  Graphics_flushOnDisplay                           
00006639  Graphics_clearDisplayOnDisplay                    
00006651  _ZN9GamePieceC1Ev                                 
00006651  _ZN9GamePieceC2Ev                                 
0000665d  _ZN9GamePiece7setPosXEi                           
0000666f  _ZN9GamePiece7getPosXEv                           
0000667d  _ZN9GamePiece7setPosYEi                           
0000668f  _ZN9GamePiece7getPosYEv                           
0000669d  _ZN9GamePiece7setSizeEi                           
000066af  _ZN9GamePiece7getSizeEv                           
000066bd  _ZN9GamePiece13setDirectionXEi                    
000066cf  _ZN9GamePiece13getDirectionXEv                    
000066dd  _ZN9GamePiece13setDirectionYEi                    
000066ef  _ZN9GamePiece13getDirectionYEv                    
000066fd  _ZN9GamePiece12CheckChangeXEv                     
0000672d  _ZN9GamePiece12CheckChangeYEv                     
0000675d  __aeabi_dmul                                      
00006859  ldexp                                             
00006859  ldexpl                                            
00006859  scalbn                                            
00006859  scalbnl                                           
00006955  _ZN6RacketC1EiiiiiPiS0_                           
00006955  _ZN6RacketC2EiiiiiPiS0_                           
00006a01  _ZN6Racket12CheckLimitsYEv                        
00006a35  HAL_LCD_PortInit                                  
00006a65  HAL_LCD_SpiInit                                   
00006a9b  HAL_LCD_writeCommand                              
00006ac3  HAL_LCD_writeData                                 
00006af1  _ZSt21__gen_dummy_typeinfosv                      
00006af9  _ZNSt9type_infoD1Ev                               
00006af9  _ZNSt9type_infoD2Ev                               
00006afb  _ZNSt9type_infoD0Ev                               
00006b03  _ZNKSt9type_info4nameEv                           
00006b07  _ZNKSt9type_infoneERKS_                           
00006b1d  _ZNKSt9type_infoeqERKS_                           
00006b33  _ZNKSt9type_info6beforeERKS_                      
00006b41  _ZN10__cxxabiv129__pointer_to_member_type_infoD1Ev
00006b41  _ZN10__cxxabiv129__pointer_to_member_type_infoD2Ev
00006b43  _ZN10__cxxabiv129__pointer_to_member_type_infoD0Ev
00006b4b  _ZN10__cxxabiv123__fundamental_type_infoD1Ev      
00006b4b  _ZN10__cxxabiv123__fundamental_type_infoD2Ev      
00006b4d  _ZN10__cxxabiv123__fundamental_type_infoD0Ev      
00006b55  _ZN10__cxxabiv121__vmi_class_type_infoD1Ev        
00006b55  _ZN10__cxxabiv121__vmi_class_type_infoD2Ev        
00006b57  _ZN10__cxxabiv121__vmi_class_type_infoD0Ev        
00006b5f  _ZN10__cxxabiv120__si_class_type_infoD1Ev         
00006b5f  _ZN10__cxxabiv120__si_class_type_infoD2Ev         
00006b61  _ZN10__cxxabiv120__si_class_type_infoD0Ev         
00006b69  _ZN10__cxxabiv120__function_type_infoD1Ev         
00006b69  _ZN10__cxxabiv120__function_type_infoD2Ev         
00006b6b  _ZN10__cxxabiv120__function_type_infoD0Ev         
00006b73  _ZN10__cxxabiv119__pointer_type_infoD1Ev          
00006b73  _ZN10__cxxabiv119__pointer_type_infoD2Ev          
00006b75  _ZN10__cxxabiv119__pointer_type_infoD0Ev          
00006b7d  _ZN10__cxxabiv117__pbase_type_infoD1Ev            
00006b7d  _ZN10__cxxabiv117__pbase_type_infoD2Ev            
00006b7f  _ZN10__cxxabiv117__pbase_type_infoD0Ev            
00006b87  _ZN10__cxxabiv117__class_type_infoD1Ev            
00006b87  _ZN10__cxxabiv117__class_type_infoD2Ev            
00006b89  _ZN10__cxxabiv117__class_type_infoD0Ev            
00006b91  _ZN10__cxxabiv117__array_type_infoD1Ev            
00006b91  _ZN10__cxxabiv117__array_type_infoD2Ev            
00006b93  _ZN10__cxxabiv117__array_type_infoD0Ev            
00006b9b  _ZN10__cxxabiv116__enum_type_infoD1Ev             
00006b9b  _ZN10__cxxabiv116__enum_type_infoD2Ev             
00006b9d  _ZN10__cxxabiv116__enum_type_infoD0Ev             
00006bad  _ZN4TaskC1Ev                                      
00006bad  _ZN4TaskC2Ev                                      
00006bcb  _ZN4Task3runEv                                    
00006bf1  _ZN4Task19SetTaskCurrentCountEy                   
00006c0f  _ZN4Task17SetTaskFinalCountEy                     
00006c2d  _ZN4Task19GetTaskCurrentCountEv                   
00006c3d  _ZN4Task17GetTaskFinalCountEv                     
00006c55  __aeabi_memcpy                                    
00006c55  __aeabi_memcpy4                                   
00006c55  __aeabi_memcpy8                                   
00006c55  memcpy                                            
00006cf1  __aeabi_cdcmpeq                                   
00006cf1  __aeabi_cdcmple                                   
00006d77  __aeabi_cdrcmple                                  
00006dfd  __aeabi_memclr                                    
00006dfd  __aeabi_memclr4                                   
00006dfd  __aeabi_memclr8                                   
00006dff  __aeabi_memset                                    
00006dff  __aeabi_memset4                                   
00006dff  __aeabi_memset8                                   
00006e05  memset                                            
00006e77  __mpu_init                                        
00006e79  __TI_auto_init                                    
00006f53  _Z21__default_new_handlerv                        
00006f55  frexp                                             
00006f55  frexpl                                            
00006fb9  sprintf                                           
00007019  ltoa                                              
0000706f  _system_post_cinit                                
00007071  _c_int00                                          
000070c5  C$$EXIT                                           
000070c9  abort                                             
000070d1  exit                                              
00007119  atoi                                              
00007165  copy_in                                           
000071b1  srand                                             
000071c7  rand                                              
000071fd  __aeabi_d2iz                                      
00007245  CPU_cpsid                                         
00007251  CPU_primask                                       
0000725b  CPU_cpsie                                         
00007267  CPU_wfi                                           
0000726b  CPU_basepriSet                                    
00007279  CPU_basepriGet                                    
00007285  _ZN4Task14ProcessMessageE3MSG                     
000072b9  _Znwj                                             
000072e9  __aeabi_i2d                                       
00007319  _ZN4Task11SendMessageEv                           
00007345  memccpy                                           
00007361  _args_main                                        
00007379  strchr                                            
00007391  _register_unlock                                  
00007397  _register_lock                                    
0000739f  _nop                                              
000073a5  copysign                                          
000073a5  copysignl                                         
000073b9  strlen                                            
000073cd  _ZN4BallC1Ev                                      
000073db  _ZN6RacketC1Ev                                    
000073e9  __TI_decompress_none                              
000073f7  Reset_Handler                                     
00007403  AES256_IRQHandler                                 
00007403  BusFault_Handler                                  
00007403  COMP_E0_IRQHandler                                
00007403  COMP_E1_IRQHandler                                
00007403  CS_IRQHandler                                     
00007403  DMA_ERR_IRQHandler                                
00007403  DMA_INT0_IRQHandler                               
00007403  DMA_INT1_IRQHandler                               
00007403  DMA_INT2_IRQHandler                               
00007403  DMA_INT3_IRQHandler                               
00007403  DebugMon_Handler                                  
00007403  Default_Handler                                   
00007403  EUSCIA0_IRQHandler                                
00007403  EUSCIA1_IRQHandler                                
00007403  EUSCIA2_IRQHandler                                
00007403  EUSCIA3_IRQHandler                                
00007403  EUSCIB0_IRQHandler                                
00007403  EUSCIB1_IRQHandler                                
00007403  EUSCIB2_IRQHandler                                
00007403  EUSCIB3_IRQHandler                                
00007403  FLCTL_IRQHandler                                  
00007403  FPU_IRQHandler                                    
00007403  HardFault_Handler                                 
00007403  MemManage_Handler                                 
00007403  NMI_Handler                                       
00007403  PCM_IRQHandler                                    
00007403  PORT1_IRQHandler                                  
00007403  PORT2_IRQHandler                                  
00007403  PORT3_IRQHandler                                  
00007403  PORT4_IRQHandler                                  
00007403  PORT5_IRQHandler                                  
00007403  PORT6_IRQHandler                                  
00007403  PSS_IRQHandler                                    
00007403  PendSV_Handler                                    
00007403  RTC_C_IRQHandler                                  
00007403  SVC_Handler                                       
00007403  SysTick_Handler                                   
00007403  T32_INT2_IRQHandler                               
00007403  T32_INTC_IRQHandler                               
00007403  TA0_0_IRQHandler                                  
00007403  TA0_N_IRQHandler                                  
00007403  TA1_0_IRQHandler                                  
00007403  TA1_N_IRQHandler                                  
00007403  TA2_0_IRQHandler                                  
00007403  TA2_N_IRQHandler                                  
00007403  TA3_0_IRQHandler                                  
00007403  TA3_N_IRQHandler                                  
00007403  UsageFault_Handler                                
00007403  WDT_A_IRQHandler                                  
00007405  _ZdlPv                                            
0000740d  __TI_decompress_rle24                             
00007413  _system_pre_init                                  
00007710  _ctypes_                                          
00007811  _ZTSe                                             
00007814  g_sFontFixed6x8                                   
000079ac  g_sCrystalfontz128x128                            
000079d8  _ZTSN10__cxxabiv123__fundamental_type_infoE       
00007a00  _ZTSN10__cxxabiv120__si_class_type_infoE          
00007a25  _ZTSN10__cxxabiv119__pointer_type_infoE           
00007a49  _ZTSN10__cxxabiv117__class_type_infoE             
00007a6b  _ZTSN10__cxxabiv117__pbase_type_infoE             
00007ae8  _ZTV9GameLogic                                    
00007bf4  _ZTV4Task                                         
00007c08  _ZTV6Screen                                       
00007c1c  _ZTIPKe                                           
00007c2c  _ZTVN10__cxxabiv117__class_type_infoE             
00007c3c  _ZTVN10__cxxabiv119__pointer_type_infoE           
00007c4c  _ZTVN10__cxxabiv120__si_class_type_infoE          
00007c5c  _ZTVN10__cxxabiv123__fundamental_type_infoE       
00007c6c  _ZTSSt9type_info                                  
00007c7c  _ZTI6Screen                                       
00007c88  _ZTI9GameLogic                                    
00007c94  _ZTIN10__cxxabiv117__class_type_infoE             
00007ca0  _ZTIN10__cxxabiv117__pbase_type_infoE             
00007cac  _ZTIN10__cxxabiv119__pointer_type_infoE           
00007cb8  _ZTIN10__cxxabiv120__si_class_type_infoE          
00007cc4  _ZTIN10__cxxabiv123__fundamental_type_infoE       
00007cd0  _ZTS9GameLogic                                    
00007d14  _ZTI4Task                                         
00007d1c  _ZTISt9type_info                                  
00007d24  _ZTIe                                             
00007d2c  _ZTS6Screen                                       
00007d54  _ZTS4Task                                         
00007d5a  _ZTSPKe                                           
00007d60  SHT$$INIT_ARRAY$$Base                             
00007d64  SHT$$INIT_ARRAY$$Limit                            
00007de4  __TI_Handler_Table_Base                           
00007dec  __TI_CINIT_Base                                   
00007dec  __TI_Handler_Table_Limit                          
00007e04  __TI_CINIT_Limit                                  
20000000  g_pfnRAMVectors                                   
200000e8  MainScheduler                                     
200020d8  g_sContext                                        
200020f4  positionDown                                      
200020f8  positionUp                                        
200020fc  aDataFromADC                                      
20002100  _ZSt16__dummy_typeinfo                            
20002104  Lcd_ScreenHeigth                                  
20002106  Lcd_ScreenWidth                                   
20002108  Lcd_TouchTrim                                     
2000210a  Lcd_FlagRead                                      
2000210b  Lcd_FontSolid                                     
2000210c  Lcd_Orientation                                   
2000210d  Lcd_PenSolid                                      
20002110  _sys_memory                                       
20002548  counterDown                                       
2000254c  counterUp                                         
20002550  pDataToScreenB                                    
20002554  __TI_cleanup_ptr                                  
20002558  __TI_dtors_ptr                                    
2000255c  __TI_enable_exit_profile_output                   
2000256c  _lock                                             
20002570  _unlock                                           
20002574  aDataFromButton                                   
20002578  errno                                             
20002580  main_func_sp                                      
20002584  _new_handler                                      
20002588  SystemCoreClock                                   
2000fe00  __stack                                           
20010000  __STACK_END                                       
4000480c  WDTCTL_SYM                                        
ffffffff  __TI_pprof_out_hndl                               
ffffffff  __TI_prof_data_size                               
ffffffff  __TI_prof_data_start                              
ffffffff  __binit__                                         
ffffffff  __c_args__                                        
ffffffff  binit                                             

[479 symbols]
