******************************************************************************
                  TI ARM Linker Unix v15.12.3                  
******************************************************************************
>> Linked Mon Dec 12 15:11:15 2016

OUTPUT FILE NAME:   <finalProject.out>
ENTRY POINT SYMBOL: "_c_int00"  address: 000071dd


MEMORY CONFIGURATION

         name            origin    length      used     unused   attr    fill
----------------------  --------  ---------  --------  --------  ----  --------
  MAIN                  00000000   00040000  00007f14  000380ec  R  X
  INFO                  00200000   00004000  00000000  00004000  R  X
  SRAM_CODE             01000000   00010000  00002782  0000d87e  RW X
  SRAM_DATA             20000000   00010000  00002782  0000d87e  RW  


SEGMENT ALLOCATION MAP

run origin  load origin   length   init length attrs members
----------  ----------- ---------- ----------- ----- -------
00000000    00000000    00007f1c   00007f1c    r-x
  00000000    00000000    000000e4   000000e4    r-- .intvecs
  000000e4    000000e4    00007452   00007452    r-x .text
  00007538    00007538    0000093e   0000093e    r-- .const
  00007e78    00007e78    00000004   00000004    r-- .init_array
  00007e80    00007e80    0000009c   0000009c    r-- .cinit
20000000    20000000    00002588   00000000    rw-
  20000000    20000000    000000e4   00000000    rw- .vtable
  200000e8    200000e8    00002026   00000000    rw- .bss
  20002110    20002110    00000400   00000000    rw- .sysmem
  20002510    20002510    00000078   00000000    rw- .data
2000fe00    2000fe00    00000200   00000000    rw-
  2000fe00    2000fe00    00000200   00000000    rw- .stack


SECTION ALLOCATION MAP

 output                                  attributes/
section   page    origin      length       input sections
--------  ----  ----------  ----------   ----------------
.intvecs   0    00000000    000000e4     
                  00000000    000000e4     startup_msp432p401r_ccs.obj (.intvecs:retain)

.binit     0    00000000    00000000     

.text      0    000000e4    00007452     
                  000000e4    00001110     rtsv7M4_T_le_v4SPD16_eabi.lib : _printfi.obj (.text)
                  000011f4    000008e0     adc14.obj (.text)
                  00001ad4    000008a4     spi.obj (.text)
                  00002378    00000784     GameLogic.obj (.text)
                  00002afc    00000678     Crystalfontz128x128_ST7735.obj (.text)
                  00003174    00000658     Scheduler.obj (.text)
                  000037cc    00000630     string.obj (.text)
                  00003dfc    000004a8     Screen.obj (.text)
                  000042a4    00000490     line.obj (.text)
                  00004734    00000480     gpio.obj (.text)
                  00004bb4    00000400     main.obj (.text)
                  00004fb4    000003f0     interrupt.obj (.text)
                  000053a4    000003dc     rtsv7M4_T_le_v4SPD16_eabi.lib : memory.obj (.text)
                  00005780    00000370     system_msp432p401r.obj (.text)
                  00005af0    0000033e     rectangle.obj (.text)
                  00005e2e    00000266     context.obj (.text)
                  00006094    000001f4     rtsv7M4_T_le_v4SPD16_eabi.lib : ull_div_t2.obj (.text)
                  00006288    000001b6                                   : fd_add_t2.obj (.text)
                  0000643e    00000136                                   : fd_div_t2.obj (.text)
                  00006574    00000134     display.obj (.text)
                  000066a8    00000114     Ball.obj (.text)
                  000067bc    0000010c     GamePiece.obj (.text)
                  000068c8    000000fc     rtsv7M4_T_le_v4SPD16_eabi.lib : fd_mul_t2.obj (.text)
                  000069c4    000000fc                                   : s_scalbn.obj (.text)
                  00006ac0    000000e0     Racket.obj (.text)
                  00006ba0    000000bc     HAL_MSP_EXP432P401R_Crystalfontz128x128_ST7735.obj (.text)
                  00006c5c    000000bc     rtsv7M4_T_le_v4SPD16_eabi.lib : typeinfo_.obj (.text)
                  00006d18    000000a8     Task.obj (.text)
                  00006dc0    0000009c     rtsv7M4_T_le_v4SPD16_eabi.lib : memcpy_t2.obj (.text)
                  00006e5c    00000086                                   : fd_cmp_t2.obj (.text:__aeabi_cdcmple)
                  00006ee2    00000086                                   : fd_cmp_t2.obj (.text:__aeabi_cdrcmple)
                  00006f68    0000007a                                   : memset_t2.obj (.text)
                  00006fe2    00000002                                   : mpu_init.obj (.text)
                  00006fe4    00000070                                   : autoinit.obj (.text)
                  00007054    0000006a                                   : copy_decompress_rle.obj (.text)
                  000070be    00000002                                   : newhandler.obj (.text)
                  000070c0    00000064                                   : s_frexp.obj (.text)
                  00007124    00000060                                   : sprintf.obj (.text)
                  00007184    00000056                                   : ltoa.obj (.text)
                  000071da    00000002                                   : startup.obj (.text)
                  000071dc    00000054                                   : boot.obj (.text)
                  00007230    00000054                                   : exit.obj (.text)
                  00007284    0000004c                                   : atoi.obj (.text)
                  000072d0    0000004c                                   : cpy_tbl.obj (.text)
                  0000731c    00000048                                   : fd_toi_t2.obj (.text)
                  00007364    0000003e     cpu.obj (.text)
                  000073a2    00000002     --HOLE-- [fill = 0]
                  000073a4    00000034     LED.obj (.text:_ZN4Task14ProcessMessageE3MSG)
                  000073d8    00000030     rtsv7M4_T_le_v4SPD16_eabi.lib : new_.obj (.text)
                  00007408    0000002e                                   : i_tofd_t2.obj (.text)
                  00007436    00000002     --HOLE-- [fill = 0]
                  00007438    0000002c     GameLogic.obj (.text:_ZN4Task11SendMessageEv)
                  00007464    0000001c     rtsv7M4_T_le_v4SPD16_eabi.lib : memccpy.obj (.text)
                  00007480    00000018                                   : args_main.obj (.text)
                  00007498    00000016                                   : strchr.obj (.text)
                  000074ae    00000002     --HOLE-- [fill = 0]
                  000074b0    00000014                                   : _lock.obj (.text)
                  000074c4    00000014                                   : s_copysign.obj (.text)
                  000074d8    00000014                                   : strlen.obj (.text)
                  000074ec    0000000e     GameLogic.obj (.text:_ZN4BallC1Ev)
                  000074fa    0000000e     GameLogic.obj (.text:_ZN6RacketC1Ev)
                  00007508    0000000e     rtsv7M4_T_le_v4SPD16_eabi.lib : copy_decompress_none.obj (.text:decompress:none)
                  00007516    0000000e     startup_msp432p401r_ccs.obj (.text)
                  00007524    00000008     rtsv7M4_T_le_v4SPD16_eabi.lib : delete.obj (.text)
                  0000752c    00000006                                   : copy_decompress_rle.obj (.text:decompress:rle24)
                  00007532    00000004                                   : pre_init.obj (.text)

.const     0    00007538    0000093e     
                  00007538    000002f8     fontfixed6x8.obj (.const:.string:g_pucFontFixed6x8Data)
                  00007830    00000101     rtsv7M4_T_le_v4SPD16_eabi.lib : ctype.obj (.const:.string:_ctypes_)
                  00007931    00000002                                   : typeinfo_.obj (.const:.typeinfo:_ZTSe)
                  00007933    00000001     --HOLE-- [fill = 0]
                  00007934    000000c8     fontfixed6x8.obj (.const:g_sFontFixed6x8)
                  000079fc    00000080     adc14.obj (.const:_ctlRegs)
                  00007a7c    00000050     interrupt.obj (.const:g_pulRegs)
                  00007acc    0000002c     Crystalfontz128x128_ST7735.obj (.const:g_sCrystalfontz128x128)
                  00007af8    00000028     rtsv7M4_T_le_v4SPD16_eabi.lib : typeinfo_.obj (.const:.typeinfo:_ZTSN10__cxxabiv123__fundamental_type_infoE)
                  00007b20    00000025                                   : typeinfo_.obj (.const:.typeinfo:_ZTSN10__cxxabiv120__si_class_type_infoE)
                  00007b45    00000024                                   : typeinfo_.obj (.const:.typeinfo:_ZTSN10__cxxabiv119__pointer_type_infoE)
                  00007b69    00000022                                   : typeinfo_.obj (.const:.typeinfo:_ZTSN10__cxxabiv117__class_type_infoE)
                  00007b8b    00000022                                   : typeinfo_.obj (.const:.typeinfo:_ZTSN10__cxxabiv117__pbase_type_infoE)
                  00007bad    00000003     --HOLE-- [fill = 0]
                  00007bb0    00000020     interrupt.obj (.const:g_pulPriority)
                  00007bd0    0000001c     HAL_MSP_EXP432P401R_Crystalfontz128x128_ST7735.obj (.const:$P$T0$1)
                  00007bec    0000001c     gpio.obj (.const:GPIO_PORT_TO_INT)
                  00007c08    00000014     GameLogic.obj (.const:$P$T40$1)
                  00007c1c    00000014     LED.obj (.const:$P$T40$1)
                  00007c30    00000014     Scheduler.obj (.const:$P$T40$1)
                  00007c44    00000014     main.obj (.const:$P$T40$1)
                  00007c58    00000014     Scheduler.obj (.const:$P$T41$2)
                  00007c6c    00000014     main.obj (.const:$P$T41$2)
                  00007c80    00000014     Task.obj (.const:$P$T42$3)
                  00007c94    00000014     main.obj (.const:$P$T42$3)
                  00007ca8    00000014     Screen.obj (.const:$P$T43$2)
                  00007cbc    00000014     Screen.obj (.const:$P$T44$3)
                  00007cd0    00000014     GameLogic.obj (.const:$P$T52$8)
                  00007ce4    00000014     GameLogic.obj (.const:$P$T53$9)
                  00007cf8    00000014     Task.obj (.const:_ZTV4Task)
                  00007d0c    00000014     Screen.obj (.const:_ZTV6Screen)
                  00007d20    00000014     GameLogic.obj (.const:_ZTV9GameLogic)
                  00007d34    00000010     rtsv7M4_T_le_v4SPD16_eabi.lib : typeinfo_.obj (.const:.typeinfo:_ZTIPKe)
                  00007d44    00000010                                   : typeinfo_.obj (.const:_ZTVN10__cxxabiv117__class_type_infoE)
                  00007d54    00000010                                   : typeinfo_.obj (.const:_ZTVN10__cxxabiv119__pointer_type_infoE)
                  00007d64    00000010                                   : typeinfo_.obj (.const:_ZTVN10__cxxabiv120__si_class_type_infoE)
                  00007d74    00000010                                   : typeinfo_.obj (.const:_ZTVN10__cxxabiv123__fundamental_type_infoE)
                  00007d84    0000000d                                   : typeinfo_.obj (.const:.typeinfo:_ZTSSt9type_info)
                  00007d91    00000003     --HOLE-- [fill = 0]
                  00007d94    0000000c     Screen.obj (.const:.typeinfo:_ZTI6Screen)
                  00007da0    0000000c     GameLogic.obj (.const:.typeinfo:_ZTI9GameLogic)
                  00007dac    0000000c     rtsv7M4_T_le_v4SPD16_eabi.lib : typeinfo_.obj (.const:.typeinfo:_ZTIN10__cxxabiv117__class_type_infoE)
                  00007db8    0000000c                                   : typeinfo_.obj (.const:.typeinfo:_ZTIN10__cxxabiv117__pbase_type_infoE)
                  00007dc4    0000000c                                   : typeinfo_.obj (.const:.typeinfo:_ZTIN10__cxxabiv119__pointer_type_infoE)
                  00007dd0    0000000c                                   : typeinfo_.obj (.const:.typeinfo:_ZTIN10__cxxabiv120__si_class_type_infoE)
                  00007ddc    0000000c                                   : typeinfo_.obj (.const:.typeinfo:_ZTIN10__cxxabiv123__fundamental_type_infoE)
                  00007de8    0000000b     GameLogic.obj (.const:.typeinfo:_ZTS9GameLogic)
                  00007df3    00000001     --HOLE-- [fill = 0]
                  00007df4    00000008     Crystalfontz128x128_ST7735.obj (.const:$P$T0$1)
                  00007dfc    00000008     GameLogic.obj (.const:$P$T43$2)
                  00007e04    00000008     GameLogic.obj (.const:$P$T44$3)
                  00007e0c    00000008     GameLogic.obj (.const:$P$T45$4)
                  00007e14    00000008     GameLogic.obj (.const:$P$T46$5)
                  00007e1c    00000008     GameLogic.obj (.const:$P$T47$6)
                  00007e24    00000008     GameLogic.obj (.const:$P$T48$7)
                  00007e2c    00000008     Task.obj (.const:.typeinfo:_ZTI4Task)
                  00007e34    00000008     rtsv7M4_T_le_v4SPD16_eabi.lib : typeinfo_.obj (.const:.typeinfo:_ZTISt9type_info)
                  00007e3c    00000008                                   : typeinfo_.obj (.const:.typeinfo:_ZTIe)
                  00007e44    00000008     Screen.obj (.const:.typeinfo:_ZTS6Screen)
                  00007e4c    00000008     interrupt.obj (.const:g_pulDisRegs)
                  00007e54    00000008     interrupt.obj (.const:g_pulEnRegs)
                  00007e5c    00000008     interrupt.obj (.const:g_pulPendRegs)
                  00007e64    00000008     interrupt.obj (.const:g_pulUnpendRegs)
                  00007e6c    00000006     Task.obj (.const:.typeinfo:_ZTS4Task)
                  00007e72    00000004     rtsv7M4_T_le_v4SPD16_eabi.lib : typeinfo_.obj (.const:.typeinfo:_ZTSPKe)

.cinit     0    00007e80    0000009c     
                  00007e80    00000059     (.cinit..data.load) [load image, compression = rle]
                  00007ed9    00000007     --HOLE-- [fill = 0]
                  00007ee0    0000000b     (.cinit..bss.load) [load image, compression = rle]
                  00007eeb    00000005     --HOLE-- [fill = 0]
                  00007ef0    00000009     (.cinit..vtable.load) [load image, compression = rle]
                  00007ef9    00000003     --HOLE-- [fill = 0]
                  00007efc    00000008     (__TI_handler_table)
                  00007f04    00000018     (__TI_cinit_table)

.init_array 
*          0    00007e78    00000004     
                  00007e78    00000004     main.obj (.init_array)

.vtable    0    20000000    000000e4     UNINITIALIZED
                  20000000    000000e4     interrupt.obj (.vtable)

.bss       0    200000e8    00002026     UNINITIALIZED
                  200000e8    00001ff0     main.obj (.bss:MainScheduler)
                  200020d8    0000001c     (.common:g_sContext)
                  200020f4    0000000c     main.obj (.bss)
                  20002100    00000004     (.common:_ZSt16__dummy_typeinfo)
                  20002104    00000002     (.common:Lcd_ScreenHeigth)
                  20002106    00000002     (.common:Lcd_ScreenWidth)
                  20002108    00000002     (.common:Lcd_TouchTrim)
                  2000210a    00000001     (.common:Lcd_FlagRead)
                  2000210b    00000001     (.common:Lcd_FontSolid)
                  2000210c    00000001     (.common:Lcd_Orientation)
                  2000210d    00000001     (.common:Lcd_PenSolid)

.sysmem    0    20002110    00000400     UNINITIALIZED
                  20002110    00000008     rtsv7M4_T_le_v4SPD16_eabi.lib : memory.obj (.sysmem)
                  20002118    000003f8     --HOLE--

.data      0    20002510    00000078     UNINITIALIZED
                  20002510    00000030     gpio.obj (.data:GPIO_PORT_TO_BASE)
                  20002540    00000014     main.obj (.data)
                  20002554    0000000c     rtsv7M4_T_le_v4SPD16_eabi.lib : exit.obj (.data:$O1$$)
                  20002560    0000000c                                   : memory.obj (.data:$O1$$)
                  2000256c    00000008                                   : _lock.obj (.data:$O1$$)
                  20002574    00000004     main.obj (.data:aDataFromButton)
                  20002578    00000004     rtsv7M4_T_le_v4SPD16_eabi.lib : errno.obj (.data)
                  2000257c    00000004                                   : stkdepth_vars.obj (.data)
                  20002580    00000004                                   : vars.obj (.data)
                  20002584    00000004     system_msp432p401r.obj (.data)

.stack     0    2000fe00    00000200     UNINITIALIZED
                  2000fe00    00000200     --HOLE--

MODULE SUMMARY

       Module                                               code    ro data   rw data
       ------                                               ----    -------   -------
    ./
       main.obj                                             1024    64        16424  
       GameLogic.obj                                        1996    151       0      
       Scheduler.obj                                        1624    40        0      
       Screen.obj                                           1192    80        56     
       system_msp432p401r.obj                               880     0         8      
       Ball.obj                                             276     0         0      
       GamePiece.obj                                        268     0         0      
       startup_msp432p401r_ccs.obj                          14      228       0      
       Racket.obj                                           224     0         0      
       Task.obj                                             168     54        0      
       LED.obj                                              52      20        0      
    +--+----------------------------------------------------+-------+---------+---------+
       Total:                                               7718    637       16488  
                                                                                     
    ./GrLib/fonts/
       fontfixed6x8.obj                                     0       960       0      
    +--+----------------------------------------------------+-------+---------+---------+
       Total:                                               0       960       0      
                                                                                     
    ./GrLib/grlib/
       string.obj                                           1584    0         0      
       line.obj                                             1168    0         0      
       rectangle.obj                                        830     0         0      
       context.obj                                          614     0         0      
       display.obj                                          308     0         0      
    +--+----------------------------------------------------+-------+---------+---------+
       Total:                                               4504    0         0      
                                                                                     
    ./LcdDriver/
       Crystalfontz128x128_ST7735.obj                       1656    52        20     
       HAL_MSP_EXP432P401R_Crystalfontz128x128_ST7735.obj   188     28        0      
    +--+----------------------------------------------------+-------+---------+---------+
       Total:                                               1844    80        20     
                                                                                     
    ./driverlib/MSP432P4xx/
       adc14.obj                                            2272    128       0      
       spi.obj                                              2212    0         0      
       interrupt.obj                                        1008    144       456    
       gpio.obj                                             1152    28        96     
       cpu.obj                                              62      0         0      
    +--+----------------------------------------------------+-------+---------+---------+
       Total:                                               6706    300       552    
                                                                                     
    /home/aglt93/ti/ccsv6/tools/compiler/arm_15.12.3.LTS/lib/rtsv7M4_T_le_v4SPD16_eabi.lib
       _printfi.obj                                         4368    0         0      
       memory.obj                                           988     0         24     
       typeinfo_.obj                                        188     356       8      
       ull_div_t2.obj                                       500     0         0      
       fd_add_t2.obj                                        438     0         0      
       fd_div_t2.obj                                        310     0         0      
       fd_cmp_t2.obj                                        268     0         0      
       ctype.obj                                            0       257       0      
       fd_mul_t2.obj                                        252     0         0      
       s_scalbn.obj                                         252     0         0      
       memcpy_t2.obj                                        156     0         0      
       memset_t2.obj                                        122     0         0      
       autoinit.obj                                         112     0         0      
       copy_decompress_rle.obj                              112     0         0      
       exit.obj                                             84      0         24     
       s_frexp.obj                                          100     0         0      
       sprintf.obj                                          96      0         0      
       ltoa.obj                                             86      0         0      
       boot.obj                                             84      0         0      
       atoi.obj                                             76      0         0      
       cpy_tbl.obj                                          76      0         0      
       fd_toi_t2.obj                                        72      0         0      
       new_.obj                                             48      0         0      
       i_tofd_t2.obj                                        46      0         0      
       _lock.obj                                            20      0         16     
       memccpy.obj                                          28      0         0      
       args_main.obj                                        24      0         0      
       strchr.obj                                           22      0         0      
       s_copysign.obj                                       20      0         0      
       strlen.obj                                           20      0         0      
       copy_decompress_none.obj                             14      0         0      
       delete.obj                                           8       0         0      
       errno.obj                                            0       0         8      
       stkdepth_vars.obj                                    0       0         8      
       vars.obj                                             0       0         8      
       pre_init.obj                                         4       0         0      
       mpu_init.obj                                         2       0         0      
       newhandler.obj                                       2       0         0      
       startup.obj                                          2       0         0      
    +--+----------------------------------------------------+-------+---------+---------+
       Total:                                               9000    613       96     
                                                                                     
       Heap:                                                0       0         2048   
       Stack:                                               0       0         1024   
       Linker Generated:                                    0       141       0      
    +--+----------------------------------------------------+-------+---------+---------+
       Grand Total:                                         29772   2731      20228  


LINKER GENERATED COPY TABLES

__TI_cinit_table @ 00007f04 records: 3, size/record: 8, table size: 24
	.data: load addr=00007e80, load size=00000059 bytes, run addr=20002510, run size=00000078 bytes, compression=rle
	.bss: load addr=00007ee0, load size=0000000b bytes, run addr=200000e8, run size=00002026 bytes, compression=rle
	.vtable: load addr=00007ef0, load size=00000009 bytes, run addr=20000000, run size=000000e4 bytes, compression=rle


LINKER GENERATED HANDLER TABLE

__TI_handler_table @ 00007efc records: 2, size/record: 4, table size: 8
	index: 0, handler: __TI_decompress_rle24
	index: 1, handler: __TI_decompress_none


GLOBAL SYMBOLS: SORTED ALPHABETICALLY BY Name 

address   name                                              
-------   ----                                              
00004d2f  ADC14_IRQHandler                                  
00004d2f  ADC14_IRQHandler                                  
00001a49  ADC14_clearInterruptFlag                          
000015e9  ADC14_configureConversionMemory                   
00001491  ADC14_configureMultiSequenceMode                  
00001527  ADC14_configureSingleSampleMode                   
00001721  ADC14_disableComparatorWindow                     
000015bf  ADC14_disableConversion                           
000019c3  ADC14_disableInterrupt                            
00001365  ADC14_disableModule                               
0000193f  ADC14_disableReferenceBurst                       
000013a5  ADC14_disableSampleTimer                          
00001691  ADC14_enableComparatorWindow                      
0000157d  ADC14_enableConversion                            
00001997  ADC14_enableInterrupt                             
0000135d  ADC14_enableModule                                
00001929  ADC14_enableReferenceBurst                        
0000137b  ADC14_enableSampleTimer                           
00001a19  ADC14_getEnabledInterruptStatus                   
000019ef  ADC14_getInterruptStatus                          
00001849  ADC14_getMultiSequenceResult                      
0000141b  ADC14_getResolution                               
0000182f  ADC14_getResult                                   
000018b5  ADC14_getResultArray                              
000013bb  ADC14_initModule                                  
000015cb  ADC14_isBusy                                      
00001a79  ADC14_registerInterrupt                           
0000177f  ADC14_setComparatorWindowValue                    
00001955  ADC14_setPowerMode                                
00001401  ADC14_setResolution                               
00001805  ADC14_setResultFormat                             
00001467  ADC14_setSampleHoldTime                           
00001425  ADC14_setSampleHoldTrigger                        
0000159d  ADC14_toggleConversionTrigger                     
00001a8d  ADC14_unregisterInterrupt                         
00007523  AES256_IRQHandler                                 
00004c85  BUTTON_DOWN_ISR                                   
00004ccb  BUTTON_UP_ISR                                     
00007523  BusFault_Handler                                  
00007231  C$$EXIT                                           
00007523  COMP_E0_IRQHandler                                
00007523  COMP_E1_IRQHandler                                
00007399  CPU_basepriGet                                    
0000738b  CPU_basepriSet                                    
00007365  CPU_cpsid                                         
0000737b  CPU_cpsie                                         
00007371  CPU_primask                                       
00007387  CPU_wfi                                           
00007523  CS_IRQHandler                                     
00002afd  Crystalfontz128x128_Init                          
00002c11  Crystalfontz128x128_SetDrawFrame                  
00002d3f  Crystalfontz128x128_SetOrientation                
00007523  DMA_ERR_IRQHandler                                
00007523  DMA_INT0_IRQHandler                               
00007523  DMA_INT1_IRQHandler                               
00007523  DMA_INT2_IRQHandler                               
00007523  DMA_INT3_IRQHandler                               
00007523  DebugMon_Handler                                  
00007523  Default_Handler                                   
00007523  EUSCIA0_IRQHandler                                
00007523  EUSCIA1_IRQHandler                                
00007523  EUSCIA2_IRQHandler                                
00007523  EUSCIA3_IRQHandler                                
00007523  EUSCIB0_IRQHandler                                
00007523  EUSCIB1_IRQHandler                                
00007523  EUSCIB2_IRQHandler                                
00007523  EUSCIB3_IRQHandler                                
00002243  EUSCI_A_SPI_changeClockPhasePolarity              
000022f7  EUSCI_A_SPI_clearInterruptFlag                    
00002327  EUSCI_A_SPI_disable                               
000022c5  EUSCI_A_SPI_disableInterrupt                      
00002311  EUSCI_A_SPI_enable                                
000022ab  EUSCI_A_SPI_enableInterrupt                       
000022df  EUSCI_A_SPI_getInterruptStatus                    
0000233d  EUSCI_A_SPI_getReceiveBufferAddressForDMA         
0000234b  EUSCI_A_SPI_getTransmitBufferAddressForDMA        
00002359  EUSCI_A_SPI_isBusy                                
000021c3  EUSCI_A_SPI_masterChangeClock                     
0000229b  EUSCI_A_SPI_receiveData                           
000021a3  EUSCI_A_SPI_select4PinFunctionality               
000021f9  EUSCI_A_SPI_slaveInit                             
00002285  EUSCI_A_SPI_transmitData                          
00002075  EUSCI_B_SPI_changeClockPhasePolarity              
00002129  EUSCI_B_SPI_clearInterruptFlag                    
00002159  EUSCI_B_SPI_disable                               
000020f7  EUSCI_B_SPI_disableInterrupt                      
00002143  EUSCI_B_SPI_enable                                
000020dd  EUSCI_B_SPI_enableInterrupt                       
00002111  EUSCI_B_SPI_getInterruptStatus                    
0000216f  EUSCI_B_SPI_getReceiveBufferAddressForDMA         
0000217d  EUSCI_B_SPI_getTransmitBufferAddressForDMA        
0000218b  EUSCI_B_SPI_isBusy                                
00001ff9  EUSCI_B_SPI_masterChangeClock                     
000020cd  EUSCI_B_SPI_receiveData                           
00001fd9  EUSCI_B_SPI_select4PinFunctionality               
0000202b  EUSCI_B_SPI_slaveInit                             
000020b7  EUSCI_B_SPI_transmitData                          
00007523  FLCTL_IRQHandler                                  
00007523  FPU_IRQHandler                                    
00004a57  GPIO_clearInterruptFlag                           
00004a17  GPIO_disableInterrupt                             
000049f5  GPIO_enableInterrupt                              
00004aaf  GPIO_getEnabledInterruptStatus                    
000049c7  GPIO_getInputPinValue                             
00004a39  GPIO_getInterruptStatus                           
00004a79  GPIO_interruptEdgeSelect                          
00004b6f  GPIO_registerInterrupt                            
0000476f  GPIO_setAsInputPin                                
00004923  GPIO_setAsInputPinWithPullDownResistor            
00004975  GPIO_setAsInputPinWithPullUpResistor              
00004735  GPIO_setAsOutputPin                               
00004839  GPIO_setAsPeripheralModuleFunctionInputPin        
000047b5  GPIO_setAsPeripheralModuleFunctionOutputPin       
00004b2b  GPIO_setDriveStrengthHigh                         
00004b4d  GPIO_setDriveStrengthLow                          
000048bd  GPIO_setOutputHighOnPin                           
000048df  GPIO_setOutputLowOnPin                            
00004901  GPIO_toggleOutputOnPin                            
00004b8f  GPIO_unregisterInterrupt                          
0000601b  Graphics_clearDisplay                             
00006691  Graphics_clearDisplayOnDisplay                    
000065e3  Graphics_drawHorizontalLineOnDisplay              
000045c1  Graphics_drawLine                                 
000042a5  Graphics_drawLineH                                
00004341  Graphics_drawLineV                                
0000659f  Graphics_drawMultiplePixelsOnDisplay              
0000602d  Graphics_drawPixel                                
00006575  Graphics_drawPixelOnDisplay                       
00005af1  Graphics_drawRectangle                            
00003907  Graphics_drawString                               
00003d95  Graphics_drawStringCentered                       
00006617  Graphics_drawVerticalLineOnDisplay                
00005b93  Graphics_fillRectangle                            
0000664b  Graphics_fillRectangleOnDisplay                   
0000600d  Graphics_flushBuffer                              
0000667f  Graphics_flushOnDisplay                           
00005fef  Graphics_getDisplayHeight                         
00005fdf  Graphics_getDisplayWidth                          
00005f8d  Graphics_getFontBaseline                          
00005fc3  Graphics_getFontHeight                            
00005fd1  Graphics_getFontMaxWidth                          
00005fff  Graphics_getHeightOfDisplay                       
00005cf7  Graphics_getRectangleIntersection                 
00003d85  Graphics_getStringBaseline                        
00003ddd  Graphics_getStringHeight                          
00003ded  Graphics_getStringMaxWidth                        
0000380d  Graphics_getStringWidth                           
00006087  Graphics_getWidthOfDisplay                        
00005e2f  Graphics_initContext                              
00005ddd  Graphics_isPointWithinRectangle                   
00005ca5  Graphics_isRectangleOverlap                       
00005f43  Graphics_setBackgroundColor                       
00005f5d  Graphics_setBackgroundColorTranslated             
00005e79  Graphics_setClipRegion                            
00005f73  Graphics_setFont                                  
00005f9b  Graphics_setForegroundColor                       
00005fb1  Graphics_setForegroundColorTranslated             
00006669  Graphics_translateColorOnDisplay                  
00006ba1  HAL_LCD_PortInit                                  
00006bd1  HAL_LCD_SpiInit                                   
00006c07  HAL_LCD_writeCommand                              
00006c2f  HAL_LCD_writeData                                 
00007523  HardFault_Handler                                 
00005177  Interrupt_disableInterrupt                        
00004fc7  Interrupt_disableMaster                           
00005375  Interrupt_disableSleepOnIsrExit                   
00005105  Interrupt_enableInterrupt                         
00004fb7  Interrupt_enableMaster                            
00005363  Interrupt_enableSleepOnIsrExit                    
000050df  Interrupt_getPriority                             
00005057  Interrupt_getPriorityGrouping                     
00005343  Interrupt_getPriorityMask                         
0000535d  Interrupt_getVectorTableAddress                   
000051e9  Interrupt_isEnabled                               
00005275  Interrupt_pendInterrupt                           
00004fd7  Interrupt_registerInterrupt                       
0000508f  Interrupt_setPriority                             
0000503d  Interrupt_setPriorityGrouping                     
00005333  Interrupt_setPriorityMask                         
0000534d  Interrupt_setVectorTableAddress                   
000052e5  Interrupt_unpendInterrupt                         
00005029  Interrupt_unregisterInterrupt                     
2000210a  Lcd_FlagRead                                      
2000210b  Lcd_FontSolid                                     
2000210c  Lcd_Orientation                                   
2000210d  Lcd_PenSolid                                      
20002104  Lcd_ScreenHeigth                                  
20002106  Lcd_ScreenWidth                                   
20002108  Lcd_TouchTrim                                     
200000e8  MainScheduler                                     
00007523  MemManage_Handler                                 
00007523  NMI_Handler                                       
00007523  PCM_IRQHandler                                    
00007523  PORT1_IRQHandler                                  
00007523  PORT2_IRQHandler                                  
00007523  PORT3_IRQHandler                                  
00007523  PORT4_IRQHandler                                  
00007523  PORT5_IRQHandler                                  
00007523  PORT6_IRQHandler                                  
00007523  PSS_IRQHandler                                    
00007523  PendSV_Handler                                    
00007523  RTC_C_IRQHandler                                  
00007517  Reset_Handler                                     
00007e78  SHT$$INIT_ARRAY$$Base                             
00007e7c  SHT$$INIT_ARRAY$$Limit                            
00001c97  SPI_changeClockPhasePolarity                      
00001bf1  SPI_changeMasterClock                             
00001e49  SPI_clearInterruptFlag                            
00001dcb  SPI_disableInterrupt                              
00001d25  SPI_disableModule                                 
00001da5  SPI_enableInterrupt                               
00001d09  SPI_enableModule                                  
00001e19  SPI_getEnabledInterruptStatus                     
00001df1  SPI_getInterruptStatus                            
00001d41  SPI_getReceiveBufferAddressForDMA                 
00001d5d  SPI_getTransmitBufferAddressForDMA                
00001b05  SPI_initMaster                                    
00001c19  SPI_initSlave                                     
00001d89  SPI_isBusy                                        
00001ced  SPI_receiveData                                   
00001e6f  SPI_registerInterrupt                             
00001bcb  SPI_selectFourPinFunctionality                    
00001cc7  SPI_transmitData                                  
00001f2d  SPI_unregisterInterrupt                           
00007523  SVC_Handler                                       
00007523  SysTick_Handler                                   
20002584  SystemCoreClock                                   
00005781  SystemCoreClockUpdate                             
000059f5  SystemInit                                        
00004d11  T32_INT1_IRQHandler                               
00004d11  T32_INT1_IRQHandler                               
00007523  T32_INT2_IRQHandler                               
00007523  T32_INTC_IRQHandler                               
00007523  TA0_0_IRQHandler                                  
00007523  TA0_N_IRQHandler                                  
00007523  TA1_0_IRQHandler                                  
00007523  TA1_N_IRQHandler                                  
00007523  TA2_0_IRQHandler                                  
00007523  TA2_N_IRQHandler                                  
00007523  TA3_0_IRQHandler                                  
00007523  TA3_N_IRQHandler                                  
00007523  UsageFault_Handler                                
4000480c  WDTCTL_SYM                                        
00007523  WDT_A_IRQHandler                                  
00002401  _Z12BallControlXP4Balli                           
00002479  _Z12BallControlYP4Balli                           
00004e31  _Z13setupButtonUpv                                
00004e5f  _Z15setupButtonDownv                              
00002547  _Z17RacketLeftControlP6Racketi                    
0000257f  _Z18RacketRightControlP6Racketi                   
000024e5  _Z19BallFastnessControlP9GameLogicP4Balli         
000070bf  _Z21__default_new_handlerv                        
00004e8d  _Z5Setupv                                         
00004d93  _Z8setupADCv                                      
00002379  _Z9BallMoveXP4Ball                                
000023bd  _Z9BallMoveYP4Ball                                
00006d09  _ZN10__cxxabiv116__enum_type_infoD0Ev             
00006d07  _ZN10__cxxabiv116__enum_type_infoD1Ev             
00006d07  _ZN10__cxxabiv116__enum_type_infoD2Ev             
00006cff  _ZN10__cxxabiv117__array_type_infoD0Ev            
00006cfd  _ZN10__cxxabiv117__array_type_infoD1Ev            
00006cfd  _ZN10__cxxabiv117__array_type_infoD2Ev            
00006cf5  _ZN10__cxxabiv117__class_type_infoD0Ev            
00006cf3  _ZN10__cxxabiv117__class_type_infoD1Ev            
00006cf3  _ZN10__cxxabiv117__class_type_infoD2Ev            
00006ceb  _ZN10__cxxabiv117__pbase_type_infoD0Ev            
00006ce9  _ZN10__cxxabiv117__pbase_type_infoD1Ev            
00006ce9  _ZN10__cxxabiv117__pbase_type_infoD2Ev            
00006ce1  _ZN10__cxxabiv119__pointer_type_infoD0Ev          
00006cdf  _ZN10__cxxabiv119__pointer_type_infoD1Ev          
00006cdf  _ZN10__cxxabiv119__pointer_type_infoD2Ev          
00006cd7  _ZN10__cxxabiv120__function_type_infoD0Ev         
00006cd5  _ZN10__cxxabiv120__function_type_infoD1Ev         
00006cd5  _ZN10__cxxabiv120__function_type_infoD2Ev         
00006ccd  _ZN10__cxxabiv120__si_class_type_infoD0Ev         
00006ccb  _ZN10__cxxabiv120__si_class_type_infoD1Ev         
00006ccb  _ZN10__cxxabiv120__si_class_type_infoD2Ev         
00006cc3  _ZN10__cxxabiv121__vmi_class_type_infoD0Ev        
00006cc1  _ZN10__cxxabiv121__vmi_class_type_infoD1Ev        
00006cc1  _ZN10__cxxabiv121__vmi_class_type_infoD2Ev        
00006cb9  _ZN10__cxxabiv123__fundamental_type_infoD0Ev      
00006cb7  _ZN10__cxxabiv123__fundamental_type_infoD1Ev      
00006cb7  _ZN10__cxxabiv123__fundamental_type_infoD2Ev      
00006caf  _ZN10__cxxabiv129__pointer_to_member_type_infoD0Ev
00006cad  _ZN10__cxxabiv129__pointer_to_member_type_infoD1Ev
00006cad  _ZN10__cxxabiv129__pointer_to_member_type_infoD2Ev
00006755  _ZN4Ball12CheckLimitsXEv                          
00006789  _ZN4Ball12CheckLimitsYEv                          
000066a9  _ZN4BallC1EiiiiiPiS0_                             
000074ed  _ZN4BallC1Ev                                      
000066a9  _ZN4BallC2EiiiiiPiS0_                             
00007439  _ZN4Task11SendMessageEv                           
000073a5  _ZN4Task14ProcessMessageE3MSG                     
00006da9  _ZN4Task17GetTaskFinalCountEv                     
00006d7b  _ZN4Task17SetTaskFinalCountEy                     
00006d99  _ZN4Task19GetTaskCurrentCountEv                   
00006d5d  _ZN4Task19SetTaskCurrentCountEy                   
00006d37  _ZN4Task3runEv                                    
00006d19  _ZN4TaskC1Ev                                      
00006d19  _ZN4TaskC2Ev                                      
00006b6d  _ZN6Racket12CheckLimitsYEv                        
00006ac1  _ZN6RacketC1EiiiiiPiS0_                           
000074fb  _ZN6RacketC1Ev                                    
00006ac1  _ZN6RacketC2EiiiiiPiS0_                           
00003ee5  _ZN6Screen11printFigureEv                         
00003e83  _ZN6Screen14ProcessMessageE3MSG                   
000041ed  _ZN6Screen14printPongScoreE3MSG                   
000040e5  _ZN6Screen14printPongTableEv                      
0000402d  _ZN6Screen15getFigureChangeE3MSG                  
0000414f  _ZN6Screen15printPongWinnerE3MSG                  
00003e5d  _ZN6Screen3runEv                                  
00003dfd  _ZN6ScreenC1Eib                                   
00003dfd  _ZN6ScreenC2Eib                                   
000029c9  _ZN9GameLogic11GameControlEv                      
0000293f  _ZN9GameLogic12ScoreControlEv                     
00002977  _ZN9GameLogic13WinnerControlEv                    
000027d1  _ZN9GameLogic14ProcessMessageE3MSG                
000028dd  _ZN9GameLogic16FirstMoveControlEv                 
00002703  _ZN9GameLogic3runEv                               
000025b7  _ZN9GameLogicC1Eibi                               
000025b7  _ZN9GameLogicC2Eibi                               
00006869  _ZN9GamePiece12CheckChangeXEv                     
00006899  _ZN9GamePiece12CheckChangeYEv                     
0000683b  _ZN9GamePiece13getDirectionXEv                    
0000685b  _ZN9GamePiece13getDirectionYEv                    
00006829  _ZN9GamePiece13setDirectionXEi                    
00006849  _ZN9GamePiece13setDirectionYEi                    
000067db  _ZN9GamePiece7getPosXEv                           
000067fb  _ZN9GamePiece7getPosYEv                           
0000681b  _ZN9GamePiece7getSizeEv                           
000067c9  _ZN9GamePiece7setPosXEi                           
000067e9  _ZN9GamePiece7setPosYEi                           
00006809  _ZN9GamePiece7setSizeEi                           
000067bd  _ZN9GamePieceC1Ev                                 
000067bd  _ZN9GamePieceC2Ev                                 
0000354f  _ZN9Scheduler13attachMessageE3MSG                 
0000375f  _ZN9Scheduler14processMessageE3MSG                
000035ab  _ZN9Scheduler17clearMessageQueueEv                
00003711  _ZN9Scheduler18clearNextSchedulerEv               
000033d9  _ZN9Scheduler19ProcessMessageQueueEv              
00003315  _ZN9Scheduler21CalculateNextScheduleEv            
000037b3  _ZN9Scheduler22SortScheduleByPriorityEP4Task      
00003291  _ZN9Scheduler3runEv                               
0000321b  _ZN9Scheduler6attachEP4Task                       
00003175  _ZN9SchedulerC1Ev                                 
00003175  _ZN9SchedulerC2Ev                                 
00006c6f  _ZNKSt9type_info4nameEv                           
00006c9f  _ZNKSt9type_info6beforeERKS_                      
00006c89  _ZNKSt9type_infoeqERKS_                           
00006c73  _ZNKSt9type_infoneERKS_                           
00006c67  _ZNSt9type_infoD0Ev                               
00006c65  _ZNSt9type_infoD1Ev                               
00006c65  _ZNSt9type_infoD2Ev                               
20002100  _ZSt16__dummy_typeinfo                            
00006c5d  _ZSt21__gen_dummy_typeinfosv                      
00007e2c  _ZTI4Task                                         
00007d94  _ZTI6Screen                                       
00007da0  _ZTI9GameLogic                                    
00007dac  _ZTIN10__cxxabiv117__class_type_infoE             
00007db8  _ZTIN10__cxxabiv117__pbase_type_infoE             
00007dc4  _ZTIN10__cxxabiv119__pointer_type_infoE           
00007dd0  _ZTIN10__cxxabiv120__si_class_type_infoE          
00007ddc  _ZTIN10__cxxabiv123__fundamental_type_infoE       
00007d34  _ZTIPKe                                           
00007e34  _ZTISt9type_info                                  
00007e3c  _ZTIe                                             
00007e6c  _ZTS4Task                                         
00007e44  _ZTS6Screen                                       
00007de8  _ZTS9GameLogic                                    
00007b69  _ZTSN10__cxxabiv117__class_type_infoE             
00007b8b  _ZTSN10__cxxabiv117__pbase_type_infoE             
00007b45  _ZTSN10__cxxabiv119__pointer_type_infoE           
00007b20  _ZTSN10__cxxabiv120__si_class_type_infoE          
00007af8  _ZTSN10__cxxabiv123__fundamental_type_infoE       
00007e72  _ZTSPKe                                           
00007d84  _ZTSSt9type_info                                  
00007931  _ZTSe                                             
00007cf8  _ZTV4Task                                         
00007d0c  _ZTV6Screen                                       
00007d20  _ZTV9GameLogic                                    
00007d44  _ZTVN10__cxxabiv117__class_type_infoE             
00007d54  _ZTVN10__cxxabiv119__pointer_type_infoE           
00007d64  _ZTVN10__cxxabiv120__si_class_type_infoE          
00007d74  _ZTVN10__cxxabiv123__fundamental_type_infoE       
00007525  _ZdlPv                                            
000073d9  _Znwj                                             
20010000  __STACK_END                                       
00000200  __STACK_SIZE                                      
00000400  __SYSMEM_SIZE                                     
00007f04  __TI_CINIT_Base                                   
00007f1c  __TI_CINIT_Limit                                  
00007efc  __TI_Handler_Table_Base                           
00007f04  __TI_Handler_Table_Limit                          
00006fe5  __TI_auto_init                                    
20002554  __TI_cleanup_ptr                                  
00007509  __TI_decompress_none                              
0000752d  __TI_decompress_rle24                             
20002558  __TI_dtors_ptr                                    
2000255c  __TI_enable_exit_profile_output                   
ffffffff  __TI_pprof_out_hndl                               
00000eef  __TI_printfi                                      
ffffffff  __TI_prof_data_size                               
ffffffff  __TI_prof_data_start                              
00000000  __TI_static_base__                                
00006e5d  __aeabi_cdcmpeq                                   
00006e5d  __aeabi_cdcmple                                   
00006ee3  __aeabi_cdrcmple                                  
0000731d  __aeabi_d2iz                                      
00006293  __aeabi_dadd                                      
0000643f  __aeabi_ddiv                                      
000068c9  __aeabi_dmul                                      
00006289  __aeabi_dsub                                      
00007409  __aeabi_i2d                                       
00006f69  __aeabi_memclr                                    
00006f69  __aeabi_memclr4                                   
00006f69  __aeabi_memclr8                                   
00006dc1  __aeabi_memcpy                                    
00006dc1  __aeabi_memcpy4                                   
00006dc1  __aeabi_memcpy8                                   
00006f6b  __aeabi_memset                                    
00006f6b  __aeabi_memset4                                   
00006f6b  __aeabi_memset8                                   
00006095  __aeabi_uldivmod                                  
ffffffff  __binit__                                         
ffffffff  __c_args__                                        
00006fe3  __mpu_init                                        
2000fe00  __stack                                           
00004f11  __sti___8_main_cpp_05102ee7                       
00007481  _args_main                                        
000071dd  _c_int00                                          
00007830  _ctypes_                                          
2000256c  _lock                                             
20002580  _new_handler                                      
000074bf  _nop                                              
000074b7  _register_lock                                    
000074b1  _register_unlock                                  
20002110  _sys_memory                                       
000071db  _system_post_cinit                                
00007533  _system_pre_init                                  
20002570  _unlock                                           
200020fc  aDataFromADC                                      
20002574  aDataFromButton                                   
00007235  abort                                             
00007285  atoi                                              
ffffffff  binit                                             
0000574d  calloc                                            
000072d1  copy_in                                           
000074c5  copysign                                          
000074c5  copysignl                                         
20002548  counterDown                                       
2000254c  counterUp                                         
20002578  errno                                             
0000723d  exit                                              
0000549b  free                                              
000070c1  frexp                                             
000070c1  frexpl                                            
20000000  g_pfnRAMVectors                                   
200020d8  g_sContext                                        
00007acc  g_sCrystalfontz128x128                            
00007934  g_sFontFixed6x8                                   
00000000  interruptVectors                                  
000069c5  ldexp                                             
000069c5  ldexpl                                            
00007185  ltoa                                              
00004c1f  main                                              
2000257c  main_func_sp                                      
00005433  malloc                                            
00005669  memalign                                          
00007465  memccpy                                           
00006dc1  memcpy                                            
00006f71  memset                                            
000053a5  minit                                             
20002550  pDataToScreenB                                    
200020f4  positionDown                                      
200020f8  positionUp                                        
0000555d  realloc                                           
000069c5  scalbn                                            
000069c5  scalbnl                                           
00007125  sprintf                                           
00007499  strchr                                            
000074d9  strlen                                            


GLOBAL SYMBOLS: SORTED BY Symbol Address 

address   name                                              
-------   ----                                              
00000000  __TI_static_base__                                
00000000  interruptVectors                                  
00000200  __STACK_SIZE                                      
00000400  __SYSMEM_SIZE                                     
00000eef  __TI_printfi                                      
0000135d  ADC14_enableModule                                
00001365  ADC14_disableModule                               
0000137b  ADC14_enableSampleTimer                           
000013a5  ADC14_disableSampleTimer                          
000013bb  ADC14_initModule                                  
00001401  ADC14_setResolution                               
0000141b  ADC14_getResolution                               
00001425  ADC14_setSampleHoldTrigger                        
00001467  ADC14_setSampleHoldTime                           
00001491  ADC14_configureMultiSequenceMode                  
00001527  ADC14_configureSingleSampleMode                   
0000157d  ADC14_enableConversion                            
0000159d  ADC14_toggleConversionTrigger                     
000015bf  ADC14_disableConversion                           
000015cb  ADC14_isBusy                                      
000015e9  ADC14_configureConversionMemory                   
00001691  ADC14_enableComparatorWindow                      
00001721  ADC14_disableComparatorWindow                     
0000177f  ADC14_setComparatorWindowValue                    
00001805  ADC14_setResultFormat                             
0000182f  ADC14_getResult                                   
00001849  ADC14_getMultiSequenceResult                      
000018b5  ADC14_getResultArray                              
00001929  ADC14_enableReferenceBurst                        
0000193f  ADC14_disableReferenceBurst                       
00001955  ADC14_setPowerMode                                
00001997  ADC14_enableInterrupt                             
000019c3  ADC14_disableInterrupt                            
000019ef  ADC14_getInterruptStatus                          
00001a19  ADC14_getEnabledInterruptStatus                   
00001a49  ADC14_clearInterruptFlag                          
00001a79  ADC14_registerInterrupt                           
00001a8d  ADC14_unregisterInterrupt                         
00001b05  SPI_initMaster                                    
00001bcb  SPI_selectFourPinFunctionality                    
00001bf1  SPI_changeMasterClock                             
00001c19  SPI_initSlave                                     
00001c97  SPI_changeClockPhasePolarity                      
00001cc7  SPI_transmitData                                  
00001ced  SPI_receiveData                                   
00001d09  SPI_enableModule                                  
00001d25  SPI_disableModule                                 
00001d41  SPI_getReceiveBufferAddressForDMA                 
00001d5d  SPI_getTransmitBufferAddressForDMA                
00001d89  SPI_isBusy                                        
00001da5  SPI_enableInterrupt                               
00001dcb  SPI_disableInterrupt                              
00001df1  SPI_getInterruptStatus                            
00001e19  SPI_getEnabledInterruptStatus                     
00001e49  SPI_clearInterruptFlag                            
00001e6f  SPI_registerInterrupt                             
00001f2d  SPI_unregisterInterrupt                           
00001fd9  EUSCI_B_SPI_select4PinFunctionality               
00001ff9  EUSCI_B_SPI_masterChangeClock                     
0000202b  EUSCI_B_SPI_slaveInit                             
00002075  EUSCI_B_SPI_changeClockPhasePolarity              
000020b7  EUSCI_B_SPI_transmitData                          
000020cd  EUSCI_B_SPI_receiveData                           
000020dd  EUSCI_B_SPI_enableInterrupt                       
000020f7  EUSCI_B_SPI_disableInterrupt                      
00002111  EUSCI_B_SPI_getInterruptStatus                    
00002129  EUSCI_B_SPI_clearInterruptFlag                    
00002143  EUSCI_B_SPI_enable                                
00002159  EUSCI_B_SPI_disable                               
0000216f  EUSCI_B_SPI_getReceiveBufferAddressForDMA         
0000217d  EUSCI_B_SPI_getTransmitBufferAddressForDMA        
0000218b  EUSCI_B_SPI_isBusy                                
000021a3  EUSCI_A_SPI_select4PinFunctionality               
000021c3  EUSCI_A_SPI_masterChangeClock                     
000021f9  EUSCI_A_SPI_slaveInit                             
00002243  EUSCI_A_SPI_changeClockPhasePolarity              
00002285  EUSCI_A_SPI_transmitData                          
0000229b  EUSCI_A_SPI_receiveData                           
000022ab  EUSCI_A_SPI_enableInterrupt                       
000022c5  EUSCI_A_SPI_disableInterrupt                      
000022df  EUSCI_A_SPI_getInterruptStatus                    
000022f7  EUSCI_A_SPI_clearInterruptFlag                    
00002311  EUSCI_A_SPI_enable                                
00002327  EUSCI_A_SPI_disable                               
0000233d  EUSCI_A_SPI_getReceiveBufferAddressForDMA         
0000234b  EUSCI_A_SPI_getTransmitBufferAddressForDMA        
00002359  EUSCI_A_SPI_isBusy                                
00002379  _Z9BallMoveXP4Ball                                
000023bd  _Z9BallMoveYP4Ball                                
00002401  _Z12BallControlXP4Balli                           
00002479  _Z12BallControlYP4Balli                           
000024e5  _Z19BallFastnessControlP9GameLogicP4Balli         
00002547  _Z17RacketLeftControlP6Racketi                    
0000257f  _Z18RacketRightControlP6Racketi                   
000025b7  _ZN9GameLogicC1Eibi                               
000025b7  _ZN9GameLogicC2Eibi                               
00002703  _ZN9GameLogic3runEv                               
000027d1  _ZN9GameLogic14ProcessMessageE3MSG                
000028dd  _ZN9GameLogic16FirstMoveControlEv                 
0000293f  _ZN9GameLogic12ScoreControlEv                     
00002977  _ZN9GameLogic13WinnerControlEv                    
000029c9  _ZN9GameLogic11GameControlEv                      
00002afd  Crystalfontz128x128_Init                          
00002c11  Crystalfontz128x128_SetDrawFrame                  
00002d3f  Crystalfontz128x128_SetOrientation                
00003175  _ZN9SchedulerC1Ev                                 
00003175  _ZN9SchedulerC2Ev                                 
0000321b  _ZN9Scheduler6attachEP4Task                       
00003291  _ZN9Scheduler3runEv                               
00003315  _ZN9Scheduler21CalculateNextScheduleEv            
000033d9  _ZN9Scheduler19ProcessMessageQueueEv              
0000354f  _ZN9Scheduler13attachMessageE3MSG                 
000035ab  _ZN9Scheduler17clearMessageQueueEv                
00003711  _ZN9Scheduler18clearNextSchedulerEv               
0000375f  _ZN9Scheduler14processMessageE3MSG                
000037b3  _ZN9Scheduler22SortScheduleByPriorityEP4Task      
0000380d  Graphics_getStringWidth                           
00003907  Graphics_drawString                               
00003d85  Graphics_getStringBaseline                        
00003d95  Graphics_drawStringCentered                       
00003ddd  Graphics_getStringHeight                          
00003ded  Graphics_getStringMaxWidth                        
00003dfd  _ZN6ScreenC1Eib                                   
00003dfd  _ZN6ScreenC2Eib                                   
00003e5d  _ZN6Screen3runEv                                  
00003e83  _ZN6Screen14ProcessMessageE3MSG                   
00003ee5  _ZN6Screen11printFigureEv                         
0000402d  _ZN6Screen15getFigureChangeE3MSG                  
000040e5  _ZN6Screen14printPongTableEv                      
0000414f  _ZN6Screen15printPongWinnerE3MSG                  
000041ed  _ZN6Screen14printPongScoreE3MSG                   
000042a5  Graphics_drawLineH                                
00004341  Graphics_drawLineV                                
000045c1  Graphics_drawLine                                 
00004735  GPIO_setAsOutputPin                               
0000476f  GPIO_setAsInputPin                                
000047b5  GPIO_setAsPeripheralModuleFunctionOutputPin       
00004839  GPIO_setAsPeripheralModuleFunctionInputPin        
000048bd  GPIO_setOutputHighOnPin                           
000048df  GPIO_setOutputLowOnPin                            
00004901  GPIO_toggleOutputOnPin                            
00004923  GPIO_setAsInputPinWithPullDownResistor            
00004975  GPIO_setAsInputPinWithPullUpResistor              
000049c7  GPIO_getInputPinValue                             
000049f5  GPIO_enableInterrupt                              
00004a17  GPIO_disableInterrupt                             
00004a39  GPIO_getInterruptStatus                           
00004a57  GPIO_clearInterruptFlag                           
00004a79  GPIO_interruptEdgeSelect                          
00004aaf  GPIO_getEnabledInterruptStatus                    
00004b2b  GPIO_setDriveStrengthHigh                         
00004b4d  GPIO_setDriveStrengthLow                          
00004b6f  GPIO_registerInterrupt                            
00004b8f  GPIO_unregisterInterrupt                          
00004c1f  main                                              
00004c85  BUTTON_DOWN_ISR                                   
00004ccb  BUTTON_UP_ISR                                     
00004d11  T32_INT1_IRQHandler                               
00004d11  T32_INT1_IRQHandler                               
00004d2f  ADC14_IRQHandler                                  
00004d2f  ADC14_IRQHandler                                  
00004d93  _Z8setupADCv                                      
00004e31  _Z13setupButtonUpv                                
00004e5f  _Z15setupButtonDownv                              
00004e8d  _Z5Setupv                                         
00004f11  __sti___8_main_cpp_05102ee7                       
00004fb7  Interrupt_enableMaster                            
00004fc7  Interrupt_disableMaster                           
00004fd7  Interrupt_registerInterrupt                       
00005029  Interrupt_unregisterInterrupt                     
0000503d  Interrupt_setPriorityGrouping                     
00005057  Interrupt_getPriorityGrouping                     
0000508f  Interrupt_setPriority                             
000050df  Interrupt_getPriority                             
00005105  Interrupt_enableInterrupt                         
00005177  Interrupt_disableInterrupt                        
000051e9  Interrupt_isEnabled                               
00005275  Interrupt_pendInterrupt                           
000052e5  Interrupt_unpendInterrupt                         
00005333  Interrupt_setPriorityMask                         
00005343  Interrupt_getPriorityMask                         
0000534d  Interrupt_setVectorTableAddress                   
0000535d  Interrupt_getVectorTableAddress                   
00005363  Interrupt_enableSleepOnIsrExit                    
00005375  Interrupt_disableSleepOnIsrExit                   
000053a5  minit                                             
00005433  malloc                                            
0000549b  free                                              
0000555d  realloc                                           
00005669  memalign                                          
0000574d  calloc                                            
00005781  SystemCoreClockUpdate                             
000059f5  SystemInit                                        
00005af1  Graphics_drawRectangle                            
00005b93  Graphics_fillRectangle                            
00005ca5  Graphics_isRectangleOverlap                       
00005cf7  Graphics_getRectangleIntersection                 
00005ddd  Graphics_isPointWithinRectangle                   
00005e2f  Graphics_initContext                              
00005e79  Graphics_setClipRegion                            
00005f43  Graphics_setBackgroundColor                       
00005f5d  Graphics_setBackgroundColorTranslated             
00005f73  Graphics_setFont                                  
00005f8d  Graphics_getFontBaseline                          
00005f9b  Graphics_setForegroundColor                       
00005fb1  Graphics_setForegroundColorTranslated             
00005fc3  Graphics_getFontHeight                            
00005fd1  Graphics_getFontMaxWidth                          
00005fdf  Graphics_getDisplayWidth                          
00005fef  Graphics_getDisplayHeight                         
00005fff  Graphics_getHeightOfDisplay                       
0000600d  Graphics_flushBuffer                              
0000601b  Graphics_clearDisplay                             
0000602d  Graphics_drawPixel                                
00006087  Graphics_getWidthOfDisplay                        
00006095  __aeabi_uldivmod                                  
00006289  __aeabi_dsub                                      
00006293  __aeabi_dadd                                      
0000643f  __aeabi_ddiv                                      
00006575  Graphics_drawPixelOnDisplay                       
0000659f  Graphics_drawMultiplePixelsOnDisplay              
000065e3  Graphics_drawHorizontalLineOnDisplay              
00006617  Graphics_drawVerticalLineOnDisplay                
0000664b  Graphics_fillRectangleOnDisplay                   
00006669  Graphics_translateColorOnDisplay                  
0000667f  Graphics_flushOnDisplay                           
00006691  Graphics_clearDisplayOnDisplay                    
000066a9  _ZN4BallC1EiiiiiPiS0_                             
000066a9  _ZN4BallC2EiiiiiPiS0_                             
00006755  _ZN4Ball12CheckLimitsXEv                          
00006789  _ZN4Ball12CheckLimitsYEv                          
000067bd  _ZN9GamePieceC1Ev                                 
000067bd  _ZN9GamePieceC2Ev                                 
000067c9  _ZN9GamePiece7setPosXEi                           
000067db  _ZN9GamePiece7getPosXEv                           
000067e9  _ZN9GamePiece7setPosYEi                           
000067fb  _ZN9GamePiece7getPosYEv                           
00006809  _ZN9GamePiece7setSizeEi                           
0000681b  _ZN9GamePiece7getSizeEv                           
00006829  _ZN9GamePiece13setDirectionXEi                    
0000683b  _ZN9GamePiece13getDirectionXEv                    
00006849  _ZN9GamePiece13setDirectionYEi                    
0000685b  _ZN9GamePiece13getDirectionYEv                    
00006869  _ZN9GamePiece12CheckChangeXEv                     
00006899  _ZN9GamePiece12CheckChangeYEv                     
000068c9  __aeabi_dmul                                      
000069c5  ldexp                                             
000069c5  ldexpl                                            
000069c5  scalbn                                            
000069c5  scalbnl                                           
00006ac1  _ZN6RacketC1EiiiiiPiS0_                           
00006ac1  _ZN6RacketC2EiiiiiPiS0_                           
00006b6d  _ZN6Racket12CheckLimitsYEv                        
00006ba1  HAL_LCD_PortInit                                  
00006bd1  HAL_LCD_SpiInit                                   
00006c07  HAL_LCD_writeCommand                              
00006c2f  HAL_LCD_writeData                                 
00006c5d  _ZSt21__gen_dummy_typeinfosv                      
00006c65  _ZNSt9type_infoD1Ev                               
00006c65  _ZNSt9type_infoD2Ev                               
00006c67  _ZNSt9type_infoD0Ev                               
00006c6f  _ZNKSt9type_info4nameEv                           
00006c73  _ZNKSt9type_infoneERKS_                           
00006c89  _ZNKSt9type_infoeqERKS_                           
00006c9f  _ZNKSt9type_info6beforeERKS_                      
00006cad  _ZN10__cxxabiv129__pointer_to_member_type_infoD1Ev
00006cad  _ZN10__cxxabiv129__pointer_to_member_type_infoD2Ev
00006caf  _ZN10__cxxabiv129__pointer_to_member_type_infoD0Ev
00006cb7  _ZN10__cxxabiv123__fundamental_type_infoD1Ev      
00006cb7  _ZN10__cxxabiv123__fundamental_type_infoD2Ev      
00006cb9  _ZN10__cxxabiv123__fundamental_type_infoD0Ev      
00006cc1  _ZN10__cxxabiv121__vmi_class_type_infoD1Ev        
00006cc1  _ZN10__cxxabiv121__vmi_class_type_infoD2Ev        
00006cc3  _ZN10__cxxabiv121__vmi_class_type_infoD0Ev        
00006ccb  _ZN10__cxxabiv120__si_class_type_infoD1Ev         
00006ccb  _ZN10__cxxabiv120__si_class_type_infoD2Ev         
00006ccd  _ZN10__cxxabiv120__si_class_type_infoD0Ev         
00006cd5  _ZN10__cxxabiv120__function_type_infoD1Ev         
00006cd5  _ZN10__cxxabiv120__function_type_infoD2Ev         
00006cd7  _ZN10__cxxabiv120__function_type_infoD0Ev         
00006cdf  _ZN10__cxxabiv119__pointer_type_infoD1Ev          
00006cdf  _ZN10__cxxabiv119__pointer_type_infoD2Ev          
00006ce1  _ZN10__cxxabiv119__pointer_type_infoD0Ev          
00006ce9  _ZN10__cxxabiv117__pbase_type_infoD1Ev            
00006ce9  _ZN10__cxxabiv117__pbase_type_infoD2Ev            
00006ceb  _ZN10__cxxabiv117__pbase_type_infoD0Ev            
00006cf3  _ZN10__cxxabiv117__class_type_infoD1Ev            
00006cf3  _ZN10__cxxabiv117__class_type_infoD2Ev            
00006cf5  _ZN10__cxxabiv117__class_type_infoD0Ev            
00006cfd  _ZN10__cxxabiv117__array_type_infoD1Ev            
00006cfd  _ZN10__cxxabiv117__array_type_infoD2Ev            
00006cff  _ZN10__cxxabiv117__array_type_infoD0Ev            
00006d07  _ZN10__cxxabiv116__enum_type_infoD1Ev             
00006d07  _ZN10__cxxabiv116__enum_type_infoD2Ev             
00006d09  _ZN10__cxxabiv116__enum_type_infoD0Ev             
00006d19  _ZN4TaskC1Ev                                      
00006d19  _ZN4TaskC2Ev                                      
00006d37  _ZN4Task3runEv                                    
00006d5d  _ZN4Task19SetTaskCurrentCountEy                   
00006d7b  _ZN4Task17SetTaskFinalCountEy                     
00006d99  _ZN4Task19GetTaskCurrentCountEv                   
00006da9  _ZN4Task17GetTaskFinalCountEv                     
00006dc1  __aeabi_memcpy                                    
00006dc1  __aeabi_memcpy4                                   
00006dc1  __aeabi_memcpy8                                   
00006dc1  memcpy                                            
00006e5d  __aeabi_cdcmpeq                                   
00006e5d  __aeabi_cdcmple                                   
00006ee3  __aeabi_cdrcmple                                  
00006f69  __aeabi_memclr                                    
00006f69  __aeabi_memclr4                                   
00006f69  __aeabi_memclr8                                   
00006f6b  __aeabi_memset                                    
00006f6b  __aeabi_memset4                                   
00006f6b  __aeabi_memset8                                   
00006f71  memset                                            
00006fe3  __mpu_init                                        
00006fe5  __TI_auto_init                                    
000070bf  _Z21__default_new_handlerv                        
000070c1  frexp                                             
000070c1  frexpl                                            
00007125  sprintf                                           
00007185  ltoa                                              
000071db  _system_post_cinit                                
000071dd  _c_int00                                          
00007231  C$$EXIT                                           
00007235  abort                                             
0000723d  exit                                              
00007285  atoi                                              
000072d1  copy_in                                           
0000731d  __aeabi_d2iz                                      
00007365  CPU_cpsid                                         
00007371  CPU_primask                                       
0000737b  CPU_cpsie                                         
00007387  CPU_wfi                                           
0000738b  CPU_basepriSet                                    
00007399  CPU_basepriGet                                    
000073a5  _ZN4Task14ProcessMessageE3MSG                     
000073d9  _Znwj                                             
00007409  __aeabi_i2d                                       
00007439  _ZN4Task11SendMessageEv                           
00007465  memccpy                                           
00007481  _args_main                                        
00007499  strchr                                            
000074b1  _register_unlock                                  
000074b7  _register_lock                                    
000074bf  _nop                                              
000074c5  copysign                                          
000074c5  copysignl                                         
000074d9  strlen                                            
000074ed  _ZN4BallC1Ev                                      
000074fb  _ZN6RacketC1Ev                                    
00007509  __TI_decompress_none                              
00007517  Reset_Handler                                     
00007523  AES256_IRQHandler                                 
00007523  BusFault_Handler                                  
00007523  COMP_E0_IRQHandler                                
00007523  COMP_E1_IRQHandler                                
00007523  CS_IRQHandler                                     
00007523  DMA_ERR_IRQHandler                                
00007523  DMA_INT0_IRQHandler                               
00007523  DMA_INT1_IRQHandler                               
00007523  DMA_INT2_IRQHandler                               
00007523  DMA_INT3_IRQHandler                               
00007523  DebugMon_Handler                                  
00007523  Default_Handler                                   
00007523  EUSCIA0_IRQHandler                                
00007523  EUSCIA1_IRQHandler                                
00007523  EUSCIA2_IRQHandler                                
00007523  EUSCIA3_IRQHandler                                
00007523  EUSCIB0_IRQHandler                                
00007523  EUSCIB1_IRQHandler                                
00007523  EUSCIB2_IRQHandler                                
00007523  EUSCIB3_IRQHandler                                
00007523  FLCTL_IRQHandler                                  
00007523  FPU_IRQHandler                                    
00007523  HardFault_Handler                                 
00007523  MemManage_Handler                                 
00007523  NMI_Handler                                       
00007523  PCM_IRQHandler                                    
00007523  PORT1_IRQHandler                                  
00007523  PORT2_IRQHandler                                  
00007523  PORT3_IRQHandler                                  
00007523  PORT4_IRQHandler                                  
00007523  PORT5_IRQHandler                                  
00007523  PORT6_IRQHandler                                  
00007523  PSS_IRQHandler                                    
00007523  PendSV_Handler                                    
00007523  RTC_C_IRQHandler                                  
00007523  SVC_Handler                                       
00007523  SysTick_Handler                                   
00007523  T32_INT2_IRQHandler                               
00007523  T32_INTC_IRQHandler                               
00007523  TA0_0_IRQHandler                                  
00007523  TA0_N_IRQHandler                                  
00007523  TA1_0_IRQHandler                                  
00007523  TA1_N_IRQHandler                                  
00007523  TA2_0_IRQHandler                                  
00007523  TA2_N_IRQHandler                                  
00007523  TA3_0_IRQHandler                                  
00007523  TA3_N_IRQHandler                                  
00007523  UsageFault_Handler                                
00007523  WDT_A_IRQHandler                                  
00007525  _ZdlPv                                            
0000752d  __TI_decompress_rle24                             
00007533  _system_pre_init                                  
00007830  _ctypes_                                          
00007931  _ZTSe                                             
00007934  g_sFontFixed6x8                                   
00007acc  g_sCrystalfontz128x128                            
00007af8  _ZTSN10__cxxabiv123__fundamental_type_infoE       
00007b20  _ZTSN10__cxxabiv120__si_class_type_infoE          
00007b45  _ZTSN10__cxxabiv119__pointer_type_infoE           
00007b69  _ZTSN10__cxxabiv117__class_type_infoE             
00007b8b  _ZTSN10__cxxabiv117__pbase_type_infoE             
00007cf8  _ZTV4Task                                         
00007d0c  _ZTV6Screen                                       
00007d20  _ZTV9GameLogic                                    
00007d34  _ZTIPKe                                           
00007d44  _ZTVN10__cxxabiv117__class_type_infoE             
00007d54  _ZTVN10__cxxabiv119__pointer_type_infoE           
00007d64  _ZTVN10__cxxabiv120__si_class_type_infoE          
00007d74  _ZTVN10__cxxabiv123__fundamental_type_infoE       
00007d84  _ZTSSt9type_info                                  
00007d94  _ZTI6Screen                                       
00007da0  _ZTI9GameLogic                                    
00007dac  _ZTIN10__cxxabiv117__class_type_infoE             
00007db8  _ZTIN10__cxxabiv117__pbase_type_infoE             
00007dc4  _ZTIN10__cxxabiv119__pointer_type_infoE           
00007dd0  _ZTIN10__cxxabiv120__si_class_type_infoE          
00007ddc  _ZTIN10__cxxabiv123__fundamental_type_infoE       
00007de8  _ZTS9GameLogic                                    
00007e2c  _ZTI4Task                                         
00007e34  _ZTISt9type_info                                  
00007e3c  _ZTIe                                             
00007e44  _ZTS6Screen                                       
00007e6c  _ZTS4Task                                         
00007e72  _ZTSPKe                                           
00007e78  SHT$$INIT_ARRAY$$Base                             
00007e7c  SHT$$INIT_ARRAY$$Limit                            
00007efc  __TI_Handler_Table_Base                           
00007f04  __TI_CINIT_Base                                   
00007f04  __TI_Handler_Table_Limit                          
00007f1c  __TI_CINIT_Limit                                  
20000000  g_pfnRAMVectors                                   
200000e8  MainScheduler                                     
200020d8  g_sContext                                        
200020f4  positionDown                                      
200020f8  positionUp                                        
200020fc  aDataFromADC                                      
20002100  _ZSt16__dummy_typeinfo                            
20002104  Lcd_ScreenHeigth                                  
20002106  Lcd_ScreenWidth                                   
20002108  Lcd_TouchTrim                                     
2000210a  Lcd_FlagRead                                      
2000210b  Lcd_FontSolid                                     
2000210c  Lcd_Orientation                                   
2000210d  Lcd_PenSolid                                      
20002110  _sys_memory                                       
20002548  counterDown                                       
2000254c  counterUp                                         
20002550  pDataToScreenB                                    
20002554  __TI_cleanup_ptr                                  
20002558  __TI_dtors_ptr                                    
2000255c  __TI_enable_exit_profile_output                   
2000256c  _lock                                             
20002570  _unlock                                           
20002574  aDataFromButton                                   
20002578  errno                                             
2000257c  main_func_sp                                      
20002580  _new_handler                                      
20002584  SystemCoreClock                                   
2000fe00  __stack                                           
20010000  __STACK_END                                       
4000480c  WDTCTL_SYM                                        
ffffffff  __TI_pprof_out_hndl                               
ffffffff  __TI_prof_data_size                               
ffffffff  __TI_prof_data_start                              
ffffffff  __binit__                                         
ffffffff  __c_args__                                        
ffffffff  binit                                             

[481 symbols]
