******************************************************************************
                  TI ARM Linker Unix v15.12.3                  
******************************************************************************
>> Linked Mon Dec  5 09:13:20 2016

OUTPUT FILE NAME:   <finalProject.out>
ENTRY POINT SYMBOL: "_c_int00"  address: 00005165


MEMORY CONFIGURATION

         name            origin    length      used     unused   attr    fill
----------------------  --------  ---------  --------  --------  ----  --------
  MAIN                  00000000   00040000  000087d7  00037829  R  X
  INFO                  00200000   00004000  00000000  00004000  R  X
  SRAM_CODE             01000000   00010000  00002b8a  0000d476  RW X
  SRAM_DATA             20000000   00010000  00002b8a  0000d476  RW  


SEGMENT ALLOCATION MAP

run origin  load origin   length   init length attrs members
----------  ----------- ---------- ----------- ----- -------
00000000    00000000    000087dc   000087dc    r-x
  00000000    00000000    000000e4   000000e4    r-- .intvecs
  000000e4    000000e4    00005302   00005302    r-x .text
  000053e8    000053e8    00003341   00003341    r-- .const
  0000872c    0000872c    00000004   00000004    r-- .init_array
  00008730    00008730    000000ac   000000ac    r-- .cinit
20000000    20000000    00002990   00000000    rw-
  20000000    20000000    000000e4   00000000    rw- .vtable
  200000e8    200000e8    00002426   00000000    rw- .bss
  20002510    20002510    00000400   00000000    rw- .sysmem
  20002910    20002910    00000080   00000000    rw- .data
2000fe00    2000fe00    00000200   00000000    rw-
  2000fe00    2000fe00    00000200   00000000    rw- .stack


SECTION ALLOCATION MAP

 output                                  attributes/
section   page    origin      length       input sections
--------  ----  ----------  ----------   ----------------
.intvecs   0    00000000    000000e4     
                  00000000    000000e4     startup_msp432p401r_ccs.obj (.intvecs:retain)

.binit     0    00000000    00000000     

.text      0    000000e4    00005302     
                  000000e4    000008e0     adc14.obj (.text)
                  000009c4    000008a4     spi.obj (.text)
                  00001268    00000678     Crystalfontz128x128_ST7735.obj (.text)
                  000018e0    00000630     string.obj (.text)
                  00001f10    000005c8     Scheduler.obj (.text)
                  000024d8    00000490     line.obj (.text)
                  00002968    00000480     gpio.obj (.text)
                  00002de8    00000452     image.obj (.text)
                  0000323a    00000002     rtsv7M4_T_le_v4SPD16_eabi.lib : mpu_init.obj (.text)
                  0000323c    00000404     main.obj (.text)
                  00003640    000003f0     interrupt.obj (.text)
                  00003a30    000003dc     rtsv7M4_T_le_v4SPD16_eabi.lib : memory.obj (.text)
                  00003e0c    00000370     system_msp432p401r.obj (.text)
                  0000417c    0000033e     rectangle.obj (.text)
                  000044ba    00000266     context.obj (.text)
                  00004720    000001ec     Screen.obj (.text)
                  0000490c    00000136     rtsv7M4_T_le_v4SPD16_eabi.lib : fd_div_t2.obj (.text)
                  00004a42    00000134     display.obj (.text)
                  00004b76    00000002     rtsv7M4_T_le_v4SPD16_eabi.lib : newhandler.obj (.text)
                  00004b78    00000130     Servo.obj (.text)
                  00004ca8    000000d0     Button.obj (.text)
                  00004d78    000000bc     HAL_MSP_EXP432P401R_Crystalfontz128x128_ST7735.obj (.text)
                  00004e34    000000bc     rtsv7M4_T_le_v4SPD16_eabi.lib : typeinfo_.obj (.text)
                  00004ef0    0000009c                                   : memcpy_t2.obj (.text)
                  00004f8c    00000080     Task.obj (.text)
                  0000500c    0000007a     rtsv7M4_T_le_v4SPD16_eabi.lib : memset_t2.obj (.text)
                  00005086    00000002                                   : startup.obj (.text)
                  00005088    00000070                                   : autoinit.obj (.text)
                  000050f8    0000006a                                   : copy_decompress_rle.obj (.text)
                  00005162    00000002     --HOLE-- [fill = 0]
                  00005164    00000054                                   : boot.obj (.text)
                  000051b8    00000054                                   : exit.obj (.text)
                  0000520c    0000004c                                   : cpy_tbl.obj (.text)
                  00005258    00000048                                   : fd_toi_t2.obj (.text)
                  000052a0    0000003e     cpu.obj (.text)
                  000052de    00000038     rtsv7M4_T_le_v4SPD16_eabi.lib : fs_tod_t2.obj (.text)
                  00005316    00000002     --HOLE-- [fill = 0]
                  00005318    00000030                                   : new_.obj (.text)
                  00005348    0000002c     Ball.obj (.text:_ZN4Task11SendMessageEv)
                  00005374    00000018     rtsv7M4_T_le_v4SPD16_eabi.lib : args_main.obj (.text)
                  0000538c    00000014                                   : _lock.obj (.text)
                  000053a0    0000000e                                   : copy_decompress_none.obj (.text:decompress:none)
                  000053ae    0000000e     startup_msp432p401r_ccs.obj (.text)
                  000053bc    0000000c     LED.obj (.text:_ZN4Task14ProcessMessageE3MSG)
                  000053c8    0000000c     Task.obj (.text:_ZN4Task3runEv)
                  000053d4    00000008     rtsv7M4_T_le_v4SPD16_eabi.lib : delete.obj (.text)
                  000053dc    00000006                                   : copy_decompress_rle.obj (.text:decompress:rle24)
                  000053e2    00000004                                   : pre_init.obj (.text)

.const     0    000053e8    00003341     
                  000053e8    00002760     Screen.obj (.const:.string:pixel_tu_logo8BPP_COMP_RLE8)
                  00007b48    00000400     Screen.obj (.const:palette_tu_logo8BPP_COMP_RLE8)
                  00007f48    000002f8     fontfixed6x8.obj (.const:.string:g_pucFontFixed6x8Data)
                  00008240    000000c8     fontfixed6x8.obj (.const:g_sFontFixed6x8)
                  00008308    00000080     adc14.obj (.const:_ctlRegs)
                  00008388    00000050     interrupt.obj (.const:g_pulRegs)
                  000083d8    0000002c     Crystalfontz128x128_ST7735.obj (.const:g_sCrystalfontz128x128)
                  00008404    00000028     rtsv7M4_T_le_v4SPD16_eabi.lib : typeinfo_.obj (.const:.typeinfo:_ZTSN10__cxxabiv123__fundamental_type_infoE)
                  0000842c    00000025                                   : typeinfo_.obj (.const:.typeinfo:_ZTSN10__cxxabiv120__si_class_type_infoE)
                  00008451    00000024                                   : typeinfo_.obj (.const:.typeinfo:_ZTSN10__cxxabiv119__pointer_type_infoE)
                  00008475    00000022                                   : typeinfo_.obj (.const:.typeinfo:_ZTSN10__cxxabiv117__class_type_infoE)
                  00008497    00000022                                   : typeinfo_.obj (.const:.typeinfo:_ZTSN10__cxxabiv117__pbase_type_infoE)
                  000084b9    00000002                                   : typeinfo_.obj (.const:.typeinfo:_ZTSe)
                  000084bb    00000001     --HOLE-- [fill = 0]
                  000084bc    00000020     interrupt.obj (.const:g_pulPriority)
                  000084dc    0000001c     HAL_MSP_EXP432P401R_Crystalfontz128x128_ST7735.obj (.const:$P$T0$1)
                  000084f8    0000001c     gpio.obj (.const:GPIO_PORT_TO_INT)
                  00008514    0000001c     Screen.obj (.const:_ZTV6Screen)
                  00008530    00000014     Ball.obj (.const:$P$T40$1)
                  00008544    00000014     Scheduler.obj (.const:$P$T40$1)
                  00008558    00000014     main.obj (.const:$P$T40$1)
                  0000856c    00000014     Scheduler.obj (.const:$P$T41$2)
                  00008580    00000014     main.obj (.const:$P$T41$2)
                  00008594    00000014     main.obj (.const:$P$T42$3)
                  000085a8    00000014     Button.obj (.const:$P$T45$1)
                  000085bc    00000014     Task.obj (.const:_ZTV4Task)
                  000085d0    00000014     Servo.obj (.const:_ZTV5Servo)
                  000085e4    00000014     Button.obj (.const:_ZTV6Button)
                  000085f8    00000010     rtsv7M4_T_le_v4SPD16_eabi.lib : typeinfo_.obj (.const:.typeinfo:_ZTIPKe)
                  00008608    00000010                                   : typeinfo_.obj (.const:_ZTVN10__cxxabiv117__class_type_infoE)
                  00008618    00000010                                   : typeinfo_.obj (.const:_ZTVN10__cxxabiv119__pointer_type_infoE)
                  00008628    00000010                                   : typeinfo_.obj (.const:_ZTVN10__cxxabiv120__si_class_type_infoE)
                  00008638    00000010                                   : typeinfo_.obj (.const:_ZTVN10__cxxabiv123__fundamental_type_infoE)
                  00008648    00000010     Screen.obj (.const:tu_logo8BPP_COMP_RLE8)
                  00008658    0000000d     rtsv7M4_T_le_v4SPD16_eabi.lib : typeinfo_.obj (.const:.typeinfo:_ZTSSt9type_info)
                  00008665    00000003     --HOLE-- [fill = 0]
                  00008668    0000000c     Servo.obj (.const:.typeinfo:_ZTI5Servo)
                  00008674    0000000c     Button.obj (.const:.typeinfo:_ZTI6Button)
                  00008680    0000000c     Screen.obj (.const:.typeinfo:_ZTI6Screen)
                  0000868c    0000000c     rtsv7M4_T_le_v4SPD16_eabi.lib : typeinfo_.obj (.const:.typeinfo:_ZTIN10__cxxabiv117__class_type_infoE)
                  00008698    0000000c                                   : typeinfo_.obj (.const:.typeinfo:_ZTIN10__cxxabiv117__pbase_type_infoE)
                  000086a4    0000000c                                   : typeinfo_.obj (.const:.typeinfo:_ZTIN10__cxxabiv119__pointer_type_infoE)
                  000086b0    0000000c                                   : typeinfo_.obj (.const:.typeinfo:_ZTIN10__cxxabiv120__si_class_type_infoE)
                  000086bc    0000000c                                   : typeinfo_.obj (.const:.typeinfo:_ZTIN10__cxxabiv123__fundamental_type_infoE)
                  000086c8    00000008     Crystalfontz128x128_ST7735.obj (.const:$P$T0$1)
                  000086d0    00000008     Button.obj (.const:.typeinfo:_ZTI4Task)
                  000086d8    00000008     rtsv7M4_T_le_v4SPD16_eabi.lib : typeinfo_.obj (.const:.typeinfo:_ZTISt9type_info)
                  000086e0    00000008                                   : typeinfo_.obj (.const:.typeinfo:_ZTIe)
                  000086e8    00000008     Button.obj (.const:.typeinfo:_ZTS6Button)
                  000086f0    00000008     Screen.obj (.const:.typeinfo:_ZTS6Screen)
                  000086f8    00000008     interrupt.obj (.const:g_pulDisRegs)
                  00008700    00000008     interrupt.obj (.const:g_pulEnRegs)
                  00008708    00000008     interrupt.obj (.const:g_pulPendRegs)
                  00008710    00000008     interrupt.obj (.const:g_pulUnpendRegs)
                  00008718    00000007     Servo.obj (.const:.typeinfo:_ZTS5Servo)
                  0000871f    00000006     Button.obj (.const:.typeinfo:_ZTS4Task)
                  00008725    00000004     rtsv7M4_T_le_v4SPD16_eabi.lib : typeinfo_.obj (.const:.typeinfo:_ZTSPKe)

.cinit     0    00008730    000000ac     
                  00008730    0000006c     (.cinit..data.load) [load image, compression = rle]
                  0000879c    00000004     --HOLE-- [fill = 0]
                  000087a0    0000000b     (.cinit..bss.load) [load image, compression = rle]
                  000087ab    00000005     --HOLE-- [fill = 0]
                  000087b0    00000009     (.cinit..vtable.load) [load image, compression = rle]
                  000087b9    00000003     --HOLE-- [fill = 0]
                  000087bc    00000008     (__TI_handler_table)
                  000087c4    00000018     (__TI_cinit_table)

.init_array 
*          0    0000872c    00000004     
                  0000872c    00000004     main.obj (.init_array)

.vtable    0    20000000    000000e4     UNINITIALIZED
                  20000000    000000e4     interrupt.obj (.vtable)

.bss       0    200000e8    00002426     UNINITIALIZED
                  200000e8    00001ff0     main.obj (.bss:MainScheduler)
                  200020d8    00000400     image.obj (.bss:g_pulConvertedPalette)
                  200024d8    0000001c     (.common:g_sContext)
                  200024f4    00000008     (.common:aDataFromADC)
                  200024fc    00000004     main.obj (.bss)
                  20002500    00000004     (.common:_ZSt16__dummy_typeinfo)
                  20002504    00000002     (.common:Lcd_ScreenHeigth)
                  20002506    00000002     (.common:Lcd_ScreenWidth)
                  20002508    00000002     (.common:Lcd_TouchTrim)
                  2000250a    00000001     (.common:Lcd_FlagRead)
                  2000250b    00000001     (.common:Lcd_FontSolid)
                  2000250c    00000001     (.common:Lcd_Orientation)
                  2000250d    00000001     (.common:Lcd_PenSolid)

.sysmem    0    20002510    00000400     UNINITIALIZED
                  20002510    00000008     rtsv7M4_T_le_v4SPD16_eabi.lib : memory.obj (.sysmem)
                  20002518    000003f8     --HOLE--

.data      0    20002910    00000080     UNINITIALIZED
                  20002910    00000030     gpio.obj (.data:GPIO_PORT_TO_BASE)
                  20002940    00000018     Servo.obj (.data:pwmConfig)
                  20002958    0000000c     rtsv7M4_T_le_v4SPD16_eabi.lib : exit.obj (.data:$O1$$)
                  20002964    0000000c                                   : memory.obj (.data:$O1$$)
                  20002970    0000000c     main.obj (.data)
                  2000297c    00000008     rtsv7M4_T_le_v4SPD16_eabi.lib : _lock.obj (.data:$O1$$)
                  20002984    00000004                                   : stkdepth_vars.obj (.data)
                  20002988    00000004                                   : vars.obj (.data)
                  2000298c    00000004     system_msp432p401r.obj (.data)

.stack     0    2000fe00    00000200     UNINITIALIZED
                  2000fe00    00000200     --HOLE--

MODULE SUMMARY

       Module                                               code    ro data   rw data
       ------                                               ----    -------   -------
    ./
       main.obj                                             1028    64        16400  
       Screen.obj                                           492     11168     56     
       Scheduler.obj                                        1480    40        0      
       system_msp432p401r.obj                               880     0         8      
       Servo.obj                                            304     39        48     
       Button.obj                                           208     74        0      
       startup_msp432p401r_ccs.obj                          14      228       0      
       Task.obj                                             140     20        0      
       Ball.obj                                             44      20        0      
       LED.obj                                              12      0         0      
    +--+----------------------------------------------------+-------+---------+---------+
       Total:                                               4602    11653     16512  
                                                                                     
    ./GrLib/fonts/
       fontfixed6x8.obj                                     0       960       0      
    +--+----------------------------------------------------+-------+---------+---------+
       Total:                                               0       960       0      
                                                                                     
    ./GrLib/grlib/
       image.obj                                            1106    0         2048   
       string.obj                                           1584    0         0      
       line.obj                                             1168    0         0      
       rectangle.obj                                        830     0         0      
       context.obj                                          614     0         0      
       display.obj                                          308     0         0      
    +--+----------------------------------------------------+-------+---------+---------+
       Total:                                               5610    0         2048   
                                                                                     
    ./LcdDriver/
       Crystalfontz128x128_ST7735.obj                       1656    52        20     
       HAL_MSP_EXP432P401R_Crystalfontz128x128_ST7735.obj   188     28        0      
    +--+----------------------------------------------------+-------+---------+---------+
       Total:                                               1844    80        20     
                                                                                     
    ./driverlib/MSP432P4xx/
       adc14.obj                                            2272    128       0      
       spi.obj                                              2212    0         0      
       interrupt.obj                                        1008    144       456    
       gpio.obj                                             1152    28        96     
       cpu.obj                                              62      0         0      
    +--+----------------------------------------------------+-------+---------+---------+
       Total:                                               6706    300       552    
                                                                                     
    /opt/ti/ccsv6/tools/compiler/arm_15.12.3.LTS/lib/rtsv7M4_T_le_v4SPD16_eabi.lib
       memory.obj                                           988     0         24     
       typeinfo_.obj                                        188     356       8      
       fd_div_t2.obj                                        310     0         0      
       memcpy_t2.obj                                        156     0         0      
       memset_t2.obj                                        122     0         0      
       autoinit.obj                                         112     0         0      
       copy_decompress_rle.obj                              112     0         0      
       exit.obj                                             84      0         24     
       boot.obj                                             84      0         0      
       cpy_tbl.obj                                          76      0         0      
       fd_toi_t2.obj                                        72      0         0      
       fs_tod_t2.obj                                        56      0         0      
       new_.obj                                             48      0         0      
       _lock.obj                                            20      0         16     
       args_main.obj                                        24      0         0      
       copy_decompress_none.obj                             14      0         0      
       delete.obj                                           8       0         0      
       stkdepth_vars.obj                                    0       0         8      
       vars.obj                                             0       0         8      
       pre_init.obj                                         4       0         0      
       mpu_init.obj                                         2       0         0      
       newhandler.obj                                       2       0         0      
       startup.obj                                          2       0         0      
    +--+----------------------------------------------------+-------+---------+---------+
       Total:                                               2484    356       88     
                                                                                     
       Heap:                                                0       0         2048   
       Stack:                                               0       0         1024   
       Linker Generated:                                    0       160       0      
    +--+----------------------------------------------------+-------+---------+---------+
       Grand Total:                                         21246   13509     22292  


LINKER GENERATED COPY TABLES

__TI_cinit_table @ 000087c4 records: 3, size/record: 8, table size: 24
	.data: load addr=00008730, load size=0000006c bytes, run addr=20002910, run size=00000080 bytes, compression=rle
	.bss: load addr=000087a0, load size=0000000b bytes, run addr=200000e8, run size=00002426 bytes, compression=rle
	.vtable: load addr=000087b0, load size=00000009 bytes, run addr=20000000, run size=000000e4 bytes, compression=rle


LINKER GENERATED HANDLER TABLE

__TI_handler_table @ 000087bc records: 2, size/record: 4, table size: 8
	index: 0, handler: __TI_decompress_rle24
	index: 1, handler: __TI_decompress_none


GLOBAL SYMBOLS: SORTED ALPHABETICALLY BY Name 

address   name                                              
-------   ----                                              
000033c5  ADC14_IRQHandler                                  
000033c5  ADC14_IRQHandler                                  
00000939  ADC14_clearInterruptFlag                          
000004d9  ADC14_configureConversionMemory                   
00000381  ADC14_configureMultiSequenceMode                  
00000417  ADC14_configureSingleSampleMode                   
00000611  ADC14_disableComparatorWindow                     
000004af  ADC14_disableConversion                           
000008b3  ADC14_disableInterrupt                            
00000255  ADC14_disableModule                               
0000082f  ADC14_disableReferenceBurst                       
00000295  ADC14_disableSampleTimer                          
00000581  ADC14_enableComparatorWindow                      
0000046d  ADC14_enableConversion                            
00000887  ADC14_enableInterrupt                             
0000024d  ADC14_enableModule                                
00000819  ADC14_enableReferenceBurst                        
0000026b  ADC14_enableSampleTimer                           
00000909  ADC14_getEnabledInterruptStatus                   
000008df  ADC14_getInterruptStatus                          
00000739  ADC14_getMultiSequenceResult                      
0000030b  ADC14_getResolution                               
0000071f  ADC14_getResult                                   
000007a5  ADC14_getResultArray                              
000002ab  ADC14_initModule                                  
000004bb  ADC14_isBusy                                      
00000969  ADC14_registerInterrupt                           
0000066f  ADC14_setComparatorWindowValue                    
00000845  ADC14_setPowerMode                                
000002f1  ADC14_setResolution                               
000006f5  ADC14_setResultFormat                             
00000357  ADC14_setSampleHoldTime                           
00000315  ADC14_setSampleHoldTrigger                        
0000048d  ADC14_toggleConversionTrigger                     
0000097d  ADC14_unregisterInterrupt                         
000053bb  AES256_IRQHandler                                 
00003343  BUTTON_DOWN_ISR                                   
00003389  BUTTON_UP_ISR                                     
000053bb  BusFault_Handler                                  
000051b9  C$$EXIT                                           
000053bb  COMP_E0_IRQHandler                                
000053bb  COMP_E1_IRQHandler                                
000052d5  CPU_basepriGet                                    
000052c7  CPU_basepriSet                                    
000052a1  CPU_cpsid                                         
000052b7  CPU_cpsie                                         
000052ad  CPU_primask                                       
000052c3  CPU_wfi                                           
000053bb  CS_IRQHandler                                     
00001269  Crystalfontz128x128_Init                          
0000137d  Crystalfontz128x128_SetDrawFrame                  
000014ab  Crystalfontz128x128_SetOrientation                
000053bb  DMA_ERR_IRQHandler                                
000053bb  DMA_INT0_IRQHandler                               
000053bb  DMA_INT1_IRQHandler                               
000053bb  DMA_INT2_IRQHandler                               
000053bb  DMA_INT3_IRQHandler                               
200024fc  DataToServo                                       
000053bb  DebugMon_Handler                                  
000053bb  Default_Handler                                   
000053bb  EUSCIA0_IRQHandler                                
000053bb  EUSCIA1_IRQHandler                                
000053bb  EUSCIA2_IRQHandler                                
000053bb  EUSCIA3_IRQHandler                                
000053bb  EUSCIB0_IRQHandler                                
000053bb  EUSCIB1_IRQHandler                                
000053bb  EUSCIB2_IRQHandler                                
000053bb  EUSCIB3_IRQHandler                                
00001133  EUSCI_A_SPI_changeClockPhasePolarity              
000011e7  EUSCI_A_SPI_clearInterruptFlag                    
00001217  EUSCI_A_SPI_disable                               
000011b5  EUSCI_A_SPI_disableInterrupt                      
00001201  EUSCI_A_SPI_enable                                
0000119b  EUSCI_A_SPI_enableInterrupt                       
000011cf  EUSCI_A_SPI_getInterruptStatus                    
0000122d  EUSCI_A_SPI_getReceiveBufferAddressForDMA         
0000123b  EUSCI_A_SPI_getTransmitBufferAddressForDMA        
00001249  EUSCI_A_SPI_isBusy                                
000010b3  EUSCI_A_SPI_masterChangeClock                     
0000118b  EUSCI_A_SPI_receiveData                           
00001093  EUSCI_A_SPI_select4PinFunctionality               
000010e9  EUSCI_A_SPI_slaveInit                             
00001175  EUSCI_A_SPI_transmitData                          
00000f65  EUSCI_B_SPI_changeClockPhasePolarity              
00001019  EUSCI_B_SPI_clearInterruptFlag                    
00001049  EUSCI_B_SPI_disable                               
00000fe7  EUSCI_B_SPI_disableInterrupt                      
00001033  EUSCI_B_SPI_enable                                
00000fcd  EUSCI_B_SPI_enableInterrupt                       
00001001  EUSCI_B_SPI_getInterruptStatus                    
0000105f  EUSCI_B_SPI_getReceiveBufferAddressForDMA         
0000106d  EUSCI_B_SPI_getTransmitBufferAddressForDMA        
0000107b  EUSCI_B_SPI_isBusy                                
00000ee9  EUSCI_B_SPI_masterChangeClock                     
00000fbd  EUSCI_B_SPI_receiveData                           
00000ec9  EUSCI_B_SPI_select4PinFunctionality               
00000f1b  EUSCI_B_SPI_slaveInit                             
00000fa7  EUSCI_B_SPI_transmitData                          
000053bb  FLCTL_IRQHandler                                  
000053bb  FPU_IRQHandler                                    
00002c8b  GPIO_clearInterruptFlag                           
00002c4b  GPIO_disableInterrupt                             
00002c29  GPIO_enableInterrupt                              
00002ce3  GPIO_getEnabledInterruptStatus                    
00002bfb  GPIO_getInputPinValue                             
00002c6d  GPIO_getInterruptStatus                           
00002cad  GPIO_interruptEdgeSelect                          
00002da3  GPIO_registerInterrupt                            
000029a3  GPIO_setAsInputPin                                
00002b57  GPIO_setAsInputPinWithPullDownResistor            
00002ba9  GPIO_setAsInputPinWithPullUpResistor              
00002969  GPIO_setAsOutputPin                               
00002a6d  GPIO_setAsPeripheralModuleFunctionInputPin        
000029e9  GPIO_setAsPeripheralModuleFunctionOutputPin       
00002d5f  GPIO_setDriveStrengthHigh                         
00002d81  GPIO_setDriveStrengthLow                          
00002af1  GPIO_setOutputHighOnPin                           
00002b13  GPIO_setOutputLowOnPin                            
00002b35  GPIO_toggleOutputOnPin                            
00002dc3  GPIO_unregisterInterrupt                          
000046a7  Graphics_clearDisplay                             
00004b5f  Graphics_clearDisplayOnDisplay                    
00004ab1  Graphics_drawHorizontalLineOnDisplay              
00002e55  Graphics_drawImage                                
000027f5  Graphics_drawLine                                 
000024d9  Graphics_drawLineH                                
00002575  Graphics_drawLineV                                
00004a6d  Graphics_drawMultiplePixelsOnDisplay              
000046b9  Graphics_drawPixel                                
00004a43  Graphics_drawPixelOnDisplay                       
0000417d  Graphics_drawRectangle                            
00001a1b  Graphics_drawString                               
00001ea9  Graphics_drawStringCentered                       
00004ae5  Graphics_drawVerticalLineOnDisplay                
0000421f  Graphics_fillRectangle                            
00004b19  Graphics_fillRectangleOnDisplay                   
00004699  Graphics_flushBuffer                              
00004b4d  Graphics_flushOnDisplay                           
0000467b  Graphics_getDisplayHeight                         
0000466b  Graphics_getDisplayWidth                          
00004619  Graphics_getFontBaseline                          
0000464f  Graphics_getFontHeight                            
0000465d  Graphics_getFontMaxWidth                          
0000468b  Graphics_getHeightOfDisplay                       
000031a9  Graphics_getImageColors                           
000031b7  Graphics_getImageHeight                           
000031c5  Graphics_getImageWidth                            
0000321d  Graphics_getOffScreen8BPPSize                     
000031d3  Graphics_getOffscreen1BppImageSize                
000031f9  Graphics_getOffscreen4BppImageSize                
00004383  Graphics_getRectangleIntersection                 
00001e99  Graphics_getStringBaseline                        
00001ef1  Graphics_getStringHeight                          
00001f01  Graphics_getStringMaxWidth                        
00001921  Graphics_getStringWidth                           
00004713  Graphics_getWidthOfDisplay                        
000044bb  Graphics_initContext                              
00004469  Graphics_isPointWithinRectangle                   
00004331  Graphics_isRectangleOverlap                       
000045cf  Graphics_setBackgroundColor                       
000045e9  Graphics_setBackgroundColorTranslated             
00004505  Graphics_setClipRegion                            
000045ff  Graphics_setFont                                  
00004627  Graphics_setForegroundColor                       
0000463d  Graphics_setForegroundColorTranslated             
00004b37  Graphics_translateColorOnDisplay                  
00004d79  HAL_LCD_PortInit                                  
00004da9  HAL_LCD_SpiInit                                   
00004ddf  HAL_LCD_writeCommand                              
00004e07  HAL_LCD_writeData                                 
000053bb  HardFault_Handler                                 
00003803  Interrupt_disableInterrupt                        
00003653  Interrupt_disableMaster                           
00003a01  Interrupt_disableSleepOnIsrExit                   
00003791  Interrupt_enableInterrupt                         
00003643  Interrupt_enableMaster                            
000039ef  Interrupt_enableSleepOnIsrExit                    
0000376b  Interrupt_getPriority                             
000036e3  Interrupt_getPriorityGrouping                     
000039cf  Interrupt_getPriorityMask                         
000039e9  Interrupt_getVectorTableAddress                   
00003875  Interrupt_isEnabled                               
00003901  Interrupt_pendInterrupt                           
00003663  Interrupt_registerInterrupt                       
0000371b  Interrupt_setPriority                             
000036c9  Interrupt_setPriorityGrouping                     
000039bf  Interrupt_setPriorityMask                         
000039d9  Interrupt_setVectorTableAddress                   
00003971  Interrupt_unpendInterrupt                         
000036b5  Interrupt_unregisterInterrupt                     
2000250a  Lcd_FlagRead                                      
2000250b  Lcd_FontSolid                                     
2000250c  Lcd_Orientation                                   
2000250d  Lcd_PenSolid                                      
20002504  Lcd_ScreenHeigth                                  
20002506  Lcd_ScreenWidth                                   
20002508  Lcd_TouchTrim                                     
200000e8  MainScheduler                                     
000053bb  MemManage_Handler                                 
000053bb  NMI_Handler                                       
000053bb  PCM_IRQHandler                                    
000053bb  PORT1_IRQHandler                                  
000053bb  PORT2_IRQHandler                                  
000053bb  PORT3_IRQHandler                                  
000053bb  PORT4_IRQHandler                                  
000053bb  PORT5_IRQHandler                                  
000053bb  PORT6_IRQHandler                                  
000053bb  PSS_IRQHandler                                    
000053bb  PendSV_Handler                                    
000053bb  RTC_C_IRQHandler                                  
000053af  Reset_Handler                                     
0000872c  SHT$$INIT_ARRAY$$Base                             
00008730  SHT$$INIT_ARRAY$$Limit                            
00000b87  SPI_changeClockPhasePolarity                      
00000ae1  SPI_changeMasterClock                             
00000d39  SPI_clearInterruptFlag                            
00000cbb  SPI_disableInterrupt                              
00000c15  SPI_disableModule                                 
00000c95  SPI_enableInterrupt                               
00000bf9  SPI_enableModule                                  
00000d09  SPI_getEnabledInterruptStatus                     
00000ce1  SPI_getInterruptStatus                            
00000c31  SPI_getReceiveBufferAddressForDMA                 
00000c4d  SPI_getTransmitBufferAddressForDMA                
000009f5  SPI_initMaster                                    
00000b09  SPI_initSlave                                     
00000c79  SPI_isBusy                                        
00000bdd  SPI_receiveData                                   
00000d5f  SPI_registerInterrupt                             
00000abb  SPI_selectFourPinFunctionality                    
00000bb7  SPI_transmitData                                  
00000e1d  SPI_unregisterInterrupt                           
000053bb  SVC_Handler                                       
000053bb  SysTick_Handler                                   
2000298c  SystemCoreClock                                   
00003e0d  SystemCoreClockUpdate                             
00004081  SystemInit                                        
000033a7  T32_INT1_IRQHandler                               
000033a7  T32_INT1_IRQHandler                               
000053bb  T32_INT2_IRQHandler                               
000053bb  T32_INTC_IRQHandler                               
000053bb  TA0_0_IRQHandler                                  
000053bb  TA0_N_IRQHandler                                  
000053bb  TA1_0_IRQHandler                                  
000053bb  TA1_N_IRQHandler                                  
000053bb  TA2_0_IRQHandler                                  
000053bb  TA2_N_IRQHandler                                  
000053bb  TA3_0_IRQHandler                                  
000053bb  TA3_N_IRQHandler                                  
000053bb  UsageFault_Handler                                
4000480c  WDTCTL_SYM                                        
000053bb  WDT_A_IRQHandler                                  
00004b77  _Z21__default_new_handlerv                        
0000354d  _Z5Setupv                                         
00003463  _Z8setupADCv                                      
00004ee1  _ZN10__cxxabiv116__enum_type_infoD0Ev             
00004edf  _ZN10__cxxabiv116__enum_type_infoD1Ev             
00004edf  _ZN10__cxxabiv116__enum_type_infoD2Ev             
00004ed7  _ZN10__cxxabiv117__array_type_infoD0Ev            
00004ed5  _ZN10__cxxabiv117__array_type_infoD1Ev            
00004ed5  _ZN10__cxxabiv117__array_type_infoD2Ev            
00004ecd  _ZN10__cxxabiv117__class_type_infoD0Ev            
00004ecb  _ZN10__cxxabiv117__class_type_infoD1Ev            
00004ecb  _ZN10__cxxabiv117__class_type_infoD2Ev            
00004ec3  _ZN10__cxxabiv117__pbase_type_infoD0Ev            
00004ec1  _ZN10__cxxabiv117__pbase_type_infoD1Ev            
00004ec1  _ZN10__cxxabiv117__pbase_type_infoD2Ev            
00004eb9  _ZN10__cxxabiv119__pointer_type_infoD0Ev          
00004eb7  _ZN10__cxxabiv119__pointer_type_infoD1Ev          
00004eb7  _ZN10__cxxabiv119__pointer_type_infoD2Ev          
00004eaf  _ZN10__cxxabiv120__function_type_infoD0Ev         
00004ead  _ZN10__cxxabiv120__function_type_infoD1Ev         
00004ead  _ZN10__cxxabiv120__function_type_infoD2Ev         
00004ea5  _ZN10__cxxabiv120__si_class_type_infoD0Ev         
00004ea3  _ZN10__cxxabiv120__si_class_type_infoD1Ev         
00004ea3  _ZN10__cxxabiv120__si_class_type_infoD2Ev         
00004e9b  _ZN10__cxxabiv121__vmi_class_type_infoD0Ev        
00004e99  _ZN10__cxxabiv121__vmi_class_type_infoD1Ev        
00004e99  _ZN10__cxxabiv121__vmi_class_type_infoD2Ev        
00004e91  _ZN10__cxxabiv123__fundamental_type_infoD0Ev      
00004e8f  _ZN10__cxxabiv123__fundamental_type_infoD1Ev      
00004e8f  _ZN10__cxxabiv123__fundamental_type_infoD2Ev      
00004e87  _ZN10__cxxabiv129__pointer_to_member_type_infoD0Ev
00004e85  _ZN10__cxxabiv129__pointer_to_member_type_infoD1Ev
00004e85  _ZN10__cxxabiv129__pointer_to_member_type_infoD2Ev
00005349  _ZN4Task11SendMessageEv                           
000053bd  _ZN4Task14ProcessMessageE3MSG                     
00004ff7  _ZN4Task17GetTaskFinalCountEv                     
00004fc9  _ZN4Task17SetTaskFinalCountEy                     
00004fe7  _ZN4Task19GetTaskCurrentCountEv                   
00004fab  _ZN4Task19SetTaskCurrentCountEy                   
000053c9  _ZN4Task3runEv                                    
00004f8d  _ZN4TaskC1Ev                                      
00004f8d  _ZN4TaskC2Ev                                      
00004bf9  _ZN5Servo14ProcessMessageE3MSG                    
00004c5d  _ZN5Servo19ADCtoServoValueConvEi                  
00004bed  _ZN5Servo3runEv                                   
00004b79  _ZN5ServoC1Eibii                                  
00004b79  _ZN5ServoC2Eibii                                  
00004d4b  _ZN6Button11SendMessageEv                         
00004d2f  _ZN6Button14ProcessMessageE3MSG                   
00004d1f  _ZN6Button3runEv                                  
00004ca9  _ZN6ButtonC1Eibiiy                                
00004ca9  _ZN6ButtonC2Eibiiy                                
00004893  _ZN6Screen11printFigureE18Graphics_Rectangle      
000047af  _ZN6Screen14ProcessMessageE3MSG                   
000048b1  _ZN6Screen20ADCtoScreenValueConvEi                
000047a3  _ZN6Screen3runEv                                  
00004721  _ZN6ScreenC1Eib                                   
00004721  _ZN6ScreenC2Eib                                   
0000225f  _ZN9Scheduler13attachMessageE3MSG                 
0000246b  _ZN9Scheduler14processMessageE3MSG                
000022bb  _ZN9Scheduler17clearMessageQueueEv                
00002421  _ZN9Scheduler18clearNextSchedulerEv               
0000215d  _ZN9Scheduler19ProcessMessageQueueEv              
0000208b  _ZN9Scheduler21CalculateNextScheduleEv            
000024bf  _ZN9Scheduler22SortScheduleByPriorityEP4Task      
0000202d  _ZN9Scheduler3runEv                               
00001fb7  _ZN9Scheduler6attachEP4Task                       
00001f11  _ZN9SchedulerC1Ev                                 
00001f11  _ZN9SchedulerC2Ev                                 
00004e47  _ZNKSt9type_info4nameEv                           
00004e77  _ZNKSt9type_info6beforeERKS_                      
00004e61  _ZNKSt9type_infoeqERKS_                           
00004e4b  _ZNKSt9type_infoneERKS_                           
00004e3f  _ZNSt9type_infoD0Ev                               
00004e3d  _ZNSt9type_infoD1Ev                               
00004e3d  _ZNSt9type_infoD2Ev                               
20002500  _ZSt16__dummy_typeinfo                            
00004e35  _ZSt21__gen_dummy_typeinfosv                      
000086d0  _ZTI4Task                                         
00008668  _ZTI5Servo                                        
00008674  _ZTI6Button                                       
00008680  _ZTI6Screen                                       
0000868c  _ZTIN10__cxxabiv117__class_type_infoE             
00008698  _ZTIN10__cxxabiv117__pbase_type_infoE             
000086a4  _ZTIN10__cxxabiv119__pointer_type_infoE           
000086b0  _ZTIN10__cxxabiv120__si_class_type_infoE          
000086bc  _ZTIN10__cxxabiv123__fundamental_type_infoE       
000085f8  _ZTIPKe                                           
000086d8  _ZTISt9type_info                                  
000086e0  _ZTIe                                             
0000871f  _ZTS4Task                                         
00008718  _ZTS5Servo                                        
000086e8  _ZTS6Button                                       
000086f0  _ZTS6Screen                                       
00008475  _ZTSN10__cxxabiv117__class_type_infoE             
00008497  _ZTSN10__cxxabiv117__pbase_type_infoE             
00008451  _ZTSN10__cxxabiv119__pointer_type_infoE           
0000842c  _ZTSN10__cxxabiv120__si_class_type_infoE          
00008404  _ZTSN10__cxxabiv123__fundamental_type_infoE       
00008725  _ZTSPKe                                           
00008658  _ZTSSt9type_info                                  
000084b9  _ZTSe                                             
000085bc  _ZTV4Task                                         
000085d0  _ZTV5Servo                                        
000085e4  _ZTV6Button                                       
00008514  _ZTV6Screen                                       
00008608  _ZTVN10__cxxabiv117__class_type_infoE             
00008618  _ZTVN10__cxxabiv119__pointer_type_infoE           
00008628  _ZTVN10__cxxabiv120__si_class_type_infoE          
00008638  _ZTVN10__cxxabiv123__fundamental_type_infoE       
000053d5  _ZdlPv                                            
00005319  _Znwj                                             
20010000  __STACK_END                                       
00000200  __STACK_SIZE                                      
00000400  __SYSMEM_SIZE                                     
000087c4  __TI_CINIT_Base                                   
000087dc  __TI_CINIT_Limit                                  
000087bc  __TI_Handler_Table_Base                           
000087c4  __TI_Handler_Table_Limit                          
00005089  __TI_auto_init                                    
20002958  __TI_cleanup_ptr                                  
000053a1  __TI_decompress_none                              
000053dd  __TI_decompress_rle24                             
2000295c  __TI_dtors_ptr                                    
20002960  __TI_enable_exit_profile_output                   
ffffffff  __TI_pprof_out_hndl                               
ffffffff  __TI_prof_data_size                               
ffffffff  __TI_prof_data_start                              
00000000  __TI_static_base__                                
00005259  __aeabi_d2iz                                      
0000490d  __aeabi_ddiv                                      
000052df  __aeabi_f2d                                       
0000500d  __aeabi_memclr                                    
0000500d  __aeabi_memclr4                                   
0000500d  __aeabi_memclr8                                   
00004ef1  __aeabi_memcpy                                    
00004ef1  __aeabi_memcpy4                                   
00004ef1  __aeabi_memcpy8                                   
0000500f  __aeabi_memset                                    
0000500f  __aeabi_memset4                                   
0000500f  __aeabi_memset8                                   
ffffffff  __binit__                                         
ffffffff  __c_args__                                        
0000323b  __mpu_init                                        
2000fe00  __stack                                           
000035cd  __sti___8_main_cpp_2c535ab5                       
00005375  _args_main                                        
00005165  _c_int00                                          
2000297c  _lock                                             
20002988  _new_handler                                      
0000539b  _nop                                              
00005393  _register_lock                                    
0000538d  _register_unlock                                  
20002510  _sys_memory                                       
00005087  _system_post_cinit                                
000053e3  _system_pre_init                                  
20002980  _unlock                                           
200024f4  aDataFromADC                                      
000051bd  abort                                             
ffffffff  binit                                             
00003dd9  calloc                                            
0000520d  copy_in                                           
000051c5  exit                                              
00003b27  free                                              
20000000  g_pfnRAMVectors                                   
200024d8  g_sContext                                        
000083d8  g_sCrystalfontz128x128                            
00008240  g_sFontFixed6x8                                   
00000000  interruptVectors                                  
000032a7  main                                              
20002984  main_func_sp                                      
00003abf  malloc                                            
00003cf5  memalign                                          
00004ef1  memcpy                                            
00005015  memset                                            
00003a31  minit                                             
20002978  pDataToScreen                                     
20002940  pwmConfig                                         
00003be9  realloc                                           


GLOBAL SYMBOLS: SORTED BY Symbol Address 

address   name                                              
-------   ----                                              
00000000  __TI_static_base__                                
00000000  interruptVectors                                  
00000200  __STACK_SIZE                                      
0000024d  ADC14_enableModule                                
00000255  ADC14_disableModule                               
0000026b  ADC14_enableSampleTimer                           
00000295  ADC14_disableSampleTimer                          
000002ab  ADC14_initModule                                  
000002f1  ADC14_setResolution                               
0000030b  ADC14_getResolution                               
00000315  ADC14_setSampleHoldTrigger                        
00000357  ADC14_setSampleHoldTime                           
00000381  ADC14_configureMultiSequenceMode                  
00000400  __SYSMEM_SIZE                                     
00000417  ADC14_configureSingleSampleMode                   
0000046d  ADC14_enableConversion                            
0000048d  ADC14_toggleConversionTrigger                     
000004af  ADC14_disableConversion                           
000004bb  ADC14_isBusy                                      
000004d9  ADC14_configureConversionMemory                   
00000581  ADC14_enableComparatorWindow                      
00000611  ADC14_disableComparatorWindow                     
0000066f  ADC14_setComparatorWindowValue                    
000006f5  ADC14_setResultFormat                             
0000071f  ADC14_getResult                                   
00000739  ADC14_getMultiSequenceResult                      
000007a5  ADC14_getResultArray                              
00000819  ADC14_enableReferenceBurst                        
0000082f  ADC14_disableReferenceBurst                       
00000845  ADC14_setPowerMode                                
00000887  ADC14_enableInterrupt                             
000008b3  ADC14_disableInterrupt                            
000008df  ADC14_getInterruptStatus                          
00000909  ADC14_getEnabledInterruptStatus                   
00000939  ADC14_clearInterruptFlag                          
00000969  ADC14_registerInterrupt                           
0000097d  ADC14_unregisterInterrupt                         
000009f5  SPI_initMaster                                    
00000abb  SPI_selectFourPinFunctionality                    
00000ae1  SPI_changeMasterClock                             
00000b09  SPI_initSlave                                     
00000b87  SPI_changeClockPhasePolarity                      
00000bb7  SPI_transmitData                                  
00000bdd  SPI_receiveData                                   
00000bf9  SPI_enableModule                                  
00000c15  SPI_disableModule                                 
00000c31  SPI_getReceiveBufferAddressForDMA                 
00000c4d  SPI_getTransmitBufferAddressForDMA                
00000c79  SPI_isBusy                                        
00000c95  SPI_enableInterrupt                               
00000cbb  SPI_disableInterrupt                              
00000ce1  SPI_getInterruptStatus                            
00000d09  SPI_getEnabledInterruptStatus                     
00000d39  SPI_clearInterruptFlag                            
00000d5f  SPI_registerInterrupt                             
00000e1d  SPI_unregisterInterrupt                           
00000ec9  EUSCI_B_SPI_select4PinFunctionality               
00000ee9  EUSCI_B_SPI_masterChangeClock                     
00000f1b  EUSCI_B_SPI_slaveInit                             
00000f65  EUSCI_B_SPI_changeClockPhasePolarity              
00000fa7  EUSCI_B_SPI_transmitData                          
00000fbd  EUSCI_B_SPI_receiveData                           
00000fcd  EUSCI_B_SPI_enableInterrupt                       
00000fe7  EUSCI_B_SPI_disableInterrupt                      
00001001  EUSCI_B_SPI_getInterruptStatus                    
00001019  EUSCI_B_SPI_clearInterruptFlag                    
00001033  EUSCI_B_SPI_enable                                
00001049  EUSCI_B_SPI_disable                               
0000105f  EUSCI_B_SPI_getReceiveBufferAddressForDMA         
0000106d  EUSCI_B_SPI_getTransmitBufferAddressForDMA        
0000107b  EUSCI_B_SPI_isBusy                                
00001093  EUSCI_A_SPI_select4PinFunctionality               
000010b3  EUSCI_A_SPI_masterChangeClock                     
000010e9  EUSCI_A_SPI_slaveInit                             
00001133  EUSCI_A_SPI_changeClockPhasePolarity              
00001175  EUSCI_A_SPI_transmitData                          
0000118b  EUSCI_A_SPI_receiveData                           
0000119b  EUSCI_A_SPI_enableInterrupt                       
000011b5  EUSCI_A_SPI_disableInterrupt                      
000011cf  EUSCI_A_SPI_getInterruptStatus                    
000011e7  EUSCI_A_SPI_clearInterruptFlag                    
00001201  EUSCI_A_SPI_enable                                
00001217  EUSCI_A_SPI_disable                               
0000122d  EUSCI_A_SPI_getReceiveBufferAddressForDMA         
0000123b  EUSCI_A_SPI_getTransmitBufferAddressForDMA        
00001249  EUSCI_A_SPI_isBusy                                
00001269  Crystalfontz128x128_Init                          
0000137d  Crystalfontz128x128_SetDrawFrame                  
000014ab  Crystalfontz128x128_SetOrientation                
00001921  Graphics_getStringWidth                           
00001a1b  Graphics_drawString                               
00001e99  Graphics_getStringBaseline                        
00001ea9  Graphics_drawStringCentered                       
00001ef1  Graphics_getStringHeight                          
00001f01  Graphics_getStringMaxWidth                        
00001f11  _ZN9SchedulerC1Ev                                 
00001f11  _ZN9SchedulerC2Ev                                 
00001fb7  _ZN9Scheduler6attachEP4Task                       
0000202d  _ZN9Scheduler3runEv                               
0000208b  _ZN9Scheduler21CalculateNextScheduleEv            
0000215d  _ZN9Scheduler19ProcessMessageQueueEv              
0000225f  _ZN9Scheduler13attachMessageE3MSG                 
000022bb  _ZN9Scheduler17clearMessageQueueEv                
00002421  _ZN9Scheduler18clearNextSchedulerEv               
0000246b  _ZN9Scheduler14processMessageE3MSG                
000024bf  _ZN9Scheduler22SortScheduleByPriorityEP4Task      
000024d9  Graphics_drawLineH                                
00002575  Graphics_drawLineV                                
000027f5  Graphics_drawLine                                 
00002969  GPIO_setAsOutputPin                               
000029a3  GPIO_setAsInputPin                                
000029e9  GPIO_setAsPeripheralModuleFunctionOutputPin       
00002a6d  GPIO_setAsPeripheralModuleFunctionInputPin        
00002af1  GPIO_setOutputHighOnPin                           
00002b13  GPIO_setOutputLowOnPin                            
00002b35  GPIO_toggleOutputOnPin                            
00002b57  GPIO_setAsInputPinWithPullDownResistor            
00002ba9  GPIO_setAsInputPinWithPullUpResistor              
00002bfb  GPIO_getInputPinValue                             
00002c29  GPIO_enableInterrupt                              
00002c4b  GPIO_disableInterrupt                             
00002c6d  GPIO_getInterruptStatus                           
00002c8b  GPIO_clearInterruptFlag                           
00002cad  GPIO_interruptEdgeSelect                          
00002ce3  GPIO_getEnabledInterruptStatus                    
00002d5f  GPIO_setDriveStrengthHigh                         
00002d81  GPIO_setDriveStrengthLow                          
00002da3  GPIO_registerInterrupt                            
00002dc3  GPIO_unregisterInterrupt                          
00002e55  Graphics_drawImage                                
000031a9  Graphics_getImageColors                           
000031b7  Graphics_getImageHeight                           
000031c5  Graphics_getImageWidth                            
000031d3  Graphics_getOffscreen1BppImageSize                
000031f9  Graphics_getOffscreen4BppImageSize                
0000321d  Graphics_getOffScreen8BPPSize                     
0000323b  __mpu_init                                        
000032a7  main                                              
00003343  BUTTON_DOWN_ISR                                   
00003389  BUTTON_UP_ISR                                     
000033a7  T32_INT1_IRQHandler                               
000033a7  T32_INT1_IRQHandler                               
000033c5  ADC14_IRQHandler                                  
000033c5  ADC14_IRQHandler                                  
00003463  _Z8setupADCv                                      
0000354d  _Z5Setupv                                         
000035cd  __sti___8_main_cpp_2c535ab5                       
00003643  Interrupt_enableMaster                            
00003653  Interrupt_disableMaster                           
00003663  Interrupt_registerInterrupt                       
000036b5  Interrupt_unregisterInterrupt                     
000036c9  Interrupt_setPriorityGrouping                     
000036e3  Interrupt_getPriorityGrouping                     
0000371b  Interrupt_setPriority                             
0000376b  Interrupt_getPriority                             
00003791  Interrupt_enableInterrupt                         
00003803  Interrupt_disableInterrupt                        
00003875  Interrupt_isEnabled                               
00003901  Interrupt_pendInterrupt                           
00003971  Interrupt_unpendInterrupt                         
000039bf  Interrupt_setPriorityMask                         
000039cf  Interrupt_getPriorityMask                         
000039d9  Interrupt_setVectorTableAddress                   
000039e9  Interrupt_getVectorTableAddress                   
000039ef  Interrupt_enableSleepOnIsrExit                    
00003a01  Interrupt_disableSleepOnIsrExit                   
00003a31  minit                                             
00003abf  malloc                                            
00003b27  free                                              
00003be9  realloc                                           
00003cf5  memalign                                          
00003dd9  calloc                                            
00003e0d  SystemCoreClockUpdate                             
00004081  SystemInit                                        
0000417d  Graphics_drawRectangle                            
0000421f  Graphics_fillRectangle                            
00004331  Graphics_isRectangleOverlap                       
00004383  Graphics_getRectangleIntersection                 
00004469  Graphics_isPointWithinRectangle                   
000044bb  Graphics_initContext                              
00004505  Graphics_setClipRegion                            
000045cf  Graphics_setBackgroundColor                       
000045e9  Graphics_setBackgroundColorTranslated             
000045ff  Graphics_setFont                                  
00004619  Graphics_getFontBaseline                          
00004627  Graphics_setForegroundColor                       
0000463d  Graphics_setForegroundColorTranslated             
0000464f  Graphics_getFontHeight                            
0000465d  Graphics_getFontMaxWidth                          
0000466b  Graphics_getDisplayWidth                          
0000467b  Graphics_getDisplayHeight                         
0000468b  Graphics_getHeightOfDisplay                       
00004699  Graphics_flushBuffer                              
000046a7  Graphics_clearDisplay                             
000046b9  Graphics_drawPixel                                
00004713  Graphics_getWidthOfDisplay                        
00004721  _ZN6ScreenC1Eib                                   
00004721  _ZN6ScreenC2Eib                                   
000047a3  _ZN6Screen3runEv                                  
000047af  _ZN6Screen14ProcessMessageE3MSG                   
00004893  _ZN6Screen11printFigureE18Graphics_Rectangle      
000048b1  _ZN6Screen20ADCtoScreenValueConvEi                
0000490d  __aeabi_ddiv                                      
00004a43  Graphics_drawPixelOnDisplay                       
00004a6d  Graphics_drawMultiplePixelsOnDisplay              
00004ab1  Graphics_drawHorizontalLineOnDisplay              
00004ae5  Graphics_drawVerticalLineOnDisplay                
00004b19  Graphics_fillRectangleOnDisplay                   
00004b37  Graphics_translateColorOnDisplay                  
00004b4d  Graphics_flushOnDisplay                           
00004b5f  Graphics_clearDisplayOnDisplay                    
00004b77  _Z21__default_new_handlerv                        
00004b79  _ZN5ServoC1Eibii                                  
00004b79  _ZN5ServoC2Eibii                                  
00004bed  _ZN5Servo3runEv                                   
00004bf9  _ZN5Servo14ProcessMessageE3MSG                    
00004c5d  _ZN5Servo19ADCtoServoValueConvEi                  
00004ca9  _ZN6ButtonC1Eibiiy                                
00004ca9  _ZN6ButtonC2Eibiiy                                
00004d1f  _ZN6Button3runEv                                  
00004d2f  _ZN6Button14ProcessMessageE3MSG                   
00004d4b  _ZN6Button11SendMessageEv                         
00004d79  HAL_LCD_PortInit                                  
00004da9  HAL_LCD_SpiInit                                   
00004ddf  HAL_LCD_writeCommand                              
00004e07  HAL_LCD_writeData                                 
00004e35  _ZSt21__gen_dummy_typeinfosv                      
00004e3d  _ZNSt9type_infoD1Ev                               
00004e3d  _ZNSt9type_infoD2Ev                               
00004e3f  _ZNSt9type_infoD0Ev                               
00004e47  _ZNKSt9type_info4nameEv                           
00004e4b  _ZNKSt9type_infoneERKS_                           
00004e61  _ZNKSt9type_infoeqERKS_                           
00004e77  _ZNKSt9type_info6beforeERKS_                      
00004e85  _ZN10__cxxabiv129__pointer_to_member_type_infoD1Ev
00004e85  _ZN10__cxxabiv129__pointer_to_member_type_infoD2Ev
00004e87  _ZN10__cxxabiv129__pointer_to_member_type_infoD0Ev
00004e8f  _ZN10__cxxabiv123__fundamental_type_infoD1Ev      
00004e8f  _ZN10__cxxabiv123__fundamental_type_infoD2Ev      
00004e91  _ZN10__cxxabiv123__fundamental_type_infoD0Ev      
00004e99  _ZN10__cxxabiv121__vmi_class_type_infoD1Ev        
00004e99  _ZN10__cxxabiv121__vmi_class_type_infoD2Ev        
00004e9b  _ZN10__cxxabiv121__vmi_class_type_infoD0Ev        
00004ea3  _ZN10__cxxabiv120__si_class_type_infoD1Ev         
00004ea3  _ZN10__cxxabiv120__si_class_type_infoD2Ev         
00004ea5  _ZN10__cxxabiv120__si_class_type_infoD0Ev         
00004ead  _ZN10__cxxabiv120__function_type_infoD1Ev         
00004ead  _ZN10__cxxabiv120__function_type_infoD2Ev         
00004eaf  _ZN10__cxxabiv120__function_type_infoD0Ev         
00004eb7  _ZN10__cxxabiv119__pointer_type_infoD1Ev          
00004eb7  _ZN10__cxxabiv119__pointer_type_infoD2Ev          
00004eb9  _ZN10__cxxabiv119__pointer_type_infoD0Ev          
00004ec1  _ZN10__cxxabiv117__pbase_type_infoD1Ev            
00004ec1  _ZN10__cxxabiv117__pbase_type_infoD2Ev            
00004ec3  _ZN10__cxxabiv117__pbase_type_infoD0Ev            
00004ecb  _ZN10__cxxabiv117__class_type_infoD1Ev            
00004ecb  _ZN10__cxxabiv117__class_type_infoD2Ev            
00004ecd  _ZN10__cxxabiv117__class_type_infoD0Ev            
00004ed5  _ZN10__cxxabiv117__array_type_infoD1Ev            
00004ed5  _ZN10__cxxabiv117__array_type_infoD2Ev            
00004ed7  _ZN10__cxxabiv117__array_type_infoD0Ev            
00004edf  _ZN10__cxxabiv116__enum_type_infoD1Ev             
00004edf  _ZN10__cxxabiv116__enum_type_infoD2Ev             
00004ee1  _ZN10__cxxabiv116__enum_type_infoD0Ev             
00004ef1  __aeabi_memcpy                                    
00004ef1  __aeabi_memcpy4                                   
00004ef1  __aeabi_memcpy8                                   
00004ef1  memcpy                                            
00004f8d  _ZN4TaskC1Ev                                      
00004f8d  _ZN4TaskC2Ev                                      
00004fab  _ZN4Task19SetTaskCurrentCountEy                   
00004fc9  _ZN4Task17SetTaskFinalCountEy                     
00004fe7  _ZN4Task19GetTaskCurrentCountEv                   
00004ff7  _ZN4Task17GetTaskFinalCountEv                     
0000500d  __aeabi_memclr                                    
0000500d  __aeabi_memclr4                                   
0000500d  __aeabi_memclr8                                   
0000500f  __aeabi_memset                                    
0000500f  __aeabi_memset4                                   
0000500f  __aeabi_memset8                                   
00005015  memset                                            
00005087  _system_post_cinit                                
00005089  __TI_auto_init                                    
00005165  _c_int00                                          
000051b9  C$$EXIT                                           
000051bd  abort                                             
000051c5  exit                                              
0000520d  copy_in                                           
00005259  __aeabi_d2iz                                      
000052a1  CPU_cpsid                                         
000052ad  CPU_primask                                       
000052b7  CPU_cpsie                                         
000052c3  CPU_wfi                                           
000052c7  CPU_basepriSet                                    
000052d5  CPU_basepriGet                                    
000052df  __aeabi_f2d                                       
00005319  _Znwj                                             
00005349  _ZN4Task11SendMessageEv                           
00005375  _args_main                                        
0000538d  _register_unlock                                  
00005393  _register_lock                                    
0000539b  _nop                                              
000053a1  __TI_decompress_none                              
000053af  Reset_Handler                                     
000053bb  AES256_IRQHandler                                 
000053bb  BusFault_Handler                                  
000053bb  COMP_E0_IRQHandler                                
000053bb  COMP_E1_IRQHandler                                
000053bb  CS_IRQHandler                                     
000053bb  DMA_ERR_IRQHandler                                
000053bb  DMA_INT0_IRQHandler                               
000053bb  DMA_INT1_IRQHandler                               
000053bb  DMA_INT2_IRQHandler                               
000053bb  DMA_INT3_IRQHandler                               
000053bb  DebugMon_Handler                                  
000053bb  Default_Handler                                   
000053bb  EUSCIA0_IRQHandler                                
000053bb  EUSCIA1_IRQHandler                                
000053bb  EUSCIA2_IRQHandler                                
000053bb  EUSCIA3_IRQHandler                                
000053bb  EUSCIB0_IRQHandler                                
000053bb  EUSCIB1_IRQHandler                                
000053bb  EUSCIB2_IRQHandler                                
000053bb  EUSCIB3_IRQHandler                                
000053bb  FLCTL_IRQHandler                                  
000053bb  FPU_IRQHandler                                    
000053bb  HardFault_Handler                                 
000053bb  MemManage_Handler                                 
000053bb  NMI_Handler                                       
000053bb  PCM_IRQHandler                                    
000053bb  PORT1_IRQHandler                                  
000053bb  PORT2_IRQHandler                                  
000053bb  PORT3_IRQHandler                                  
000053bb  PORT4_IRQHandler                                  
000053bb  PORT5_IRQHandler                                  
000053bb  PORT6_IRQHandler                                  
000053bb  PSS_IRQHandler                                    
000053bb  PendSV_Handler                                    
000053bb  RTC_C_IRQHandler                                  
000053bb  SVC_Handler                                       
000053bb  SysTick_Handler                                   
000053bb  T32_INT2_IRQHandler                               
000053bb  T32_INTC_IRQHandler                               
000053bb  TA0_0_IRQHandler                                  
000053bb  TA0_N_IRQHandler                                  
000053bb  TA1_0_IRQHandler                                  
000053bb  TA1_N_IRQHandler                                  
000053bb  TA2_0_IRQHandler                                  
000053bb  TA2_N_IRQHandler                                  
000053bb  TA3_0_IRQHandler                                  
000053bb  TA3_N_IRQHandler                                  
000053bb  UsageFault_Handler                                
000053bb  WDT_A_IRQHandler                                  
000053bd  _ZN4Task14ProcessMessageE3MSG                     
000053c9  _ZN4Task3runEv                                    
000053d5  _ZdlPv                                            
000053dd  __TI_decompress_rle24                             
000053e3  _system_pre_init                                  
00008240  g_sFontFixed6x8                                   
000083d8  g_sCrystalfontz128x128                            
00008404  _ZTSN10__cxxabiv123__fundamental_type_infoE       
0000842c  _ZTSN10__cxxabiv120__si_class_type_infoE          
00008451  _ZTSN10__cxxabiv119__pointer_type_infoE           
00008475  _ZTSN10__cxxabiv117__class_type_infoE             
00008497  _ZTSN10__cxxabiv117__pbase_type_infoE             
000084b9  _ZTSe                                             
00008514  _ZTV6Screen                                       
000085bc  _ZTV4Task                                         
000085d0  _ZTV5Servo                                        
000085e4  _ZTV6Button                                       
000085f8  _ZTIPKe                                           
00008608  _ZTVN10__cxxabiv117__class_type_infoE             
00008618  _ZTVN10__cxxabiv119__pointer_type_infoE           
00008628  _ZTVN10__cxxabiv120__si_class_type_infoE          
00008638  _ZTVN10__cxxabiv123__fundamental_type_infoE       
00008658  _ZTSSt9type_info                                  
00008668  _ZTI5Servo                                        
00008674  _ZTI6Button                                       
00008680  _ZTI6Screen                                       
0000868c  _ZTIN10__cxxabiv117__class_type_infoE             
00008698  _ZTIN10__cxxabiv117__pbase_type_infoE             
000086a4  _ZTIN10__cxxabiv119__pointer_type_infoE           
000086b0  _ZTIN10__cxxabiv120__si_class_type_infoE          
000086bc  _ZTIN10__cxxabiv123__fundamental_type_infoE       
000086d0  _ZTI4Task                                         
000086d8  _ZTISt9type_info                                  
000086e0  _ZTIe                                             
000086e8  _ZTS6Button                                       
000086f0  _ZTS6Screen                                       
00008718  _ZTS5Servo                                        
0000871f  _ZTS4Task                                         
00008725  _ZTSPKe                                           
0000872c  SHT$$INIT_ARRAY$$Base                             
00008730  SHT$$INIT_ARRAY$$Limit                            
000087bc  __TI_Handler_Table_Base                           
000087c4  __TI_CINIT_Base                                   
000087c4  __TI_Handler_Table_Limit                          
000087dc  __TI_CINIT_Limit                                  
20000000  g_pfnRAMVectors                                   
200000e8  MainScheduler                                     
200024d8  g_sContext                                        
200024f4  aDataFromADC                                      
200024fc  DataToServo                                       
20002500  _ZSt16__dummy_typeinfo                            
20002504  Lcd_ScreenHeigth                                  
20002506  Lcd_ScreenWidth                                   
20002508  Lcd_TouchTrim                                     
2000250a  Lcd_FlagRead                                      
2000250b  Lcd_FontSolid                                     
2000250c  Lcd_Orientation                                   
2000250d  Lcd_PenSolid                                      
20002510  _sys_memory                                       
20002940  pwmConfig                                         
20002958  __TI_cleanup_ptr                                  
2000295c  __TI_dtors_ptr                                    
20002960  __TI_enable_exit_profile_output                   
20002978  pDataToScreen                                     
2000297c  _lock                                             
20002980  _unlock                                           
20002984  main_func_sp                                      
20002988  _new_handler                                      
2000298c  SystemCoreClock                                   
2000fe00  __stack                                           
20010000  __STACK_END                                       
4000480c  WDTCTL_SYM                                        
ffffffff  __TI_pprof_out_hndl                               
ffffffff  __TI_prof_data_size                               
ffffffff  __TI_prof_data_start                              
ffffffff  __binit__                                         
ffffffff  __c_args__                                        
ffffffff  binit                                             

[431 symbols]
