******************************************************************************
                  TI ARM Linker Unix v15.12.3                  
******************************************************************************
>> Linked Wed Dec  7 23:59:43 2016

OUTPUT FILE NAME:   <finalProject.out>
ENTRY POINT SYMBOL: "_c_int00"  address: 00004769


MEMORY CONFIGURATION

         name            origin    length      used     unused   attr    fill
----------------------  --------  ---------  --------  --------  ----  --------
  MAIN                  00000000   00040000  00005228  0003add8  R  X
  INFO                  00200000   00004000  00000000  00004000  R  X
  SRAM_CODE             01000000   00010000  0000277e  0000d882  RW X
  SRAM_DATA             20000000   00010000  0000277e  0000d882  RW  


SEGMENT ALLOCATION MAP

run origin  load origin   length   init length attrs members
----------  ----------- ---------- ----------- ----- -------
00000000    00000000    0000522c   0000522c    r-x
  00000000    00000000    000000e4   000000e4    r-- .intvecs
  000000e4    000000e4    0000487a   0000487a    r-x .text
  00004960    00004960    0000082a   0000082a    r-- .const
  0000518c    0000518c    00000004   00000004    r-- .init_array
  00005190    00005190    0000009c   0000009c    r-- .cinit
20000000    20000000    00002584   00000000    rw-
  20000000    20000000    000000e4   00000000    rw- .vtable
  200000e8    200000e8    00002026   00000000    rw- .bss
  20002110    20002110    00000400   00000000    rw- .sysmem
  20002510    20002510    00000074   00000000    rw- .data
2000fe00    2000fe00    00000200   00000000    rw-
  2000fe00    2000fe00    00000200   00000000    rw- .stack


SECTION ALLOCATION MAP

 output                                  attributes/
section   page    origin      length       input sections
--------  ----  ----------  ----------   ----------------
.intvecs   0    00000000    000000e4     
                  00000000    000000e4     startup_msp432p401r_ccs.obj (.intvecs:retain)

.binit     0    00000000    00000000     

.text      0    000000e4    0000487a     
                  000000e4    000008e0     adc14.obj (.text)
                  000009c4    000008a4     spi.obj (.text)
                  00001268    00000678     Crystalfontz128x128_ST7735.obj (.text)
                  000018e0    00000634     Scheduler.obj (.text)
                  00001f14    000004b8     main.obj (.text)
                  000023cc    00000490     line.obj (.text)
                  0000285c    00000480     gpio.obj (.text)
                  00002cdc    000003f0     interrupt.obj (.text)
                  000030cc    000003dc     rtsv7M4_T_le_v4SPD16_eabi.lib : memory.obj (.text)
                  000034a8    00000370     system_msp432p401r.obj (.text)
                  00003818    0000033e     rectangle.obj (.text)
                  00003b56    00000266     context.obj (.text)
                  00003dbc    00000200     Screen.obj (.text)
                  00003fbc    000001a4     Racket.obj (.text)
                  00004160    00000134     display.obj (.text)
                  00004294    000000c0     GamePiece.obj (.text)
                  00004354    000000bc     HAL_MSP_EXP432P401R_Crystalfontz128x128_ST7735.obj (.text)
                  00004410    000000bc     rtsv7M4_T_le_v4SPD16_eabi.lib : typeinfo_.obj (.text)
                  000044cc    000000a8     Task.obj (.text)
                  00004574    0000009c     rtsv7M4_T_le_v4SPD16_eabi.lib : memcpy_t2.obj (.text)
                  00004610    0000007a                                   : memset_t2.obj (.text)
                  0000468a    00000002                                   : mpu_init.obj (.text)
                  0000468c    00000070                                   : autoinit.obj (.text)
                  000046fc    0000006a                                   : copy_decompress_rle.obj (.text)
                  00004766    00000002                                   : newhandler.obj (.text)
                  00004768    00000054                                   : boot.obj (.text)
                  000047bc    00000054                                   : exit.obj (.text)
                  00004810    0000004c                                   : cpy_tbl.obj (.text)
                  0000485c    0000003e     cpu.obj (.text)
                  0000489a    00000002     rtsv7M4_T_le_v4SPD16_eabi.lib : startup.obj (.text)
                  0000489c    00000030                                   : new_.obj (.text)
                  000048cc    0000002c     Ball.obj (.text:_ZN4Task11SendMessageEv)
                  000048f8    00000018     rtsv7M4_T_le_v4SPD16_eabi.lib : args_main.obj (.text)
                  00004910    00000014                                   : _lock.obj (.text)
                  00004924    0000000e                                   : copy_decompress_none.obj (.text:decompress:none)
                  00004932    0000000e     startup_msp432p401r_ccs.obj (.text)
                  00004940    0000000c     GamePiece.obj (.text:_ZN4Task14ProcessMessageE3MSG)
                  0000494c    00000008     rtsv7M4_T_le_v4SPD16_eabi.lib : delete.obj (.text)
                  00004954    00000006                                   : copy_decompress_rle.obj (.text:decompress:rle24)
                  0000495a    00000004                                   : pre_init.obj (.text)

.const     0    00004960    0000082a     
                  00004960    000002f8     fontfixed6x8.obj (.const:.string:g_pucFontFixed6x8Data)
                  00004c58    000000c8     fontfixed6x8.obj (.const:g_sFontFixed6x8)
                  00004d20    00000080     adc14.obj (.const:_ctlRegs)
                  00004da0    00000050     interrupt.obj (.const:g_pulRegs)
                  00004df0    0000002c     Crystalfontz128x128_ST7735.obj (.const:g_sCrystalfontz128x128)
                  00004e1c    00000028     rtsv7M4_T_le_v4SPD16_eabi.lib : typeinfo_.obj (.const:.typeinfo:_ZTSN10__cxxabiv123__fundamental_type_infoE)
                  00004e44    00000025                                   : typeinfo_.obj (.const:.typeinfo:_ZTSN10__cxxabiv120__si_class_type_infoE)
                  00004e69    00000024                                   : typeinfo_.obj (.const:.typeinfo:_ZTSN10__cxxabiv119__pointer_type_infoE)
                  00004e8d    00000022                                   : typeinfo_.obj (.const:.typeinfo:_ZTSN10__cxxabiv117__class_type_infoE)
                  00004eaf    00000022                                   : typeinfo_.obj (.const:.typeinfo:_ZTSN10__cxxabiv117__pbase_type_infoE)
                  00004ed1    00000002                                   : typeinfo_.obj (.const:.typeinfo:_ZTSe)
                  00004ed3    00000001     --HOLE-- [fill = 0]
                  00004ed4    00000020     interrupt.obj (.const:g_pulPriority)
                  00004ef4    0000001c     HAL_MSP_EXP432P401R_Crystalfontz128x128_ST7735.obj (.const:$P$T0$1)
                  00004f10    0000001c     gpio.obj (.const:GPIO_PORT_TO_INT)
                  00004f2c    00000018     Screen.obj (.const:_ZTV6Screen)
                  00004f44    00000014     Ball.obj (.const:$P$T40$1)
                  00004f58    00000014     Scheduler.obj (.const:$P$T40$1)
                  00004f6c    00000014     Scheduler.obj (.const:$P$T41$2)
                  00004f80    00000014     Task.obj (.const:$P$T41$2)
                  00004f94    00000014     Screen.obj (.const:$P$T43$2)
                  00004fa8    00000014     main.obj (.const:$P$T46$7)
                  00004fbc    00000014     main.obj (.const:$P$T47$8)
                  00004fd0    00000014     main.obj (.const:$P$T48$9)
                  00004fe4    00000014     Racket.obj (.const:$P$T51$2)
                  00004ff8    00000014     Task.obj (.const:_ZTV4Task)
                  0000500c    00000014     Racket.obj (.const:_ZTV6Racket)
                  00005020    00000014     GamePiece.obj (.const:_ZTV9GamePiece)
                  00005034    00000010     rtsv7M4_T_le_v4SPD16_eabi.lib : typeinfo_.obj (.const:.typeinfo:_ZTIPKe)
                  00005044    00000010                                   : typeinfo_.obj (.const:_ZTVN10__cxxabiv117__class_type_infoE)
                  00005054    00000010                                   : typeinfo_.obj (.const:_ZTVN10__cxxabiv119__pointer_type_infoE)
                  00005064    00000010                                   : typeinfo_.obj (.const:_ZTVN10__cxxabiv120__si_class_type_infoE)
                  00005074    00000010                                   : typeinfo_.obj (.const:_ZTVN10__cxxabiv123__fundamental_type_infoE)
                  00005084    0000000d                                   : typeinfo_.obj (.const:.typeinfo:_ZTSSt9type_info)
                  00005091    00000003     --HOLE-- [fill = 0]
                  00005094    0000000c     Racket.obj (.const:.typeinfo:_ZTI6Racket)
                  000050a0    0000000c     Screen.obj (.const:.typeinfo:_ZTI6Screen)
                  000050ac    0000000c     Ball.obj (.const:.typeinfo:_ZTI9GamePiece)
                  000050b8    0000000c     rtsv7M4_T_le_v4SPD16_eabi.lib : typeinfo_.obj (.const:.typeinfo:_ZTIN10__cxxabiv117__class_type_infoE)
                  000050c4    0000000c                                   : typeinfo_.obj (.const:.typeinfo:_ZTIN10__cxxabiv117__pbase_type_infoE)
                  000050d0    0000000c                                   : typeinfo_.obj (.const:.typeinfo:_ZTIN10__cxxabiv119__pointer_type_infoE)
                  000050dc    0000000c                                   : typeinfo_.obj (.const:.typeinfo:_ZTIN10__cxxabiv120__si_class_type_infoE)
                  000050e8    0000000c                                   : typeinfo_.obj (.const:.typeinfo:_ZTIN10__cxxabiv123__fundamental_type_infoE)
                  000050f4    0000000b     Ball.obj (.const:.typeinfo:_ZTS9GamePiece)
                  000050ff    00000001     --HOLE-- [fill = 0]
                  00005100    00000008     Crystalfontz128x128_ST7735.obj (.const:$P$T0$1)
                  00005108    00000008     main.obj (.const:$P$T40$1)
                  00005110    00000008     main.obj (.const:$P$T41$2)
                  00005118    00000008     main.obj (.const:$P$T42$3)
                  00005120    00000008     main.obj (.const:$P$T43$4)
                  00005128    00000008     main.obj (.const:$P$T44$5)
                  00005130    00000008     main.obj (.const:$P$T45$6)
                  00005138    00000008     Task.obj (.const:.typeinfo:_ZTI4Task)
                  00005140    00000008     rtsv7M4_T_le_v4SPD16_eabi.lib : typeinfo_.obj (.const:.typeinfo:_ZTISt9type_info)
                  00005148    00000008                                   : typeinfo_.obj (.const:.typeinfo:_ZTIe)
                  00005150    00000008     Racket.obj (.const:.typeinfo:_ZTS6Racket)
                  00005158    00000008     Screen.obj (.const:.typeinfo:_ZTS6Screen)
                  00005160    00000008     interrupt.obj (.const:g_pulDisRegs)
                  00005168    00000008     interrupt.obj (.const:g_pulEnRegs)
                  00005170    00000008     interrupt.obj (.const:g_pulPendRegs)
                  00005178    00000008     interrupt.obj (.const:g_pulUnpendRegs)
                  00005180    00000006     Task.obj (.const:.typeinfo:_ZTS4Task)
                  00005186    00000004     rtsv7M4_T_le_v4SPD16_eabi.lib : typeinfo_.obj (.const:.typeinfo:_ZTSPKe)

.cinit     0    00005190    0000009c     
                  00005190    00000059     (.cinit..data.load) [load image, compression = rle]
                  000051e9    00000007     --HOLE-- [fill = 0]
                  000051f0    0000000b     (.cinit..bss.load) [load image, compression = rle]
                  000051fb    00000005     --HOLE-- [fill = 0]
                  00005200    00000009     (.cinit..vtable.load) [load image, compression = rle]
                  00005209    00000003     --HOLE-- [fill = 0]
                  0000520c    00000008     (__TI_handler_table)
                  00005214    00000018     (__TI_cinit_table)

.init_array 
*          0    0000518c    00000004     
                  0000518c    00000004     main.obj (.init_array)

.vtable    0    20000000    000000e4     UNINITIALIZED
                  20000000    000000e4     interrupt.obj (.vtable)

.bss       0    200000e8    00002026     UNINITIALIZED
                  200000e8    00001ff0     main.obj (.bss:MainScheduler)
                  200020d8    0000001c     (.common:g_sContext)
                  200020f4    0000000c     main.obj (.bss)
                  20002100    00000004     (.common:_ZSt16__dummy_typeinfo)
                  20002104    00000002     (.common:Lcd_ScreenHeigth)
                  20002106    00000002     (.common:Lcd_ScreenWidth)
                  20002108    00000002     (.common:Lcd_TouchTrim)
                  2000210a    00000001     (.common:Lcd_FlagRead)
                  2000210b    00000001     (.common:Lcd_FontSolid)
                  2000210c    00000001     (.common:Lcd_Orientation)
                  2000210d    00000001     (.common:Lcd_PenSolid)

.sysmem    0    20002110    00000400     UNINITIALIZED
                  20002110    00000008     rtsv7M4_T_le_v4SPD16_eabi.lib : memory.obj (.sysmem)
                  20002118    000003f8     --HOLE--

.data      0    20002510    00000074     UNINITIALIZED
                  20002510    00000030     gpio.obj (.data:GPIO_PORT_TO_BASE)
                  20002540    00000014     main.obj (.data)
                  20002554    0000000c     rtsv7M4_T_le_v4SPD16_eabi.lib : exit.obj (.data:$O1$$)
                  20002560    0000000c                                   : memory.obj (.data:$O1$$)
                  2000256c    00000008                                   : _lock.obj (.data:$O1$$)
                  20002574    00000004     main.obj (.data:aDataFromButton)
                  20002578    00000004     rtsv7M4_T_le_v4SPD16_eabi.lib : stkdepth_vars.obj (.data)
                  2000257c    00000004                                   : vars.obj (.data)
                  20002580    00000004     system_msp432p401r.obj (.data)

.stack     0    2000fe00    00000200     UNINITIALIZED
                  2000fe00    00000200     --HOLE--

MODULE SUMMARY

       Module                                               code    ro data   rw data
       ------                                               ----    -------   -------
    ./
       main.obj                                             1208    112       16424  
       Scheduler.obj                                        1588    40        0      
       system_msp432p401r.obj                               880     0         8      
       Screen.obj                                           512     64        56     
       Racket.obj                                           420     60        0      
       startup_msp432p401r_ccs.obj                          14      228       0      
       GamePiece.obj                                        204     20        0      
       Task.obj                                             168     54        0      
       Ball.obj                                             44      43        0      
    +--+----------------------------------------------------+-------+---------+---------+
       Total:                                               5038    621       16488  
                                                                                     
    ./GrLib/fonts/
       fontfixed6x8.obj                                     0       960       0      
    +--+----------------------------------------------------+-------+---------+---------+
       Total:                                               0       960       0      
                                                                                     
    ./GrLib/grlib/
       line.obj                                             1168    0         0      
       rectangle.obj                                        830     0         0      
       context.obj                                          614     0         0      
       display.obj                                          308     0         0      
    +--+----------------------------------------------------+-------+---------+---------+
       Total:                                               2920    0         0      
                                                                                     
    ./LcdDriver/
       Crystalfontz128x128_ST7735.obj                       1656    52        20     
       HAL_MSP_EXP432P401R_Crystalfontz128x128_ST7735.obj   188     28        0      
    +--+----------------------------------------------------+-------+---------+---------+
       Total:                                               1844    80        20     
                                                                                     
    ./driverlib/MSP432P4xx/
       adc14.obj                                            2272    128       0      
       spi.obj                                              2212    0         0      
       interrupt.obj                                        1008    144       456    
       gpio.obj                                             1152    28        96     
       cpu.obj                                              62      0         0      
    +--+----------------------------------------------------+-------+---------+---------+
       Total:                                               6706    300       552    
                                                                                     
    /opt/ti/ccsv6/tools/compiler/arm_15.12.3.LTS/lib/rtsv7M4_T_le_v4SPD16_eabi.lib
       memory.obj                                           988     0         24     
       typeinfo_.obj                                        188     356       8      
       memcpy_t2.obj                                        156     0         0      
       memset_t2.obj                                        122     0         0      
       autoinit.obj                                         112     0         0      
       copy_decompress_rle.obj                              112     0         0      
       exit.obj                                             84      0         24     
       boot.obj                                             84      0         0      
       cpy_tbl.obj                                          76      0         0      
       new_.obj                                             48      0         0      
       _lock.obj                                            20      0         16     
       args_main.obj                                        24      0         0      
       copy_decompress_none.obj                             14      0         0      
       delete.obj                                           8       0         0      
       stkdepth_vars.obj                                    0       0         8      
       vars.obj                                             0       0         8      
       pre_init.obj                                         4       0         0      
       mpu_init.obj                                         2       0         0      
       newhandler.obj                                       2       0         0      
       startup.obj                                          2       0         0      
    +--+----------------------------------------------------+-------+---------+---------+
       Total:                                               2046    356       88     
                                                                                     
       Heap:                                                0       0         2048   
       Stack:                                               0       0         1024   
       Linker Generated:                                    0       141       0      
    +--+----------------------------------------------------+-------+---------+---------+
       Grand Total:                                         18554   2458      20220  


LINKER GENERATED COPY TABLES

__TI_cinit_table @ 00005214 records: 3, size/record: 8, table size: 24
	.data: load addr=00005190, load size=00000059 bytes, run addr=20002510, run size=00000074 bytes, compression=rle
	.bss: load addr=000051f0, load size=0000000b bytes, run addr=200000e8, run size=00002026 bytes, compression=rle
	.vtable: load addr=00005200, load size=00000009 bytes, run addr=20000000, run size=000000e4 bytes, compression=rle


LINKER GENERATED HANDLER TABLE

__TI_handler_table @ 0000520c records: 2, size/record: 4, table size: 8
	index: 0, handler: __TI_decompress_rle24
	index: 1, handler: __TI_decompress_none


GLOBAL SYMBOLS: SORTED ALPHABETICALLY BY Name 

address   name                                              
-------   ----                                              
00002127  ADC14_IRQHandler                                  
00002127  ADC14_IRQHandler                                  
00000939  ADC14_clearInterruptFlag                          
000004d9  ADC14_configureConversionMemory                   
00000381  ADC14_configureMultiSequenceMode                  
00000417  ADC14_configureSingleSampleMode                   
00000611  ADC14_disableComparatorWindow                     
000004af  ADC14_disableConversion                           
000008b3  ADC14_disableInterrupt                            
00000255  ADC14_disableModule                               
0000082f  ADC14_disableReferenceBurst                       
00000295  ADC14_disableSampleTimer                          
00000581  ADC14_enableComparatorWindow                      
0000046d  ADC14_enableConversion                            
00000887  ADC14_enableInterrupt                             
0000024d  ADC14_enableModule                                
00000819  ADC14_enableReferenceBurst                        
0000026b  ADC14_enableSampleTimer                           
00000909  ADC14_getEnabledInterruptStatus                   
000008df  ADC14_getInterruptStatus                          
00000739  ADC14_getMultiSequenceResult                      
0000030b  ADC14_getResolution                               
0000071f  ADC14_getResult                                   
000007a5  ADC14_getResultArray                              
000002ab  ADC14_initModule                                  
000004bb  ADC14_isBusy                                      
00000969  ADC14_registerInterrupt                           
0000066f  ADC14_setComparatorWindowValue                    
00000845  ADC14_setPowerMode                                
000002f1  ADC14_setResolution                               
000006f5  ADC14_setResultFormat                             
00000357  ADC14_setSampleHoldTime                           
00000315  ADC14_setSampleHoldTrigger                        
0000048d  ADC14_toggleConversionTrigger                     
0000097d  ADC14_unregisterInterrupt                         
0000493f  AES256_IRQHandler                                 
0000207d  BUTTON_DOWN_ISR                                   
000020c3  BUTTON_UP_ISR                                     
0000493f  BusFault_Handler                                  
000047bd  C$$EXIT                                           
0000493f  COMP_E0_IRQHandler                                
0000493f  COMP_E1_IRQHandler                                
00004891  CPU_basepriGet                                    
00004883  CPU_basepriSet                                    
0000485d  CPU_cpsid                                         
00004873  CPU_cpsie                                         
00004869  CPU_primask                                       
0000487f  CPU_wfi                                           
0000493f  CS_IRQHandler                                     
00001269  Crystalfontz128x128_Init                          
0000137d  Crystalfontz128x128_SetDrawFrame                  
000014ab  Crystalfontz128x128_SetOrientation                
0000493f  DMA_ERR_IRQHandler                                
0000493f  DMA_INT0_IRQHandler                               
0000493f  DMA_INT1_IRQHandler                               
0000493f  DMA_INT2_IRQHandler                               
0000493f  DMA_INT3_IRQHandler                               
0000493f  DebugMon_Handler                                  
0000493f  Default_Handler                                   
0000493f  EUSCIA0_IRQHandler                                
0000493f  EUSCIA1_IRQHandler                                
0000493f  EUSCIA2_IRQHandler                                
0000493f  EUSCIA3_IRQHandler                                
0000493f  EUSCIB0_IRQHandler                                
0000493f  EUSCIB1_IRQHandler                                
0000493f  EUSCIB2_IRQHandler                                
0000493f  EUSCIB3_IRQHandler                                
00001133  EUSCI_A_SPI_changeClockPhasePolarity              
000011e7  EUSCI_A_SPI_clearInterruptFlag                    
00001217  EUSCI_A_SPI_disable                               
000011b5  EUSCI_A_SPI_disableInterrupt                      
00001201  EUSCI_A_SPI_enable                                
0000119b  EUSCI_A_SPI_enableInterrupt                       
000011cf  EUSCI_A_SPI_getInterruptStatus                    
0000122d  EUSCI_A_SPI_getReceiveBufferAddressForDMA         
0000123b  EUSCI_A_SPI_getTransmitBufferAddressForDMA        
00001249  EUSCI_A_SPI_isBusy                                
000010b3  EUSCI_A_SPI_masterChangeClock                     
0000118b  EUSCI_A_SPI_receiveData                           
00001093  EUSCI_A_SPI_select4PinFunctionality               
000010e9  EUSCI_A_SPI_slaveInit                             
00001175  EUSCI_A_SPI_transmitData                          
00000f65  EUSCI_B_SPI_changeClockPhasePolarity              
00001019  EUSCI_B_SPI_clearInterruptFlag                    
00001049  EUSCI_B_SPI_disable                               
00000fe7  EUSCI_B_SPI_disableInterrupt                      
00001033  EUSCI_B_SPI_enable                                
00000fcd  EUSCI_B_SPI_enableInterrupt                       
00001001  EUSCI_B_SPI_getInterruptStatus                    
0000105f  EUSCI_B_SPI_getReceiveBufferAddressForDMA         
0000106d  EUSCI_B_SPI_getTransmitBufferAddressForDMA        
0000107b  EUSCI_B_SPI_isBusy                                
00000ee9  EUSCI_B_SPI_masterChangeClock                     
00000fbd  EUSCI_B_SPI_receiveData                           
00000ec9  EUSCI_B_SPI_select4PinFunctionality               
00000f1b  EUSCI_B_SPI_slaveInit                             
00000fa7  EUSCI_B_SPI_transmitData                          
0000493f  FLCTL_IRQHandler                                  
0000493f  FPU_IRQHandler                                    
00002b7f  GPIO_clearInterruptFlag                           
00002b3f  GPIO_disableInterrupt                             
00002b1d  GPIO_enableInterrupt                              
00002bd7  GPIO_getEnabledInterruptStatus                    
00002aef  GPIO_getInputPinValue                             
00002b61  GPIO_getInterruptStatus                           
00002ba1  GPIO_interruptEdgeSelect                          
00002c97  GPIO_registerInterrupt                            
00002897  GPIO_setAsInputPin                                
00002a4b  GPIO_setAsInputPinWithPullDownResistor            
00002a9d  GPIO_setAsInputPinWithPullUpResistor              
0000285d  GPIO_setAsOutputPin                               
00002961  GPIO_setAsPeripheralModuleFunctionInputPin        
000028dd  GPIO_setAsPeripheralModuleFunctionOutputPin       
00002c53  GPIO_setDriveStrengthHigh                         
00002c75  GPIO_setDriveStrengthLow                          
000029e5  GPIO_setOutputHighOnPin                           
00002a07  GPIO_setOutputLowOnPin                            
00002a29  GPIO_toggleOutputOnPin                            
00002cb7  GPIO_unregisterInterrupt                          
00003d43  Graphics_clearDisplay                             
0000427d  Graphics_clearDisplayOnDisplay                    
000041cf  Graphics_drawHorizontalLineOnDisplay              
000026e9  Graphics_drawLine                                 
000023cd  Graphics_drawLineH                                
00002469  Graphics_drawLineV                                
0000418b  Graphics_drawMultiplePixelsOnDisplay              
00003d55  Graphics_drawPixel                                
00004161  Graphics_drawPixelOnDisplay                       
00003819  Graphics_drawRectangle                            
00004203  Graphics_drawVerticalLineOnDisplay                
000038bb  Graphics_fillRectangle                            
00004237  Graphics_fillRectangleOnDisplay                   
00003d35  Graphics_flushBuffer                              
0000426b  Graphics_flushOnDisplay                           
00003d17  Graphics_getDisplayHeight                         
00003d07  Graphics_getDisplayWidth                          
00003cb5  Graphics_getFontBaseline                          
00003ceb  Graphics_getFontHeight                            
00003cf9  Graphics_getFontMaxWidth                          
00003d27  Graphics_getHeightOfDisplay                       
00003a1f  Graphics_getRectangleIntersection                 
00003daf  Graphics_getWidthOfDisplay                        
00003b57  Graphics_initContext                              
00003b05  Graphics_isPointWithinRectangle                   
000039cd  Graphics_isRectangleOverlap                       
00003c6b  Graphics_setBackgroundColor                       
00003c85  Graphics_setBackgroundColorTranslated             
00003ba1  Graphics_setClipRegion                            
00003c9b  Graphics_setFont                                  
00003cc3  Graphics_setForegroundColor                       
00003cd9  Graphics_setForegroundColorTranslated             
00004255  Graphics_translateColorOnDisplay                  
00004355  HAL_LCD_PortInit                                  
00004385  HAL_LCD_SpiInit                                   
000043bb  HAL_LCD_writeCommand                              
000043e3  HAL_LCD_writeData                                 
0000493f  HardFault_Handler                                 
00002e9f  Interrupt_disableInterrupt                        
00002cef  Interrupt_disableMaster                           
0000309d  Interrupt_disableSleepOnIsrExit                   
00002e2d  Interrupt_enableInterrupt                         
00002cdf  Interrupt_enableMaster                            
0000308b  Interrupt_enableSleepOnIsrExit                    
00002e07  Interrupt_getPriority                             
00002d7f  Interrupt_getPriorityGrouping                     
0000306b  Interrupt_getPriorityMask                         
00003085  Interrupt_getVectorTableAddress                   
00002f11  Interrupt_isEnabled                               
00002f9d  Interrupt_pendInterrupt                           
00002cff  Interrupt_registerInterrupt                       
00002db7  Interrupt_setPriority                             
00002d65  Interrupt_setPriorityGrouping                     
0000305b  Interrupt_setPriorityMask                         
00003075  Interrupt_setVectorTableAddress                   
0000300d  Interrupt_unpendInterrupt                         
00002d51  Interrupt_unregisterInterrupt                     
2000210a  Lcd_FlagRead                                      
2000210b  Lcd_FontSolid                                     
2000210c  Lcd_Orientation                                   
2000210d  Lcd_PenSolid                                      
20002104  Lcd_ScreenHeigth                                  
20002106  Lcd_ScreenWidth                                   
20002108  Lcd_TouchTrim                                     
200000e8  MainScheduler                                     
0000493f  MemManage_Handler                                 
0000493f  NMI_Handler                                       
0000493f  PCM_IRQHandler                                    
0000493f  PORT1_IRQHandler                                  
0000493f  PORT2_IRQHandler                                  
0000493f  PORT3_IRQHandler                                  
0000493f  PORT4_IRQHandler                                  
0000493f  PORT5_IRQHandler                                  
0000493f  PORT6_IRQHandler                                  
0000493f  PSS_IRQHandler                                    
0000493f  PendSV_Handler                                    
0000493f  RTC_C_IRQHandler                                  
00004933  Reset_Handler                                     
0000518c  SHT$$INIT_ARRAY$$Base                             
00005190  SHT$$INIT_ARRAY$$Limit                            
00000b87  SPI_changeClockPhasePolarity                      
00000ae1  SPI_changeMasterClock                             
00000d39  SPI_clearInterruptFlag                            
00000cbb  SPI_disableInterrupt                              
00000c15  SPI_disableModule                                 
00000c95  SPI_enableInterrupt                               
00000bf9  SPI_enableModule                                  
00000d09  SPI_getEnabledInterruptStatus                     
00000ce1  SPI_getInterruptStatus                            
00000c31  SPI_getReceiveBufferAddressForDMA                 
00000c4d  SPI_getTransmitBufferAddressForDMA                
000009f5  SPI_initMaster                                    
00000b09  SPI_initSlave                                     
00000c79  SPI_isBusy                                        
00000bdd  SPI_receiveData                                   
00000d5f  SPI_registerInterrupt                             
00000abb  SPI_selectFourPinFunctionality                    
00000bb7  SPI_transmitData                                  
00000e1d  SPI_unregisterInterrupt                           
0000493f  SVC_Handler                                       
0000493f  SysTick_Handler                                   
20002580  SystemCoreClock                                   
000034a9  SystemCoreClockUpdate                             
0000371d  SystemInit                                        
00002109  T32_INT1_IRQHandler                               
00002109  T32_INT1_IRQHandler                               
0000493f  T32_INT2_IRQHandler                               
0000493f  T32_INTC_IRQHandler                               
0000493f  TA0_0_IRQHandler                                  
0000493f  TA0_N_IRQHandler                                  
0000493f  TA1_0_IRQHandler                                  
0000493f  TA1_N_IRQHandler                                  
0000493f  TA2_0_IRQHandler                                  
0000493f  TA2_N_IRQHandler                                  
0000493f  TA3_0_IRQHandler                                  
0000493f  TA3_N_IRQHandler                                  
0000493f  UsageFault_Handler                                
4000480c  WDTCTL_SYM                                        
0000493f  WDT_A_IRQHandler                                  
00002239  _Z13setupButtonUpv                                
00002271  _Z15setupButtonDownv                              
00004767  _Z21__default_new_handlerv                        
000022b1  _Z5Setupv                                         
00002191  _Z8setupADCv                                      
000044bd  _ZN10__cxxabiv116__enum_type_infoD0Ev             
000044bb  _ZN10__cxxabiv116__enum_type_infoD1Ev             
000044bb  _ZN10__cxxabiv116__enum_type_infoD2Ev             
000044b3  _ZN10__cxxabiv117__array_type_infoD0Ev            
000044b1  _ZN10__cxxabiv117__array_type_infoD1Ev            
000044b1  _ZN10__cxxabiv117__array_type_infoD2Ev            
000044a9  _ZN10__cxxabiv117__class_type_infoD0Ev            
000044a7  _ZN10__cxxabiv117__class_type_infoD1Ev            
000044a7  _ZN10__cxxabiv117__class_type_infoD2Ev            
0000449f  _ZN10__cxxabiv117__pbase_type_infoD0Ev            
0000449d  _ZN10__cxxabiv117__pbase_type_infoD1Ev            
0000449d  _ZN10__cxxabiv117__pbase_type_infoD2Ev            
00004495  _ZN10__cxxabiv119__pointer_type_infoD0Ev          
00004493  _ZN10__cxxabiv119__pointer_type_infoD1Ev          
00004493  _ZN10__cxxabiv119__pointer_type_infoD2Ev          
0000448b  _ZN10__cxxabiv120__function_type_infoD0Ev         
00004489  _ZN10__cxxabiv120__function_type_infoD1Ev         
00004489  _ZN10__cxxabiv120__function_type_infoD2Ev         
00004481  _ZN10__cxxabiv120__si_class_type_infoD0Ev         
0000447f  _ZN10__cxxabiv120__si_class_type_infoD1Ev         
0000447f  _ZN10__cxxabiv120__si_class_type_infoD2Ev         
00004477  _ZN10__cxxabiv121__vmi_class_type_infoD0Ev        
00004475  _ZN10__cxxabiv121__vmi_class_type_infoD1Ev        
00004475  _ZN10__cxxabiv121__vmi_class_type_infoD2Ev        
0000446d  _ZN10__cxxabiv123__fundamental_type_infoD0Ev      
0000446b  _ZN10__cxxabiv123__fundamental_type_infoD1Ev      
0000446b  _ZN10__cxxabiv123__fundamental_type_infoD2Ev      
00004463  _ZN10__cxxabiv129__pointer_to_member_type_infoD0Ev
00004461  _ZN10__cxxabiv129__pointer_to_member_type_infoD1Ev
00004461  _ZN10__cxxabiv129__pointer_to_member_type_infoD2Ev
000048cd  _ZN4Task11SendMessageEv                           
00004941  _ZN4Task14ProcessMessageE3MSG                     
0000455d  _ZN4Task17GetTaskFinalCountEv                     
0000452f  _ZN4Task17SetTaskFinalCountEy                     
0000454d  _ZN4Task19GetTaskCurrentCountEv                   
00004511  _ZN4Task19SetTaskCurrentCountEy                   
000044eb  _ZN4Task3runEv                                    
000044cd  _ZN4TaskC1Ev                                      
000044cd  _ZN4TaskC2Ev                                      
00004121  _ZN6Racket12CheckLimitsYEv                        
0000409f  _ZN6Racket14ProcessMessageE3MSG                   
00004073  _ZN6Racket3runEv                                  
00003fbd  _ZN6RacketC1EibiiiiiiPiS0_                        
00003fbd  _ZN6RacketC2EibiiiiiiPiS0_                        
00003f8b  _ZN6Screen11printFigureE18Graphics_Rectangle      
00003e43  _ZN6Screen14ProcessMessageE3MSG                   
00003e1d  _ZN6Screen3runEv                                  
00003dbd  _ZN6ScreenC1Eib                                   
00003dbd  _ZN6ScreenC2Eib                                   
00004321  _ZN9GamePiece13getDirectionXEv                    
00004341  _ZN9GamePiece13getDirectionYEv                    
0000430f  _ZN9GamePiece13setDirectionXEi                    
0000432f  _ZN9GamePiece13setDirectionYEi                    
000042c1  _ZN9GamePiece7getPosXEv                           
000042e1  _ZN9GamePiece7getPosYEv                           
00004301  _ZN9GamePiece7getSizeEv                           
000042af  _ZN9GamePiece7setPosXEi                           
000042cf  _ZN9GamePiece7setPosYEi                           
000042ef  _ZN9GamePiece7setSizeEi                           
00004295  _ZN9GamePieceC1Ev                                 
00004295  _ZN9GamePieceC2Ev                                 
00001c97  _ZN9Scheduler13attachMessageE3MSG                 
00001ea7  _ZN9Scheduler14processMessageE3MSG                
00001cf3  _ZN9Scheduler17clearMessageQueueEv                
00001e59  _ZN9Scheduler18clearNextSchedulerEv               
00001b45  _ZN9Scheduler19ProcessMessageQueueEv              
00001a81  _ZN9Scheduler21CalculateNextScheduleEv            
00001efb  _ZN9Scheduler22SortScheduleByPriorityEP4Task      
000019fd  _ZN9Scheduler3runEv                               
00001987  _ZN9Scheduler6attachEP4Task                       
000018e1  _ZN9SchedulerC1Ev                                 
000018e1  _ZN9SchedulerC2Ev                                 
00004423  _ZNKSt9type_info4nameEv                           
00004453  _ZNKSt9type_info6beforeERKS_                      
0000443d  _ZNKSt9type_infoeqERKS_                           
00004427  _ZNKSt9type_infoneERKS_                           
0000441b  _ZNSt9type_infoD0Ev                               
00004419  _ZNSt9type_infoD1Ev                               
00004419  _ZNSt9type_infoD2Ev                               
20002100  _ZSt16__dummy_typeinfo                            
00004411  _ZSt21__gen_dummy_typeinfosv                      
00005138  _ZTI4Task                                         
00005094  _ZTI6Racket                                       
000050a0  _ZTI6Screen                                       
000050ac  _ZTI9GamePiece                                    
000050b8  _ZTIN10__cxxabiv117__class_type_infoE             
000050c4  _ZTIN10__cxxabiv117__pbase_type_infoE             
000050d0  _ZTIN10__cxxabiv119__pointer_type_infoE           
000050dc  _ZTIN10__cxxabiv120__si_class_type_infoE          
000050e8  _ZTIN10__cxxabiv123__fundamental_type_infoE       
00005034  _ZTIPKe                                           
00005140  _ZTISt9type_info                                  
00005148  _ZTIe                                             
00005180  _ZTS4Task                                         
00005150  _ZTS6Racket                                       
00005158  _ZTS6Screen                                       
000050f4  _ZTS9GamePiece                                    
00004e8d  _ZTSN10__cxxabiv117__class_type_infoE             
00004eaf  _ZTSN10__cxxabiv117__pbase_type_infoE             
00004e69  _ZTSN10__cxxabiv119__pointer_type_infoE           
00004e44  _ZTSN10__cxxabiv120__si_class_type_infoE          
00004e1c  _ZTSN10__cxxabiv123__fundamental_type_infoE       
00005186  _ZTSPKe                                           
00005084  _ZTSSt9type_info                                  
00004ed1  _ZTSe                                             
00004ff8  _ZTV4Task                                         
0000500c  _ZTV6Racket                                       
00004f2c  _ZTV6Screen                                       
00005020  _ZTV9GamePiece                                    
00005044  _ZTVN10__cxxabiv117__class_type_infoE             
00005054  _ZTVN10__cxxabiv119__pointer_type_infoE           
00005064  _ZTVN10__cxxabiv120__si_class_type_infoE          
00005074  _ZTVN10__cxxabiv123__fundamental_type_infoE       
0000494d  _ZdlPv                                            
0000489d  _Znwj                                             
20010000  __STACK_END                                       
00000200  __STACK_SIZE                                      
00000400  __SYSMEM_SIZE                                     
00005214  __TI_CINIT_Base                                   
0000522c  __TI_CINIT_Limit                                  
0000520c  __TI_Handler_Table_Base                           
00005214  __TI_Handler_Table_Limit                          
0000468d  __TI_auto_init                                    
20002554  __TI_cleanup_ptr                                  
00004925  __TI_decompress_none                              
00004955  __TI_decompress_rle24                             
20002558  __TI_dtors_ptr                                    
2000255c  __TI_enable_exit_profile_output                   
ffffffff  __TI_pprof_out_hndl                               
ffffffff  __TI_prof_data_size                               
ffffffff  __TI_prof_data_start                              
00000000  __TI_static_base__                                
00004611  __aeabi_memclr                                    
00004611  __aeabi_memclr4                                   
00004611  __aeabi_memclr8                                   
00004575  __aeabi_memcpy                                    
00004575  __aeabi_memcpy4                                   
00004575  __aeabi_memcpy8                                   
00004613  __aeabi_memset                                    
00004613  __aeabi_memset4                                   
00004613  __aeabi_memset8                                   
ffffffff  __binit__                                         
ffffffff  __c_args__                                        
0000468b  __mpu_init                                        
2000fe00  __stack                                           
0000232d  __sti___8_main_cpp_05102ee7                       
000048f9  _args_main                                        
00004769  _c_int00                                          
2000256c  _lock                                             
2000257c  _new_handler                                      
0000491f  _nop                                              
00004917  _register_lock                                    
00004911  _register_unlock                                  
20002110  _sys_memory                                       
0000489b  _system_post_cinit                                
0000495b  _system_pre_init                                  
20002570  _unlock                                           
200020fc  aDataFromADC                                      
20002574  aDataFromButton                                   
000047c1  abort                                             
ffffffff  binit                                             
00003475  calloc                                            
00004811  copy_in                                           
20002548  counterDown                                       
2000254c  counterUp                                         
000047c9  exit                                              
000031c3  free                                              
20000000  g_pfnRAMVectors                                   
200020d8  g_sContext                                        
00004df0  g_sCrystalfontz128x128                            
00004c58  g_sFontFixed6x8                                   
00000000  interruptVectors                                  
00001f7f  main                                              
20002578  main_func_sp                                      
0000315b  malloc                                            
00003391  memalign                                          
00004575  memcpy                                            
00004619  memset                                            
000030cd  minit                                             
20002550  pDataToScreenB                                    
200020f4  positionDown                                      
200020f8  positionUp                                        
00003285  realloc                                           


GLOBAL SYMBOLS: SORTED BY Symbol Address 

address   name                                              
-------   ----                                              
00000000  __TI_static_base__                                
00000000  interruptVectors                                  
00000200  __STACK_SIZE                                      
0000024d  ADC14_enableModule                                
00000255  ADC14_disableModule                               
0000026b  ADC14_enableSampleTimer                           
00000295  ADC14_disableSampleTimer                          
000002ab  ADC14_initModule                                  
000002f1  ADC14_setResolution                               
0000030b  ADC14_getResolution                               
00000315  ADC14_setSampleHoldTrigger                        
00000357  ADC14_setSampleHoldTime                           
00000381  ADC14_configureMultiSequenceMode                  
00000400  __SYSMEM_SIZE                                     
00000417  ADC14_configureSingleSampleMode                   
0000046d  ADC14_enableConversion                            
0000048d  ADC14_toggleConversionTrigger                     
000004af  ADC14_disableConversion                           
000004bb  ADC14_isBusy                                      
000004d9  ADC14_configureConversionMemory                   
00000581  ADC14_enableComparatorWindow                      
00000611  ADC14_disableComparatorWindow                     
0000066f  ADC14_setComparatorWindowValue                    
000006f5  ADC14_setResultFormat                             
0000071f  ADC14_getResult                                   
00000739  ADC14_getMultiSequenceResult                      
000007a5  ADC14_getResultArray                              
00000819  ADC14_enableReferenceBurst                        
0000082f  ADC14_disableReferenceBurst                       
00000845  ADC14_setPowerMode                                
00000887  ADC14_enableInterrupt                             
000008b3  ADC14_disableInterrupt                            
000008df  ADC14_getInterruptStatus                          
00000909  ADC14_getEnabledInterruptStatus                   
00000939  ADC14_clearInterruptFlag                          
00000969  ADC14_registerInterrupt                           
0000097d  ADC14_unregisterInterrupt                         
000009f5  SPI_initMaster                                    
00000abb  SPI_selectFourPinFunctionality                    
00000ae1  SPI_changeMasterClock                             
00000b09  SPI_initSlave                                     
00000b87  SPI_changeClockPhasePolarity                      
00000bb7  SPI_transmitData                                  
00000bdd  SPI_receiveData                                   
00000bf9  SPI_enableModule                                  
00000c15  SPI_disableModule                                 
00000c31  SPI_getReceiveBufferAddressForDMA                 
00000c4d  SPI_getTransmitBufferAddressForDMA                
00000c79  SPI_isBusy                                        
00000c95  SPI_enableInterrupt                               
00000cbb  SPI_disableInterrupt                              
00000ce1  SPI_getInterruptStatus                            
00000d09  SPI_getEnabledInterruptStatus                     
00000d39  SPI_clearInterruptFlag                            
00000d5f  SPI_registerInterrupt                             
00000e1d  SPI_unregisterInterrupt                           
00000ec9  EUSCI_B_SPI_select4PinFunctionality               
00000ee9  EUSCI_B_SPI_masterChangeClock                     
00000f1b  EUSCI_B_SPI_slaveInit                             
00000f65  EUSCI_B_SPI_changeClockPhasePolarity              
00000fa7  EUSCI_B_SPI_transmitData                          
00000fbd  EUSCI_B_SPI_receiveData                           
00000fcd  EUSCI_B_SPI_enableInterrupt                       
00000fe7  EUSCI_B_SPI_disableInterrupt                      
00001001  EUSCI_B_SPI_getInterruptStatus                    
00001019  EUSCI_B_SPI_clearInterruptFlag                    
00001033  EUSCI_B_SPI_enable                                
00001049  EUSCI_B_SPI_disable                               
0000105f  EUSCI_B_SPI_getReceiveBufferAddressForDMA         
0000106d  EUSCI_B_SPI_getTransmitBufferAddressForDMA        
0000107b  EUSCI_B_SPI_isBusy                                
00001093  EUSCI_A_SPI_select4PinFunctionality               
000010b3  EUSCI_A_SPI_masterChangeClock                     
000010e9  EUSCI_A_SPI_slaveInit                             
00001133  EUSCI_A_SPI_changeClockPhasePolarity              
00001175  EUSCI_A_SPI_transmitData                          
0000118b  EUSCI_A_SPI_receiveData                           
0000119b  EUSCI_A_SPI_enableInterrupt                       
000011b5  EUSCI_A_SPI_disableInterrupt                      
000011cf  EUSCI_A_SPI_getInterruptStatus                    
000011e7  EUSCI_A_SPI_clearInterruptFlag                    
00001201  EUSCI_A_SPI_enable                                
00001217  EUSCI_A_SPI_disable                               
0000122d  EUSCI_A_SPI_getReceiveBufferAddressForDMA         
0000123b  EUSCI_A_SPI_getTransmitBufferAddressForDMA        
00001249  EUSCI_A_SPI_isBusy                                
00001269  Crystalfontz128x128_Init                          
0000137d  Crystalfontz128x128_SetDrawFrame                  
000014ab  Crystalfontz128x128_SetOrientation                
000018e1  _ZN9SchedulerC1Ev                                 
000018e1  _ZN9SchedulerC2Ev                                 
00001987  _ZN9Scheduler6attachEP4Task                       
000019fd  _ZN9Scheduler3runEv                               
00001a81  _ZN9Scheduler21CalculateNextScheduleEv            
00001b45  _ZN9Scheduler19ProcessMessageQueueEv              
00001c97  _ZN9Scheduler13attachMessageE3MSG                 
00001cf3  _ZN9Scheduler17clearMessageQueueEv                
00001e59  _ZN9Scheduler18clearNextSchedulerEv               
00001ea7  _ZN9Scheduler14processMessageE3MSG                
00001efb  _ZN9Scheduler22SortScheduleByPriorityEP4Task      
00001f7f  main                                              
0000207d  BUTTON_DOWN_ISR                                   
000020c3  BUTTON_UP_ISR                                     
00002109  T32_INT1_IRQHandler                               
00002109  T32_INT1_IRQHandler                               
00002127  ADC14_IRQHandler                                  
00002127  ADC14_IRQHandler                                  
00002191  _Z8setupADCv                                      
00002239  _Z13setupButtonUpv                                
00002271  _Z15setupButtonDownv                              
000022b1  _Z5Setupv                                         
0000232d  __sti___8_main_cpp_05102ee7                       
000023cd  Graphics_drawLineH                                
00002469  Graphics_drawLineV                                
000026e9  Graphics_drawLine                                 
0000285d  GPIO_setAsOutputPin                               
00002897  GPIO_setAsInputPin                                
000028dd  GPIO_setAsPeripheralModuleFunctionOutputPin       
00002961  GPIO_setAsPeripheralModuleFunctionInputPin        
000029e5  GPIO_setOutputHighOnPin                           
00002a07  GPIO_setOutputLowOnPin                            
00002a29  GPIO_toggleOutputOnPin                            
00002a4b  GPIO_setAsInputPinWithPullDownResistor            
00002a9d  GPIO_setAsInputPinWithPullUpResistor              
00002aef  GPIO_getInputPinValue                             
00002b1d  GPIO_enableInterrupt                              
00002b3f  GPIO_disableInterrupt                             
00002b61  GPIO_getInterruptStatus                           
00002b7f  GPIO_clearInterruptFlag                           
00002ba1  GPIO_interruptEdgeSelect                          
00002bd7  GPIO_getEnabledInterruptStatus                    
00002c53  GPIO_setDriveStrengthHigh                         
00002c75  GPIO_setDriveStrengthLow                          
00002c97  GPIO_registerInterrupt                            
00002cb7  GPIO_unregisterInterrupt                          
00002cdf  Interrupt_enableMaster                            
00002cef  Interrupt_disableMaster                           
00002cff  Interrupt_registerInterrupt                       
00002d51  Interrupt_unregisterInterrupt                     
00002d65  Interrupt_setPriorityGrouping                     
00002d7f  Interrupt_getPriorityGrouping                     
00002db7  Interrupt_setPriority                             
00002e07  Interrupt_getPriority                             
00002e2d  Interrupt_enableInterrupt                         
00002e9f  Interrupt_disableInterrupt                        
00002f11  Interrupt_isEnabled                               
00002f9d  Interrupt_pendInterrupt                           
0000300d  Interrupt_unpendInterrupt                         
0000305b  Interrupt_setPriorityMask                         
0000306b  Interrupt_getPriorityMask                         
00003075  Interrupt_setVectorTableAddress                   
00003085  Interrupt_getVectorTableAddress                   
0000308b  Interrupt_enableSleepOnIsrExit                    
0000309d  Interrupt_disableSleepOnIsrExit                   
000030cd  minit                                             
0000315b  malloc                                            
000031c3  free                                              
00003285  realloc                                           
00003391  memalign                                          
00003475  calloc                                            
000034a9  SystemCoreClockUpdate                             
0000371d  SystemInit                                        
00003819  Graphics_drawRectangle                            
000038bb  Graphics_fillRectangle                            
000039cd  Graphics_isRectangleOverlap                       
00003a1f  Graphics_getRectangleIntersection                 
00003b05  Graphics_isPointWithinRectangle                   
00003b57  Graphics_initContext                              
00003ba1  Graphics_setClipRegion                            
00003c6b  Graphics_setBackgroundColor                       
00003c85  Graphics_setBackgroundColorTranslated             
00003c9b  Graphics_setFont                                  
00003cb5  Graphics_getFontBaseline                          
00003cc3  Graphics_setForegroundColor                       
00003cd9  Graphics_setForegroundColorTranslated             
00003ceb  Graphics_getFontHeight                            
00003cf9  Graphics_getFontMaxWidth                          
00003d07  Graphics_getDisplayWidth                          
00003d17  Graphics_getDisplayHeight                         
00003d27  Graphics_getHeightOfDisplay                       
00003d35  Graphics_flushBuffer                              
00003d43  Graphics_clearDisplay                             
00003d55  Graphics_drawPixel                                
00003daf  Graphics_getWidthOfDisplay                        
00003dbd  _ZN6ScreenC1Eib                                   
00003dbd  _ZN6ScreenC2Eib                                   
00003e1d  _ZN6Screen3runEv                                  
00003e43  _ZN6Screen14ProcessMessageE3MSG                   
00003f8b  _ZN6Screen11printFigureE18Graphics_Rectangle      
00003fbd  _ZN6RacketC1EibiiiiiiPiS0_                        
00003fbd  _ZN6RacketC2EibiiiiiiPiS0_                        
00004073  _ZN6Racket3runEv                                  
0000409f  _ZN6Racket14ProcessMessageE3MSG                   
00004121  _ZN6Racket12CheckLimitsYEv                        
00004161  Graphics_drawPixelOnDisplay                       
0000418b  Graphics_drawMultiplePixelsOnDisplay              
000041cf  Graphics_drawHorizontalLineOnDisplay              
00004203  Graphics_drawVerticalLineOnDisplay                
00004237  Graphics_fillRectangleOnDisplay                   
00004255  Graphics_translateColorOnDisplay                  
0000426b  Graphics_flushOnDisplay                           
0000427d  Graphics_clearDisplayOnDisplay                    
00004295  _ZN9GamePieceC1Ev                                 
00004295  _ZN9GamePieceC2Ev                                 
000042af  _ZN9GamePiece7setPosXEi                           
000042c1  _ZN9GamePiece7getPosXEv                           
000042cf  _ZN9GamePiece7setPosYEi                           
000042e1  _ZN9GamePiece7getPosYEv                           
000042ef  _ZN9GamePiece7setSizeEi                           
00004301  _ZN9GamePiece7getSizeEv                           
0000430f  _ZN9GamePiece13setDirectionXEi                    
00004321  _ZN9GamePiece13getDirectionXEv                    
0000432f  _ZN9GamePiece13setDirectionYEi                    
00004341  _ZN9GamePiece13getDirectionYEv                    
00004355  HAL_LCD_PortInit                                  
00004385  HAL_LCD_SpiInit                                   
000043bb  HAL_LCD_writeCommand                              
000043e3  HAL_LCD_writeData                                 
00004411  _ZSt21__gen_dummy_typeinfosv                      
00004419  _ZNSt9type_infoD1Ev                               
00004419  _ZNSt9type_infoD2Ev                               
0000441b  _ZNSt9type_infoD0Ev                               
00004423  _ZNKSt9type_info4nameEv                           
00004427  _ZNKSt9type_infoneERKS_                           
0000443d  _ZNKSt9type_infoeqERKS_                           
00004453  _ZNKSt9type_info6beforeERKS_                      
00004461  _ZN10__cxxabiv129__pointer_to_member_type_infoD1Ev
00004461  _ZN10__cxxabiv129__pointer_to_member_type_infoD2Ev
00004463  _ZN10__cxxabiv129__pointer_to_member_type_infoD0Ev
0000446b  _ZN10__cxxabiv123__fundamental_type_infoD1Ev      
0000446b  _ZN10__cxxabiv123__fundamental_type_infoD2Ev      
0000446d  _ZN10__cxxabiv123__fundamental_type_infoD0Ev      
00004475  _ZN10__cxxabiv121__vmi_class_type_infoD1Ev        
00004475  _ZN10__cxxabiv121__vmi_class_type_infoD2Ev        
00004477  _ZN10__cxxabiv121__vmi_class_type_infoD0Ev        
0000447f  _ZN10__cxxabiv120__si_class_type_infoD1Ev         
0000447f  _ZN10__cxxabiv120__si_class_type_infoD2Ev         
00004481  _ZN10__cxxabiv120__si_class_type_infoD0Ev         
00004489  _ZN10__cxxabiv120__function_type_infoD1Ev         
00004489  _ZN10__cxxabiv120__function_type_infoD2Ev         
0000448b  _ZN10__cxxabiv120__function_type_infoD0Ev         
00004493  _ZN10__cxxabiv119__pointer_type_infoD1Ev          
00004493  _ZN10__cxxabiv119__pointer_type_infoD2Ev          
00004495  _ZN10__cxxabiv119__pointer_type_infoD0Ev          
0000449d  _ZN10__cxxabiv117__pbase_type_infoD1Ev            
0000449d  _ZN10__cxxabiv117__pbase_type_infoD2Ev            
0000449f  _ZN10__cxxabiv117__pbase_type_infoD0Ev            
000044a7  _ZN10__cxxabiv117__class_type_infoD1Ev            
000044a7  _ZN10__cxxabiv117__class_type_infoD2Ev            
000044a9  _ZN10__cxxabiv117__class_type_infoD0Ev            
000044b1  _ZN10__cxxabiv117__array_type_infoD1Ev            
000044b1  _ZN10__cxxabiv117__array_type_infoD2Ev            
000044b3  _ZN10__cxxabiv117__array_type_infoD0Ev            
000044bb  _ZN10__cxxabiv116__enum_type_infoD1Ev             
000044bb  _ZN10__cxxabiv116__enum_type_infoD2Ev             
000044bd  _ZN10__cxxabiv116__enum_type_infoD0Ev             
000044cd  _ZN4TaskC1Ev                                      
000044cd  _ZN4TaskC2Ev                                      
000044eb  _ZN4Task3runEv                                    
00004511  _ZN4Task19SetTaskCurrentCountEy                   
0000452f  _ZN4Task17SetTaskFinalCountEy                     
0000454d  _ZN4Task19GetTaskCurrentCountEv                   
0000455d  _ZN4Task17GetTaskFinalCountEv                     
00004575  __aeabi_memcpy                                    
00004575  __aeabi_memcpy4                                   
00004575  __aeabi_memcpy8                                   
00004575  memcpy                                            
00004611  __aeabi_memclr                                    
00004611  __aeabi_memclr4                                   
00004611  __aeabi_memclr8                                   
00004613  __aeabi_memset                                    
00004613  __aeabi_memset4                                   
00004613  __aeabi_memset8                                   
00004619  memset                                            
0000468b  __mpu_init                                        
0000468d  __TI_auto_init                                    
00004767  _Z21__default_new_handlerv                        
00004769  _c_int00                                          
000047bd  C$$EXIT                                           
000047c1  abort                                             
000047c9  exit                                              
00004811  copy_in                                           
0000485d  CPU_cpsid                                         
00004869  CPU_primask                                       
00004873  CPU_cpsie                                         
0000487f  CPU_wfi                                           
00004883  CPU_basepriSet                                    
00004891  CPU_basepriGet                                    
0000489b  _system_post_cinit                                
0000489d  _Znwj                                             
000048cd  _ZN4Task11SendMessageEv                           
000048f9  _args_main                                        
00004911  _register_unlock                                  
00004917  _register_lock                                    
0000491f  _nop                                              
00004925  __TI_decompress_none                              
00004933  Reset_Handler                                     
0000493f  AES256_IRQHandler                                 
0000493f  BusFault_Handler                                  
0000493f  COMP_E0_IRQHandler                                
0000493f  COMP_E1_IRQHandler                                
0000493f  CS_IRQHandler                                     
0000493f  DMA_ERR_IRQHandler                                
0000493f  DMA_INT0_IRQHandler                               
0000493f  DMA_INT1_IRQHandler                               
0000493f  DMA_INT2_IRQHandler                               
0000493f  DMA_INT3_IRQHandler                               
0000493f  DebugMon_Handler                                  
0000493f  Default_Handler                                   
0000493f  EUSCIA0_IRQHandler                                
0000493f  EUSCIA1_IRQHandler                                
0000493f  EUSCIA2_IRQHandler                                
0000493f  EUSCIA3_IRQHandler                                
0000493f  EUSCIB0_IRQHandler                                
0000493f  EUSCIB1_IRQHandler                                
0000493f  EUSCIB2_IRQHandler                                
0000493f  EUSCIB3_IRQHandler                                
0000493f  FLCTL_IRQHandler                                  
0000493f  FPU_IRQHandler                                    
0000493f  HardFault_Handler                                 
0000493f  MemManage_Handler                                 
0000493f  NMI_Handler                                       
0000493f  PCM_IRQHandler                                    
0000493f  PORT1_IRQHandler                                  
0000493f  PORT2_IRQHandler                                  
0000493f  PORT3_IRQHandler                                  
0000493f  PORT4_IRQHandler                                  
0000493f  PORT5_IRQHandler                                  
0000493f  PORT6_IRQHandler                                  
0000493f  PSS_IRQHandler                                    
0000493f  PendSV_Handler                                    
0000493f  RTC_C_IRQHandler                                  
0000493f  SVC_Handler                                       
0000493f  SysTick_Handler                                   
0000493f  T32_INT2_IRQHandler                               
0000493f  T32_INTC_IRQHandler                               
0000493f  TA0_0_IRQHandler                                  
0000493f  TA0_N_IRQHandler                                  
0000493f  TA1_0_IRQHandler                                  
0000493f  TA1_N_IRQHandler                                  
0000493f  TA2_0_IRQHandler                                  
0000493f  TA2_N_IRQHandler                                  
0000493f  TA3_0_IRQHandler                                  
0000493f  TA3_N_IRQHandler                                  
0000493f  UsageFault_Handler                                
0000493f  WDT_A_IRQHandler                                  
00004941  _ZN4Task14ProcessMessageE3MSG                     
0000494d  _ZdlPv                                            
00004955  __TI_decompress_rle24                             
0000495b  _system_pre_init                                  
00004c58  g_sFontFixed6x8                                   
00004df0  g_sCrystalfontz128x128                            
00004e1c  _ZTSN10__cxxabiv123__fundamental_type_infoE       
00004e44  _ZTSN10__cxxabiv120__si_class_type_infoE          
00004e69  _ZTSN10__cxxabiv119__pointer_type_infoE           
00004e8d  _ZTSN10__cxxabiv117__class_type_infoE             
00004eaf  _ZTSN10__cxxabiv117__pbase_type_infoE             
00004ed1  _ZTSe                                             
00004f2c  _ZTV6Screen                                       
00004ff8  _ZTV4Task                                         
0000500c  _ZTV6Racket                                       
00005020  _ZTV9GamePiece                                    
00005034  _ZTIPKe                                           
00005044  _ZTVN10__cxxabiv117__class_type_infoE             
00005054  _ZTVN10__cxxabiv119__pointer_type_infoE           
00005064  _ZTVN10__cxxabiv120__si_class_type_infoE          
00005074  _ZTVN10__cxxabiv123__fundamental_type_infoE       
00005084  _ZTSSt9type_info                                  
00005094  _ZTI6Racket                                       
000050a0  _ZTI6Screen                                       
000050ac  _ZTI9GamePiece                                    
000050b8  _ZTIN10__cxxabiv117__class_type_infoE             
000050c4  _ZTIN10__cxxabiv117__pbase_type_infoE             
000050d0  _ZTIN10__cxxabiv119__pointer_type_infoE           
000050dc  _ZTIN10__cxxabiv120__si_class_type_infoE          
000050e8  _ZTIN10__cxxabiv123__fundamental_type_infoE       
000050f4  _ZTS9GamePiece                                    
00005138  _ZTI4Task                                         
00005140  _ZTISt9type_info                                  
00005148  _ZTIe                                             
00005150  _ZTS6Racket                                       
00005158  _ZTS6Screen                                       
00005180  _ZTS4Task                                         
00005186  _ZTSPKe                                           
0000518c  SHT$$INIT_ARRAY$$Base                             
00005190  SHT$$INIT_ARRAY$$Limit                            
0000520c  __TI_Handler_Table_Base                           
00005214  __TI_CINIT_Base                                   
00005214  __TI_Handler_Table_Limit                          
0000522c  __TI_CINIT_Limit                                  
20000000  g_pfnRAMVectors                                   
200000e8  MainScheduler                                     
200020d8  g_sContext                                        
200020f4  positionDown                                      
200020f8  positionUp                                        
200020fc  aDataFromADC                                      
20002100  _ZSt16__dummy_typeinfo                            
20002104  Lcd_ScreenHeigth                                  
20002106  Lcd_ScreenWidth                                   
20002108  Lcd_TouchTrim                                     
2000210a  Lcd_FlagRead                                      
2000210b  Lcd_FontSolid                                     
2000210c  Lcd_Orientation                                   
2000210d  Lcd_PenSolid                                      
20002110  _sys_memory                                       
20002548  counterDown                                       
2000254c  counterUp                                         
20002550  pDataToScreenB                                    
20002554  __TI_cleanup_ptr                                  
20002558  __TI_dtors_ptr                                    
2000255c  __TI_enable_exit_profile_output                   
2000256c  _lock                                             
20002570  _unlock                                           
20002574  aDataFromButton                                   
20002578  main_func_sp                                      
2000257c  _new_handler                                      
20002580  SystemCoreClock                                   
2000fe00  __stack                                           
20010000  __STACK_END                                       
4000480c  WDTCTL_SYM                                        
ffffffff  __TI_pprof_out_hndl                               
ffffffff  __TI_prof_data_size                               
ffffffff  __TI_prof_data_start                              
ffffffff  __binit__                                         
ffffffff  __c_args__                                        
ffffffff  binit                                             

[426 symbols]
