******************************************************************************
                  TI ARM Linker Unix v15.12.3                  
******************************************************************************
>> Linked Wed Dec  7 21:47:46 2016

OUTPUT FILE NAME:   <finalProject.out>
ENTRY POINT SYMBOL: "_c_int00"  address: 0000469d


MEMORY CONFIGURATION

         name            origin    length      used     unused   attr    fill
----------------------  --------  ---------  --------  --------  ----  --------
  MAIN                  00000000   00040000  0000513c  0003aec4  R  X
  INFO                  00200000   00004000  00000000  00004000  R  X
  SRAM_CODE             01000000   00010000  0000277e  0000d882  RW X
  SRAM_DATA             20000000   00010000  0000277e  0000d882  RW  


SEGMENT ALLOCATION MAP

run origin  load origin   length   init length attrs members
----------  ----------- ---------- ----------- ----- -------
00000000    00000000    00005144   00005144    r-x
  00000000    00000000    000000e4   000000e4    r-- .intvecs
  000000e4    000000e4    000047ae   000047ae    r-x .text
  00004894    00004894    0000080a   0000080a    r-- .const
  000050a0    000050a0    00000004   00000004    r-- .init_array
  000050a8    000050a8    0000009c   0000009c    r-- .cinit
20000000    20000000    00002584   00000000    rw-
  20000000    20000000    000000e4   00000000    rw- .vtable
  200000e8    200000e8    00002026   00000000    rw- .bss
  20002110    20002110    00000400   00000000    rw- .sysmem
  20002510    20002510    00000074   00000000    rw- .data
2000fe00    2000fe00    00000200   00000000    rw-
  2000fe00    2000fe00    00000200   00000000    rw- .stack


SECTION ALLOCATION MAP

 output                                  attributes/
section   page    origin      length       input sections
--------  ----  ----------  ----------   ----------------
.intvecs   0    00000000    000000e4     
                  00000000    000000e4     startup_msp432p401r_ccs.obj (.intvecs:retain)

.binit     0    00000000    00000000     

.text      0    000000e4    000047ae     
                  000000e4    000008e0     adc14.obj (.text)
                  000009c4    000008a4     spi.obj (.text)
                  00001268    00000678     Crystalfontz128x128_ST7735.obj (.text)
                  000018e0    00000634     Scheduler.obj (.text)
                  00001f14    00000490     line.obj (.text)
                  000023a4    00000480     gpio.obj (.text)
                  00002824    00000440     main.obj (.text)
                  00002c64    000003f0     interrupt.obj (.text)
                  00003054    000003dc     rtsv7M4_T_le_v4SPD16_eabi.lib : memory.obj (.text)
                  00003430    00000370     system_msp432p401r.obj (.text)
                  000037a0    0000033e     rectangle.obj (.text)
                  00003ade    00000266     context.obj (.text)
                  00003d44    000001ac     Screen.obj (.text)
                  00003ef0    000001a4     Racket.obj (.text)
                  00004094    00000134     display.obj (.text)
                  000041c8    000000c0     GamePiece.obj (.text)
                  00004288    000000bc     HAL_MSP_EXP432P401R_Crystalfontz128x128_ST7735.obj (.text)
                  00004344    000000bc     rtsv7M4_T_le_v4SPD16_eabi.lib : typeinfo_.obj (.text)
                  00004400    000000a8     Task.obj (.text)
                  000044a8    0000009c     rtsv7M4_T_le_v4SPD16_eabi.lib : memcpy_t2.obj (.text)
                  00004544    0000007a                                   : memset_t2.obj (.text)
                  000045be    00000002                                   : mpu_init.obj (.text)
                  000045c0    00000070                                   : autoinit.obj (.text)
                  00004630    0000006a                                   : copy_decompress_rle.obj (.text)
                  0000469a    00000002                                   : newhandler.obj (.text)
                  0000469c    00000054                                   : boot.obj (.text)
                  000046f0    00000054                                   : exit.obj (.text)
                  00004744    0000004c                                   : cpy_tbl.obj (.text)
                  00004790    0000003e     cpu.obj (.text)
                  000047ce    00000002     rtsv7M4_T_le_v4SPD16_eabi.lib : startup.obj (.text)
                  000047d0    00000030                                   : new_.obj (.text)
                  00004800    0000002c     Ball.obj (.text:_ZN4Task11SendMessageEv)
                  0000482c    00000018     rtsv7M4_T_le_v4SPD16_eabi.lib : args_main.obj (.text)
                  00004844    00000014                                   : _lock.obj (.text)
                  00004858    0000000e                                   : copy_decompress_none.obj (.text:decompress:none)
                  00004866    0000000e     startup_msp432p401r_ccs.obj (.text)
                  00004874    0000000c     GamePiece.obj (.text:_ZN4Task14ProcessMessageE3MSG)
                  00004880    00000008     rtsv7M4_T_le_v4SPD16_eabi.lib : delete.obj (.text)
                  00004888    00000006                                   : copy_decompress_rle.obj (.text:decompress:rle24)
                  0000488e    00000004                                   : pre_init.obj (.text)

.const     0    00004894    0000080a     
                  00004894    000002f8     fontfixed6x8.obj (.const:.string:g_pucFontFixed6x8Data)
                  00004b8c    000000c8     fontfixed6x8.obj (.const:g_sFontFixed6x8)
                  00004c54    00000080     adc14.obj (.const:_ctlRegs)
                  00004cd4    00000050     interrupt.obj (.const:g_pulRegs)
                  00004d24    0000002c     Crystalfontz128x128_ST7735.obj (.const:g_sCrystalfontz128x128)
                  00004d50    00000028     rtsv7M4_T_le_v4SPD16_eabi.lib : typeinfo_.obj (.const:.typeinfo:_ZTSN10__cxxabiv123__fundamental_type_infoE)
                  00004d78    00000025                                   : typeinfo_.obj (.const:.typeinfo:_ZTSN10__cxxabiv120__si_class_type_infoE)
                  00004d9d    00000024                                   : typeinfo_.obj (.const:.typeinfo:_ZTSN10__cxxabiv119__pointer_type_infoE)
                  00004dc1    00000022                                   : typeinfo_.obj (.const:.typeinfo:_ZTSN10__cxxabiv117__class_type_infoE)
                  00004de3    00000022                                   : typeinfo_.obj (.const:.typeinfo:_ZTSN10__cxxabiv117__pbase_type_infoE)
                  00004e05    00000002                                   : typeinfo_.obj (.const:.typeinfo:_ZTSe)
                  00004e07    00000001     --HOLE-- [fill = 0]
                  00004e08    00000020     interrupt.obj (.const:g_pulPriority)
                  00004e28    0000001c     HAL_MSP_EXP432P401R_Crystalfontz128x128_ST7735.obj (.const:$P$T0$1)
                  00004e44    0000001c     gpio.obj (.const:GPIO_PORT_TO_INT)
                  00004e60    00000018     Screen.obj (.const:_ZTV6Screen)
                  00004e78    00000014     Ball.obj (.const:$P$T40$1)
                  00004e8c    00000014     Scheduler.obj (.const:$P$T40$1)
                  00004ea0    00000014     Scheduler.obj (.const:$P$T41$2)
                  00004eb4    00000014     Task.obj (.const:$P$T41$2)
                  00004ec8    00000014     main.obj (.const:$P$T42$3)
                  00004edc    00000014     Screen.obj (.const:$P$T43$2)
                  00004ef0    00000014     main.obj (.const:$P$T43$4)
                  00004f04    00000014     main.obj (.const:$P$T44$5)
                  00004f18    00000014     Racket.obj (.const:$P$T51$2)
                  00004f2c    00000014     Task.obj (.const:_ZTV4Task)
                  00004f40    00000014     Racket.obj (.const:_ZTV6Racket)
                  00004f54    00000014     GamePiece.obj (.const:_ZTV9GamePiece)
                  00004f68    00000010     rtsv7M4_T_le_v4SPD16_eabi.lib : typeinfo_.obj (.const:.typeinfo:_ZTIPKe)
                  00004f78    00000010                                   : typeinfo_.obj (.const:_ZTVN10__cxxabiv117__class_type_infoE)
                  00004f88    00000010                                   : typeinfo_.obj (.const:_ZTVN10__cxxabiv119__pointer_type_infoE)
                  00004f98    00000010                                   : typeinfo_.obj (.const:_ZTVN10__cxxabiv120__si_class_type_infoE)
                  00004fa8    00000010                                   : typeinfo_.obj (.const:_ZTVN10__cxxabiv123__fundamental_type_infoE)
                  00004fb8    0000000d                                   : typeinfo_.obj (.const:.typeinfo:_ZTSSt9type_info)
                  00004fc5    00000003     --HOLE-- [fill = 0]
                  00004fc8    0000000c     Racket.obj (.const:.typeinfo:_ZTI6Racket)
                  00004fd4    0000000c     Screen.obj (.const:.typeinfo:_ZTI6Screen)
                  00004fe0    0000000c     Ball.obj (.const:.typeinfo:_ZTI9GamePiece)
                  00004fec    0000000c     rtsv7M4_T_le_v4SPD16_eabi.lib : typeinfo_.obj (.const:.typeinfo:_ZTIN10__cxxabiv117__class_type_infoE)
                  00004ff8    0000000c                                   : typeinfo_.obj (.const:.typeinfo:_ZTIN10__cxxabiv117__pbase_type_infoE)
                  00005004    0000000c                                   : typeinfo_.obj (.const:.typeinfo:_ZTIN10__cxxabiv119__pointer_type_infoE)
                  00005010    0000000c                                   : typeinfo_.obj (.const:.typeinfo:_ZTIN10__cxxabiv120__si_class_type_infoE)
                  0000501c    0000000c                                   : typeinfo_.obj (.const:.typeinfo:_ZTIN10__cxxabiv123__fundamental_type_infoE)
                  00005028    0000000b     Ball.obj (.const:.typeinfo:_ZTS9GamePiece)
                  00005033    00000001     --HOLE-- [fill = 0]
                  00005034    00000008     Crystalfontz128x128_ST7735.obj (.const:$P$T0$1)
                  0000503c    00000008     main.obj (.const:$P$T40$1)
                  00005044    00000008     main.obj (.const:$P$T41$2)
                  0000504c    00000008     Task.obj (.const:.typeinfo:_ZTI4Task)
                  00005054    00000008     rtsv7M4_T_le_v4SPD16_eabi.lib : typeinfo_.obj (.const:.typeinfo:_ZTISt9type_info)
                  0000505c    00000008                                   : typeinfo_.obj (.const:.typeinfo:_ZTIe)
                  00005064    00000008     Racket.obj (.const:.typeinfo:_ZTS6Racket)
                  0000506c    00000008     Screen.obj (.const:.typeinfo:_ZTS6Screen)
                  00005074    00000008     interrupt.obj (.const:g_pulDisRegs)
                  0000507c    00000008     interrupt.obj (.const:g_pulEnRegs)
                  00005084    00000008     interrupt.obj (.const:g_pulPendRegs)
                  0000508c    00000008     interrupt.obj (.const:g_pulUnpendRegs)
                  00005094    00000006     Task.obj (.const:.typeinfo:_ZTS4Task)
                  0000509a    00000004     rtsv7M4_T_le_v4SPD16_eabi.lib : typeinfo_.obj (.const:.typeinfo:_ZTSPKe)

.cinit     0    000050a8    0000009c     
                  000050a8    00000059     (.cinit..data.load) [load image, compression = rle]
                  00005101    00000007     --HOLE-- [fill = 0]
                  00005108    0000000b     (.cinit..bss.load) [load image, compression = rle]
                  00005113    00000005     --HOLE-- [fill = 0]
                  00005118    00000009     (.cinit..vtable.load) [load image, compression = rle]
                  00005121    00000003     --HOLE-- [fill = 0]
                  00005124    00000008     (__TI_handler_table)
                  0000512c    00000018     (__TI_cinit_table)

.init_array 
*          0    000050a0    00000004     
                  000050a0    00000004     main.obj (.init_array)

.vtable    0    20000000    000000e4     UNINITIALIZED
                  20000000    000000e4     interrupt.obj (.vtable)

.bss       0    200000e8    00002026     UNINITIALIZED
                  200000e8    00001ff0     main.obj (.bss:MainScheduler)
                  200020d8    0000001c     (.common:g_sContext)
                  200020f4    0000000c     main.obj (.bss)
                  20002100    00000004     (.common:_ZSt16__dummy_typeinfo)
                  20002104    00000002     (.common:Lcd_ScreenHeigth)
                  20002106    00000002     (.common:Lcd_ScreenWidth)
                  20002108    00000002     (.common:Lcd_TouchTrim)
                  2000210a    00000001     (.common:Lcd_FlagRead)
                  2000210b    00000001     (.common:Lcd_FontSolid)
                  2000210c    00000001     (.common:Lcd_Orientation)
                  2000210d    00000001     (.common:Lcd_PenSolid)

.sysmem    0    20002110    00000400     UNINITIALIZED
                  20002110    00000008     rtsv7M4_T_le_v4SPD16_eabi.lib : memory.obj (.sysmem)
                  20002118    000003f8     --HOLE--

.data      0    20002510    00000074     UNINITIALIZED
                  20002510    00000030     gpio.obj (.data:GPIO_PORT_TO_BASE)
                  20002540    00000014     main.obj (.data)
                  20002554    0000000c     rtsv7M4_T_le_v4SPD16_eabi.lib : exit.obj (.data:$O1$$)
                  20002560    0000000c                                   : memory.obj (.data:$O1$$)
                  2000256c    00000008                                   : _lock.obj (.data:$O1$$)
                  20002574    00000004     main.obj (.data:aDataFromButton)
                  20002578    00000004     rtsv7M4_T_le_v4SPD16_eabi.lib : stkdepth_vars.obj (.data)
                  2000257c    00000004                                   : vars.obj (.data)
                  20002580    00000004     system_msp432p401r.obj (.data)

.stack     0    2000fe00    00000200     UNINITIALIZED
                  2000fe00    00000200     --HOLE--

MODULE SUMMARY

       Module                                               code    ro data   rw data
       ------                                               ----    -------   -------
    ./
       main.obj                                             1088    80        16424  
       Scheduler.obj                                        1588    40        0      
       system_msp432p401r.obj                               880     0         8      
       Screen.obj                                           428     64        56     
       Racket.obj                                           420     60        0      
       startup_msp432p401r_ccs.obj                          14      228       0      
       GamePiece.obj                                        204     20        0      
       Task.obj                                             168     54        0      
       Ball.obj                                             44      43        0      
    +--+----------------------------------------------------+-------+---------+---------+
       Total:                                               4834    589       16488  
                                                                                     
    ./GrLib/fonts/
       fontfixed6x8.obj                                     0       960       0      
    +--+----------------------------------------------------+-------+---------+---------+
       Total:                                               0       960       0      
                                                                                     
    ./GrLib/grlib/
       line.obj                                             1168    0         0      
       rectangle.obj                                        830     0         0      
       context.obj                                          614     0         0      
       display.obj                                          308     0         0      
    +--+----------------------------------------------------+-------+---------+---------+
       Total:                                               2920    0         0      
                                                                                     
    ./LcdDriver/
       Crystalfontz128x128_ST7735.obj                       1656    52        20     
       HAL_MSP_EXP432P401R_Crystalfontz128x128_ST7735.obj   188     28        0      
    +--+----------------------------------------------------+-------+---------+---------+
       Total:                                               1844    80        20     
                                                                                     
    ./driverlib/MSP432P4xx/
       adc14.obj                                            2272    128       0      
       spi.obj                                              2212    0         0      
       interrupt.obj                                        1008    144       456    
       gpio.obj                                             1152    28        96     
       cpu.obj                                              62      0         0      
    +--+----------------------------------------------------+-------+---------+---------+
       Total:                                               6706    300       552    
                                                                                     
    /home/aglt93/ti/ccsv6/tools/compiler/arm_15.12.3.LTS/lib/rtsv7M4_T_le_v4SPD16_eabi.lib
       memory.obj                                           988     0         24     
       typeinfo_.obj                                        188     356       8      
       memcpy_t2.obj                                        156     0         0      
       memset_t2.obj                                        122     0         0      
       autoinit.obj                                         112     0         0      
       copy_decompress_rle.obj                              112     0         0      
       exit.obj                                             84      0         24     
       boot.obj                                             84      0         0      
       cpy_tbl.obj                                          76      0         0      
       new_.obj                                             48      0         0      
       _lock.obj                                            20      0         16     
       args_main.obj                                        24      0         0      
       copy_decompress_none.obj                             14      0         0      
       delete.obj                                           8       0         0      
       stkdepth_vars.obj                                    0       0         8      
       vars.obj                                             0       0         8      
       pre_init.obj                                         4       0         0      
       mpu_init.obj                                         2       0         0      
       newhandler.obj                                       2       0         0      
       startup.obj                                          2       0         0      
    +--+----------------------------------------------------+-------+---------+---------+
       Total:                                               2046    356       88     
                                                                                     
       Heap:                                                0       0         2048   
       Stack:                                               0       0         1024   
       Linker Generated:                                    0       141       0      
    +--+----------------------------------------------------+-------+---------+---------+
       Grand Total:                                         18350   2426      20220  


LINKER GENERATED COPY TABLES

__TI_cinit_table @ 0000512c records: 3, size/record: 8, table size: 24
	.data: load addr=000050a8, load size=00000059 bytes, run addr=20002510, run size=00000074 bytes, compression=rle
	.bss: load addr=00005108, load size=0000000b bytes, run addr=200000e8, run size=00002026 bytes, compression=rle
	.vtable: load addr=00005118, load size=00000009 bytes, run addr=20000000, run size=000000e4 bytes, compression=rle


LINKER GENERATED HANDLER TABLE

__TI_handler_table @ 00005124 records: 2, size/record: 4, table size: 8
	index: 0, handler: __TI_decompress_rle24
	index: 1, handler: __TI_decompress_none


GLOBAL SYMBOLS: SORTED ALPHABETICALLY BY Name 

address   name                                              
-------   ----                                              
000029d7  ADC14_IRQHandler                                  
000029d7  ADC14_IRQHandler                                  
00000939  ADC14_clearInterruptFlag                          
000004d9  ADC14_configureConversionMemory                   
00000381  ADC14_configureMultiSequenceMode                  
00000417  ADC14_configureSingleSampleMode                   
00000611  ADC14_disableComparatorWindow                     
000004af  ADC14_disableConversion                           
000008b3  ADC14_disableInterrupt                            
00000255  ADC14_disableModule                               
0000082f  ADC14_disableReferenceBurst                       
00000295  ADC14_disableSampleTimer                          
00000581  ADC14_enableComparatorWindow                      
0000046d  ADC14_enableConversion                            
00000887  ADC14_enableInterrupt                             
0000024d  ADC14_enableModule                                
00000819  ADC14_enableReferenceBurst                        
0000026b  ADC14_enableSampleTimer                           
00000909  ADC14_getEnabledInterruptStatus                   
000008df  ADC14_getInterruptStatus                          
00000739  ADC14_getMultiSequenceResult                      
0000030b  ADC14_getResolution                               
0000071f  ADC14_getResult                                   
000007a5  ADC14_getResultArray                              
000002ab  ADC14_initModule                                  
000004bb  ADC14_isBusy                                      
00000969  ADC14_registerInterrupt                           
0000066f  ADC14_setComparatorWindowValue                    
00000845  ADC14_setPowerMode                                
000002f1  ADC14_setResolution                               
000006f5  ADC14_setResultFormat                             
00000357  ADC14_setSampleHoldTime                           
00000315  ADC14_setSampleHoldTrigger                        
0000048d  ADC14_toggleConversionTrigger                     
0000097d  ADC14_unregisterInterrupt                         
00004873  AES256_IRQHandler                                 
0000292d  BUTTON_DOWN_ISR                                   
00002973  BUTTON_UP_ISR                                     
00004873  BusFault_Handler                                  
000046f1  C$$EXIT                                           
00004873  COMP_E0_IRQHandler                                
00004873  COMP_E1_IRQHandler                                
000047c5  CPU_basepriGet                                    
000047b7  CPU_basepriSet                                    
00004791  CPU_cpsid                                         
000047a7  CPU_cpsie                                         
0000479d  CPU_primask                                       
000047b3  CPU_wfi                                           
00004873  CS_IRQHandler                                     
00001269  Crystalfontz128x128_Init                          
0000137d  Crystalfontz128x128_SetDrawFrame                  
000014ab  Crystalfontz128x128_SetOrientation                
00004873  DMA_ERR_IRQHandler                                
00004873  DMA_INT0_IRQHandler                               
00004873  DMA_INT1_IRQHandler                               
00004873  DMA_INT2_IRQHandler                               
00004873  DMA_INT3_IRQHandler                               
00004873  DebugMon_Handler                                  
00004873  Default_Handler                                   
00004873  EUSCIA0_IRQHandler                                
00004873  EUSCIA1_IRQHandler                                
00004873  EUSCIA2_IRQHandler                                
00004873  EUSCIA3_IRQHandler                                
00004873  EUSCIB0_IRQHandler                                
00004873  EUSCIB1_IRQHandler                                
00004873  EUSCIB2_IRQHandler                                
00004873  EUSCIB3_IRQHandler                                
00001133  EUSCI_A_SPI_changeClockPhasePolarity              
000011e7  EUSCI_A_SPI_clearInterruptFlag                    
00001217  EUSCI_A_SPI_disable                               
000011b5  EUSCI_A_SPI_disableInterrupt                      
00001201  EUSCI_A_SPI_enable                                
0000119b  EUSCI_A_SPI_enableInterrupt                       
000011cf  EUSCI_A_SPI_getInterruptStatus                    
0000122d  EUSCI_A_SPI_getReceiveBufferAddressForDMA         
0000123b  EUSCI_A_SPI_getTransmitBufferAddressForDMA        
00001249  EUSCI_A_SPI_isBusy                                
000010b3  EUSCI_A_SPI_masterChangeClock                     
0000118b  EUSCI_A_SPI_receiveData                           
00001093  EUSCI_A_SPI_select4PinFunctionality               
000010e9  EUSCI_A_SPI_slaveInit                             
00001175  EUSCI_A_SPI_transmitData                          
00000f65  EUSCI_B_SPI_changeClockPhasePolarity              
00001019  EUSCI_B_SPI_clearInterruptFlag                    
00001049  EUSCI_B_SPI_disable                               
00000fe7  EUSCI_B_SPI_disableInterrupt                      
00001033  EUSCI_B_SPI_enable                                
00000fcd  EUSCI_B_SPI_enableInterrupt                       
00001001  EUSCI_B_SPI_getInterruptStatus                    
0000105f  EUSCI_B_SPI_getReceiveBufferAddressForDMA         
0000106d  EUSCI_B_SPI_getTransmitBufferAddressForDMA        
0000107b  EUSCI_B_SPI_isBusy                                
00000ee9  EUSCI_B_SPI_masterChangeClock                     
00000fbd  EUSCI_B_SPI_receiveData                           
00000ec9  EUSCI_B_SPI_select4PinFunctionality               
00000f1b  EUSCI_B_SPI_slaveInit                             
00000fa7  EUSCI_B_SPI_transmitData                          
00004873  FLCTL_IRQHandler                                  
00004873  FPU_IRQHandler                                    
000026c7  GPIO_clearInterruptFlag                           
00002687  GPIO_disableInterrupt                             
00002665  GPIO_enableInterrupt                              
0000271f  GPIO_getEnabledInterruptStatus                    
00002637  GPIO_getInputPinValue                             
000026a9  GPIO_getInterruptStatus                           
000026e9  GPIO_interruptEdgeSelect                          
000027df  GPIO_registerInterrupt                            
000023df  GPIO_setAsInputPin                                
00002593  GPIO_setAsInputPinWithPullDownResistor            
000025e5  GPIO_setAsInputPinWithPullUpResistor              
000023a5  GPIO_setAsOutputPin                               
000024a9  GPIO_setAsPeripheralModuleFunctionInputPin        
00002425  GPIO_setAsPeripheralModuleFunctionOutputPin       
0000279b  GPIO_setDriveStrengthHigh                         
000027bd  GPIO_setDriveStrengthLow                          
0000252d  GPIO_setOutputHighOnPin                           
0000254f  GPIO_setOutputLowOnPin                            
00002571  GPIO_toggleOutputOnPin                            
000027ff  GPIO_unregisterInterrupt                          
00003ccb  Graphics_clearDisplay                             
000041b1  Graphics_clearDisplayOnDisplay                    
00004103  Graphics_drawHorizontalLineOnDisplay              
00002231  Graphics_drawLine                                 
00001f15  Graphics_drawLineH                                
00001fb1  Graphics_drawLineV                                
000040bf  Graphics_drawMultiplePixelsOnDisplay              
00003cdd  Graphics_drawPixel                                
00004095  Graphics_drawPixelOnDisplay                       
000037a1  Graphics_drawRectangle                            
00004137  Graphics_drawVerticalLineOnDisplay                
00003843  Graphics_fillRectangle                            
0000416b  Graphics_fillRectangleOnDisplay                   
00003cbd  Graphics_flushBuffer                              
0000419f  Graphics_flushOnDisplay                           
00003c9f  Graphics_getDisplayHeight                         
00003c8f  Graphics_getDisplayWidth                          
00003c3d  Graphics_getFontBaseline                          
00003c73  Graphics_getFontHeight                            
00003c81  Graphics_getFontMaxWidth                          
00003caf  Graphics_getHeightOfDisplay                       
000039a7  Graphics_getRectangleIntersection                 
00003d37  Graphics_getWidthOfDisplay                        
00003adf  Graphics_initContext                              
00003a8d  Graphics_isPointWithinRectangle                   
00003955  Graphics_isRectangleOverlap                       
00003bf3  Graphics_setBackgroundColor                       
00003c0d  Graphics_setBackgroundColorTranslated             
00003b29  Graphics_setClipRegion                            
00003c23  Graphics_setFont                                  
00003c4b  Graphics_setForegroundColor                       
00003c61  Graphics_setForegroundColorTranslated             
00004189  Graphics_translateColorOnDisplay                  
00004289  HAL_LCD_PortInit                                  
000042b9  HAL_LCD_SpiInit                                   
000042ef  HAL_LCD_writeCommand                              
00004317  HAL_LCD_writeData                                 
00004873  HardFault_Handler                                 
00002e27  Interrupt_disableInterrupt                        
00002c77  Interrupt_disableMaster                           
00003025  Interrupt_disableSleepOnIsrExit                   
00002db5  Interrupt_enableInterrupt                         
00002c67  Interrupt_enableMaster                            
00003013  Interrupt_enableSleepOnIsrExit                    
00002d8f  Interrupt_getPriority                             
00002d07  Interrupt_getPriorityGrouping                     
00002ff3  Interrupt_getPriorityMask                         
0000300d  Interrupt_getVectorTableAddress                   
00002e99  Interrupt_isEnabled                               
00002f25  Interrupt_pendInterrupt                           
00002c87  Interrupt_registerInterrupt                       
00002d3f  Interrupt_setPriority                             
00002ced  Interrupt_setPriorityGrouping                     
00002fe3  Interrupt_setPriorityMask                         
00002ffd  Interrupt_setVectorTableAddress                   
00002f95  Interrupt_unpendInterrupt                         
00002cd9  Interrupt_unregisterInterrupt                     
2000210a  Lcd_FlagRead                                      
2000210b  Lcd_FontSolid                                     
2000210c  Lcd_Orientation                                   
2000210d  Lcd_PenSolid                                      
20002104  Lcd_ScreenHeigth                                  
20002106  Lcd_ScreenWidth                                   
20002108  Lcd_TouchTrim                                     
200000e8  MainScheduler                                     
00004873  MemManage_Handler                                 
00004873  NMI_Handler                                       
00004873  PCM_IRQHandler                                    
00004873  PORT1_IRQHandler                                  
00004873  PORT2_IRQHandler                                  
00004873  PORT3_IRQHandler                                  
00004873  PORT4_IRQHandler                                  
00004873  PORT5_IRQHandler                                  
00004873  PORT6_IRQHandler                                  
00004873  PSS_IRQHandler                                    
00004873  PendSV_Handler                                    
00004873  RTC_C_IRQHandler                                  
00004867  Reset_Handler                                     
000050a0  SHT$$INIT_ARRAY$$Base                             
000050a4  SHT$$INIT_ARRAY$$Limit                            
00000b87  SPI_changeClockPhasePolarity                      
00000ae1  SPI_changeMasterClock                             
00000d39  SPI_clearInterruptFlag                            
00000cbb  SPI_disableInterrupt                              
00000c15  SPI_disableModule                                 
00000c95  SPI_enableInterrupt                               
00000bf9  SPI_enableModule                                  
00000d09  SPI_getEnabledInterruptStatus                     
00000ce1  SPI_getInterruptStatus                            
00000c31  SPI_getReceiveBufferAddressForDMA                 
00000c4d  SPI_getTransmitBufferAddressForDMA                
000009f5  SPI_initMaster                                    
00000b09  SPI_initSlave                                     
00000c79  SPI_isBusy                                        
00000bdd  SPI_receiveData                                   
00000d5f  SPI_registerInterrupt                             
00000abb  SPI_selectFourPinFunctionality                    
00000bb7  SPI_transmitData                                  
00000e1d  SPI_unregisterInterrupt                           
00004873  SVC_Handler                                       
00004873  SysTick_Handler                                   
20002580  SystemCoreClock                                   
00003431  SystemCoreClockUpdate                             
000036a5  SystemInit                                        
000029b9  T32_INT1_IRQHandler                               
000029b9  T32_INT1_IRQHandler                               
00004873  T32_INT2_IRQHandler                               
00004873  T32_INTC_IRQHandler                               
00004873  TA0_0_IRQHandler                                  
00004873  TA0_N_IRQHandler                                  
00004873  TA1_0_IRQHandler                                  
00004873  TA1_N_IRQHandler                                  
00004873  TA2_0_IRQHandler                                  
00004873  TA2_N_IRQHandler                                  
00004873  TA3_0_IRQHandler                                  
00004873  TA3_N_IRQHandler                                  
00004873  UsageFault_Handler                                
4000480c  WDTCTL_SYM                                        
00004873  WDT_A_IRQHandler                                  
00002ad9  _Z13setupButtonUpv                                
00002b07  _Z15setupButtonDownv                              
0000469b  _Z21__default_new_handlerv                        
00002b41  _Z5Setupv                                         
00002a3b  _Z8setupADCv                                      
000043f1  _ZN10__cxxabiv116__enum_type_infoD0Ev             
000043ef  _ZN10__cxxabiv116__enum_type_infoD1Ev             
000043ef  _ZN10__cxxabiv116__enum_type_infoD2Ev             
000043e7  _ZN10__cxxabiv117__array_type_infoD0Ev            
000043e5  _ZN10__cxxabiv117__array_type_infoD1Ev            
000043e5  _ZN10__cxxabiv117__array_type_infoD2Ev            
000043dd  _ZN10__cxxabiv117__class_type_infoD0Ev            
000043db  _ZN10__cxxabiv117__class_type_infoD1Ev            
000043db  _ZN10__cxxabiv117__class_type_infoD2Ev            
000043d3  _ZN10__cxxabiv117__pbase_type_infoD0Ev            
000043d1  _ZN10__cxxabiv117__pbase_type_infoD1Ev            
000043d1  _ZN10__cxxabiv117__pbase_type_infoD2Ev            
000043c9  _ZN10__cxxabiv119__pointer_type_infoD0Ev          
000043c7  _ZN10__cxxabiv119__pointer_type_infoD1Ev          
000043c7  _ZN10__cxxabiv119__pointer_type_infoD2Ev          
000043bf  _ZN10__cxxabiv120__function_type_infoD0Ev         
000043bd  _ZN10__cxxabiv120__function_type_infoD1Ev         
000043bd  _ZN10__cxxabiv120__function_type_infoD2Ev         
000043b5  _ZN10__cxxabiv120__si_class_type_infoD0Ev         
000043b3  _ZN10__cxxabiv120__si_class_type_infoD1Ev         
000043b3  _ZN10__cxxabiv120__si_class_type_infoD2Ev         
000043ab  _ZN10__cxxabiv121__vmi_class_type_infoD0Ev        
000043a9  _ZN10__cxxabiv121__vmi_class_type_infoD1Ev        
000043a9  _ZN10__cxxabiv121__vmi_class_type_infoD2Ev        
000043a1  _ZN10__cxxabiv123__fundamental_type_infoD0Ev      
0000439f  _ZN10__cxxabiv123__fundamental_type_infoD1Ev      
0000439f  _ZN10__cxxabiv123__fundamental_type_infoD2Ev      
00004397  _ZN10__cxxabiv129__pointer_to_member_type_infoD0Ev
00004395  _ZN10__cxxabiv129__pointer_to_member_type_infoD1Ev
00004395  _ZN10__cxxabiv129__pointer_to_member_type_infoD2Ev
00004801  _ZN4Task11SendMessageEv                           
00004875  _ZN4Task14ProcessMessageE3MSG                     
00004491  _ZN4Task17GetTaskFinalCountEv                     
00004463  _ZN4Task17SetTaskFinalCountEy                     
00004481  _ZN4Task19GetTaskCurrentCountEv                   
00004445  _ZN4Task19SetTaskCurrentCountEy                   
0000441f  _ZN4Task3runEv                                    
00004401  _ZN4TaskC1Ev                                      
00004401  _ZN4TaskC2Ev                                      
00004055  _ZN6Racket12CheckLimitsYEv                        
00003fd3  _ZN6Racket14ProcessMessageE3MSG                   
00003fa7  _ZN6Racket3runEv                                  
00003ef1  _ZN6RacketC1EibiiiiiiPiS0_                        
00003ef1  _ZN6RacketC2EibiiiiiiPiS0_                        
00003ebd  _ZN6Screen11printFigureE18Graphics_Rectangle      
00003dd1  _ZN6Screen14ProcessMessageE3MSG                   
00003dab  _ZN6Screen3runEv                                  
00003d45  _ZN6ScreenC1Eib                                   
00003d45  _ZN6ScreenC2Eib                                   
00004255  _ZN9GamePiece13getDirectionXEv                    
00004275  _ZN9GamePiece13getDirectionYEv                    
00004243  _ZN9GamePiece13setDirectionXEi                    
00004263  _ZN9GamePiece13setDirectionYEi                    
000041f5  _ZN9GamePiece7getPosXEv                           
00004215  _ZN9GamePiece7getPosYEv                           
00004235  _ZN9GamePiece7getSizeEv                           
000041e3  _ZN9GamePiece7setPosXEi                           
00004203  _ZN9GamePiece7setPosYEi                           
00004223  _ZN9GamePiece7setSizeEi                           
000041c9  _ZN9GamePieceC1Ev                                 
000041c9  _ZN9GamePieceC2Ev                                 
00001c97  _ZN9Scheduler13attachMessageE3MSG                 
00001ea7  _ZN9Scheduler14processMessageE3MSG                
00001cf3  _ZN9Scheduler17clearMessageQueueEv                
00001e59  _ZN9Scheduler18clearNextSchedulerEv               
00001b45  _ZN9Scheduler19ProcessMessageQueueEv              
00001a81  _ZN9Scheduler21CalculateNextScheduleEv            
00001efb  _ZN9Scheduler22SortScheduleByPriorityEP4Task      
000019fd  _ZN9Scheduler3runEv                               
00001987  _ZN9Scheduler6attachEP4Task                       
000018e1  _ZN9SchedulerC1Ev                                 
000018e1  _ZN9SchedulerC2Ev                                 
00004357  _ZNKSt9type_info4nameEv                           
00004387  _ZNKSt9type_info6beforeERKS_                      
00004371  _ZNKSt9type_infoeqERKS_                           
0000435b  _ZNKSt9type_infoneERKS_                           
0000434f  _ZNSt9type_infoD0Ev                               
0000434d  _ZNSt9type_infoD1Ev                               
0000434d  _ZNSt9type_infoD2Ev                               
20002100  _ZSt16__dummy_typeinfo                            
00004345  _ZSt21__gen_dummy_typeinfosv                      
0000504c  _ZTI4Task                                         
00004fc8  _ZTI6Racket                                       
00004fd4  _ZTI6Screen                                       
00004fe0  _ZTI9GamePiece                                    
00004fec  _ZTIN10__cxxabiv117__class_type_infoE             
00004ff8  _ZTIN10__cxxabiv117__pbase_type_infoE             
00005004  _ZTIN10__cxxabiv119__pointer_type_infoE           
00005010  _ZTIN10__cxxabiv120__si_class_type_infoE          
0000501c  _ZTIN10__cxxabiv123__fundamental_type_infoE       
00004f68  _ZTIPKe                                           
00005054  _ZTISt9type_info                                  
0000505c  _ZTIe                                             
00005094  _ZTS4Task                                         
00005064  _ZTS6Racket                                       
0000506c  _ZTS6Screen                                       
00005028  _ZTS9GamePiece                                    
00004dc1  _ZTSN10__cxxabiv117__class_type_infoE             
00004de3  _ZTSN10__cxxabiv117__pbase_type_infoE             
00004d9d  _ZTSN10__cxxabiv119__pointer_type_infoE           
00004d78  _ZTSN10__cxxabiv120__si_class_type_infoE          
00004d50  _ZTSN10__cxxabiv123__fundamental_type_infoE       
0000509a  _ZTSPKe                                           
00004fb8  _ZTSSt9type_info                                  
00004e05  _ZTSe                                             
00004f2c  _ZTV4Task                                         
00004f40  _ZTV6Racket                                       
00004e60  _ZTV6Screen                                       
00004f54  _ZTV9GamePiece                                    
00004f78  _ZTVN10__cxxabiv117__class_type_infoE             
00004f88  _ZTVN10__cxxabiv119__pointer_type_infoE           
00004f98  _ZTVN10__cxxabiv120__si_class_type_infoE          
00004fa8  _ZTVN10__cxxabiv123__fundamental_type_infoE       
00004881  _ZdlPv                                            
000047d1  _Znwj                                             
20010000  __STACK_END                                       
00000200  __STACK_SIZE                                      
00000400  __SYSMEM_SIZE                                     
0000512c  __TI_CINIT_Base                                   
00005144  __TI_CINIT_Limit                                  
00005124  __TI_Handler_Table_Base                           
0000512c  __TI_Handler_Table_Limit                          
000045c1  __TI_auto_init                                    
20002554  __TI_cleanup_ptr                                  
00004859  __TI_decompress_none                              
00004889  __TI_decompress_rle24                             
20002558  __TI_dtors_ptr                                    
2000255c  __TI_enable_exit_profile_output                   
ffffffff  __TI_pprof_out_hndl                               
ffffffff  __TI_prof_data_size                               
ffffffff  __TI_prof_data_start                              
00000000  __TI_static_base__                                
00004545  __aeabi_memclr                                    
00004545  __aeabi_memclr4                                   
00004545  __aeabi_memclr8                                   
000044a9  __aeabi_memcpy                                    
000044a9  __aeabi_memcpy4                                   
000044a9  __aeabi_memcpy8                                   
00004547  __aeabi_memset                                    
00004547  __aeabi_memset4                                   
00004547  __aeabi_memset8                                   
ffffffff  __binit__                                         
ffffffff  __c_args__                                        
000045bf  __mpu_init                                        
2000fe00  __stack                                           
00002bc5  __sti___8_main_cpp_05102ee7                       
0000482d  _args_main                                        
0000469d  _c_int00                                          
2000256c  _lock                                             
2000257c  _new_handler                                      
00004853  _nop                                              
0000484b  _register_lock                                    
00004845  _register_unlock                                  
20002110  _sys_memory                                       
000047cf  _system_post_cinit                                
0000488f  _system_pre_init                                  
20002570  _unlock                                           
200020fc  aDataFromADC                                      
20002574  aDataFromButton                                   
000046f5  abort                                             
ffffffff  binit                                             
000033fd  calloc                                            
00004745  copy_in                                           
20002548  counterDown                                       
2000254c  counterUp                                         
000046fd  exit                                              
0000314b  free                                              
20000000  g_pfnRAMVectors                                   
200020d8  g_sContext                                        
00004d24  g_sCrystalfontz128x128                            
00004b8c  g_sFontFixed6x8                                   
00000000  interruptVectors                                  
0000288f  main                                              
20002578  main_func_sp                                      
000030e3  malloc                                            
00003319  memalign                                          
000044a9  memcpy                                            
0000454d  memset                                            
00003055  minit                                             
20002550  pDataToScreenB                                    
200020f4  positionDown                                      
200020f8  positionUp                                        
0000320d  realloc                                           


GLOBAL SYMBOLS: SORTED BY Symbol Address 

address   name                                              
-------   ----                                              
00000000  __TI_static_base__                                
00000000  interruptVectors                                  
00000200  __STACK_SIZE                                      
0000024d  ADC14_enableModule                                
00000255  ADC14_disableModule                               
0000026b  ADC14_enableSampleTimer                           
00000295  ADC14_disableSampleTimer                          
000002ab  ADC14_initModule                                  
000002f1  ADC14_setResolution                               
0000030b  ADC14_getResolution                               
00000315  ADC14_setSampleHoldTrigger                        
00000357  ADC14_setSampleHoldTime                           
00000381  ADC14_configureMultiSequenceMode                  
00000400  __SYSMEM_SIZE                                     
00000417  ADC14_configureSingleSampleMode                   
0000046d  ADC14_enableConversion                            
0000048d  ADC14_toggleConversionTrigger                     
000004af  ADC14_disableConversion                           
000004bb  ADC14_isBusy                                      
000004d9  ADC14_configureConversionMemory                   
00000581  ADC14_enableComparatorWindow                      
00000611  ADC14_disableComparatorWindow                     
0000066f  ADC14_setComparatorWindowValue                    
000006f5  ADC14_setResultFormat                             
0000071f  ADC14_getResult                                   
00000739  ADC14_getMultiSequenceResult                      
000007a5  ADC14_getResultArray                              
00000819  ADC14_enableReferenceBurst                        
0000082f  ADC14_disableReferenceBurst                       
00000845  ADC14_setPowerMode                                
00000887  ADC14_enableInterrupt                             
000008b3  ADC14_disableInterrupt                            
000008df  ADC14_getInterruptStatus                          
00000909  ADC14_getEnabledInterruptStatus                   
00000939  ADC14_clearInterruptFlag                          
00000969  ADC14_registerInterrupt                           
0000097d  ADC14_unregisterInterrupt                         
000009f5  SPI_initMaster                                    
00000abb  SPI_selectFourPinFunctionality                    
00000ae1  SPI_changeMasterClock                             
00000b09  SPI_initSlave                                     
00000b87  SPI_changeClockPhasePolarity                      
00000bb7  SPI_transmitData                                  
00000bdd  SPI_receiveData                                   
00000bf9  SPI_enableModule                                  
00000c15  SPI_disableModule                                 
00000c31  SPI_getReceiveBufferAddressForDMA                 
00000c4d  SPI_getTransmitBufferAddressForDMA                
00000c79  SPI_isBusy                                        
00000c95  SPI_enableInterrupt                               
00000cbb  SPI_disableInterrupt                              
00000ce1  SPI_getInterruptStatus                            
00000d09  SPI_getEnabledInterruptStatus                     
00000d39  SPI_clearInterruptFlag                            
00000d5f  SPI_registerInterrupt                             
00000e1d  SPI_unregisterInterrupt                           
00000ec9  EUSCI_B_SPI_select4PinFunctionality               
00000ee9  EUSCI_B_SPI_masterChangeClock                     
00000f1b  EUSCI_B_SPI_slaveInit                             
00000f65  EUSCI_B_SPI_changeClockPhasePolarity              
00000fa7  EUSCI_B_SPI_transmitData                          
00000fbd  EUSCI_B_SPI_receiveData                           
00000fcd  EUSCI_B_SPI_enableInterrupt                       
00000fe7  EUSCI_B_SPI_disableInterrupt                      
00001001  EUSCI_B_SPI_getInterruptStatus                    
00001019  EUSCI_B_SPI_clearInterruptFlag                    
00001033  EUSCI_B_SPI_enable                                
00001049  EUSCI_B_SPI_disable                               
0000105f  EUSCI_B_SPI_getReceiveBufferAddressForDMA         
0000106d  EUSCI_B_SPI_getTransmitBufferAddressForDMA        
0000107b  EUSCI_B_SPI_isBusy                                
00001093  EUSCI_A_SPI_select4PinFunctionality               
000010b3  EUSCI_A_SPI_masterChangeClock                     
000010e9  EUSCI_A_SPI_slaveInit                             
00001133  EUSCI_A_SPI_changeClockPhasePolarity              
00001175  EUSCI_A_SPI_transmitData                          
0000118b  EUSCI_A_SPI_receiveData                           
0000119b  EUSCI_A_SPI_enableInterrupt                       
000011b5  EUSCI_A_SPI_disableInterrupt                      
000011cf  EUSCI_A_SPI_getInterruptStatus                    
000011e7  EUSCI_A_SPI_clearInterruptFlag                    
00001201  EUSCI_A_SPI_enable                                
00001217  EUSCI_A_SPI_disable                               
0000122d  EUSCI_A_SPI_getReceiveBufferAddressForDMA         
0000123b  EUSCI_A_SPI_getTransmitBufferAddressForDMA        
00001249  EUSCI_A_SPI_isBusy                                
00001269  Crystalfontz128x128_Init                          
0000137d  Crystalfontz128x128_SetDrawFrame                  
000014ab  Crystalfontz128x128_SetOrientation                
000018e1  _ZN9SchedulerC1Ev                                 
000018e1  _ZN9SchedulerC2Ev                                 
00001987  _ZN9Scheduler6attachEP4Task                       
000019fd  _ZN9Scheduler3runEv                               
00001a81  _ZN9Scheduler21CalculateNextScheduleEv            
00001b45  _ZN9Scheduler19ProcessMessageQueueEv              
00001c97  _ZN9Scheduler13attachMessageE3MSG                 
00001cf3  _ZN9Scheduler17clearMessageQueueEv                
00001e59  _ZN9Scheduler18clearNextSchedulerEv               
00001ea7  _ZN9Scheduler14processMessageE3MSG                
00001efb  _ZN9Scheduler22SortScheduleByPriorityEP4Task      
00001f15  Graphics_drawLineH                                
00001fb1  Graphics_drawLineV                                
00002231  Graphics_drawLine                                 
000023a5  GPIO_setAsOutputPin                               
000023df  GPIO_setAsInputPin                                
00002425  GPIO_setAsPeripheralModuleFunctionOutputPin       
000024a9  GPIO_setAsPeripheralModuleFunctionInputPin        
0000252d  GPIO_setOutputHighOnPin                           
0000254f  GPIO_setOutputLowOnPin                            
00002571  GPIO_toggleOutputOnPin                            
00002593  GPIO_setAsInputPinWithPullDownResistor            
000025e5  GPIO_setAsInputPinWithPullUpResistor              
00002637  GPIO_getInputPinValue                             
00002665  GPIO_enableInterrupt                              
00002687  GPIO_disableInterrupt                             
000026a9  GPIO_getInterruptStatus                           
000026c7  GPIO_clearInterruptFlag                           
000026e9  GPIO_interruptEdgeSelect                          
0000271f  GPIO_getEnabledInterruptStatus                    
0000279b  GPIO_setDriveStrengthHigh                         
000027bd  GPIO_setDriveStrengthLow                          
000027df  GPIO_registerInterrupt                            
000027ff  GPIO_unregisterInterrupt                          
0000288f  main                                              
0000292d  BUTTON_DOWN_ISR                                   
00002973  BUTTON_UP_ISR                                     
000029b9  T32_INT1_IRQHandler                               
000029b9  T32_INT1_IRQHandler                               
000029d7  ADC14_IRQHandler                                  
000029d7  ADC14_IRQHandler                                  
00002a3b  _Z8setupADCv                                      
00002ad9  _Z13setupButtonUpv                                
00002b07  _Z15setupButtonDownv                              
00002b41  _Z5Setupv                                         
00002bc5  __sti___8_main_cpp_05102ee7                       
00002c67  Interrupt_enableMaster                            
00002c77  Interrupt_disableMaster                           
00002c87  Interrupt_registerInterrupt                       
00002cd9  Interrupt_unregisterInterrupt                     
00002ced  Interrupt_setPriorityGrouping                     
00002d07  Interrupt_getPriorityGrouping                     
00002d3f  Interrupt_setPriority                             
00002d8f  Interrupt_getPriority                             
00002db5  Interrupt_enableInterrupt                         
00002e27  Interrupt_disableInterrupt                        
00002e99  Interrupt_isEnabled                               
00002f25  Interrupt_pendInterrupt                           
00002f95  Interrupt_unpendInterrupt                         
00002fe3  Interrupt_setPriorityMask                         
00002ff3  Interrupt_getPriorityMask                         
00002ffd  Interrupt_setVectorTableAddress                   
0000300d  Interrupt_getVectorTableAddress                   
00003013  Interrupt_enableSleepOnIsrExit                    
00003025  Interrupt_disableSleepOnIsrExit                   
00003055  minit                                             
000030e3  malloc                                            
0000314b  free                                              
0000320d  realloc                                           
00003319  memalign                                          
000033fd  calloc                                            
00003431  SystemCoreClockUpdate                             
000036a5  SystemInit                                        
000037a1  Graphics_drawRectangle                            
00003843  Graphics_fillRectangle                            
00003955  Graphics_isRectangleOverlap                       
000039a7  Graphics_getRectangleIntersection                 
00003a8d  Graphics_isPointWithinRectangle                   
00003adf  Graphics_initContext                              
00003b29  Graphics_setClipRegion                            
00003bf3  Graphics_setBackgroundColor                       
00003c0d  Graphics_setBackgroundColorTranslated             
00003c23  Graphics_setFont                                  
00003c3d  Graphics_getFontBaseline                          
00003c4b  Graphics_setForegroundColor                       
00003c61  Graphics_setForegroundColorTranslated             
00003c73  Graphics_getFontHeight                            
00003c81  Graphics_getFontMaxWidth                          
00003c8f  Graphics_getDisplayWidth                          
00003c9f  Graphics_getDisplayHeight                         
00003caf  Graphics_getHeightOfDisplay                       
00003cbd  Graphics_flushBuffer                              
00003ccb  Graphics_clearDisplay                             
00003cdd  Graphics_drawPixel                                
00003d37  Graphics_getWidthOfDisplay                        
00003d45  _ZN6ScreenC1Eib                                   
00003d45  _ZN6ScreenC2Eib                                   
00003dab  _ZN6Screen3runEv                                  
00003dd1  _ZN6Screen14ProcessMessageE3MSG                   
00003ebd  _ZN6Screen11printFigureE18Graphics_Rectangle      
00003ef1  _ZN6RacketC1EibiiiiiiPiS0_                        
00003ef1  _ZN6RacketC2EibiiiiiiPiS0_                        
00003fa7  _ZN6Racket3runEv                                  
00003fd3  _ZN6Racket14ProcessMessageE3MSG                   
00004055  _ZN6Racket12CheckLimitsYEv                        
00004095  Graphics_drawPixelOnDisplay                       
000040bf  Graphics_drawMultiplePixelsOnDisplay              
00004103  Graphics_drawHorizontalLineOnDisplay              
00004137  Graphics_drawVerticalLineOnDisplay                
0000416b  Graphics_fillRectangleOnDisplay                   
00004189  Graphics_translateColorOnDisplay                  
0000419f  Graphics_flushOnDisplay                           
000041b1  Graphics_clearDisplayOnDisplay                    
000041c9  _ZN9GamePieceC1Ev                                 
000041c9  _ZN9GamePieceC2Ev                                 
000041e3  _ZN9GamePiece7setPosXEi                           
000041f5  _ZN9GamePiece7getPosXEv                           
00004203  _ZN9GamePiece7setPosYEi                           
00004215  _ZN9GamePiece7getPosYEv                           
00004223  _ZN9GamePiece7setSizeEi                           
00004235  _ZN9GamePiece7getSizeEv                           
00004243  _ZN9GamePiece13setDirectionXEi                    
00004255  _ZN9GamePiece13getDirectionXEv                    
00004263  _ZN9GamePiece13setDirectionYEi                    
00004275  _ZN9GamePiece13getDirectionYEv                    
00004289  HAL_LCD_PortInit                                  
000042b9  HAL_LCD_SpiInit                                   
000042ef  HAL_LCD_writeCommand                              
00004317  HAL_LCD_writeData                                 
00004345  _ZSt21__gen_dummy_typeinfosv                      
0000434d  _ZNSt9type_infoD1Ev                               
0000434d  _ZNSt9type_infoD2Ev                               
0000434f  _ZNSt9type_infoD0Ev                               
00004357  _ZNKSt9type_info4nameEv                           
0000435b  _ZNKSt9type_infoneERKS_                           
00004371  _ZNKSt9type_infoeqERKS_                           
00004387  _ZNKSt9type_info6beforeERKS_                      
00004395  _ZN10__cxxabiv129__pointer_to_member_type_infoD1Ev
00004395  _ZN10__cxxabiv129__pointer_to_member_type_infoD2Ev
00004397  _ZN10__cxxabiv129__pointer_to_member_type_infoD0Ev
0000439f  _ZN10__cxxabiv123__fundamental_type_infoD1Ev      
0000439f  _ZN10__cxxabiv123__fundamental_type_infoD2Ev      
000043a1  _ZN10__cxxabiv123__fundamental_type_infoD0Ev      
000043a9  _ZN10__cxxabiv121__vmi_class_type_infoD1Ev        
000043a9  _ZN10__cxxabiv121__vmi_class_type_infoD2Ev        
000043ab  _ZN10__cxxabiv121__vmi_class_type_infoD0Ev        
000043b3  _ZN10__cxxabiv120__si_class_type_infoD1Ev         
000043b3  _ZN10__cxxabiv120__si_class_type_infoD2Ev         
000043b5  _ZN10__cxxabiv120__si_class_type_infoD0Ev         
000043bd  _ZN10__cxxabiv120__function_type_infoD1Ev         
000043bd  _ZN10__cxxabiv120__function_type_infoD2Ev         
000043bf  _ZN10__cxxabiv120__function_type_infoD0Ev         
000043c7  _ZN10__cxxabiv119__pointer_type_infoD1Ev          
000043c7  _ZN10__cxxabiv119__pointer_type_infoD2Ev          
000043c9  _ZN10__cxxabiv119__pointer_type_infoD0Ev          
000043d1  _ZN10__cxxabiv117__pbase_type_infoD1Ev            
000043d1  _ZN10__cxxabiv117__pbase_type_infoD2Ev            
000043d3  _ZN10__cxxabiv117__pbase_type_infoD0Ev            
000043db  _ZN10__cxxabiv117__class_type_infoD1Ev            
000043db  _ZN10__cxxabiv117__class_type_infoD2Ev            
000043dd  _ZN10__cxxabiv117__class_type_infoD0Ev            
000043e5  _ZN10__cxxabiv117__array_type_infoD1Ev            
000043e5  _ZN10__cxxabiv117__array_type_infoD2Ev            
000043e7  _ZN10__cxxabiv117__array_type_infoD0Ev            
000043ef  _ZN10__cxxabiv116__enum_type_infoD1Ev             
000043ef  _ZN10__cxxabiv116__enum_type_infoD2Ev             
000043f1  _ZN10__cxxabiv116__enum_type_infoD0Ev             
00004401  _ZN4TaskC1Ev                                      
00004401  _ZN4TaskC2Ev                                      
0000441f  _ZN4Task3runEv                                    
00004445  _ZN4Task19SetTaskCurrentCountEy                   
00004463  _ZN4Task17SetTaskFinalCountEy                     
00004481  _ZN4Task19GetTaskCurrentCountEv                   
00004491  _ZN4Task17GetTaskFinalCountEv                     
000044a9  __aeabi_memcpy                                    
000044a9  __aeabi_memcpy4                                   
000044a9  __aeabi_memcpy8                                   
000044a9  memcpy                                            
00004545  __aeabi_memclr                                    
00004545  __aeabi_memclr4                                   
00004545  __aeabi_memclr8                                   
00004547  __aeabi_memset                                    
00004547  __aeabi_memset4                                   
00004547  __aeabi_memset8                                   
0000454d  memset                                            
000045bf  __mpu_init                                        
000045c1  __TI_auto_init                                    
0000469b  _Z21__default_new_handlerv                        
0000469d  _c_int00                                          
000046f1  C$$EXIT                                           
000046f5  abort                                             
000046fd  exit                                              
00004745  copy_in                                           
00004791  CPU_cpsid                                         
0000479d  CPU_primask                                       
000047a7  CPU_cpsie                                         
000047b3  CPU_wfi                                           
000047b7  CPU_basepriSet                                    
000047c5  CPU_basepriGet                                    
000047cf  _system_post_cinit                                
000047d1  _Znwj                                             
00004801  _ZN4Task11SendMessageEv                           
0000482d  _args_main                                        
00004845  _register_unlock                                  
0000484b  _register_lock                                    
00004853  _nop                                              
00004859  __TI_decompress_none                              
00004867  Reset_Handler                                     
00004873  AES256_IRQHandler                                 
00004873  BusFault_Handler                                  
00004873  COMP_E0_IRQHandler                                
00004873  COMP_E1_IRQHandler                                
00004873  CS_IRQHandler                                     
00004873  DMA_ERR_IRQHandler                                
00004873  DMA_INT0_IRQHandler                               
00004873  DMA_INT1_IRQHandler                               
00004873  DMA_INT2_IRQHandler                               
00004873  DMA_INT3_IRQHandler                               
00004873  DebugMon_Handler                                  
00004873  Default_Handler                                   
00004873  EUSCIA0_IRQHandler                                
00004873  EUSCIA1_IRQHandler                                
00004873  EUSCIA2_IRQHandler                                
00004873  EUSCIA3_IRQHandler                                
00004873  EUSCIB0_IRQHandler                                
00004873  EUSCIB1_IRQHandler                                
00004873  EUSCIB2_IRQHandler                                
00004873  EUSCIB3_IRQHandler                                
00004873  FLCTL_IRQHandler                                  
00004873  FPU_IRQHandler                                    
00004873  HardFault_Handler                                 
00004873  MemManage_Handler                                 
00004873  NMI_Handler                                       
00004873  PCM_IRQHandler                                    
00004873  PORT1_IRQHandler                                  
00004873  PORT2_IRQHandler                                  
00004873  PORT3_IRQHandler                                  
00004873  PORT4_IRQHandler                                  
00004873  PORT5_IRQHandler                                  
00004873  PORT6_IRQHandler                                  
00004873  PSS_IRQHandler                                    
00004873  PendSV_Handler                                    
00004873  RTC_C_IRQHandler                                  
00004873  SVC_Handler                                       
00004873  SysTick_Handler                                   
00004873  T32_INT2_IRQHandler                               
00004873  T32_INTC_IRQHandler                               
00004873  TA0_0_IRQHandler                                  
00004873  TA0_N_IRQHandler                                  
00004873  TA1_0_IRQHandler                                  
00004873  TA1_N_IRQHandler                                  
00004873  TA2_0_IRQHandler                                  
00004873  TA2_N_IRQHandler                                  
00004873  TA3_0_IRQHandler                                  
00004873  TA3_N_IRQHandler                                  
00004873  UsageFault_Handler                                
00004873  WDT_A_IRQHandler                                  
00004875  _ZN4Task14ProcessMessageE3MSG                     
00004881  _ZdlPv                                            
00004889  __TI_decompress_rle24                             
0000488f  _system_pre_init                                  
00004b8c  g_sFontFixed6x8                                   
00004d24  g_sCrystalfontz128x128                            
00004d50  _ZTSN10__cxxabiv123__fundamental_type_infoE       
00004d78  _ZTSN10__cxxabiv120__si_class_type_infoE          
00004d9d  _ZTSN10__cxxabiv119__pointer_type_infoE           
00004dc1  _ZTSN10__cxxabiv117__class_type_infoE             
00004de3  _ZTSN10__cxxabiv117__pbase_type_infoE             
00004e05  _ZTSe                                             
00004e60  _ZTV6Screen                                       
00004f2c  _ZTV4Task                                         
00004f40  _ZTV6Racket                                       
00004f54  _ZTV9GamePiece                                    
00004f68  _ZTIPKe                                           
00004f78  _ZTVN10__cxxabiv117__class_type_infoE             
00004f88  _ZTVN10__cxxabiv119__pointer_type_infoE           
00004f98  _ZTVN10__cxxabiv120__si_class_type_infoE          
00004fa8  _ZTVN10__cxxabiv123__fundamental_type_infoE       
00004fb8  _ZTSSt9type_info                                  
00004fc8  _ZTI6Racket                                       
00004fd4  _ZTI6Screen                                       
00004fe0  _ZTI9GamePiece                                    
00004fec  _ZTIN10__cxxabiv117__class_type_infoE             
00004ff8  _ZTIN10__cxxabiv117__pbase_type_infoE             
00005004  _ZTIN10__cxxabiv119__pointer_type_infoE           
00005010  _ZTIN10__cxxabiv120__si_class_type_infoE          
0000501c  _ZTIN10__cxxabiv123__fundamental_type_infoE       
00005028  _ZTS9GamePiece                                    
0000504c  _ZTI4Task                                         
00005054  _ZTISt9type_info                                  
0000505c  _ZTIe                                             
00005064  _ZTS6Racket                                       
0000506c  _ZTS6Screen                                       
00005094  _ZTS4Task                                         
0000509a  _ZTSPKe                                           
000050a0  SHT$$INIT_ARRAY$$Base                             
000050a4  SHT$$INIT_ARRAY$$Limit                            
00005124  __TI_Handler_Table_Base                           
0000512c  __TI_CINIT_Base                                   
0000512c  __TI_Handler_Table_Limit                          
00005144  __TI_CINIT_Limit                                  
20000000  g_pfnRAMVectors                                   
200000e8  MainScheduler                                     
200020d8  g_sContext                                        
200020f4  positionDown                                      
200020f8  positionUp                                        
200020fc  aDataFromADC                                      
20002100  _ZSt16__dummy_typeinfo                            
20002104  Lcd_ScreenHeigth                                  
20002106  Lcd_ScreenWidth                                   
20002108  Lcd_TouchTrim                                     
2000210a  Lcd_FlagRead                                      
2000210b  Lcd_FontSolid                                     
2000210c  Lcd_Orientation                                   
2000210d  Lcd_PenSolid                                      
20002110  _sys_memory                                       
20002548  counterDown                                       
2000254c  counterUp                                         
20002550  pDataToScreenB                                    
20002554  __TI_cleanup_ptr                                  
20002558  __TI_dtors_ptr                                    
2000255c  __TI_enable_exit_profile_output                   
2000256c  _lock                                             
20002570  _unlock                                           
20002574  aDataFromButton                                   
20002578  main_func_sp                                      
2000257c  _new_handler                                      
20002580  SystemCoreClock                                   
2000fe00  __stack                                           
20010000  __STACK_END                                       
4000480c  WDTCTL_SYM                                        
ffffffff  __TI_pprof_out_hndl                               
ffffffff  __TI_prof_data_size                               
ffffffff  __TI_prof_data_start                              
ffffffff  __binit__                                         
ffffffff  __c_args__                                        
ffffffff  binit                                             

[426 symbols]
