******************************************************************************
                  TI ARM Linker Unix v15.12.3                  
******************************************************************************
>> Linked Thu Dec  8 01:57:20 2016

OUTPUT FILE NAME:   <finalProject.out>
ENTRY POINT SYMBOL: "_c_int00"  address: 00004989


MEMORY CONFIGURATION

         name            origin    length      used     unused   attr    fill
----------------------  --------  ---------  --------  --------  ----  --------
  MAIN                  00000000   00040000  00005482  0003ab7e  R  X
  INFO                  00200000   00004000  00000000  00004000  R  X
  SRAM_CODE             01000000   00010000  0000277e  0000d882  RW X
  SRAM_DATA             20000000   00010000  0000277e  0000d882  RW  


SEGMENT ALLOCATION MAP

run origin  load origin   length   init length attrs members
----------  ----------- ---------- ----------- ----- -------
00000000    00000000    00005484   00005484    r-x
  00000000    00000000    000000e4   000000e4    r-- .intvecs
  000000e4    000000e4    00004a9a   00004a9a    r-x .text
  00004b80    00004b80    00000864   00000864    r-- .const
  000053e4    000053e4    00000004   00000004    r-- .init_array
  000053e8    000053e8    0000009c   0000009c    r-- .cinit
20000000    20000000    00002584   00000000    rw-
  20000000    20000000    000000e4   00000000    rw- .vtable
  200000e8    200000e8    00002026   00000000    rw- .bss
  20002110    20002110    00000400   00000000    rw- .sysmem
  20002510    20002510    00000074   00000000    rw- .data
2000fe00    2000fe00    00000200   00000000    rw-
  2000fe00    2000fe00    00000200   00000000    rw- .stack


SECTION ALLOCATION MAP

 output                                  attributes/
section   page    origin      length       input sections
--------  ----  ----------  ----------   ----------------
.intvecs   0    00000000    000000e4     
                  00000000    000000e4     startup_msp432p401r_ccs.obj (.intvecs:retain)

.binit     0    00000000    00000000     

.text      0    000000e4    00004a9a     
                  000000e4    000008e0     adc14.obj (.text)
                  000009c4    000008a4     spi.obj (.text)
                  00001268    00000678     Crystalfontz128x128_ST7735.obj (.text)
                  000018e0    00000634     Scheduler.obj (.text)
                  00001f14    000004f0     main.obj (.text)
                  00002404    00000490     line.obj (.text)
                  00002894    00000480     gpio.obj (.text)
                  00002d14    000003f0     interrupt.obj (.text)
                  00003104    000003dc     rtsv7M4_T_le_v4SPD16_eabi.lib : memory.obj (.text)
                  000034e0    00000370     system_msp432p401r.obj (.text)
                  00003850    0000033e     rectangle.obj (.text)
                  00003b8e    00000002     rtsv7M4_T_le_v4SPD16_eabi.lib : mpu_init.obj (.text)
                  00003b90    0000026c     Screen.obj (.text)
                  00003dfc    00000266     context.obj (.text)
                  00004062    00000002     rtsv7M4_T_le_v4SPD16_eabi.lib : newhandler.obj (.text)
                  00004064    000001a8     Racket.obj (.text)
                  0000420c    00000174     Ball.obj (.text)
                  00004380    00000134     display.obj (.text)
                  000044b4    000000c0     GamePiece.obj (.text)
                  00004574    000000bc     HAL_MSP_EXP432P401R_Crystalfontz128x128_ST7735.obj (.text)
                  00004630    000000bc     rtsv7M4_T_le_v4SPD16_eabi.lib : typeinfo_.obj (.text)
                  000046ec    000000a8     Task.obj (.text)
                  00004794    0000009c     rtsv7M4_T_le_v4SPD16_eabi.lib : memcpy_t2.obj (.text)
                  00004830    0000007a                                   : memset_t2.obj (.text)
                  000048aa    00000002                                   : startup.obj (.text)
                  000048ac    00000070                                   : autoinit.obj (.text)
                  0000491c    0000006a                                   : copy_decompress_rle.obj (.text)
                  00004986    00000002     --HOLE-- [fill = 0]
                  00004988    00000054                                   : boot.obj (.text)
                  000049dc    00000054                                   : exit.obj (.text)
                  00004a30    0000004c                                   : cpy_tbl.obj (.text)
                  00004a7c    0000003e     cpu.obj (.text)
                  00004aba    00000002     --HOLE-- [fill = 0]
                  00004abc    00000030     rtsv7M4_T_le_v4SPD16_eabi.lib : new_.obj (.text)
                  00004aec    0000002c     Ball.obj (.text:_ZN4Task11SendMessageEv)
                  00004b18    00000018     rtsv7M4_T_le_v4SPD16_eabi.lib : args_main.obj (.text)
                  00004b30    00000014                                   : _lock.obj (.text)
                  00004b44    0000000e                                   : copy_decompress_none.obj (.text:decompress:none)
                  00004b52    0000000e     startup_msp432p401r_ccs.obj (.text)
                  00004b60    0000000c     GamePiece.obj (.text:_ZN4Task14ProcessMessageE3MSG)
                  00004b6c    00000008     rtsv7M4_T_le_v4SPD16_eabi.lib : delete.obj (.text)
                  00004b74    00000006                                   : copy_decompress_rle.obj (.text:decompress:rle24)
                  00004b7a    00000004                                   : pre_init.obj (.text)

.const     0    00004b80    00000864     
                  00004b80    000002f8     fontfixed6x8.obj (.const:.string:g_pucFontFixed6x8Data)
                  00004e78    000000c8     fontfixed6x8.obj (.const:g_sFontFixed6x8)
                  00004f40    00000080     adc14.obj (.const:_ctlRegs)
                  00004fc0    00000050     interrupt.obj (.const:g_pulRegs)
                  00005010    0000002c     Crystalfontz128x128_ST7735.obj (.const:g_sCrystalfontz128x128)
                  0000503c    00000028     rtsv7M4_T_le_v4SPD16_eabi.lib : typeinfo_.obj (.const:.typeinfo:_ZTSN10__cxxabiv123__fundamental_type_infoE)
                  00005064    00000025                                   : typeinfo_.obj (.const:.typeinfo:_ZTSN10__cxxabiv120__si_class_type_infoE)
                  00005089    00000024                                   : typeinfo_.obj (.const:.typeinfo:_ZTSN10__cxxabiv119__pointer_type_infoE)
                  000050ad    00000022                                   : typeinfo_.obj (.const:.typeinfo:_ZTSN10__cxxabiv117__class_type_infoE)
                  000050cf    00000022                                   : typeinfo_.obj (.const:.typeinfo:_ZTSN10__cxxabiv117__pbase_type_infoE)
                  000050f1    00000002                                   : typeinfo_.obj (.const:.typeinfo:_ZTSe)
                  000050f3    00000001     --HOLE-- [fill = 0]
                  000050f4    00000020     interrupt.obj (.const:g_pulPriority)
                  00005114    0000001c     HAL_MSP_EXP432P401R_Crystalfontz128x128_ST7735.obj (.const:$P$T0$1)
                  00005130    0000001c     gpio.obj (.const:GPIO_PORT_TO_INT)
                  0000514c    00000018     Screen.obj (.const:_ZTV6Screen)
                  00005164    00000014     Ball.obj (.const:$P$T40$1)
                  00005178    00000014     Scheduler.obj (.const:$P$T40$1)
                  0000518c    00000014     Scheduler.obj (.const:$P$T41$2)
                  000051a0    00000014     Task.obj (.const:$P$T41$2)
                  000051b4    00000014     Screen.obj (.const:$P$T43$2)
                  000051c8    00000014     main.obj (.const:$P$T46$7)
                  000051dc    00000014     main.obj (.const:$P$T47$8)
                  000051f0    00000014     main.obj (.const:$P$T48$9)
                  00005204    00000014     Ball.obj (.const:$P$T51$2)
                  00005218    00000014     Racket.obj (.const:$P$T51$2)
                  0000522c    00000014     Ball.obj (.const:_ZTV4Ball)
                  00005240    00000014     Task.obj (.const:_ZTV4Task)
                  00005254    00000014     Racket.obj (.const:_ZTV6Racket)
                  00005268    00000014     GamePiece.obj (.const:_ZTV9GamePiece)
                  0000527c    00000010     rtsv7M4_T_le_v4SPD16_eabi.lib : typeinfo_.obj (.const:.typeinfo:_ZTIPKe)
                  0000528c    00000010                                   : typeinfo_.obj (.const:_ZTVN10__cxxabiv117__class_type_infoE)
                  0000529c    00000010                                   : typeinfo_.obj (.const:_ZTVN10__cxxabiv119__pointer_type_infoE)
                  000052ac    00000010                                   : typeinfo_.obj (.const:_ZTVN10__cxxabiv120__si_class_type_infoE)
                  000052bc    00000010                                   : typeinfo_.obj (.const:_ZTVN10__cxxabiv123__fundamental_type_infoE)
                  000052cc    0000000d                                   : typeinfo_.obj (.const:.typeinfo:_ZTSSt9type_info)
                  000052d9    00000003     --HOLE-- [fill = 0]
                  000052dc    0000000c     Ball.obj (.const:.typeinfo:_ZTI4Ball)
                  000052e8    0000000c     Racket.obj (.const:.typeinfo:_ZTI6Racket)
                  000052f4    0000000c     Screen.obj (.const:.typeinfo:_ZTI6Screen)
                  00005300    0000000c     Ball.obj (.const:.typeinfo:_ZTI9GamePiece)
                  0000530c    0000000c     rtsv7M4_T_le_v4SPD16_eabi.lib : typeinfo_.obj (.const:.typeinfo:_ZTIN10__cxxabiv117__class_type_infoE)
                  00005318    0000000c                                   : typeinfo_.obj (.const:.typeinfo:_ZTIN10__cxxabiv117__pbase_type_infoE)
                  00005324    0000000c                                   : typeinfo_.obj (.const:.typeinfo:_ZTIN10__cxxabiv119__pointer_type_infoE)
                  00005330    0000000c                                   : typeinfo_.obj (.const:.typeinfo:_ZTIN10__cxxabiv120__si_class_type_infoE)
                  0000533c    0000000c                                   : typeinfo_.obj (.const:.typeinfo:_ZTIN10__cxxabiv123__fundamental_type_infoE)
                  00005348    0000000b     Ball.obj (.const:.typeinfo:_ZTS9GamePiece)
                  00005353    00000001     --HOLE-- [fill = 0]
                  00005354    00000008     Crystalfontz128x128_ST7735.obj (.const:$P$T0$1)
                  0000535c    00000008     main.obj (.const:$P$T40$1)
                  00005364    00000008     main.obj (.const:$P$T41$2)
                  0000536c    00000008     main.obj (.const:$P$T42$3)
                  00005374    00000008     main.obj (.const:$P$T43$4)
                  0000537c    00000008     main.obj (.const:$P$T44$5)
                  00005384    00000008     main.obj (.const:$P$T45$6)
                  0000538c    00000008     Task.obj (.const:.typeinfo:_ZTI4Task)
                  00005394    00000008     rtsv7M4_T_le_v4SPD16_eabi.lib : typeinfo_.obj (.const:.typeinfo:_ZTISt9type_info)
                  0000539c    00000008                                   : typeinfo_.obj (.const:.typeinfo:_ZTIe)
                  000053a4    00000008     Racket.obj (.const:.typeinfo:_ZTS6Racket)
                  000053ac    00000008     Screen.obj (.const:.typeinfo:_ZTS6Screen)
                  000053b4    00000008     interrupt.obj (.const:g_pulDisRegs)
                  000053bc    00000008     interrupt.obj (.const:g_pulEnRegs)
                  000053c4    00000008     interrupt.obj (.const:g_pulPendRegs)
                  000053cc    00000008     interrupt.obj (.const:g_pulUnpendRegs)
                  000053d4    00000006     Ball.obj (.const:.typeinfo:_ZTS4Ball)
                  000053da    00000006     Task.obj (.const:.typeinfo:_ZTS4Task)
                  000053e0    00000004     rtsv7M4_T_le_v4SPD16_eabi.lib : typeinfo_.obj (.const:.typeinfo:_ZTSPKe)

.cinit     0    000053e8    0000009c     
                  000053e8    00000059     (.cinit..data.load) [load image, compression = rle]
                  00005441    00000007     --HOLE-- [fill = 0]
                  00005448    0000000b     (.cinit..bss.load) [load image, compression = rle]
                  00005453    00000005     --HOLE-- [fill = 0]
                  00005458    00000009     (.cinit..vtable.load) [load image, compression = rle]
                  00005461    00000003     --HOLE-- [fill = 0]
                  00005464    00000008     (__TI_handler_table)
                  0000546c    00000018     (__TI_cinit_table)

.init_array 
*          0    000053e4    00000004     
                  000053e4    00000004     main.obj (.init_array)

.vtable    0    20000000    000000e4     UNINITIALIZED
                  20000000    000000e4     interrupt.obj (.vtable)

.bss       0    200000e8    00002026     UNINITIALIZED
                  200000e8    00001ff0     main.obj (.bss:MainScheduler)
                  200020d8    0000001c     (.common:g_sContext)
                  200020f4    0000000c     main.obj (.bss)
                  20002100    00000004     (.common:_ZSt16__dummy_typeinfo)
                  20002104    00000002     (.common:Lcd_ScreenHeigth)
                  20002106    00000002     (.common:Lcd_ScreenWidth)
                  20002108    00000002     (.common:Lcd_TouchTrim)
                  2000210a    00000001     (.common:Lcd_FlagRead)
                  2000210b    00000001     (.common:Lcd_FontSolid)
                  2000210c    00000001     (.common:Lcd_Orientation)
                  2000210d    00000001     (.common:Lcd_PenSolid)

.sysmem    0    20002110    00000400     UNINITIALIZED
                  20002110    00000008     rtsv7M4_T_le_v4SPD16_eabi.lib : memory.obj (.sysmem)
                  20002118    000003f8     --HOLE--

.data      0    20002510    00000074     UNINITIALIZED
                  20002510    00000030     gpio.obj (.data:GPIO_PORT_TO_BASE)
                  20002540    00000014     main.obj (.data)
                  20002554    0000000c     rtsv7M4_T_le_v4SPD16_eabi.lib : exit.obj (.data:$O1$$)
                  20002560    0000000c                                   : memory.obj (.data:$O1$$)
                  2000256c    00000008                                   : _lock.obj (.data:$O1$$)
                  20002574    00000004     main.obj (.data:aDataFromButton)
                  20002578    00000004     rtsv7M4_T_le_v4SPD16_eabi.lib : stkdepth_vars.obj (.data)
                  2000257c    00000004                                   : vars.obj (.data)
                  20002580    00000004     system_msp432p401r.obj (.data)

.stack     0    2000fe00    00000200     UNINITIALIZED
                  2000fe00    00000200     --HOLE--

MODULE SUMMARY

       Module                                               code    ro data   rw data
       ------                                               ----    -------   -------
    ./
       main.obj                                             1264    112       16424  
       Scheduler.obj                                        1588    40        0      
       system_msp432p401r.obj                               880     0         8      
       Screen.obj                                           620     64        56     
       Ball.obj                                             416     101       0      
       Racket.obj                                           424     60        0      
       startup_msp432p401r_ccs.obj                          14      228       0      
       GamePiece.obj                                        204     20        0      
       Task.obj                                             168     54        0      
    +--+----------------------------------------------------+-------+---------+---------+
       Total:                                               5578    679       16488  
                                                                                     
    ./GrLib/fonts/
       fontfixed6x8.obj                                     0       960       0      
    +--+----------------------------------------------------+-------+---------+---------+
       Total:                                               0       960       0      
                                                                                     
    ./GrLib/grlib/
       line.obj                                             1168    0         0      
       rectangle.obj                                        830     0         0      
       context.obj                                          614     0         0      
       display.obj                                          308     0         0      
    +--+----------------------------------------------------+-------+---------+---------+
       Total:                                               2920    0         0      
                                                                                     
    ./LcdDriver/
       Crystalfontz128x128_ST7735.obj                       1656    52        20     
       HAL_MSP_EXP432P401R_Crystalfontz128x128_ST7735.obj   188     28        0      
    +--+----------------------------------------------------+-------+---------+---------+
       Total:                                               1844    80        20     
                                                                                     
    ./driverlib/MSP432P4xx/
       adc14.obj                                            2272    128       0      
       spi.obj                                              2212    0         0      
       interrupt.obj                                        1008    144       456    
       gpio.obj                                             1152    28        96     
       cpu.obj                                              62      0         0      
    +--+----------------------------------------------------+-------+---------+---------+
       Total:                                               6706    300       552    
                                                                                     
    /opt/ti/ccsv6/tools/compiler/arm_15.12.3.LTS/lib/rtsv7M4_T_le_v4SPD16_eabi.lib
       memory.obj                                           988     0         24     
       typeinfo_.obj                                        188     356       8      
       memcpy_t2.obj                                        156     0         0      
       memset_t2.obj                                        122     0         0      
       autoinit.obj                                         112     0         0      
       copy_decompress_rle.obj                              112     0         0      
       exit.obj                                             84      0         24     
       boot.obj                                             84      0         0      
       cpy_tbl.obj                                          76      0         0      
       new_.obj                                             48      0         0      
       _lock.obj                                            20      0         16     
       args_main.obj                                        24      0         0      
       copy_decompress_none.obj                             14      0         0      
       delete.obj                                           8       0         0      
       stkdepth_vars.obj                                    0       0         8      
       vars.obj                                             0       0         8      
       pre_init.obj                                         4       0         0      
       mpu_init.obj                                         2       0         0      
       newhandler.obj                                       2       0         0      
       startup.obj                                          2       0         0      
    +--+----------------------------------------------------+-------+---------+---------+
       Total:                                               2046    356       88     
                                                                                     
       Heap:                                                0       0         2048   
       Stack:                                               0       0         1024   
       Linker Generated:                                    0       141       0      
    +--+----------------------------------------------------+-------+---------+---------+
       Grand Total:                                         19094   2516      20220  


LINKER GENERATED COPY TABLES

__TI_cinit_table @ 0000546c records: 3, size/record: 8, table size: 24
	.data: load addr=000053e8, load size=00000059 bytes, run addr=20002510, run size=00000074 bytes, compression=rle
	.bss: load addr=00005448, load size=0000000b bytes, run addr=200000e8, run size=00002026 bytes, compression=rle
	.vtable: load addr=00005458, load size=00000009 bytes, run addr=20000000, run size=000000e4 bytes, compression=rle


LINKER GENERATED HANDLER TABLE

__TI_handler_table @ 00005464 records: 2, size/record: 4, table size: 8
	index: 0, handler: __TI_decompress_rle24
	index: 1, handler: __TI_decompress_none


GLOBAL SYMBOLS: SORTED ALPHABETICALLY BY Name 

address   name                                              
-------   ----                                              
0000215f  ADC14_IRQHandler                                  
0000215f  ADC14_IRQHandler                                  
00000939  ADC14_clearInterruptFlag                          
000004d9  ADC14_configureConversionMemory                   
00000381  ADC14_configureMultiSequenceMode                  
00000417  ADC14_configureSingleSampleMode                   
00000611  ADC14_disableComparatorWindow                     
000004af  ADC14_disableConversion                           
000008b3  ADC14_disableInterrupt                            
00000255  ADC14_disableModule                               
0000082f  ADC14_disableReferenceBurst                       
00000295  ADC14_disableSampleTimer                          
00000581  ADC14_enableComparatorWindow                      
0000046d  ADC14_enableConversion                            
00000887  ADC14_enableInterrupt                             
0000024d  ADC14_enableModule                                
00000819  ADC14_enableReferenceBurst                        
0000026b  ADC14_enableSampleTimer                           
00000909  ADC14_getEnabledInterruptStatus                   
000008df  ADC14_getInterruptStatus                          
00000739  ADC14_getMultiSequenceResult                      
0000030b  ADC14_getResolution                               
0000071f  ADC14_getResult                                   
000007a5  ADC14_getResultArray                              
000002ab  ADC14_initModule                                  
000004bb  ADC14_isBusy                                      
00000969  ADC14_registerInterrupt                           
0000066f  ADC14_setComparatorWindowValue                    
00000845  ADC14_setPowerMode                                
000002f1  ADC14_setResolution                               
000006f5  ADC14_setResultFormat                             
00000357  ADC14_setSampleHoldTime                           
00000315  ADC14_setSampleHoldTrigger                        
0000048d  ADC14_toggleConversionTrigger                     
0000097d  ADC14_unregisterInterrupt                         
00004b5f  AES256_IRQHandler                                 
000020b5  BUTTON_DOWN_ISR                                   
000020fb  BUTTON_UP_ISR                                     
00004b5f  BusFault_Handler                                  
000049dd  C$$EXIT                                           
00004b5f  COMP_E0_IRQHandler                                
00004b5f  COMP_E1_IRQHandler                                
00004ab1  CPU_basepriGet                                    
00004aa3  CPU_basepriSet                                    
00004a7d  CPU_cpsid                                         
00004a93  CPU_cpsie                                         
00004a89  CPU_primask                                       
00004a9f  CPU_wfi                                           
00004b5f  CS_IRQHandler                                     
00001269  Crystalfontz128x128_Init                          
0000137d  Crystalfontz128x128_SetDrawFrame                  
000014ab  Crystalfontz128x128_SetOrientation                
00004b5f  DMA_ERR_IRQHandler                                
00004b5f  DMA_INT0_IRQHandler                               
00004b5f  DMA_INT1_IRQHandler                               
00004b5f  DMA_INT2_IRQHandler                               
00004b5f  DMA_INT3_IRQHandler                               
00004b5f  DebugMon_Handler                                  
00004b5f  Default_Handler                                   
00004b5f  EUSCIA0_IRQHandler                                
00004b5f  EUSCIA1_IRQHandler                                
00004b5f  EUSCIA2_IRQHandler                                
00004b5f  EUSCIA3_IRQHandler                                
00004b5f  EUSCIB0_IRQHandler                                
00004b5f  EUSCIB1_IRQHandler                                
00004b5f  EUSCIB2_IRQHandler                                
00004b5f  EUSCIB3_IRQHandler                                
00001133  EUSCI_A_SPI_changeClockPhasePolarity              
000011e7  EUSCI_A_SPI_clearInterruptFlag                    
00001217  EUSCI_A_SPI_disable                               
000011b5  EUSCI_A_SPI_disableInterrupt                      
00001201  EUSCI_A_SPI_enable                                
0000119b  EUSCI_A_SPI_enableInterrupt                       
000011cf  EUSCI_A_SPI_getInterruptStatus                    
0000122d  EUSCI_A_SPI_getReceiveBufferAddressForDMA         
0000123b  EUSCI_A_SPI_getTransmitBufferAddressForDMA        
00001249  EUSCI_A_SPI_isBusy                                
000010b3  EUSCI_A_SPI_masterChangeClock                     
0000118b  EUSCI_A_SPI_receiveData                           
00001093  EUSCI_A_SPI_select4PinFunctionality               
000010e9  EUSCI_A_SPI_slaveInit                             
00001175  EUSCI_A_SPI_transmitData                          
00000f65  EUSCI_B_SPI_changeClockPhasePolarity              
00001019  EUSCI_B_SPI_clearInterruptFlag                    
00001049  EUSCI_B_SPI_disable                               
00000fe7  EUSCI_B_SPI_disableInterrupt                      
00001033  EUSCI_B_SPI_enable                                
00000fcd  EUSCI_B_SPI_enableInterrupt                       
00001001  EUSCI_B_SPI_getInterruptStatus                    
0000105f  EUSCI_B_SPI_getReceiveBufferAddressForDMA         
0000106d  EUSCI_B_SPI_getTransmitBufferAddressForDMA        
0000107b  EUSCI_B_SPI_isBusy                                
00000ee9  EUSCI_B_SPI_masterChangeClock                     
00000fbd  EUSCI_B_SPI_receiveData                           
00000ec9  EUSCI_B_SPI_select4PinFunctionality               
00000f1b  EUSCI_B_SPI_slaveInit                             
00000fa7  EUSCI_B_SPI_transmitData                          
00004b5f  FLCTL_IRQHandler                                  
00004b5f  FPU_IRQHandler                                    
00002bb7  GPIO_clearInterruptFlag                           
00002b77  GPIO_disableInterrupt                             
00002b55  GPIO_enableInterrupt                              
00002c0f  GPIO_getEnabledInterruptStatus                    
00002b27  GPIO_getInputPinValue                             
00002b99  GPIO_getInterruptStatus                           
00002bd9  GPIO_interruptEdgeSelect                          
00002ccf  GPIO_registerInterrupt                            
000028cf  GPIO_setAsInputPin                                
00002a83  GPIO_setAsInputPinWithPullDownResistor            
00002ad5  GPIO_setAsInputPinWithPullUpResistor              
00002895  GPIO_setAsOutputPin                               
00002999  GPIO_setAsPeripheralModuleFunctionInputPin        
00002915  GPIO_setAsPeripheralModuleFunctionOutputPin       
00002c8b  GPIO_setDriveStrengthHigh                         
00002cad  GPIO_setDriveStrengthLow                          
00002a1d  GPIO_setOutputHighOnPin                           
00002a3f  GPIO_setOutputLowOnPin                            
00002a61  GPIO_toggleOutputOnPin                            
00002cef  GPIO_unregisterInterrupt                          
00003fe9  Graphics_clearDisplay                             
0000449d  Graphics_clearDisplayOnDisplay                    
000043ef  Graphics_drawHorizontalLineOnDisplay              
00002721  Graphics_drawLine                                 
00002405  Graphics_drawLineH                                
000024a1  Graphics_drawLineV                                
000043ab  Graphics_drawMultiplePixelsOnDisplay              
00003ffb  Graphics_drawPixel                                
00004381  Graphics_drawPixelOnDisplay                       
00003851  Graphics_drawRectangle                            
00004423  Graphics_drawVerticalLineOnDisplay                
000038f3  Graphics_fillRectangle                            
00004457  Graphics_fillRectangleOnDisplay                   
00003fdb  Graphics_flushBuffer                              
0000448b  Graphics_flushOnDisplay                           
00003fbd  Graphics_getDisplayHeight                         
00003fad  Graphics_getDisplayWidth                          
00003f5b  Graphics_getFontBaseline                          
00003f91  Graphics_getFontHeight                            
00003f9f  Graphics_getFontMaxWidth                          
00003fcd  Graphics_getHeightOfDisplay                       
00003a57  Graphics_getRectangleIntersection                 
00004055  Graphics_getWidthOfDisplay                        
00003dfd  Graphics_initContext                              
00003b3d  Graphics_isPointWithinRectangle                   
00003a05  Graphics_isRectangleOverlap                       
00003f11  Graphics_setBackgroundColor                       
00003f2b  Graphics_setBackgroundColorTranslated             
00003e47  Graphics_setClipRegion                            
00003f41  Graphics_setFont                                  
00003f69  Graphics_setForegroundColor                       
00003f7f  Graphics_setForegroundColorTranslated             
00004475  Graphics_translateColorOnDisplay                  
00004575  HAL_LCD_PortInit                                  
000045a5  HAL_LCD_SpiInit                                   
000045db  HAL_LCD_writeCommand                              
00004603  HAL_LCD_writeData                                 
00004b5f  HardFault_Handler                                 
00002ed7  Interrupt_disableInterrupt                        
00002d27  Interrupt_disableMaster                           
000030d5  Interrupt_disableSleepOnIsrExit                   
00002e65  Interrupt_enableInterrupt                         
00002d17  Interrupt_enableMaster                            
000030c3  Interrupt_enableSleepOnIsrExit                    
00002e3f  Interrupt_getPriority                             
00002db7  Interrupt_getPriorityGrouping                     
000030a3  Interrupt_getPriorityMask                         
000030bd  Interrupt_getVectorTableAddress                   
00002f49  Interrupt_isEnabled                               
00002fd5  Interrupt_pendInterrupt                           
00002d37  Interrupt_registerInterrupt                       
00002def  Interrupt_setPriority                             
00002d9d  Interrupt_setPriorityGrouping                     
00003093  Interrupt_setPriorityMask                         
000030ad  Interrupt_setVectorTableAddress                   
00003045  Interrupt_unpendInterrupt                         
00002d89  Interrupt_unregisterInterrupt                     
2000210a  Lcd_FlagRead                                      
2000210b  Lcd_FontSolid                                     
2000210c  Lcd_Orientation                                   
2000210d  Lcd_PenSolid                                      
20002104  Lcd_ScreenHeigth                                  
20002106  Lcd_ScreenWidth                                   
20002108  Lcd_TouchTrim                                     
200000e8  MainScheduler                                     
00004b5f  MemManage_Handler                                 
00004b5f  NMI_Handler                                       
00004b5f  PCM_IRQHandler                                    
00004b5f  PORT1_IRQHandler                                  
00004b5f  PORT2_IRQHandler                                  
00004b5f  PORT3_IRQHandler                                  
00004b5f  PORT4_IRQHandler                                  
00004b5f  PORT5_IRQHandler                                  
00004b5f  PORT6_IRQHandler                                  
00004b5f  PSS_IRQHandler                                    
00004b5f  PendSV_Handler                                    
00004b5f  RTC_C_IRQHandler                                  
00004b53  Reset_Handler                                     
000053e4  SHT$$INIT_ARRAY$$Base                             
000053e8  SHT$$INIT_ARRAY$$Limit                            
00000b87  SPI_changeClockPhasePolarity                      
00000ae1  SPI_changeMasterClock                             
00000d39  SPI_clearInterruptFlag                            
00000cbb  SPI_disableInterrupt                              
00000c15  SPI_disableModule                                 
00000c95  SPI_enableInterrupt                               
00000bf9  SPI_enableModule                                  
00000d09  SPI_getEnabledInterruptStatus                     
00000ce1  SPI_getInterruptStatus                            
00000c31  SPI_getReceiveBufferAddressForDMA                 
00000c4d  SPI_getTransmitBufferAddressForDMA                
000009f5  SPI_initMaster                                    
00000b09  SPI_initSlave                                     
00000c79  SPI_isBusy                                        
00000bdd  SPI_receiveData                                   
00000d5f  SPI_registerInterrupt                             
00000abb  SPI_selectFourPinFunctionality                    
00000bb7  SPI_transmitData                                  
00000e1d  SPI_unregisterInterrupt                           
00004b5f  SVC_Handler                                       
00004b5f  SysTick_Handler                                   
20002580  SystemCoreClock                                   
000034e1  SystemCoreClockUpdate                             
00003755  SystemInit                                        
00002141  T32_INT1_IRQHandler                               
00002141  T32_INT1_IRQHandler                               
00004b5f  T32_INT2_IRQHandler                               
00004b5f  T32_INTC_IRQHandler                               
00004b5f  TA0_0_IRQHandler                                  
00004b5f  TA0_N_IRQHandler                                  
00004b5f  TA1_0_IRQHandler                                  
00004b5f  TA1_N_IRQHandler                                  
00004b5f  TA2_0_IRQHandler                                  
00004b5f  TA2_N_IRQHandler                                  
00004b5f  TA3_0_IRQHandler                                  
00004b5f  TA3_N_IRQHandler                                  
00004b5f  UsageFault_Handler                                
4000480c  WDTCTL_SYM                                        
00004b5f  WDT_A_IRQHandler                                  
00002281  _Z13setupButtonUpv                                
000022b9  _Z15setupButtonDownv                              
00004063  _Z21__default_new_handlerv                        
000022e7  _Z5Setupv                                         
000021d5  _Z8setupADCv                                      
000046dd  _ZN10__cxxabiv116__enum_type_infoD0Ev             
000046db  _ZN10__cxxabiv116__enum_type_infoD1Ev             
000046db  _ZN10__cxxabiv116__enum_type_infoD2Ev             
000046d3  _ZN10__cxxabiv117__array_type_infoD0Ev            
000046d1  _ZN10__cxxabiv117__array_type_infoD1Ev            
000046d1  _ZN10__cxxabiv117__array_type_infoD2Ev            
000046c9  _ZN10__cxxabiv117__class_type_infoD0Ev            
000046c7  _ZN10__cxxabiv117__class_type_infoD1Ev            
000046c7  _ZN10__cxxabiv117__class_type_infoD2Ev            
000046bf  _ZN10__cxxabiv117__pbase_type_infoD0Ev            
000046bd  _ZN10__cxxabiv117__pbase_type_infoD1Ev            
000046bd  _ZN10__cxxabiv117__pbase_type_infoD2Ev            
000046b5  _ZN10__cxxabiv119__pointer_type_infoD0Ev          
000046b3  _ZN10__cxxabiv119__pointer_type_infoD1Ev          
000046b3  _ZN10__cxxabiv119__pointer_type_infoD2Ev          
000046ab  _ZN10__cxxabiv120__function_type_infoD0Ev         
000046a9  _ZN10__cxxabiv120__function_type_infoD1Ev         
000046a9  _ZN10__cxxabiv120__function_type_infoD2Ev         
000046a1  _ZN10__cxxabiv120__si_class_type_infoD0Ev         
0000469f  _ZN10__cxxabiv120__si_class_type_infoD1Ev         
0000469f  _ZN10__cxxabiv120__si_class_type_infoD2Ev         
00004697  _ZN10__cxxabiv121__vmi_class_type_infoD0Ev        
00004695  _ZN10__cxxabiv121__vmi_class_type_infoD1Ev        
00004695  _ZN10__cxxabiv121__vmi_class_type_infoD2Ev        
0000468d  _ZN10__cxxabiv123__fundamental_type_infoD0Ev      
0000468b  _ZN10__cxxabiv123__fundamental_type_infoD1Ev      
0000468b  _ZN10__cxxabiv123__fundamental_type_infoD2Ev      
00004683  _ZN10__cxxabiv129__pointer_to_member_type_infoD0Ev
00004681  _ZN10__cxxabiv129__pointer_to_member_type_infoD1Ev
00004681  _ZN10__cxxabiv129__pointer_to_member_type_infoD2Ev
00004361  _ZN4Ball14ProcessMessageE3MSG                     
000042c3  _ZN4Ball3runEv                                    
0000420d  _ZN4BallC1EibiiiiiiPiS0_                          
0000420d  _ZN4BallC2EibiiiiiiPiS0_                          
00004aed  _ZN4Task11SendMessageEv                           
00004b61  _ZN4Task14ProcessMessageE3MSG                     
0000477d  _ZN4Task17GetTaskFinalCountEv                     
0000474f  _ZN4Task17SetTaskFinalCountEy                     
0000476d  _ZN4Task19GetTaskCurrentCountEv                   
00004731  _ZN4Task19SetTaskCurrentCountEy                   
0000470b  _ZN4Task3runEv                                    
000046ed  _ZN4TaskC1Ev                                      
000046ed  _ZN4TaskC2Ev                                      
000041cf  _ZN6Racket12CheckLimitsYEv                        
0000414d  _ZN6Racket14ProcessMessageE3MSG                   
0000411b  _ZN6Racket3runEv                                  
00004065  _ZN6RacketC1EibiiiiiiPiS0_                        
00004065  _ZN6RacketC2EibiiiiiiPiS0_                        
00003dcb  _ZN6Screen11printFigureE18Graphics_Rectangle      
00003c17  _ZN6Screen14ProcessMessageE3MSG                   
00003bf1  _ZN6Screen3runEv                                  
00003b91  _ZN6ScreenC1Eib                                   
00003b91  _ZN6ScreenC2Eib                                   
00004541  _ZN9GamePiece13getDirectionXEv                    
00004561  _ZN9GamePiece13getDirectionYEv                    
0000452f  _ZN9GamePiece13setDirectionXEi                    
0000454f  _ZN9GamePiece13setDirectionYEi                    
000044e1  _ZN9GamePiece7getPosXEv                           
00004501  _ZN9GamePiece7getPosYEv                           
00004521  _ZN9GamePiece7getSizeEv                           
000044cf  _ZN9GamePiece7setPosXEi                           
000044ef  _ZN9GamePiece7setPosYEi                           
0000450f  _ZN9GamePiece7setSizeEi                           
000044b5  _ZN9GamePieceC1Ev                                 
000044b5  _ZN9GamePieceC2Ev                                 
00001c97  _ZN9Scheduler13attachMessageE3MSG                 
00001ea7  _ZN9Scheduler14processMessageE3MSG                
00001cf3  _ZN9Scheduler17clearMessageQueueEv                
00001e59  _ZN9Scheduler18clearNextSchedulerEv               
00001b45  _ZN9Scheduler19ProcessMessageQueueEv              
00001a81  _ZN9Scheduler21CalculateNextScheduleEv            
00001efb  _ZN9Scheduler22SortScheduleByPriorityEP4Task      
000019fd  _ZN9Scheduler3runEv                               
00001987  _ZN9Scheduler6attachEP4Task                       
000018e1  _ZN9SchedulerC1Ev                                 
000018e1  _ZN9SchedulerC2Ev                                 
00004643  _ZNKSt9type_info4nameEv                           
00004673  _ZNKSt9type_info6beforeERKS_                      
0000465d  _ZNKSt9type_infoeqERKS_                           
00004647  _ZNKSt9type_infoneERKS_                           
0000463b  _ZNSt9type_infoD0Ev                               
00004639  _ZNSt9type_infoD1Ev                               
00004639  _ZNSt9type_infoD2Ev                               
20002100  _ZSt16__dummy_typeinfo                            
00004631  _ZSt21__gen_dummy_typeinfosv                      
000052dc  _ZTI4Ball                                         
0000538c  _ZTI4Task                                         
000052e8  _ZTI6Racket                                       
000052f4  _ZTI6Screen                                       
00005300  _ZTI9GamePiece                                    
0000530c  _ZTIN10__cxxabiv117__class_type_infoE             
00005318  _ZTIN10__cxxabiv117__pbase_type_infoE             
00005324  _ZTIN10__cxxabiv119__pointer_type_infoE           
00005330  _ZTIN10__cxxabiv120__si_class_type_infoE          
0000533c  _ZTIN10__cxxabiv123__fundamental_type_infoE       
0000527c  _ZTIPKe                                           
00005394  _ZTISt9type_info                                  
0000539c  _ZTIe                                             
000053d4  _ZTS4Ball                                         
000053da  _ZTS4Task                                         
000053a4  _ZTS6Racket                                       
000053ac  _ZTS6Screen                                       
00005348  _ZTS9GamePiece                                    
000050ad  _ZTSN10__cxxabiv117__class_type_infoE             
000050cf  _ZTSN10__cxxabiv117__pbase_type_infoE             
00005089  _ZTSN10__cxxabiv119__pointer_type_infoE           
00005064  _ZTSN10__cxxabiv120__si_class_type_infoE          
0000503c  _ZTSN10__cxxabiv123__fundamental_type_infoE       
000053e0  _ZTSPKe                                           
000052cc  _ZTSSt9type_info                                  
000050f1  _ZTSe                                             
0000522c  _ZTV4Ball                                         
00005240  _ZTV4Task                                         
00005254  _ZTV6Racket                                       
0000514c  _ZTV6Screen                                       
00005268  _ZTV9GamePiece                                    
0000528c  _ZTVN10__cxxabiv117__class_type_infoE             
0000529c  _ZTVN10__cxxabiv119__pointer_type_infoE           
000052ac  _ZTVN10__cxxabiv120__si_class_type_infoE          
000052bc  _ZTVN10__cxxabiv123__fundamental_type_infoE       
00004b6d  _ZdlPv                                            
00004abd  _Znwj                                             
20010000  __STACK_END                                       
00000200  __STACK_SIZE                                      
00000400  __SYSMEM_SIZE                                     
0000546c  __TI_CINIT_Base                                   
00005484  __TI_CINIT_Limit                                  
00005464  __TI_Handler_Table_Base                           
0000546c  __TI_Handler_Table_Limit                          
000048ad  __TI_auto_init                                    
20002554  __TI_cleanup_ptr                                  
00004b45  __TI_decompress_none                              
00004b75  __TI_decompress_rle24                             
20002558  __TI_dtors_ptr                                    
2000255c  __TI_enable_exit_profile_output                   
ffffffff  __TI_pprof_out_hndl                               
ffffffff  __TI_prof_data_size                               
ffffffff  __TI_prof_data_start                              
00000000  __TI_static_base__                                
00004831  __aeabi_memclr                                    
00004831  __aeabi_memclr4                                   
00004831  __aeabi_memclr8                                   
00004795  __aeabi_memcpy                                    
00004795  __aeabi_memcpy4                                   
00004795  __aeabi_memcpy8                                   
00004833  __aeabi_memset                                    
00004833  __aeabi_memset4                                   
00004833  __aeabi_memset8                                   
ffffffff  __binit__                                         
ffffffff  __c_args__                                        
00003b8f  __mpu_init                                        
2000fe00  __stack                                           
00002365  __sti___8_main_cpp_05102ee7                       
00004b19  _args_main                                        
00004989  _c_int00                                          
2000256c  _lock                                             
2000257c  _new_handler                                      
00004b3f  _nop                                              
00004b37  _register_lock                                    
00004b31  _register_unlock                                  
20002110  _sys_memory                                       
000048ab  _system_post_cinit                                
00004b7b  _system_pre_init                                  
20002570  _unlock                                           
200020fc  aDataFromADC                                      
20002574  aDataFromButton                                   
000049e1  abort                                             
ffffffff  binit                                             
000034ad  calloc                                            
00004a31  copy_in                                           
20002548  counterDown                                       
2000254c  counterUp                                         
000049e9  exit                                              
000031fb  free                                              
20000000  g_pfnRAMVectors                                   
200020d8  g_sContext                                        
00005010  g_sCrystalfontz128x128                            
00004e78  g_sFontFixed6x8                                   
00000000  interruptVectors                                  
00001f7f  main                                              
20002578  main_func_sp                                      
00003193  malloc                                            
000033c9  memalign                                          
00004795  memcpy                                            
00004839  memset                                            
00003105  minit                                             
20002550  pDataToScreenB                                    
200020f4  positionDown                                      
200020f8  positionUp                                        
000032bd  realloc                                           


GLOBAL SYMBOLS: SORTED BY Symbol Address 

address   name                                              
-------   ----                                              
00000000  __TI_static_base__                                
00000000  interruptVectors                                  
00000200  __STACK_SIZE                                      
0000024d  ADC14_enableModule                                
00000255  ADC14_disableModule                               
0000026b  ADC14_enableSampleTimer                           
00000295  ADC14_disableSampleTimer                          
000002ab  ADC14_initModule                                  
000002f1  ADC14_setResolution                               
0000030b  ADC14_getResolution                               
00000315  ADC14_setSampleHoldTrigger                        
00000357  ADC14_setSampleHoldTime                           
00000381  ADC14_configureMultiSequenceMode                  
00000400  __SYSMEM_SIZE                                     
00000417  ADC14_configureSingleSampleMode                   
0000046d  ADC14_enableConversion                            
0000048d  ADC14_toggleConversionTrigger                     
000004af  ADC14_disableConversion                           
000004bb  ADC14_isBusy                                      
000004d9  ADC14_configureConversionMemory                   
00000581  ADC14_enableComparatorWindow                      
00000611  ADC14_disableComparatorWindow                     
0000066f  ADC14_setComparatorWindowValue                    
000006f5  ADC14_setResultFormat                             
0000071f  ADC14_getResult                                   
00000739  ADC14_getMultiSequenceResult                      
000007a5  ADC14_getResultArray                              
00000819  ADC14_enableReferenceBurst                        
0000082f  ADC14_disableReferenceBurst                       
00000845  ADC14_setPowerMode                                
00000887  ADC14_enableInterrupt                             
000008b3  ADC14_disableInterrupt                            
000008df  ADC14_getInterruptStatus                          
00000909  ADC14_getEnabledInterruptStatus                   
00000939  ADC14_clearInterruptFlag                          
00000969  ADC14_registerInterrupt                           
0000097d  ADC14_unregisterInterrupt                         
000009f5  SPI_initMaster                                    
00000abb  SPI_selectFourPinFunctionality                    
00000ae1  SPI_changeMasterClock                             
00000b09  SPI_initSlave                                     
00000b87  SPI_changeClockPhasePolarity                      
00000bb7  SPI_transmitData                                  
00000bdd  SPI_receiveData                                   
00000bf9  SPI_enableModule                                  
00000c15  SPI_disableModule                                 
00000c31  SPI_getReceiveBufferAddressForDMA                 
00000c4d  SPI_getTransmitBufferAddressForDMA                
00000c79  SPI_isBusy                                        
00000c95  SPI_enableInterrupt                               
00000cbb  SPI_disableInterrupt                              
00000ce1  SPI_getInterruptStatus                            
00000d09  SPI_getEnabledInterruptStatus                     
00000d39  SPI_clearInterruptFlag                            
00000d5f  SPI_registerInterrupt                             
00000e1d  SPI_unregisterInterrupt                           
00000ec9  EUSCI_B_SPI_select4PinFunctionality               
00000ee9  EUSCI_B_SPI_masterChangeClock                     
00000f1b  EUSCI_B_SPI_slaveInit                             
00000f65  EUSCI_B_SPI_changeClockPhasePolarity              
00000fa7  EUSCI_B_SPI_transmitData                          
00000fbd  EUSCI_B_SPI_receiveData                           
00000fcd  EUSCI_B_SPI_enableInterrupt                       
00000fe7  EUSCI_B_SPI_disableInterrupt                      
00001001  EUSCI_B_SPI_getInterruptStatus                    
00001019  EUSCI_B_SPI_clearInterruptFlag                    
00001033  EUSCI_B_SPI_enable                                
00001049  EUSCI_B_SPI_disable                               
0000105f  EUSCI_B_SPI_getReceiveBufferAddressForDMA         
0000106d  EUSCI_B_SPI_getTransmitBufferAddressForDMA        
0000107b  EUSCI_B_SPI_isBusy                                
00001093  EUSCI_A_SPI_select4PinFunctionality               
000010b3  EUSCI_A_SPI_masterChangeClock                     
000010e9  EUSCI_A_SPI_slaveInit                             
00001133  EUSCI_A_SPI_changeClockPhasePolarity              
00001175  EUSCI_A_SPI_transmitData                          
0000118b  EUSCI_A_SPI_receiveData                           
0000119b  EUSCI_A_SPI_enableInterrupt                       
000011b5  EUSCI_A_SPI_disableInterrupt                      
000011cf  EUSCI_A_SPI_getInterruptStatus                    
000011e7  EUSCI_A_SPI_clearInterruptFlag                    
00001201  EUSCI_A_SPI_enable                                
00001217  EUSCI_A_SPI_disable                               
0000122d  EUSCI_A_SPI_getReceiveBufferAddressForDMA         
0000123b  EUSCI_A_SPI_getTransmitBufferAddressForDMA        
00001249  EUSCI_A_SPI_isBusy                                
00001269  Crystalfontz128x128_Init                          
0000137d  Crystalfontz128x128_SetDrawFrame                  
000014ab  Crystalfontz128x128_SetOrientation                
000018e1  _ZN9SchedulerC1Ev                                 
000018e1  _ZN9SchedulerC2Ev                                 
00001987  _ZN9Scheduler6attachEP4Task                       
000019fd  _ZN9Scheduler3runEv                               
00001a81  _ZN9Scheduler21CalculateNextScheduleEv            
00001b45  _ZN9Scheduler19ProcessMessageQueueEv              
00001c97  _ZN9Scheduler13attachMessageE3MSG                 
00001cf3  _ZN9Scheduler17clearMessageQueueEv                
00001e59  _ZN9Scheduler18clearNextSchedulerEv               
00001ea7  _ZN9Scheduler14processMessageE3MSG                
00001efb  _ZN9Scheduler22SortScheduleByPriorityEP4Task      
00001f7f  main                                              
000020b5  BUTTON_DOWN_ISR                                   
000020fb  BUTTON_UP_ISR                                     
00002141  T32_INT1_IRQHandler                               
00002141  T32_INT1_IRQHandler                               
0000215f  ADC14_IRQHandler                                  
0000215f  ADC14_IRQHandler                                  
000021d5  _Z8setupADCv                                      
00002281  _Z13setupButtonUpv                                
000022b9  _Z15setupButtonDownv                              
000022e7  _Z5Setupv                                         
00002365  __sti___8_main_cpp_05102ee7                       
00002405  Graphics_drawLineH                                
000024a1  Graphics_drawLineV                                
00002721  Graphics_drawLine                                 
00002895  GPIO_setAsOutputPin                               
000028cf  GPIO_setAsInputPin                                
00002915  GPIO_setAsPeripheralModuleFunctionOutputPin       
00002999  GPIO_setAsPeripheralModuleFunctionInputPin        
00002a1d  GPIO_setOutputHighOnPin                           
00002a3f  GPIO_setOutputLowOnPin                            
00002a61  GPIO_toggleOutputOnPin                            
00002a83  GPIO_setAsInputPinWithPullDownResistor            
00002ad5  GPIO_setAsInputPinWithPullUpResistor              
00002b27  GPIO_getInputPinValue                             
00002b55  GPIO_enableInterrupt                              
00002b77  GPIO_disableInterrupt                             
00002b99  GPIO_getInterruptStatus                           
00002bb7  GPIO_clearInterruptFlag                           
00002bd9  GPIO_interruptEdgeSelect                          
00002c0f  GPIO_getEnabledInterruptStatus                    
00002c8b  GPIO_setDriveStrengthHigh                         
00002cad  GPIO_setDriveStrengthLow                          
00002ccf  GPIO_registerInterrupt                            
00002cef  GPIO_unregisterInterrupt                          
00002d17  Interrupt_enableMaster                            
00002d27  Interrupt_disableMaster                           
00002d37  Interrupt_registerInterrupt                       
00002d89  Interrupt_unregisterInterrupt                     
00002d9d  Interrupt_setPriorityGrouping                     
00002db7  Interrupt_getPriorityGrouping                     
00002def  Interrupt_setPriority                             
00002e3f  Interrupt_getPriority                             
00002e65  Interrupt_enableInterrupt                         
00002ed7  Interrupt_disableInterrupt                        
00002f49  Interrupt_isEnabled                               
00002fd5  Interrupt_pendInterrupt                           
00003045  Interrupt_unpendInterrupt                         
00003093  Interrupt_setPriorityMask                         
000030a3  Interrupt_getPriorityMask                         
000030ad  Interrupt_setVectorTableAddress                   
000030bd  Interrupt_getVectorTableAddress                   
000030c3  Interrupt_enableSleepOnIsrExit                    
000030d5  Interrupt_disableSleepOnIsrExit                   
00003105  minit                                             
00003193  malloc                                            
000031fb  free                                              
000032bd  realloc                                           
000033c9  memalign                                          
000034ad  calloc                                            
000034e1  SystemCoreClockUpdate                             
00003755  SystemInit                                        
00003851  Graphics_drawRectangle                            
000038f3  Graphics_fillRectangle                            
00003a05  Graphics_isRectangleOverlap                       
00003a57  Graphics_getRectangleIntersection                 
00003b3d  Graphics_isPointWithinRectangle                   
00003b8f  __mpu_init                                        
00003b91  _ZN6ScreenC1Eib                                   
00003b91  _ZN6ScreenC2Eib                                   
00003bf1  _ZN6Screen3runEv                                  
00003c17  _ZN6Screen14ProcessMessageE3MSG                   
00003dcb  _ZN6Screen11printFigureE18Graphics_Rectangle      
00003dfd  Graphics_initContext                              
00003e47  Graphics_setClipRegion                            
00003f11  Graphics_setBackgroundColor                       
00003f2b  Graphics_setBackgroundColorTranslated             
00003f41  Graphics_setFont                                  
00003f5b  Graphics_getFontBaseline                          
00003f69  Graphics_setForegroundColor                       
00003f7f  Graphics_setForegroundColorTranslated             
00003f91  Graphics_getFontHeight                            
00003f9f  Graphics_getFontMaxWidth                          
00003fad  Graphics_getDisplayWidth                          
00003fbd  Graphics_getDisplayHeight                         
00003fcd  Graphics_getHeightOfDisplay                       
00003fdb  Graphics_flushBuffer                              
00003fe9  Graphics_clearDisplay                             
00003ffb  Graphics_drawPixel                                
00004055  Graphics_getWidthOfDisplay                        
00004063  _Z21__default_new_handlerv                        
00004065  _ZN6RacketC1EibiiiiiiPiS0_                        
00004065  _ZN6RacketC2EibiiiiiiPiS0_                        
0000411b  _ZN6Racket3runEv                                  
0000414d  _ZN6Racket14ProcessMessageE3MSG                   
000041cf  _ZN6Racket12CheckLimitsYEv                        
0000420d  _ZN4BallC1EibiiiiiiPiS0_                          
0000420d  _ZN4BallC2EibiiiiiiPiS0_                          
000042c3  _ZN4Ball3runEv                                    
00004361  _ZN4Ball14ProcessMessageE3MSG                     
00004381  Graphics_drawPixelOnDisplay                       
000043ab  Graphics_drawMultiplePixelsOnDisplay              
000043ef  Graphics_drawHorizontalLineOnDisplay              
00004423  Graphics_drawVerticalLineOnDisplay                
00004457  Graphics_fillRectangleOnDisplay                   
00004475  Graphics_translateColorOnDisplay                  
0000448b  Graphics_flushOnDisplay                           
0000449d  Graphics_clearDisplayOnDisplay                    
000044b5  _ZN9GamePieceC1Ev                                 
000044b5  _ZN9GamePieceC2Ev                                 
000044cf  _ZN9GamePiece7setPosXEi                           
000044e1  _ZN9GamePiece7getPosXEv                           
000044ef  _ZN9GamePiece7setPosYEi                           
00004501  _ZN9GamePiece7getPosYEv                           
0000450f  _ZN9GamePiece7setSizeEi                           
00004521  _ZN9GamePiece7getSizeEv                           
0000452f  _ZN9GamePiece13setDirectionXEi                    
00004541  _ZN9GamePiece13getDirectionXEv                    
0000454f  _ZN9GamePiece13setDirectionYEi                    
00004561  _ZN9GamePiece13getDirectionYEv                    
00004575  HAL_LCD_PortInit                                  
000045a5  HAL_LCD_SpiInit                                   
000045db  HAL_LCD_writeCommand                              
00004603  HAL_LCD_writeData                                 
00004631  _ZSt21__gen_dummy_typeinfosv                      
00004639  _ZNSt9type_infoD1Ev                               
00004639  _ZNSt9type_infoD2Ev                               
0000463b  _ZNSt9type_infoD0Ev                               
00004643  _ZNKSt9type_info4nameEv                           
00004647  _ZNKSt9type_infoneERKS_                           
0000465d  _ZNKSt9type_infoeqERKS_                           
00004673  _ZNKSt9type_info6beforeERKS_                      
00004681  _ZN10__cxxabiv129__pointer_to_member_type_infoD1Ev
00004681  _ZN10__cxxabiv129__pointer_to_member_type_infoD2Ev
00004683  _ZN10__cxxabiv129__pointer_to_member_type_infoD0Ev
0000468b  _ZN10__cxxabiv123__fundamental_type_infoD1Ev      
0000468b  _ZN10__cxxabiv123__fundamental_type_infoD2Ev      
0000468d  _ZN10__cxxabiv123__fundamental_type_infoD0Ev      
00004695  _ZN10__cxxabiv121__vmi_class_type_infoD1Ev        
00004695  _ZN10__cxxabiv121__vmi_class_type_infoD2Ev        
00004697  _ZN10__cxxabiv121__vmi_class_type_infoD0Ev        
0000469f  _ZN10__cxxabiv120__si_class_type_infoD1Ev         
0000469f  _ZN10__cxxabiv120__si_class_type_infoD2Ev         
000046a1  _ZN10__cxxabiv120__si_class_type_infoD0Ev         
000046a9  _ZN10__cxxabiv120__function_type_infoD1Ev         
000046a9  _ZN10__cxxabiv120__function_type_infoD2Ev         
000046ab  _ZN10__cxxabiv120__function_type_infoD0Ev         
000046b3  _ZN10__cxxabiv119__pointer_type_infoD1Ev          
000046b3  _ZN10__cxxabiv119__pointer_type_infoD2Ev          
000046b5  _ZN10__cxxabiv119__pointer_type_infoD0Ev          
000046bd  _ZN10__cxxabiv117__pbase_type_infoD1Ev            
000046bd  _ZN10__cxxabiv117__pbase_type_infoD2Ev            
000046bf  _ZN10__cxxabiv117__pbase_type_infoD0Ev            
000046c7  _ZN10__cxxabiv117__class_type_infoD1Ev            
000046c7  _ZN10__cxxabiv117__class_type_infoD2Ev            
000046c9  _ZN10__cxxabiv117__class_type_infoD0Ev            
000046d1  _ZN10__cxxabiv117__array_type_infoD1Ev            
000046d1  _ZN10__cxxabiv117__array_type_infoD2Ev            
000046d3  _ZN10__cxxabiv117__array_type_infoD0Ev            
000046db  _ZN10__cxxabiv116__enum_type_infoD1Ev             
000046db  _ZN10__cxxabiv116__enum_type_infoD2Ev             
000046dd  _ZN10__cxxabiv116__enum_type_infoD0Ev             
000046ed  _ZN4TaskC1Ev                                      
000046ed  _ZN4TaskC2Ev                                      
0000470b  _ZN4Task3runEv                                    
00004731  _ZN4Task19SetTaskCurrentCountEy                   
0000474f  _ZN4Task17SetTaskFinalCountEy                     
0000476d  _ZN4Task19GetTaskCurrentCountEv                   
0000477d  _ZN4Task17GetTaskFinalCountEv                     
00004795  __aeabi_memcpy                                    
00004795  __aeabi_memcpy4                                   
00004795  __aeabi_memcpy8                                   
00004795  memcpy                                            
00004831  __aeabi_memclr                                    
00004831  __aeabi_memclr4                                   
00004831  __aeabi_memclr8                                   
00004833  __aeabi_memset                                    
00004833  __aeabi_memset4                                   
00004833  __aeabi_memset8                                   
00004839  memset                                            
000048ab  _system_post_cinit                                
000048ad  __TI_auto_init                                    
00004989  _c_int00                                          
000049dd  C$$EXIT                                           
000049e1  abort                                             
000049e9  exit                                              
00004a31  copy_in                                           
00004a7d  CPU_cpsid                                         
00004a89  CPU_primask                                       
00004a93  CPU_cpsie                                         
00004a9f  CPU_wfi                                           
00004aa3  CPU_basepriSet                                    
00004ab1  CPU_basepriGet                                    
00004abd  _Znwj                                             
00004aed  _ZN4Task11SendMessageEv                           
00004b19  _args_main                                        
00004b31  _register_unlock                                  
00004b37  _register_lock                                    
00004b3f  _nop                                              
00004b45  __TI_decompress_none                              
00004b53  Reset_Handler                                     
00004b5f  AES256_IRQHandler                                 
00004b5f  BusFault_Handler                                  
00004b5f  COMP_E0_IRQHandler                                
00004b5f  COMP_E1_IRQHandler                                
00004b5f  CS_IRQHandler                                     
00004b5f  DMA_ERR_IRQHandler                                
00004b5f  DMA_INT0_IRQHandler                               
00004b5f  DMA_INT1_IRQHandler                               
00004b5f  DMA_INT2_IRQHandler                               
00004b5f  DMA_INT3_IRQHandler                               
00004b5f  DebugMon_Handler                                  
00004b5f  Default_Handler                                   
00004b5f  EUSCIA0_IRQHandler                                
00004b5f  EUSCIA1_IRQHandler                                
00004b5f  EUSCIA2_IRQHandler                                
00004b5f  EUSCIA3_IRQHandler                                
00004b5f  EUSCIB0_IRQHandler                                
00004b5f  EUSCIB1_IRQHandler                                
00004b5f  EUSCIB2_IRQHandler                                
00004b5f  EUSCIB3_IRQHandler                                
00004b5f  FLCTL_IRQHandler                                  
00004b5f  FPU_IRQHandler                                    
00004b5f  HardFault_Handler                                 
00004b5f  MemManage_Handler                                 
00004b5f  NMI_Handler                                       
00004b5f  PCM_IRQHandler                                    
00004b5f  PORT1_IRQHandler                                  
00004b5f  PORT2_IRQHandler                                  
00004b5f  PORT3_IRQHandler                                  
00004b5f  PORT4_IRQHandler                                  
00004b5f  PORT5_IRQHandler                                  
00004b5f  PORT6_IRQHandler                                  
00004b5f  PSS_IRQHandler                                    
00004b5f  PendSV_Handler                                    
00004b5f  RTC_C_IRQHandler                                  
00004b5f  SVC_Handler                                       
00004b5f  SysTick_Handler                                   
00004b5f  T32_INT2_IRQHandler                               
00004b5f  T32_INTC_IRQHandler                               
00004b5f  TA0_0_IRQHandler                                  
00004b5f  TA0_N_IRQHandler                                  
00004b5f  TA1_0_IRQHandler                                  
00004b5f  TA1_N_IRQHandler                                  
00004b5f  TA2_0_IRQHandler                                  
00004b5f  TA2_N_IRQHandler                                  
00004b5f  TA3_0_IRQHandler                                  
00004b5f  TA3_N_IRQHandler                                  
00004b5f  UsageFault_Handler                                
00004b5f  WDT_A_IRQHandler                                  
00004b61  _ZN4Task14ProcessMessageE3MSG                     
00004b6d  _ZdlPv                                            
00004b75  __TI_decompress_rle24                             
00004b7b  _system_pre_init                                  
00004e78  g_sFontFixed6x8                                   
00005010  g_sCrystalfontz128x128                            
0000503c  _ZTSN10__cxxabiv123__fundamental_type_infoE       
00005064  _ZTSN10__cxxabiv120__si_class_type_infoE          
00005089  _ZTSN10__cxxabiv119__pointer_type_infoE           
000050ad  _ZTSN10__cxxabiv117__class_type_infoE             
000050cf  _ZTSN10__cxxabiv117__pbase_type_infoE             
000050f1  _ZTSe                                             
0000514c  _ZTV6Screen                                       
0000522c  _ZTV4Ball                                         
00005240  _ZTV4Task                                         
00005254  _ZTV6Racket                                       
00005268  _ZTV9GamePiece                                    
0000527c  _ZTIPKe                                           
0000528c  _ZTVN10__cxxabiv117__class_type_infoE             
0000529c  _ZTVN10__cxxabiv119__pointer_type_infoE           
000052ac  _ZTVN10__cxxabiv120__si_class_type_infoE          
000052bc  _ZTVN10__cxxabiv123__fundamental_type_infoE       
000052cc  _ZTSSt9type_info                                  
000052dc  _ZTI4Ball                                         
000052e8  _ZTI6Racket                                       
000052f4  _ZTI6Screen                                       
00005300  _ZTI9GamePiece                                    
0000530c  _ZTIN10__cxxabiv117__class_type_infoE             
00005318  _ZTIN10__cxxabiv117__pbase_type_infoE             
00005324  _ZTIN10__cxxabiv119__pointer_type_infoE           
00005330  _ZTIN10__cxxabiv120__si_class_type_infoE          
0000533c  _ZTIN10__cxxabiv123__fundamental_type_infoE       
00005348  _ZTS9GamePiece                                    
0000538c  _ZTI4Task                                         
00005394  _ZTISt9type_info                                  
0000539c  _ZTIe                                             
000053a4  _ZTS6Racket                                       
000053ac  _ZTS6Screen                                       
000053d4  _ZTS4Ball                                         
000053da  _ZTS4Task                                         
000053e0  _ZTSPKe                                           
000053e4  SHT$$INIT_ARRAY$$Base                             
000053e8  SHT$$INIT_ARRAY$$Limit                            
00005464  __TI_Handler_Table_Base                           
0000546c  __TI_CINIT_Base                                   
0000546c  __TI_Handler_Table_Limit                          
00005484  __TI_CINIT_Limit                                  
20000000  g_pfnRAMVectors                                   
200000e8  MainScheduler                                     
200020d8  g_sContext                                        
200020f4  positionDown                                      
200020f8  positionUp                                        
200020fc  aDataFromADC                                      
20002100  _ZSt16__dummy_typeinfo                            
20002104  Lcd_ScreenHeigth                                  
20002106  Lcd_ScreenWidth                                   
20002108  Lcd_TouchTrim                                     
2000210a  Lcd_FlagRead                                      
2000210b  Lcd_FontSolid                                     
2000210c  Lcd_Orientation                                   
2000210d  Lcd_PenSolid                                      
20002110  _sys_memory                                       
20002548  counterDown                                       
2000254c  counterUp                                         
20002550  pDataToScreenB                                    
20002554  __TI_cleanup_ptr                                  
20002558  __TI_dtors_ptr                                    
2000255c  __TI_enable_exit_profile_output                   
2000256c  _lock                                             
20002570  _unlock                                           
20002574  aDataFromButton                                   
20002578  main_func_sp                                      
2000257c  _new_handler                                      
20002580  SystemCoreClock                                   
2000fe00  __stack                                           
20010000  __STACK_END                                       
4000480c  WDTCTL_SYM                                        
ffffffff  __TI_pprof_out_hndl                               
ffffffff  __TI_prof_data_size                               
ffffffff  __TI_prof_data_start                              
ffffffff  __binit__                                         
ffffffff  __c_args__                                        
ffffffff  binit                                             

[433 symbols]
