******************************************************************************
                  TI ARM Linker Unix v15.12.3                  
******************************************************************************
>> Linked Thu Dec  1 01:30:39 2016

OUTPUT FILE NAME:   <finalProject.out>
ENTRY POINT SYMBOL: "_c_int00"  address: 0000441d


MEMORY CONFIGURATION

         name            origin    length      used     unused   attr    fill
----------------------  --------  ---------  --------  --------  ----  --------
  MAIN                  00000000   00040000  00004f0b  0003b0f5  R  X
  INFO                  00200000   00004000  00000000  00004000  R  X
  SRAM_CODE             01000000   00010000  0000278a  0000d876  RW X
  SRAM_DATA             20000000   00010000  0000278a  0000d876  RW  


SEGMENT ALLOCATION MAP

run origin  load origin   length   init length attrs members
----------  ----------- ---------- ----------- ----- -------
00000000    00000000    00004f14   00004f14    r-x
  00000000    00000000    000000e4   000000e4    r-- .intvecs
  000000e4    000000e4    000045ba   000045ba    r-x .text
  000046a0    000046a0    000007bd   000007bd    r-- .const
  00004e60    00004e60    00000004   00000004    r-- .init_array
  00004e68    00004e68    000000ac   000000ac    r-- .cinit
20000000    20000000    00002590   00000000    rw-
  20000000    20000000    000000e4   00000000    rw- .vtable
  200000e8    200000e8    00002026   00000000    rw- .bss
  20002110    20002110    00000400   00000000    rw- .sysmem
  20002510    20002510    00000080   00000000    rw- .data
2000fe00    2000fe00    00000200   00000000    rw-
  2000fe00    2000fe00    00000200   00000000    rw- .stack


SECTION ALLOCATION MAP

 output                                  attributes/
section   page    origin      length       input sections
--------  ----  ----------  ----------   ----------------
.intvecs   0    00000000    000000e4     
                  00000000    000000e4     startup_msp432p401r_ccs.obj (.intvecs:retain)

.binit     0    00000000    00000000     

.text      0    000000e4    000045ba     
                  000000e4    000008e0     adc14.obj (.text)
                  000009c4    000008a4     spi.obj (.text)
                  00001268    00000678     Crystalfontz128x128_ST7735.obj (.text)
                  000018e0    000005c8     Scheduler.obj (.text)
                  00001ea8    00000490     line.obj (.text)
                  00002338    00000480     gpio.obj (.text)
                  000027b8    000003f0     interrupt.obj (.text)
                  00002ba8    000003dc     rtsv7M4_T_le_v4SPD16_eabi.lib : memory.obj (.text)
                  00002f84    000003d4     main.obj (.text)
                  00003358    00000370     system_msp432p401r.obj (.text)
                  000036c8    00000298     Screen.obj (.text)
                  00003960    00000266     context.obj (.text)
                  00003bc6    00000136     rtsv7M4_T_le_v4SPD16_eabi.lib : fd_div_t2.obj (.text)
                  00003cfc    00000134     display.obj (.text)
                  00003e30    00000130     Servo.obj (.text)
                  00003f60    000000d0     Button.obj (.text)
                  00004030    000000bc     HAL_MSP_EXP432P401R_Crystalfontz128x128_ST7735.obj (.text)
                  000040ec    000000bc     rtsv7M4_T_le_v4SPD16_eabi.lib : typeinfo_.obj (.text)
                  000041a8    0000009c                                   : memcpy_t2.obj (.text)
                  00004244    00000080     Task.obj (.text)
                  000042c4    0000007a     rtsv7M4_T_le_v4SPD16_eabi.lib : memset_t2.obj (.text)
                  0000433e    00000002                                   : mpu_init.obj (.text)
                  00004340    00000070                                   : autoinit.obj (.text)
                  000043b0    0000006a                                   : copy_decompress_rle.obj (.text)
                  0000441a    00000002                                   : newhandler.obj (.text)
                  0000441c    00000054                                   : boot.obj (.text)
                  00004470    00000054                                   : exit.obj (.text)
                  000044c4    0000004c                                   : cpy_tbl.obj (.text)
                  00004510    00000048                                   : fd_toi_t2.obj (.text)
                  00004558    0000003e     cpu.obj (.text)
                  00004596    00000038     rtsv7M4_T_le_v4SPD16_eabi.lib : fs_tod_t2.obj (.text)
                  000045ce    00000002                                   : startup.obj (.text)
                  000045d0    00000030                                   : new_.obj (.text)
                  00004600    0000002c     Ball.obj (.text:_ZN4Task11SendMessageEv)
                  0000462c    00000018     rtsv7M4_T_le_v4SPD16_eabi.lib : args_main.obj (.text)
                  00004644    00000014                                   : _lock.obj (.text)
                  00004658    0000000e                                   : copy_decompress_none.obj (.text:decompress:none)
                  00004666    0000000e     startup_msp432p401r_ccs.obj (.text)
                  00004674    0000000c     LED.obj (.text:_ZN4Task14ProcessMessageE3MSG)
                  00004680    0000000c     Task.obj (.text:_ZN4Task3runEv)
                  0000468c    00000008     rtsv7M4_T_le_v4SPD16_eabi.lib : delete.obj (.text)
                  00004694    00000006                                   : copy_decompress_rle.obj (.text:decompress:rle24)
                  0000469a    00000004                                   : pre_init.obj (.text)

.const     0    000046a0    000007bd     
                  000046a0    000002f8     fontfixed6x8.obj (.const:.string:g_pucFontFixed6x8Data)
                  00004998    000000c8     fontfixed6x8.obj (.const:g_sFontFixed6x8)
                  00004a60    00000080     adc14.obj (.const:_ctlRegs)
                  00004ae0    00000050     interrupt.obj (.const:g_pulRegs)
                  00004b30    0000002c     Crystalfontz128x128_ST7735.obj (.const:g_sCrystalfontz128x128)
                  00004b5c    00000028     rtsv7M4_T_le_v4SPD16_eabi.lib : typeinfo_.obj (.const:.typeinfo:_ZTSN10__cxxabiv123__fundamental_type_infoE)
                  00004b84    00000025                                   : typeinfo_.obj (.const:.typeinfo:_ZTSN10__cxxabiv120__si_class_type_infoE)
                  00004ba9    00000024                                   : typeinfo_.obj (.const:.typeinfo:_ZTSN10__cxxabiv119__pointer_type_infoE)
                  00004bcd    00000022                                   : typeinfo_.obj (.const:.typeinfo:_ZTSN10__cxxabiv117__class_type_infoE)
                  00004bef    00000022                                   : typeinfo_.obj (.const:.typeinfo:_ZTSN10__cxxabiv117__pbase_type_infoE)
                  00004c11    00000002                                   : typeinfo_.obj (.const:.typeinfo:_ZTSe)
                  00004c13    00000001     --HOLE-- [fill = 0]
                  00004c14    00000020     interrupt.obj (.const:g_pulPriority)
                  00004c34    0000001c     HAL_MSP_EXP432P401R_Crystalfontz128x128_ST7735.obj (.const:$P$T0$1)
                  00004c50    0000001c     gpio.obj (.const:GPIO_PORT_TO_INT)
                  00004c6c    0000001c     Screen.obj (.const:_ZTV6Screen)
                  00004c88    00000014     Ball.obj (.const:$P$T40$1)
                  00004c9c    00000014     Scheduler.obj (.const:$P$T40$1)
                  00004cb0    00000014     main.obj (.const:$P$T40$1)
                  00004cc4    00000014     Scheduler.obj (.const:$P$T41$2)
                  00004cd8    00000014     main.obj (.const:$P$T41$2)
                  00004cec    00000014     Button.obj (.const:$P$T45$1)
                  00004d00    00000014     Task.obj (.const:_ZTV4Task)
                  00004d14    00000014     Servo.obj (.const:_ZTV5Servo)
                  00004d28    00000014     Button.obj (.const:_ZTV6Button)
                  00004d3c    00000010     rtsv7M4_T_le_v4SPD16_eabi.lib : typeinfo_.obj (.const:.typeinfo:_ZTIPKe)
                  00004d4c    00000010                                   : typeinfo_.obj (.const:_ZTVN10__cxxabiv117__class_type_infoE)
                  00004d5c    00000010                                   : typeinfo_.obj (.const:_ZTVN10__cxxabiv119__pointer_type_infoE)
                  00004d6c    00000010                                   : typeinfo_.obj (.const:_ZTVN10__cxxabiv120__si_class_type_infoE)
                  00004d7c    00000010                                   : typeinfo_.obj (.const:_ZTVN10__cxxabiv123__fundamental_type_infoE)
                  00004d8c    0000000d                                   : typeinfo_.obj (.const:.typeinfo:_ZTSSt9type_info)
                  00004d99    00000003     --HOLE-- [fill = 0]
                  00004d9c    0000000c     Servo.obj (.const:.typeinfo:_ZTI5Servo)
                  00004da8    0000000c     Button.obj (.const:.typeinfo:_ZTI6Button)
                  00004db4    0000000c     Screen.obj (.const:.typeinfo:_ZTI6Screen)
                  00004dc0    0000000c     rtsv7M4_T_le_v4SPD16_eabi.lib : typeinfo_.obj (.const:.typeinfo:_ZTIN10__cxxabiv117__class_type_infoE)
                  00004dcc    0000000c                                   : typeinfo_.obj (.const:.typeinfo:_ZTIN10__cxxabiv117__pbase_type_infoE)
                  00004dd8    0000000c                                   : typeinfo_.obj (.const:.typeinfo:_ZTIN10__cxxabiv119__pointer_type_infoE)
                  00004de4    0000000c                                   : typeinfo_.obj (.const:.typeinfo:_ZTIN10__cxxabiv120__si_class_type_infoE)
                  00004df0    0000000c                                   : typeinfo_.obj (.const:.typeinfo:_ZTIN10__cxxabiv123__fundamental_type_infoE)
                  00004dfc    00000008     Crystalfontz128x128_ST7735.obj (.const:$P$T0$1)
                  00004e04    00000008     Button.obj (.const:.typeinfo:_ZTI4Task)
                  00004e0c    00000008     rtsv7M4_T_le_v4SPD16_eabi.lib : typeinfo_.obj (.const:.typeinfo:_ZTISt9type_info)
                  00004e14    00000008                                   : typeinfo_.obj (.const:.typeinfo:_ZTIe)
                  00004e1c    00000008     Button.obj (.const:.typeinfo:_ZTS6Button)
                  00004e24    00000008     Screen.obj (.const:.typeinfo:_ZTS6Screen)
                  00004e2c    00000008     interrupt.obj (.const:g_pulDisRegs)
                  00004e34    00000008     interrupt.obj (.const:g_pulEnRegs)
                  00004e3c    00000008     interrupt.obj (.const:g_pulPendRegs)
                  00004e44    00000008     interrupt.obj (.const:g_pulUnpendRegs)
                  00004e4c    00000007     Servo.obj (.const:.typeinfo:_ZTS5Servo)
                  00004e53    00000006     Button.obj (.const:.typeinfo:_ZTS4Task)
                  00004e59    00000004     rtsv7M4_T_le_v4SPD16_eabi.lib : typeinfo_.obj (.const:.typeinfo:_ZTSPKe)

.cinit     0    00004e68    000000ac     
                  00004e68    0000006c     (.cinit..data.load) [load image, compression = rle]
                  00004ed4    00000004     --HOLE-- [fill = 0]
                  00004ed8    0000000b     (.cinit..bss.load) [load image, compression = rle]
                  00004ee3    00000005     --HOLE-- [fill = 0]
                  00004ee8    00000009     (.cinit..vtable.load) [load image, compression = rle]
                  00004ef1    00000003     --HOLE-- [fill = 0]
                  00004ef4    00000008     (__TI_handler_table)
                  00004efc    00000018     (__TI_cinit_table)

.init_array 
*          0    00004e60    00000004     
                  00004e60    00000004     main.obj (.init_array)

.vtable    0    20000000    000000e4     UNINITIALIZED
                  20000000    000000e4     interrupt.obj (.vtable)

.bss       0    200000e8    00002026     UNINITIALIZED
                  200000e8    00001ff0     main.obj (.bss:MainScheduler)
                  200020d8    0000001c     (.common:g_sContext)
                  200020f4    00000008     (.common:aDataFromADC)
                  200020fc    00000004     main.obj (.bss)
                  20002100    00000004     (.common:_ZSt16__dummy_typeinfo)
                  20002104    00000002     (.common:Lcd_ScreenHeigth)
                  20002106    00000002     (.common:Lcd_ScreenWidth)
                  20002108    00000002     (.common:Lcd_TouchTrim)
                  2000210a    00000001     (.common:Lcd_FlagRead)
                  2000210b    00000001     (.common:Lcd_FontSolid)
                  2000210c    00000001     (.common:Lcd_Orientation)
                  2000210d    00000001     (.common:Lcd_PenSolid)

.sysmem    0    20002110    00000400     UNINITIALIZED
                  20002110    00000008     rtsv7M4_T_le_v4SPD16_eabi.lib : memory.obj (.sysmem)
                  20002118    000003f8     --HOLE--

.data      0    20002510    00000080     UNINITIALIZED
                  20002510    00000030     gpio.obj (.data:GPIO_PORT_TO_BASE)
                  20002540    00000018     Servo.obj (.data:pwmConfig)
                  20002558    0000000c     rtsv7M4_T_le_v4SPD16_eabi.lib : exit.obj (.data:$O1$$)
                  20002564    0000000c                                   : memory.obj (.data:$O1$$)
                  20002570    0000000c     main.obj (.data)
                  2000257c    00000008     rtsv7M4_T_le_v4SPD16_eabi.lib : _lock.obj (.data:$O1$$)
                  20002584    00000004                                   : stkdepth_vars.obj (.data)
                  20002588    00000004                                   : vars.obj (.data)
                  2000258c    00000004     system_msp432p401r.obj (.data)

.stack     0    2000fe00    00000200     UNINITIALIZED
                  2000fe00    00000200     --HOLE--

MODULE SUMMARY

       Module                                               code    ro data   rw data
       ------                                               ----    -------   -------
    ./
       main.obj                                             980     44        16400  
       Scheduler.obj                                        1480    40        0      
       system_msp432p401r.obj                               880     0         8      
       Screen.obj                                           664     48        56     
       Servo.obj                                            304     39        48     
       Button.obj                                           208     74        0      
       startup_msp432p401r_ccs.obj                          14      228       0      
       Task.obj                                             140     20        0      
       Ball.obj                                             44      20        0      
       LED.obj                                              12      0         0      
    +--+----------------------------------------------------+-------+---------+---------+
       Total:                                               4726    513       16512  
                                                                                     
    ./GrLib/fonts/
       fontfixed6x8.obj                                     0       960       0      
    +--+----------------------------------------------------+-------+---------+---------+
       Total:                                               0       960       0      
                                                                                     
    ./GrLib/grlib/
       line.obj                                             1168    0         0      
       context.obj                                          614     0         0      
       display.obj                                          308     0         0      
    +--+----------------------------------------------------+-------+---------+---------+
       Total:                                               2090    0         0      
                                                                                     
    ./LcdDriver/
       Crystalfontz128x128_ST7735.obj                       1656    52        20     
       HAL_MSP_EXP432P401R_Crystalfontz128x128_ST7735.obj   188     28        0      
    +--+----------------------------------------------------+-------+---------+---------+
       Total:                                               1844    80        20     
                                                                                     
    ./driverlib/MSP432P4xx/
       adc14.obj                                            2272    128       0      
       spi.obj                                              2212    0         0      
       interrupt.obj                                        1008    144       456    
       gpio.obj                                             1152    28        96     
       cpu.obj                                              62      0         0      
    +--+----------------------------------------------------+-------+---------+---------+
       Total:                                               6706    300       552    
                                                                                     
    /home/aglt93/ti/ccsv6/tools/compiler/arm_15.12.3.LTS/lib/rtsv7M4_T_le_v4SPD16_eabi.lib
       memory.obj                                           988     0         24     
       typeinfo_.obj                                        188     356       8      
       fd_div_t2.obj                                        310     0         0      
       memcpy_t2.obj                                        156     0         0      
       memset_t2.obj                                        122     0         0      
       autoinit.obj                                         112     0         0      
       copy_decompress_rle.obj                              112     0         0      
       exit.obj                                             84      0         24     
       boot.obj                                             84      0         0      
       cpy_tbl.obj                                          76      0         0      
       fd_toi_t2.obj                                        72      0         0      
       fs_tod_t2.obj                                        56      0         0      
       new_.obj                                             48      0         0      
       _lock.obj                                            20      0         16     
       args_main.obj                                        24      0         0      
       copy_decompress_none.obj                             14      0         0      
       delete.obj                                           8       0         0      
       stkdepth_vars.obj                                    0       0         8      
       vars.obj                                             0       0         8      
       pre_init.obj                                         4       0         0      
       mpu_init.obj                                         2       0         0      
       newhandler.obj                                       2       0         0      
       startup.obj                                          2       0         0      
    +--+----------------------------------------------------+-------+---------+---------+
       Total:                                               2484    356       88     
                                                                                     
       Heap:                                                0       0         2048   
       Stack:                                               0       0         1024   
       Linker Generated:                                    0       160       0      
    +--+----------------------------------------------------+-------+---------+---------+
       Grand Total:                                         17850   2369      20244  


LINKER GENERATED COPY TABLES

__TI_cinit_table @ 00004efc records: 3, size/record: 8, table size: 24
	.data: load addr=00004e68, load size=0000006c bytes, run addr=20002510, run size=00000080 bytes, compression=rle
	.bss: load addr=00004ed8, load size=0000000b bytes, run addr=200000e8, run size=00002026 bytes, compression=rle
	.vtable: load addr=00004ee8, load size=00000009 bytes, run addr=20000000, run size=000000e4 bytes, compression=rle


LINKER GENERATED HANDLER TABLE

__TI_handler_table @ 00004ef4 records: 2, size/record: 4, table size: 8
	index: 0, handler: __TI_decompress_rle24
	index: 1, handler: __TI_decompress_none


GLOBAL SYMBOLS: SORTED ALPHABETICALLY BY Name 

address   name                                              
-------   ----                                              
0000310d  ADC14_IRQHandler                                  
0000310d  ADC14_IRQHandler                                  
00000939  ADC14_clearInterruptFlag                          
000004d9  ADC14_configureConversionMemory                   
00000381  ADC14_configureMultiSequenceMode                  
00000417  ADC14_configureSingleSampleMode                   
00000611  ADC14_disableComparatorWindow                     
000004af  ADC14_disableConversion                           
000008b3  ADC14_disableInterrupt                            
00000255  ADC14_disableModule                               
0000082f  ADC14_disableReferenceBurst                       
00000295  ADC14_disableSampleTimer                          
00000581  ADC14_enableComparatorWindow                      
0000046d  ADC14_enableConversion                            
00000887  ADC14_enableInterrupt                             
0000024d  ADC14_enableModule                                
00000819  ADC14_enableReferenceBurst                        
0000026b  ADC14_enableSampleTimer                           
00000909  ADC14_getEnabledInterruptStatus                   
000008df  ADC14_getInterruptStatus                          
00000739  ADC14_getMultiSequenceResult                      
0000030b  ADC14_getResolution                               
0000071f  ADC14_getResult                                   
000007a5  ADC14_getResultArray                              
000002ab  ADC14_initModule                                  
000004bb  ADC14_isBusy                                      
00000969  ADC14_registerInterrupt                           
0000066f  ADC14_setComparatorWindowValue                    
00000845  ADC14_setPowerMode                                
000002f1  ADC14_setResolution                               
000006f5  ADC14_setResultFormat                             
00000357  ADC14_setSampleHoldTime                           
00000315  ADC14_setSampleHoldTrigger                        
0000048d  ADC14_toggleConversionTrigger                     
0000097d  ADC14_unregisterInterrupt                         
00004673  AES256_IRQHandler                                 
0000308b  BUTTON_DOWN_ISR                                   
000030d1  BUTTON_UP_ISR                                     
00004673  BusFault_Handler                                  
00004471  C$$EXIT                                           
00004673  COMP_E0_IRQHandler                                
00004673  COMP_E1_IRQHandler                                
0000458d  CPU_basepriGet                                    
0000457f  CPU_basepriSet                                    
00004559  CPU_cpsid                                         
0000456f  CPU_cpsie                                         
00004565  CPU_primask                                       
0000457b  CPU_wfi                                           
00004673  CS_IRQHandler                                     
00001269  Crystalfontz128x128_Init                          
0000137d  Crystalfontz128x128_SetDrawFrame                  
000014ab  Crystalfontz128x128_SetOrientation                
00004673  DMA_ERR_IRQHandler                                
00004673  DMA_INT0_IRQHandler                               
00004673  DMA_INT1_IRQHandler                               
00004673  DMA_INT2_IRQHandler                               
00004673  DMA_INT3_IRQHandler                               
200020fc  DataToServo                                       
00004673  DebugMon_Handler                                  
00004673  Default_Handler                                   
00004673  EUSCIA0_IRQHandler                                
00004673  EUSCIA1_IRQHandler                                
00004673  EUSCIA2_IRQHandler                                
00004673  EUSCIA3_IRQHandler                                
00004673  EUSCIB0_IRQHandler                                
00004673  EUSCIB1_IRQHandler                                
00004673  EUSCIB2_IRQHandler                                
00004673  EUSCIB3_IRQHandler                                
00001133  EUSCI_A_SPI_changeClockPhasePolarity              
000011e7  EUSCI_A_SPI_clearInterruptFlag                    
00001217  EUSCI_A_SPI_disable                               
000011b5  EUSCI_A_SPI_disableInterrupt                      
00001201  EUSCI_A_SPI_enable                                
0000119b  EUSCI_A_SPI_enableInterrupt                       
000011cf  EUSCI_A_SPI_getInterruptStatus                    
0000122d  EUSCI_A_SPI_getReceiveBufferAddressForDMA         
0000123b  EUSCI_A_SPI_getTransmitBufferAddressForDMA        
00001249  EUSCI_A_SPI_isBusy                                
000010b3  EUSCI_A_SPI_masterChangeClock                     
0000118b  EUSCI_A_SPI_receiveData                           
00001093  EUSCI_A_SPI_select4PinFunctionality               
000010e9  EUSCI_A_SPI_slaveInit                             
00001175  EUSCI_A_SPI_transmitData                          
00000f65  EUSCI_B_SPI_changeClockPhasePolarity              
00001019  EUSCI_B_SPI_clearInterruptFlag                    
00001049  EUSCI_B_SPI_disable                               
00000fe7  EUSCI_B_SPI_disableInterrupt                      
00001033  EUSCI_B_SPI_enable                                
00000fcd  EUSCI_B_SPI_enableInterrupt                       
00001001  EUSCI_B_SPI_getInterruptStatus                    
0000105f  EUSCI_B_SPI_getReceiveBufferAddressForDMA         
0000106d  EUSCI_B_SPI_getTransmitBufferAddressForDMA        
0000107b  EUSCI_B_SPI_isBusy                                
00000ee9  EUSCI_B_SPI_masterChangeClock                     
00000fbd  EUSCI_B_SPI_receiveData                           
00000ec9  EUSCI_B_SPI_select4PinFunctionality               
00000f1b  EUSCI_B_SPI_slaveInit                             
00000fa7  EUSCI_B_SPI_transmitData                          
00004673  FLCTL_IRQHandler                                  
00004673  FPU_IRQHandler                                    
0000265b  GPIO_clearInterruptFlag                           
0000261b  GPIO_disableInterrupt                             
000025f9  GPIO_enableInterrupt                              
000026b3  GPIO_getEnabledInterruptStatus                    
000025cb  GPIO_getInputPinValue                             
0000263d  GPIO_getInterruptStatus                           
0000267d  GPIO_interruptEdgeSelect                          
00002773  GPIO_registerInterrupt                            
00002373  GPIO_setAsInputPin                                
00002527  GPIO_setAsInputPinWithPullDownResistor            
00002579  GPIO_setAsInputPinWithPullUpResistor              
00002339  GPIO_setAsOutputPin                               
0000243d  GPIO_setAsPeripheralModuleFunctionInputPin        
000023b9  GPIO_setAsPeripheralModuleFunctionOutputPin       
0000272f  GPIO_setDriveStrengthHigh                         
00002751  GPIO_setDriveStrengthLow                          
000024c1  GPIO_setOutputHighOnPin                           
000024e3  GPIO_setOutputLowOnPin                            
00002505  GPIO_toggleOutputOnPin                            
00002793  GPIO_unregisterInterrupt                          
00003b4d  Graphics_clearDisplay                             
00003e19  Graphics_clearDisplayOnDisplay                    
00003d6b  Graphics_drawHorizontalLineOnDisplay              
000021c5  Graphics_drawLine                                 
00001ea9  Graphics_drawLineH                                
00001f45  Graphics_drawLineV                                
00003d27  Graphics_drawMultiplePixelsOnDisplay              
00003b5f  Graphics_drawPixel                                
00003cfd  Graphics_drawPixelOnDisplay                       
00003d9f  Graphics_drawVerticalLineOnDisplay                
00003dd3  Graphics_fillRectangleOnDisplay                   
00003b3f  Graphics_flushBuffer                              
00003e07  Graphics_flushOnDisplay                           
00003b21  Graphics_getDisplayHeight                         
00003b11  Graphics_getDisplayWidth                          
00003abf  Graphics_getFontBaseline                          
00003af5  Graphics_getFontHeight                            
00003b03  Graphics_getFontMaxWidth                          
00003b31  Graphics_getHeightOfDisplay                       
00003bb9  Graphics_getWidthOfDisplay                        
00003961  Graphics_initContext                              
00003a75  Graphics_setBackgroundColor                       
00003a8f  Graphics_setBackgroundColorTranslated             
000039ab  Graphics_setClipRegion                            
00003aa5  Graphics_setFont                                  
00003acd  Graphics_setForegroundColor                       
00003ae3  Graphics_setForegroundColorTranslated             
00003df1  Graphics_translateColorOnDisplay                  
00004031  HAL_LCD_PortInit                                  
00004061  HAL_LCD_SpiInit                                   
00004097  HAL_LCD_writeCommand                              
000040bf  HAL_LCD_writeData                                 
00004673  HardFault_Handler                                 
0000297b  Interrupt_disableInterrupt                        
000027cb  Interrupt_disableMaster                           
00002b79  Interrupt_disableSleepOnIsrExit                   
00002909  Interrupt_enableInterrupt                         
000027bb  Interrupt_enableMaster                            
00002b67  Interrupt_enableSleepOnIsrExit                    
000028e3  Interrupt_getPriority                             
0000285b  Interrupt_getPriorityGrouping                     
00002b47  Interrupt_getPriorityMask                         
00002b61  Interrupt_getVectorTableAddress                   
000029ed  Interrupt_isEnabled                               
00002a79  Interrupt_pendInterrupt                           
000027db  Interrupt_registerInterrupt                       
00002893  Interrupt_setPriority                             
00002841  Interrupt_setPriorityGrouping                     
00002b37  Interrupt_setPriorityMask                         
00002b51  Interrupt_setVectorTableAddress                   
00002ae9  Interrupt_unpendInterrupt                         
0000282d  Interrupt_unregisterInterrupt                     
2000210a  Lcd_FlagRead                                      
2000210b  Lcd_FontSolid                                     
2000210c  Lcd_Orientation                                   
2000210d  Lcd_PenSolid                                      
20002104  Lcd_ScreenHeigth                                  
20002106  Lcd_ScreenWidth                                   
20002108  Lcd_TouchTrim                                     
200000e8  MainScheduler                                     
00004673  MemManage_Handler                                 
00004673  NMI_Handler                                       
00004673  PCM_IRQHandler                                    
00004673  PORT1_IRQHandler                                  
00004673  PORT2_IRQHandler                                  
00004673  PORT3_IRQHandler                                  
00004673  PORT4_IRQHandler                                  
00004673  PORT5_IRQHandler                                  
00004673  PORT6_IRQHandler                                  
00004673  PSS_IRQHandler                                    
00004673  PendSV_Handler                                    
00004673  RTC_C_IRQHandler                                  
00004667  Reset_Handler                                     
00004e60  SHT$$INIT_ARRAY$$Base                             
00004e64  SHT$$INIT_ARRAY$$Limit                            
00000b87  SPI_changeClockPhasePolarity                      
00000ae1  SPI_changeMasterClock                             
00000d39  SPI_clearInterruptFlag                            
00000cbb  SPI_disableInterrupt                              
00000c15  SPI_disableModule                                 
00000c95  SPI_enableInterrupt                               
00000bf9  SPI_enableModule                                  
00000d09  SPI_getEnabledInterruptStatus                     
00000ce1  SPI_getInterruptStatus                            
00000c31  SPI_getReceiveBufferAddressForDMA                 
00000c4d  SPI_getTransmitBufferAddressForDMA                
000009f5  SPI_initMaster                                    
00000b09  SPI_initSlave                                     
00000c79  SPI_isBusy                                        
00000bdd  SPI_receiveData                                   
00000d5f  SPI_registerInterrupt                             
00000abb  SPI_selectFourPinFunctionality                    
00000bb7  SPI_transmitData                                  
00000e1d  SPI_unregisterInterrupt                           
00004673  SVC_Handler                                       
00004673  SysTick_Handler                                   
2000258c  SystemCoreClock                                   
00003359  SystemCoreClockUpdate                             
000035cd  SystemInit                                        
000030ef  T32_INT1_IRQHandler                               
000030ef  T32_INT1_IRQHandler                               
00004673  T32_INT2_IRQHandler                               
00004673  T32_INTC_IRQHandler                               
00004673  TA0_0_IRQHandler                                  
00004673  TA0_N_IRQHandler                                  
00004673  TA1_0_IRQHandler                                  
00004673  TA1_N_IRQHandler                                  
00004673  TA2_0_IRQHandler                                  
00004673  TA2_N_IRQHandler                                  
00004673  TA3_0_IRQHandler                                  
00004673  TA3_N_IRQHandler                                  
00004673  UsageFault_Handler                                
4000480c  WDTCTL_SYM                                        
00004673  WDT_A_IRQHandler                                  
0000441b  _Z21__default_new_handlerv                        
00003269  _Z5Setupv                                         
00003183  _Z8setupADCv                                      
00004199  _ZN10__cxxabiv116__enum_type_infoD0Ev             
00004197  _ZN10__cxxabiv116__enum_type_infoD1Ev             
00004197  _ZN10__cxxabiv116__enum_type_infoD2Ev             
0000418f  _ZN10__cxxabiv117__array_type_infoD0Ev            
0000418d  _ZN10__cxxabiv117__array_type_infoD1Ev            
0000418d  _ZN10__cxxabiv117__array_type_infoD2Ev            
00004185  _ZN10__cxxabiv117__class_type_infoD0Ev            
00004183  _ZN10__cxxabiv117__class_type_infoD1Ev            
00004183  _ZN10__cxxabiv117__class_type_infoD2Ev            
0000417b  _ZN10__cxxabiv117__pbase_type_infoD0Ev            
00004179  _ZN10__cxxabiv117__pbase_type_infoD1Ev            
00004179  _ZN10__cxxabiv117__pbase_type_infoD2Ev            
00004171  _ZN10__cxxabiv119__pointer_type_infoD0Ev          
0000416f  _ZN10__cxxabiv119__pointer_type_infoD1Ev          
0000416f  _ZN10__cxxabiv119__pointer_type_infoD2Ev          
00004167  _ZN10__cxxabiv120__function_type_infoD0Ev         
00004165  _ZN10__cxxabiv120__function_type_infoD1Ev         
00004165  _ZN10__cxxabiv120__function_type_infoD2Ev         
0000415d  _ZN10__cxxabiv120__si_class_type_infoD0Ev         
0000415b  _ZN10__cxxabiv120__si_class_type_infoD1Ev         
0000415b  _ZN10__cxxabiv120__si_class_type_infoD2Ev         
00004153  _ZN10__cxxabiv121__vmi_class_type_infoD0Ev        
00004151  _ZN10__cxxabiv121__vmi_class_type_infoD1Ev        
00004151  _ZN10__cxxabiv121__vmi_class_type_infoD2Ev        
00004149  _ZN10__cxxabiv123__fundamental_type_infoD0Ev      
00004147  _ZN10__cxxabiv123__fundamental_type_infoD1Ev      
00004147  _ZN10__cxxabiv123__fundamental_type_infoD2Ev      
0000413f  _ZN10__cxxabiv129__pointer_to_member_type_infoD0Ev
0000413d  _ZN10__cxxabiv129__pointer_to_member_type_infoD1Ev
0000413d  _ZN10__cxxabiv129__pointer_to_member_type_infoD2Ev
00004601  _ZN4Task11SendMessageEv                           
00004675  _ZN4Task14ProcessMessageE3MSG                     
000042af  _ZN4Task17GetTaskFinalCountEv                     
00004281  _ZN4Task17SetTaskFinalCountEy                     
0000429f  _ZN4Task19GetTaskCurrentCountEv                   
00004263  _ZN4Task19SetTaskCurrentCountEy                   
00004681  _ZN4Task3runEv                                    
00004245  _ZN4TaskC1Ev                                      
00004245  _ZN4TaskC2Ev                                      
00003eb1  _ZN5Servo14ProcessMessageE3MSG                    
00003f15  _ZN5Servo19ADCtoServoValueConvEi                  
00003ea5  _ZN5Servo3runEv                                   
00003e31  _ZN5ServoC1Eibii                                  
00003e31  _ZN5ServoC2Eibii                                  
00004003  _ZN6Button11SendMessageEv                         
00003fe7  _ZN6Button14ProcessMessageE3MSG                   
00003fd7  _ZN6Button3runEv                                  
00003f61  _ZN6ButtonC1Eibiiy                                
00003f61  _ZN6ButtonC2Eibiiy                                
00003793  _ZN6Screen11printScreenEhht                       
0000373b  _ZN6Screen14ProcessMessageE3MSG                   
0000390b  _ZN6Screen20ADCtoScreenValueConvEi                
0000372f  _ZN6Screen3runEv                                  
000036c9  _ZN6ScreenC1Eib                                   
000036c9  _ZN6ScreenC2Eib                                   
00001c2f  _ZN9Scheduler13attachMessageE3MSG                 
00001e3b  _ZN9Scheduler14processMessageE3MSG                
00001c8b  _ZN9Scheduler17clearMessageQueueEv                
00001df1  _ZN9Scheduler18clearNextSchedulerEv               
00001b2d  _ZN9Scheduler19ProcessMessageQueueEv              
00001a5b  _ZN9Scheduler21CalculateNextScheduleEv            
00001e8f  _ZN9Scheduler22SortScheduleByPriorityEP4Task      
000019fd  _ZN9Scheduler3runEv                               
00001987  _ZN9Scheduler6attachEP4Task                       
000018e1  _ZN9SchedulerC1Ev                                 
000018e1  _ZN9SchedulerC2Ev                                 
000040ff  _ZNKSt9type_info4nameEv                           
0000412f  _ZNKSt9type_info6beforeERKS_                      
00004119  _ZNKSt9type_infoeqERKS_                           
00004103  _ZNKSt9type_infoneERKS_                           
000040f7  _ZNSt9type_infoD0Ev                               
000040f5  _ZNSt9type_infoD1Ev                               
000040f5  _ZNSt9type_infoD2Ev                               
20002100  _ZSt16__dummy_typeinfo                            
000040ed  _ZSt21__gen_dummy_typeinfosv                      
00004e04  _ZTI4Task                                         
00004d9c  _ZTI5Servo                                        
00004da8  _ZTI6Button                                       
00004db4  _ZTI6Screen                                       
00004dc0  _ZTIN10__cxxabiv117__class_type_infoE             
00004dcc  _ZTIN10__cxxabiv117__pbase_type_infoE             
00004dd8  _ZTIN10__cxxabiv119__pointer_type_infoE           
00004de4  _ZTIN10__cxxabiv120__si_class_type_infoE          
00004df0  _ZTIN10__cxxabiv123__fundamental_type_infoE       
00004d3c  _ZTIPKe                                           
00004e0c  _ZTISt9type_info                                  
00004e14  _ZTIe                                             
00004e53  _ZTS4Task                                         
00004e4c  _ZTS5Servo                                        
00004e1c  _ZTS6Button                                       
00004e24  _ZTS6Screen                                       
00004bcd  _ZTSN10__cxxabiv117__class_type_infoE             
00004bef  _ZTSN10__cxxabiv117__pbase_type_infoE             
00004ba9  _ZTSN10__cxxabiv119__pointer_type_infoE           
00004b84  _ZTSN10__cxxabiv120__si_class_type_infoE          
00004b5c  _ZTSN10__cxxabiv123__fundamental_type_infoE       
00004e59  _ZTSPKe                                           
00004d8c  _ZTSSt9type_info                                  
00004c11  _ZTSe                                             
00004d00  _ZTV4Task                                         
00004d14  _ZTV5Servo                                        
00004d28  _ZTV6Button                                       
00004c6c  _ZTV6Screen                                       
00004d4c  _ZTVN10__cxxabiv117__class_type_infoE             
00004d5c  _ZTVN10__cxxabiv119__pointer_type_infoE           
00004d6c  _ZTVN10__cxxabiv120__si_class_type_infoE          
00004d7c  _ZTVN10__cxxabiv123__fundamental_type_infoE       
0000468d  _ZdlPv                                            
000045d1  _Znwj                                             
20010000  __STACK_END                                       
00000200  __STACK_SIZE                                      
00000400  __SYSMEM_SIZE                                     
00004efc  __TI_CINIT_Base                                   
00004f14  __TI_CINIT_Limit                                  
00004ef4  __TI_Handler_Table_Base                           
00004efc  __TI_Handler_Table_Limit                          
00004341  __TI_auto_init                                    
20002558  __TI_cleanup_ptr                                  
00004659  __TI_decompress_none                              
00004695  __TI_decompress_rle24                             
2000255c  __TI_dtors_ptr                                    
20002560  __TI_enable_exit_profile_output                   
ffffffff  __TI_pprof_out_hndl                               
ffffffff  __TI_prof_data_size                               
ffffffff  __TI_prof_data_start                              
00000000  __TI_static_base__                                
00004511  __aeabi_d2iz                                      
00003bc7  __aeabi_ddiv                                      
00004597  __aeabi_f2d                                       
000042c5  __aeabi_memclr                                    
000042c5  __aeabi_memclr4                                   
000042c5  __aeabi_memclr8                                   
000041a9  __aeabi_memcpy                                    
000041a9  __aeabi_memcpy4                                   
000041a9  __aeabi_memcpy8                                   
000042c7  __aeabi_memset                                    
000042c7  __aeabi_memset4                                   
000042c7  __aeabi_memset8                                   
ffffffff  __binit__                                         
ffffffff  __c_args__                                        
0000433f  __mpu_init                                        
2000fe00  __stack                                           
000032e9  __sti___8_main_cpp_2c535ab5                       
0000462d  _args_main                                        
0000441d  _c_int00                                          
2000257c  _lock                                             
20002588  _new_handler                                      
00004653  _nop                                              
0000464b  _register_lock                                    
00004645  _register_unlock                                  
20002110  _sys_memory                                       
000045cf  _system_post_cinit                                
0000469b  _system_pre_init                                  
20002580  _unlock                                           
200020f4  aDataFromADC                                      
00004475  abort                                             
ffffffff  binit                                             
00002f51  calloc                                            
000044c5  copy_in                                           
0000447d  exit                                              
00002c9f  free                                              
20000000  g_pfnRAMVectors                                   
200020d8  g_sContext                                        
00004b30  g_sCrystalfontz128x128                            
00004998  g_sFontFixed6x8                                   
00000000  interruptVectors                                  
00002fef  main                                              
20002584  main_func_sp                                      
00002c37  malloc                                            
00002e6d  memalign                                          
000041a9  memcpy                                            
000042cd  memset                                            
00002ba9  minit                                             
20002578  pDataToScreen                                     
20002540  pwmConfig                                         
00002d61  realloc                                           


GLOBAL SYMBOLS: SORTED BY Symbol Address 

address   name                                              
-------   ----                                              
00000000  __TI_static_base__                                
00000000  interruptVectors                                  
00000200  __STACK_SIZE                                      
0000024d  ADC14_enableModule                                
00000255  ADC14_disableModule                               
0000026b  ADC14_enableSampleTimer                           
00000295  ADC14_disableSampleTimer                          
000002ab  ADC14_initModule                                  
000002f1  ADC14_setResolution                               
0000030b  ADC14_getResolution                               
00000315  ADC14_setSampleHoldTrigger                        
00000357  ADC14_setSampleHoldTime                           
00000381  ADC14_configureMultiSequenceMode                  
00000400  __SYSMEM_SIZE                                     
00000417  ADC14_configureSingleSampleMode                   
0000046d  ADC14_enableConversion                            
0000048d  ADC14_toggleConversionTrigger                     
000004af  ADC14_disableConversion                           
000004bb  ADC14_isBusy                                      
000004d9  ADC14_configureConversionMemory                   
00000581  ADC14_enableComparatorWindow                      
00000611  ADC14_disableComparatorWindow                     
0000066f  ADC14_setComparatorWindowValue                    
000006f5  ADC14_setResultFormat                             
0000071f  ADC14_getResult                                   
00000739  ADC14_getMultiSequenceResult                      
000007a5  ADC14_getResultArray                              
00000819  ADC14_enableReferenceBurst                        
0000082f  ADC14_disableReferenceBurst                       
00000845  ADC14_setPowerMode                                
00000887  ADC14_enableInterrupt                             
000008b3  ADC14_disableInterrupt                            
000008df  ADC14_getInterruptStatus                          
00000909  ADC14_getEnabledInterruptStatus                   
00000939  ADC14_clearInterruptFlag                          
00000969  ADC14_registerInterrupt                           
0000097d  ADC14_unregisterInterrupt                         
000009f5  SPI_initMaster                                    
00000abb  SPI_selectFourPinFunctionality                    
00000ae1  SPI_changeMasterClock                             
00000b09  SPI_initSlave                                     
00000b87  SPI_changeClockPhasePolarity                      
00000bb7  SPI_transmitData                                  
00000bdd  SPI_receiveData                                   
00000bf9  SPI_enableModule                                  
00000c15  SPI_disableModule                                 
00000c31  SPI_getReceiveBufferAddressForDMA                 
00000c4d  SPI_getTransmitBufferAddressForDMA                
00000c79  SPI_isBusy                                        
00000c95  SPI_enableInterrupt                               
00000cbb  SPI_disableInterrupt                              
00000ce1  SPI_getInterruptStatus                            
00000d09  SPI_getEnabledInterruptStatus                     
00000d39  SPI_clearInterruptFlag                            
00000d5f  SPI_registerInterrupt                             
00000e1d  SPI_unregisterInterrupt                           
00000ec9  EUSCI_B_SPI_select4PinFunctionality               
00000ee9  EUSCI_B_SPI_masterChangeClock                     
00000f1b  EUSCI_B_SPI_slaveInit                             
00000f65  EUSCI_B_SPI_changeClockPhasePolarity              
00000fa7  EUSCI_B_SPI_transmitData                          
00000fbd  EUSCI_B_SPI_receiveData                           
00000fcd  EUSCI_B_SPI_enableInterrupt                       
00000fe7  EUSCI_B_SPI_disableInterrupt                      
00001001  EUSCI_B_SPI_getInterruptStatus                    
00001019  EUSCI_B_SPI_clearInterruptFlag                    
00001033  EUSCI_B_SPI_enable                                
00001049  EUSCI_B_SPI_disable                               
0000105f  EUSCI_B_SPI_getReceiveBufferAddressForDMA         
0000106d  EUSCI_B_SPI_getTransmitBufferAddressForDMA        
0000107b  EUSCI_B_SPI_isBusy                                
00001093  EUSCI_A_SPI_select4PinFunctionality               
000010b3  EUSCI_A_SPI_masterChangeClock                     
000010e9  EUSCI_A_SPI_slaveInit                             
00001133  EUSCI_A_SPI_changeClockPhasePolarity              
00001175  EUSCI_A_SPI_transmitData                          
0000118b  EUSCI_A_SPI_receiveData                           
0000119b  EUSCI_A_SPI_enableInterrupt                       
000011b5  EUSCI_A_SPI_disableInterrupt                      
000011cf  EUSCI_A_SPI_getInterruptStatus                    
000011e7  EUSCI_A_SPI_clearInterruptFlag                    
00001201  EUSCI_A_SPI_enable                                
00001217  EUSCI_A_SPI_disable                               
0000122d  EUSCI_A_SPI_getReceiveBufferAddressForDMA         
0000123b  EUSCI_A_SPI_getTransmitBufferAddressForDMA        
00001249  EUSCI_A_SPI_isBusy                                
00001269  Crystalfontz128x128_Init                          
0000137d  Crystalfontz128x128_SetDrawFrame                  
000014ab  Crystalfontz128x128_SetOrientation                
000018e1  _ZN9SchedulerC1Ev                                 
000018e1  _ZN9SchedulerC2Ev                                 
00001987  _ZN9Scheduler6attachEP4Task                       
000019fd  _ZN9Scheduler3runEv                               
00001a5b  _ZN9Scheduler21CalculateNextScheduleEv            
00001b2d  _ZN9Scheduler19ProcessMessageQueueEv              
00001c2f  _ZN9Scheduler13attachMessageE3MSG                 
00001c8b  _ZN9Scheduler17clearMessageQueueEv                
00001df1  _ZN9Scheduler18clearNextSchedulerEv               
00001e3b  _ZN9Scheduler14processMessageE3MSG                
00001e8f  _ZN9Scheduler22SortScheduleByPriorityEP4Task      
00001ea9  Graphics_drawLineH                                
00001f45  Graphics_drawLineV                                
000021c5  Graphics_drawLine                                 
00002339  GPIO_setAsOutputPin                               
00002373  GPIO_setAsInputPin                                
000023b9  GPIO_setAsPeripheralModuleFunctionOutputPin       
0000243d  GPIO_setAsPeripheralModuleFunctionInputPin        
000024c1  GPIO_setOutputHighOnPin                           
000024e3  GPIO_setOutputLowOnPin                            
00002505  GPIO_toggleOutputOnPin                            
00002527  GPIO_setAsInputPinWithPullDownResistor            
00002579  GPIO_setAsInputPinWithPullUpResistor              
000025cb  GPIO_getInputPinValue                             
000025f9  GPIO_enableInterrupt                              
0000261b  GPIO_disableInterrupt                             
0000263d  GPIO_getInterruptStatus                           
0000265b  GPIO_clearInterruptFlag                           
0000267d  GPIO_interruptEdgeSelect                          
000026b3  GPIO_getEnabledInterruptStatus                    
0000272f  GPIO_setDriveStrengthHigh                         
00002751  GPIO_setDriveStrengthLow                          
00002773  GPIO_registerInterrupt                            
00002793  GPIO_unregisterInterrupt                          
000027bb  Interrupt_enableMaster                            
000027cb  Interrupt_disableMaster                           
000027db  Interrupt_registerInterrupt                       
0000282d  Interrupt_unregisterInterrupt                     
00002841  Interrupt_setPriorityGrouping                     
0000285b  Interrupt_getPriorityGrouping                     
00002893  Interrupt_setPriority                             
000028e3  Interrupt_getPriority                             
00002909  Interrupt_enableInterrupt                         
0000297b  Interrupt_disableInterrupt                        
000029ed  Interrupt_isEnabled                               
00002a79  Interrupt_pendInterrupt                           
00002ae9  Interrupt_unpendInterrupt                         
00002b37  Interrupt_setPriorityMask                         
00002b47  Interrupt_getPriorityMask                         
00002b51  Interrupt_setVectorTableAddress                   
00002b61  Interrupt_getVectorTableAddress                   
00002b67  Interrupt_enableSleepOnIsrExit                    
00002b79  Interrupt_disableSleepOnIsrExit                   
00002ba9  minit                                             
00002c37  malloc                                            
00002c9f  free                                              
00002d61  realloc                                           
00002e6d  memalign                                          
00002f51  calloc                                            
00002fef  main                                              
0000308b  BUTTON_DOWN_ISR                                   
000030d1  BUTTON_UP_ISR                                     
000030ef  T32_INT1_IRQHandler                               
000030ef  T32_INT1_IRQHandler                               
0000310d  ADC14_IRQHandler                                  
0000310d  ADC14_IRQHandler                                  
00003183  _Z8setupADCv                                      
00003269  _Z5Setupv                                         
000032e9  __sti___8_main_cpp_2c535ab5                       
00003359  SystemCoreClockUpdate                             
000035cd  SystemInit                                        
000036c9  _ZN6ScreenC1Eib                                   
000036c9  _ZN6ScreenC2Eib                                   
0000372f  _ZN6Screen3runEv                                  
0000373b  _ZN6Screen14ProcessMessageE3MSG                   
00003793  _ZN6Screen11printScreenEhht                       
0000390b  _ZN6Screen20ADCtoScreenValueConvEi                
00003961  Graphics_initContext                              
000039ab  Graphics_setClipRegion                            
00003a75  Graphics_setBackgroundColor                       
00003a8f  Graphics_setBackgroundColorTranslated             
00003aa5  Graphics_setFont                                  
00003abf  Graphics_getFontBaseline                          
00003acd  Graphics_setForegroundColor                       
00003ae3  Graphics_setForegroundColorTranslated             
00003af5  Graphics_getFontHeight                            
00003b03  Graphics_getFontMaxWidth                          
00003b11  Graphics_getDisplayWidth                          
00003b21  Graphics_getDisplayHeight                         
00003b31  Graphics_getHeightOfDisplay                       
00003b3f  Graphics_flushBuffer                              
00003b4d  Graphics_clearDisplay                             
00003b5f  Graphics_drawPixel                                
00003bb9  Graphics_getWidthOfDisplay                        
00003bc7  __aeabi_ddiv                                      
00003cfd  Graphics_drawPixelOnDisplay                       
00003d27  Graphics_drawMultiplePixelsOnDisplay              
00003d6b  Graphics_drawHorizontalLineOnDisplay              
00003d9f  Graphics_drawVerticalLineOnDisplay                
00003dd3  Graphics_fillRectangleOnDisplay                   
00003df1  Graphics_translateColorOnDisplay                  
00003e07  Graphics_flushOnDisplay                           
00003e19  Graphics_clearDisplayOnDisplay                    
00003e31  _ZN5ServoC1Eibii                                  
00003e31  _ZN5ServoC2Eibii                                  
00003ea5  _ZN5Servo3runEv                                   
00003eb1  _ZN5Servo14ProcessMessageE3MSG                    
00003f15  _ZN5Servo19ADCtoServoValueConvEi                  
00003f61  _ZN6ButtonC1Eibiiy                                
00003f61  _ZN6ButtonC2Eibiiy                                
00003fd7  _ZN6Button3runEv                                  
00003fe7  _ZN6Button14ProcessMessageE3MSG                   
00004003  _ZN6Button11SendMessageEv                         
00004031  HAL_LCD_PortInit                                  
00004061  HAL_LCD_SpiInit                                   
00004097  HAL_LCD_writeCommand                              
000040bf  HAL_LCD_writeData                                 
000040ed  _ZSt21__gen_dummy_typeinfosv                      
000040f5  _ZNSt9type_infoD1Ev                               
000040f5  _ZNSt9type_infoD2Ev                               
000040f7  _ZNSt9type_infoD0Ev                               
000040ff  _ZNKSt9type_info4nameEv                           
00004103  _ZNKSt9type_infoneERKS_                           
00004119  _ZNKSt9type_infoeqERKS_                           
0000412f  _ZNKSt9type_info6beforeERKS_                      
0000413d  _ZN10__cxxabiv129__pointer_to_member_type_infoD1Ev
0000413d  _ZN10__cxxabiv129__pointer_to_member_type_infoD2Ev
0000413f  _ZN10__cxxabiv129__pointer_to_member_type_infoD0Ev
00004147  _ZN10__cxxabiv123__fundamental_type_infoD1Ev      
00004147  _ZN10__cxxabiv123__fundamental_type_infoD2Ev      
00004149  _ZN10__cxxabiv123__fundamental_type_infoD0Ev      
00004151  _ZN10__cxxabiv121__vmi_class_type_infoD1Ev        
00004151  _ZN10__cxxabiv121__vmi_class_type_infoD2Ev        
00004153  _ZN10__cxxabiv121__vmi_class_type_infoD0Ev        
0000415b  _ZN10__cxxabiv120__si_class_type_infoD1Ev         
0000415b  _ZN10__cxxabiv120__si_class_type_infoD2Ev         
0000415d  _ZN10__cxxabiv120__si_class_type_infoD0Ev         
00004165  _ZN10__cxxabiv120__function_type_infoD1Ev         
00004165  _ZN10__cxxabiv120__function_type_infoD2Ev         
00004167  _ZN10__cxxabiv120__function_type_infoD0Ev         
0000416f  _ZN10__cxxabiv119__pointer_type_infoD1Ev          
0000416f  _ZN10__cxxabiv119__pointer_type_infoD2Ev          
00004171  _ZN10__cxxabiv119__pointer_type_infoD0Ev          
00004179  _ZN10__cxxabiv117__pbase_type_infoD1Ev            
00004179  _ZN10__cxxabiv117__pbase_type_infoD2Ev            
0000417b  _ZN10__cxxabiv117__pbase_type_infoD0Ev            
00004183  _ZN10__cxxabiv117__class_type_infoD1Ev            
00004183  _ZN10__cxxabiv117__class_type_infoD2Ev            
00004185  _ZN10__cxxabiv117__class_type_infoD0Ev            
0000418d  _ZN10__cxxabiv117__array_type_infoD1Ev            
0000418d  _ZN10__cxxabiv117__array_type_infoD2Ev            
0000418f  _ZN10__cxxabiv117__array_type_infoD0Ev            
00004197  _ZN10__cxxabiv116__enum_type_infoD1Ev             
00004197  _ZN10__cxxabiv116__enum_type_infoD2Ev             
00004199  _ZN10__cxxabiv116__enum_type_infoD0Ev             
000041a9  __aeabi_memcpy                                    
000041a9  __aeabi_memcpy4                                   
000041a9  __aeabi_memcpy8                                   
000041a9  memcpy                                            
00004245  _ZN4TaskC1Ev                                      
00004245  _ZN4TaskC2Ev                                      
00004263  _ZN4Task19SetTaskCurrentCountEy                   
00004281  _ZN4Task17SetTaskFinalCountEy                     
0000429f  _ZN4Task19GetTaskCurrentCountEv                   
000042af  _ZN4Task17GetTaskFinalCountEv                     
000042c5  __aeabi_memclr                                    
000042c5  __aeabi_memclr4                                   
000042c5  __aeabi_memclr8                                   
000042c7  __aeabi_memset                                    
000042c7  __aeabi_memset4                                   
000042c7  __aeabi_memset8                                   
000042cd  memset                                            
0000433f  __mpu_init                                        
00004341  __TI_auto_init                                    
0000441b  _Z21__default_new_handlerv                        
0000441d  _c_int00                                          
00004471  C$$EXIT                                           
00004475  abort                                             
0000447d  exit                                              
000044c5  copy_in                                           
00004511  __aeabi_d2iz                                      
00004559  CPU_cpsid                                         
00004565  CPU_primask                                       
0000456f  CPU_cpsie                                         
0000457b  CPU_wfi                                           
0000457f  CPU_basepriSet                                    
0000458d  CPU_basepriGet                                    
00004597  __aeabi_f2d                                       
000045cf  _system_post_cinit                                
000045d1  _Znwj                                             
00004601  _ZN4Task11SendMessageEv                           
0000462d  _args_main                                        
00004645  _register_unlock                                  
0000464b  _register_lock                                    
00004653  _nop                                              
00004659  __TI_decompress_none                              
00004667  Reset_Handler                                     
00004673  AES256_IRQHandler                                 
00004673  BusFault_Handler                                  
00004673  COMP_E0_IRQHandler                                
00004673  COMP_E1_IRQHandler                                
00004673  CS_IRQHandler                                     
00004673  DMA_ERR_IRQHandler                                
00004673  DMA_INT0_IRQHandler                               
00004673  DMA_INT1_IRQHandler                               
00004673  DMA_INT2_IRQHandler                               
00004673  DMA_INT3_IRQHandler                               
00004673  DebugMon_Handler                                  
00004673  Default_Handler                                   
00004673  EUSCIA0_IRQHandler                                
00004673  EUSCIA1_IRQHandler                                
00004673  EUSCIA2_IRQHandler                                
00004673  EUSCIA3_IRQHandler                                
00004673  EUSCIB0_IRQHandler                                
00004673  EUSCIB1_IRQHandler                                
00004673  EUSCIB2_IRQHandler                                
00004673  EUSCIB3_IRQHandler                                
00004673  FLCTL_IRQHandler                                  
00004673  FPU_IRQHandler                                    
00004673  HardFault_Handler                                 
00004673  MemManage_Handler                                 
00004673  NMI_Handler                                       
00004673  PCM_IRQHandler                                    
00004673  PORT1_IRQHandler                                  
00004673  PORT2_IRQHandler                                  
00004673  PORT3_IRQHandler                                  
00004673  PORT4_IRQHandler                                  
00004673  PORT5_IRQHandler                                  
00004673  PORT6_IRQHandler                                  
00004673  PSS_IRQHandler                                    
00004673  PendSV_Handler                                    
00004673  RTC_C_IRQHandler                                  
00004673  SVC_Handler                                       
00004673  SysTick_Handler                                   
00004673  T32_INT2_IRQHandler                               
00004673  T32_INTC_IRQHandler                               
00004673  TA0_0_IRQHandler                                  
00004673  TA0_N_IRQHandler                                  
00004673  TA1_0_IRQHandler                                  
00004673  TA1_N_IRQHandler                                  
00004673  TA2_0_IRQHandler                                  
00004673  TA2_N_IRQHandler                                  
00004673  TA3_0_IRQHandler                                  
00004673  TA3_N_IRQHandler                                  
00004673  UsageFault_Handler                                
00004673  WDT_A_IRQHandler                                  
00004675  _ZN4Task14ProcessMessageE3MSG                     
00004681  _ZN4Task3runEv                                    
0000468d  _ZdlPv                                            
00004695  __TI_decompress_rle24                             
0000469b  _system_pre_init                                  
00004998  g_sFontFixed6x8                                   
00004b30  g_sCrystalfontz128x128                            
00004b5c  _ZTSN10__cxxabiv123__fundamental_type_infoE       
00004b84  _ZTSN10__cxxabiv120__si_class_type_infoE          
00004ba9  _ZTSN10__cxxabiv119__pointer_type_infoE           
00004bcd  _ZTSN10__cxxabiv117__class_type_infoE             
00004bef  _ZTSN10__cxxabiv117__pbase_type_infoE             
00004c11  _ZTSe                                             
00004c6c  _ZTV6Screen                                       
00004d00  _ZTV4Task                                         
00004d14  _ZTV5Servo                                        
00004d28  _ZTV6Button                                       
00004d3c  _ZTIPKe                                           
00004d4c  _ZTVN10__cxxabiv117__class_type_infoE             
00004d5c  _ZTVN10__cxxabiv119__pointer_type_infoE           
00004d6c  _ZTVN10__cxxabiv120__si_class_type_infoE          
00004d7c  _ZTVN10__cxxabiv123__fundamental_type_infoE       
00004d8c  _ZTSSt9type_info                                  
00004d9c  _ZTI5Servo                                        
00004da8  _ZTI6Button                                       
00004db4  _ZTI6Screen                                       
00004dc0  _ZTIN10__cxxabiv117__class_type_infoE             
00004dcc  _ZTIN10__cxxabiv117__pbase_type_infoE             
00004dd8  _ZTIN10__cxxabiv119__pointer_type_infoE           
00004de4  _ZTIN10__cxxabiv120__si_class_type_infoE          
00004df0  _ZTIN10__cxxabiv123__fundamental_type_infoE       
00004e04  _ZTI4Task                                         
00004e0c  _ZTISt9type_info                                  
00004e14  _ZTIe                                             
00004e1c  _ZTS6Button                                       
00004e24  _ZTS6Screen                                       
00004e4c  _ZTS5Servo                                        
00004e53  _ZTS4Task                                         
00004e59  _ZTSPKe                                           
00004e60  SHT$$INIT_ARRAY$$Base                             
00004e64  SHT$$INIT_ARRAY$$Limit                            
00004ef4  __TI_Handler_Table_Base                           
00004efc  __TI_CINIT_Base                                   
00004efc  __TI_Handler_Table_Limit                          
00004f14  __TI_CINIT_Limit                                  
20000000  g_pfnRAMVectors                                   
200000e8  MainScheduler                                     
200020d8  g_sContext                                        
200020f4  aDataFromADC                                      
200020fc  DataToServo                                       
20002100  _ZSt16__dummy_typeinfo                            
20002104  Lcd_ScreenHeigth                                  
20002106  Lcd_ScreenWidth                                   
20002108  Lcd_TouchTrim                                     
2000210a  Lcd_FlagRead                                      
2000210b  Lcd_FontSolid                                     
2000210c  Lcd_Orientation                                   
2000210d  Lcd_PenSolid                                      
20002110  _sys_memory                                       
20002540  pwmConfig                                         
20002558  __TI_cleanup_ptr                                  
2000255c  __TI_dtors_ptr                                    
20002560  __TI_enable_exit_profile_output                   
20002578  pDataToScreen                                     
2000257c  _lock                                             
20002580  _unlock                                           
20002584  main_func_sp                                      
20002588  _new_handler                                      
2000258c  SystemCoreClock                                   
2000fe00  __stack                                           
20010000  __STACK_END                                       
4000480c  WDTCTL_SYM                                        
ffffffff  __TI_pprof_out_hndl                               
ffffffff  __TI_prof_data_size                               
ffffffff  __TI_prof_data_start                              
ffffffff  __binit__                                         
ffffffff  __c_args__                                        
ffffffff  binit                                             

[413 symbols]
