******************************************************************************
                  TI ARM Linker Unix v15.12.3                  
******************************************************************************
>> Linked Wed Nov 30 01:00:13 2016

OUTPUT FILE NAME:   <finalProject.out>
ENTRY POINT SYMBOL: "_c_int00"  address: 00004415


MEMORY CONFIGURATION

         name            origin    length      used     unused   attr    fill
----------------------  --------  ---------  --------  --------  ----  --------
  MAIN                  00000000   00040000  00004f17  0003b0e9  R  X
  INFO                  00200000   00004000  00000000  00004000  R  X
  SRAM_CODE             01000000   00010000  0000278a  0000d876  RW X
  SRAM_DATA             20000000   00010000  0000278a  0000d876  RW  


SEGMENT ALLOCATION MAP

run origin  load origin   length   init length attrs members
----------  ----------- ---------- ----------- ----- -------
00000000    00000000    00004f1c   00004f1c    r-x
  00000000    00000000    000000e4   000000e4    r-- .intvecs
  000000e4    000000e4    000045b2   000045b2    r-x .text
  00004698    00004698    000007d1   000007d1    r-- .const
  00004e6c    00004e6c    00000004   00000004    r-- .init_array
  00004e70    00004e70    000000ac   000000ac    r-- .cinit
20000000    20000000    00002590   00000000    rw-
  20000000    20000000    000000e4   00000000    rw- .vtable
  200000e8    200000e8    00002026   00000000    rw- .bss
  20002110    20002110    00000400   00000000    rw- .sysmem
  20002510    20002510    00000080   00000000    rw- .data
2000fe00    2000fe00    00000200   00000000    rw-
  2000fe00    2000fe00    00000200   00000000    rw- .stack


SECTION ALLOCATION MAP

 output                                  attributes/
section   page    origin      length       input sections
--------  ----  ----------  ----------   ----------------
.intvecs   0    00000000    000000e4     
                  00000000    000000e4     startup_msp432p401r_ccs.obj (.intvecs:retain)

.binit     0    00000000    00000000     

.text      0    000000e4    000045b2     
                  000000e4    000008e0     adc14.obj (.text)
                  000009c4    000008a4     spi.obj (.text)
                  00001268    00000678     Crystalfontz128x128_ST7735.obj (.text)
                  000018e0    000005a4     Scheduler.obj (.text)
                  00001e84    00000490     line.obj (.text)
                  00002314    00000480     gpio.obj (.text)
                  00002794    000003f4     main.obj (.text)
                  00002b88    000003f0     interrupt.obj (.text)
                  00002f78    000003dc     rtsv7M4_T_le_v4SPD16_eabi.lib : memory.obj (.text)
                  00003354    00000370     system_msp432p401r.obj (.text)
                  000036c4    00000298     Screen.obj (.text)
                  0000395c    00000266     context.obj (.text)
                  00003bc2    00000136     rtsv7M4_T_le_v4SPD16_eabi.lib : fd_div_t2.obj (.text)
                  00003cf8    00000134     display.obj (.text)
                  00003e2c    00000130     Servo.obj (.text)
                  00003f5c    000000cc     Button.obj (.text)
                  00004028    000000bc     HAL_MSP_EXP432P401R_Crystalfontz128x128_ST7735.obj (.text)
                  000040e4    000000bc     rtsv7M4_T_le_v4SPD16_eabi.lib : typeinfo_.obj (.text)
                  000041a0    0000009c                                   : memcpy_t2.obj (.text)
                  0000423c    00000080     Task.obj (.text)
                  000042bc    0000007a     rtsv7M4_T_le_v4SPD16_eabi.lib : memset_t2.obj (.text)
                  00004336    00000002                                   : mpu_init.obj (.text)
                  00004338    00000070                                   : autoinit.obj (.text)
                  000043a8    0000006a                                   : copy_decompress_rle.obj (.text)
                  00004412    00000002                                   : newhandler.obj (.text)
                  00004414    00000054                                   : boot.obj (.text)
                  00004468    00000054                                   : exit.obj (.text)
                  000044bc    0000004c                                   : cpy_tbl.obj (.text)
                  00004508    00000048                                   : fd_toi_t2.obj (.text)
                  00004550    0000003e     cpu.obj (.text)
                  0000458e    00000038     rtsv7M4_T_le_v4SPD16_eabi.lib : fs_tod_t2.obj (.text)
                  000045c6    00000002                                   : startup.obj (.text)
                  000045c8    00000030                                   : new_.obj (.text)
                  000045f8    0000002c     Ball.obj (.text:_ZN4Task11SendMessageEv)
                  00004624    00000018     rtsv7M4_T_le_v4SPD16_eabi.lib : args_main.obj (.text)
                  0000463c    00000014                                   : _lock.obj (.text)
                  00004650    0000000e                                   : copy_decompress_none.obj (.text:decompress:none)
                  0000465e    0000000e     startup_msp432p401r_ccs.obj (.text)
                  0000466c    0000000c     LED.obj (.text:_ZN4Task14ProcessMessageE3MSG)
                  00004678    0000000c     Task.obj (.text:_ZN4Task3runEv)
                  00004684    00000008     rtsv7M4_T_le_v4SPD16_eabi.lib : delete.obj (.text)
                  0000468c    00000006                                   : copy_decompress_rle.obj (.text:decompress:rle24)
                  00004692    00000004                                   : pre_init.obj (.text)

.const     0    00004698    000007d1     
                  00004698    000002f8     fontfixed6x8.obj (.const:.string:g_pucFontFixed6x8Data)
                  00004990    000000c8     fontfixed6x8.obj (.const:g_sFontFixed6x8)
                  00004a58    00000080     adc14.obj (.const:_ctlRegs)
                  00004ad8    00000050     interrupt.obj (.const:g_pulRegs)
                  00004b28    0000002c     Crystalfontz128x128_ST7735.obj (.const:g_sCrystalfontz128x128)
                  00004b54    00000028     rtsv7M4_T_le_v4SPD16_eabi.lib : typeinfo_.obj (.const:.typeinfo:_ZTSN10__cxxabiv123__fundamental_type_infoE)
                  00004b7c    00000025                                   : typeinfo_.obj (.const:.typeinfo:_ZTSN10__cxxabiv120__si_class_type_infoE)
                  00004ba1    00000024                                   : typeinfo_.obj (.const:.typeinfo:_ZTSN10__cxxabiv119__pointer_type_infoE)
                  00004bc5    00000022                                   : typeinfo_.obj (.const:.typeinfo:_ZTSN10__cxxabiv117__class_type_infoE)
                  00004be7    00000022                                   : typeinfo_.obj (.const:.typeinfo:_ZTSN10__cxxabiv117__pbase_type_infoE)
                  00004c09    00000002                                   : typeinfo_.obj (.const:.typeinfo:_ZTSe)
                  00004c0b    00000001     --HOLE-- [fill = 0]
                  00004c0c    00000020     interrupt.obj (.const:g_pulPriority)
                  00004c2c    0000001c     HAL_MSP_EXP432P401R_Crystalfontz128x128_ST7735.obj (.const:$P$T0$1)
                  00004c48    0000001c     gpio.obj (.const:GPIO_PORT_TO_INT)
                  00004c64    0000001c     Screen.obj (.const:_ZTV6Screen)
                  00004c80    00000014     Ball.obj (.const:$P$T40$1)
                  00004c94    00000014     Scheduler.obj (.const:$P$T40$1)
                  00004ca8    00000014     main.obj (.const:$P$T40$1)
                  00004cbc    00000014     Scheduler.obj (.const:$P$T41$2)
                  00004cd0    00000014     main.obj (.const:$P$T41$2)
                  00004ce4    00000014     main.obj (.const:$P$T42$3)
                  00004cf8    00000014     Button.obj (.const:$P$T45$1)
                  00004d0c    00000014     Task.obj (.const:_ZTV4Task)
                  00004d20    00000014     Servo.obj (.const:_ZTV5Servo)
                  00004d34    00000014     Button.obj (.const:_ZTV6Button)
                  00004d48    00000010     rtsv7M4_T_le_v4SPD16_eabi.lib : typeinfo_.obj (.const:.typeinfo:_ZTIPKe)
                  00004d58    00000010                                   : typeinfo_.obj (.const:_ZTVN10__cxxabiv117__class_type_infoE)
                  00004d68    00000010                                   : typeinfo_.obj (.const:_ZTVN10__cxxabiv119__pointer_type_infoE)
                  00004d78    00000010                                   : typeinfo_.obj (.const:_ZTVN10__cxxabiv120__si_class_type_infoE)
                  00004d88    00000010                                   : typeinfo_.obj (.const:_ZTVN10__cxxabiv123__fundamental_type_infoE)
                  00004d98    0000000d                                   : typeinfo_.obj (.const:.typeinfo:_ZTSSt9type_info)
                  00004da5    00000003     --HOLE-- [fill = 0]
                  00004da8    0000000c     Servo.obj (.const:.typeinfo:_ZTI5Servo)
                  00004db4    0000000c     Button.obj (.const:.typeinfo:_ZTI6Button)
                  00004dc0    0000000c     Screen.obj (.const:.typeinfo:_ZTI6Screen)
                  00004dcc    0000000c     rtsv7M4_T_le_v4SPD16_eabi.lib : typeinfo_.obj (.const:.typeinfo:_ZTIN10__cxxabiv117__class_type_infoE)
                  00004dd8    0000000c                                   : typeinfo_.obj (.const:.typeinfo:_ZTIN10__cxxabiv117__pbase_type_infoE)
                  00004de4    0000000c                                   : typeinfo_.obj (.const:.typeinfo:_ZTIN10__cxxabiv119__pointer_type_infoE)
                  00004df0    0000000c                                   : typeinfo_.obj (.const:.typeinfo:_ZTIN10__cxxabiv120__si_class_type_infoE)
                  00004dfc    0000000c                                   : typeinfo_.obj (.const:.typeinfo:_ZTIN10__cxxabiv123__fundamental_type_infoE)
                  00004e08    00000008     Crystalfontz128x128_ST7735.obj (.const:$P$T0$1)
                  00004e10    00000008     Button.obj (.const:.typeinfo:_ZTI4Task)
                  00004e18    00000008     rtsv7M4_T_le_v4SPD16_eabi.lib : typeinfo_.obj (.const:.typeinfo:_ZTISt9type_info)
                  00004e20    00000008                                   : typeinfo_.obj (.const:.typeinfo:_ZTIe)
                  00004e28    00000008     Button.obj (.const:.typeinfo:_ZTS6Button)
                  00004e30    00000008     Screen.obj (.const:.typeinfo:_ZTS6Screen)
                  00004e38    00000008     interrupt.obj (.const:g_pulDisRegs)
                  00004e40    00000008     interrupt.obj (.const:g_pulEnRegs)
                  00004e48    00000008     interrupt.obj (.const:g_pulPendRegs)
                  00004e50    00000008     interrupt.obj (.const:g_pulUnpendRegs)
                  00004e58    00000007     Servo.obj (.const:.typeinfo:_ZTS5Servo)
                  00004e5f    00000006     Button.obj (.const:.typeinfo:_ZTS4Task)
                  00004e65    00000004     rtsv7M4_T_le_v4SPD16_eabi.lib : typeinfo_.obj (.const:.typeinfo:_ZTSPKe)

.cinit     0    00004e70    000000ac     
                  00004e70    0000006c     (.cinit..data.load) [load image, compression = rle]
                  00004edc    00000004     --HOLE-- [fill = 0]
                  00004ee0    0000000b     (.cinit..bss.load) [load image, compression = rle]
                  00004eeb    00000005     --HOLE-- [fill = 0]
                  00004ef0    00000009     (.cinit..vtable.load) [load image, compression = rle]
                  00004ef9    00000003     --HOLE-- [fill = 0]
                  00004efc    00000008     (__TI_handler_table)
                  00004f04    00000018     (__TI_cinit_table)

.init_array 
*          0    00004e6c    00000004     
                  00004e6c    00000004     main.obj (.init_array)

.vtable    0    20000000    000000e4     UNINITIALIZED
                  20000000    000000e4     interrupt.obj (.vtable)

.bss       0    200000e8    00002026     UNINITIALIZED
                  200000e8    00001ff0     main.obj (.bss:MainScheduler)
                  200020d8    0000001c     (.common:g_sContext)
                  200020f4    00000008     (.common:aDataFromADC)
                  200020fc    00000004     main.obj (.bss)
                  20002100    00000004     (.common:_ZSt16__dummy_typeinfo)
                  20002104    00000002     (.common:Lcd_ScreenHeigth)
                  20002106    00000002     (.common:Lcd_ScreenWidth)
                  20002108    00000002     (.common:Lcd_TouchTrim)
                  2000210a    00000001     (.common:Lcd_FlagRead)
                  2000210b    00000001     (.common:Lcd_FontSolid)
                  2000210c    00000001     (.common:Lcd_Orientation)
                  2000210d    00000001     (.common:Lcd_PenSolid)

.sysmem    0    20002110    00000400     UNINITIALIZED
                  20002110    00000008     rtsv7M4_T_le_v4SPD16_eabi.lib : memory.obj (.sysmem)
                  20002118    000003f8     --HOLE--

.data      0    20002510    00000080     UNINITIALIZED
                  20002510    00000030     gpio.obj (.data:GPIO_PORT_TO_BASE)
                  20002540    00000018     Servo.obj (.data:pwmConfig)
                  20002558    0000000c     rtsv7M4_T_le_v4SPD16_eabi.lib : exit.obj (.data:$O1$$)
                  20002564    0000000c                                   : memory.obj (.data:$O1$$)
                  20002570    0000000c     main.obj (.data)
                  2000257c    00000008     rtsv7M4_T_le_v4SPD16_eabi.lib : _lock.obj (.data:$O1$$)
                  20002584    00000004                                   : stkdepth_vars.obj (.data)
                  20002588    00000004                                   : vars.obj (.data)
                  2000258c    00000004     system_msp432p401r.obj (.data)

.stack     0    2000fe00    00000200     UNINITIALIZED
                  2000fe00    00000200     --HOLE--

MODULE SUMMARY

       Module                                               code    ro data   rw data
       ------                                               ----    -------   -------
    ./
       main.obj                                             1012    64        16400  
       Scheduler.obj                                        1444    40        0      
       system_msp432p401r.obj                               880     0         8      
       Screen.obj                                           664     48        56     
       Servo.obj                                            304     39        48     
       Button.obj                                           204     74        0      
       startup_msp432p401r_ccs.obj                          14      228       0      
       Task.obj                                             140     20        0      
       Ball.obj                                             44      20        0      
       LED.obj                                              12      0         0      
    +--+----------------------------------------------------+-------+---------+---------+
       Total:                                               4718    533       16512  
                                                                                     
    ./GrLib/fonts/
       fontfixed6x8.obj                                     0       960       0      
    +--+----------------------------------------------------+-------+---------+---------+
       Total:                                               0       960       0      
                                                                                     
    ./GrLib/grlib/
       line.obj                                             1168    0         0      
       context.obj                                          614     0         0      
       display.obj                                          308     0         0      
    +--+----------------------------------------------------+-------+---------+---------+
       Total:                                               2090    0         0      
                                                                                     
    ./LcdDriver/
       Crystalfontz128x128_ST7735.obj                       1656    52        20     
       HAL_MSP_EXP432P401R_Crystalfontz128x128_ST7735.obj   188     28        0      
    +--+----------------------------------------------------+-------+---------+---------+
       Total:                                               1844    80        20     
                                                                                     
    ./driverlib/MSP432P4xx/
       adc14.obj                                            2272    128       0      
       spi.obj                                              2212    0         0      
       interrupt.obj                                        1008    144       456    
       gpio.obj                                             1152    28        96     
       cpu.obj                                              62      0         0      
    +--+----------------------------------------------------+-------+---------+---------+
       Total:                                               6706    300       552    
                                                                                     
    /home/aglt93/ti/ccsv6/tools/compiler/arm_15.12.3.LTS/lib/rtsv7M4_T_le_v4SPD16_eabi.lib
       memory.obj                                           988     0         24     
       typeinfo_.obj                                        188     356       8      
       fd_div_t2.obj                                        310     0         0      
       memcpy_t2.obj                                        156     0         0      
       memset_t2.obj                                        122     0         0      
       autoinit.obj                                         112     0         0      
       copy_decompress_rle.obj                              112     0         0      
       exit.obj                                             84      0         24     
       boot.obj                                             84      0         0      
       cpy_tbl.obj                                          76      0         0      
       fd_toi_t2.obj                                        72      0         0      
       fs_tod_t2.obj                                        56      0         0      
       new_.obj                                             48      0         0      
       _lock.obj                                            20      0         16     
       args_main.obj                                        24      0         0      
       copy_decompress_none.obj                             14      0         0      
       delete.obj                                           8       0         0      
       stkdepth_vars.obj                                    0       0         8      
       vars.obj                                             0       0         8      
       pre_init.obj                                         4       0         0      
       mpu_init.obj                                         2       0         0      
       newhandler.obj                                       2       0         0      
       startup.obj                                          2       0         0      
    +--+----------------------------------------------------+-------+---------+---------+
       Total:                                               2484    356       88     
                                                                                     
       Heap:                                                0       0         2048   
       Stack:                                               0       0         1024   
       Linker Generated:                                    0       160       0      
    +--+----------------------------------------------------+-------+---------+---------+
       Grand Total:                                         17842   2389      20244  


LINKER GENERATED COPY TABLES

__TI_cinit_table @ 00004f04 records: 3, size/record: 8, table size: 24
	.data: load addr=00004e70, load size=0000006c bytes, run addr=20002510, run size=00000080 bytes, compression=rle
	.bss: load addr=00004ee0, load size=0000000b bytes, run addr=200000e8, run size=00002026 bytes, compression=rle
	.vtable: load addr=00004ef0, load size=00000009 bytes, run addr=20000000, run size=000000e4 bytes, compression=rle


LINKER GENERATED HANDLER TABLE

__TI_handler_table @ 00004efc records: 2, size/record: 4, table size: 8
	index: 0, handler: __TI_decompress_rle24
	index: 1, handler: __TI_decompress_none


GLOBAL SYMBOLS: SORTED ALPHABETICALLY BY Name 

address   name                                              
-------   ----                                              
0000290d  ADC14_IRQHandler                                  
0000290d  ADC14_IRQHandler                                  
00000939  ADC14_clearInterruptFlag                          
000004d9  ADC14_configureConversionMemory                   
00000381  ADC14_configureMultiSequenceMode                  
00000417  ADC14_configureSingleSampleMode                   
00000611  ADC14_disableComparatorWindow                     
000004af  ADC14_disableConversion                           
000008b3  ADC14_disableInterrupt                            
00000255  ADC14_disableModule                               
0000082f  ADC14_disableReferenceBurst                       
00000295  ADC14_disableSampleTimer                          
00000581  ADC14_enableComparatorWindow                      
0000046d  ADC14_enableConversion                            
00000887  ADC14_enableInterrupt                             
0000024d  ADC14_enableModule                                
00000819  ADC14_enableReferenceBurst                        
0000026b  ADC14_enableSampleTimer                           
00000909  ADC14_getEnabledInterruptStatus                   
000008df  ADC14_getInterruptStatus                          
00000739  ADC14_getMultiSequenceResult                      
0000030b  ADC14_getResolution                               
0000071f  ADC14_getResult                                   
000007a5  ADC14_getResultArray                              
000002ab  ADC14_initModule                                  
000004bb  ADC14_isBusy                                      
00000969  ADC14_registerInterrupt                           
0000066f  ADC14_setComparatorWindowValue                    
00000845  ADC14_setPowerMode                                
000002f1  ADC14_setResolution                               
000006f5  ADC14_setResultFormat                             
00000357  ADC14_setSampleHoldTime                           
00000315  ADC14_setSampleHoldTrigger                        
0000048d  ADC14_toggleConversionTrigger                     
0000097d  ADC14_unregisterInterrupt                         
0000466b  AES256_IRQHandler                                 
0000288b  BUTTON_DOWN_ISR                                   
000028d1  BUTTON_UP_ISR                                     
0000466b  BusFault_Handler                                  
00004469  C$$EXIT                                           
0000466b  COMP_E0_IRQHandler                                
0000466b  COMP_E1_IRQHandler                                
00004585  CPU_basepriGet                                    
00004577  CPU_basepriSet                                    
00004551  CPU_cpsid                                         
00004567  CPU_cpsie                                         
0000455d  CPU_primask                                       
00004573  CPU_wfi                                           
0000466b  CS_IRQHandler                                     
00001269  Crystalfontz128x128_Init                          
0000137d  Crystalfontz128x128_SetDrawFrame                  
000014ab  Crystalfontz128x128_SetOrientation                
0000466b  DMA_ERR_IRQHandler                                
0000466b  DMA_INT0_IRQHandler                               
0000466b  DMA_INT1_IRQHandler                               
0000466b  DMA_INT2_IRQHandler                               
0000466b  DMA_INT3_IRQHandler                               
200020fc  DataToServo                                       
0000466b  DebugMon_Handler                                  
0000466b  Default_Handler                                   
0000466b  EUSCIA0_IRQHandler                                
0000466b  EUSCIA1_IRQHandler                                
0000466b  EUSCIA2_IRQHandler                                
0000466b  EUSCIA3_IRQHandler                                
0000466b  EUSCIB0_IRQHandler                                
0000466b  EUSCIB1_IRQHandler                                
0000466b  EUSCIB2_IRQHandler                                
0000466b  EUSCIB3_IRQHandler                                
00001133  EUSCI_A_SPI_changeClockPhasePolarity              
000011e7  EUSCI_A_SPI_clearInterruptFlag                    
00001217  EUSCI_A_SPI_disable                               
000011b5  EUSCI_A_SPI_disableInterrupt                      
00001201  EUSCI_A_SPI_enable                                
0000119b  EUSCI_A_SPI_enableInterrupt                       
000011cf  EUSCI_A_SPI_getInterruptStatus                    
0000122d  EUSCI_A_SPI_getReceiveBufferAddressForDMA         
0000123b  EUSCI_A_SPI_getTransmitBufferAddressForDMA        
00001249  EUSCI_A_SPI_isBusy                                
000010b3  EUSCI_A_SPI_masterChangeClock                     
0000118b  EUSCI_A_SPI_receiveData                           
00001093  EUSCI_A_SPI_select4PinFunctionality               
000010e9  EUSCI_A_SPI_slaveInit                             
00001175  EUSCI_A_SPI_transmitData                          
00000f65  EUSCI_B_SPI_changeClockPhasePolarity              
00001019  EUSCI_B_SPI_clearInterruptFlag                    
00001049  EUSCI_B_SPI_disable                               
00000fe7  EUSCI_B_SPI_disableInterrupt                      
00001033  EUSCI_B_SPI_enable                                
00000fcd  EUSCI_B_SPI_enableInterrupt                       
00001001  EUSCI_B_SPI_getInterruptStatus                    
0000105f  EUSCI_B_SPI_getReceiveBufferAddressForDMA         
0000106d  EUSCI_B_SPI_getTransmitBufferAddressForDMA        
0000107b  EUSCI_B_SPI_isBusy                                
00000ee9  EUSCI_B_SPI_masterChangeClock                     
00000fbd  EUSCI_B_SPI_receiveData                           
00000ec9  EUSCI_B_SPI_select4PinFunctionality               
00000f1b  EUSCI_B_SPI_slaveInit                             
00000fa7  EUSCI_B_SPI_transmitData                          
0000466b  FLCTL_IRQHandler                                  
0000466b  FPU_IRQHandler                                    
00002637  GPIO_clearInterruptFlag                           
000025f7  GPIO_disableInterrupt                             
000025d5  GPIO_enableInterrupt                              
0000268f  GPIO_getEnabledInterruptStatus                    
000025a7  GPIO_getInputPinValue                             
00002619  GPIO_getInterruptStatus                           
00002659  GPIO_interruptEdgeSelect                          
0000274f  GPIO_registerInterrupt                            
0000234f  GPIO_setAsInputPin                                
00002503  GPIO_setAsInputPinWithPullDownResistor            
00002555  GPIO_setAsInputPinWithPullUpResistor              
00002315  GPIO_setAsOutputPin                               
00002419  GPIO_setAsPeripheralModuleFunctionInputPin        
00002395  GPIO_setAsPeripheralModuleFunctionOutputPin       
0000270b  GPIO_setDriveStrengthHigh                         
0000272d  GPIO_setDriveStrengthLow                          
0000249d  GPIO_setOutputHighOnPin                           
000024bf  GPIO_setOutputLowOnPin                            
000024e1  GPIO_toggleOutputOnPin                            
0000276f  GPIO_unregisterInterrupt                          
00003b49  Graphics_clearDisplay                             
00003e15  Graphics_clearDisplayOnDisplay                    
00003d67  Graphics_drawHorizontalLineOnDisplay              
000021a1  Graphics_drawLine                                 
00001e85  Graphics_drawLineH                                
00001f21  Graphics_drawLineV                                
00003d23  Graphics_drawMultiplePixelsOnDisplay              
00003b5b  Graphics_drawPixel                                
00003cf9  Graphics_drawPixelOnDisplay                       
00003d9b  Graphics_drawVerticalLineOnDisplay                
00003dcf  Graphics_fillRectangleOnDisplay                   
00003b3b  Graphics_flushBuffer                              
00003e03  Graphics_flushOnDisplay                           
00003b1d  Graphics_getDisplayHeight                         
00003b0d  Graphics_getDisplayWidth                          
00003abb  Graphics_getFontBaseline                          
00003af1  Graphics_getFontHeight                            
00003aff  Graphics_getFontMaxWidth                          
00003b2d  Graphics_getHeightOfDisplay                       
00003bb5  Graphics_getWidthOfDisplay                        
0000395d  Graphics_initContext                              
00003a71  Graphics_setBackgroundColor                       
00003a8b  Graphics_setBackgroundColorTranslated             
000039a7  Graphics_setClipRegion                            
00003aa1  Graphics_setFont                                  
00003ac9  Graphics_setForegroundColor                       
00003adf  Graphics_setForegroundColorTranslated             
00003ded  Graphics_translateColorOnDisplay                  
00004029  HAL_LCD_PortInit                                  
00004059  HAL_LCD_SpiInit                                   
0000408f  HAL_LCD_writeCommand                              
000040b7  HAL_LCD_writeData                                 
0000466b  HardFault_Handler                                 
00002d4b  Interrupt_disableInterrupt                        
00002b9b  Interrupt_disableMaster                           
00002f49  Interrupt_disableSleepOnIsrExit                   
00002cd9  Interrupt_enableInterrupt                         
00002b8b  Interrupt_enableMaster                            
00002f37  Interrupt_enableSleepOnIsrExit                    
00002cb3  Interrupt_getPriority                             
00002c2b  Interrupt_getPriorityGrouping                     
00002f17  Interrupt_getPriorityMask                         
00002f31  Interrupt_getVectorTableAddress                   
00002dbd  Interrupt_isEnabled                               
00002e49  Interrupt_pendInterrupt                           
00002bab  Interrupt_registerInterrupt                       
00002c63  Interrupt_setPriority                             
00002c11  Interrupt_setPriorityGrouping                     
00002f07  Interrupt_setPriorityMask                         
00002f21  Interrupt_setVectorTableAddress                   
00002eb9  Interrupt_unpendInterrupt                         
00002bfd  Interrupt_unregisterInterrupt                     
2000210a  Lcd_FlagRead                                      
2000210b  Lcd_FontSolid                                     
2000210c  Lcd_Orientation                                   
2000210d  Lcd_PenSolid                                      
20002104  Lcd_ScreenHeigth                                  
20002106  Lcd_ScreenWidth                                   
20002108  Lcd_TouchTrim                                     
200000e8  MainScheduler                                     
0000466b  MemManage_Handler                                 
0000466b  NMI_Handler                                       
0000466b  PCM_IRQHandler                                    
0000466b  PORT1_IRQHandler                                  
0000466b  PORT2_IRQHandler                                  
0000466b  PORT3_IRQHandler                                  
0000466b  PORT4_IRQHandler                                  
0000466b  PORT5_IRQHandler                                  
0000466b  PORT6_IRQHandler                                  
0000466b  PSS_IRQHandler                                    
0000466b  PendSV_Handler                                    
0000466b  RTC_C_IRQHandler                                  
0000465f  Reset_Handler                                     
00004e6c  SHT$$INIT_ARRAY$$Base                             
00004e70  SHT$$INIT_ARRAY$$Limit                            
00000b87  SPI_changeClockPhasePolarity                      
00000ae1  SPI_changeMasterClock                             
00000d39  SPI_clearInterruptFlag                            
00000cbb  SPI_disableInterrupt                              
00000c15  SPI_disableModule                                 
00000c95  SPI_enableInterrupt                               
00000bf9  SPI_enableModule                                  
00000d09  SPI_getEnabledInterruptStatus                     
00000ce1  SPI_getInterruptStatus                            
00000c31  SPI_getReceiveBufferAddressForDMA                 
00000c4d  SPI_getTransmitBufferAddressForDMA                
000009f5  SPI_initMaster                                    
00000b09  SPI_initSlave                                     
00000c79  SPI_isBusy                                        
00000bdd  SPI_receiveData                                   
00000d5f  SPI_registerInterrupt                             
00000abb  SPI_selectFourPinFunctionality                    
00000bb7  SPI_transmitData                                  
00000e1d  SPI_unregisterInterrupt                           
0000466b  SVC_Handler                                       
0000466b  SysTick_Handler                                   
2000258c  SystemCoreClock                                   
00003355  SystemCoreClockUpdate                             
000035c9  SystemInit                                        
000028ef  T32_INT1_IRQHandler                               
000028ef  T32_INT1_IRQHandler                               
0000466b  T32_INT2_IRQHandler                               
0000466b  T32_INTC_IRQHandler                               
0000466b  TA0_0_IRQHandler                                  
0000466b  TA0_N_IRQHandler                                  
0000466b  TA1_0_IRQHandler                                  
0000466b  TA1_N_IRQHandler                                  
0000466b  TA2_0_IRQHandler                                  
0000466b  TA2_N_IRQHandler                                  
0000466b  TA3_0_IRQHandler                                  
0000466b  TA3_N_IRQHandler                                  
0000466b  UsageFault_Handler                                
4000480c  WDTCTL_SYM                                        
0000466b  WDT_A_IRQHandler                                  
00004413  _Z21__default_new_handlerv                        
00002a91  _Z5Setupv                                         
000029ab  _Z8setupADCv                                      
00004191  _ZN10__cxxabiv116__enum_type_infoD0Ev             
0000418f  _ZN10__cxxabiv116__enum_type_infoD1Ev             
0000418f  _ZN10__cxxabiv116__enum_type_infoD2Ev             
00004187  _ZN10__cxxabiv117__array_type_infoD0Ev            
00004185  _ZN10__cxxabiv117__array_type_infoD1Ev            
00004185  _ZN10__cxxabiv117__array_type_infoD2Ev            
0000417d  _ZN10__cxxabiv117__class_type_infoD0Ev            
0000417b  _ZN10__cxxabiv117__class_type_infoD1Ev            
0000417b  _ZN10__cxxabiv117__class_type_infoD2Ev            
00004173  _ZN10__cxxabiv117__pbase_type_infoD0Ev            
00004171  _ZN10__cxxabiv117__pbase_type_infoD1Ev            
00004171  _ZN10__cxxabiv117__pbase_type_infoD2Ev            
00004169  _ZN10__cxxabiv119__pointer_type_infoD0Ev          
00004167  _ZN10__cxxabiv119__pointer_type_infoD1Ev          
00004167  _ZN10__cxxabiv119__pointer_type_infoD2Ev          
0000415f  _ZN10__cxxabiv120__function_type_infoD0Ev         
0000415d  _ZN10__cxxabiv120__function_type_infoD1Ev         
0000415d  _ZN10__cxxabiv120__function_type_infoD2Ev         
00004155  _ZN10__cxxabiv120__si_class_type_infoD0Ev         
00004153  _ZN10__cxxabiv120__si_class_type_infoD1Ev         
00004153  _ZN10__cxxabiv120__si_class_type_infoD2Ev         
0000414b  _ZN10__cxxabiv121__vmi_class_type_infoD0Ev        
00004149  _ZN10__cxxabiv121__vmi_class_type_infoD1Ev        
00004149  _ZN10__cxxabiv121__vmi_class_type_infoD2Ev        
00004141  _ZN10__cxxabiv123__fundamental_type_infoD0Ev      
0000413f  _ZN10__cxxabiv123__fundamental_type_infoD1Ev      
0000413f  _ZN10__cxxabiv123__fundamental_type_infoD2Ev      
00004137  _ZN10__cxxabiv129__pointer_to_member_type_infoD0Ev
00004135  _ZN10__cxxabiv129__pointer_to_member_type_infoD1Ev
00004135  _ZN10__cxxabiv129__pointer_to_member_type_infoD2Ev
000045f9  _ZN4Task11SendMessageEv                           
0000466d  _ZN4Task14ProcessMessageE3MSG                     
000042a7  _ZN4Task17GetTaskFinalCountEv                     
00004279  _ZN4Task17SetTaskFinalCountEy                     
00004297  _ZN4Task19GetTaskCurrentCountEv                   
0000425b  _ZN4Task19SetTaskCurrentCountEy                   
00004679  _ZN4Task3runEv                                    
0000423d  _ZN4TaskC1Ev                                      
0000423d  _ZN4TaskC2Ev                                      
00003ead  _ZN5Servo14ProcessMessageE3MSG                    
00003f11  _ZN5Servo19ADCtoServoValueConvEi                  
00003ea1  _ZN5Servo3runEv                                   
00003e2d  _ZN5ServoC1Eibii                                  
00003e2d  _ZN5ServoC2Eibii                                  
00003ffb  _ZN6Button11SendMessageEv                         
00003fdf  _ZN6Button14ProcessMessageE3MSG                   
00003fd3  _ZN6Button3runEv                                  
00003f5d  _ZN6ButtonC1Eibiiy                                
00003f5d  _ZN6ButtonC2Eibiiy                                
0000378f  _ZN6Screen11printScreenEhht                       
00003737  _ZN6Screen14ProcessMessageE3MSG                   
00003907  _ZN6Screen20ADCtoScreenValueConvEi                
0000372b  _ZN6Screen3runEv                                  
000036c5  _ZN6ScreenC1Eib                                   
000036c5  _ZN6ScreenC2Eib                                   
00001c09  _ZN9Scheduler13attachMessageE3MSG                 
00001e15  _ZN9Scheduler14processMessageE3MSG                
00001c65  _ZN9Scheduler17clearMessageQueueEv                
00001dcb  _ZN9Scheduler18clearNextSchedulerEv               
00001b29  _ZN9Scheduler19ProcessMessageQueueEv              
00001a5b  _ZN9Scheduler21CalculateNextScheduleEv            
00001e69  _ZN9Scheduler22SortScheduleByPriorityEP4Task      
000019fd  _ZN9Scheduler3runEv                               
00001987  _ZN9Scheduler6attachEP4Task                       
000018e1  _ZN9SchedulerC1Ev                                 
000018e1  _ZN9SchedulerC2Ev                                 
000040f7  _ZNKSt9type_info4nameEv                           
00004127  _ZNKSt9type_info6beforeERKS_                      
00004111  _ZNKSt9type_infoeqERKS_                           
000040fb  _ZNKSt9type_infoneERKS_                           
000040ef  _ZNSt9type_infoD0Ev                               
000040ed  _ZNSt9type_infoD1Ev                               
000040ed  _ZNSt9type_infoD2Ev                               
20002100  _ZSt16__dummy_typeinfo                            
000040e5  _ZSt21__gen_dummy_typeinfosv                      
00004e10  _ZTI4Task                                         
00004da8  _ZTI5Servo                                        
00004db4  _ZTI6Button                                       
00004dc0  _ZTI6Screen                                       
00004dcc  _ZTIN10__cxxabiv117__class_type_infoE             
00004dd8  _ZTIN10__cxxabiv117__pbase_type_infoE             
00004de4  _ZTIN10__cxxabiv119__pointer_type_infoE           
00004df0  _ZTIN10__cxxabiv120__si_class_type_infoE          
00004dfc  _ZTIN10__cxxabiv123__fundamental_type_infoE       
00004d48  _ZTIPKe                                           
00004e18  _ZTISt9type_info                                  
00004e20  _ZTIe                                             
00004e5f  _ZTS4Task                                         
00004e58  _ZTS5Servo                                        
00004e28  _ZTS6Button                                       
00004e30  _ZTS6Screen                                       
00004bc5  _ZTSN10__cxxabiv117__class_type_infoE             
00004be7  _ZTSN10__cxxabiv117__pbase_type_infoE             
00004ba1  _ZTSN10__cxxabiv119__pointer_type_infoE           
00004b7c  _ZTSN10__cxxabiv120__si_class_type_infoE          
00004b54  _ZTSN10__cxxabiv123__fundamental_type_infoE       
00004e65  _ZTSPKe                                           
00004d98  _ZTSSt9type_info                                  
00004c09  _ZTSe                                             
00004d0c  _ZTV4Task                                         
00004d20  _ZTV5Servo                                        
00004d34  _ZTV6Button                                       
00004c64  _ZTV6Screen                                       
00004d58  _ZTVN10__cxxabiv117__class_type_infoE             
00004d68  _ZTVN10__cxxabiv119__pointer_type_infoE           
00004d78  _ZTVN10__cxxabiv120__si_class_type_infoE          
00004d88  _ZTVN10__cxxabiv123__fundamental_type_infoE       
00004685  _ZdlPv                                            
000045c9  _Znwj                                             
20010000  __STACK_END                                       
00000200  __STACK_SIZE                                      
00000400  __SYSMEM_SIZE                                     
00004f04  __TI_CINIT_Base                                   
00004f1c  __TI_CINIT_Limit                                  
00004efc  __TI_Handler_Table_Base                           
00004f04  __TI_Handler_Table_Limit                          
00004339  __TI_auto_init                                    
20002558  __TI_cleanup_ptr                                  
00004651  __TI_decompress_none                              
0000468d  __TI_decompress_rle24                             
2000255c  __TI_dtors_ptr                                    
20002560  __TI_enable_exit_profile_output                   
ffffffff  __TI_pprof_out_hndl                               
ffffffff  __TI_prof_data_size                               
ffffffff  __TI_prof_data_start                              
00000000  __TI_static_base__                                
00004509  __aeabi_d2iz                                      
00003bc3  __aeabi_ddiv                                      
0000458f  __aeabi_f2d                                       
000042bd  __aeabi_memclr                                    
000042bd  __aeabi_memclr4                                   
000042bd  __aeabi_memclr8                                   
000041a1  __aeabi_memcpy                                    
000041a1  __aeabi_memcpy4                                   
000041a1  __aeabi_memcpy8                                   
000042bf  __aeabi_memset                                    
000042bf  __aeabi_memset4                                   
000042bf  __aeabi_memset8                                   
ffffffff  __binit__                                         
ffffffff  __c_args__                                        
00004337  __mpu_init                                        
2000fe00  __stack                                           
00002b15  __sti___8_main_cpp_2c535ab5                       
00004625  _args_main                                        
00004415  _c_int00                                          
2000257c  _lock                                             
20002588  _new_handler                                      
0000464b  _nop                                              
00004643  _register_lock                                    
0000463d  _register_unlock                                  
20002110  _sys_memory                                       
000045c7  _system_post_cinit                                
00004693  _system_pre_init                                  
20002580  _unlock                                           
200020f4  aDataFromADC                                      
0000446d  abort                                             
ffffffff  binit                                             
00003321  calloc                                            
000044bd  copy_in                                           
00004475  exit                                              
0000306f  free                                              
20000000  g_pfnRAMVectors                                   
200020d8  g_sContext                                        
00004b28  g_sCrystalfontz128x128                            
00004990  g_sFontFixed6x8                                   
00000000  interruptVectors                                  
000027ff  main                                              
20002584  main_func_sp                                      
00003007  malloc                                            
0000323d  memalign                                          
000041a1  memcpy                                            
000042c5  memset                                            
00002f79  minit                                             
20002578  pDataToScreen                                     
20002540  pwmConfig                                         
00003131  realloc                                           


GLOBAL SYMBOLS: SORTED BY Symbol Address 

address   name                                              
-------   ----                                              
00000000  __TI_static_base__                                
00000000  interruptVectors                                  
00000200  __STACK_SIZE                                      
0000024d  ADC14_enableModule                                
00000255  ADC14_disableModule                               
0000026b  ADC14_enableSampleTimer                           
00000295  ADC14_disableSampleTimer                          
000002ab  ADC14_initModule                                  
000002f1  ADC14_setResolution                               
0000030b  ADC14_getResolution                               
00000315  ADC14_setSampleHoldTrigger                        
00000357  ADC14_setSampleHoldTime                           
00000381  ADC14_configureMultiSequenceMode                  
00000400  __SYSMEM_SIZE                                     
00000417  ADC14_configureSingleSampleMode                   
0000046d  ADC14_enableConversion                            
0000048d  ADC14_toggleConversionTrigger                     
000004af  ADC14_disableConversion                           
000004bb  ADC14_isBusy                                      
000004d9  ADC14_configureConversionMemory                   
00000581  ADC14_enableComparatorWindow                      
00000611  ADC14_disableComparatorWindow                     
0000066f  ADC14_setComparatorWindowValue                    
000006f5  ADC14_setResultFormat                             
0000071f  ADC14_getResult                                   
00000739  ADC14_getMultiSequenceResult                      
000007a5  ADC14_getResultArray                              
00000819  ADC14_enableReferenceBurst                        
0000082f  ADC14_disableReferenceBurst                       
00000845  ADC14_setPowerMode                                
00000887  ADC14_enableInterrupt                             
000008b3  ADC14_disableInterrupt                            
000008df  ADC14_getInterruptStatus                          
00000909  ADC14_getEnabledInterruptStatus                   
00000939  ADC14_clearInterruptFlag                          
00000969  ADC14_registerInterrupt                           
0000097d  ADC14_unregisterInterrupt                         
000009f5  SPI_initMaster                                    
00000abb  SPI_selectFourPinFunctionality                    
00000ae1  SPI_changeMasterClock                             
00000b09  SPI_initSlave                                     
00000b87  SPI_changeClockPhasePolarity                      
00000bb7  SPI_transmitData                                  
00000bdd  SPI_receiveData                                   
00000bf9  SPI_enableModule                                  
00000c15  SPI_disableModule                                 
00000c31  SPI_getReceiveBufferAddressForDMA                 
00000c4d  SPI_getTransmitBufferAddressForDMA                
00000c79  SPI_isBusy                                        
00000c95  SPI_enableInterrupt                               
00000cbb  SPI_disableInterrupt                              
00000ce1  SPI_getInterruptStatus                            
00000d09  SPI_getEnabledInterruptStatus                     
00000d39  SPI_clearInterruptFlag                            
00000d5f  SPI_registerInterrupt                             
00000e1d  SPI_unregisterInterrupt                           
00000ec9  EUSCI_B_SPI_select4PinFunctionality               
00000ee9  EUSCI_B_SPI_masterChangeClock                     
00000f1b  EUSCI_B_SPI_slaveInit                             
00000f65  EUSCI_B_SPI_changeClockPhasePolarity              
00000fa7  EUSCI_B_SPI_transmitData                          
00000fbd  EUSCI_B_SPI_receiveData                           
00000fcd  EUSCI_B_SPI_enableInterrupt                       
00000fe7  EUSCI_B_SPI_disableInterrupt                      
00001001  EUSCI_B_SPI_getInterruptStatus                    
00001019  EUSCI_B_SPI_clearInterruptFlag                    
00001033  EUSCI_B_SPI_enable                                
00001049  EUSCI_B_SPI_disable                               
0000105f  EUSCI_B_SPI_getReceiveBufferAddressForDMA         
0000106d  EUSCI_B_SPI_getTransmitBufferAddressForDMA        
0000107b  EUSCI_B_SPI_isBusy                                
00001093  EUSCI_A_SPI_select4PinFunctionality               
000010b3  EUSCI_A_SPI_masterChangeClock                     
000010e9  EUSCI_A_SPI_slaveInit                             
00001133  EUSCI_A_SPI_changeClockPhasePolarity              
00001175  EUSCI_A_SPI_transmitData                          
0000118b  EUSCI_A_SPI_receiveData                           
0000119b  EUSCI_A_SPI_enableInterrupt                       
000011b5  EUSCI_A_SPI_disableInterrupt                      
000011cf  EUSCI_A_SPI_getInterruptStatus                    
000011e7  EUSCI_A_SPI_clearInterruptFlag                    
00001201  EUSCI_A_SPI_enable                                
00001217  EUSCI_A_SPI_disable                               
0000122d  EUSCI_A_SPI_getReceiveBufferAddressForDMA         
0000123b  EUSCI_A_SPI_getTransmitBufferAddressForDMA        
00001249  EUSCI_A_SPI_isBusy                                
00001269  Crystalfontz128x128_Init                          
0000137d  Crystalfontz128x128_SetDrawFrame                  
000014ab  Crystalfontz128x128_SetOrientation                
000018e1  _ZN9SchedulerC1Ev                                 
000018e1  _ZN9SchedulerC2Ev                                 
00001987  _ZN9Scheduler6attachEP4Task                       
000019fd  _ZN9Scheduler3runEv                               
00001a5b  _ZN9Scheduler21CalculateNextScheduleEv            
00001b29  _ZN9Scheduler19ProcessMessageQueueEv              
00001c09  _ZN9Scheduler13attachMessageE3MSG                 
00001c65  _ZN9Scheduler17clearMessageQueueEv                
00001dcb  _ZN9Scheduler18clearNextSchedulerEv               
00001e15  _ZN9Scheduler14processMessageE3MSG                
00001e69  _ZN9Scheduler22SortScheduleByPriorityEP4Task      
00001e85  Graphics_drawLineH                                
00001f21  Graphics_drawLineV                                
000021a1  Graphics_drawLine                                 
00002315  GPIO_setAsOutputPin                               
0000234f  GPIO_setAsInputPin                                
00002395  GPIO_setAsPeripheralModuleFunctionOutputPin       
00002419  GPIO_setAsPeripheralModuleFunctionInputPin        
0000249d  GPIO_setOutputHighOnPin                           
000024bf  GPIO_setOutputLowOnPin                            
000024e1  GPIO_toggleOutputOnPin                            
00002503  GPIO_setAsInputPinWithPullDownResistor            
00002555  GPIO_setAsInputPinWithPullUpResistor              
000025a7  GPIO_getInputPinValue                             
000025d5  GPIO_enableInterrupt                              
000025f7  GPIO_disableInterrupt                             
00002619  GPIO_getInterruptStatus                           
00002637  GPIO_clearInterruptFlag                           
00002659  GPIO_interruptEdgeSelect                          
0000268f  GPIO_getEnabledInterruptStatus                    
0000270b  GPIO_setDriveStrengthHigh                         
0000272d  GPIO_setDriveStrengthLow                          
0000274f  GPIO_registerInterrupt                            
0000276f  GPIO_unregisterInterrupt                          
000027ff  main                                              
0000288b  BUTTON_DOWN_ISR                                   
000028d1  BUTTON_UP_ISR                                     
000028ef  T32_INT1_IRQHandler                               
000028ef  T32_INT1_IRQHandler                               
0000290d  ADC14_IRQHandler                                  
0000290d  ADC14_IRQHandler                                  
000029ab  _Z8setupADCv                                      
00002a91  _Z5Setupv                                         
00002b15  __sti___8_main_cpp_2c535ab5                       
00002b8b  Interrupt_enableMaster                            
00002b9b  Interrupt_disableMaster                           
00002bab  Interrupt_registerInterrupt                       
00002bfd  Interrupt_unregisterInterrupt                     
00002c11  Interrupt_setPriorityGrouping                     
00002c2b  Interrupt_getPriorityGrouping                     
00002c63  Interrupt_setPriority                             
00002cb3  Interrupt_getPriority                             
00002cd9  Interrupt_enableInterrupt                         
00002d4b  Interrupt_disableInterrupt                        
00002dbd  Interrupt_isEnabled                               
00002e49  Interrupt_pendInterrupt                           
00002eb9  Interrupt_unpendInterrupt                         
00002f07  Interrupt_setPriorityMask                         
00002f17  Interrupt_getPriorityMask                         
00002f21  Interrupt_setVectorTableAddress                   
00002f31  Interrupt_getVectorTableAddress                   
00002f37  Interrupt_enableSleepOnIsrExit                    
00002f49  Interrupt_disableSleepOnIsrExit                   
00002f79  minit                                             
00003007  malloc                                            
0000306f  free                                              
00003131  realloc                                           
0000323d  memalign                                          
00003321  calloc                                            
00003355  SystemCoreClockUpdate                             
000035c9  SystemInit                                        
000036c5  _ZN6ScreenC1Eib                                   
000036c5  _ZN6ScreenC2Eib                                   
0000372b  _ZN6Screen3runEv                                  
00003737  _ZN6Screen14ProcessMessageE3MSG                   
0000378f  _ZN6Screen11printScreenEhht                       
00003907  _ZN6Screen20ADCtoScreenValueConvEi                
0000395d  Graphics_initContext                              
000039a7  Graphics_setClipRegion                            
00003a71  Graphics_setBackgroundColor                       
00003a8b  Graphics_setBackgroundColorTranslated             
00003aa1  Graphics_setFont                                  
00003abb  Graphics_getFontBaseline                          
00003ac9  Graphics_setForegroundColor                       
00003adf  Graphics_setForegroundColorTranslated             
00003af1  Graphics_getFontHeight                            
00003aff  Graphics_getFontMaxWidth                          
00003b0d  Graphics_getDisplayWidth                          
00003b1d  Graphics_getDisplayHeight                         
00003b2d  Graphics_getHeightOfDisplay                       
00003b3b  Graphics_flushBuffer                              
00003b49  Graphics_clearDisplay                             
00003b5b  Graphics_drawPixel                                
00003bb5  Graphics_getWidthOfDisplay                        
00003bc3  __aeabi_ddiv                                      
00003cf9  Graphics_drawPixelOnDisplay                       
00003d23  Graphics_drawMultiplePixelsOnDisplay              
00003d67  Graphics_drawHorizontalLineOnDisplay              
00003d9b  Graphics_drawVerticalLineOnDisplay                
00003dcf  Graphics_fillRectangleOnDisplay                   
00003ded  Graphics_translateColorOnDisplay                  
00003e03  Graphics_flushOnDisplay                           
00003e15  Graphics_clearDisplayOnDisplay                    
00003e2d  _ZN5ServoC1Eibii                                  
00003e2d  _ZN5ServoC2Eibii                                  
00003ea1  _ZN5Servo3runEv                                   
00003ead  _ZN5Servo14ProcessMessageE3MSG                    
00003f11  _ZN5Servo19ADCtoServoValueConvEi                  
00003f5d  _ZN6ButtonC1Eibiiy                                
00003f5d  _ZN6ButtonC2Eibiiy                                
00003fd3  _ZN6Button3runEv                                  
00003fdf  _ZN6Button14ProcessMessageE3MSG                   
00003ffb  _ZN6Button11SendMessageEv                         
00004029  HAL_LCD_PortInit                                  
00004059  HAL_LCD_SpiInit                                   
0000408f  HAL_LCD_writeCommand                              
000040b7  HAL_LCD_writeData                                 
000040e5  _ZSt21__gen_dummy_typeinfosv                      
000040ed  _ZNSt9type_infoD1Ev                               
000040ed  _ZNSt9type_infoD2Ev                               
000040ef  _ZNSt9type_infoD0Ev                               
000040f7  _ZNKSt9type_info4nameEv                           
000040fb  _ZNKSt9type_infoneERKS_                           
00004111  _ZNKSt9type_infoeqERKS_                           
00004127  _ZNKSt9type_info6beforeERKS_                      
00004135  _ZN10__cxxabiv129__pointer_to_member_type_infoD1Ev
00004135  _ZN10__cxxabiv129__pointer_to_member_type_infoD2Ev
00004137  _ZN10__cxxabiv129__pointer_to_member_type_infoD0Ev
0000413f  _ZN10__cxxabiv123__fundamental_type_infoD1Ev      
0000413f  _ZN10__cxxabiv123__fundamental_type_infoD2Ev      
00004141  _ZN10__cxxabiv123__fundamental_type_infoD0Ev      
00004149  _ZN10__cxxabiv121__vmi_class_type_infoD1Ev        
00004149  _ZN10__cxxabiv121__vmi_class_type_infoD2Ev        
0000414b  _ZN10__cxxabiv121__vmi_class_type_infoD0Ev        
00004153  _ZN10__cxxabiv120__si_class_type_infoD1Ev         
00004153  _ZN10__cxxabiv120__si_class_type_infoD2Ev         
00004155  _ZN10__cxxabiv120__si_class_type_infoD0Ev         
0000415d  _ZN10__cxxabiv120__function_type_infoD1Ev         
0000415d  _ZN10__cxxabiv120__function_type_infoD2Ev         
0000415f  _ZN10__cxxabiv120__function_type_infoD0Ev         
00004167  _ZN10__cxxabiv119__pointer_type_infoD1Ev          
00004167  _ZN10__cxxabiv119__pointer_type_infoD2Ev          
00004169  _ZN10__cxxabiv119__pointer_type_infoD0Ev          
00004171  _ZN10__cxxabiv117__pbase_type_infoD1Ev            
00004171  _ZN10__cxxabiv117__pbase_type_infoD2Ev            
00004173  _ZN10__cxxabiv117__pbase_type_infoD0Ev            
0000417b  _ZN10__cxxabiv117__class_type_infoD1Ev            
0000417b  _ZN10__cxxabiv117__class_type_infoD2Ev            
0000417d  _ZN10__cxxabiv117__class_type_infoD0Ev            
00004185  _ZN10__cxxabiv117__array_type_infoD1Ev            
00004185  _ZN10__cxxabiv117__array_type_infoD2Ev            
00004187  _ZN10__cxxabiv117__array_type_infoD0Ev            
0000418f  _ZN10__cxxabiv116__enum_type_infoD1Ev             
0000418f  _ZN10__cxxabiv116__enum_type_infoD2Ev             
00004191  _ZN10__cxxabiv116__enum_type_infoD0Ev             
000041a1  __aeabi_memcpy                                    
000041a1  __aeabi_memcpy4                                   
000041a1  __aeabi_memcpy8                                   
000041a1  memcpy                                            
0000423d  _ZN4TaskC1Ev                                      
0000423d  _ZN4TaskC2Ev                                      
0000425b  _ZN4Task19SetTaskCurrentCountEy                   
00004279  _ZN4Task17SetTaskFinalCountEy                     
00004297  _ZN4Task19GetTaskCurrentCountEv                   
000042a7  _ZN4Task17GetTaskFinalCountEv                     
000042bd  __aeabi_memclr                                    
000042bd  __aeabi_memclr4                                   
000042bd  __aeabi_memclr8                                   
000042bf  __aeabi_memset                                    
000042bf  __aeabi_memset4                                   
000042bf  __aeabi_memset8                                   
000042c5  memset                                            
00004337  __mpu_init                                        
00004339  __TI_auto_init                                    
00004413  _Z21__default_new_handlerv                        
00004415  _c_int00                                          
00004469  C$$EXIT                                           
0000446d  abort                                             
00004475  exit                                              
000044bd  copy_in                                           
00004509  __aeabi_d2iz                                      
00004551  CPU_cpsid                                         
0000455d  CPU_primask                                       
00004567  CPU_cpsie                                         
00004573  CPU_wfi                                           
00004577  CPU_basepriSet                                    
00004585  CPU_basepriGet                                    
0000458f  __aeabi_f2d                                       
000045c7  _system_post_cinit                                
000045c9  _Znwj                                             
000045f9  _ZN4Task11SendMessageEv                           
00004625  _args_main                                        
0000463d  _register_unlock                                  
00004643  _register_lock                                    
0000464b  _nop                                              
00004651  __TI_decompress_none                              
0000465f  Reset_Handler                                     
0000466b  AES256_IRQHandler                                 
0000466b  BusFault_Handler                                  
0000466b  COMP_E0_IRQHandler                                
0000466b  COMP_E1_IRQHandler                                
0000466b  CS_IRQHandler                                     
0000466b  DMA_ERR_IRQHandler                                
0000466b  DMA_INT0_IRQHandler                               
0000466b  DMA_INT1_IRQHandler                               
0000466b  DMA_INT2_IRQHandler                               
0000466b  DMA_INT3_IRQHandler                               
0000466b  DebugMon_Handler                                  
0000466b  Default_Handler                                   
0000466b  EUSCIA0_IRQHandler                                
0000466b  EUSCIA1_IRQHandler                                
0000466b  EUSCIA2_IRQHandler                                
0000466b  EUSCIA3_IRQHandler                                
0000466b  EUSCIB0_IRQHandler                                
0000466b  EUSCIB1_IRQHandler                                
0000466b  EUSCIB2_IRQHandler                                
0000466b  EUSCIB3_IRQHandler                                
0000466b  FLCTL_IRQHandler                                  
0000466b  FPU_IRQHandler                                    
0000466b  HardFault_Handler                                 
0000466b  MemManage_Handler                                 
0000466b  NMI_Handler                                       
0000466b  PCM_IRQHandler                                    
0000466b  PORT1_IRQHandler                                  
0000466b  PORT2_IRQHandler                                  
0000466b  PORT3_IRQHandler                                  
0000466b  PORT4_IRQHandler                                  
0000466b  PORT5_IRQHandler                                  
0000466b  PORT6_IRQHandler                                  
0000466b  PSS_IRQHandler                                    
0000466b  PendSV_Handler                                    
0000466b  RTC_C_IRQHandler                                  
0000466b  SVC_Handler                                       
0000466b  SysTick_Handler                                   
0000466b  T32_INT2_IRQHandler                               
0000466b  T32_INTC_IRQHandler                               
0000466b  TA0_0_IRQHandler                                  
0000466b  TA0_N_IRQHandler                                  
0000466b  TA1_0_IRQHandler                                  
0000466b  TA1_N_IRQHandler                                  
0000466b  TA2_0_IRQHandler                                  
0000466b  TA2_N_IRQHandler                                  
0000466b  TA3_0_IRQHandler                                  
0000466b  TA3_N_IRQHandler                                  
0000466b  UsageFault_Handler                                
0000466b  WDT_A_IRQHandler                                  
0000466d  _ZN4Task14ProcessMessageE3MSG                     
00004679  _ZN4Task3runEv                                    
00004685  _ZdlPv                                            
0000468d  __TI_decompress_rle24                             
00004693  _system_pre_init                                  
00004990  g_sFontFixed6x8                                   
00004b28  g_sCrystalfontz128x128                            
00004b54  _ZTSN10__cxxabiv123__fundamental_type_infoE       
00004b7c  _ZTSN10__cxxabiv120__si_class_type_infoE          
00004ba1  _ZTSN10__cxxabiv119__pointer_type_infoE           
00004bc5  _ZTSN10__cxxabiv117__class_type_infoE             
00004be7  _ZTSN10__cxxabiv117__pbase_type_infoE             
00004c09  _ZTSe                                             
00004c64  _ZTV6Screen                                       
00004d0c  _ZTV4Task                                         
00004d20  _ZTV5Servo                                        
00004d34  _ZTV6Button                                       
00004d48  _ZTIPKe                                           
00004d58  _ZTVN10__cxxabiv117__class_type_infoE             
00004d68  _ZTVN10__cxxabiv119__pointer_type_infoE           
00004d78  _ZTVN10__cxxabiv120__si_class_type_infoE          
00004d88  _ZTVN10__cxxabiv123__fundamental_type_infoE       
00004d98  _ZTSSt9type_info                                  
00004da8  _ZTI5Servo                                        
00004db4  _ZTI6Button                                       
00004dc0  _ZTI6Screen                                       
00004dcc  _ZTIN10__cxxabiv117__class_type_infoE             
00004dd8  _ZTIN10__cxxabiv117__pbase_type_infoE             
00004de4  _ZTIN10__cxxabiv119__pointer_type_infoE           
00004df0  _ZTIN10__cxxabiv120__si_class_type_infoE          
00004dfc  _ZTIN10__cxxabiv123__fundamental_type_infoE       
00004e10  _ZTI4Task                                         
00004e18  _ZTISt9type_info                                  
00004e20  _ZTIe                                             
00004e28  _ZTS6Button                                       
00004e30  _ZTS6Screen                                       
00004e58  _ZTS5Servo                                        
00004e5f  _ZTS4Task                                         
00004e65  _ZTSPKe                                           
00004e6c  SHT$$INIT_ARRAY$$Base                             
00004e70  SHT$$INIT_ARRAY$$Limit                            
00004efc  __TI_Handler_Table_Base                           
00004f04  __TI_CINIT_Base                                   
00004f04  __TI_Handler_Table_Limit                          
00004f1c  __TI_CINIT_Limit                                  
20000000  g_pfnRAMVectors                                   
200000e8  MainScheduler                                     
200020d8  g_sContext                                        
200020f4  aDataFromADC                                      
200020fc  DataToServo                                       
20002100  _ZSt16__dummy_typeinfo                            
20002104  Lcd_ScreenHeigth                                  
20002106  Lcd_ScreenWidth                                   
20002108  Lcd_TouchTrim                                     
2000210a  Lcd_FlagRead                                      
2000210b  Lcd_FontSolid                                     
2000210c  Lcd_Orientation                                   
2000210d  Lcd_PenSolid                                      
20002110  _sys_memory                                       
20002540  pwmConfig                                         
20002558  __TI_cleanup_ptr                                  
2000255c  __TI_dtors_ptr                                    
20002560  __TI_enable_exit_profile_output                   
20002578  pDataToScreen                                     
2000257c  _lock                                             
20002580  _unlock                                           
20002584  main_func_sp                                      
20002588  _new_handler                                      
2000258c  SystemCoreClock                                   
2000fe00  __stack                                           
20010000  __STACK_END                                       
4000480c  WDTCTL_SYM                                        
ffffffff  __TI_pprof_out_hndl                               
ffffffff  __TI_prof_data_size                               
ffffffff  __TI_prof_data_start                              
ffffffff  __binit__                                         
ffffffff  __c_args__                                        
ffffffff  binit                                             

[413 symbols]
