<?xml version="1.0"?>
<link_info>
   <banner>TI ARM Linker Unix v15.12.3.LTS</banner>
   <copyright>Copyright (c) 1996-2015 Texas Instruments Incorporated</copyright>
   <link_time>0x584dc8d9</link_time>
   <link_errors>0x0</link_errors>
   <output_file>finalProject.out</output_file>
   <entry_point>
      <name>_c_int00</name>
      <address>0x6e91</address>
   </entry_point>
   <input_file_list>
      <input_file id="fl-2">
         <path>./</path>
         <kind>object</kind>
         <file>Ball.obj</file>
         <name>Ball.obj</name>
      </input_file>
      <input_file id="fl-3">
         <path>./</path>
         <kind>object</kind>
         <file>Button.obj</file>
         <name>Button.obj</name>
      </input_file>
      <input_file id="fl-4">
         <path>./</path>
         <kind>object</kind>
         <file>GameLogic.obj</file>
         <name>GameLogic.obj</name>
      </input_file>
      <input_file id="fl-5">
         <path>./</path>
         <kind>object</kind>
         <file>GamePiece.obj</file>
         <name>GamePiece.obj</name>
      </input_file>
      <input_file id="fl-6">
         <path>./</path>
         <kind>object</kind>
         <file>LED.obj</file>
         <name>LED.obj</name>
      </input_file>
      <input_file id="fl-7">
         <path>./</path>
         <kind>object</kind>
         <file>Racket.obj</file>
         <name>Racket.obj</name>
      </input_file>
      <input_file id="fl-8">
         <path>./</path>
         <kind>object</kind>
         <file>Scheduler.obj</file>
         <name>Scheduler.obj</name>
      </input_file>
      <input_file id="fl-9">
         <path>./</path>
         <kind>object</kind>
         <file>Screen.obj</file>
         <name>Screen.obj</name>
      </input_file>
      <input_file id="fl-a">
         <path>./</path>
         <kind>object</kind>
         <file>Servo.obj</file>
         <name>Servo.obj</name>
      </input_file>
      <input_file id="fl-b">
         <path>./</path>
         <kind>object</kind>
         <file>Task.obj</file>
         <name>Task.obj</name>
      </input_file>
      <input_file id="fl-c">
         <path>./</path>
         <kind>object</kind>
         <file>main.obj</file>
         <name>main.obj</name>
      </input_file>
      <input_file id="fl-d">
         <path>./</path>
         <kind>object</kind>
         <file>startup_msp432p401r_ccs.obj</file>
         <name>startup_msp432p401r_ccs.obj</name>
      </input_file>
      <input_file id="fl-e">
         <path>./</path>
         <kind>object</kind>
         <file>system_msp432p401r.obj</file>
         <name>system_msp432p401r.obj</name>
      </input_file>
      <input_file id="fl-f">
         <path>./GrLib/fonts/</path>
         <kind>object</kind>
         <file>fontfixed6x8.obj</file>
         <name>fontfixed6x8.obj</name>
      </input_file>
      <input_file id="fl-10">
         <path>./GrLib/grlib/</path>
         <kind>object</kind>
         <file>button.obj</file>
         <name>button.obj</name>
      </input_file>
      <input_file id="fl-11">
         <path>./GrLib/grlib/</path>
         <kind>object</kind>
         <file>checkbox.obj</file>
         <name>checkbox.obj</name>
      </input_file>
      <input_file id="fl-12">
         <path>./GrLib/grlib/</path>
         <kind>object</kind>
         <file>circle.obj</file>
         <name>circle.obj</name>
      </input_file>
      <input_file id="fl-13">
         <path>./GrLib/grlib/</path>
         <kind>object</kind>
         <file>context.obj</file>
         <name>context.obj</name>
      </input_file>
      <input_file id="fl-14">
         <path>./GrLib/grlib/</path>
         <kind>object</kind>
         <file>display.obj</file>
         <name>display.obj</name>
      </input_file>
      <input_file id="fl-15">
         <path>./GrLib/grlib/</path>
         <kind>object</kind>
         <file>image.obj</file>
         <name>image.obj</name>
      </input_file>
      <input_file id="fl-16">
         <path>./GrLib/grlib/</path>
         <kind>object</kind>
         <file>imageButton.obj</file>
         <name>imageButton.obj</name>
      </input_file>
      <input_file id="fl-17">
         <path>./GrLib/grlib/</path>
         <kind>object</kind>
         <file>line.obj</file>
         <name>line.obj</name>
      </input_file>
      <input_file id="fl-18">
         <path>./GrLib/grlib/</path>
         <kind>object</kind>
         <file>radioButton.obj</file>
         <name>radioButton.obj</name>
      </input_file>
      <input_file id="fl-19">
         <path>./GrLib/grlib/</path>
         <kind>object</kind>
         <file>rectangle.obj</file>
         <name>rectangle.obj</name>
      </input_file>
      <input_file id="fl-1a">
         <path>./GrLib/grlib/</path>
         <kind>object</kind>
         <file>string.obj</file>
         <name>string.obj</name>
      </input_file>
      <input_file id="fl-1b">
         <path>./LcdDriver/</path>
         <kind>object</kind>
         <file>Crystalfontz128x128_ST7735.obj</file>
         <name>Crystalfontz128x128_ST7735.obj</name>
      </input_file>
      <input_file id="fl-1c">
         <path>./LcdDriver/</path>
         <kind>object</kind>
         <file>HAL_MSP_EXP432P401R_Crystalfontz128x128_ST7735.obj</file>
         <name>HAL_MSP_EXP432P401R_Crystalfontz128x128_ST7735.obj</name>
      </input_file>
      <input_file id="fl-1d">
         <path>./driverlib/MSP432P4xx/</path>
         <kind>object</kind>
         <file>adc14.obj</file>
         <name>adc14.obj</name>
      </input_file>
      <input_file id="fl-1e">
         <path>./driverlib/MSP432P4xx/</path>
         <kind>object</kind>
         <file>aes256.obj</file>
         <name>aes256.obj</name>
      </input_file>
      <input_file id="fl-1f">
         <path>./driverlib/MSP432P4xx/</path>
         <kind>object</kind>
         <file>comp_e.obj</file>
         <name>comp_e.obj</name>
      </input_file>
      <input_file id="fl-20">
         <path>./driverlib/MSP432P4xx/</path>
         <kind>object</kind>
         <file>cpu.obj</file>
         <name>cpu.obj</name>
      </input_file>
      <input_file id="fl-21">
         <path>./driverlib/MSP432P4xx/</path>
         <kind>object</kind>
         <file>crc32.obj</file>
         <name>crc32.obj</name>
      </input_file>
      <input_file id="fl-22">
         <path>./driverlib/MSP432P4xx/</path>
         <kind>object</kind>
         <file>cs.obj</file>
         <name>cs.obj</name>
      </input_file>
      <input_file id="fl-23">
         <path>./driverlib/MSP432P4xx/</path>
         <kind>object</kind>
         <file>dma.obj</file>
         <name>dma.obj</name>
      </input_file>
      <input_file id="fl-24">
         <path>./driverlib/MSP432P4xx/</path>
         <kind>object</kind>
         <file>flash.obj</file>
         <name>flash.obj</name>
      </input_file>
      <input_file id="fl-25">
         <path>./driverlib/MSP432P4xx/</path>
         <kind>object</kind>
         <file>fpu.obj</file>
         <name>fpu.obj</name>
      </input_file>
      <input_file id="fl-26">
         <path>./driverlib/MSP432P4xx/</path>
         <kind>object</kind>
         <file>gpio.obj</file>
         <name>gpio.obj</name>
      </input_file>
      <input_file id="fl-27">
         <path>./driverlib/MSP432P4xx/</path>
         <kind>object</kind>
         <file>i2c.obj</file>
         <name>i2c.obj</name>
      </input_file>
      <input_file id="fl-28">
         <path>./driverlib/MSP432P4xx/</path>
         <kind>object</kind>
         <file>interrupt.obj</file>
         <name>interrupt.obj</name>
      </input_file>
      <input_file id="fl-29">
         <path>./driverlib/MSP432P4xx/</path>
         <kind>object</kind>
         <file>mpu.obj</file>
         <name>mpu.obj</name>
      </input_file>
      <input_file id="fl-2a">
         <path>./driverlib/MSP432P4xx/</path>
         <kind>object</kind>
         <file>pcm.obj</file>
         <name>pcm.obj</name>
      </input_file>
      <input_file id="fl-2b">
         <path>./driverlib/MSP432P4xx/</path>
         <kind>object</kind>
         <file>pmap.obj</file>
         <name>pmap.obj</name>
      </input_file>
      <input_file id="fl-2c">
         <path>./driverlib/MSP432P4xx/</path>
         <kind>object</kind>
         <file>pss.obj</file>
         <name>pss.obj</name>
      </input_file>
      <input_file id="fl-2d">
         <path>./driverlib/MSP432P4xx/</path>
         <kind>object</kind>
         <file>ref_a.obj</file>
         <name>ref_a.obj</name>
      </input_file>
      <input_file id="fl-2e">
         <path>./driverlib/MSP432P4xx/</path>
         <kind>object</kind>
         <file>reset.obj</file>
         <name>reset.obj</name>
      </input_file>
      <input_file id="fl-2f">
         <path>./driverlib/MSP432P4xx/</path>
         <kind>object</kind>
         <file>rtc_c.obj</file>
         <name>rtc_c.obj</name>
      </input_file>
      <input_file id="fl-30">
         <path>./driverlib/MSP432P4xx/</path>
         <kind>object</kind>
         <file>spi.obj</file>
         <name>spi.obj</name>
      </input_file>
      <input_file id="fl-31">
         <path>./driverlib/MSP432P4xx/</path>
         <kind>object</kind>
         <file>sysctl.obj</file>
         <name>sysctl.obj</name>
      </input_file>
      <input_file id="fl-32">
         <path>./driverlib/MSP432P4xx/</path>
         <kind>object</kind>
         <file>systick.obj</file>
         <name>systick.obj</name>
      </input_file>
      <input_file id="fl-33">
         <path>./driverlib/MSP432P4xx/</path>
         <kind>object</kind>
         <file>timer32.obj</file>
         <name>timer32.obj</name>
      </input_file>
      <input_file id="fl-34">
         <path>./driverlib/MSP432P4xx/</path>
         <kind>object</kind>
         <file>timer_a.obj</file>
         <name>timer_a.obj</name>
      </input_file>
      <input_file id="fl-35">
         <path>./driverlib/MSP432P4xx/</path>
         <kind>object</kind>
         <file>uart.obj</file>
         <name>uart.obj</name>
      </input_file>
      <input_file id="fl-36">
         <path>./driverlib/MSP432P4xx/</path>
         <kind>object</kind>
         <file>wdt_a.obj</file>
         <name>wdt_a.obj</name>
      </input_file>
      <input_file id="fl-f1">
         <path>/opt/ti/ccsv6/tools/compiler/arm_15.12.3.LTS/lib/</path>
         <kind>archive</kind>
         <file>rtsv7M4_T_le_v4SPD16_eabi.lib</file>
         <name>boot.obj</name>
      </input_file>
      <input_file id="fl-f2">
         <path>/opt/ti/ccsv6/tools/compiler/arm_15.12.3.LTS/lib/</path>
         <kind>archive</kind>
         <file>rtsv7M4_T_le_v4SPD16_eabi.lib</file>
         <name>copy_decompress_none.obj</name>
      </input_file>
      <input_file id="fl-f3">
         <path>/opt/ti/ccsv6/tools/compiler/arm_15.12.3.LTS/lib/</path>
         <kind>archive</kind>
         <file>rtsv7M4_T_le_v4SPD16_eabi.lib</file>
         <name>copy_decompress_rle.obj</name>
      </input_file>
      <input_file id="fl-f4">
         <path>/opt/ti/ccsv6/tools/compiler/arm_15.12.3.LTS/lib/</path>
         <kind>archive</kind>
         <file>rtsv7M4_T_le_v4SPD16_eabi.lib</file>
         <name>copy_zero_init.obj</name>
      </input_file>
      <input_file id="fl-f5">
         <path>/opt/ti/ccsv6/tools/compiler/arm_15.12.3.LTS/lib/</path>
         <kind>archive</kind>
         <file>rtsv7M4_T_le_v4SPD16_eabi.lib</file>
         <name>exit.obj</name>
      </input_file>
      <input_file id="fl-f6">
         <path>/opt/ti/ccsv6/tools/compiler/arm_15.12.3.LTS/lib/</path>
         <kind>archive</kind>
         <file>rtsv7M4_T_le_v4SPD16_eabi.lib</file>
         <name>fd_div_t2.obj</name>
      </input_file>
      <input_file id="fl-f7">
         <path>/opt/ti/ccsv6/tools/compiler/arm_15.12.3.LTS/lib/</path>
         <kind>archive</kind>
         <file>rtsv7M4_T_le_v4SPD16_eabi.lib</file>
         <name>fd_toi_t2.obj</name>
      </input_file>
      <input_file id="fl-f8">
         <path>/opt/ti/ccsv6/tools/compiler/arm_15.12.3.LTS/lib/</path>
         <kind>archive</kind>
         <file>rtsv7M4_T_le_v4SPD16_eabi.lib</file>
         <name>fs_tod_t2.obj</name>
      </input_file>
      <input_file id="fl-f9">
         <path>/opt/ti/ccsv6/tools/compiler/arm_15.12.3.LTS/lib/</path>
         <kind>archive</kind>
         <file>rtsv7M4_T_le_v4SPD16_eabi.lib</file>
         <name>memcpy_t2.obj</name>
      </input_file>
      <input_file id="fl-fa">
         <path>/opt/ti/ccsv6/tools/compiler/arm_15.12.3.LTS/lib/</path>
         <kind>archive</kind>
         <file>rtsv7M4_T_le_v4SPD16_eabi.lib</file>
         <name>memset_t2.obj</name>
      </input_file>
      <input_file id="fl-fb">
         <path>/opt/ti/ccsv6/tools/compiler/arm_15.12.3.LTS/lib/</path>
         <kind>archive</kind>
         <file>rtsv7M4_T_le_v4SPD16_eabi.lib</file>
         <name>mpu_init.obj</name>
      </input_file>
      <input_file id="fl-fc">
         <path>/opt/ti/ccsv6/tools/compiler/arm_15.12.3.LTS/lib/</path>
         <kind>archive</kind>
         <file>rtsv7M4_T_le_v4SPD16_eabi.lib</file>
         <name>new_.obj</name>
      </input_file>
      <input_file id="fl-fd">
         <path>/opt/ti/ccsv6/tools/compiler/arm_15.12.3.LTS/lib/</path>
         <kind>archive</kind>
         <file>rtsv7M4_T_le_v4SPD16_eabi.lib</file>
         <name>newhandler.obj</name>
      </input_file>
      <input_file id="fl-fe">
         <path>/opt/ti/ccsv6/tools/compiler/arm_15.12.3.LTS/lib/</path>
         <kind>archive</kind>
         <file>rtsv7M4_T_le_v4SPD16_eabi.lib</file>
         <name>pre_init.obj</name>
      </input_file>
      <input_file id="fl-ff">
         <path>/opt/ti/ccsv6/tools/compiler/arm_15.12.3.LTS/lib/</path>
         <kind>archive</kind>
         <file>rtsv7M4_T_le_v4SPD16_eabi.lib</file>
         <name>sprintf.obj</name>
      </input_file>
      <input_file id="fl-100">
         <path>/opt/ti/ccsv6/tools/compiler/arm_15.12.3.LTS/lib/</path>
         <kind>archive</kind>
         <file>rtsv7M4_T_le_v4SPD16_eabi.lib</file>
         <name>stkdepth_vars.obj</name>
      </input_file>
      <input_file id="fl-101">
         <path>/opt/ti/ccsv6/tools/compiler/arm_15.12.3.LTS/lib/</path>
         <kind>archive</kind>
         <file>rtsv7M4_T_le_v4SPD16_eabi.lib</file>
         <name>typeinfo_.obj</name>
      </input_file>
      <input_file id="fl-102">
         <path>/opt/ti/ccsv6/tools/compiler/arm_15.12.3.LTS/lib/</path>
         <kind>archive</kind>
         <file>rtsv7M4_T_le_v4SPD16_eabi.lib</file>
         <name>vars.obj</name>
      </input_file>
      <input_file id="fl-103">
         <path>/opt/ti/ccsv6/tools/compiler/arm_15.12.3.LTS/lib/</path>
         <kind>archive</kind>
         <file>rtsv7M4_T_le_v4SPD16_eabi.lib</file>
         <name>_lock.obj</name>
      </input_file>
      <input_file id="fl-104">
         <path>/opt/ti/ccsv6/tools/compiler/arm_15.12.3.LTS/lib/</path>
         <kind>archive</kind>
         <file>rtsv7M4_T_le_v4SPD16_eabi.lib</file>
         <name>_printfi.obj</name>
      </input_file>
      <input_file id="fl-105">
         <path>/opt/ti/ccsv6/tools/compiler/arm_15.12.3.LTS/lib/</path>
         <kind>archive</kind>
         <file>rtsv7M4_T_le_v4SPD16_eabi.lib</file>
         <name>args_main.obj</name>
      </input_file>
      <input_file id="fl-106">
         <path>/opt/ti/ccsv6/tools/compiler/arm_15.12.3.LTS/lib/</path>
         <kind>archive</kind>
         <file>rtsv7M4_T_le_v4SPD16_eabi.lib</file>
         <name>atoi.obj</name>
      </input_file>
      <input_file id="fl-107">
         <path>/opt/ti/ccsv6/tools/compiler/arm_15.12.3.LTS/lib/</path>
         <kind>archive</kind>
         <file>rtsv7M4_T_le_v4SPD16_eabi.lib</file>
         <name>autoinit.obj</name>
      </input_file>
      <input_file id="fl-108">
         <path>/opt/ti/ccsv6/tools/compiler/arm_15.12.3.LTS/lib/</path>
         <kind>archive</kind>
         <file>rtsv7M4_T_le_v4SPD16_eabi.lib</file>
         <name>cpy_tbl.obj</name>
      </input_file>
      <input_file id="fl-109">
         <path>/opt/ti/ccsv6/tools/compiler/arm_15.12.3.LTS/lib/</path>
         <kind>archive</kind>
         <file>rtsv7M4_T_le_v4SPD16_eabi.lib</file>
         <name>ctype.obj</name>
      </input_file>
      <input_file id="fl-10a">
         <path>/opt/ti/ccsv6/tools/compiler/arm_15.12.3.LTS/lib/</path>
         <kind>archive</kind>
         <file>rtsv7M4_T_le_v4SPD16_eabi.lib</file>
         <name>delete.obj</name>
      </input_file>
      <input_file id="fl-10b">
         <path>/opt/ti/ccsv6/tools/compiler/arm_15.12.3.LTS/lib/</path>
         <kind>archive</kind>
         <file>rtsv7M4_T_le_v4SPD16_eabi.lib</file>
         <name>fd_add_t2.obj</name>
      </input_file>
      <input_file id="fl-10c">
         <path>/opt/ti/ccsv6/tools/compiler/arm_15.12.3.LTS/lib/</path>
         <kind>archive</kind>
         <file>rtsv7M4_T_le_v4SPD16_eabi.lib</file>
         <name>fd_cmp_t2.obj</name>
      </input_file>
      <input_file id="fl-10d">
         <path>/opt/ti/ccsv6/tools/compiler/arm_15.12.3.LTS/lib/</path>
         <kind>archive</kind>
         <file>rtsv7M4_T_le_v4SPD16_eabi.lib</file>
         <name>fd_mul_t2.obj</name>
      </input_file>
      <input_file id="fl-10e">
         <path>/opt/ti/ccsv6/tools/compiler/arm_15.12.3.LTS/lib/</path>
         <kind>archive</kind>
         <file>rtsv7M4_T_le_v4SPD16_eabi.lib</file>
         <name>i_tofd_t2.obj</name>
      </input_file>
      <input_file id="fl-10f">
         <path>/opt/ti/ccsv6/tools/compiler/arm_15.12.3.LTS/lib/</path>
         <kind>archive</kind>
         <file>rtsv7M4_T_le_v4SPD16_eabi.lib</file>
         <name>ltoa.obj</name>
      </input_file>
      <input_file id="fl-110">
         <path>/opt/ti/ccsv6/tools/compiler/arm_15.12.3.LTS/lib/</path>
         <kind>archive</kind>
         <file>rtsv7M4_T_le_v4SPD16_eabi.lib</file>
         <name>memccpy.obj</name>
      </input_file>
      <input_file id="fl-111">
         <path>/opt/ti/ccsv6/tools/compiler/arm_15.12.3.LTS/lib/</path>
         <kind>archive</kind>
         <file>rtsv7M4_T_le_v4SPD16_eabi.lib</file>
         <name>memory.obj</name>
      </input_file>
      <input_file id="fl-112">
         <path>/opt/ti/ccsv6/tools/compiler/arm_15.12.3.LTS/lib/</path>
         <kind>archive</kind>
         <file>rtsv7M4_T_le_v4SPD16_eabi.lib</file>
         <name>s_frexp.obj</name>
      </input_file>
      <input_file id="fl-113">
         <path>/opt/ti/ccsv6/tools/compiler/arm_15.12.3.LTS/lib/</path>
         <kind>archive</kind>
         <file>rtsv7M4_T_le_v4SPD16_eabi.lib</file>
         <name>s_scalbn.obj</name>
      </input_file>
      <input_file id="fl-114">
         <path>/opt/ti/ccsv6/tools/compiler/arm_15.12.3.LTS/lib/</path>
         <kind>archive</kind>
         <file>rtsv7M4_T_le_v4SPD16_eabi.lib</file>
         <name>startup.obj</name>
      </input_file>
      <input_file id="fl-115">
         <path>/opt/ti/ccsv6/tools/compiler/arm_15.12.3.LTS/lib/</path>
         <kind>archive</kind>
         <file>rtsv7M4_T_le_v4SPD16_eabi.lib</file>
         <name>strchr.obj</name>
      </input_file>
      <input_file id="fl-116">
         <path>/opt/ti/ccsv6/tools/compiler/arm_15.12.3.LTS/lib/</path>
         <kind>archive</kind>
         <file>rtsv7M4_T_le_v4SPD16_eabi.lib</file>
         <name>strlen.obj</name>
      </input_file>
      <input_file id="fl-117">
         <path>/opt/ti/ccsv6/tools/compiler/arm_15.12.3.LTS/lib/</path>
         <kind>archive</kind>
         <file>rtsv7M4_T_le_v4SPD16_eabi.lib</file>
         <name>ull_div_t2.obj</name>
      </input_file>
      <input_file id="fl-118">
         <path>/opt/ti/ccsv6/tools/compiler/arm_15.12.3.LTS/lib/</path>
         <kind>archive</kind>
         <file>rtsv7M4_T_le_v4SPD16_eabi.lib</file>
         <name>errno.obj</name>
      </input_file>
      <input_file id="fl-119">
         <path>/opt/ti/ccsv6/tools/compiler/arm_15.12.3.LTS/lib/</path>
         <kind>archive</kind>
         <file>rtsv7M4_T_le_v4SPD16_eabi.lib</file>
         <name>s_copysign.obj</name>
      </input_file>
   </input_file_list>
   <object_component_list>
      <object_component id="oc-2d">
         <name>.intvecs:retain</name>
         <load_address>0x0</load_address>
         <run_address>0x0</run_address>
         <size>0xe4</size>
         <input_file_ref idref="fl-d"/>
      </object_component>
      <object_component id="oc-371">
         <name>.text</name>
         <load_address>0xe4</load_address>
         <run_address>0xe4</run_address>
         <size>0x1110</size>
         <input_file_ref idref="fl-104"/>
      </object_component>
      <object_component id="oc-db">
         <name>.text</name>
         <load_address>0x11f4</load_address>
         <run_address>0x11f4</run_address>
         <size>0x8e0</size>
         <input_file_ref idref="fl-1d"/>
      </object_component>
      <object_component id="oc-402">
         <name>.text</name>
         <load_address>0x1ad4</load_address>
         <run_address>0x1ad4</run_address>
         <size>0x8a4</size>
         <input_file_ref idref="fl-30"/>
      </object_component>
      <object_component id="oc-154">
         <name>.text</name>
         <load_address>0x2378</load_address>
         <run_address>0x2378</run_address>
         <size>0x678</size>
         <input_file_ref idref="fl-1b"/>
      </object_component>
      <object_component id="oc-cf">
         <name>.text</name>
         <load_address>0x29f0</load_address>
         <run_address>0x29f0</run_address>
         <size>0x658</size>
         <input_file_ref idref="fl-8"/>
      </object_component>
      <object_component id="oc-174">
         <name>.text</name>
         <load_address>0x3048</load_address>
         <run_address>0x3048</run_address>
         <size>0x630</size>
         <input_file_ref idref="fl-1a"/>
      </object_component>
      <object_component id="oc-2ac">
         <name>.text</name>
         <load_address>0x3678</load_address>
         <run_address>0x3678</run_address>
         <size>0x490</size>
         <input_file_ref idref="fl-17"/>
      </object_component>
      <object_component id="oc-d5">
         <name>.text</name>
         <load_address>0x3b08</load_address>
         <run_address>0x3b08</run_address>
         <size>0x480</size>
         <input_file_ref idref="fl-26"/>
      </object_component>
      <object_component id="oc-c3">
         <name>.text</name>
         <load_address>0x3f88</load_address>
         <run_address>0x3f88</run_address>
         <size>0x470</size>
         <input_file_ref idref="fl-9"/>
      </object_component>
      <object_component id="oc-c9">
         <name>.text</name>
         <load_address>0x43f8</load_address>
         <run_address>0x43f8</run_address>
         <size>0x458</size>
         <input_file_ref idref="fl-4"/>
      </object_component>
      <object_component id="oc-7b">
         <name>.text</name>
         <load_address>0x4850</load_address>
         <run_address>0x4850</run_address>
         <size>0x400</size>
         <input_file_ref idref="fl-c"/>
      </object_component>
      <object_component id="oc-1ed">
         <name>.text</name>
         <load_address>0x4c50</load_address>
         <run_address>0x4c50</run_address>
         <size>0x3f0</size>
         <input_file_ref idref="fl-28"/>
      </object_component>
      <object_component id="oc-204">
         <name>.text</name>
         <load_address>0x5040</load_address>
         <run_address>0x5040</run_address>
         <size>0x3dc</size>
         <input_file_ref idref="fl-111"/>
      </object_component>
      <object_component id="oc-115">
         <name>.text</name>
         <load_address>0x541c</load_address>
         <run_address>0x541c</run_address>
         <size>0x370</size>
         <input_file_ref idref="fl-e"/>
      </object_component>
      <object_component id="oc-160">
         <name>.text</name>
         <load_address>0x578c</load_address>
         <run_address>0x578c</run_address>
         <size>0x33e</size>
         <input_file_ref idref="fl-19"/>
      </object_component>
      <object_component id="oc-15a">
         <name>.text</name>
         <load_address>0x5aca</load_address>
         <run_address>0x5aca</run_address>
         <size>0x266</size>
         <input_file_ref idref="fl-13"/>
      </object_component>
      <object_component id="oc-443">
         <name>.text</name>
         <load_address>0x5d30</load_address>
         <run_address>0x5d30</run_address>
         <size>0x1f4</size>
         <input_file_ref idref="fl-117"/>
      </object_component>
      <object_component id="oc-472">
         <name>.text</name>
         <load_address>0x5f24</load_address>
         <run_address>0x5f24</run_address>
         <size>0x1b6</size>
         <input_file_ref idref="fl-10b"/>
      </object_component>
      <object_component id="oc-458">
         <name>.text</name>
         <load_address>0x60da</load_address>
         <run_address>0x60da</run_address>
         <size>0x136</size>
         <input_file_ref idref="fl-f6"/>
      </object_component>
      <object_component id="oc-2a4">
         <name>.text</name>
         <load_address>0x6210</load_address>
         <run_address>0x6210</run_address>
         <size>0x134</size>
         <input_file_ref idref="fl-14"/>
      </object_component>
      <object_component id="oc-192">
         <name>.text</name>
         <load_address>0x6344</load_address>
         <run_address>0x6344</run_address>
         <size>0x12c</size>
         <input_file_ref idref="fl-2"/>
      </object_component>
      <object_component id="oc-198">
         <name>.text</name>
         <load_address>0x6470</load_address>
         <run_address>0x6470</run_address>
         <size>0x10c</size>
         <input_file_ref idref="fl-5"/>
      </object_component>
      <object_component id="oc-453">
         <name>.text</name>
         <load_address>0x657c</load_address>
         <run_address>0x657c</run_address>
         <size>0xfc</size>
         <input_file_ref idref="fl-10d"/>
      </object_component>
      <object_component id="oc-47d">
         <name>.text</name>
         <load_address>0x6678</load_address>
         <run_address>0x6678</run_address>
         <size>0xfc</size>
         <input_file_ref idref="fl-113"/>
      </object_component>
      <object_component id="oc-1ac">
         <name>.text</name>
         <load_address>0x6774</load_address>
         <run_address>0x6774</run_address>
         <size>0xe0</size>
         <input_file_ref idref="fl-7"/>
      </object_component>
      <object_component id="oc-28c">
         <name>.text</name>
         <load_address>0x6854</load_address>
         <run_address>0x6854</run_address>
         <size>0xbc</size>
         <input_file_ref idref="fl-1c"/>
      </object_component>
      <object_component id="oc-4e2">
         <name>.text</name>
         <load_address>0x6910</load_address>
         <run_address>0x6910</run_address>
         <size>0xbc</size>
         <input_file_ref idref="fl-101"/>
      </object_component>
      <object_component id="oc-14e">
         <name>.text</name>
         <load_address>0x69cc</load_address>
         <run_address>0x69cc</run_address>
         <size>0xa8</size>
         <input_file_ref idref="fl-b"/>
      </object_component>
      <object_component id="oc-34">
         <name>.text</name>
         <load_address>0x6a74</load_address>
         <run_address>0x6a74</run_address>
         <size>0x9c</size>
         <input_file_ref idref="fl-f9"/>
      </object_component>
      <object_component id="oc-44e">
         <name>.text:__aeabi_cdcmple</name>
         <load_address>0x6b10</load_address>
         <run_address>0x6b10</run_address>
         <size>0x86</size>
         <input_file_ref idref="fl-10c"/>
      </object_component>
      <object_component id="oc-45d">
         <name>.text:__aeabi_cdrcmple</name>
         <load_address>0x6b96</load_address>
         <run_address>0x6b96</run_address>
         <size>0x86</size>
         <input_file_ref idref="fl-10c"/>
      </object_component>
      <object_component id="oc-4d">
         <name>.text</name>
         <load_address>0x6c1c</load_address>
         <run_address>0x6c1c</run_address>
         <size>0x7a</size>
         <input_file_ref idref="fl-fa"/>
      </object_component>
      <object_component id="oc-59">
         <name>.text</name>
         <load_address>0x6c96</load_address>
         <run_address>0x6c96</run_address>
         <size>0x2</size>
         <input_file_ref idref="fl-fb"/>
      </object_component>
      <object_component id="oc-65">
         <name>.text</name>
         <load_address>0x6c98</load_address>
         <run_address>0x6c98</run_address>
         <size>0x70</size>
         <input_file_ref idref="fl-107"/>
      </object_component>
      <object_component id="oc-40">
         <name>.text</name>
         <load_address>0x6d08</load_address>
         <run_address>0x6d08</run_address>
         <size>0x6a</size>
         <input_file_ref idref="fl-f3"/>
      </object_component>
      <object_component id="oc-20d">
         <name>.text</name>
         <load_address>0x6d72</load_address>
         <run_address>0x6d72</run_address>
         <size>0x2</size>
         <input_file_ref idref="fl-fd"/>
      </object_component>
      <object_component id="oc-477">
         <name>.text</name>
         <load_address>0x6d74</load_address>
         <run_address>0x6d74</run_address>
         <size>0x64</size>
         <input_file_ref idref="fl-112"/>
      </object_component>
      <object_component id="oc-17e">
         <name>.text</name>
         <load_address>0x6dd8</load_address>
         <run_address>0x6dd8</run_address>
         <size>0x60</size>
         <input_file_ref idref="fl-ff"/>
      </object_component>
      <object_component id="oc-467">
         <name>.text</name>
         <load_address>0x6e38</load_address>
         <run_address>0x6e38</run_address>
         <size>0x56</size>
         <input_file_ref idref="fl-10f"/>
      </object_component>
      <object_component id="oc-ae">
         <name>.text</name>
         <load_address>0x6e8e</load_address>
         <run_address>0x6e8e</run_address>
         <size>0x2</size>
         <input_file_ref idref="fl-114"/>
      </object_component>
      <object_component id="oc-26">
         <name>.text</name>
         <load_address>0x6e90</load_address>
         <run_address>0x6e90</run_address>
         <size>0x54</size>
         <input_file_ref idref="fl-f1"/>
      </object_component>
      <object_component id="oc-71">
         <name>.text</name>
         <load_address>0x6ee4</load_address>
         <run_address>0x6ee4</run_address>
         <size>0x54</size>
         <input_file_ref idref="fl-f5"/>
      </object_component>
      <object_component id="oc-48f">
         <name>.text</name>
         <load_address>0x6f38</load_address>
         <run_address>0x6f38</run_address>
         <size>0x4c</size>
         <input_file_ref idref="fl-106"/>
      </object_component>
      <object_component id="oc-a8">
         <name>.text</name>
         <load_address>0x6f84</load_address>
         <run_address>0x6f84</run_address>
         <size>0x4c</size>
         <input_file_ref idref="fl-108"/>
      </object_component>
      <object_component id="oc-462">
         <name>.text</name>
         <load_address>0x6fd0</load_address>
         <run_address>0x6fd0</run_address>
         <size>0x48</size>
         <input_file_ref idref="fl-f7"/>
      </object_component>
      <object_component id="oc-3b0">
         <name>.text</name>
         <load_address>0x7018</load_address>
         <run_address>0x7018</run_address>
         <size>0x3e</size>
         <input_file_ref idref="fl-20"/>
      </object_component>
      <object_component id="oc-3f7">
         <name>.text:_ZN4Task14ProcessMessageE3MSG</name>
         <load_address>0x7058</load_address>
         <run_address>0x7058</run_address>
         <size>0x34</size>
         <input_file_ref idref="fl-6"/>
      </object_component>
      <object_component id="oc-e4">
         <name>.text</name>
         <load_address>0x708c</load_address>
         <run_address>0x708c</run_address>
         <size>0x30</size>
         <input_file_ref idref="fl-fc"/>
      </object_component>
      <object_component id="oc-46d">
         <name>.text</name>
         <load_address>0x70bc</load_address>
         <run_address>0x70bc</run_address>
         <size>0x2e</size>
         <input_file_ref idref="fl-10e"/>
      </object_component>
      <object_component id="oc-2b9">
         <name>.text:_ZN4Task11SendMessageEv</name>
         <load_address>0x70ec</load_address>
         <run_address>0x70ec</run_address>
         <size>0x2c</size>
         <input_file_ref idref="fl-4"/>
      </object_component>
      <object_component id="oc-489">
         <name>.text</name>
         <load_address>0x7118</load_address>
         <run_address>0x7118</run_address>
         <size>0x1c</size>
         <input_file_ref idref="fl-110"/>
      </object_component>
      <object_component id="oc-6b">
         <name>.text</name>
         <load_address>0x7134</load_address>
         <run_address>0x7134</run_address>
         <size>0x18</size>
         <input_file_ref idref="fl-105"/>
      </object_component>
      <object_component id="oc-483">
         <name>.text</name>
         <load_address>0x714c</load_address>
         <run_address>0x714c</run_address>
         <size>0x16</size>
         <input_file_ref idref="fl-115"/>
      </object_component>
      <object_component id="oc-142">
         <name>.text</name>
         <load_address>0x7164</load_address>
         <run_address>0x7164</run_address>
         <size>0x14</size>
         <input_file_ref idref="fl-103"/>
      </object_component>
      <object_component id="oc-500">
         <name>.text</name>
         <load_address>0x7178</load_address>
         <run_address>0x7178</run_address>
         <size>0x14</size>
         <input_file_ref idref="fl-119"/>
      </object_component>
      <object_component id="oc-448">
         <name>.text</name>
         <load_address>0x718c</load_address>
         <run_address>0x718c</run_address>
         <size>0x14</size>
         <input_file_ref idref="fl-116"/>
      </object_component>
      <object_component id="oc-1a5">
         <name>.text:_ZN4BallC1Ev</name>
         <load_address>0x71a0</load_address>
         <run_address>0x71a0</run_address>
         <size>0xe</size>
         <input_file_ref idref="fl-4"/>
      </object_component>
      <object_component id="oc-19e">
         <name>.text:_ZN6RacketC1Ev</name>
         <load_address>0x71ae</load_address>
         <run_address>0x71ae</run_address>
         <size>0xe</size>
         <input_file_ref idref="fl-4"/>
      </object_component>
      <object_component id="oc-14">
         <name>.text:decompress:none</name>
         <load_address>0x71bc</load_address>
         <run_address>0x71bc</run_address>
         <size>0xe</size>
         <input_file_ref idref="fl-f2"/>
      </object_component>
      <object_component id="oc-81">
         <name>.text</name>
         <load_address>0x71ca</load_address>
         <run_address>0x71ca</run_address>
         <size>0xe</size>
         <input_file_ref idref="fl-d"/>
      </object_component>
      <object_component id="oc-52d">
         <name>.text</name>
         <load_address>0x71d8</load_address>
         <run_address>0x71d8</run_address>
         <size>0x8</size>
         <input_file_ref idref="fl-10a"/>
      </object_component>
      <object_component id="oc-1a">
         <name>.text:decompress:rle24</name>
         <load_address>0x71e0</load_address>
         <run_address>0x71e0</run_address>
         <size>0x6</size>
         <input_file_ref idref="fl-f3"/>
      </object_component>
      <object_component id="oc-5f">
         <name>.text</name>
         <load_address>0x71e6</load_address>
         <run_address>0x71e6</run_address>
         <size>0x4</size>
         <input_file_ref idref="fl-fe"/>
      </object_component>
      <object_component id="oc-2c0">
         <name>.const:.string:g_pucFontFixed6x8Data</name>
         <load_address>0x71ec</load_address>
         <run_address>0x71ec</run_address>
         <size>0x2f8</size>
         <input_file_ref idref="fl-f"/>
      </object_component>
      <object_component id="oc-50f">
         <name>.const:.string:_ctypes_</name>
         <load_address>0x74e4</load_address>
         <run_address>0x74e4</run_address>
         <size>0x101</size>
         <input_file_ref idref="fl-109"/>
      </object_component>
      <object_component id="oc-58d">
         <name>.const:.typeinfo:_ZTSe</name>
         <load_address>0x75e5</load_address>
         <run_address>0x75e5</run_address>
         <size>0x2</size>
         <input_file_ref idref="fl-101"/>
      </object_component>
      <object_component id="oc-16b">
         <name>.const:g_sFontFixed6x8</name>
         <load_address>0x75e8</load_address>
         <run_address>0x75e8</run_address>
         <size>0xc8</size>
         <input_file_ref idref="fl-f"/>
      </object_component>
      <object_component id="oc-1fd">
         <name>.const:_ctlRegs</name>
         <load_address>0x76b0</load_address>
         <run_address>0x76b0</run_address>
         <size>0x80</size>
         <input_file_ref idref="fl-1d"/>
      </object_component>
      <object_component id="oc-3bc">
         <name>.const:g_pulRegs</name>
         <load_address>0x7730</load_address>
         <run_address>0x7730</run_address>
         <size>0x50</size>
         <input_file_ref idref="fl-28"/>
      </object_component>
      <object_component id="oc-171">
         <name>.const:g_sCrystalfontz128x128</name>
         <load_address>0x7780</load_address>
         <run_address>0x7780</run_address>
         <size>0x2c</size>
         <input_file_ref idref="fl-1b"/>
      </object_component>
      <object_component id="oc-5a6">
         <name>.const:.typeinfo:_ZTSN10__cxxabiv123__fundamental_type_infoE</name>
         <load_address>0x77ac</load_address>
         <run_address>0x77ac</run_address>
         <size>0x28</size>
         <input_file_ref idref="fl-101"/>
      </object_component>
      <object_component id="oc-528">
         <name>.const:.typeinfo:_ZTSN10__cxxabiv120__si_class_type_infoE</name>
         <load_address>0x77d4</load_address>
         <run_address>0x77d4</run_address>
         <size>0x25</size>
         <input_file_ref idref="fl-101"/>
      </object_component>
      <object_component id="oc-592">
         <name>.const:.typeinfo:_ZTSN10__cxxabiv119__pointer_type_infoE</name>
         <load_address>0x77f9</load_address>
         <run_address>0x77f9</run_address>
         <size>0x24</size>
         <input_file_ref idref="fl-101"/>
      </object_component>
      <object_component id="oc-55f">
         <name>.const:.typeinfo:_ZTSN10__cxxabiv117__class_type_infoE</name>
         <load_address>0x781d</load_address>
         <run_address>0x781d</run_address>
         <size>0x22</size>
         <input_file_ref idref="fl-101"/>
      </object_component>
      <object_component id="oc-5a1">
         <name>.const:.typeinfo:_ZTSN10__cxxabiv117__pbase_type_infoE</name>
         <load_address>0x783f</load_address>
         <run_address>0x783f</run_address>
         <size>0x22</size>
         <input_file_ref idref="fl-101"/>
      </object_component>
      <object_component id="oc-3b9">
         <name>.const:g_pulPriority</name>
         <load_address>0x7864</load_address>
         <run_address>0x7864</run_address>
         <size>0x20</size>
         <input_file_ref idref="fl-28"/>
      </object_component>
      <object_component id="oc-408">
         <name>.const:$P$T0$1</name>
         <load_address>0x7884</load_address>
         <run_address>0x7884</run_address>
         <size>0x1c</size>
         <input_file_ref idref="fl-1c"/>
      </object_component>
      <object_component id="oc-1f3">
         <name>.const:GPIO_PORT_TO_INT</name>
         <load_address>0x78a0</load_address>
         <run_address>0x78a0</run_address>
         <size>0x1c</size>
         <input_file_ref idref="fl-26"/>
      </object_component>
      <object_component id="oc-1b2">
         <name>.const:_ZTV9GameLogic</name>
         <load_address>0x78bc</load_address>
         <run_address>0x78bc</run_address>
         <size>0x1c</size>
         <input_file_ref idref="fl-4"/>
      </object_component>
      <object_component id="oc-42c">
         <name>.const:$P$T40$1</name>
         <load_address>0x78d8</load_address>
         <run_address>0x78d8</run_address>
         <size>0x14</size>
         <input_file_ref idref="fl-4"/>
      </object_component>
      <object_component id="oc-4d1">
         <name>.const:$P$T40$1</name>
         <load_address>0x78ec</load_address>
         <run_address>0x78ec</run_address>
         <size>0x14</size>
         <input_file_ref idref="fl-6"/>
      </object_component>
      <object_component id="oc-1dc">
         <name>.const:$P$T40$1</name>
         <load_address>0x7900</load_address>
         <run_address>0x7900</run_address>
         <size>0x14</size>
         <input_file_ref idref="fl-8"/>
      </object_component>
      <object_component id="oc-ed">
         <name>.const:$P$T40$1</name>
         <load_address>0x7914</load_address>
         <run_address>0x7914</run_address>
         <size>0x14</size>
         <input_file_ref idref="fl-c"/>
      </object_component>
      <object_component id="oc-1df">
         <name>.const:$P$T41$2</name>
         <load_address>0x7928</load_address>
         <run_address>0x7928</run_address>
         <size>0x14</size>
         <input_file_ref idref="fl-8"/>
      </object_component>
      <object_component id="oc-f0">
         <name>.const:$P$T41$2</name>
         <load_address>0x793c</load_address>
         <run_address>0x793c</run_address>
         <size>0x14</size>
         <input_file_ref idref="fl-c"/>
      </object_component>
      <object_component id="oc-286">
         <name>.const:$P$T42$3</name>
         <load_address>0x7950</load_address>
         <run_address>0x7950</run_address>
         <size>0x14</size>
         <input_file_ref idref="fl-b"/>
      </object_component>
      <object_component id="oc-f6">
         <name>.const:$P$T42$3</name>
         <load_address>0x7964</load_address>
         <run_address>0x7964</run_address>
         <size>0x14</size>
         <input_file_ref idref="fl-c"/>
      </object_component>
      <object_component id="oc-16e">
         <name>.const:$P$T43$2</name>
         <load_address>0x7978</load_address>
         <run_address>0x7978</run_address>
         <size>0x14</size>
         <input_file_ref idref="fl-9"/>
      </object_component>
      <object_component id="oc-184">
         <name>.const:$P$T44$3</name>
         <load_address>0x798c</load_address>
         <run_address>0x798c</run_address>
         <size>0x14</size>
         <input_file_ref idref="fl-9"/>
      </object_component>
      <object_component id="oc-1c9">
         <name>.const:$P$T52$8</name>
         <load_address>0x79a0</load_address>
         <run_address>0x79a0</run_address>
         <size>0x14</size>
         <input_file_ref idref="fl-4"/>
      </object_component>
      <object_component id="oc-1cc">
         <name>.const:$P$T53$9</name>
         <load_address>0x79b4</load_address>
         <run_address>0x79b4</run_address>
         <size>0x14</size>
         <input_file_ref idref="fl-4"/>
      </object_component>
      <object_component id="oc-281">
         <name>.const:_ZTV4Task</name>
         <load_address>0x79c8</load_address>
         <run_address>0x79c8</run_address>
         <size>0x14</size>
         <input_file_ref idref="fl-b"/>
      </object_component>
      <object_component id="oc-166">
         <name>.const:_ZTV6Screen</name>
         <load_address>0x79dc</load_address>
         <run_address>0x79dc</run_address>
         <size>0x14</size>
         <input_file_ref idref="fl-9"/>
      </object_component>
      <object_component id="oc-534">
         <name>.const:.typeinfo:_ZTIPKe</name>
         <load_address>0x79f0</load_address>
         <run_address>0x79f0</run_address>
         <size>0x10</size>
         <input_file_ref idref="fl-101"/>
      </object_component>
      <object_component id="oc-4c7">
         <name>.const:_ZTVN10__cxxabiv117__class_type_infoE</name>
         <load_address>0x7a00</load_address>
         <run_address>0x7a00</run_address>
         <size>0x10</size>
         <input_file_ref idref="fl-101"/>
      </object_component>
      <object_component id="oc-56b">
         <name>.const:_ZTVN10__cxxabiv119__pointer_type_infoE</name>
         <load_address>0x7a10</load_address>
         <run_address>0x7a10</run_address>
         <size>0x10</size>
         <input_file_ref idref="fl-101"/>
      </object_component>
      <object_component id="oc-422">
         <name>.const:_ZTVN10__cxxabiv120__si_class_type_infoE</name>
         <load_address>0x7a20</load_address>
         <run_address>0x7a20</run_address>
         <size>0x10</size>
         <input_file_ref idref="fl-101"/>
      </object_component>
      <object_component id="oc-588">
         <name>.const:_ZTVN10__cxxabiv123__fundamental_type_infoE</name>
         <load_address>0x7a30</load_address>
         <run_address>0x7a30</run_address>
         <size>0x10</size>
         <input_file_ref idref="fl-101"/>
      </object_component>
      <object_component id="oc-57c">
         <name>.const:.typeinfo:_ZTSSt9type_info</name>
         <load_address>0x7a40</load_address>
         <run_address>0x7a40</run_address>
         <size>0xd</size>
         <input_file_ref idref="fl-101"/>
      </object_component>
      <object_component id="oc-2b4">
         <name>.const:.typeinfo:_ZTI6Screen</name>
         <load_address>0x7a50</load_address>
         <run_address>0x7a50</run_address>
         <size>0xc</size>
         <input_file_ref idref="fl-9"/>
      </object_component>
      <object_component id="oc-391">
         <name>.const:.typeinfo:_ZTI9GameLogic</name>
         <load_address>0x7a5c</load_address>
         <run_address>0x7a5c</run_address>
         <size>0xc</size>
         <input_file_ref idref="fl-4"/>
      </object_component>
      <object_component id="oc-51d">
         <name>.const:.typeinfo:_ZTIN10__cxxabiv117__class_type_infoE</name>
         <load_address>0x7a68</load_address>
         <run_address>0x7a68</run_address>
         <size>0xc</size>
         <input_file_ref idref="fl-101"/>
      </object_component>
      <object_component id="oc-597">
         <name>.const:.typeinfo:_ZTIN10__cxxabiv117__pbase_type_infoE</name>
         <load_address>0x7a74</load_address>
         <run_address>0x7a74</run_address>
         <size>0xc</size>
         <input_file_ref idref="fl-101"/>
      </object_component>
      <object_component id="oc-583">
         <name>.const:.typeinfo:_ZTIN10__cxxabiv119__pointer_type_infoE</name>
         <load_address>0x7a80</load_address>
         <run_address>0x7a80</run_address>
         <size>0xc</size>
         <input_file_ref idref="fl-101"/>
      </object_component>
      <object_component id="oc-4dd">
         <name>.const:.typeinfo:_ZTIN10__cxxabiv120__si_class_type_infoE</name>
         <load_address>0x7a8c</load_address>
         <run_address>0x7a8c</run_address>
         <size>0xc</size>
         <input_file_ref idref="fl-101"/>
      </object_component>
      <object_component id="oc-59c">
         <name>.const:.typeinfo:_ZTIN10__cxxabiv123__fundamental_type_infoE</name>
         <load_address>0x7a98</load_address>
         <run_address>0x7a98</run_address>
         <size>0xc</size>
         <input_file_ref idref="fl-101"/>
      </object_component>
      <object_component id="oc-4ac">
         <name>.const:.typeinfo:_ZTS9GameLogic</name>
         <load_address>0x7aa4</load_address>
         <run_address>0x7aa4</run_address>
         <size>0xb</size>
         <input_file_ref idref="fl-4"/>
      </object_component>
      <object_component id="oc-29b">
         <name>.const:$P$T0$1</name>
         <load_address>0x7ab0</load_address>
         <run_address>0x7ab0</run_address>
         <size>0x8</size>
         <input_file_ref idref="fl-1b"/>
      </object_component>
      <object_component id="oc-1b7">
         <name>.const:$P$T43$2</name>
         <load_address>0x7ab8</load_address>
         <run_address>0x7ab8</run_address>
         <size>0x8</size>
         <input_file_ref idref="fl-4"/>
      </object_component>
      <object_component id="oc-1ba">
         <name>.const:$P$T44$3</name>
         <load_address>0x7ac0</load_address>
         <run_address>0x7ac0</run_address>
         <size>0x8</size>
         <input_file_ref idref="fl-4"/>
      </object_component>
      <object_component id="oc-1bd">
         <name>.const:$P$T45$4</name>
         <load_address>0x7ac8</load_address>
         <run_address>0x7ac8</run_address>
         <size>0x8</size>
         <input_file_ref idref="fl-4"/>
      </object_component>
      <object_component id="oc-1c0">
         <name>.const:$P$T46$5</name>
         <load_address>0x7ad0</load_address>
         <run_address>0x7ad0</run_address>
         <size>0x8</size>
         <input_file_ref idref="fl-4"/>
      </object_component>
      <object_component id="oc-1c3">
         <name>.const:$P$T47$6</name>
         <load_address>0x7ad8</load_address>
         <run_address>0x7ad8</run_address>
         <size>0x8</size>
         <input_file_ref idref="fl-4"/>
      </object_component>
      <object_component id="oc-1c6">
         <name>.const:$P$T48$7</name>
         <load_address>0x7ae0</load_address>
         <run_address>0x7ae0</run_address>
         <size>0x8</size>
         <input_file_ref idref="fl-4"/>
      </object_component>
      <object_component id="oc-3f2">
         <name>.const:.typeinfo:_ZTI4Task</name>
         <load_address>0x7ae8</load_address>
         <run_address>0x7ae8</run_address>
         <size>0x8</size>
         <input_file_ref idref="fl-b"/>
      </object_component>
      <object_component id="oc-564">
         <name>.const:.typeinfo:_ZTISt9type_info</name>
         <load_address>0x7af0</load_address>
         <run_address>0x7af0</run_address>
         <size>0x8</size>
         <input_file_ref idref="fl-101"/>
      </object_component>
      <object_component id="oc-575">
         <name>.const:.typeinfo:_ZTIe</name>
         <load_address>0x7af8</load_address>
         <run_address>0x7af8</run_address>
         <size>0x8</size>
         <input_file_ref idref="fl-101"/>
      </object_component>
      <object_component id="oc-427">
         <name>.const:.typeinfo:_ZTS6Screen</name>
         <load_address>0x7b00</load_address>
         <run_address>0x7b00</run_address>
         <size>0x8</size>
         <input_file_ref idref="fl-9"/>
      </object_component>
      <object_component id="oc-3c2">
         <name>.const:g_pulDisRegs</name>
         <load_address>0x7b08</load_address>
         <run_address>0x7b08</run_address>
         <size>0x8</size>
         <input_file_ref idref="fl-28"/>
      </object_component>
      <object_component id="oc-3bf">
         <name>.const:g_pulEnRegs</name>
         <load_address>0x7b10</load_address>
         <run_address>0x7b10</run_address>
         <size>0x8</size>
         <input_file_ref idref="fl-28"/>
      </object_component>
      <object_component id="oc-3c5">
         <name>.const:g_pulPendRegs</name>
         <load_address>0x7b18</load_address>
         <run_address>0x7b18</run_address>
         <size>0x8</size>
         <input_file_ref idref="fl-28"/>
      </object_component>
      <object_component id="oc-3c8">
         <name>.const:g_pulUnpendRegs</name>
         <load_address>0x7b20</load_address>
         <run_address>0x7b20</run_address>
         <size>0x8</size>
         <input_file_ref idref="fl-28"/>
      </object_component>
      <object_component id="oc-4cc">
         <name>.const:.typeinfo:_ZTS4Task</name>
         <load_address>0x7b28</load_address>
         <run_address>0x7b28</run_address>
         <size>0x6</size>
         <input_file_ref idref="fl-b"/>
      </object_component>
      <object_component id="oc-570">
         <name>.const:.typeinfo:_ZTSPKe</name>
         <load_address>0x7b2e</load_address>
         <run_address>0x7b2e</run_address>
         <size>0x4</size>
         <input_file_ref idref="fl-101"/>
      </object_component>
      <object_component id="oc-5d3">
         <name>.cinit..data.load</name>
         <load_address>0x7b38</load_address>
         <run_address>0x7b38</run_address>
         <size>0x59</size>
      </object_component>
      <object_component id="oc-5d4">
         <name>.cinit..bss.load</name>
         <load_address>0x7b98</load_address>
         <run_address>0x7b98</run_address>
         <size>0xb</size>
      </object_component>
      <object_component id="oc-5d2">
         <name>.cinit..vtable.load</name>
         <load_address>0x7ba8</load_address>
         <run_address>0x7ba8</run_address>
         <size>0x9</size>
      </object_component>
      <object_component id="oc-5d0">
         <name>__TI_handler_table</name>
         <load_address>0x7bb4</load_address>
         <run_address>0x7bb4</run_address>
         <size>0x8</size>
      </object_component>
      <object_component id="oc-5d1">
         <name>__TI_cinit_table</name>
         <load_address>0x7bbc</load_address>
         <run_address>0x7bbc</run_address>
         <size>0x18</size>
      </object_component>
      <object_component id="oc-2c">
         <name>.init_array</name>
         <load_address>0x7b34</load_address>
         <run_address>0x7b34</run_address>
         <size>0x4</size>
         <input_file_ref idref="fl-c"/>
      </object_component>
      <object_component id="oc-5ad">
         <name>.binit</name>
         <load_address>0x0</load_address>
         <run_address>0x0</run_address>
         <size>0x0</size>
      </object_component>
      <object_component id="oc-3b6">
         <name>.vtable</name>
         <uninitialized>true</uninitialized>
         <run_address>0x20000000</run_address>
         <size>0xe4</size>
         <input_file_ref idref="fl-28"/>
      </object_component>
      <object_component id="oc-ea">
         <name>.data</name>
         <load_address>0x20002540</load_address>
         <run_address>0x20002540</run_address>
         <size>0x14</size>
         <input_file_ref idref="fl-c"/>
      </object_component>
      <object_component id="oc-21f">
         <name>.data:aDataFromButton</name>
         <load_address>0x20002574</load_address>
         <run_address>0x20002574</run_address>
         <size>0x4</size>
         <input_file_ref idref="fl-c"/>
      </object_component>
      <object_component id="oc-273">
         <name>.data</name>
         <load_address>0x20002584</load_address>
         <run_address>0x20002584</run_address>
         <size>0x4</size>
         <input_file_ref idref="fl-e"/>
      </object_component>
      <object_component id="oc-1ea">
         <name>.data:GPIO_PORT_TO_BASE</name>
         <load_address>0x20002510</load_address>
         <run_address>0x20002510</run_address>
         <size>0x30</size>
         <input_file_ref idref="fl-26"/>
      </object_component>
      <object_component id="oc-b8">
         <name>.data:$O1$$</name>
         <load_address>0x20002554</load_address>
         <run_address>0x20002554</run_address>
         <size>0xc</size>
         <input_file_ref idref="fl-f5"/>
      </object_component>
      <object_component id="oc-77">
         <name>.data</name>
         <load_address>0x2000257c</load_address>
         <run_address>0x2000257c</run_address>
         <size>0x4</size>
         <input_file_ref idref="fl-100"/>
      </object_component>
      <object_component id="oc-20a">
         <name>.data</name>
         <load_address>0x20002580</load_address>
         <run_address>0x20002580</run_address>
         <size>0x4</size>
         <input_file_ref idref="fl-102"/>
      </object_component>
      <object_component id="oc-bb">
         <name>.data:$O1$$</name>
         <load_address>0x2000256c</load_address>
         <run_address>0x2000256c</run_address>
         <size>0x8</size>
         <input_file_ref idref="fl-103"/>
      </object_component>
      <object_component id="oc-3df">
         <name>.data:$O1$$</name>
         <load_address>0x20002560</load_address>
         <run_address>0x20002560</run_address>
         <size>0xc</size>
         <input_file_ref idref="fl-111"/>
      </object_component>
      <object_component id="oc-506">
         <name>.data</name>
         <load_address>0x20002578</load_address>
         <run_address>0x20002578</run_address>
         <size>0x4</size>
         <input_file_ref idref="fl-118"/>
      </object_component>
      <object_component id="oc-f3">
         <name>.bss</name>
         <uninitialized>true</uninitialized>
         <run_address>0x200020f4</run_address>
         <size>0xc</size>
         <input_file_ref idref="fl-c"/>
      </object_component>
      <object_component id="oc-e1">
         <name>.bss:MainScheduler</name>
         <uninitialized>true</uninitialized>
         <run_address>0x200000e8</run_address>
         <size>0x1ff0</size>
         <input_file_ref idref="fl-c"/>
      </object_component>
      <object_component id="oc-17a">
         <name>.common:g_sContext</name>
         <uninitialized>true</uninitialized>
         <run_address>0x200020d8</run_address>
         <size>0x1c</size>
      </object_component>
      <object_component id="oc-29a">
         <name>.common:Lcd_Orientation</name>
         <uninitialized>true</uninitialized>
         <run_address>0x2000210c</run_address>
         <size>0x1</size>
      </object_component>
      <object_component id="oc-292">
         <name>.common:Lcd_ScreenWidth</name>
         <uninitialized>true</uninitialized>
         <run_address>0x20002106</run_address>
         <size>0x2</size>
      </object_component>
      <object_component id="oc-295">
         <name>.common:Lcd_ScreenHeigth</name>
         <uninitialized>true</uninitialized>
         <run_address>0x20002104</run_address>
         <size>0x2</size>
      </object_component>
      <object_component id="oc-296">
         <name>.common:Lcd_PenSolid</name>
         <uninitialized>true</uninitialized>
         <run_address>0x2000210d</run_address>
         <size>0x1</size>
      </object_component>
      <object_component id="oc-297">
         <name>.common:Lcd_FontSolid</name>
         <uninitialized>true</uninitialized>
         <run_address>0x2000210b</run_address>
         <size>0x1</size>
      </object_component>
      <object_component id="oc-298">
         <name>.common:Lcd_FlagRead</name>
         <uninitialized>true</uninitialized>
         <run_address>0x2000210a</run_address>
         <size>0x1</size>
      </object_component>
      <object_component id="oc-299">
         <name>.common:Lcd_TouchTrim</name>
         <uninitialized>true</uninitialized>
         <run_address>0x20002108</run_address>
         <size>0x2</size>
      </object_component>
      <object_component id="oc-533">
         <name>.common:_ZSt16__dummy_typeinfo</name>
         <uninitialized>true</uninitialized>
         <run_address>0x20002100</run_address>
         <size>0x4</size>
      </object_component>
      <object_component id="oc-31">
         <name>.sysmem</name>
         <uninitialized>true</uninitialized>
         <run_address>0x20002110</run_address>
         <size>0x8</size>
         <input_file_ref idref="fl-111"/>
      </object_component>
      <object_component id="oc-5d6">
         <name>.sysmem</name>
         <uninitialized>true</uninitialized>
         <run_address>0x20002110</run_address>
         <size>0x0</size>
      </object_component>
      <object_component id="oc-30">
         <name>.stack</name>
         <uninitialized>true</uninitialized>
         <run_address>0x2000fe00</run_address>
         <size>0x0</size>
         <input_file_ref idref="fl-f1"/>
      </object_component>
      <object_component id="oc-5d5">
         <name>.stack</name>
         <uninitialized>true</uninitialized>
         <run_address>0x2000fe00</run_address>
         <size>0x0</size>
      </object_component>
      <object_component id="oc-271">
         <name>.debug_info</name>
         <load_address>0x0</load_address>
         <run_address>0x0</run_address>
         <size>0x12b7</size>
         <input_file_ref idref="fl-2"/>
      </object_component>
      <object_component id="oc-193">
         <name>.debug_info</name>
         <load_address>0x12b7</load_address>
         <run_address>0x12b7</run_address>
         <size>0x3a7</size>
         <input_file_ref idref="fl-2"/>
      </object_component>
      <object_component id="oc-230">
         <name>.debug_info</name>
         <load_address>0x165e</load_address>
         <run_address>0x165e</run_address>
         <size>0x1251</size>
         <input_file_ref idref="fl-2"/>
      </object_component>
      <object_component id="oc-110">
         <name>.debug_info</name>
         <load_address>0x28af</load_address>
         <run_address>0x28af</run_address>
         <size>0x3f65</size>
         <input_file_ref idref="fl-2"/>
      </object_component>
      <object_component id="oc-381">
         <name>.debug_info</name>
         <load_address>0x6814</load_address>
         <run_address>0x6814</run_address>
         <size>0xeb</size>
         <input_file_ref idref="fl-2"/>
      </object_component>
      <object_component id="oc-23a">
         <name>.debug_info</name>
         <load_address>0x68ff</load_address>
         <run_address>0x68ff</run_address>
         <size>0x2f6</size>
         <input_file_ref idref="fl-2"/>
      </object_component>
      <object_component id="oc-244">
         <name>.debug_info</name>
         <load_address>0x6bf5</load_address>
         <run_address>0x6bf5</run_address>
         <size>0x1ef</size>
         <input_file_ref idref="fl-2"/>
      </object_component>
      <object_component id="oc-249">
         <name>.debug_info</name>
         <load_address>0x6de4</load_address>
         <run_address>0x6de4</run_address>
         <size>0xb7</size>
         <input_file_ref idref="fl-2"/>
      </object_component>
      <object_component id="oc-24e">
         <name>.debug_info</name>
         <load_address>0x6e9b</load_address>
         <run_address>0x6e9b</run_address>
         <size>0xa3</size>
         <input_file_ref idref="fl-2"/>
      </object_component>
      <object_component id="oc-253">
         <name>.debug_info</name>
         <load_address>0x6f3e</load_address>
         <run_address>0x6f3e</run_address>
         <size>0xdf</size>
         <input_file_ref idref="fl-2"/>
      </object_component>
      <object_component id="oc-258">
         <name>.debug_info</name>
         <load_address>0x701d</load_address>
         <run_address>0x701d</run_address>
         <size>0x3d7</size>
         <input_file_ref idref="fl-2"/>
      </object_component>
      <object_component id="oc-188">
         <name>.debug_info</name>
         <load_address>0x73f4</load_address>
         <run_address>0x73f4</run_address>
         <size>0x8b</size>
         <input_file_ref idref="fl-2"/>
      </object_component>
      <object_component id="oc-109">
         <name>.debug_info</name>
         <load_address>0x747f</load_address>
         <run_address>0x747f</run_address>
         <size>0x18b</size>
         <input_file_ref idref="fl-2"/>
      </object_component>
      <object_component id="oc-25d">
         <name>.debug_info</name>
         <load_address>0x760a</load_address>
         <run_address>0x760a</run_address>
         <size>0x163</size>
         <input_file_ref idref="fl-2"/>
      </object_component>
      <object_component id="oc-262">
         <name>.debug_info</name>
         <load_address>0x776d</load_address>
         <run_address>0x776d</run_address>
         <size>0x107</size>
         <input_file_ref idref="fl-2"/>
      </object_component>
      <object_component id="oc-26c">
         <name>.debug_info</name>
         <load_address>0x7874</load_address>
         <run_address>0x7874</run_address>
         <size>0xb7</size>
         <input_file_ref idref="fl-2"/>
      </object_component>
      <object_component id="oc-22c">
         <name>.debug_info</name>
         <load_address>0x792b</load_address>
         <run_address>0x792b</run_address>
         <size>0x1875</size>
         <input_file_ref idref="fl-3"/>
      </object_component>
      <object_component id="oc-235">
         <name>.debug_info</name>
         <load_address>0x91a0</load_address>
         <run_address>0x91a0</run_address>
         <size>0x10d</size>
         <input_file_ref idref="fl-3"/>
      </object_component>
      <object_component id="oc-104">
         <name>.debug_info</name>
         <load_address>0x92ad</load_address>
         <run_address>0x92ad</run_address>
         <size>0x23b</size>
         <input_file_ref idref="fl-3"/>
      </object_component>
      <object_component id="oc-1d0">
         <name>.debug_info</name>
         <load_address>0x94e8</load_address>
         <run_address>0x94e8</run_address>
         <size>0x1a73</size>
         <input_file_ref idref="fl-4"/>
      </object_component>
      <object_component id="oc-1b3">
         <name>.debug_info</name>
         <load_address>0xaf5b</load_address>
         <run_address>0xaf5b</run_address>
         <size>0x112</size>
         <input_file_ref idref="fl-4"/>
      </object_component>
      <object_component id="oc-392">
         <name>.debug_info</name>
         <load_address>0xb06d</load_address>
         <run_address>0xb06d</run_address>
         <size>0x104</size>
         <input_file_ref idref="fl-4"/>
      </object_component>
      <object_component id="oc-4ad">
         <name>.debug_info</name>
         <load_address>0xb171</load_address>
         <run_address>0xb171</run_address>
         <size>0x109</size>
         <input_file_ref idref="fl-4"/>
      </object_component>
      <object_component id="oc-42d">
         <name>.debug_info</name>
         <load_address>0xb27a</load_address>
         <run_address>0xb27a</run_address>
         <size>0xef</size>
         <input_file_ref idref="fl-4"/>
      </object_component>
      <object_component id="oc-1b8">
         <name>.debug_info</name>
         <load_address>0xb369</load_address>
         <run_address>0xb369</run_address>
         <size>0xef</size>
         <input_file_ref idref="fl-4"/>
      </object_component>
      <object_component id="oc-1bb">
         <name>.debug_info</name>
         <load_address>0xb458</load_address>
         <run_address>0xb458</run_address>
         <size>0xef</size>
         <input_file_ref idref="fl-4"/>
      </object_component>
      <object_component id="oc-1be">
         <name>.debug_info</name>
         <load_address>0xb547</load_address>
         <run_address>0xb547</run_address>
         <size>0xef</size>
         <input_file_ref idref="fl-4"/>
      </object_component>
      <object_component id="oc-1c1">
         <name>.debug_info</name>
         <load_address>0xb636</load_address>
         <run_address>0xb636</run_address>
         <size>0xef</size>
         <input_file_ref idref="fl-4"/>
      </object_component>
      <object_component id="oc-1c4">
         <name>.debug_info</name>
         <load_address>0xb725</load_address>
         <run_address>0xb725</run_address>
         <size>0xef</size>
         <input_file_ref idref="fl-4"/>
      </object_component>
      <object_component id="oc-1c7">
         <name>.debug_info</name>
         <load_address>0xb814</load_address>
         <run_address>0xb814</run_address>
         <size>0xef</size>
         <input_file_ref idref="fl-4"/>
      </object_component>
      <object_component id="oc-1ca">
         <name>.debug_info</name>
         <load_address>0xb903</load_address>
         <run_address>0xb903</run_address>
         <size>0xef</size>
         <input_file_ref idref="fl-4"/>
      </object_component>
      <object_component id="oc-1cd">
         <name>.debug_info</name>
         <load_address>0xb9f2</load_address>
         <run_address>0xb9f2</run_address>
         <size>0xef</size>
         <input_file_ref idref="fl-4"/>
      </object_component>
      <object_component id="oc-2ba">
         <name>.debug_info</name>
         <load_address>0xbae1</load_address>
         <run_address>0xbae1</run_address>
         <size>0x16e</size>
         <input_file_ref idref="fl-4"/>
      </object_component>
      <object_component id="oc-19f">
         <name>.debug_info</name>
         <load_address>0xbc4f</load_address>
         <run_address>0xbc4f</run_address>
         <size>0x164</size>
         <input_file_ref idref="fl-4"/>
      </object_component>
      <object_component id="oc-1a6">
         <name>.debug_info</name>
         <load_address>0xbdb3</load_address>
         <run_address>0xbdb3</run_address>
         <size>0x15c</size>
         <input_file_ref idref="fl-4"/>
      </object_component>
      <object_component id="oc-ca">
         <name>.debug_info</name>
         <load_address>0xbf0f</load_address>
         <run_address>0xbf0f</run_address>
         <size>0xc72</size>
         <input_file_ref idref="fl-4"/>
      </object_component>
      <object_component id="oc-1d7">
         <name>.debug_info</name>
         <load_address>0xcb81</load_address>
         <run_address>0xcb81</run_address>
         <size>0xeb</size>
         <input_file_ref idref="fl-4"/>
      </object_component>
      <object_component id="oc-ff">
         <name>.debug_info</name>
         <load_address>0xcc6c</load_address>
         <run_address>0xcc6c</run_address>
         <size>0x176</size>
         <input_file_ref idref="fl-4"/>
      </object_component>
      <object_component id="oc-1d2">
         <name>.debug_info</name>
         <load_address>0xcde2</load_address>
         <run_address>0xcde2</run_address>
         <size>0xe0</size>
         <input_file_ref idref="fl-4"/>
      </object_component>
      <object_component id="oc-38c">
         <name>.debug_info</name>
         <load_address>0xcec2</load_address>
         <run_address>0xcec2</run_address>
         <size>0x1202</size>
         <input_file_ref idref="fl-5"/>
      </object_component>
      <object_component id="oc-199">
         <name>.debug_info</name>
         <load_address>0xe0c4</load_address>
         <run_address>0xe0c4</run_address>
         <size>0x8f9</size>
         <input_file_ref idref="fl-5"/>
      </object_component>
      <object_component id="oc-387">
         <name>.debug_info</name>
         <load_address>0xe9bd</load_address>
         <run_address>0xe9bd</run_address>
         <size>0x2f6</size>
         <input_file_ref idref="fl-5"/>
      </object_component>
      <object_component id="oc-3ec">
         <name>.debug_info</name>
         <load_address>0xecb3</load_address>
         <run_address>0xecb3</run_address>
         <size>0x17e6</size>
         <input_file_ref idref="fl-6"/>
      </object_component>
      <object_component id="oc-4d2">
         <name>.debug_info</name>
         <load_address>0x10499</load_address>
         <run_address>0x10499</run_address>
         <size>0xd0</size>
         <input_file_ref idref="fl-6"/>
      </object_component>
      <object_component id="oc-3f8">
         <name>.debug_info</name>
         <load_address>0x10569</load_address>
         <run_address>0x10569</run_address>
         <size>0x174</size>
         <input_file_ref idref="fl-6"/>
      </object_component>
      <object_component id="oc-23f">
         <name>.debug_info</name>
         <load_address>0x106dd</load_address>
         <run_address>0x106dd</run_address>
         <size>0x101</size>
         <input_file_ref idref="fl-6"/>
      </object_component>
      <object_component id="oc-38f">
         <name>.debug_info</name>
         <load_address>0x107de</load_address>
         <run_address>0x107de</run_address>
         <size>0x12b9</size>
         <input_file_ref idref="fl-7"/>
      </object_component>
      <object_component id="oc-1ad">
         <name>.debug_info</name>
         <load_address>0x11a97</load_address>
         <run_address>0x11a97</run_address>
         <size>0x336</size>
         <input_file_ref idref="fl-7"/>
      </object_component>
      <object_component id="oc-1e8">
         <name>.debug_info</name>
         <load_address>0x11dcd</load_address>
         <run_address>0x11dcd</run_address>
         <size>0x1402</size>
         <input_file_ref idref="fl-8"/>
      </object_component>
      <object_component id="oc-1dd">
         <name>.debug_info</name>
         <load_address>0x131cf</load_address>
         <run_address>0x131cf</run_address>
         <size>0xd6</size>
         <input_file_ref idref="fl-8"/>
      </object_component>
      <object_component id="oc-1e0">
         <name>.debug_info</name>
         <load_address>0x132a5</load_address>
         <run_address>0x132a5</run_address>
         <size>0xd7</size>
         <input_file_ref idref="fl-8"/>
      </object_component>
      <object_component id="oc-d0">
         <name>.debug_info</name>
         <load_address>0x1337c</load_address>
         <run_address>0x1337c</run_address>
         <size>0xcff</size>
         <input_file_ref idref="fl-8"/>
      </object_component>
      <object_component id="oc-1e3">
         <name>.debug_info</name>
         <load_address>0x1407b</load_address>
         <run_address>0x1407b</run_address>
         <size>0x263</size>
         <input_file_ref idref="fl-8"/>
      </object_component>
      <object_component id="oc-17b">
         <name>.debug_info</name>
         <load_address>0x142de</load_address>
         <run_address>0x142de</run_address>
         <size>0x683a</size>
         <input_file_ref idref="fl-9"/>
      </object_component>
      <object_component id="oc-167">
         <name>.debug_info</name>
         <load_address>0x1ab18</load_address>
         <run_address>0x1ab18</run_address>
         <size>0x109</size>
         <input_file_ref idref="fl-9"/>
      </object_component>
      <object_component id="oc-2b5">
         <name>.debug_info</name>
         <load_address>0x1ac21</load_address>
         <run_address>0x1ac21</run_address>
         <size>0xfb</size>
         <input_file_ref idref="fl-9"/>
      </object_component>
      <object_component id="oc-428">
         <name>.debug_info</name>
         <load_address>0x1ad1c</load_address>
         <run_address>0x1ad1c</run_address>
         <size>0x100</size>
         <input_file_ref idref="fl-9"/>
      </object_component>
      <object_component id="oc-16f">
         <name>.debug_info</name>
         <load_address>0x1ae1c</load_address>
         <run_address>0x1ae1c</run_address>
         <size>0xec</size>
         <input_file_ref idref="fl-9"/>
      </object_component>
      <object_component id="oc-185">
         <name>.debug_info</name>
         <load_address>0x1af08</load_address>
         <run_address>0x1af08</run_address>
         <size>0xed</size>
         <input_file_ref idref="fl-9"/>
      </object_component>
      <object_component id="oc-c4">
         <name>.debug_info</name>
         <load_address>0x1aff5</load_address>
         <run_address>0x1aff5</run_address>
         <size>0xc33</size>
         <input_file_ref idref="fl-9"/>
      </object_component>
      <object_component id="oc-2ff">
         <name>.debug_info</name>
         <load_address>0x1bc28</load_address>
         <run_address>0x1bc28</run_address>
         <size>0x4f6</size>
         <input_file_ref idref="fl-9"/>
      </object_component>
      <object_component id="oc-327">
         <name>.debug_info</name>
         <load_address>0x1c11e</load_address>
         <run_address>0x1c11e</run_address>
         <size>0xb3b</size>
         <input_file_ref idref="fl-9"/>
      </object_component>
      <object_component id="oc-2dd">
         <name>.debug_info</name>
         <load_address>0x1cc59</load_address>
         <run_address>0x1cc59</run_address>
         <size>0x794</size>
         <input_file_ref idref="fl-9"/>
      </object_component>
      <object_component id="oc-31d">
         <name>.debug_info</name>
         <load_address>0x1d3ed</load_address>
         <run_address>0x1d3ed</run_address>
         <size>0xee</size>
         <input_file_ref idref="fl-9"/>
      </object_component>
      <object_component id="oc-322">
         <name>.debug_info</name>
         <load_address>0x1d4db</load_address>
         <run_address>0x1d4db</run_address>
         <size>0x1f0</size>
         <input_file_ref idref="fl-9"/>
      </object_component>
      <object_component id="oc-2ce">
         <name>.debug_info</name>
         <load_address>0x1d6cb</load_address>
         <run_address>0x1d6cb</run_address>
         <size>0xe5</size>
         <input_file_ref idref="fl-9"/>
      </object_component>
      <object_component id="oc-fa">
         <name>.debug_info</name>
         <load_address>0x1d7b0</load_address>
         <run_address>0x1d7b0</run_address>
         <size>0x337</size>
         <input_file_ref idref="fl-9"/>
      </object_component>
      <object_component id="oc-18d">
         <name>.debug_info</name>
         <load_address>0x1dae7</load_address>
         <run_address>0x1dae7</run_address>
         <size>0x4a0</size>
         <input_file_ref idref="fl-9"/>
      </object_component>
      <object_component id="oc-2d3">
         <name>.debug_info</name>
         <load_address>0x1df87</load_address>
         <run_address>0x1df87</run_address>
         <size>0x80f</size>
         <input_file_ref idref="fl-9"/>
      </object_component>
      <object_component id="oc-2d8">
         <name>.debug_info</name>
         <load_address>0x1e796</load_address>
         <run_address>0x1e796</run_address>
         <size>0x2a3</size>
         <input_file_ref idref="fl-9"/>
      </object_component>
      <object_component id="oc-2e2">
         <name>.debug_info</name>
         <load_address>0x1ea39</load_address>
         <run_address>0x1ea39</run_address>
         <size>0x3908</size>
         <input_file_ref idref="fl-9"/>
      </object_component>
      <object_component id="oc-2e7">
         <name>.debug_info</name>
         <load_address>0x22341</load_address>
         <run_address>0x22341</run_address>
         <size>0xc1</size>
         <input_file_ref idref="fl-9"/>
      </object_component>
      <object_component id="oc-2ec">
         <name>.debug_info</name>
         <load_address>0x22402</load_address>
         <run_address>0x22402</run_address>
         <size>0x12cf</size>
         <input_file_ref idref="fl-9"/>
      </object_component>
      <object_component id="oc-2f1">
         <name>.debug_info</name>
         <load_address>0x236d1</load_address>
         <run_address>0x236d1</run_address>
         <size>0xc1b</size>
         <input_file_ref idref="fl-9"/>
      </object_component>
      <object_component id="oc-2f6">
         <name>.debug_info</name>
         <load_address>0x242ec</load_address>
         <run_address>0x242ec</run_address>
         <size>0x5e</size>
         <input_file_ref idref="fl-9"/>
      </object_component>
      <object_component id="oc-2fa">
         <name>.debug_info</name>
         <load_address>0x2434a</load_address>
         <run_address>0x2434a</run_address>
         <size>0x374</size>
         <input_file_ref idref="fl-9"/>
      </object_component>
      <object_component id="oc-304">
         <name>.debug_info</name>
         <load_address>0x246be</load_address>
         <run_address>0x246be</run_address>
         <size>0x46</size>
         <input_file_ref idref="fl-9"/>
      </object_component>
      <object_component id="oc-309">
         <name>.debug_info</name>
         <load_address>0x24704</load_address>
[...]
         <name>_ZNKSt9type_infoneERKS_</name>
         <value>0x6927</value>
         <object_component_ref idref="oc-4e2"/>
      </symbol>
      <symbol id="sm-b01">
         <name>_ZN10__cxxabiv119__pointer_type_infoD1Ev</name>
         <value>0x6993</value>
         <object_component_ref idref="oc-4e2"/>
      </symbol>
      <symbol id="sm-b02">
         <name>_ZNSt9type_infoD2Ev</name>
         <value>0x6919</value>
         <object_component_ref idref="oc-4e2"/>
      </symbol>
      <symbol id="sm-b03">
         <name>_ZNKSt9type_info6beforeERKS_</name>
         <value>0x6953</value>
         <object_component_ref idref="oc-4e2"/>
      </symbol>
      <symbol id="sm-b04">
         <name>_ZN10__cxxabiv123__fundamental_type_infoD1Ev</name>
         <value>0x696b</value>
         <object_component_ref idref="oc-4e2"/>
      </symbol>
      <symbol id="sm-b05">
         <name>_ZTSN10__cxxabiv119__pointer_type_infoE</name>
         <value>0x77f9</value>
         <object_component_ref idref="oc-592"/>
      </symbol>
      <symbol id="sm-b06">
         <name>_ZN10__cxxabiv121__vmi_class_type_infoD2Ev</name>
         <value>0x6975</value>
         <object_component_ref idref="oc-4e2"/>
      </symbol>
      <symbol id="sm-b07">
         <name>_ZTSN10__cxxabiv117__class_type_infoE</name>
         <value>0x781d</value>
         <object_component_ref idref="oc-55f"/>
      </symbol>
      <symbol id="sm-b08">
         <name>_ZN10__cxxabiv120__function_type_infoD2Ev</name>
         <value>0x6989</value>
         <object_component_ref idref="oc-4e2"/>
      </symbol>
      <symbol id="sm-b09">
         <name>_ZN10__cxxabiv117__class_type_infoD2Ev</name>
         <value>0x69a7</value>
         <object_component_ref idref="oc-4e2"/>
      </symbol>
      <symbol id="sm-b0a">
         <name>_ZN10__cxxabiv116__enum_type_infoD2Ev</name>
         <value>0x69bb</value>
         <object_component_ref idref="oc-4e2"/>
      </symbol>
      <symbol id="sm-b0b">
         <name>_ZN10__cxxabiv119__pointer_type_infoD2Ev</name>
         <value>0x6993</value>
         <object_component_ref idref="oc-4e2"/>
      </symbol>
      <symbol id="sm-b0c">
         <name>_ZN10__cxxabiv120__si_class_type_infoD2Ev</name>
         <value>0x697f</value>
         <object_component_ref idref="oc-4e2"/>
      </symbol>
      <symbol id="sm-b0d">
         <name>_ZN10__cxxabiv117__pbase_type_infoD2Ev</name>
         <value>0x699d</value>
         <object_component_ref idref="oc-4e2"/>
      </symbol>
      <symbol id="sm-b0e">
         <name>_ZTVN10__cxxabiv117__class_type_infoE</name>
         <value>0x7a00</value>
         <object_component_ref idref="oc-4c7"/>
      </symbol>
      <symbol id="sm-b0f">
         <name>_ZN10__cxxabiv117__array_type_infoD2Ev</name>
         <value>0x69b1</value>
         <object_component_ref idref="oc-4e2"/>
      </symbol>
      <symbol id="sm-b10">
         <name>_ZNSt9type_infoD1Ev</name>
         <value>0x6919</value>
         <object_component_ref idref="oc-4e2"/>
      </symbol>
      <symbol id="sm-b11">
         <name>_ZTIN10__cxxabiv123__fundamental_type_infoE</name>
         <value>0x7a98</value>
         <object_component_ref idref="oc-59c"/>
      </symbol>
      <symbol id="sm-b12">
         <name>_ZTISt9type_info</name>
         <value>0x7af0</value>
         <object_component_ref idref="oc-564"/>
      </symbol>
      <symbol id="sm-b13">
         <name>_ZN10__cxxabiv123__fundamental_type_infoD0Ev</name>
         <value>0x696d</value>
         <object_component_ref idref="oc-4e2"/>
      </symbol>
      <symbol id="sm-b14">
         <name>_ZTIN10__cxxabiv117__pbase_type_infoE</name>
         <value>0x7a74</value>
         <object_component_ref idref="oc-597"/>
      </symbol>
      <symbol id="sm-b15">
         <name>_ZTSe</name>
         <value>0x75e5</value>
         <object_component_ref idref="oc-58d"/>
      </symbol>
      <symbol id="sm-b16">
         <name>_ZNKSt9type_info4nameEv</name>
         <value>0x6923</value>
         <object_component_ref idref="oc-4e2"/>
      </symbol>
      <symbol id="sm-b17">
         <name>_ZTIN10__cxxabiv117__class_type_infoE</name>
         <value>0x7a68</value>
         <object_component_ref idref="oc-51d"/>
      </symbol>
      <symbol id="sm-b18">
         <name>_ZN10__cxxabiv129__pointer_to_member_type_infoD0Ev</name>
         <value>0x6963</value>
         <object_component_ref idref="oc-4e2"/>
      </symbol>
      <symbol id="sm-b19">
         <name>_ZN10__cxxabiv120__si_class_type_infoD1Ev</name>
         <value>0x697f</value>
         <object_component_ref idref="oc-4e2"/>
      </symbol>
      <symbol id="sm-b1a">
         <name>_ZTIN10__cxxabiv120__si_class_type_infoE</name>
         <value>0x7a8c</value>
         <object_component_ref idref="oc-4dd"/>
      </symbol>
      <symbol id="sm-b1b">
         <name>_ZNSt9type_infoD0Ev</name>
         <value>0x691b</value>
         <object_component_ref idref="oc-4e2"/>
      </symbol>
      <symbol id="sm-b1c">
         <name>_ZN10__cxxabiv120__function_type_infoD0Ev</name>
         <value>0x698b</value>
         <object_component_ref idref="oc-4e2"/>
      </symbol>
      <symbol id="sm-b1d">
         <name>_ZN10__cxxabiv117__class_type_infoD0Ev</name>
         <value>0x69a9</value>
         <object_component_ref idref="oc-4e2"/>
      </symbol>
      <symbol id="sm-b1e">
         <name>_ZTSN10__cxxabiv117__pbase_type_infoE</name>
         <value>0x783f</value>
         <object_component_ref idref="oc-5a1"/>
      </symbol>
      <symbol id="sm-b1f">
         <name>_ZN10__cxxabiv116__enum_type_infoD0Ev</name>
         <value>0x69bd</value>
         <object_component_ref idref="oc-4e2"/>
      </symbol>
      <symbol id="sm-b20">
         <name>_ZTIe</name>
         <value>0x7af8</value>
         <object_component_ref idref="oc-575"/>
      </symbol>
      <symbol id="sm-b21">
         <name>_ZN10__cxxabiv121__vmi_class_type_infoD0Ev</name>
         <value>0x6977</value>
         <object_component_ref idref="oc-4e2"/>
      </symbol>
      <symbol id="sm-b22">
         <name>_ZTVN10__cxxabiv120__si_class_type_infoE</name>
         <value>0x7a20</value>
         <object_component_ref idref="oc-422"/>
      </symbol>
      <symbol id="sm-b23">
         <name>_ZN10__cxxabiv117__pbase_type_infoD0Ev</name>
         <value>0x699f</value>
         <object_component_ref idref="oc-4e2"/>
      </symbol>
      <symbol id="sm-b24">
         <name>_ZN10__cxxabiv117__array_type_infoD0Ev</name>
         <value>0x69b3</value>
         <object_component_ref idref="oc-4e2"/>
      </symbol>
      <symbol id="sm-b25">
         <name>_ZSt21__gen_dummy_typeinfosv</name>
         <value>0x6911</value>
         <object_component_ref idref="oc-4e2"/>
      </symbol>
      <symbol id="sm-b26">
         <name>_ZN10__cxxabiv129__pointer_to_member_type_infoD1Ev</name>
         <value>0x6961</value>
         <object_component_ref idref="oc-4e2"/>
      </symbol>
      <symbol id="sm-b27">
         <name>_ZN10__cxxabiv119__pointer_type_infoD0Ev</name>
         <value>0x6995</value>
         <object_component_ref idref="oc-4e2"/>
      </symbol>
      <symbol id="sm-b28">
         <name>_ZN10__cxxabiv120__si_class_type_infoD0Ev</name>
         <value>0x6981</value>
         <object_component_ref idref="oc-4e2"/>
      </symbol>
      <symbol id="sm-b29">
         <name>_ZTIPKe</name>
         <value>0x79f0</value>
         <object_component_ref idref="oc-534"/>
      </symbol>
      <symbol id="sm-b2a">
         <name>_ZNKSt9type_infoeqERKS_</name>
         <value>0x693d</value>
         <object_component_ref idref="oc-4e2"/>
      </symbol>
      <symbol id="sm-b32">
         <name>_new_handler</name>
         <value>0x20002580</value>
         <object_component_ref idref="oc-20a"/>
      </symbol>
      <symbol id="sm-b4b">
         <name>_nop</name>
         <value>0x7173</value>
         <object_component_ref idref="oc-142"/>
      </symbol>
      <symbol id="sm-b4c">
         <name>_lock</name>
         <value>0x2000256c</value>
         <object_component_ref idref="oc-bb"/>
      </symbol>
      <symbol id="sm-b4d">
         <name>_unlock</name>
         <value>0x20002570</value>
         <object_component_ref idref="oc-bb"/>
      </symbol>
      <symbol id="sm-b4e">
         <name>_register_lock</name>
         <value>0x716b</value>
         <object_component_ref idref="oc-142"/>
      </symbol>
      <symbol id="sm-b4f">
         <name>_register_unlock</name>
         <value>0x7165</value>
         <object_component_ref idref="oc-142"/>
      </symbol>
      <symbol id="sm-c56">
         <name>__TI_printfi</name>
         <value>0xeef</value>
         <object_component_ref idref="oc-371"/>
      </symbol>
      <symbol id="sm-c6a">
         <name>_args_main</name>
         <value>0x7135</value>
         <object_component_ref idref="oc-6b"/>
      </symbol>
      <symbol id="sm-c80">
         <name>atoi</name>
         <value>0x6f39</value>
         <object_component_ref idref="oc-48f"/>
      </symbol>
      <symbol id="sm-ca5">
         <name>__TI_auto_init</name>
         <value>0x6c99</value>
         <object_component_ref idref="oc-65"/>
      </symbol>
      <symbol id="sm-cbf">
         <name>copy_in</name>
         <value>0x6f85</value>
         <object_component_ref idref="oc-a8"/>
      </symbol>
      <symbol id="sm-cca">
         <name>_ctypes_</name>
         <value>0x74e4</value>
         <object_component_ref idref="oc-50f"/>
      </symbol>
      <symbol id="sm-cd8">
         <name>_ZdlPv</name>
         <value>0x71d9</value>
         <object_component_ref idref="oc-52d"/>
      </symbol>
      <symbol id="sm-cef">
         <name>__aeabi_dsub</name>
         <value>0x5f25</value>
         <object_component_ref idref="oc-472"/>
      </symbol>
      <symbol id="sm-cf0">
         <name>__aeabi_dadd</name>
         <value>0x5f2f</value>
         <object_component_ref idref="oc-472"/>
      </symbol>
      <symbol id="sm-d12">
         <name>__aeabi_cdcmpeq</name>
         <value>0x6b11</value>
         <object_component_ref idref="oc-44e"/>
      </symbol>
      <symbol id="sm-d13">
         <name>__aeabi_cdcmple</name>
         <value>0x6b11</value>
         <object_component_ref idref="oc-44e"/>
      </symbol>
      <symbol id="sm-d14">
         <name>__aeabi_cdrcmple</name>
         <value>0x6b97</value>
         <object_component_ref idref="oc-45d"/>
      </symbol>
      <symbol id="sm-d1f">
         <name>__aeabi_dmul</name>
         <value>0x657d</value>
         <object_component_ref idref="oc-453"/>
      </symbol>
      <symbol id="sm-d29">
         <name>__aeabi_i2d</name>
         <value>0x70bd</value>
         <object_component_ref idref="oc-46d"/>
      </symbol>
      <symbol id="sm-d38">
         <name>ltoa</name>
         <value>0x6e39</value>
         <object_component_ref idref="oc-467"/>
      </symbol>
      <symbol id="sm-d48">
         <name>memccpy</name>
         <value>0x7119</value>
         <object_component_ref idref="oc-489"/>
      </symbol>
      <symbol id="sm-dbc">
         <name>_sys_memory</name>
         <value>0x20002110</value>
         <object_component_ref idref="oc-31"/>
      </symbol>
      <symbol id="sm-dbd">
         <name>free</name>
         <value>0x5137</value>
         <object_component_ref idref="oc-204"/>
      </symbol>
      <symbol id="sm-dbe">
         <name>realloc</name>
         <value>0x51f9</value>
         <object_component_ref idref="oc-204"/>
      </symbol>
      <symbol id="sm-dbf">
         <name>memalign</name>
         <value>0x5305</value>
         <object_component_ref idref="oc-204"/>
      </symbol>
      <symbol id="sm-dc0">
         <name>calloc</name>
         <value>0x53e9</value>
         <object_component_ref idref="oc-204"/>
      </symbol>
      <symbol id="sm-dc1">
         <name>malloc</name>
         <value>0x50cf</value>
         <object_component_ref idref="oc-204"/>
      </symbol>
      <symbol id="sm-dc2">
         <name>minit</name>
         <value>0x5041</value>
         <object_component_ref idref="oc-204"/>
      </symbol>
      <symbol id="sm-ddd">
         <name>frexpl</name>
         <value>0x6d75</value>
         <object_component_ref idref="oc-477"/>
      </symbol>
      <symbol id="sm-dde">
         <name>frexp</name>
         <value>0x6d75</value>
         <object_component_ref idref="oc-477"/>
      </symbol>
      <symbol id="sm-dfb">
         <name>scalbn</name>
         <value>0x6679</value>
         <object_component_ref idref="oc-47d"/>
      </symbol>
      <symbol id="sm-dfc">
         <name>scalbnl</name>
         <value>0x6679</value>
         <object_component_ref idref="oc-47d"/>
      </symbol>
      <symbol id="sm-dfd">
         <name>ldexpl</name>
         <value>0x6679</value>
         <object_component_ref idref="oc-47d"/>
      </symbol>
      <symbol id="sm-dfe">
         <name>ldexp</name>
         <value>0x6679</value>
         <object_component_ref idref="oc-47d"/>
      </symbol>
      <symbol id="sm-e08">
         <name>_system_post_cinit</name>
         <value>0x6e8f</value>
         <object_component_ref idref="oc-ae"/>
      </symbol>
      <symbol id="sm-e18">
         <name>strchr</name>
         <value>0x714d</value>
         <object_component_ref idref="oc-483"/>
      </symbol>
      <symbol id="sm-e26">
         <name>strlen</name>
         <value>0x718d</value>
         <object_component_ref idref="oc-448"/>
      </symbol>
      <symbol id="sm-e42">
         <name>__aeabi_uldivmod</name>
         <value>0x5d31</value>
         <object_component_ref idref="oc-443"/>
      </symbol>
      <symbol id="sm-e4a">
         <name>errno</name>
         <value>0x20002578</value>
         <object_component_ref idref="oc-506"/>
      </symbol>
      <symbol id="sm-e54">
         <name>copysign</name>
         <value>0x7179</value>
         <object_component_ref idref="oc-500"/>
      </symbol>
      <symbol id="sm-e55">
         <name>copysignl</name>
         <value>0x7179</value>
         <object_component_ref idref="oc-500"/>
      </symbol>
      <symbol id="sm-e56">
         <name>__TI_static_base__</name>
         <value>0x0</value>
      </symbol>
      <symbol id="sm-e59">
         <name>NMI_Handler</name>
         <value>0x71d7</value>
      </symbol>
      <symbol id="sm-e5a">
         <name>HardFault_Handler</name>
         <value>0x71d7</value>
      </symbol>
      <symbol id="sm-e5b">
         <name>MemManage_Handler</name>
         <value>0x71d7</value>
      </symbol>
      <symbol id="sm-e5c">
         <name>BusFault_Handler</name>
         <value>0x71d7</value>
      </symbol>
      <symbol id="sm-e5d">
         <name>UsageFault_Handler</name>
         <value>0x71d7</value>
      </symbol>
      <symbol id="sm-e5e">
         <name>SVC_Handler</name>
         <value>0x71d7</value>
      </symbol>
      <symbol id="sm-e5f">
         <name>DebugMon_Handler</name>
         <value>0x71d7</value>
      </symbol>
      <symbol id="sm-e60">
         <name>PendSV_Handler</name>
         <value>0x71d7</value>
      </symbol>
      <symbol id="sm-e61">
         <name>SysTick_Handler</name>
         <value>0x71d7</value>
      </symbol>
      <symbol id="sm-e62">
         <name>PSS_IRQHandler</name>
         <value>0x71d7</value>
      </symbol>
      <symbol id="sm-e63">
         <name>CS_IRQHandler</name>
         <value>0x71d7</value>
      </symbol>
      <symbol id="sm-e64">
         <name>PCM_IRQHandler</name>
         <value>0x71d7</value>
      </symbol>
      <symbol id="sm-e65">
         <name>WDT_A_IRQHandler</name>
         <value>0x71d7</value>
      </symbol>
      <symbol id="sm-e66">
         <name>FPU_IRQHandler</name>
         <value>0x71d7</value>
      </symbol>
      <symbol id="sm-e67">
         <name>FLCTL_IRQHandler</name>
         <value>0x71d7</value>
      </symbol>
      <symbol id="sm-e68">
         <name>COMP_E0_IRQHandler</name>
         <value>0x71d7</value>
      </symbol>
      <symbol id="sm-e69">
         <name>COMP_E1_IRQHandler</name>
         <value>0x71d7</value>
      </symbol>
      <symbol id="sm-e6a">
         <name>TA0_0_IRQHandler</name>
         <value>0x71d7</value>
      </symbol>
      <symbol id="sm-e6b">
         <name>TA0_N_IRQHandler</name>
         <value>0x71d7</value>
      </symbol>
      <symbol id="sm-e6c">
         <name>TA1_0_IRQHandler</name>
         <value>0x71d7</value>
      </symbol>
      <symbol id="sm-e6d">
         <name>TA1_N_IRQHandler</name>
         <value>0x71d7</value>
      </symbol>
      <symbol id="sm-e6e">
         <name>TA2_0_IRQHandler</name>
         <value>0x71d7</value>
      </symbol>
      <symbol id="sm-e6f">
         <name>TA2_N_IRQHandler</name>
         <value>0x71d7</value>
      </symbol>
      <symbol id="sm-e70">
         <name>TA3_0_IRQHandler</name>
         <value>0x71d7</value>
      </symbol>
      <symbol id="sm-e71">
         <name>TA3_N_IRQHandler</name>
         <value>0x71d7</value>
      </symbol>
      <symbol id="sm-e72">
         <name>EUSCIA0_IRQHandler</name>
         <value>0x71d7</value>
      </symbol>
      <symbol id="sm-e73">
         <name>EUSCIA1_IRQHandler</name>
         <value>0x71d7</value>
      </symbol>
      <symbol id="sm-e74">
         <name>EUSCIA2_IRQHandler</name>
         <value>0x71d7</value>
      </symbol>
      <symbol id="sm-e75">
         <name>EUSCIA3_IRQHandler</name>
         <value>0x71d7</value>
      </symbol>
      <symbol id="sm-e76">
         <name>EUSCIB0_IRQHandler</name>
         <value>0x71d7</value>
      </symbol>
      <symbol id="sm-e77">
         <name>EUSCIB1_IRQHandler</name>
         <value>0x71d7</value>
      </symbol>
      <symbol id="sm-e78">
         <name>EUSCIB2_IRQHandler</name>
         <value>0x71d7</value>
      </symbol>
      <symbol id="sm-e79">
         <name>EUSCIB3_IRQHandler</name>
         <value>0x71d7</value>
      </symbol>
      <symbol id="sm-e7a">
         <name>ADC14_IRQHandler</name>
         <value>0x49cb</value>
      </symbol>
      <symbol id="sm-e7b">
         <name>T32_INT1_IRQHandler</name>
         <value>0x49ad</value>
      </symbol>
      <symbol id="sm-e7c">
         <name>T32_INT2_IRQHandler</name>
         <value>0x71d7</value>
      </symbol>
      <symbol id="sm-e7d">
         <name>T32_INTC_IRQHandler</name>
         <value>0x71d7</value>
      </symbol>
      <symbol id="sm-e7e">
         <name>AES256_IRQHandler</name>
         <value>0x71d7</value>
      </symbol>
      <symbol id="sm-e7f">
         <name>RTC_C_IRQHandler</name>
         <value>0x71d7</value>
      </symbol>
      <symbol id="sm-e80">
         <name>DMA_ERR_IRQHandler</name>
         <value>0x71d7</value>
      </symbol>
      <symbol id="sm-e81">
         <name>DMA_INT3_IRQHandler</name>
         <value>0x71d7</value>
      </symbol>
      <symbol id="sm-e82">
         <name>DMA_INT2_IRQHandler</name>
         <value>0x71d7</value>
      </symbol>
      <symbol id="sm-e83">
         <name>DMA_INT1_IRQHandler</name>
         <value>0x71d7</value>
      </symbol>
      <symbol id="sm-e84">
         <name>DMA_INT0_IRQHandler</name>
         <value>0x71d7</value>
      </symbol>
      <symbol id="sm-e85">
         <name>PORT1_IRQHandler</name>
         <value>0x71d7</value>
      </symbol>
      <symbol id="sm-e86">
         <name>PORT2_IRQHandler</name>
         <value>0x71d7</value>
      </symbol>
      <symbol id="sm-e87">
         <name>PORT3_IRQHandler</name>
         <value>0x71d7</value>
      </symbol>
      <symbol id="sm-e88">
         <name>PORT4_IRQHandler</name>
         <value>0x71d7</value>
      </symbol>
      <symbol id="sm-e89">
         <name>PORT5_IRQHandler</name>
         <value>0x71d7</value>
      </symbol>
      <symbol id="sm-e8a">
         <name>PORT6_IRQHandler</name>
         <value>0x71d7</value>
      </symbol>
   </symbol_table>
   <title>Link successful</title>
</link_info>
