******************************************************************************
                  TI ARM Linker Unix v15.12.3                  
******************************************************************************
>> Linked Mon Dec 12 00:35:14 2016

OUTPUT FILE NAME:   <finalProject.out>
ENTRY POINT SYMBOL: "_c_int00"  address: 00007019


MEMORY CONFIGURATION

         name            origin    length      used     unused   attr    fill
----------------------  --------  ---------  --------  --------  ----  --------
  MAIN                  00000000   00040000  00007da4  0003825c  R  X
  INFO                  00200000   00004000  00000000  00004000  R  X
  SRAM_CODE             01000000   00010000  00002786  0000d87a  RW X
  SRAM_DATA             20000000   00010000  00002786  0000d87a  RW  


SEGMENT ALLOCATION MAP

run origin  load origin   length   init length attrs members
----------  ----------- ---------- ----------- ----- -------
00000000    00000000    00007dac   00007dac    r-x
  00000000    00000000    000000e4   000000e4    r-- .intvecs
  000000e4    000000e4    000072da   000072da    r-x .text
  000073c0    000073c0    00000946   00000946    r-- .const
  00007d08    00007d08    00000004   00000004    r-- .init_array
  00007d10    00007d10    0000009c   0000009c    r-- .cinit
20000000    20000000    0000258c   00000000    rw-
  20000000    20000000    000000e4   00000000    rw- .vtable
  200000e8    200000e8    00002026   00000000    rw- .bss
  20002110    20002110    00000400   00000000    rw- .sysmem
  20002510    20002510    0000007c   00000000    rw- .data
2000fe00    2000fe00    00000200   00000000    rw-
  2000fe00    2000fe00    00000200   00000000    rw- .stack


SECTION ALLOCATION MAP

 output                                  attributes/
section   page    origin      length       input sections
--------  ----  ----------  ----------   ----------------
.intvecs   0    00000000    000000e4     
                  00000000    000000e4     startup_msp432p401r_ccs.obj (.intvecs:retain)

.binit     0    00000000    00000000     

.text      0    000000e4    000072da     
                  000000e4    00001110     rtsv7M4_T_le_v4SPD16_eabi.lib : _printfi.obj (.text)
                  000011f4    000008e0     adc14.obj (.text)
                  00001ad4    000008a4     spi.obj (.text)
                  00002378    00000678     Crystalfontz128x128_ST7735.obj (.text)
                  000029f0    00000658     Scheduler.obj (.text)
                  00003048    00000630     string.obj (.text)
                  00003678    000004dc     GameLogic.obj (.text)
                  00003b54    000004a8     Screen.obj (.text)
                  00003ffc    00000490     line.obj (.text)
                  0000448c    00000480     gpio.obj (.text)
                  0000490c    00000400     main.obj (.text)
                  00004d0c    000003f0     interrupt.obj (.text)
                  000050fc    000003dc     rtsv7M4_T_le_v4SPD16_eabi.lib : memory.obj (.text)
                  000054d8    00000370     system_msp432p401r.obj (.text)
                  00005848    0000033e     rectangle.obj (.text)
                  00005b86    00000266     context.obj (.text)
                  00005dec    000001f8     Ball.obj (.text)
                  00005fe4    000001f4     rtsv7M4_T_le_v4SPD16_eabi.lib : ull_div_t2.obj (.text)
                  000061d8    000001b6                                   : fd_add_t2.obj (.text)
                  0000638e    00000136                                   : fd_div_t2.obj (.text)
                  000064c4    00000134     display.obj (.text)
                  000065f8    0000010c     GamePiece.obj (.text)
                  00006704    000000fc     rtsv7M4_T_le_v4SPD16_eabi.lib : fd_mul_t2.obj (.text)
                  00006800    000000fc                                   : s_scalbn.obj (.text)
                  000068fc    000000e0     Racket.obj (.text)
                  000069dc    000000bc     HAL_MSP_EXP432P401R_Crystalfontz128x128_ST7735.obj (.text)
                  00006a98    000000bc     rtsv7M4_T_le_v4SPD16_eabi.lib : typeinfo_.obj (.text)
                  00006b54    000000a8     Task.obj (.text)
                  00006bfc    0000009c     rtsv7M4_T_le_v4SPD16_eabi.lib : memcpy_t2.obj (.text)
                  00006c98    00000086                                   : fd_cmp_t2.obj (.text:__aeabi_cdcmple)
                  00006d1e    00000086                                   : fd_cmp_t2.obj (.text:__aeabi_cdrcmple)
                  00006da4    0000007a                                   : memset_t2.obj (.text)
                  00006e1e    00000002                                   : mpu_init.obj (.text)
                  00006e20    00000070                                   : autoinit.obj (.text)
                  00006e90    0000006a                                   : copy_decompress_rle.obj (.text)
                  00006efa    00000002                                   : newhandler.obj (.text)
                  00006efc    00000064                                   : s_frexp.obj (.text)
                  00006f60    00000060                                   : sprintf.obj (.text)
                  00006fc0    00000056                                   : ltoa.obj (.text)
                  00007016    00000002                                   : startup.obj (.text)
                  00007018    00000054                                   : boot.obj (.text)
                  0000706c    00000054                                   : exit.obj (.text)
                  000070c0    0000004c                                   : atoi.obj (.text)
                  0000710c    0000004c                                   : cpy_tbl.obj (.text)
                  00007158    0000004c                                   : rand.obj (.text)
                  000071a4    00000048                                   : fd_toi_t2.obj (.text)
                  000071ec    0000003e     cpu.obj (.text)
                  0000722a    00000002     --HOLE-- [fill = 0]
                  0000722c    00000034     LED.obj (.text:_ZN4Task14ProcessMessageE3MSG)
                  00007260    00000030     rtsv7M4_T_le_v4SPD16_eabi.lib : new_.obj (.text)
                  00007290    0000002e                                   : i_tofd_t2.obj (.text)
                  000072be    00000002     --HOLE-- [fill = 0]
                  000072c0    0000002c     GameLogic.obj (.text:_ZN4Task11SendMessageEv)
                  000072ec    0000001c     rtsv7M4_T_le_v4SPD16_eabi.lib : memccpy.obj (.text)
                  00007308    00000018                                   : args_main.obj (.text)
                  00007320    00000016                                   : strchr.obj (.text)
                  00007336    00000002     --HOLE-- [fill = 0]
                  00007338    00000014                                   : _lock.obj (.text)
                  0000734c    00000014                                   : s_copysign.obj (.text)
                  00007360    00000014                                   : strlen.obj (.text)
                  00007374    0000000e     GameLogic.obj (.text:_ZN4BallC1Ev)
                  00007382    0000000e     GameLogic.obj (.text:_ZN6RacketC1Ev)
                  00007390    0000000e     rtsv7M4_T_le_v4SPD16_eabi.lib : copy_decompress_none.obj (.text:decompress:none)
                  0000739e    0000000e     startup_msp432p401r_ccs.obj (.text)
                  000073ac    00000008     rtsv7M4_T_le_v4SPD16_eabi.lib : delete.obj (.text)
                  000073b4    00000006                                   : copy_decompress_rle.obj (.text:decompress:rle24)
                  000073ba    00000004                                   : pre_init.obj (.text)

.const     0    000073c0    00000946     
                  000073c0    000002f8     fontfixed6x8.obj (.const:.string:g_pucFontFixed6x8Data)
                  000076b8    00000101     rtsv7M4_T_le_v4SPD16_eabi.lib : ctype.obj (.const:.string:_ctypes_)
                  000077b9    00000002                                   : typeinfo_.obj (.const:.typeinfo:_ZTSe)
                  000077bb    00000001     --HOLE-- [fill = 0]
                  000077bc    000000c8     fontfixed6x8.obj (.const:g_sFontFixed6x8)
                  00007884    00000080     adc14.obj (.const:_ctlRegs)
                  00007904    00000050     interrupt.obj (.const:g_pulRegs)
                  00007954    0000002c     Crystalfontz128x128_ST7735.obj (.const:g_sCrystalfontz128x128)
                  00007980    00000028     rtsv7M4_T_le_v4SPD16_eabi.lib : typeinfo_.obj (.const:.typeinfo:_ZTSN10__cxxabiv123__fundamental_type_infoE)
                  000079a8    00000025                                   : typeinfo_.obj (.const:.typeinfo:_ZTSN10__cxxabiv120__si_class_type_infoE)
                  000079cd    00000024                                   : typeinfo_.obj (.const:.typeinfo:_ZTSN10__cxxabiv119__pointer_type_infoE)
                  000079f1    00000022                                   : typeinfo_.obj (.const:.typeinfo:_ZTSN10__cxxabiv117__class_type_infoE)
                  00007a13    00000022                                   : typeinfo_.obj (.const:.typeinfo:_ZTSN10__cxxabiv117__pbase_type_infoE)
                  00007a35    00000003     --HOLE-- [fill = 0]
                  00007a38    00000020     interrupt.obj (.const:g_pulPriority)
                  00007a58    0000001c     HAL_MSP_EXP432P401R_Crystalfontz128x128_ST7735.obj (.const:$P$T0$1)
                  00007a74    0000001c     gpio.obj (.const:GPIO_PORT_TO_INT)
                  00007a90    0000001c     GameLogic.obj (.const:_ZTV9GameLogic)
                  00007aac    00000014     GameLogic.obj (.const:$P$T40$1)
                  00007ac0    00000014     LED.obj (.const:$P$T40$1)
                  00007ad4    00000014     Scheduler.obj (.const:$P$T40$1)
                  00007ae8    00000014     main.obj (.const:$P$T40$1)
                  00007afc    00000014     Scheduler.obj (.const:$P$T41$2)
                  00007b10    00000014     main.obj (.const:$P$T41$2)
                  00007b24    00000014     Task.obj (.const:$P$T42$3)
                  00007b38    00000014     main.obj (.const:$P$T42$3)
                  00007b4c    00000014     Screen.obj (.const:$P$T43$2)
                  00007b60    00000014     Screen.obj (.const:$P$T44$3)
                  00007b74    00000014     GameLogic.obj (.const:$P$T52$8)
                  00007b88    00000014     GameLogic.obj (.const:$P$T53$9)
                  00007b9c    00000014     Task.obj (.const:_ZTV4Task)
                  00007bb0    00000014     Screen.obj (.const:_ZTV6Screen)
                  00007bc4    00000010     rtsv7M4_T_le_v4SPD16_eabi.lib : typeinfo_.obj (.const:.typeinfo:_ZTIPKe)
                  00007bd4    00000010                                   : typeinfo_.obj (.const:_ZTVN10__cxxabiv117__class_type_infoE)
                  00007be4    00000010                                   : typeinfo_.obj (.const:_ZTVN10__cxxabiv119__pointer_type_infoE)
                  00007bf4    00000010                                   : typeinfo_.obj (.const:_ZTVN10__cxxabiv120__si_class_type_infoE)
                  00007c04    00000010                                   : typeinfo_.obj (.const:_ZTVN10__cxxabiv123__fundamental_type_infoE)
                  00007c14    0000000d                                   : typeinfo_.obj (.const:.typeinfo:_ZTSSt9type_info)
                  00007c21    00000003     --HOLE-- [fill = 0]
                  00007c24    0000000c     Screen.obj (.const:.typeinfo:_ZTI6Screen)
                  00007c30    0000000c     GameLogic.obj (.const:.typeinfo:_ZTI9GameLogic)
                  00007c3c    0000000c     rtsv7M4_T_le_v4SPD16_eabi.lib : typeinfo_.obj (.const:.typeinfo:_ZTIN10__cxxabiv117__class_type_infoE)
                  00007c48    0000000c                                   : typeinfo_.obj (.const:.typeinfo:_ZTIN10__cxxabiv117__pbase_type_infoE)
                  00007c54    0000000c                                   : typeinfo_.obj (.const:.typeinfo:_ZTIN10__cxxabiv119__pointer_type_infoE)
                  00007c60    0000000c                                   : typeinfo_.obj (.const:.typeinfo:_ZTIN10__cxxabiv120__si_class_type_infoE)
                  00007c6c    0000000c                                   : typeinfo_.obj (.const:.typeinfo:_ZTIN10__cxxabiv123__fundamental_type_infoE)
                  00007c78    0000000b     GameLogic.obj (.const:.typeinfo:_ZTS9GameLogic)
                  00007c83    00000001     --HOLE-- [fill = 0]
                  00007c84    00000008     Crystalfontz128x128_ST7735.obj (.const:$P$T0$1)
                  00007c8c    00000008     GameLogic.obj (.const:$P$T43$2)
                  00007c94    00000008     GameLogic.obj (.const:$P$T44$3)
                  00007c9c    00000008     GameLogic.obj (.const:$P$T45$4)
                  00007ca4    00000008     GameLogic.obj (.const:$P$T46$5)
                  00007cac    00000008     GameLogic.obj (.const:$P$T47$6)
                  00007cb4    00000008     GameLogic.obj (.const:$P$T48$7)
                  00007cbc    00000008     Task.obj (.const:.typeinfo:_ZTI4Task)
                  00007cc4    00000008     rtsv7M4_T_le_v4SPD16_eabi.lib : typeinfo_.obj (.const:.typeinfo:_ZTISt9type_info)
                  00007ccc    00000008                                   : typeinfo_.obj (.const:.typeinfo:_ZTIe)
                  00007cd4    00000008     Screen.obj (.const:.typeinfo:_ZTS6Screen)
                  00007cdc    00000008     interrupt.obj (.const:g_pulDisRegs)
                  00007ce4    00000008     interrupt.obj (.const:g_pulEnRegs)
                  00007cec    00000008     interrupt.obj (.const:g_pulPendRegs)
                  00007cf4    00000008     interrupt.obj (.const:g_pulUnpendRegs)
                  00007cfc    00000006     Task.obj (.const:.typeinfo:_ZTS4Task)
                  00007d02    00000004     rtsv7M4_T_le_v4SPD16_eabi.lib : typeinfo_.obj (.const:.typeinfo:_ZTSPKe)

.cinit     0    00007d10    0000009c     
                  00007d10    0000005d     (.cinit..data.load) [load image, compression = rle]
                  00007d6d    00000003     --HOLE-- [fill = 0]
                  00007d70    0000000b     (.cinit..bss.load) [load image, compression = rle]
                  00007d7b    00000005     --HOLE-- [fill = 0]
                  00007d80    00000009     (.cinit..vtable.load) [load image, compression = rle]
                  00007d89    00000003     --HOLE-- [fill = 0]
                  00007d8c    00000008     (__TI_handler_table)
                  00007d94    00000018     (__TI_cinit_table)

.init_array 
*          0    00007d08    00000004     
                  00007d08    00000004     main.obj (.init_array)

.vtable    0    20000000    000000e4     UNINITIALIZED
                  20000000    000000e4     interrupt.obj (.vtable)

.bss       0    200000e8    00002026     UNINITIALIZED
                  200000e8    00001ff0     main.obj (.bss:MainScheduler)
                  200020d8    0000001c     (.common:g_sContext)
                  200020f4    0000000c     main.obj (.bss)
                  20002100    00000004     (.common:_ZSt16__dummy_typeinfo)
                  20002104    00000002     (.common:Lcd_ScreenHeigth)
                  20002106    00000002     (.common:Lcd_ScreenWidth)
                  20002108    00000002     (.common:Lcd_TouchTrim)
                  2000210a    00000001     (.common:Lcd_FlagRead)
                  2000210b    00000001     (.common:Lcd_FontSolid)
                  2000210c    00000001     (.common:Lcd_Orientation)
                  2000210d    00000001     (.common:Lcd_PenSolid)

.sysmem    0    20002110    00000400     UNINITIALIZED
                  20002110    00000008     rtsv7M4_T_le_v4SPD16_eabi.lib : memory.obj (.sysmem)
                  20002118    000003f8     --HOLE--

.data      0    20002510    0000007c     UNINITIALIZED
                  20002510    00000030     gpio.obj (.data:GPIO_PORT_TO_BASE)
                  20002540    00000014     main.obj (.data)
                  20002554    0000000c     rtsv7M4_T_le_v4SPD16_eabi.lib : exit.obj (.data:$O1$$)
                  20002560    0000000c                                   : memory.obj (.data:$O1$$)
                  2000256c    00000008                                   : _lock.obj (.data:$O1$$)
                  20002574    00000004     main.obj (.data:aDataFromButton)
                  20002578    00000004     rtsv7M4_T_le_v4SPD16_eabi.lib : errno.obj (.data)
                  2000257c    00000004                                   : rand.obj (.data)
                  20002580    00000004                                   : stkdepth_vars.obj (.data)
                  20002584    00000004                                   : vars.obj (.data)
                  20002588    00000004     system_msp432p401r.obj (.data)

.stack     0    2000fe00    00000200     UNINITIALIZED
                  2000fe00    00000200     --HOLE--

MODULE SUMMARY

       Module                                               code    ro data   rw data
       ------                                               ----    -------   -------
    ./
       main.obj                                             1024    64        16424  
       Scheduler.obj                                        1624    40        0      
       GameLogic.obj                                        1316    159       0      
       Screen.obj                                           1192    80        56     
       system_msp432p401r.obj                               880     0         8      
       Ball.obj                                             504     0         0      
       GamePiece.obj                                        268     0         0      
       startup_msp432p401r_ccs.obj                          14      228       0      
       Racket.obj                                           224     0         0      
       Task.obj                                             168     54        0      
       LED.obj                                              52      20        0      
    +--+----------------------------------------------------+-------+---------+---------+
       Total:                                               7266    645       16488  
                                                                                     
    ./GrLib/fonts/
       fontfixed6x8.obj                                     0       960       0      
    +--+----------------------------------------------------+-------+---------+---------+
       Total:                                               0       960       0      
                                                                                     
    ./GrLib/grlib/
       string.obj                                           1584    0         0      
       line.obj                                             1168    0         0      
       rectangle.obj                                        830     0         0      
       context.obj                                          614     0         0      
       display.obj                                          308     0         0      
    +--+----------------------------------------------------+-------+---------+---------+
       Total:                                               4504    0         0      
                                                                                     
    ./LcdDriver/
       Crystalfontz128x128_ST7735.obj                       1656    52        20     
       HAL_MSP_EXP432P401R_Crystalfontz128x128_ST7735.obj   188     28        0      
    +--+----------------------------------------------------+-------+---------+---------+
       Total:                                               1844    80        20     
                                                                                     
    ./driverlib/MSP432P4xx/
       adc14.obj                                            2272    128       0      
       spi.obj                                              2212    0         0      
       interrupt.obj                                        1008    144       456    
       gpio.obj                                             1152    28        96     
       cpu.obj                                              62      0         0      
    +--+----------------------------------------------------+-------+---------+---------+
       Total:                                               6706    300       552    
                                                                                     
    /opt/ti/ccsv6/tools/compiler/arm_15.12.3.LTS/lib/rtsv7M4_T_le_v4SPD16_eabi.lib
       _printfi.obj                                         4368    0         0      
       memory.obj                                           988     0         24     
       typeinfo_.obj                                        188     356       8      
       ull_div_t2.obj                                       500     0         0      
       fd_add_t2.obj                                        438     0         0      
       fd_div_t2.obj                                        310     0         0      
       fd_cmp_t2.obj                                        268     0         0      
       ctype.obj                                            0       257       0      
       fd_mul_t2.obj                                        252     0         0      
       s_scalbn.obj                                         252     0         0      
       memcpy_t2.obj                                        156     0         0      
       memset_t2.obj                                        122     0         0      
       autoinit.obj                                         112     0         0      
       copy_decompress_rle.obj                              112     0         0      
       exit.obj                                             84      0         24     
       s_frexp.obj                                          100     0         0      
       sprintf.obj                                          96      0         0      
       ltoa.obj                                             86      0         0      
       boot.obj                                             84      0         0      
       rand.obj                                             76      0         8      
       atoi.obj                                             76      0         0      
       cpy_tbl.obj                                          76      0         0      
       fd_toi_t2.obj                                        72      0         0      
       new_.obj                                             48      0         0      
       i_tofd_t2.obj                                        46      0         0      
       _lock.obj                                            20      0         16     
       memccpy.obj                                          28      0         0      
       args_main.obj                                        24      0         0      
       strchr.obj                                           22      0         0      
       s_copysign.obj                                       20      0         0      
       strlen.obj                                           20      0         0      
       copy_decompress_none.obj                             14      0         0      
       delete.obj                                           8       0         0      
       errno.obj                                            0       0         8      
       stkdepth_vars.obj                                    0       0         8      
       vars.obj                                             0       0         8      
       pre_init.obj                                         4       0         0      
       mpu_init.obj                                         2       0         0      
       newhandler.obj                                       2       0         0      
       startup.obj                                          2       0         0      
    +--+----------------------------------------------------+-------+---------+---------+
       Total:                                               9076    613       104    
                                                                                     
       Heap:                                                0       0         2048   
       Stack:                                               0       0         1024   
       Linker Generated:                                    0       145       0      
    +--+----------------------------------------------------+-------+---------+---------+
       Grand Total:                                         29396   2743      20236  


LINKER GENERATED COPY TABLES

__TI_cinit_table @ 00007d94 records: 3, size/record: 8, table size: 24
	.data: load addr=00007d10, load size=0000005d bytes, run addr=20002510, run size=0000007c bytes, compression=rle
	.bss: load addr=00007d70, load size=0000000b bytes, run addr=200000e8, run size=00002026 bytes, compression=rle
	.vtable: load addr=00007d80, load size=00000009 bytes, run addr=20000000, run size=000000e4 bytes, compression=rle


LINKER GENERATED HANDLER TABLE

__TI_handler_table @ 00007d8c records: 2, size/record: 4, table size: 8
	index: 0, handler: __TI_decompress_rle24
	index: 1, handler: __TI_decompress_none


GLOBAL SYMBOLS: SORTED ALPHABETICALLY BY Name 

address   name                                              
-------   ----                                              
00004a87  ADC14_IRQHandler                                  
00004a87  ADC14_IRQHandler                                  
00001a49  ADC14_clearInterruptFlag                          
000015e9  ADC14_configureConversionMemory                   
00001491  ADC14_configureMultiSequenceMode                  
00001527  ADC14_configureSingleSampleMode                   
00001721  ADC14_disableComparatorWindow                     
000015bf  ADC14_disableConversion                           
000019c3  ADC14_disableInterrupt                            
00001365  ADC14_disableModule                               
0000193f  ADC14_disableReferenceBurst                       
000013a5  ADC14_disableSampleTimer                          
00001691  ADC14_enableComparatorWindow                      
0000157d  ADC14_enableConversion                            
00001997  ADC14_enableInterrupt                             
0000135d  ADC14_enableModule                                
00001929  ADC14_enableReferenceBurst                        
0000137b  ADC14_enableSampleTimer                           
00001a19  ADC14_getEnabledInterruptStatus                   
000019ef  ADC14_getInterruptStatus                          
00001849  ADC14_getMultiSequenceResult                      
0000141b  ADC14_getResolution                               
0000182f  ADC14_getResult                                   
000018b5  ADC14_getResultArray                              
000013bb  ADC14_initModule                                  
000015cb  ADC14_isBusy                                      
00001a79  ADC14_registerInterrupt                           
0000177f  ADC14_setComparatorWindowValue                    
00001955  ADC14_setPowerMode                                
00001401  ADC14_setResolution                               
00001805  ADC14_setResultFormat                             
00001467  ADC14_setSampleHoldTime                           
00001425  ADC14_setSampleHoldTrigger                        
0000159d  ADC14_toggleConversionTrigger                     
00001a8d  ADC14_unregisterInterrupt                         
000073ab  AES256_IRQHandler                                 
000049dd  BUTTON_DOWN_ISR                                   
00004a23  BUTTON_UP_ISR                                     
000073ab  BusFault_Handler                                  
0000706d  C$$EXIT                                           
000073ab  COMP_E0_IRQHandler                                
000073ab  COMP_E1_IRQHandler                                
00007221  CPU_basepriGet                                    
00007213  CPU_basepriSet                                    
000071ed  CPU_cpsid                                         
00007203  CPU_cpsie                                         
000071f9  CPU_primask                                       
0000720f  CPU_wfi                                           
000073ab  CS_IRQHandler                                     
00002379  Crystalfontz128x128_Init                          
0000248d  Crystalfontz128x128_SetDrawFrame                  
000025bb  Crystalfontz128x128_SetOrientation                
000073ab  DMA_ERR_IRQHandler                                
000073ab  DMA_INT0_IRQHandler                               
000073ab  DMA_INT1_IRQHandler                               
000073ab  DMA_INT2_IRQHandler                               
000073ab  DMA_INT3_IRQHandler                               
000073ab  DebugMon_Handler                                  
000073ab  Default_Handler                                   
000073ab  EUSCIA0_IRQHandler                                
000073ab  EUSCIA1_IRQHandler                                
000073ab  EUSCIA2_IRQHandler                                
000073ab  EUSCIA3_IRQHandler                                
000073ab  EUSCIB0_IRQHandler                                
000073ab  EUSCIB1_IRQHandler                                
000073ab  EUSCIB2_IRQHandler                                
000073ab  EUSCIB3_IRQHandler                                
00002243  EUSCI_A_SPI_changeClockPhasePolarity              
000022f7  EUSCI_A_SPI_clearInterruptFlag                    
00002327  EUSCI_A_SPI_disable                               
000022c5  EUSCI_A_SPI_disableInterrupt                      
00002311  EUSCI_A_SPI_enable                                
000022ab  EUSCI_A_SPI_enableInterrupt                       
000022df  EUSCI_A_SPI_getInterruptStatus                    
0000233d  EUSCI_A_SPI_getReceiveBufferAddressForDMA         
0000234b  EUSCI_A_SPI_getTransmitBufferAddressForDMA        
00002359  EUSCI_A_SPI_isBusy                                
000021c3  EUSCI_A_SPI_masterChangeClock                     
0000229b  EUSCI_A_SPI_receiveData                           
000021a3  EUSCI_A_SPI_select4PinFunctionality               
000021f9  EUSCI_A_SPI_slaveInit                             
00002285  EUSCI_A_SPI_transmitData                          
00002075  EUSCI_B_SPI_changeClockPhasePolarity              
00002129  EUSCI_B_SPI_clearInterruptFlag                    
00002159  EUSCI_B_SPI_disable                               
000020f7  EUSCI_B_SPI_disableInterrupt                      
00002143  EUSCI_B_SPI_enable                                
000020dd  EUSCI_B_SPI_enableInterrupt                       
00002111  EUSCI_B_SPI_getInterruptStatus                    
0000216f  EUSCI_B_SPI_getReceiveBufferAddressForDMA         
0000217d  EUSCI_B_SPI_getTransmitBufferAddressForDMA        
0000218b  EUSCI_B_SPI_isBusy                                
00001ff9  EUSCI_B_SPI_masterChangeClock                     
000020cd  EUSCI_B_SPI_receiveData                           
00001fd9  EUSCI_B_SPI_select4PinFunctionality               
0000202b  EUSCI_B_SPI_slaveInit                             
000020b7  EUSCI_B_SPI_transmitData                          
000073ab  FLCTL_IRQHandler                                  
000073ab  FPU_IRQHandler                                    
000047af  GPIO_clearInterruptFlag                           
0000476f  GPIO_disableInterrupt                             
0000474d  GPIO_enableInterrupt                              
00004807  GPIO_getEnabledInterruptStatus                    
0000471f  GPIO_getInputPinValue                             
00004791  GPIO_getInterruptStatus                           
000047d1  GPIO_interruptEdgeSelect                          
000048c7  GPIO_registerInterrupt                            
000044c7  GPIO_setAsInputPin                                
0000467b  GPIO_setAsInputPinWithPullDownResistor            
000046cd  GPIO_setAsInputPinWithPullUpResistor              
0000448d  GPIO_setAsOutputPin                               
00004591  GPIO_setAsPeripheralModuleFunctionInputPin        
0000450d  GPIO_setAsPeripheralModuleFunctionOutputPin       
00004883  GPIO_setDriveStrengthHigh                         
000048a5  GPIO_setDriveStrengthLow                          
00004615  GPIO_setOutputHighOnPin                           
00004637  GPIO_setOutputLowOnPin                            
00004659  GPIO_toggleOutputOnPin                            
000048e7  GPIO_unregisterInterrupt                          
00005d73  Graphics_clearDisplay                             
000065e1  Graphics_clearDisplayOnDisplay                    
00006533  Graphics_drawHorizontalLineOnDisplay              
00004319  Graphics_drawLine                                 
00003ffd  Graphics_drawLineH                                
00004099  Graphics_drawLineV                                
000064ef  Graphics_drawMultiplePixelsOnDisplay              
00005d85  Graphics_drawPixel                                
000064c5  Graphics_drawPixelOnDisplay                       
00005849  Graphics_drawRectangle                            
00003183  Graphics_drawString                               
00003611  Graphics_drawStringCentered                       
00006567  Graphics_drawVerticalLineOnDisplay                
000058eb  Graphics_fillRectangle                            
0000659b  Graphics_fillRectangleOnDisplay                   
00005d65  Graphics_flushBuffer                              
000065cf  Graphics_flushOnDisplay                           
00005d47  Graphics_getDisplayHeight                         
00005d37  Graphics_getDisplayWidth                          
00005ce5  Graphics_getFontBaseline                          
00005d1b  Graphics_getFontHeight                            
00005d29  Graphics_getFontMaxWidth                          
00005d57  Graphics_getHeightOfDisplay                       
00005a4f  Graphics_getRectangleIntersection                 
00003601  Graphics_getStringBaseline                        
00003659  Graphics_getStringHeight                          
00003669  Graphics_getStringMaxWidth                        
00003089  Graphics_getStringWidth                           
00005ddf  Graphics_getWidthOfDisplay                        
00005b87  Graphics_initContext                              
00005b35  Graphics_isPointWithinRectangle                   
000059fd  Graphics_isRectangleOverlap                       
00005c9b  Graphics_setBackgroundColor                       
00005cb5  Graphics_setBackgroundColorTranslated             
00005bd1  Graphics_setClipRegion                            
00005ccb  Graphics_setFont                                  
00005cf3  Graphics_setForegroundColor                       
00005d09  Graphics_setForegroundColorTranslated             
000065b9  Graphics_translateColorOnDisplay                  
000069dd  HAL_LCD_PortInit                                  
00006a0d  HAL_LCD_SpiInit                                   
00006a43  HAL_LCD_writeCommand                              
00006a6b  HAL_LCD_writeData                                 
000073ab  HardFault_Handler                                 
00004ecf  Interrupt_disableInterrupt                        
00004d1f  Interrupt_disableMaster                           
000050cd  Interrupt_disableSleepOnIsrExit                   
00004e5d  Interrupt_enableInterrupt                         
00004d0f  Interrupt_enableMaster                            
000050bb  Interrupt_enableSleepOnIsrExit                    
00004e37  Interrupt_getPriority                             
00004daf  Interrupt_getPriorityGrouping                     
0000509b  Interrupt_getPriorityMask                         
000050b5  Interrupt_getVectorTableAddress                   
00004f41  Interrupt_isEnabled                               
00004fcd  Interrupt_pendInterrupt                           
00004d2f  Interrupt_registerInterrupt                       
00004de7  Interrupt_setPriority                             
00004d95  Interrupt_setPriorityGrouping                     
0000508b  Interrupt_setPriorityMask                         
000050a5  Interrupt_setVectorTableAddress                   
0000503d  Interrupt_unpendInterrupt                         
00004d81  Interrupt_unregisterInterrupt                     
2000210a  Lcd_FlagRead                                      
2000210b  Lcd_FontSolid                                     
2000210c  Lcd_Orientation                                   
2000210d  Lcd_PenSolid                                      
20002104  Lcd_ScreenHeigth                                  
20002106  Lcd_ScreenWidth                                   
20002108  Lcd_TouchTrim                                     
200000e8  MainScheduler                                     
000073ab  MemManage_Handler                                 
000073ab  NMI_Handler                                       
000073ab  PCM_IRQHandler                                    
000073ab  PORT1_IRQHandler                                  
000073ab  PORT2_IRQHandler                                  
000073ab  PORT3_IRQHandler                                  
000073ab  PORT4_IRQHandler                                  
000073ab  PORT5_IRQHandler                                  
000073ab  PORT6_IRQHandler                                  
000073ab  PSS_IRQHandler                                    
000073ab  PendSV_Handler                                    
000073ab  RTC_C_IRQHandler                                  
0000739f  Reset_Handler                                     
00007d08  SHT$$INIT_ARRAY$$Base                             
00007d0c  SHT$$INIT_ARRAY$$Limit                            
00001c97  SPI_changeClockPhasePolarity                      
00001bf1  SPI_changeMasterClock                             
00001e49  SPI_clearInterruptFlag                            
00001dcb  SPI_disableInterrupt                              
00001d25  SPI_disableModule                                 
00001da5  SPI_enableInterrupt                               
00001d09  SPI_enableModule                                  
00001e19  SPI_getEnabledInterruptStatus                     
00001df1  SPI_getInterruptStatus                            
00001d41  SPI_getReceiveBufferAddressForDMA                 
00001d5d  SPI_getTransmitBufferAddressForDMA                
00001b05  SPI_initMaster                                    
00001c19  SPI_initSlave                                     
00001d89  SPI_isBusy                                        
00001ced  SPI_receiveData                                   
00001e6f  SPI_registerInterrupt                             
00001bcb  SPI_selectFourPinFunctionality                    
00001cc7  SPI_transmitData                                  
00001f2d  SPI_unregisterInterrupt                           
000073ab  SVC_Handler                                       
000073ab  SysTick_Handler                                   
20002588  SystemCoreClock                                   
000054d9  SystemCoreClockUpdate                             
0000574d  SystemInit                                        
00004a69  T32_INT1_IRQHandler                               
00004a69  T32_INT1_IRQHandler                               
000073ab  T32_INT2_IRQHandler                               
000073ab  T32_INTC_IRQHandler                               
000073ab  TA0_0_IRQHandler                                  
000073ab  TA0_N_IRQHandler                                  
000073ab  TA1_0_IRQHandler                                  
000073ab  TA1_N_IRQHandler                                  
000073ab  TA2_0_IRQHandler                                  
000073ab  TA2_N_IRQHandler                                  
000073ab  TA3_0_IRQHandler                                  
000073ab  TA3_N_IRQHandler                                  
000073ab  UsageFault_Handler                                
4000480c  WDTCTL_SYM                                        
000073ab  WDT_A_IRQHandler                                  
00003679  _Z12BallControlXP6RacketS0_P4Ball                 
000036c1  _Z12BallControlYP6RacketS0_P4Ball                 
00004b89  _Z13setupButtonUpv                                
00004bb7  _Z15setupButtonDownv                              
00006efb  _Z21__default_new_handlerv                        
00005ded  _Z4rollii                                         
00004be5  _Z5Setupv                                         
00004aeb  _Z8setupADCv                                      
00006b45  _ZN10__cxxabiv116__enum_type_infoD0Ev             
00006b43  _ZN10__cxxabiv116__enum_type_infoD1Ev             
00006b43  _ZN10__cxxabiv116__enum_type_infoD2Ev             
00006b3b  _ZN10__cxxabiv117__array_type_infoD0Ev            
00006b39  _ZN10__cxxabiv117__array_type_infoD1Ev            
00006b39  _ZN10__cxxabiv117__array_type_infoD2Ev            
00006b31  _ZN10__cxxabiv117__class_type_infoD0Ev            
00006b2f  _ZN10__cxxabiv117__class_type_infoD1Ev            
00006b2f  _ZN10__cxxabiv117__class_type_infoD2Ev            
00006b27  _ZN10__cxxabiv117__pbase_type_infoD0Ev            
00006b25  _ZN10__cxxabiv117__pbase_type_infoD1Ev            
00006b25  _ZN10__cxxabiv117__pbase_type_infoD2Ev            
00006b1d  _ZN10__cxxabiv119__pointer_type_infoD0Ev          
00006b1b  _ZN10__cxxabiv119__pointer_type_infoD1Ev          
00006b1b  _ZN10__cxxabiv119__pointer_type_infoD2Ev          
00006b13  _ZN10__cxxabiv120__function_type_infoD0Ev         
00006b11  _ZN10__cxxabiv120__function_type_infoD1Ev         
00006b11  _ZN10__cxxabiv120__function_type_infoD2Ev         
00006b09  _ZN10__cxxabiv120__si_class_type_infoD0Ev         
00006b07  _ZN10__cxxabiv120__si_class_type_infoD1Ev         
00006b07  _ZN10__cxxabiv120__si_class_type_infoD2Ev         
00006aff  _ZN10__cxxabiv121__vmi_class_type_infoD0Ev        
00006afd  _ZN10__cxxabiv121__vmi_class_type_infoD1Ev        
00006afd  _ZN10__cxxabiv121__vmi_class_type_infoD2Ev        
00006af5  _ZN10__cxxabiv123__fundamental_type_infoD0Ev      
00006af3  _ZN10__cxxabiv123__fundamental_type_infoD1Ev      
00006af3  _ZN10__cxxabiv123__fundamental_type_infoD2Ev      
00006aeb  _ZN10__cxxabiv129__pointer_to_member_type_infoD0Ev
00006ae9  _ZN10__cxxabiv129__pointer_to_member_type_infoD1Ev
00006ae9  _ZN10__cxxabiv129__pointer_to_member_type_infoD2Ev
00005ee5  _ZN4Ball12CheckLimitsXEv                          
00005f63  _ZN4Ball12CheckLimitsYEv                          
00005e33  _ZN4BallC1EiiiiiPiS0_                             
00007375  _ZN4BallC1Ev                                      
00005e33  _ZN4BallC2EiiiiiPiS0_                             
000072c1  _ZN4Task11SendMessageEv                           
0000722d  _ZN4Task14ProcessMessageE3MSG                     
00006be5  _ZN4Task17GetTaskFinalCountEv                     
00006bb7  _ZN4Task17SetTaskFinalCountEy                     
00006bd5  _ZN4Task19GetTaskCurrentCountEv                   
00006b99  _ZN4Task19SetTaskCurrentCountEy                   
00006b73  _ZN4Task3runEv                                    
00006b55  _ZN4TaskC1Ev                                      
00006b55  _ZN4TaskC2Ev                                      
000069a9  _ZN6Racket12CheckLimitsYEv                        
000068fd  _ZN6RacketC1EiiiiiPiS0_                           
00007383  _ZN6RacketC1Ev                                    
000068fd  _ZN6RacketC2EiiiiiPiS0_                           
00003c3d  _ZN6Screen11printFigureEv                         
00003bdb  _ZN6Screen14ProcessMessageE3MSG                   
00003f45  _ZN6Screen14printPongScoreE3MSG                   
00003e3d  _ZN6Screen14printPongTableEv                      
00003d85  _ZN6Screen15getFigureChangeE3MSG                  
00003ea7  _ZN6Screen15printPongWinnerE3MSG                  
00003bb5  _ZN6Screen3runEv                                  
00003b55  _ZN6ScreenC1Eib                                   
00003b55  _ZN6ScreenC2Eib                                   
000039d9  _ZN9GameLogic12scoreControlEP6RacketS1_P4Ball     
00003aff  _ZN9GameLogic13winnerControlEv                    
000038ef  _ZN9GameLogic14ProcessMessageE3MSG                
0000384d  _ZN9GameLogic3runEv                               
00003709  _ZN9GameLogicC1Eibi                               
00003709  _ZN9GameLogicC2Eibi                               
000066a5  _ZN9GamePiece12CheckChangeXEv                     
000066d5  _ZN9GamePiece12CheckChangeYEv                     
00006677  _ZN9GamePiece13getDirectionXEv                    
00006697  _ZN9GamePiece13getDirectionYEv                    
00006665  _ZN9GamePiece13setDirectionXEi                    
00006685  _ZN9GamePiece13setDirectionYEi                    
00006617  _ZN9GamePiece7getPosXEv                           
00006637  _ZN9GamePiece7getPosYEv                           
00006657  _ZN9GamePiece7getSizeEv                           
00006605  _ZN9GamePiece7setPosXEi                           
00006625  _ZN9GamePiece7setPosYEi                           
00006645  _ZN9GamePiece7setSizeEi                           
000065f9  _ZN9GamePieceC1Ev                                 
000065f9  _ZN9GamePieceC2Ev                                 
00002dcb  _ZN9Scheduler13attachMessageE3MSG                 
00002fdb  _ZN9Scheduler14processMessageE3MSG                
00002e27  _ZN9Scheduler17clearMessageQueueEv                
00002f8d  _ZN9Scheduler18clearNextSchedulerEv               
00002c55  _ZN9Scheduler19ProcessMessageQueueEv              
00002b91  _ZN9Scheduler21CalculateNextScheduleEv            
0000302f  _ZN9Scheduler22SortScheduleByPriorityEP4Task      
00002b0d  _ZN9Scheduler3runEv                               
00002a97  _ZN9Scheduler6attachEP4Task                       
000029f1  _ZN9SchedulerC1Ev                                 
000029f1  _ZN9SchedulerC2Ev                                 
00006aab  _ZNKSt9type_info4nameEv                           
00006adb  _ZNKSt9type_info6beforeERKS_                      
00006ac5  _ZNKSt9type_infoeqERKS_                           
00006aaf  _ZNKSt9type_infoneERKS_                           
00006aa3  _ZNSt9type_infoD0Ev                               
00006aa1  _ZNSt9type_infoD1Ev                               
00006aa1  _ZNSt9type_infoD2Ev                               
20002100  _ZSt16__dummy_typeinfo                            
00006a99  _ZSt21__gen_dummy_typeinfosv                      
00007cbc  _ZTI4Task                                         
00007c24  _ZTI6Screen                                       
00007c30  _ZTI9GameLogic                                    
00007c3c  _ZTIN10__cxxabiv117__class_type_infoE             
00007c48  _ZTIN10__cxxabiv117__pbase_type_infoE             
00007c54  _ZTIN10__cxxabiv119__pointer_type_infoE           
00007c60  _ZTIN10__cxxabiv120__si_class_type_infoE          
00007c6c  _ZTIN10__cxxabiv123__fundamental_type_infoE       
00007bc4  _ZTIPKe                                           
00007cc4  _ZTISt9type_info                                  
00007ccc  _ZTIe                                             
00007cfc  _ZTS4Task                                         
00007cd4  _ZTS6Screen                                       
00007c78  _ZTS9GameLogic                                    
000079f1  _ZTSN10__cxxabiv117__class_type_infoE             
00007a13  _ZTSN10__cxxabiv117__pbase_type_infoE             
000079cd  _ZTSN10__cxxabiv119__pointer_type_infoE           
000079a8  _ZTSN10__cxxabiv120__si_class_type_infoE          
00007980  _ZTSN10__cxxabiv123__fundamental_type_infoE       
00007d02  _ZTSPKe                                           
00007c14  _ZTSSt9type_info                                  
000077b9  _ZTSe                                             
00007b9c  _ZTV4Task                                         
00007bb0  _ZTV6Screen                                       
00007a90  _ZTV9GameLogic                                    
00007bd4  _ZTVN10__cxxabiv117__class_type_infoE             
00007be4  _ZTVN10__cxxabiv119__pointer_type_infoE           
00007bf4  _ZTVN10__cxxabiv120__si_class_type_infoE          
00007c04  _ZTVN10__cxxabiv123__fundamental_type_infoE       
000073ad  _ZdlPv                                            
00007261  _Znwj                                             
20010000  __STACK_END                                       
00000200  __STACK_SIZE                                      
00000400  __SYSMEM_SIZE                                     
00007d94  __TI_CINIT_Base                                   
00007dac  __TI_CINIT_Limit                                  
00007d8c  __TI_Handler_Table_Base                           
00007d94  __TI_Handler_Table_Limit                          
00006e21  __TI_auto_init                                    
20002554  __TI_cleanup_ptr                                  
00007391  __TI_decompress_none                              
000073b5  __TI_decompress_rle24                             
20002558  __TI_dtors_ptr                                    
2000255c  __TI_enable_exit_profile_output                   
ffffffff  __TI_pprof_out_hndl                               
00000eef  __TI_printfi                                      
ffffffff  __TI_prof_data_size                               
ffffffff  __TI_prof_data_start                              
00000000  __TI_static_base__                                
00006c99  __aeabi_cdcmpeq                                   
00006c99  __aeabi_cdcmple                                   
00006d1f  __aeabi_cdrcmple                                  
000071a5  __aeabi_d2iz                                      
000061e3  __aeabi_dadd                                      
0000638f  __aeabi_ddiv                                      
00006705  __aeabi_dmul                                      
000061d9  __aeabi_dsub                                      
00007291  __aeabi_i2d                                       
00006da5  __aeabi_memclr                                    
00006da5  __aeabi_memclr4                                   
00006da5  __aeabi_memclr8                                   
00006bfd  __aeabi_memcpy                                    
00006bfd  __aeabi_memcpy4                                   
00006bfd  __aeabi_memcpy8                                   
00006da7  __aeabi_memset                                    
00006da7  __aeabi_memset4                                   
00006da7  __aeabi_memset8                                   
00005fe5  __aeabi_uldivmod                                  
ffffffff  __binit__                                         
ffffffff  __c_args__                                        
00006e1f  __mpu_init                                        
2000fe00  __stack                                           
00004c69  __sti___8_main_cpp_05102ee7                       
00007309  _args_main                                        
00007019  _c_int00                                          
000076b8  _ctypes_                                          
2000256c  _lock                                             
20002584  _new_handler                                      
00007347  _nop                                              
0000733f  _register_lock                                    
00007339  _register_unlock                                  
20002110  _sys_memory                                       
00007017  _system_post_cinit                                
000073bb  _system_pre_init                                  
20002570  _unlock                                           
200020fc  aDataFromADC                                      
20002574  aDataFromButton                                   
00007071  abort                                             
000070c1  atoi                                              
ffffffff  binit                                             
000054a5  calloc                                            
0000710d  copy_in                                           
0000734d  copysign                                          
0000734d  copysignl                                         
20002548  counterDown                                       
2000254c  counterUp                                         
20002578  errno                                             
00007079  exit                                              
000051f3  free                                              
00006efd  frexp                                             
00006efd  frexpl                                            
20000000  g_pfnRAMVectors                                   
200020d8  g_sContext                                        
00007954  g_sCrystalfontz128x128                            
000077bc  g_sFontFixed6x8                                   
00000000  interruptVectors                                  
00006801  ldexp                                             
00006801  ldexpl                                            
00006fc1  ltoa                                              
00004977  main                                              
20002580  main_func_sp                                      
0000518b  malloc                                            
000053c1  memalign                                          
000072ed  memccpy                                           
00006bfd  memcpy                                            
00006dad  memset                                            
000050fd  minit                                             
20002550  pDataToScreenB                                    
200020f4  positionDown                                      
200020f8  positionUp                                        
0000716f  rand                                              
000052b5  realloc                                           
00006801  scalbn                                            
00006801  scalbnl                                           
00006f61  sprintf                                           
00007159  srand                                             
00007321  strchr                                            
00007361  strlen                                            


GLOBAL SYMBOLS: SORTED BY Symbol Address 

address   name                                              
-------   ----                                              
00000000  __TI_static_base__                                
00000000  interruptVectors                                  
00000200  __STACK_SIZE                                      
00000400  __SYSMEM_SIZE                                     
00000eef  __TI_printfi                                      
0000135d  ADC14_enableModule                                
00001365  ADC14_disableModule                               
0000137b  ADC14_enableSampleTimer                           
000013a5  ADC14_disableSampleTimer                          
000013bb  ADC14_initModule                                  
00001401  ADC14_setResolution                               
0000141b  ADC14_getResolution                               
00001425  ADC14_setSampleHoldTrigger                        
00001467  ADC14_setSampleHoldTime                           
00001491  ADC14_configureMultiSequenceMode                  
00001527  ADC14_configureSingleSampleMode                   
0000157d  ADC14_enableConversion                            
0000159d  ADC14_toggleConversionTrigger                     
000015bf  ADC14_disableConversion                           
000015cb  ADC14_isBusy                                      
000015e9  ADC14_configureConversionMemory                   
00001691  ADC14_enableComparatorWindow                      
00001721  ADC14_disableComparatorWindow                     
0000177f  ADC14_setComparatorWindowValue                    
00001805  ADC14_setResultFormat                             
0000182f  ADC14_getResult                                   
00001849  ADC14_getMultiSequenceResult                      
000018b5  ADC14_getResultArray                              
00001929  ADC14_enableReferenceBurst                        
0000193f  ADC14_disableReferenceBurst                       
00001955  ADC14_setPowerMode                                
00001997  ADC14_enableInterrupt                             
000019c3  ADC14_disableInterrupt                            
000019ef  ADC14_getInterruptStatus                          
00001a19  ADC14_getEnabledInterruptStatus                   
00001a49  ADC14_clearInterruptFlag                          
00001a79  ADC14_registerInterrupt                           
00001a8d  ADC14_unregisterInterrupt                         
00001b05  SPI_initMaster                                    
00001bcb  SPI_selectFourPinFunctionality                    
00001bf1  SPI_changeMasterClock                             
00001c19  SPI_initSlave                                     
00001c97  SPI_changeClockPhasePolarity                      
00001cc7  SPI_transmitData                                  
00001ced  SPI_receiveData                                   
00001d09  SPI_enableModule                                  
00001d25  SPI_disableModule                                 
00001d41  SPI_getReceiveBufferAddressForDMA                 
00001d5d  SPI_getTransmitBufferAddressForDMA                
00001d89  SPI_isBusy                                        
00001da5  SPI_enableInterrupt                               
00001dcb  SPI_disableInterrupt                              
00001df1  SPI_getInterruptStatus                            
00001e19  SPI_getEnabledInterruptStatus                     
00001e49  SPI_clearInterruptFlag                            
00001e6f  SPI_registerInterrupt                             
00001f2d  SPI_unregisterInterrupt                           
00001fd9  EUSCI_B_SPI_select4PinFunctionality               
00001ff9  EUSCI_B_SPI_masterChangeClock                     
0000202b  EUSCI_B_SPI_slaveInit                             
00002075  EUSCI_B_SPI_changeClockPhasePolarity              
000020b7  EUSCI_B_SPI_transmitData                          
000020cd  EUSCI_B_SPI_receiveData                           
000020dd  EUSCI_B_SPI_enableInterrupt                       
000020f7  EUSCI_B_SPI_disableInterrupt                      
00002111  EUSCI_B_SPI_getInterruptStatus                    
00002129  EUSCI_B_SPI_clearInterruptFlag                    
00002143  EUSCI_B_SPI_enable                                
00002159  EUSCI_B_SPI_disable                               
0000216f  EUSCI_B_SPI_getReceiveBufferAddressForDMA         
0000217d  EUSCI_B_SPI_getTransmitBufferAddressForDMA        
0000218b  EUSCI_B_SPI_isBusy                                
000021a3  EUSCI_A_SPI_select4PinFunctionality               
000021c3  EUSCI_A_SPI_masterChangeClock                     
000021f9  EUSCI_A_SPI_slaveInit                             
00002243  EUSCI_A_SPI_changeClockPhasePolarity              
00002285  EUSCI_A_SPI_transmitData                          
0000229b  EUSCI_A_SPI_receiveData                           
000022ab  EUSCI_A_SPI_enableInterrupt                       
000022c5  EUSCI_A_SPI_disableInterrupt                      
000022df  EUSCI_A_SPI_getInterruptStatus                    
000022f7  EUSCI_A_SPI_clearInterruptFlag                    
00002311  EUSCI_A_SPI_enable                                
00002327  EUSCI_A_SPI_disable                               
0000233d  EUSCI_A_SPI_getReceiveBufferAddressForDMA         
0000234b  EUSCI_A_SPI_getTransmitBufferAddressForDMA        
00002359  EUSCI_A_SPI_isBusy                                
00002379  Crystalfontz128x128_Init                          
0000248d  Crystalfontz128x128_SetDrawFrame                  
000025bb  Crystalfontz128x128_SetOrientation                
000029f1  _ZN9SchedulerC1Ev                                 
000029f1  _ZN9SchedulerC2Ev                                 
00002a97  _ZN9Scheduler6attachEP4Task                       
00002b0d  _ZN9Scheduler3runEv                               
00002b91  _ZN9Scheduler21CalculateNextScheduleEv            
00002c55  _ZN9Scheduler19ProcessMessageQueueEv              
00002dcb  _ZN9Scheduler13attachMessageE3MSG                 
00002e27  _ZN9Scheduler17clearMessageQueueEv                
00002f8d  _ZN9Scheduler18clearNextSchedulerEv               
00002fdb  _ZN9Scheduler14processMessageE3MSG                
0000302f  _ZN9Scheduler22SortScheduleByPriorityEP4Task      
00003089  Graphics_getStringWidth                           
00003183  Graphics_drawString                               
00003601  Graphics_getStringBaseline                        
00003611  Graphics_drawStringCentered                       
00003659  Graphics_getStringHeight                          
00003669  Graphics_getStringMaxWidth                        
00003679  _Z12BallControlXP6RacketS0_P4Ball                 
000036c1  _Z12BallControlYP6RacketS0_P4Ball                 
00003709  _ZN9GameLogicC1Eibi                               
00003709  _ZN9GameLogicC2Eibi                               
0000384d  _ZN9GameLogic3runEv                               
000038ef  _ZN9GameLogic14ProcessMessageE3MSG                
000039d9  _ZN9GameLogic12scoreControlEP6RacketS1_P4Ball     
00003aff  _ZN9GameLogic13winnerControlEv                    
00003b55  _ZN6ScreenC1Eib                                   
00003b55  _ZN6ScreenC2Eib                                   
00003bb5  _ZN6Screen3runEv                                  
00003bdb  _ZN6Screen14ProcessMessageE3MSG                   
00003c3d  _ZN6Screen11printFigureEv                         
00003d85  _ZN6Screen15getFigureChangeE3MSG                  
00003e3d  _ZN6Screen14printPongTableEv                      
00003ea7  _ZN6Screen15printPongWinnerE3MSG                  
00003f45  _ZN6Screen14printPongScoreE3MSG                   
00003ffd  Graphics_drawLineH                                
00004099  Graphics_drawLineV                                
00004319  Graphics_drawLine                                 
0000448d  GPIO_setAsOutputPin                               
000044c7  GPIO_setAsInputPin                                
0000450d  GPIO_setAsPeripheralModuleFunctionOutputPin       
00004591  GPIO_setAsPeripheralModuleFunctionInputPin        
00004615  GPIO_setOutputHighOnPin                           
00004637  GPIO_setOutputLowOnPin                            
00004659  GPIO_toggleOutputOnPin                            
0000467b  GPIO_setAsInputPinWithPullDownResistor            
000046cd  GPIO_setAsInputPinWithPullUpResistor              
0000471f  GPIO_getInputPinValue                             
0000474d  GPIO_enableInterrupt                              
0000476f  GPIO_disableInterrupt                             
00004791  GPIO_getInterruptStatus                           
000047af  GPIO_clearInterruptFlag                           
000047d1  GPIO_interruptEdgeSelect                          
00004807  GPIO_getEnabledInterruptStatus                    
00004883  GPIO_setDriveStrengthHigh                         
000048a5  GPIO_setDriveStrengthLow                          
000048c7  GPIO_registerInterrupt                            
000048e7  GPIO_unregisterInterrupt                          
00004977  main                                              
000049dd  BUTTON_DOWN_ISR                                   
00004a23  BUTTON_UP_ISR                                     
00004a69  T32_INT1_IRQHandler                               
00004a69  T32_INT1_IRQHandler                               
00004a87  ADC14_IRQHandler                                  
00004a87  ADC14_IRQHandler                                  
00004aeb  _Z8setupADCv                                      
00004b89  _Z13setupButtonUpv                                
00004bb7  _Z15setupButtonDownv                              
00004be5  _Z5Setupv                                         
00004c69  __sti___8_main_cpp_05102ee7                       
00004d0f  Interrupt_enableMaster                            
00004d1f  Interrupt_disableMaster                           
00004d2f  Interrupt_registerInterrupt                       
00004d81  Interrupt_unregisterInterrupt                     
00004d95  Interrupt_setPriorityGrouping                     
00004daf  Interrupt_getPriorityGrouping                     
00004de7  Interrupt_setPriority                             
00004e37  Interrupt_getPriority                             
00004e5d  Interrupt_enableInterrupt                         
00004ecf  Interrupt_disableInterrupt                        
00004f41  Interrupt_isEnabled                               
00004fcd  Interrupt_pendInterrupt                           
0000503d  Interrupt_unpendInterrupt                         
0000508b  Interrupt_setPriorityMask                         
0000509b  Interrupt_getPriorityMask                         
000050a5  Interrupt_setVectorTableAddress                   
000050b5  Interrupt_getVectorTableAddress                   
000050bb  Interrupt_enableSleepOnIsrExit                    
000050cd  Interrupt_disableSleepOnIsrExit                   
000050fd  minit                                             
0000518b  malloc                                            
000051f3  free                                              
000052b5  realloc                                           
000053c1  memalign                                          
000054a5  calloc                                            
000054d9  SystemCoreClockUpdate                             
0000574d  SystemInit                                        
00005849  Graphics_drawRectangle                            
000058eb  Graphics_fillRectangle                            
000059fd  Graphics_isRectangleOverlap                       
00005a4f  Graphics_getRectangleIntersection                 
00005b35  Graphics_isPointWithinRectangle                   
00005b87  Graphics_initContext                              
00005bd1  Graphics_setClipRegion                            
00005c9b  Graphics_setBackgroundColor                       
00005cb5  Graphics_setBackgroundColorTranslated             
00005ccb  Graphics_setFont                                  
00005ce5  Graphics_getFontBaseline                          
00005cf3  Graphics_setForegroundColor                       
00005d09  Graphics_setForegroundColorTranslated             
00005d1b  Graphics_getFontHeight                            
00005d29  Graphics_getFontMaxWidth                          
00005d37  Graphics_getDisplayWidth                          
00005d47  Graphics_getDisplayHeight                         
00005d57  Graphics_getHeightOfDisplay                       
00005d65  Graphics_flushBuffer                              
00005d73  Graphics_clearDisplay                             
00005d85  Graphics_drawPixel                                
00005ddf  Graphics_getWidthOfDisplay                        
00005ded  _Z4rollii                                         
00005e33  _ZN4BallC1EiiiiiPiS0_                             
00005e33  _ZN4BallC2EiiiiiPiS0_                             
00005ee5  _ZN4Ball12CheckLimitsXEv                          
00005f63  _ZN4Ball12CheckLimitsYEv                          
00005fe5  __aeabi_uldivmod                                  
000061d9  __aeabi_dsub                                      
000061e3  __aeabi_dadd                                      
0000638f  __aeabi_ddiv                                      
000064c5  Graphics_drawPixelOnDisplay                       
000064ef  Graphics_drawMultiplePixelsOnDisplay              
00006533  Graphics_drawHorizontalLineOnDisplay              
00006567  Graphics_drawVerticalLineOnDisplay                
0000659b  Graphics_fillRectangleOnDisplay                   
000065b9  Graphics_translateColorOnDisplay                  
000065cf  Graphics_flushOnDisplay                           
000065e1  Graphics_clearDisplayOnDisplay                    
000065f9  _ZN9GamePieceC1Ev                                 
000065f9  _ZN9GamePieceC2Ev                                 
00006605  _ZN9GamePiece7setPosXEi                           
00006617  _ZN9GamePiece7getPosXEv                           
00006625  _ZN9GamePiece7setPosYEi                           
00006637  _ZN9GamePiece7getPosYEv                           
00006645  _ZN9GamePiece7setSizeEi                           
00006657  _ZN9GamePiece7getSizeEv                           
00006665  _ZN9GamePiece13setDirectionXEi                    
00006677  _ZN9GamePiece13getDirectionXEv                    
00006685  _ZN9GamePiece13setDirectionYEi                    
00006697  _ZN9GamePiece13getDirectionYEv                    
000066a5  _ZN9GamePiece12CheckChangeXEv                     
000066d5  _ZN9GamePiece12CheckChangeYEv                     
00006705  __aeabi_dmul                                      
00006801  ldexp                                             
00006801  ldexpl                                            
00006801  scalbn                                            
00006801  scalbnl                                           
000068fd  _ZN6RacketC1EiiiiiPiS0_                           
000068fd  _ZN6RacketC2EiiiiiPiS0_                           
000069a9  _ZN6Racket12CheckLimitsYEv                        
000069dd  HAL_LCD_PortInit                                  
00006a0d  HAL_LCD_SpiInit                                   
00006a43  HAL_LCD_writeCommand                              
00006a6b  HAL_LCD_writeData                                 
00006a99  _ZSt21__gen_dummy_typeinfosv                      
00006aa1  _ZNSt9type_infoD1Ev                               
00006aa1  _ZNSt9type_infoD2Ev                               
00006aa3  _ZNSt9type_infoD0Ev                               
00006aab  _ZNKSt9type_info4nameEv                           
00006aaf  _ZNKSt9type_infoneERKS_                           
00006ac5  _ZNKSt9type_infoeqERKS_                           
00006adb  _ZNKSt9type_info6beforeERKS_                      
00006ae9  _ZN10__cxxabiv129__pointer_to_member_type_infoD1Ev
00006ae9  _ZN10__cxxabiv129__pointer_to_member_type_infoD2Ev
00006aeb  _ZN10__cxxabiv129__pointer_to_member_type_infoD0Ev
00006af3  _ZN10__cxxabiv123__fundamental_type_infoD1Ev      
00006af3  _ZN10__cxxabiv123__fundamental_type_infoD2Ev      
00006af5  _ZN10__cxxabiv123__fundamental_type_infoD0Ev      
00006afd  _ZN10__cxxabiv121__vmi_class_type_infoD1Ev        
00006afd  _ZN10__cxxabiv121__vmi_class_type_infoD2Ev        
00006aff  _ZN10__cxxabiv121__vmi_class_type_infoD0Ev        
00006b07  _ZN10__cxxabiv120__si_class_type_infoD1Ev         
00006b07  _ZN10__cxxabiv120__si_class_type_infoD2Ev         
00006b09  _ZN10__cxxabiv120__si_class_type_infoD0Ev         
00006b11  _ZN10__cxxabiv120__function_type_infoD1Ev         
00006b11  _ZN10__cxxabiv120__function_type_infoD2Ev         
00006b13  _ZN10__cxxabiv120__function_type_infoD0Ev         
00006b1b  _ZN10__cxxabiv119__pointer_type_infoD1Ev          
00006b1b  _ZN10__cxxabiv119__pointer_type_infoD2Ev          
00006b1d  _ZN10__cxxabiv119__pointer_type_infoD0Ev          
00006b25  _ZN10__cxxabiv117__pbase_type_infoD1Ev            
00006b25  _ZN10__cxxabiv117__pbase_type_infoD2Ev            
00006b27  _ZN10__cxxabiv117__pbase_type_infoD0Ev            
00006b2f  _ZN10__cxxabiv117__class_type_infoD1Ev            
00006b2f  _ZN10__cxxabiv117__class_type_infoD2Ev            
00006b31  _ZN10__cxxabiv117__class_type_infoD0Ev            
00006b39  _ZN10__cxxabiv117__array_type_infoD1Ev            
00006b39  _ZN10__cxxabiv117__array_type_infoD2Ev            
00006b3b  _ZN10__cxxabiv117__array_type_infoD0Ev            
00006b43  _ZN10__cxxabiv116__enum_type_infoD1Ev             
00006b43  _ZN10__cxxabiv116__enum_type_infoD2Ev             
00006b45  _ZN10__cxxabiv116__enum_type_infoD0Ev             
00006b55  _ZN4TaskC1Ev                                      
00006b55  _ZN4TaskC2Ev                                      
00006b73  _ZN4Task3runEv                                    
00006b99  _ZN4Task19SetTaskCurrentCountEy                   
00006bb7  _ZN4Task17SetTaskFinalCountEy                     
00006bd5  _ZN4Task19GetTaskCurrentCountEv                   
00006be5  _ZN4Task17GetTaskFinalCountEv                     
00006bfd  __aeabi_memcpy                                    
00006bfd  __aeabi_memcpy4                                   
00006bfd  __aeabi_memcpy8                                   
00006bfd  memcpy                                            
00006c99  __aeabi_cdcmpeq                                   
00006c99  __aeabi_cdcmple                                   
00006d1f  __aeabi_cdrcmple                                  
00006da5  __aeabi_memclr                                    
00006da5  __aeabi_memclr4                                   
00006da5  __aeabi_memclr8                                   
00006da7  __aeabi_memset                                    
00006da7  __aeabi_memset4                                   
00006da7  __aeabi_memset8                                   
00006dad  memset                                            
00006e1f  __mpu_init                                        
00006e21  __TI_auto_init                                    
00006efb  _Z21__default_new_handlerv                        
00006efd  frexp                                             
00006efd  frexpl                                            
00006f61  sprintf                                           
00006fc1  ltoa                                              
00007017  _system_post_cinit                                
00007019  _c_int00                                          
0000706d  C$$EXIT                                           
00007071  abort                                             
00007079  exit                                              
000070c1  atoi                                              
0000710d  copy_in                                           
00007159  srand                                             
0000716f  rand                                              
000071a5  __aeabi_d2iz                                      
000071ed  CPU_cpsid                                         
000071f9  CPU_primask                                       
00007203  CPU_cpsie                                         
0000720f  CPU_wfi                                           
00007213  CPU_basepriSet                                    
00007221  CPU_basepriGet                                    
0000722d  _ZN4Task14ProcessMessageE3MSG                     
00007261  _Znwj                                             
00007291  __aeabi_i2d                                       
000072c1  _ZN4Task11SendMessageEv                           
000072ed  memccpy                                           
00007309  _args_main                                        
00007321  strchr                                            
00007339  _register_unlock                                  
0000733f  _register_lock                                    
00007347  _nop                                              
0000734d  copysign                                          
0000734d  copysignl                                         
00007361  strlen                                            
00007375  _ZN4BallC1Ev                                      
00007383  _ZN6RacketC1Ev                                    
00007391  __TI_decompress_none                              
0000739f  Reset_Handler                                     
000073ab  AES256_IRQHandler                                 
000073ab  BusFault_Handler                                  
000073ab  COMP_E0_IRQHandler                                
000073ab  COMP_E1_IRQHandler                                
000073ab  CS_IRQHandler                                     
000073ab  DMA_ERR_IRQHandler                                
000073ab  DMA_INT0_IRQHandler                               
000073ab  DMA_INT1_IRQHandler                               
000073ab  DMA_INT2_IRQHandler                               
000073ab  DMA_INT3_IRQHandler                               
000073ab  DebugMon_Handler                                  
000073ab  Default_Handler                                   
000073ab  EUSCIA0_IRQHandler                                
000073ab  EUSCIA1_IRQHandler                                
000073ab  EUSCIA2_IRQHandler                                
000073ab  EUSCIA3_IRQHandler                                
000073ab  EUSCIB0_IRQHandler                                
000073ab  EUSCIB1_IRQHandler                                
000073ab  EUSCIB2_IRQHandler                                
000073ab  EUSCIB3_IRQHandler                                
000073ab  FLCTL_IRQHandler                                  
000073ab  FPU_IRQHandler                                    
000073ab  HardFault_Handler                                 
000073ab  MemManage_Handler                                 
000073ab  NMI_Handler                                       
000073ab  PCM_IRQHandler                                    
000073ab  PORT1_IRQHandler                                  
000073ab  PORT2_IRQHandler                                  
000073ab  PORT3_IRQHandler                                  
000073ab  PORT4_IRQHandler                                  
000073ab  PORT5_IRQHandler                                  
000073ab  PORT6_IRQHandler                                  
000073ab  PSS_IRQHandler                                    
000073ab  PendSV_Handler                                    
000073ab  RTC_C_IRQHandler                                  
000073ab  SVC_Handler                                       
000073ab  SysTick_Handler                                   
000073ab  T32_INT2_IRQHandler                               
000073ab  T32_INTC_IRQHandler                               
000073ab  TA0_0_IRQHandler                                  
000073ab  TA0_N_IRQHandler                                  
000073ab  TA1_0_IRQHandler                                  
000073ab  TA1_N_IRQHandler                                  
000073ab  TA2_0_IRQHandler                                  
000073ab  TA2_N_IRQHandler                                  
000073ab  TA3_0_IRQHandler                                  
000073ab  TA3_N_IRQHandler                                  
000073ab  UsageFault_Handler                                
000073ab  WDT_A_IRQHandler                                  
000073ad  _ZdlPv                                            
000073b5  __TI_decompress_rle24                             
000073bb  _system_pre_init                                  
000076b8  _ctypes_                                          
000077b9  _ZTSe                                             
000077bc  g_sFontFixed6x8                                   
00007954  g_sCrystalfontz128x128                            
00007980  _ZTSN10__cxxabiv123__fundamental_type_infoE       
000079a8  _ZTSN10__cxxabiv120__si_class_type_infoE          
000079cd  _ZTSN10__cxxabiv119__pointer_type_infoE           
000079f1  _ZTSN10__cxxabiv117__class_type_infoE             
00007a13  _ZTSN10__cxxabiv117__pbase_type_infoE             
00007a90  _ZTV9GameLogic                                    
00007b9c  _ZTV4Task                                         
00007bb0  _ZTV6Screen                                       
00007bc4  _ZTIPKe                                           
00007bd4  _ZTVN10__cxxabiv117__class_type_infoE             
00007be4  _ZTVN10__cxxabiv119__pointer_type_infoE           
00007bf4  _ZTVN10__cxxabiv120__si_class_type_infoE          
00007c04  _ZTVN10__cxxabiv123__fundamental_type_infoE       
00007c14  _ZTSSt9type_info                                  
00007c24  _ZTI6Screen                                       
00007c30  _ZTI9GameLogic                                    
00007c3c  _ZTIN10__cxxabiv117__class_type_infoE             
00007c48  _ZTIN10__cxxabiv117__pbase_type_infoE             
00007c54  _ZTIN10__cxxabiv119__pointer_type_infoE           
00007c60  _ZTIN10__cxxabiv120__si_class_type_infoE          
00007c6c  _ZTIN10__cxxabiv123__fundamental_type_infoE       
00007c78  _ZTS9GameLogic                                    
00007cbc  _ZTI4Task                                         
00007cc4  _ZTISt9type_info                                  
00007ccc  _ZTIe                                             
00007cd4  _ZTS6Screen                                       
00007cfc  _ZTS4Task                                         
00007d02  _ZTSPKe                                           
00007d08  SHT$$INIT_ARRAY$$Base                             
00007d0c  SHT$$INIT_ARRAY$$Limit                            
00007d8c  __TI_Handler_Table_Base                           
00007d94  __TI_CINIT_Base                                   
00007d94  __TI_Handler_Table_Limit                          
00007dac  __TI_CINIT_Limit                                  
20000000  g_pfnRAMVectors                                   
200000e8  MainScheduler                                     
200020d8  g_sContext                                        
200020f4  positionDown                                      
200020f8  positionUp                                        
200020fc  aDataFromADC                                      
20002100  _ZSt16__dummy_typeinfo                            
20002104  Lcd_ScreenHeigth                                  
20002106  Lcd_ScreenWidth                                   
20002108  Lcd_TouchTrim                                     
2000210a  Lcd_FlagRead                                      
2000210b  Lcd_FontSolid                                     
2000210c  Lcd_Orientation                                   
2000210d  Lcd_PenSolid                                      
20002110  _sys_memory                                       
20002548  counterDown                                       
2000254c  counterUp                                         
20002550  pDataToScreenB                                    
20002554  __TI_cleanup_ptr                                  
20002558  __TI_dtors_ptr                                    
2000255c  __TI_enable_exit_profile_output                   
2000256c  _lock                                             
20002570  _unlock                                           
20002574  aDataFromButton                                   
20002578  errno                                             
20002580  main_func_sp                                      
20002584  _new_handler                                      
20002588  SystemCoreClock                                   
2000fe00  __stack                                           
20010000  __STACK_END                                       
4000480c  WDTCTL_SYM                                        
ffffffff  __TI_pprof_out_hndl                               
ffffffff  __TI_prof_data_size                               
ffffffff  __TI_prof_data_start                              
ffffffff  __binit__                                         
ffffffff  __c_args__                                        
ffffffff  binit                                             

[477 symbols]
