******************************************************************************
                  TI ARM Linker Unix v15.12.3                  
******************************************************************************
>> Linked Tue Dec 13 02:52:34 2016

OUTPUT FILE NAME:   <finalProject.out>
ENTRY POINT SYMBOL: "_c_int00"  address: 000072a9


MEMORY CONFIGURATION

         name            origin    length      used     unused   attr    fill
----------------------  --------  ---------  --------  --------  ----  --------
  MAIN                  00000000   00040000  00007fd8  00038028  R  X
  INFO                  00200000   00004000  00000000  00004000  R  X
  SRAM_CODE             01000000   00010000  0000276a  0000d896  RW X
  SRAM_DATA             20000000   00010000  0000276a  0000d896  RW  


SEGMENT ALLOCATION MAP

run origin  load origin   length   init length attrs members
----------  ----------- ---------- ----------- ----- -------
00000000    00000000    00007fdc   00007fdc    r-x
  00000000    00000000    000000e4   000000e4    r-- .intvecs
  000000e4    000000e4    0000751e   0000751e    r-x .text
  00007604    00007604    0000093e   0000093e    r-- .const
  00007f44    00007f44    00000004   00000004    r-- .init_array
  00007f48    00007f48    00000094   00000094    r-- .cinit
20000000    20000000    00002570   00000000    rw-
  20000000    20000000    000000e4   00000000    rw- .vtable
  200000e8    200000e8    0000201e   00000000    rw- .bss
  20002108    20002108    00000400   00000000    rw- .sysmem
  20002508    20002508    00000068   00000000    rw- .data
2000fe00    2000fe00    00000200   00000000    rw-
  2000fe00    2000fe00    00000200   00000000    rw- .stack


SECTION ALLOCATION MAP

 output                                  attributes/
section   page    origin      length       input sections
--------  ----  ----------  ----------   ----------------
.intvecs   0    00000000    000000e4     
                  00000000    000000e4     startup_msp432p401r_ccs.obj (.intvecs:retain)

.binit     0    00000000    00000000     

.text      0    000000e4    0000751e     
                  000000e4    00001110     rtsv7M4_T_le_v4SPD16_eabi.lib : _printfi.obj (.text)
                  000011f4    000008e0     adc14.obj (.text)
                  00001ad4    000008a4     spi.obj (.text)
                  00002378    0000083c     GameLogic.obj (.text)
                  00002bb4    00000678     Crystalfontz128x128_ST7735.obj (.text)
                  0000322c    00000630     string.obj (.text)
                  0000385c    00000610     Scheduler.obj (.text)
                  00003e6c    0000056c     Screen.obj (.text)
                  000043d8    00000490     line.obj (.text)
                  00004868    00000480     gpio.obj (.text)
                  00004ce8    000003f0     interrupt.obj (.text)
                  000050d8    000003dc     rtsv7M4_T_le_v4SPD16_eabi.lib : memory.obj (.text)
                  000054b4    000003c0     main.obj (.text)
                  00005874    00000370     system_msp432p401r.obj (.text)
                  00005be4    0000033e     rectangle.obj (.text)
                  00005f22    00000266     context.obj (.text)
                  00006188    000001f4     rtsv7M4_T_le_v4SPD16_eabi.lib : ull_div_t2.obj (.text)
                  0000637c    000001b6                                   : fd_add_t2.obj (.text)
                  00006532    00000136                                   : fd_div_t2.obj (.text)
                  00006668    00000134     display.obj (.text)
                  0000679c    0000010e     Ball.obj (.text)
                  000068aa    000000fc     rtsv7M4_T_le_v4SPD16_eabi.lib : fd_mul_t2.obj (.text)
                  000069a6    00000002                                   : mpu_init.obj (.text)
                  000069a8    000000fc                                   : s_scalbn.obj (.text)
                  00006aa4    000000ec     GamePiece.obj (.text)
                  00006b90    000000da     Racket.obj (.text)
                  00006c6a    00000002     rtsv7M4_T_le_v4SPD16_eabi.lib : newhandler.obj (.text)
                  00006c6c    000000bc     HAL_MSP_EXP432P401R_Crystalfontz128x128_ST7735.obj (.text)
                  00006d28    000000bc     rtsv7M4_T_le_v4SPD16_eabi.lib : typeinfo_.obj (.text)
                  00006de4    000000a8     Task.obj (.text)
                  00006e8c    0000009c     rtsv7M4_T_le_v4SPD16_eabi.lib : memcpy_t2.obj (.text)
                  00006f28    00000086                                   : fd_cmp_t2.obj (.text:__aeabi_cdcmple)
                  00006fae    00000086                                   : fd_cmp_t2.obj (.text:__aeabi_cdrcmple)
                  00007034    0000007a                                   : memset_t2.obj (.text)
                  000070ae    00000002                                   : startup.obj (.text)
                  000070b0    00000070                                   : autoinit.obj (.text)
                  00007120    0000006a                                   : copy_decompress_rle.obj (.text)
                  0000718a    00000002     --HOLE-- [fill = 0]
                  0000718c    00000064                                   : s_frexp.obj (.text)
                  000071f0    00000060                                   : sprintf.obj (.text)
                  00007250    00000056                                   : ltoa.obj (.text)
                  000072a6    00000002     --HOLE-- [fill = 0]
                  000072a8    00000054                                   : boot.obj (.text)
                  000072fc    00000054                                   : exit.obj (.text)
                  00007350    0000004c                                   : atoi.obj (.text)
                  0000739c    0000004c                                   : cpy_tbl.obj (.text)
                  000073e8    00000048                                   : fd_toi_t2.obj (.text)
                  00007430    0000003e     cpu.obj (.text)
                  0000746e    00000002     --HOLE-- [fill = 0]
                  00007470    00000034     Task.obj (.text:_ZN4Task14ProcessMessageE3MSG)
                  000074a4    00000030     rtsv7M4_T_le_v4SPD16_eabi.lib : new_.obj (.text)
                  000074d4    0000002e                                   : i_tofd_t2.obj (.text)
                  00007502    00000002     --HOLE-- [fill = 0]
                  00007504    0000002c     Buzzer.obj (.text:_ZN4Task11SendMessageEv)
                  00007530    0000001c     rtsv7M4_T_le_v4SPD16_eabi.lib : memccpy.obj (.text)
                  0000754c    00000018                                   : args_main.obj (.text)
                  00007564    00000016                                   : strchr.obj (.text)
                  0000757a    00000002     --HOLE-- [fill = 0]
                  0000757c    00000014                                   : _lock.obj (.text)
                  00007590    00000014                                   : s_copysign.obj (.text)
                  000075a4    00000014                                   : strlen.obj (.text)
                  000075b8    0000000e     GameLogic.obj (.text:_ZN4BallC1Ev)
                  000075c6    0000000e     GameLogic.obj (.text:_ZN6RacketC1Ev)
                  000075d4    0000000e     rtsv7M4_T_le_v4SPD16_eabi.lib : copy_decompress_none.obj (.text:decompress:none)
                  000075e2    0000000e     startup_msp432p401r_ccs.obj (.text)
                  000075f0    00000008     rtsv7M4_T_le_v4SPD16_eabi.lib : delete.obj (.text)
                  000075f8    00000006                                   : copy_decompress_rle.obj (.text:decompress:rle24)
                  000075fe    00000004                                   : pre_init.obj (.text)

.const     0    00007604    0000093e     
                  00007604    000002f8     fontfixed6x8.obj (.const:.string:g_pucFontFixed6x8Data)
                  000078fc    00000101     rtsv7M4_T_le_v4SPD16_eabi.lib : ctype.obj (.const:.string:_ctypes_)
                  000079fd    00000002                                   : typeinfo_.obj (.const:.typeinfo:_ZTSe)
                  000079ff    00000001     --HOLE-- [fill = 0]
                  00007a00    000000c8     fontfixed6x8.obj (.const:g_sFontFixed6x8)
                  00007ac8    00000080     adc14.obj (.const:_ctlRegs)
                  00007b48    00000050     interrupt.obj (.const:g_pulRegs)
                  00007b98    0000002c     Crystalfontz128x128_ST7735.obj (.const:g_sCrystalfontz128x128)
                  00007bc4    00000028     rtsv7M4_T_le_v4SPD16_eabi.lib : typeinfo_.obj (.const:.typeinfo:_ZTSN10__cxxabiv123__fundamental_type_infoE)
                  00007bec    00000025                                   : typeinfo_.obj (.const:.typeinfo:_ZTSN10__cxxabiv120__si_class_type_infoE)
                  00007c11    00000024                                   : typeinfo_.obj (.const:.typeinfo:_ZTSN10__cxxabiv119__pointer_type_infoE)
                  00007c35    00000022                                   : typeinfo_.obj (.const:.typeinfo:_ZTSN10__cxxabiv117__class_type_infoE)
                  00007c57    00000022                                   : typeinfo_.obj (.const:.typeinfo:_ZTSN10__cxxabiv117__pbase_type_infoE)
                  00007c79    00000003     --HOLE-- [fill = 0]
                  00007c7c    00000020     interrupt.obj (.const:g_pulPriority)
                  00007c9c    0000001c     HAL_MSP_EXP432P401R_Crystalfontz128x128_ST7735.obj (.const:$P$T0$1)
                  00007cb8    0000001c     gpio.obj (.const:GPIO_PORT_TO_INT)
                  00007cd4    00000014     Buzzer.obj (.const:$P$T40$1)
                  00007ce8    00000014     Scheduler.obj (.const:$P$T40$1)
                  00007cfc    00000014     Task.obj (.const:$P$T40$1)
                  00007d10    00000014     main.obj (.const:$P$T40$1)
                  00007d24    00000014     Scheduler.obj (.const:$P$T41$2)
                  00007d38    00000014     main.obj (.const:$P$T41$2)
                  00007d4c    00000014     Task.obj (.const:$P$T42$3)
                  00007d60    00000014     main.obj (.const:$P$T42$3)
                  00007d74    00000014     Screen.obj (.const:$P$T43$2)
                  00007d88    00000014     Screen.obj (.const:$P$T44$3)
                  00007d9c    00000014     GameLogic.obj (.const:$P$T52$8)
                  00007db0    00000014     GameLogic.obj (.const:$P$T53$9)
                  00007dc4    00000014     Task.obj (.const:_ZTV4Task)
                  00007dd8    00000014     Screen.obj (.const:_ZTV6Screen)
                  00007dec    00000014     GameLogic.obj (.const:_ZTV9GameLogic)
                  00007e00    00000010     rtsv7M4_T_le_v4SPD16_eabi.lib : typeinfo_.obj (.const:.typeinfo:_ZTIPKe)
                  00007e10    00000010                                   : typeinfo_.obj (.const:_ZTVN10__cxxabiv117__class_type_infoE)
                  00007e20    00000010                                   : typeinfo_.obj (.const:_ZTVN10__cxxabiv119__pointer_type_infoE)
                  00007e30    00000010                                   : typeinfo_.obj (.const:_ZTVN10__cxxabiv120__si_class_type_infoE)
                  00007e40    00000010                                   : typeinfo_.obj (.const:_ZTVN10__cxxabiv123__fundamental_type_infoE)
                  00007e50    0000000d                                   : typeinfo_.obj (.const:.typeinfo:_ZTSSt9type_info)
                  00007e5d    00000003     --HOLE-- [fill = 0]
                  00007e60    0000000c     Screen.obj (.const:.typeinfo:_ZTI6Screen)
                  00007e6c    0000000c     GameLogic.obj (.const:.typeinfo:_ZTI9GameLogic)
                  00007e78    0000000c     rtsv7M4_T_le_v4SPD16_eabi.lib : typeinfo_.obj (.const:.typeinfo:_ZTIN10__cxxabiv117__class_type_infoE)
                  00007e84    0000000c                                   : typeinfo_.obj (.const:.typeinfo:_ZTIN10__cxxabiv117__pbase_type_infoE)
                  00007e90    0000000c                                   : typeinfo_.obj (.const:.typeinfo:_ZTIN10__cxxabiv119__pointer_type_infoE)
                  00007e9c    0000000c                                   : typeinfo_.obj (.const:.typeinfo:_ZTIN10__cxxabiv120__si_class_type_infoE)
                  00007ea8    0000000c                                   : typeinfo_.obj (.const:.typeinfo:_ZTIN10__cxxabiv123__fundamental_type_infoE)
                  00007eb4    0000000b     GameLogic.obj (.const:.typeinfo:_ZTS9GameLogic)
                  00007ebf    00000001     --HOLE-- [fill = 0]
                  00007ec0    00000008     Crystalfontz128x128_ST7735.obj (.const:$P$T0$1)
                  00007ec8    00000008     GameLogic.obj (.const:$P$T43$2)
                  00007ed0    00000008     GameLogic.obj (.const:$P$T44$3)
                  00007ed8    00000008     GameLogic.obj (.const:$P$T45$4)
                  00007ee0    00000008     GameLogic.obj (.const:$P$T46$5)
                  00007ee8    00000008     GameLogic.obj (.const:$P$T47$6)
                  00007ef0    00000008     GameLogic.obj (.const:$P$T48$7)
                  00007ef8    00000008     Task.obj (.const:.typeinfo:_ZTI4Task)
                  00007f00    00000008     rtsv7M4_T_le_v4SPD16_eabi.lib : typeinfo_.obj (.const:.typeinfo:_ZTISt9type_info)
                  00007f08    00000008                                   : typeinfo_.obj (.const:.typeinfo:_ZTIe)
                  00007f10    00000008     Screen.obj (.const:.typeinfo:_ZTS6Screen)
                  00007f18    00000008     interrupt.obj (.const:g_pulDisRegs)
                  00007f20    00000008     interrupt.obj (.const:g_pulEnRegs)
                  00007f28    00000008     interrupt.obj (.const:g_pulPendRegs)
                  00007f30    00000008     interrupt.obj (.const:g_pulUnpendRegs)
                  00007f38    00000006     Task.obj (.const:.typeinfo:_ZTS4Task)
                  00007f3e    00000004     rtsv7M4_T_le_v4SPD16_eabi.lib : typeinfo_.obj (.const:.typeinfo:_ZTSPKe)

.cinit     0    00007f48    00000094     
                  00007f48    00000052     (.cinit..data.load) [load image, compression = rle]
                  00007f9a    00000006     --HOLE-- [fill = 0]
                  00007fa0    0000000b     (.cinit..bss.load) [load image, compression = rle]
                  00007fab    00000005     --HOLE-- [fill = 0]
                  00007fb0    00000009     (.cinit..vtable.load) [load image, compression = rle]
                  00007fb9    00000003     --HOLE-- [fill = 0]
                  00007fbc    00000008     (__TI_handler_table)
                  00007fc4    00000018     (__TI_cinit_table)

.init_array 
*          0    00007f44    00000004     
                  00007f44    00000004     main.obj (.init_array)

.vtable    0    20000000    000000e4     UNINITIALIZED
                  20000000    000000e4     interrupt.obj (.vtable)

.bss       0    200000e8    0000201e     UNINITIALIZED
                  200000e8    00001ff0     main.obj (.bss:MainScheduler)
                  200020d8    0000001c     (.common:g_sContext)
                  200020f4    00000004     main.obj (.bss)
                  200020f8    00000004     (.common:_ZSt16__dummy_typeinfo)
                  200020fc    00000002     (.common:Lcd_ScreenHeigth)
                  200020fe    00000002     (.common:Lcd_ScreenWidth)
                  20002100    00000002     (.common:Lcd_TouchTrim)
                  20002102    00000001     (.common:Lcd_FlagRead)
                  20002103    00000001     (.common:Lcd_FontSolid)
                  20002104    00000001     (.common:Lcd_Orientation)
                  20002105    00000001     (.common:Lcd_PenSolid)

.sysmem    0    20002108    00000400     UNINITIALIZED
                  20002108    00000008     rtsv7M4_T_le_v4SPD16_eabi.lib : memory.obj (.sysmem)
                  20002110    000003f8     --HOLE--

.data      0    20002508    00000068     UNINITIALIZED
                  20002508    00000030     gpio.obj (.data:GPIO_PORT_TO_BASE)
                  20002538    0000000c     rtsv7M4_T_le_v4SPD16_eabi.lib : exit.obj (.data:$O1$$)
                  20002544    0000000c                                   : memory.obj (.data:$O1$$)
                  20002550    00000008                                   : _lock.obj (.data:$O1$$)
                  20002558    00000008     main.obj (.data)
                  20002560    00000004     rtsv7M4_T_le_v4SPD16_eabi.lib : errno.obj (.data)
                  20002564    00000004                                   : stkdepth_vars.obj (.data)
                  20002568    00000004                                   : vars.obj (.data)
                  2000256c    00000004     system_msp432p401r.obj (.data)

.stack     0    2000fe00    00000200     UNINITIALIZED
                  2000fe00    00000200     --HOLE--

MODULE SUMMARY

       Module                                               code    ro data   rw data
       ------                                               ----    -------   -------
    ./
       main.obj                                             960     64        16376  
       GameLogic.obj                                        2136    131       0      
       Scheduler.obj                                        1552    40        0      
       Screen.obj                                           1388    80        56     
       system_msp432p401r.obj                               880     0         8      
       Task.obj                                             220     74        0      
       Ball.obj                                             270     0         0      
       startup_msp432p401r_ccs.obj                          14      228       0      
       GamePiece.obj                                        236     0         0      
       Racket.obj                                           218     0         0      
       Buzzer.obj                                           44      20        0      
    +--+----------------------------------------------------+-------+---------+---------+
       Total:                                               7918    637       16440  
                                                                                     
    ./GrLib/fonts/
       fontfixed6x8.obj                                     0       960       0      
    +--+----------------------------------------------------+-------+---------+---------+
       Total:                                               0       960       0      
                                                                                     
    ./GrLib/grlib/
       string.obj                                           1584    0         0      
       line.obj                                             1168    0         0      
       rectangle.obj                                        830     0         0      
       context.obj                                          614     0         0      
       display.obj                                          308     0         0      
    +--+----------------------------------------------------+-------+---------+---------+
       Total:                                               4504    0         0      
                                                                                     
    ./LcdDriver/
       Crystalfontz128x128_ST7735.obj                       1656    52        20     
       HAL_MSP_EXP432P401R_Crystalfontz128x128_ST7735.obj   188     28        0      
    +--+----------------------------------------------------+-------+---------+---------+
       Total:                                               1844    80        20     
                                                                                     
    ./driverlib/MSP432P4xx/
       adc14.obj                                            2272    128       0      
       spi.obj                                              2212    0         0      
       interrupt.obj                                        1008    144       456    
       gpio.obj                                             1152    28        96     
       cpu.obj                                              62      0         0      
    +--+----------------------------------------------------+-------+---------+---------+
       Total:                                               6706    300       552    
                                                                                     
    /opt/ti/ccsv6/tools/compiler/arm_15.12.3.LTS/lib/rtsv7M4_T_le_v4SPD16_eabi.lib
       _printfi.obj                                         4368    0         0      
       memory.obj                                           988     0         24     
       typeinfo_.obj                                        188     356       8      
       ull_div_t2.obj                                       500     0         0      
       fd_add_t2.obj                                        438     0         0      
       fd_div_t2.obj                                        310     0         0      
       fd_cmp_t2.obj                                        268     0         0      
       ctype.obj                                            0       257       0      
       fd_mul_t2.obj                                        252     0         0      
       s_scalbn.obj                                         252     0         0      
       memcpy_t2.obj                                        156     0         0      
       memset_t2.obj                                        122     0         0      
       autoinit.obj                                         112     0         0      
       copy_decompress_rle.obj                              112     0         0      
       exit.obj                                             84      0         24     
       s_frexp.obj                                          100     0         0      
       sprintf.obj                                          96      0         0      
       ltoa.obj                                             86      0         0      
       boot.obj                                             84      0         0      
       atoi.obj                                             76      0         0      
       cpy_tbl.obj                                          76      0         0      
       fd_toi_t2.obj                                        72      0         0      
       new_.obj                                             48      0         0      
       i_tofd_t2.obj                                        46      0         0      
       _lock.obj                                            20      0         16     
       memccpy.obj                                          28      0         0      
       args_main.obj                                        24      0         0      
       strchr.obj                                           22      0         0      
       s_copysign.obj                                       20      0         0      
       strlen.obj                                           20      0         0      
       copy_decompress_none.obj                             14      0         0      
       delete.obj                                           8       0         0      
       errno.obj                                            0       0         8      
       stkdepth_vars.obj                                    0       0         8      
       vars.obj                                             0       0         8      
       pre_init.obj                                         4       0         0      
       mpu_init.obj                                         2       0         0      
       newhandler.obj                                       2       0         0      
       startup.obj                                          2       0         0      
    +--+----------------------------------------------------+-------+---------+---------+
       Total:                                               9000    613       96     
                                                                                     
       Heap:                                                0       0         2048   
       Stack:                                               0       0         1024   
       Linker Generated:                                    0       134       0      
    +--+----------------------------------------------------+-------+---------+---------+
       Grand Total:                                         29972   2724      20180  


LINKER GENERATED COPY TABLES

__TI_cinit_table @ 00007fc4 records: 3, size/record: 8, table size: 24
	.data: load addr=00007f48, load size=00000052 bytes, run addr=20002508, run size=00000068 bytes, compression=rle
	.bss: load addr=00007fa0, load size=0000000b bytes, run addr=200000e8, run size=0000201e bytes, compression=rle
	.vtable: load addr=00007fb0, load size=00000009 bytes, run addr=20000000, run size=000000e4 bytes, compression=rle


LINKER GENERATED HANDLER TABLE

__TI_handler_table @ 00007fbc records: 2, size/record: 4, table size: 8
	index: 0, handler: __TI_decompress_rle24
	index: 1, handler: __TI_decompress_none


GLOBAL SYMBOLS: SORTED ALPHABETICALLY BY Name 

address   name                                              
-------   ----                                              
0000562f  ADC14_IRQHandler                                  
0000562f  ADC14_IRQHandler                                  
00001a49  ADC14_clearInterruptFlag                          
000015e9  ADC14_configureConversionMemory                   
00001491  ADC14_configureMultiSequenceMode                  
00001527  ADC14_configureSingleSampleMode                   
00001721  ADC14_disableComparatorWindow                     
000015bf  ADC14_disableConversion                           
000019c3  ADC14_disableInterrupt                            
00001365  ADC14_disableModule                               
0000193f  ADC14_disableReferenceBurst                       
000013a5  ADC14_disableSampleTimer                          
00001691  ADC14_enableComparatorWindow                      
0000157d  ADC14_enableConversion                            
00001997  ADC14_enableInterrupt                             
0000135d  ADC14_enableModule                                
00001929  ADC14_enableReferenceBurst                        
0000137b  ADC14_enableSampleTimer                           
00001a19  ADC14_getEnabledInterruptStatus                   
000019ef  ADC14_getInterruptStatus                          
00001849  ADC14_getMultiSequenceResult                      
0000141b  ADC14_getResolution                               
0000182f  ADC14_getResult                                   
000018b5  ADC14_getResultArray                              
000013bb  ADC14_initModule                                  
000015cb  ADC14_isBusy                                      
00001a79  ADC14_registerInterrupt                           
0000177f  ADC14_setComparatorWindowValue                    
00001955  ADC14_setPowerMode                                
00001401  ADC14_setResolution                               
00001805  ADC14_setResultFormat                             
00001467  ADC14_setSampleHoldTime                           
00001425  ADC14_setSampleHoldTrigger                        
0000159d  ADC14_toggleConversionTrigger                     
00001a8d  ADC14_unregisterInterrupt                         
000075ef  AES256_IRQHandler                                 
00005585  BUTTON_DOWN_ISR                                   
000055cb  BUTTON_UP_ISR                                     
000075ef  BusFault_Handler                                  
000072fd  C$$EXIT                                           
000075ef  COMP_E0_IRQHandler                                
000075ef  COMP_E1_IRQHandler                                
00007465  CPU_basepriGet                                    
00007457  CPU_basepriSet                                    
00007431  CPU_cpsid                                         
00007447  CPU_cpsie                                         
0000743d  CPU_primask                                       
00007453  CPU_wfi                                           
000075ef  CS_IRQHandler                                     
00002bb5  Crystalfontz128x128_Init                          
00002cc9  Crystalfontz128x128_SetDrawFrame                  
00002df7  Crystalfontz128x128_SetOrientation                
000075ef  DMA_ERR_IRQHandler                                
000075ef  DMA_INT0_IRQHandler                               
000075ef  DMA_INT1_IRQHandler                               
000075ef  DMA_INT2_IRQHandler                               
000075ef  DMA_INT3_IRQHandler                               
000075ef  DebugMon_Handler                                  
000075ef  Default_Handler                                   
000075ef  EUSCIA0_IRQHandler                                
000075ef  EUSCIA1_IRQHandler                                
000075ef  EUSCIA2_IRQHandler                                
000075ef  EUSCIA3_IRQHandler                                
000075ef  EUSCIB0_IRQHandler                                
000075ef  EUSCIB1_IRQHandler                                
000075ef  EUSCIB2_IRQHandler                                
000075ef  EUSCIB3_IRQHandler                                
00002243  EUSCI_A_SPI_changeClockPhasePolarity              
000022f7  EUSCI_A_SPI_clearInterruptFlag                    
00002327  EUSCI_A_SPI_disable                               
000022c5  EUSCI_A_SPI_disableInterrupt                      
00002311  EUSCI_A_SPI_enable                                
000022ab  EUSCI_A_SPI_enableInterrupt                       
000022df  EUSCI_A_SPI_getInterruptStatus                    
0000233d  EUSCI_A_SPI_getReceiveBufferAddressForDMA         
0000234b  EUSCI_A_SPI_getTransmitBufferAddressForDMA        
00002359  EUSCI_A_SPI_isBusy                                
000021c3  EUSCI_A_SPI_masterChangeClock                     
0000229b  EUSCI_A_SPI_receiveData                           
000021a3  EUSCI_A_SPI_select4PinFunctionality               
000021f9  EUSCI_A_SPI_slaveInit                             
00002285  EUSCI_A_SPI_transmitData                          
00002075  EUSCI_B_SPI_changeClockPhasePolarity              
00002129  EUSCI_B_SPI_clearInterruptFlag                    
00002159  EUSCI_B_SPI_disable                               
000020f7  EUSCI_B_SPI_disableInterrupt                      
00002143  EUSCI_B_SPI_enable                                
000020dd  EUSCI_B_SPI_enableInterrupt                       
00002111  EUSCI_B_SPI_getInterruptStatus                    
0000216f  EUSCI_B_SPI_getReceiveBufferAddressForDMA         
0000217d  EUSCI_B_SPI_getTransmitBufferAddressForDMA        
0000218b  EUSCI_B_SPI_isBusy                                
00001ff9  EUSCI_B_SPI_masterChangeClock                     
000020cd  EUSCI_B_SPI_receiveData                           
00001fd9  EUSCI_B_SPI_select4PinFunctionality               
0000202b  EUSCI_B_SPI_slaveInit                             
000020b7  EUSCI_B_SPI_transmitData                          
000075ef  FLCTL_IRQHandler                                  
000075ef  FPU_IRQHandler                                    
00004b8b  GPIO_clearInterruptFlag                           
00004b4b  GPIO_disableInterrupt                             
00004b29  GPIO_enableInterrupt                              
00004be3  GPIO_getEnabledInterruptStatus                    
00004afb  GPIO_getInputPinValue                             
00004b6d  GPIO_getInterruptStatus                           
00004bad  GPIO_interruptEdgeSelect                          
00004ca3  GPIO_registerInterrupt                            
000048a3  GPIO_setAsInputPin                                
00004a57  GPIO_setAsInputPinWithPullDownResistor            
00004aa9  GPIO_setAsInputPinWithPullUpResistor              
00004869  GPIO_setAsOutputPin                               
0000496d  GPIO_setAsPeripheralModuleFunctionInputPin        
000048e9  GPIO_setAsPeripheralModuleFunctionOutputPin       
00004c5f  GPIO_setDriveStrengthHigh                         
00004c81  GPIO_setDriveStrengthLow                          
000049f1  GPIO_setOutputHighOnPin                           
00004a13  GPIO_setOutputLowOnPin                            
00004a35  GPIO_toggleOutputOnPin                            
00004cc3  GPIO_unregisterInterrupt                          
0000610f  Graphics_clearDisplay                             
00006785  Graphics_clearDisplayOnDisplay                    
000066d7  Graphics_drawHorizontalLineOnDisplay              
000046f5  Graphics_drawLine                                 
000043d9  Graphics_drawLineH                                
00004475  Graphics_drawLineV                                
00006693  Graphics_drawMultiplePixelsOnDisplay              
00006121  Graphics_drawPixel                                
00006669  Graphics_drawPixelOnDisplay                       
00005be5  Graphics_drawRectangle                            
00003367  Graphics_drawString                               
000037f5  Graphics_drawStringCentered                       
0000670b  Graphics_drawVerticalLineOnDisplay                
00005c87  Graphics_fillRectangle                            
0000673f  Graphics_fillRectangleOnDisplay                   
00006101  Graphics_flushBuffer                              
00006773  Graphics_flushOnDisplay                           
000060e3  Graphics_getDisplayHeight                         
000060d3  Graphics_getDisplayWidth                          
00006081  Graphics_getFontBaseline                          
000060b7  Graphics_getFontHeight                            
000060c5  Graphics_getFontMaxWidth                          
000060f3  Graphics_getHeightOfDisplay                       
00005deb  Graphics_getRectangleIntersection                 
000037e5  Graphics_getStringBaseline                        
0000383d  Graphics_getStringHeight                          
0000384d  Graphics_getStringMaxWidth                        
0000326d  Graphics_getStringWidth                           
0000617b  Graphics_getWidthOfDisplay                        
00005f23  Graphics_initContext                              
00005ed1  Graphics_isPointWithinRectangle                   
00005d99  Graphics_isRectangleOverlap                       
00006037  Graphics_setBackgroundColor                       
00006051  Graphics_setBackgroundColorTranslated             
00005f6d  Graphics_setClipRegion                            
00006067  Graphics_setFont                                  
0000608f  Graphics_setForegroundColor                       
000060a5  Graphics_setForegroundColorTranslated             
0000675d  Graphics_translateColorOnDisplay                  
00006c6d  HAL_LCD_PortInit                                  
00006c9d  HAL_LCD_SpiInit                                   
00006cd3  HAL_LCD_writeCommand                              
00006cfb  HAL_LCD_writeData                                 
000075ef  HardFault_Handler                                 
00004eab  Interrupt_disableInterrupt                        
00004cfb  Interrupt_disableMaster                           
000050a9  Interrupt_disableSleepOnIsrExit                   
00004e39  Interrupt_enableInterrupt                         
00004ceb  Interrupt_enableMaster                            
00005097  Interrupt_enableSleepOnIsrExit                    
00004e13  Interrupt_getPriority                             
00004d8b  Interrupt_getPriorityGrouping                     
00005077  Interrupt_getPriorityMask                         
00005091  Interrupt_getVectorTableAddress                   
00004f1d  Interrupt_isEnabled                               
00004fa9  Interrupt_pendInterrupt                           
00004d0b  Interrupt_registerInterrupt                       
00004dc3  Interrupt_setPriority                             
00004d71  Interrupt_setPriorityGrouping                     
00005067  Interrupt_setPriorityMask                         
00005081  Interrupt_setVectorTableAddress                   
00005019  Interrupt_unpendInterrupt                         
00004d5d  Interrupt_unregisterInterrupt                     
20002102  Lcd_FlagRead                                      
20002103  Lcd_FontSolid                                     
20002104  Lcd_Orientation                                   
20002105  Lcd_PenSolid                                      
200020fc  Lcd_ScreenHeigth                                  
200020fe  Lcd_ScreenWidth                                   
20002100  Lcd_TouchTrim                                     
200000e8  MainScheduler                                     
000075ef  MemManage_Handler                                 
000075ef  NMI_Handler                                       
000075ef  PCM_IRQHandler                                    
000075ef  PORT1_IRQHandler                                  
000075ef  PORT2_IRQHandler                                  
000075ef  PORT3_IRQHandler                                  
000075ef  PORT4_IRQHandler                                  
000075ef  PORT5_IRQHandler                                  
000075ef  PORT6_IRQHandler                                  
000075ef  PSS_IRQHandler                                    
000075ef  PendSV_Handler                                    
000075ef  RTC_C_IRQHandler                                  
000075e3  Reset_Handler                                     
00007f44  SHT$$INIT_ARRAY$$Base                             
00007f48  SHT$$INIT_ARRAY$$Limit                            
00001c97  SPI_changeClockPhasePolarity                      
00001bf1  SPI_changeMasterClock                             
00001e49  SPI_clearInterruptFlag                            
00001dcb  SPI_disableInterrupt                              
00001d25  SPI_disableModule                                 
00001da5  SPI_enableInterrupt                               
00001d09  SPI_enableModule                                  
00001e19  SPI_getEnabledInterruptStatus                     
00001df1  SPI_getInterruptStatus                            
00001d41  SPI_getReceiveBufferAddressForDMA                 
00001d5d  SPI_getTransmitBufferAddressForDMA                
00001b05  SPI_initMaster                                    
00001c19  SPI_initSlave                                     
00001d89  SPI_isBusy                                        
00001ced  SPI_receiveData                                   
00001e6f  SPI_registerInterrupt                             
00001bcb  SPI_selectFourPinFunctionality                    
00001cc7  SPI_transmitData                                  
00001f2d  SPI_unregisterInterrupt                           
000075ef  SVC_Handler                                       
000075ef  SysTick_Handler                                   
2000256c  SystemCoreClock                                   
00005875  SystemCoreClockUpdate                             
00005ae9  SystemInit                                        
00005611  T32_INT1_IRQHandler                               
00005611  T32_INT1_IRQHandler                               
000075ef  T32_INT2_IRQHandler                               
000075ef  T32_INTC_IRQHandler                               
000075ef  TA0_0_IRQHandler                                  
000075ef  TA0_N_IRQHandler                                  
000075ef  TA1_0_IRQHandler                                  
000075ef  TA1_N_IRQHandler                                  
000075ef  TA2_0_IRQHandler                                  
000075ef  TA2_N_IRQHandler                                  
000075ef  TA3_0_IRQHandler                                  
000075ef  TA3_N_IRQHandler                                  
000075ef  UsageFault_Handler                                
4000480c  WDTCTL_SYM                                        
000075ef  WDT_A_IRQHandler                                  
00002401  _Z12BallControlXP4Balli                           
00002479  _Z12BallControlYP4Balli                           
00005731  _Z13setupButtonUpv                                
0000575f  _Z15setupButtonDownv                              
00002547  _Z17RacketLeftControlP6Racketi                    
00002587  _Z18RacketRightControlP6Racketi                   
000024e5  _Z19BallFastnessControlP9GameLogicP4Balli         
00006c6b  _Z21__default_new_handlerv                        
0000578d  _Z5Setupv                                         
00005693  _Z8setupADCv                                      
00002379  _Z9BallMoveXP4Ball                                
000023bd  _Z9BallMoveYP4Ball                                
00006dd5  _ZN10__cxxabiv116__enum_type_infoD0Ev             
00006dd3  _ZN10__cxxabiv116__enum_type_infoD1Ev             
00006dd3  _ZN10__cxxabiv116__enum_type_infoD2Ev             
00006dcb  _ZN10__cxxabiv117__array_type_infoD0Ev            
00006dc9  _ZN10__cxxabiv117__array_type_infoD1Ev            
00006dc9  _ZN10__cxxabiv117__array_type_infoD2Ev            
00006dc1  _ZN10__cxxabiv117__class_type_infoD0Ev            
00006dbf  _ZN10__cxxabiv117__class_type_infoD1Ev            
00006dbf  _ZN10__cxxabiv117__class_type_infoD2Ev            
00006db7  _ZN10__cxxabiv117__pbase_type_infoD0Ev            
00006db5  _ZN10__cxxabiv117__pbase_type_infoD1Ev            
00006db5  _ZN10__cxxabiv117__pbase_type_infoD2Ev            
00006dad  _ZN10__cxxabiv119__pointer_type_infoD0Ev          
00006dab  _ZN10__cxxabiv119__pointer_type_infoD1Ev          
00006dab  _ZN10__cxxabiv119__pointer_type_infoD2Ev          
00006da3  _ZN10__cxxabiv120__function_type_infoD0Ev         
00006da1  _ZN10__cxxabiv120__function_type_infoD1Ev         
00006da1  _ZN10__cxxabiv120__function_type_infoD2Ev         
00006d99  _ZN10__cxxabiv120__si_class_type_infoD0Ev         
00006d97  _ZN10__cxxabiv120__si_class_type_infoD1Ev         
00006d97  _ZN10__cxxabiv120__si_class_type_infoD2Ev         
00006d8f  _ZN10__cxxabiv121__vmi_class_type_infoD0Ev        
00006d8d  _ZN10__cxxabiv121__vmi_class_type_infoD1Ev        
00006d8d  _ZN10__cxxabiv121__vmi_class_type_infoD2Ev        
00006d85  _ZN10__cxxabiv123__fundamental_type_infoD0Ev      
00006d83  _ZN10__cxxabiv123__fundamental_type_infoD1Ev      
00006d83  _ZN10__cxxabiv123__fundamental_type_infoD2Ev      
00006d7b  _ZN10__cxxabiv129__pointer_to_member_type_infoD0Ev
00006d79  _ZN10__cxxabiv129__pointer_to_member_type_infoD1Ev
00006d79  _ZN10__cxxabiv129__pointer_to_member_type_infoD2Ev
00006843  _ZN4Ball12CheckLimitsXEv                          
00006877  _ZN4Ball12CheckLimitsYEv                          
0000679d  _ZN4BallC1EiiiiPiS0_                              
000075b9  _ZN4BallC1Ev                                      
0000679d  _ZN4BallC2EiiiiPiS0_                              
00007505  _ZN4Task11SendMessageEv                           
00007471  _ZN4Task14ProcessMessageE3MSG                     
00006e75  _ZN4Task17GetTaskFinalCountEv                     
00006e47  _ZN4Task17SetTaskFinalCountEy                     
00006e65  _ZN4Task19GetTaskCurrentCountEv                   
00006e29  _ZN4Task19SetTaskCurrentCountEy                   
00006e03  _ZN4Task3runEv                                    
00006de5  _ZN4TaskC1Ev                                      
00006de5  _ZN4TaskC2Ev                                      
00006c37  _ZN6Racket12CheckLimitsYEv                        
00006b91  _ZN6RacketC1EiiiiPiS0_                            
000075c7  _ZN6RacketC1Ev                                    
00006b91  _ZN6RacketC2EiiiiPiS0_                            
00003fe1  _ZN6Screen11printFigureEv                         
00003ef3  _ZN6Screen14ProcessMessageE3MSG                   
00004311  _ZN6Screen14printPongScoreE3MSG                   
000041df  _ZN6Screen14printPongTableEv                      
00004139  _ZN6Screen15getFigureChangeE3MSG                  
00004249  _ZN6Screen15printPongWinnerE3MSG                  
00003ecd  _ZN6Screen3runEv                                  
00003e6d  _ZN6ScreenC1Eib                                   
00003e6d  _ZN6ScreenC2Eib                                   
00002a2d  _ZN9GameLogic11GameControlEv                      
000029ef  _ZN9GameLogic12ScoreControlEv                     
000028a5  _ZN9GameLogic14ProcessMessageE3MSG                
00002991  _ZN9GameLogic16FirstMoveControlEv                 
0000270f  _ZN9GameLogic3runEv                               
00002b45  _ZN9GameLogic9GameStateEv                         
000025c7  _ZN9GameLogicC1Eibi                               
000025c7  _ZN9GameLogicC2Eibi                               
00006b31  _ZN9GamePiece12CheckChangeXEv                     
00006b61  _ZN9GamePiece12CheckChangeYEv                     
00006b03  _ZN9GamePiece13getDirectionXEv                    
00006b23  _ZN9GamePiece13getDirectionYEv                    
00006af1  _ZN9GamePiece13setDirectionXEi                    
00006b11  _ZN9GamePiece13setDirectionYEi                    
00006ac3  _ZN9GamePiece7getPosXEv                           
00006ae3  _ZN9GamePiece7getPosYEv                           
00006ab1  _ZN9GamePiece7setPosXEi                           
00006ad1  _ZN9GamePiece7setPosYEi                           
00006aa5  _ZN9GamePieceC1Ev                                 
00006aa5  _ZN9GamePieceC2Ev                                 
00003c37  _ZN9Scheduler13attachMessageE3MSG                 
00003e47  _ZN9Scheduler14processMessageE3MSG                
00003c93  _ZN9Scheduler17clearMessageQueueEv                
00003df9  _ZN9Scheduler18clearNextSchedulerEv               
00003ac1  _ZN9Scheduler19ProcessMessageQueueEv              
000039fd  _ZN9Scheduler21CalculateNextScheduleEv            
00003e53  _ZN9Scheduler22SortScheduleByPriorityEP4Task      
00003979  _ZN9Scheduler3runEv                               
00003903  _ZN9Scheduler6attachEP4Task                       
0000385d  _ZN9SchedulerC1Ev                                 
0000385d  _ZN9SchedulerC2Ev                                 
00006d3b  _ZNKSt9type_info4nameEv                           
00006d6b  _ZNKSt9type_info6beforeERKS_                      
00006d55  _ZNKSt9type_infoeqERKS_                           
00006d3f  _ZNKSt9type_infoneERKS_                           
00006d33  _ZNSt9type_infoD0Ev                               
00006d31  _ZNSt9type_infoD1Ev                               
00006d31  _ZNSt9type_infoD2Ev                               
200020f8  _ZSt16__dummy_typeinfo                            
00006d29  _ZSt21__gen_dummy_typeinfosv                      
00007ef8  _ZTI4Task                                         
00007e60  _ZTI6Screen                                       
00007e6c  _ZTI9GameLogic                                    
00007e78  _ZTIN10__cxxabiv117__class_type_infoE             
00007e84  _ZTIN10__cxxabiv117__pbase_type_infoE             
00007e90  _ZTIN10__cxxabiv119__pointer_type_infoE           
00007e9c  _ZTIN10__cxxabiv120__si_class_type_infoE          
00007ea8  _ZTIN10__cxxabiv123__fundamental_type_infoE       
00007e00  _ZTIPKe                                           
00007f00  _ZTISt9type_info                                  
00007f08  _ZTIe                                             
00007f38  _ZTS4Task                                         
00007f10  _ZTS6Screen                                       
00007eb4  _ZTS9GameLogic                                    
00007c35  _ZTSN10__cxxabiv117__class_type_infoE             
00007c57  _ZTSN10__cxxabiv117__pbase_type_infoE             
00007c11  _ZTSN10__cxxabiv119__pointer_type_infoE           
00007bec  _ZTSN10__cxxabiv120__si_class_type_infoE          
00007bc4  _ZTSN10__cxxabiv123__fundamental_type_infoE       
00007f3e  _ZTSPKe                                           
00007e50  _ZTSSt9type_info                                  
000079fd  _ZTSe                                             
00007dc4  _ZTV4Task                                         
00007dd8  _ZTV6Screen                                       
00007dec  _ZTV9GameLogic                                    
00007e10  _ZTVN10__cxxabiv117__class_type_infoE             
00007e20  _ZTVN10__cxxabiv119__pointer_type_infoE           
00007e30  _ZTVN10__cxxabiv120__si_class_type_infoE          
00007e40  _ZTVN10__cxxabiv123__fundamental_type_infoE       
000075f1  _ZdlPv                                            
000074a5  _Znwj                                             
20010000  __STACK_END                                       
00000200  __STACK_SIZE                                      
00000400  __SYSMEM_SIZE                                     
00007fc4  __TI_CINIT_Base                                   
00007fdc  __TI_CINIT_Limit                                  
00007fbc  __TI_Handler_Table_Base                           
00007fc4  __TI_Handler_Table_Limit                          
000070b1  __TI_auto_init                                    
20002538  __TI_cleanup_ptr                                  
000075d5  __TI_decompress_none                              
000075f9  __TI_decompress_rle24                             
2000253c  __TI_dtors_ptr                                    
20002540  __TI_enable_exit_profile_output                   
ffffffff  __TI_pprof_out_hndl                               
00000eef  __TI_printfi                                      
ffffffff  __TI_prof_data_size                               
ffffffff  __TI_prof_data_start                              
00000000  __TI_static_base__                                
00006f29  __aeabi_cdcmpeq                                   
00006f29  __aeabi_cdcmple                                   
00006faf  __aeabi_cdrcmple                                  
000073e9  __aeabi_d2iz                                      
00006387  __aeabi_dadd                                      
00006533  __aeabi_ddiv                                      
000068ab  __aeabi_dmul                                      
0000637d  __aeabi_dsub                                      
000074d5  __aeabi_i2d                                       
00007035  __aeabi_memclr                                    
00007035  __aeabi_memclr4                                   
00007035  __aeabi_memclr8                                   
00006e8d  __aeabi_memcpy                                    
00006e8d  __aeabi_memcpy4                                   
00006e8d  __aeabi_memcpy8                                   
00007037  __aeabi_memset                                    
00007037  __aeabi_memset4                                   
00007037  __aeabi_memset8                                   
00006189  __aeabi_uldivmod                                  
ffffffff  __binit__                                         
ffffffff  __c_args__                                        
000069a7  __mpu_init                                        
2000fe00  __stack                                           
00005809  __sti___8_main_cpp_981f8fc0                       
0000754d  _args_main                                        
000072a9  _c_int00                                          
000078fc  _ctypes_                                          
20002550  _lock                                             
20002568  _new_handler                                      
0000758b  _nop                                              
00007583  _register_lock                                    
0000757d  _register_unlock                                  
20002108  _sys_memory                                       
000070af  _system_post_cinit                                
000075ff  _system_pre_init                                  
20002554  _unlock                                           
200020f4  aDataFromADC                                      
00007301  abort                                             
00007351  atoi                                              
ffffffff  binit                                             
00005481  calloc                                            
0000739d  copy_in                                           
00007591  copysign                                          
00007591  copysignl                                         
20002560  errno                                             
00007309  exit                                              
000051cf  free                                              
0000718d  frexp                                             
0000718d  frexpl                                            
20000000  g_pfnRAMVectors                                   
200020d8  g_sContext                                        
00007b98  g_sCrystalfontz128x128                            
00007a00  g_sFontFixed6x8                                   
00000000  interruptVectors                                  
000069a9  ldexp                                             
000069a9  ldexpl                                            
00007251  ltoa                                              
0000551f  main                                              
20002564  main_func_sp                                      
00005167  malloc                                            
0000539d  memalign                                          
00007531  memccpy                                           
00006e8d  memcpy                                            
0000703d  memset                                            
000050d9  minit                                             
00005291  realloc                                           
000069a9  scalbn                                            
000069a9  scalbnl                                           
000071f1  sprintf                                           
00007565  strchr                                            
000075a5  strlen                                            


GLOBAL SYMBOLS: SORTED BY Symbol Address 

address   name                                              
-------   ----                                              
00000000  __TI_static_base__                                
00000000  interruptVectors                                  
00000200  __STACK_SIZE                                      
00000400  __SYSMEM_SIZE                                     
00000eef  __TI_printfi                                      
0000135d  ADC14_enableModule                                
00001365  ADC14_disableModule                               
0000137b  ADC14_enableSampleTimer                           
000013a5  ADC14_disableSampleTimer                          
000013bb  ADC14_initModule                                  
00001401  ADC14_setResolution                               
0000141b  ADC14_getResolution                               
00001425  ADC14_setSampleHoldTrigger                        
00001467  ADC14_setSampleHoldTime                           
00001491  ADC14_configureMultiSequenceMode                  
00001527  ADC14_configureSingleSampleMode                   
0000157d  ADC14_enableConversion                            
0000159d  ADC14_toggleConversionTrigger                     
000015bf  ADC14_disableConversion                           
000015cb  ADC14_isBusy                                      
000015e9  ADC14_configureConversionMemory                   
00001691  ADC14_enableComparatorWindow                      
00001721  ADC14_disableComparatorWindow                     
0000177f  ADC14_setComparatorWindowValue                    
00001805  ADC14_setResultFormat                             
0000182f  ADC14_getResult                                   
00001849  ADC14_getMultiSequenceResult                      
000018b5  ADC14_getResultArray                              
00001929  ADC14_enableReferenceBurst                        
0000193f  ADC14_disableReferenceBurst                       
00001955  ADC14_setPowerMode                                
00001997  ADC14_enableInterrupt                             
000019c3  ADC14_disableInterrupt                            
000019ef  ADC14_getInterruptStatus                          
00001a19  ADC14_getEnabledInterruptStatus                   
00001a49  ADC14_clearInterruptFlag                          
00001a79  ADC14_registerInterrupt                           
00001a8d  ADC14_unregisterInterrupt                         
00001b05  SPI_initMaster                                    
00001bcb  SPI_selectFourPinFunctionality                    
00001bf1  SPI_changeMasterClock                             
00001c19  SPI_initSlave                                     
00001c97  SPI_changeClockPhasePolarity                      
00001cc7  SPI_transmitData                                  
00001ced  SPI_receiveData                                   
00001d09  SPI_enableModule                                  
00001d25  SPI_disableModule                                 
00001d41  SPI_getReceiveBufferAddressForDMA                 
00001d5d  SPI_getTransmitBufferAddressForDMA                
00001d89  SPI_isBusy                                        
00001da5  SPI_enableInterrupt                               
00001dcb  SPI_disableInterrupt                              
00001df1  SPI_getInterruptStatus                            
00001e19  SPI_getEnabledInterruptStatus                     
00001e49  SPI_clearInterruptFlag                            
00001e6f  SPI_registerInterrupt                             
00001f2d  SPI_unregisterInterrupt                           
00001fd9  EUSCI_B_SPI_select4PinFunctionality               
00001ff9  EUSCI_B_SPI_masterChangeClock                     
0000202b  EUSCI_B_SPI_slaveInit                             
00002075  EUSCI_B_SPI_changeClockPhasePolarity              
000020b7  EUSCI_B_SPI_transmitData                          
000020cd  EUSCI_B_SPI_receiveData                           
000020dd  EUSCI_B_SPI_enableInterrupt                       
000020f7  EUSCI_B_SPI_disableInterrupt                      
00002111  EUSCI_B_SPI_getInterruptStatus                    
00002129  EUSCI_B_SPI_clearInterruptFlag                    
00002143  EUSCI_B_SPI_enable                                
00002159  EUSCI_B_SPI_disable                               
0000216f  EUSCI_B_SPI_getReceiveBufferAddressForDMA         
0000217d  EUSCI_B_SPI_getTransmitBufferAddressForDMA        
0000218b  EUSCI_B_SPI_isBusy                                
000021a3  EUSCI_A_SPI_select4PinFunctionality               
000021c3  EUSCI_A_SPI_masterChangeClock                     
000021f9  EUSCI_A_SPI_slaveInit                             
00002243  EUSCI_A_SPI_changeClockPhasePolarity              
00002285  EUSCI_A_SPI_transmitData                          
0000229b  EUSCI_A_SPI_receiveData                           
000022ab  EUSCI_A_SPI_enableInterrupt                       
000022c5  EUSCI_A_SPI_disableInterrupt                      
000022df  EUSCI_A_SPI_getInterruptStatus                    
000022f7  EUSCI_A_SPI_clearInterruptFlag                    
00002311  EUSCI_A_SPI_enable                                
00002327  EUSCI_A_SPI_disable                               
0000233d  EUSCI_A_SPI_getReceiveBufferAddressForDMA         
0000234b  EUSCI_A_SPI_getTransmitBufferAddressForDMA        
00002359  EUSCI_A_SPI_isBusy                                
00002379  _Z9BallMoveXP4Ball                                
000023bd  _Z9BallMoveYP4Ball                                
00002401  _Z12BallControlXP4Balli                           
00002479  _Z12BallControlYP4Balli                           
000024e5  _Z19BallFastnessControlP9GameLogicP4Balli         
00002547  _Z17RacketLeftControlP6Racketi                    
00002587  _Z18RacketRightControlP6Racketi                   
000025c7  _ZN9GameLogicC1Eibi                               
000025c7  _ZN9GameLogicC2Eibi                               
0000270f  _ZN9GameLogic3runEv                               
000028a5  _ZN9GameLogic14ProcessMessageE3MSG                
00002991  _ZN9GameLogic16FirstMoveControlEv                 
000029ef  _ZN9GameLogic12ScoreControlEv                     
00002a2d  _ZN9GameLogic11GameControlEv                      
00002b45  _ZN9GameLogic9GameStateEv                         
00002bb5  Crystalfontz128x128_Init                          
00002cc9  Crystalfontz128x128_SetDrawFrame                  
00002df7  Crystalfontz128x128_SetOrientation                
0000326d  Graphics_getStringWidth                           
00003367  Graphics_drawString                               
000037e5  Graphics_getStringBaseline                        
000037f5  Graphics_drawStringCentered                       
0000383d  Graphics_getStringHeight                          
0000384d  Graphics_getStringMaxWidth                        
0000385d  _ZN9SchedulerC1Ev                                 
0000385d  _ZN9SchedulerC2Ev                                 
00003903  _ZN9Scheduler6attachEP4Task                       
00003979  _ZN9Scheduler3runEv                               
000039fd  _ZN9Scheduler21CalculateNextScheduleEv            
00003ac1  _ZN9Scheduler19ProcessMessageQueueEv              
00003c37  _ZN9Scheduler13attachMessageE3MSG                 
00003c93  _ZN9Scheduler17clearMessageQueueEv                
00003df9  _ZN9Scheduler18clearNextSchedulerEv               
00003e47  _ZN9Scheduler14processMessageE3MSG                
00003e53  _ZN9Scheduler22SortScheduleByPriorityEP4Task      
00003e6d  _ZN6ScreenC1Eib                                   
00003e6d  _ZN6ScreenC2Eib                                   
00003ecd  _ZN6Screen3runEv                                  
00003ef3  _ZN6Screen14ProcessMessageE3MSG                   
00003fe1  _ZN6Screen11printFigureEv                         
00004139  _ZN6Screen15getFigureChangeE3MSG                  
000041df  _ZN6Screen14printPongTableEv                      
00004249  _ZN6Screen15printPongWinnerE3MSG                  
00004311  _ZN6Screen14printPongScoreE3MSG                   
000043d9  Graphics_drawLineH                                
00004475  Graphics_drawLineV                                
000046f5  Graphics_drawLine                                 
00004869  GPIO_setAsOutputPin                               
000048a3  GPIO_setAsInputPin                                
000048e9  GPIO_setAsPeripheralModuleFunctionOutputPin       
0000496d  GPIO_setAsPeripheralModuleFunctionInputPin        
000049f1  GPIO_setOutputHighOnPin                           
00004a13  GPIO_setOutputLowOnPin                            
00004a35  GPIO_toggleOutputOnPin                            
00004a57  GPIO_setAsInputPinWithPullDownResistor            
00004aa9  GPIO_setAsInputPinWithPullUpResistor              
00004afb  GPIO_getInputPinValue                             
00004b29  GPIO_enableInterrupt                              
00004b4b  GPIO_disableInterrupt                             
00004b6d  GPIO_getInterruptStatus                           
00004b8b  GPIO_clearInterruptFlag                           
00004bad  GPIO_interruptEdgeSelect                          
00004be3  GPIO_getEnabledInterruptStatus                    
00004c5f  GPIO_setDriveStrengthHigh                         
00004c81  GPIO_setDriveStrengthLow                          
00004ca3  GPIO_registerInterrupt                            
00004cc3  GPIO_unregisterInterrupt                          
00004ceb  Interrupt_enableMaster                            
00004cfb  Interrupt_disableMaster                           
00004d0b  Interrupt_registerInterrupt                       
00004d5d  Interrupt_unregisterInterrupt                     
00004d71  Interrupt_setPriorityGrouping                     
00004d8b  Interrupt_getPriorityGrouping                     
00004dc3  Interrupt_setPriority                             
00004e13  Interrupt_getPriority                             
00004e39  Interrupt_enableInterrupt                         
00004eab  Interrupt_disableInterrupt                        
00004f1d  Interrupt_isEnabled                               
00004fa9  Interrupt_pendInterrupt                           
00005019  Interrupt_unpendInterrupt                         
00005067  Interrupt_setPriorityMask                         
00005077  Interrupt_getPriorityMask                         
00005081  Interrupt_setVectorTableAddress                   
00005091  Interrupt_getVectorTableAddress                   
00005097  Interrupt_enableSleepOnIsrExit                    
000050a9  Interrupt_disableSleepOnIsrExit                   
000050d9  minit                                             
00005167  malloc                                            
000051cf  free                                              
00005291  realloc                                           
0000539d  memalign                                          
00005481  calloc                                            
0000551f  main                                              
00005585  BUTTON_DOWN_ISR                                   
000055cb  BUTTON_UP_ISR                                     
00005611  T32_INT1_IRQHandler                               
00005611  T32_INT1_IRQHandler                               
0000562f  ADC14_IRQHandler                                  
0000562f  ADC14_IRQHandler                                  
00005693  _Z8setupADCv                                      
00005731  _Z13setupButtonUpv                                
0000575f  _Z15setupButtonDownv                              
0000578d  _Z5Setupv                                         
00005809  __sti___8_main_cpp_981f8fc0                       
00005875  SystemCoreClockUpdate                             
00005ae9  SystemInit                                        
00005be5  Graphics_drawRectangle                            
00005c87  Graphics_fillRectangle                            
00005d99  Graphics_isRectangleOverlap                       
00005deb  Graphics_getRectangleIntersection                 
00005ed1  Graphics_isPointWithinRectangle                   
00005f23  Graphics_initContext                              
00005f6d  Graphics_setClipRegion                            
00006037  Graphics_setBackgroundColor                       
00006051  Graphics_setBackgroundColorTranslated             
00006067  Graphics_setFont                                  
00006081  Graphics_getFontBaseline                          
0000608f  Graphics_setForegroundColor                       
000060a5  Graphics_setForegroundColorTranslated             
000060b7  Graphics_getFontHeight                            
000060c5  Graphics_getFontMaxWidth                          
000060d3  Graphics_getDisplayWidth                          
000060e3  Graphics_getDisplayHeight                         
000060f3  Graphics_getHeightOfDisplay                       
00006101  Graphics_flushBuffer                              
0000610f  Graphics_clearDisplay                             
00006121  Graphics_drawPixel                                
0000617b  Graphics_getWidthOfDisplay                        
00006189  __aeabi_uldivmod                                  
0000637d  __aeabi_dsub                                      
00006387  __aeabi_dadd                                      
00006533  __aeabi_ddiv                                      
00006669  Graphics_drawPixelOnDisplay                       
00006693  Graphics_drawMultiplePixelsOnDisplay              
000066d7  Graphics_drawHorizontalLineOnDisplay              
0000670b  Graphics_drawVerticalLineOnDisplay                
0000673f  Graphics_fillRectangleOnDisplay                   
0000675d  Graphics_translateColorOnDisplay                  
00006773  Graphics_flushOnDisplay                           
00006785  Graphics_clearDisplayOnDisplay                    
0000679d  _ZN4BallC1EiiiiPiS0_                              
0000679d  _ZN4BallC2EiiiiPiS0_                              
00006843  _ZN4Ball12CheckLimitsXEv                          
00006877  _ZN4Ball12CheckLimitsYEv                          
000068ab  __aeabi_dmul                                      
000069a7  __mpu_init                                        
000069a9  ldexp                                             
000069a9  ldexpl                                            
000069a9  scalbn                                            
000069a9  scalbnl                                           
00006aa5  _ZN9GamePieceC1Ev                                 
00006aa5  _ZN9GamePieceC2Ev                                 
00006ab1  _ZN9GamePiece7setPosXEi                           
00006ac3  _ZN9GamePiece7getPosXEv                           
00006ad1  _ZN9GamePiece7setPosYEi                           
00006ae3  _ZN9GamePiece7getPosYEv                           
00006af1  _ZN9GamePiece13setDirectionXEi                    
00006b03  _ZN9GamePiece13getDirectionXEv                    
00006b11  _ZN9GamePiece13setDirectionYEi                    
00006b23  _ZN9GamePiece13getDirectionYEv                    
00006b31  _ZN9GamePiece12CheckChangeXEv                     
00006b61  _ZN9GamePiece12CheckChangeYEv                     
00006b91  _ZN6RacketC1EiiiiPiS0_                            
00006b91  _ZN6RacketC2EiiiiPiS0_                            
00006c37  _ZN6Racket12CheckLimitsYEv                        
00006c6b  _Z21__default_new_handlerv                        
00006c6d  HAL_LCD_PortInit                                  
00006c9d  HAL_LCD_SpiInit                                   
00006cd3  HAL_LCD_writeCommand                              
00006cfb  HAL_LCD_writeData                                 
00006d29  _ZSt21__gen_dummy_typeinfosv                      
00006d31  _ZNSt9type_infoD1Ev                               
00006d31  _ZNSt9type_infoD2Ev                               
00006d33  _ZNSt9type_infoD0Ev                               
00006d3b  _ZNKSt9type_info4nameEv                           
00006d3f  _ZNKSt9type_infoneERKS_                           
00006d55  _ZNKSt9type_infoeqERKS_                           
00006d6b  _ZNKSt9type_info6beforeERKS_                      
00006d79  _ZN10__cxxabiv129__pointer_to_member_type_infoD1Ev
00006d79  _ZN10__cxxabiv129__pointer_to_member_type_infoD2Ev
00006d7b  _ZN10__cxxabiv129__pointer_to_member_type_infoD0Ev
00006d83  _ZN10__cxxabiv123__fundamental_type_infoD1Ev      
00006d83  _ZN10__cxxabiv123__fundamental_type_infoD2Ev      
00006d85  _ZN10__cxxabiv123__fundamental_type_infoD0Ev      
00006d8d  _ZN10__cxxabiv121__vmi_class_type_infoD1Ev        
00006d8d  _ZN10__cxxabiv121__vmi_class_type_infoD2Ev        
00006d8f  _ZN10__cxxabiv121__vmi_class_type_infoD0Ev        
00006d97  _ZN10__cxxabiv120__si_class_type_infoD1Ev         
00006d97  _ZN10__cxxabiv120__si_class_type_infoD2Ev         
00006d99  _ZN10__cxxabiv120__si_class_type_infoD0Ev         
00006da1  _ZN10__cxxabiv120__function_type_infoD1Ev         
00006da1  _ZN10__cxxabiv120__function_type_infoD2Ev         
00006da3  _ZN10__cxxabiv120__function_type_infoD0Ev         
00006dab  _ZN10__cxxabiv119__pointer_type_infoD1Ev          
00006dab  _ZN10__cxxabiv119__pointer_type_infoD2Ev          
00006dad  _ZN10__cxxabiv119__pointer_type_infoD0Ev          
00006db5  _ZN10__cxxabiv117__pbase_type_infoD1Ev            
00006db5  _ZN10__cxxabiv117__pbase_type_infoD2Ev            
00006db7  _ZN10__cxxabiv117__pbase_type_infoD0Ev            
00006dbf  _ZN10__cxxabiv117__class_type_infoD1Ev            
00006dbf  _ZN10__cxxabiv117__class_type_infoD2Ev            
00006dc1  _ZN10__cxxabiv117__class_type_infoD0Ev            
00006dc9  _ZN10__cxxabiv117__array_type_infoD1Ev            
00006dc9  _ZN10__cxxabiv117__array_type_infoD2Ev            
00006dcb  _ZN10__cxxabiv117__array_type_infoD0Ev            
00006dd3  _ZN10__cxxabiv116__enum_type_infoD1Ev             
00006dd3  _ZN10__cxxabiv116__enum_type_infoD2Ev             
00006dd5  _ZN10__cxxabiv116__enum_type_infoD0Ev             
00006de5  _ZN4TaskC1Ev                                      
00006de5  _ZN4TaskC2Ev                                      
00006e03  _ZN4Task3runEv                                    
00006e29  _ZN4Task19SetTaskCurrentCountEy                   
00006e47  _ZN4Task17SetTaskFinalCountEy                     
00006e65  _ZN4Task19GetTaskCurrentCountEv                   
00006e75  _ZN4Task17GetTaskFinalCountEv                     
00006e8d  __aeabi_memcpy                                    
00006e8d  __aeabi_memcpy4                                   
00006e8d  __aeabi_memcpy8                                   
00006e8d  memcpy                                            
00006f29  __aeabi_cdcmpeq                                   
00006f29  __aeabi_cdcmple                                   
00006faf  __aeabi_cdrcmple                                  
00007035  __aeabi_memclr                                    
00007035  __aeabi_memclr4                                   
00007035  __aeabi_memclr8                                   
00007037  __aeabi_memset                                    
00007037  __aeabi_memset4                                   
00007037  __aeabi_memset8                                   
0000703d  memset                                            
000070af  _system_post_cinit                                
000070b1  __TI_auto_init                                    
0000718d  frexp                                             
0000718d  frexpl                                            
000071f1  sprintf                                           
00007251  ltoa                                              
000072a9  _c_int00                                          
000072fd  C$$EXIT                                           
00007301  abort                                             
00007309  exit                                              
00007351  atoi                                              
0000739d  copy_in                                           
000073e9  __aeabi_d2iz                                      
00007431  CPU_cpsid                                         
0000743d  CPU_primask                                       
00007447  CPU_cpsie                                         
00007453  CPU_wfi                                           
00007457  CPU_basepriSet                                    
00007465  CPU_basepriGet                                    
00007471  _ZN4Task14ProcessMessageE3MSG                     
000074a5  _Znwj                                             
000074d5  __aeabi_i2d                                       
00007505  _ZN4Task11SendMessageEv                           
00007531  memccpy                                           
0000754d  _args_main                                        
00007565  strchr                                            
0000757d  _register_unlock                                  
00007583  _register_lock                                    
0000758b  _nop                                              
00007591  copysign                                          
00007591  copysignl                                         
000075a5  strlen                                            
000075b9  _ZN4BallC1Ev                                      
000075c7  _ZN6RacketC1Ev                                    
000075d5  __TI_decompress_none                              
000075e3  Reset_Handler                                     
000075ef  AES256_IRQHandler                                 
000075ef  BusFault_Handler                                  
000075ef  COMP_E0_IRQHandler                                
000075ef  COMP_E1_IRQHandler                                
000075ef  CS_IRQHandler                                     
000075ef  DMA_ERR_IRQHandler                                
000075ef  DMA_INT0_IRQHandler                               
000075ef  DMA_INT1_IRQHandler                               
000075ef  DMA_INT2_IRQHandler                               
000075ef  DMA_INT3_IRQHandler                               
000075ef  DebugMon_Handler                                  
000075ef  Default_Handler                                   
000075ef  EUSCIA0_IRQHandler                                
000075ef  EUSCIA1_IRQHandler                                
000075ef  EUSCIA2_IRQHandler                                
000075ef  EUSCIA3_IRQHandler                                
000075ef  EUSCIB0_IRQHandler                                
000075ef  EUSCIB1_IRQHandler                                
000075ef  EUSCIB2_IRQHandler                                
000075ef  EUSCIB3_IRQHandler                                
000075ef  FLCTL_IRQHandler                                  
000075ef  FPU_IRQHandler                                    
000075ef  HardFault_Handler                                 
000075ef  MemManage_Handler                                 
000075ef  NMI_Handler                                       
000075ef  PCM_IRQHandler                                    
000075ef  PORT1_IRQHandler                                  
000075ef  PORT2_IRQHandler                                  
000075ef  PORT3_IRQHandler                                  
000075ef  PORT4_IRQHandler                                  
000075ef  PORT5_IRQHandler                                  
000075ef  PORT6_IRQHandler                                  
000075ef  PSS_IRQHandler                                    
000075ef  PendSV_Handler                                    
000075ef  RTC_C_IRQHandler                                  
000075ef  SVC_Handler                                       
000075ef  SysTick_Handler                                   
000075ef  T32_INT2_IRQHandler                               
000075ef  T32_INTC_IRQHandler                               
000075ef  TA0_0_IRQHandler                                  
000075ef  TA0_N_IRQHandler                                  
000075ef  TA1_0_IRQHandler                                  
000075ef  TA1_N_IRQHandler                                  
000075ef  TA2_0_IRQHandler                                  
000075ef  TA2_N_IRQHandler                                  
000075ef  TA3_0_IRQHandler                                  
000075ef  TA3_N_IRQHandler                                  
000075ef  UsageFault_Handler                                
000075ef  WDT_A_IRQHandler                                  
000075f1  _ZdlPv                                            
000075f9  __TI_decompress_rle24                             
000075ff  _system_pre_init                                  
000078fc  _ctypes_                                          
000079fd  _ZTSe                                             
00007a00  g_sFontFixed6x8                                   
00007b98  g_sCrystalfontz128x128                            
00007bc4  _ZTSN10__cxxabiv123__fundamental_type_infoE       
00007bec  _ZTSN10__cxxabiv120__si_class_type_infoE          
00007c11  _ZTSN10__cxxabiv119__pointer_type_infoE           
00007c35  _ZTSN10__cxxabiv117__class_type_infoE             
00007c57  _ZTSN10__cxxabiv117__pbase_type_infoE             
00007dc4  _ZTV4Task                                         
00007dd8  _ZTV6Screen                                       
00007dec  _ZTV9GameLogic                                    
00007e00  _ZTIPKe                                           
00007e10  _ZTVN10__cxxabiv117__class_type_infoE             
00007e20  _ZTVN10__cxxabiv119__pointer_type_infoE           
00007e30  _ZTVN10__cxxabiv120__si_class_type_infoE          
00007e40  _ZTVN10__cxxabiv123__fundamental_type_infoE       
00007e50  _ZTSSt9type_info                                  
00007e60  _ZTI6Screen                                       
00007e6c  _ZTI9GameLogic                                    
00007e78  _ZTIN10__cxxabiv117__class_type_infoE             
00007e84  _ZTIN10__cxxabiv117__pbase_type_infoE             
00007e90  _ZTIN10__cxxabiv119__pointer_type_infoE           
00007e9c  _ZTIN10__cxxabiv120__si_class_type_infoE          
00007ea8  _ZTIN10__cxxabiv123__fundamental_type_infoE       
00007eb4  _ZTS9GameLogic                                    
00007ef8  _ZTI4Task                                         
00007f00  _ZTISt9type_info                                  
00007f08  _ZTIe                                             
00007f10  _ZTS6Screen                                       
00007f38  _ZTS4Task                                         
00007f3e  _ZTSPKe                                           
00007f44  SHT$$INIT_ARRAY$$Base                             
00007f48  SHT$$INIT_ARRAY$$Limit                            
00007fbc  __TI_Handler_Table_Base                           
00007fc4  __TI_CINIT_Base                                   
00007fc4  __TI_Handler_Table_Limit                          
00007fdc  __TI_CINIT_Limit                                  
20000000  g_pfnRAMVectors                                   
200000e8  MainScheduler                                     
200020d8  g_sContext                                        
200020f4  aDataFromADC                                      
200020f8  _ZSt16__dummy_typeinfo                            
200020fc  Lcd_ScreenHeigth                                  
200020fe  Lcd_ScreenWidth                                   
20002100  Lcd_TouchTrim                                     
20002102  Lcd_FlagRead                                      
20002103  Lcd_FontSolid                                     
20002104  Lcd_Orientation                                   
20002105  Lcd_PenSolid                                      
20002108  _sys_memory                                       
20002538  __TI_cleanup_ptr                                  
2000253c  __TI_dtors_ptr                                    
20002540  __TI_enable_exit_profile_output                   
20002550  _lock                                             
20002554  _unlock                                           
20002560  errno                                             
20002564  main_func_sp                                      
20002568  _new_handler                                      
2000256c  SystemCoreClock                                   
2000fe00  __stack                                           
20010000  __STACK_END                                       
4000480c  WDTCTL_SYM                                        
ffffffff  __TI_pprof_out_hndl                               
ffffffff  __TI_prof_data_size                               
ffffffff  __TI_prof_data_start                              
ffffffff  __binit__                                         
ffffffff  __c_args__                                        
ffffffff  binit                                             

[473 symbols]
