******************************************************************************
                  TI ARM Linker Unix v15.12.3                  
******************************************************************************
>> Linked Sat Dec 10 02:45:57 2016

OUTPUT FILE NAME:   <finalProject.out>
ENTRY POINT SYMBOL: "_c_int00"  address: 00005415


MEMORY CONFIGURATION

         name            origin    length      used     unused   attr    fill
----------------------  --------  ---------  --------  --------  ----  --------
  MAIN                  00000000   00040000  00006012  00039fee  R  X
  INFO                  00200000   00004000  00000000  00004000  R  X
  SRAM_CODE             01000000   00010000  0000277e  0000d882  RW X
  SRAM_DATA             20000000   00010000  0000277e  0000d882  RW  


SEGMENT ALLOCATION MAP

run origin  load origin   length   init length attrs members
----------  ----------- ---------- ----------- ----- -------
00000000    00000000    00006014   00006014    r-x
  00000000    00000000    000000e4   000000e4    r-- .intvecs
  000000e4    000000e4    0000554e   0000554e    r-x .text
  00005634    00005634    00000940   00000940    r-- .const
  00005f74    00005f74    00000004   00000004    r-- .init_array
  00005f78    00005f78    0000009c   0000009c    r-- .cinit
20000000    20000000    00002584   00000000    rw-
  20000000    20000000    000000e4   00000000    rw- .vtable
  200000e8    200000e8    00002026   00000000    rw- .bss
  20002110    20002110    00000400   00000000    rw- .sysmem
  20002510    20002510    00000074   00000000    rw- .data
2000fe00    2000fe00    00000200   00000000    rw-
  2000fe00    2000fe00    00000200   00000000    rw- .stack


SECTION ALLOCATION MAP

 output                                  attributes/
section   page    origin      length       input sections
--------  ----  ----------  ----------   ----------------
.intvecs   0    00000000    000000e4     
                  00000000    000000e4     startup_msp432p401r_ccs.obj (.intvecs:retain)

.binit     0    00000000    00000000     

.text      0    000000e4    0000554e     
                  000000e4    000008e0     adc14.obj (.text)
                  000009c4    000008a4     spi.obj (.text)
                  00001268    00000678     Crystalfontz128x128_ST7735.obj (.text)
                  000018e0    00000658     Scheduler.obj (.text)
                  00001f38    00000630     string.obj (.text)
                  00002568    00000504     main.obj (.text)
                  00002a6c    00000490     line.obj (.text)
                  00002efc    00000480     gpio.obj (.text)
                  0000337c    00000428     Screen.obj (.text)
                  000037a4    000003f0     interrupt.obj (.text)
                  00003b94    000003dc     rtsv7M4_T_le_v4SPD16_eabi.lib : memory.obj (.text)
                  00003f70    00000370     system_msp432p401r.obj (.text)
                  000042e0    0000033e     rectangle.obj (.text)
                  0000461e    00000002     rtsv7M4_T_le_v4SPD16_eabi.lib : mpu_init.obj (.text)
                  00004620    00000280     Ball.obj (.text)
                  000048a0    00000266     context.obj (.text)
                  00004b06    00000002     rtsv7M4_T_le_v4SPD16_eabi.lib : newhandler.obj (.text)
                  00004b08    00000208     Racket.obj (.text)
                  00004d10    00000134     display.obj (.text)
                  00004e44    000000fc     GameLogic.obj (.text)
                  00004f40    000000c0     GamePiece.obj (.text)
                  00005000    000000bc     HAL_MSP_EXP432P401R_Crystalfontz128x128_ST7735.obj (.text)
                  000050bc    000000bc     rtsv7M4_T_le_v4SPD16_eabi.lib : typeinfo_.obj (.text)
                  00005178    000000a8     Task.obj (.text)
                  00005220    0000009c     rtsv7M4_T_le_v4SPD16_eabi.lib : memcpy_t2.obj (.text)
                  000052bc    0000007a                                   : memset_t2.obj (.text)
                  00005336    00000002                                   : startup.obj (.text)
                  00005338    00000070                                   : autoinit.obj (.text)
                  000053a8    0000006a                                   : copy_decompress_rle.obj (.text)
                  00005412    00000002     --HOLE-- [fill = 0]
                  00005414    00000054                                   : boot.obj (.text)
                  00005468    00000054                                   : exit.obj (.text)
                  000054bc    0000004c                                   : cpy_tbl.obj (.text)
                  00005508    0000003e     cpu.obj (.text)
                  00005546    00000002     --HOLE-- [fill = 0]
                  00005548    00000034     GamePiece.obj (.text:_ZN4Task14ProcessMessageE3MSG)
                  0000557c    00000030     rtsv7M4_T_le_v4SPD16_eabi.lib : new_.obj (.text)
                  000055ac    0000002c     Ball.obj (.text:_ZN4Task11SendMessageEv)
                  000055d8    00000018     rtsv7M4_T_le_v4SPD16_eabi.lib : args_main.obj (.text)
                  000055f0    00000014                                   : _lock.obj (.text)
                  00005604    0000000e                                   : copy_decompress_none.obj (.text:decompress:none)
                  00005612    0000000e     startup_msp432p401r_ccs.obj (.text)
                  00005620    00000008     rtsv7M4_T_le_v4SPD16_eabi.lib : delete.obj (.text)
                  00005628    00000006                                   : copy_decompress_rle.obj (.text:decompress:rle24)
                  0000562e    00000004                                   : pre_init.obj (.text)

.const     0    00005634    00000940     
                  00005634    000002f8     fontfixed6x8.obj (.const:.string:g_pucFontFixed6x8Data)
                  0000592c    000000c8     fontfixed6x8.obj (.const:g_sFontFixed6x8)
                  000059f4    00000080     adc14.obj (.const:_ctlRegs)
                  00005a74    00000050     interrupt.obj (.const:g_pulRegs)
                  00005ac4    0000002c     Crystalfontz128x128_ST7735.obj (.const:g_sCrystalfontz128x128)
                  00005af0    00000028     rtsv7M4_T_le_v4SPD16_eabi.lib : typeinfo_.obj (.const:.typeinfo:_ZTSN10__cxxabiv123__fundamental_type_infoE)
                  00005b18    00000028     Screen.obj (.const:_ZTV6Screen)
                  00005b40    00000025     rtsv7M4_T_le_v4SPD16_eabi.lib : typeinfo_.obj (.const:.typeinfo:_ZTSN10__cxxabiv120__si_class_type_infoE)
                  00005b65    00000024                                   : typeinfo_.obj (.const:.typeinfo:_ZTSN10__cxxabiv119__pointer_type_infoE)
                  00005b89    00000022                                   : typeinfo_.obj (.const:.typeinfo:_ZTSN10__cxxabiv117__class_type_infoE)
                  00005bab    00000022                                   : typeinfo_.obj (.const:.typeinfo:_ZTSN10__cxxabiv117__pbase_type_infoE)
                  00005bcd    00000002                                   : typeinfo_.obj (.const:.typeinfo:_ZTSe)
                  00005bcf    00000001     --HOLE-- [fill = 0]
                  00005bd0    00000020     interrupt.obj (.const:g_pulPriority)
                  00005bf0    0000001c     HAL_MSP_EXP432P401R_Crystalfontz128x128_ST7735.obj (.const:$P$T0$1)
                  00005c0c    0000001c     gpio.obj (.const:GPIO_PORT_TO_INT)
                  00005c28    00000014     Ball.obj (.const:$P$T40$1)
                  00005c3c    00000014     GamePiece.obj (.const:$P$T40$1)
                  00005c50    00000014     Scheduler.obj (.const:$P$T40$1)
                  00005c64    00000014     Scheduler.obj (.const:$P$T41$2)
                  00005c78    00000014     Task.obj (.const:$P$T42$3)
                  00005c8c    00000014     Screen.obj (.const:$P$T43$2)
                  00005ca0    00000014     GameLogic.obj (.const:$P$T44$2)
                  00005cb4    00000014     Screen.obj (.const:$P$T44$3)
                  00005cc8    00000014     GameLogic.obj (.const:$P$T45$3)
                  00005cdc    00000014     main.obj (.const:$P$T46$7)
                  00005cf0    00000014     main.obj (.const:$P$T47$8)
                  00005d04    00000014     main.obj (.const:$P$T48$9)
                  00005d18    00000014     Ball.obj (.const:$P$T51$2)
                  00005d2c    00000014     Racket.obj (.const:$P$T51$2)
                  00005d40    00000014     Ball.obj (.const:$P$T52$3)
                  00005d54    00000014     Racket.obj (.const:$P$T52$3)
                  00005d68    00000014     Ball.obj (.const:$P$T53$4)
                  00005d7c    00000014     Racket.obj (.const:$P$T53$4)
                  00005d90    00000014     Ball.obj (.const:_ZTV4Ball)
                  00005da4    00000014     Task.obj (.const:_ZTV4Task)
                  00005db8    00000014     Racket.obj (.const:_ZTV6Racket)
                  00005dcc    00000014     GameLogic.obj (.const:_ZTV9GameLogic)
                  00005de0    00000014     GamePiece.obj (.const:_ZTV9GamePiece)
                  00005df4    00000010     rtsv7M4_T_le_v4SPD16_eabi.lib : typeinfo_.obj (.const:.typeinfo:_ZTIPKe)
                  00005e04    00000010                                   : typeinfo_.obj (.const:_ZTVN10__cxxabiv117__class_type_infoE)
                  00005e14    00000010                                   : typeinfo_.obj (.const:_ZTVN10__cxxabiv119__pointer_type_infoE)
                  00005e24    00000010                                   : typeinfo_.obj (.const:_ZTVN10__cxxabiv120__si_class_type_infoE)
                  00005e34    00000010                                   : typeinfo_.obj (.const:_ZTVN10__cxxabiv123__fundamental_type_infoE)
                  00005e44    0000000d                                   : typeinfo_.obj (.const:.typeinfo:_ZTSSt9type_info)
                  00005e51    00000003     --HOLE-- [fill = 0]
                  00005e54    0000000c     Ball.obj (.const:.typeinfo:_ZTI4Ball)
                  00005e60    0000000c     Racket.obj (.const:.typeinfo:_ZTI6Racket)
                  00005e6c    0000000c     Screen.obj (.const:.typeinfo:_ZTI6Screen)
                  00005e78    0000000c     GameLogic.obj (.const:.typeinfo:_ZTI9GameLogic)
                  00005e84    0000000c     Ball.obj (.const:.typeinfo:_ZTI9GamePiece)
                  00005e90    0000000c     rtsv7M4_T_le_v4SPD16_eabi.lib : typeinfo_.obj (.const:.typeinfo:_ZTIN10__cxxabiv117__class_type_infoE)
                  00005e9c    0000000c                                   : typeinfo_.obj (.const:.typeinfo:_ZTIN10__cxxabiv117__pbase_type_infoE)
                  00005ea8    0000000c                                   : typeinfo_.obj (.const:.typeinfo:_ZTIN10__cxxabiv119__pointer_type_infoE)
                  00005eb4    0000000c                                   : typeinfo_.obj (.const:.typeinfo:_ZTIN10__cxxabiv120__si_class_type_infoE)
                  00005ec0    0000000c                                   : typeinfo_.obj (.const:.typeinfo:_ZTIN10__cxxabiv123__fundamental_type_infoE)
                  00005ecc    0000000b     GameLogic.obj (.const:.typeinfo:_ZTS9GameLogic)
                  00005ed7    0000000b     Ball.obj (.const:.typeinfo:_ZTS9GamePiece)
                  00005ee2    00000008     Crystalfontz128x128_ST7735.obj (.const:$P$T0$1)
                  00005eea    00000002     --HOLE-- [fill = 0]
                  00005eec    00000008     main.obj (.const:$P$T40$1)
                  00005ef4    00000008     main.obj (.const:$P$T41$2)
                  00005efc    00000008     main.obj (.const:$P$T42$3)
                  00005f04    00000008     main.obj (.const:$P$T43$4)
                  00005f0c    00000008     main.obj (.const:$P$T44$5)
                  00005f14    00000008     main.obj (.const:$P$T45$6)
                  00005f1c    00000008     Task.obj (.const:.typeinfo:_ZTI4Task)
                  00005f24    00000008     rtsv7M4_T_le_v4SPD16_eabi.lib : typeinfo_.obj (.const:.typeinfo:_ZTISt9type_info)
                  00005f2c    00000008                                   : typeinfo_.obj (.const:.typeinfo:_ZTIe)
                  00005f34    00000008     Racket.obj (.const:.typeinfo:_ZTS6Racket)
                  00005f3c    00000008     Screen.obj (.const:.typeinfo:_ZTS6Screen)
                  00005f44    00000008     interrupt.obj (.const:g_pulDisRegs)
                  00005f4c    00000008     interrupt.obj (.const:g_pulEnRegs)
                  00005f54    00000008     interrupt.obj (.const:g_pulPendRegs)
                  00005f5c    00000008     interrupt.obj (.const:g_pulUnpendRegs)
                  00005f64    00000006     Ball.obj (.const:.typeinfo:_ZTS4Ball)
                  00005f6a    00000006     Task.obj (.const:.typeinfo:_ZTS4Task)
                  00005f70    00000004     rtsv7M4_T_le_v4SPD16_eabi.lib : typeinfo_.obj (.const:.typeinfo:_ZTSPKe)

.cinit     0    00005f78    0000009c     
                  00005f78    00000059     (.cinit..data.load) [load image, compression = rle]
                  00005fd1    00000007     --HOLE-- [fill = 0]
                  00005fd8    0000000b     (.cinit..bss.load) [load image, compression = rle]
                  00005fe3    00000005     --HOLE-- [fill = 0]
                  00005fe8    00000009     (.cinit..vtable.load) [load image, compression = rle]
                  00005ff1    00000003     --HOLE-- [fill = 0]
                  00005ff4    00000008     (__TI_handler_table)
                  00005ffc    00000018     (__TI_cinit_table)

.init_array 
*          0    00005f74    00000004     
                  00005f74    00000004     main.obj (.init_array)

.vtable    0    20000000    000000e4     UNINITIALIZED
                  20000000    000000e4     interrupt.obj (.vtable)

.bss       0    200000e8    00002026     UNINITIALIZED
                  200000e8    00001ff0     main.obj (.bss:MainScheduler)
                  200020d8    0000001c     (.common:g_sContext)
                  200020f4    0000000c     main.obj (.bss)
                  20002100    00000004     (.common:_ZSt16__dummy_typeinfo)
                  20002104    00000002     (.common:Lcd_ScreenHeigth)
                  20002106    00000002     (.common:Lcd_ScreenWidth)
                  20002108    00000002     (.common:Lcd_TouchTrim)
                  2000210a    00000001     (.common:Lcd_FlagRead)
                  2000210b    00000001     (.common:Lcd_FontSolid)
                  2000210c    00000001     (.common:Lcd_Orientation)
                  2000210d    00000001     (.common:Lcd_PenSolid)

.sysmem    0    20002110    00000400     UNINITIALIZED
                  20002110    00000008     rtsv7M4_T_le_v4SPD16_eabi.lib : memory.obj (.sysmem)
                  20002118    000003f8     --HOLE--

.data      0    20002510    00000074     UNINITIALIZED
                  20002510    00000030     gpio.obj (.data:GPIO_PORT_TO_BASE)
                  20002540    00000014     main.obj (.data)
                  20002554    0000000c     rtsv7M4_T_le_v4SPD16_eabi.lib : exit.obj (.data:$O1$$)
                  20002560    0000000c                                   : memory.obj (.data:$O1$$)
                  2000256c    00000008                                   : _lock.obj (.data:$O1$$)
                  20002574    00000004     main.obj (.data:aDataFromButton)
                  20002578    00000004     rtsv7M4_T_le_v4SPD16_eabi.lib : stkdepth_vars.obj (.data)
                  2000257c    00000004                                   : vars.obj (.data)
                  20002580    00000004     system_msp432p401r.obj (.data)

.stack     0    2000fe00    00000200     UNINITIALIZED
                  2000fe00    00000200     --HOLE--

MODULE SUMMARY

       Module                                               code    ro data   rw data
       ------                                               ----    -------   -------
    ./
       main.obj                                             1284    112       16424  
       Scheduler.obj                                        1624    40        0      
       Screen.obj                                           1064    100       56     
       system_msp432p401r.obj                               880     0         8      
       Ball.obj                                             684     141       0      
       Racket.obj                                           520     100       0      
       GameLogic.obj                                        252     83        0      
       GamePiece.obj                                        244     40        0      
       startup_msp432p401r_ccs.obj                          14      228       0      
       Task.obj                                             168     54        0      
    +--+----------------------------------------------------+-------+---------+---------+
       Total:                                               6734    898       16488  
                                                                                     
    ./GrLib/fonts/
       fontfixed6x8.obj                                     0       960       0      
    +--+----------------------------------------------------+-------+---------+---------+
       Total:                                               0       960       0      
                                                                                     
    ./GrLib/grlib/
       string.obj                                           1584    0         0      
       line.obj                                             1168    0         0      
       rectangle.obj                                        830     0         0      
       context.obj                                          614     0         0      
       display.obj                                          308     0         0      
    +--+----------------------------------------------------+-------+---------+---------+
       Total:                                               4504    0         0      
                                                                                     
    ./LcdDriver/
       Crystalfontz128x128_ST7735.obj                       1656    52        20     
       HAL_MSP_EXP432P401R_Crystalfontz128x128_ST7735.obj   188     28        0      
    +--+----------------------------------------------------+-------+---------+---------+
       Total:                                               1844    80        20     
                                                                                     
    ./driverlib/MSP432P4xx/
       adc14.obj                                            2272    128       0      
       spi.obj                                              2212    0         0      
       interrupt.obj                                        1008    144       456    
       gpio.obj                                             1152    28        96     
       cpu.obj                                              62      0         0      
    +--+----------------------------------------------------+-------+---------+---------+
       Total:                                               6706    300       552    
                                                                                     
    /opt/ti/ccsv6/tools/compiler/arm_15.12.3.LTS/lib/rtsv7M4_T_le_v4SPD16_eabi.lib
       memory.obj                                           988     0         24     
       typeinfo_.obj                                        188     356       8      
       memcpy_t2.obj                                        156     0         0      
       memset_t2.obj                                        122     0         0      
       autoinit.obj                                         112     0         0      
       copy_decompress_rle.obj                              112     0         0      
       exit.obj                                             84      0         24     
       boot.obj                                             84      0         0      
       cpy_tbl.obj                                          76      0         0      
       new_.obj                                             48      0         0      
       _lock.obj                                            20      0         16     
       args_main.obj                                        24      0         0      
       copy_decompress_none.obj                             14      0         0      
       delete.obj                                           8       0         0      
       stkdepth_vars.obj                                    0       0         8      
       vars.obj                                             0       0         8      
       pre_init.obj                                         4       0         0      
       mpu_init.obj                                         2       0         0      
       newhandler.obj                                       2       0         0      
       startup.obj                                          2       0         0      
    +--+----------------------------------------------------+-------+---------+---------+
       Total:                                               2046    356       88     
                                                                                     
       Heap:                                                0       0         2048   
       Stack:                                               0       0         1024   
       Linker Generated:                                    0       141       0      
    +--+----------------------------------------------------+-------+---------+---------+
       Grand Total:                                         21834   2735      20220  


LINKER GENERATED COPY TABLES

__TI_cinit_table @ 00005ffc records: 3, size/record: 8, table size: 24
	.data: load addr=00005f78, load size=00000059 bytes, run addr=20002510, run size=00000074 bytes, compression=rle
	.bss: load addr=00005fd8, load size=0000000b bytes, run addr=200000e8, run size=00002026 bytes, compression=rle
	.vtable: load addr=00005fe8, load size=00000009 bytes, run addr=20000000, run size=000000e4 bytes, compression=rle


LINKER GENERATED HANDLER TABLE

__TI_handler_table @ 00005ff4 records: 2, size/record: 4, table size: 8
	index: 0, handler: __TI_decompress_rle24
	index: 1, handler: __TI_decompress_none


GLOBAL SYMBOLS: SORTED ALPHABETICALLY BY Name 

address   name                                              
-------   ----                                              
000027c7  ADC14_IRQHandler                                  
000027c7  ADC14_IRQHandler                                  
00000939  ADC14_clearInterruptFlag                          
000004d9  ADC14_configureConversionMemory                   
00000381  ADC14_configureMultiSequenceMode                  
00000417  ADC14_configureSingleSampleMode                   
00000611  ADC14_disableComparatorWindow                     
000004af  ADC14_disableConversion                           
000008b3  ADC14_disableInterrupt                            
00000255  ADC14_disableModule                               
0000082f  ADC14_disableReferenceBurst                       
00000295  ADC14_disableSampleTimer                          
00000581  ADC14_enableComparatorWindow                      
0000046d  ADC14_enableConversion                            
00000887  ADC14_enableInterrupt                             
0000024d  ADC14_enableModule                                
00000819  ADC14_enableReferenceBurst                        
0000026b  ADC14_enableSampleTimer                           
00000909  ADC14_getEnabledInterruptStatus                   
000008df  ADC14_getInterruptStatus                          
00000739  ADC14_getMultiSequenceResult                      
0000030b  ADC14_getResolution                               
0000071f  ADC14_getResult                                   
000007a5  ADC14_getResultArray                              
000002ab  ADC14_initModule                                  
000004bb  ADC14_isBusy                                      
00000969  ADC14_registerInterrupt                           
0000066f  ADC14_setComparatorWindowValue                    
00000845  ADC14_setPowerMode                                
000002f1  ADC14_setResolution                               
000006f5  ADC14_setResultFormat                             
00000357  ADC14_setSampleHoldTime                           
00000315  ADC14_setSampleHoldTrigger                        
0000048d  ADC14_toggleConversionTrigger                     
0000097d  ADC14_unregisterInterrupt                         
0000561f  AES256_IRQHandler                                 
0000271d  BUTTON_DOWN_ISR                                   
00002763  BUTTON_UP_ISR                                     
0000561f  BusFault_Handler                                  
00005469  C$$EXIT                                           
0000561f  COMP_E0_IRQHandler                                
0000561f  COMP_E1_IRQHandler                                
0000553d  CPU_basepriGet                                    
0000552f  CPU_basepriSet                                    
00005509  CPU_cpsid                                         
0000551f  CPU_cpsie                                         
00005515  CPU_primask                                       
0000552b  CPU_wfi                                           
0000561f  CS_IRQHandler                                     
00001269  Crystalfontz128x128_Init                          
0000137d  Crystalfontz128x128_SetDrawFrame                  
000014ab  Crystalfontz128x128_SetOrientation                
0000561f  DMA_ERR_IRQHandler                                
0000561f  DMA_INT0_IRQHandler                               
0000561f  DMA_INT1_IRQHandler                               
0000561f  DMA_INT2_IRQHandler                               
0000561f  DMA_INT3_IRQHandler                               
0000561f  DebugMon_Handler                                  
0000561f  Default_Handler                                   
0000561f  EUSCIA0_IRQHandler                                
0000561f  EUSCIA1_IRQHandler                                
0000561f  EUSCIA2_IRQHandler                                
0000561f  EUSCIA3_IRQHandler                                
0000561f  EUSCIB0_IRQHandler                                
0000561f  EUSCIB1_IRQHandler                                
0000561f  EUSCIB2_IRQHandler                                
0000561f  EUSCIB3_IRQHandler                                
00001133  EUSCI_A_SPI_changeClockPhasePolarity              
000011e7  EUSCI_A_SPI_clearInterruptFlag                    
00001217  EUSCI_A_SPI_disable                               
000011b5  EUSCI_A_SPI_disableInterrupt                      
00001201  EUSCI_A_SPI_enable                                
0000119b  EUSCI_A_SPI_enableInterrupt                       
000011cf  EUSCI_A_SPI_getInterruptStatus                    
0000122d  EUSCI_A_SPI_getReceiveBufferAddressForDMA         
0000123b  EUSCI_A_SPI_getTransmitBufferAddressForDMA        
00001249  EUSCI_A_SPI_isBusy                                
000010b3  EUSCI_A_SPI_masterChangeClock                     
0000118b  EUSCI_A_SPI_receiveData                           
00001093  EUSCI_A_SPI_select4PinFunctionality               
000010e9  EUSCI_A_SPI_slaveInit                             
00001175  EUSCI_A_SPI_transmitData                          
00000f65  EUSCI_B_SPI_changeClockPhasePolarity              
00001019  EUSCI_B_SPI_clearInterruptFlag                    
00001049  EUSCI_B_SPI_disable                               
00000fe7  EUSCI_B_SPI_disableInterrupt                      
00001033  EUSCI_B_SPI_enable                                
00000fcd  EUSCI_B_SPI_enableInterrupt                       
00001001  EUSCI_B_SPI_getInterruptStatus                    
0000105f  EUSCI_B_SPI_getReceiveBufferAddressForDMA         
0000106d  EUSCI_B_SPI_getTransmitBufferAddressForDMA        
0000107b  EUSCI_B_SPI_isBusy                                
00000ee9  EUSCI_B_SPI_masterChangeClock                     
00000fbd  EUSCI_B_SPI_receiveData                           
00000ec9  EUSCI_B_SPI_select4PinFunctionality               
00000f1b  EUSCI_B_SPI_slaveInit                             
00000fa7  EUSCI_B_SPI_transmitData                          
0000561f  FLCTL_IRQHandler                                  
0000561f  FPU_IRQHandler                                    
0000321f  GPIO_clearInterruptFlag                           
000031df  GPIO_disableInterrupt                             
000031bd  GPIO_enableInterrupt                              
00003277  GPIO_getEnabledInterruptStatus                    
0000318f  GPIO_getInputPinValue                             
00003201  GPIO_getInterruptStatus                           
00003241  GPIO_interruptEdgeSelect                          
00003337  GPIO_registerInterrupt                            
00002f37  GPIO_setAsInputPin                                
000030eb  GPIO_setAsInputPinWithPullDownResistor            
0000313d  GPIO_setAsInputPinWithPullUpResistor              
00002efd  GPIO_setAsOutputPin                               
00003001  GPIO_setAsPeripheralModuleFunctionInputPin        
00002f7d  GPIO_setAsPeripheralModuleFunctionOutputPin       
000032f3  GPIO_setDriveStrengthHigh                         
00003315  GPIO_setDriveStrengthLow                          
00003085  GPIO_setOutputHighOnPin                           
000030a7  GPIO_setOutputLowOnPin                            
000030c9  GPIO_toggleOutputOnPin                            
00003357  GPIO_unregisterInterrupt                          
00004a8d  Graphics_clearDisplay                             
00004e2d  Graphics_clearDisplayOnDisplay                    
00004d7f  Graphics_drawHorizontalLineOnDisplay              
00002d89  Graphics_drawLine                                 
00002a6d  Graphics_drawLineH                                
00002b09  Graphics_drawLineV                                
00004d3b  Graphics_drawMultiplePixelsOnDisplay              
00004a9f  Graphics_drawPixel                                
00004d11  Graphics_drawPixelOnDisplay                       
000042e1  Graphics_drawRectangle                            
00002073  Graphics_drawString                               
00002501  Graphics_drawStringCentered                       
00004db3  Graphics_drawVerticalLineOnDisplay                
00004383  Graphics_fillRectangle                            
00004de7  Graphics_fillRectangleOnDisplay                   
00004a7f  Graphics_flushBuffer                              
00004e1b  Graphics_flushOnDisplay                           
00004a61  Graphics_getDisplayHeight                         
00004a51  Graphics_getDisplayWidth                          
000049ff  Graphics_getFontBaseline                          
00004a35  Graphics_getFontHeight                            
00004a43  Graphics_getFontMaxWidth                          
00004a71  Graphics_getHeightOfDisplay                       
000044e7  Graphics_getRectangleIntersection                 
000024f1  Graphics_getStringBaseline                        
00002549  Graphics_getStringHeight                          
00002559  Graphics_getStringMaxWidth                        
00001f79  Graphics_getStringWidth                           
00004af9  Graphics_getWidthOfDisplay                        
000048a1  Graphics_initContext                              
000045cd  Graphics_isPointWithinRectangle                   
00004495  Graphics_isRectangleOverlap                       
000049b5  Graphics_setBackgroundColor                       
000049cf  Graphics_setBackgroundColorTranslated             
000048eb  Graphics_setClipRegion                            
000049e5  Graphics_setFont                                  
00004a0d  Graphics_setForegroundColor                       
00004a23  Graphics_setForegroundColorTranslated             
00004e05  Graphics_translateColorOnDisplay                  
00005001  HAL_LCD_PortInit                                  
00005031  HAL_LCD_SpiInit                                   
00005067  HAL_LCD_writeCommand                              
0000508f  HAL_LCD_writeData                                 
0000561f  HardFault_Handler                                 
00003967  Interrupt_disableInterrupt                        
000037b7  Interrupt_disableMaster                           
00003b65  Interrupt_disableSleepOnIsrExit                   
000038f5  Interrupt_enableInterrupt                         
000037a7  Interrupt_enableMaster                            
00003b53  Interrupt_enableSleepOnIsrExit                    
000038cf  Interrupt_getPriority                             
00003847  Interrupt_getPriorityGrouping                     
00003b33  Interrupt_getPriorityMask                         
00003b4d  Interrupt_getVectorTableAddress                   
000039d9  Interrupt_isEnabled                               
00003a65  Interrupt_pendInterrupt                           
000037c7  Interrupt_registerInterrupt                       
0000387f  Interrupt_setPriority                             
0000382d  Interrupt_setPriorityGrouping                     
00003b23  Interrupt_setPriorityMask                         
00003b3d  Interrupt_setVectorTableAddress                   
00003ad5  Interrupt_unpendInterrupt                         
00003819  Interrupt_unregisterInterrupt                     
2000210a  Lcd_FlagRead                                      
2000210b  Lcd_FontSolid                                     
2000210c  Lcd_Orientation                                   
2000210d  Lcd_PenSolid                                      
20002104  Lcd_ScreenHeigth                                  
20002106  Lcd_ScreenWidth                                   
20002108  Lcd_TouchTrim                                     
200000e8  MainScheduler                                     
0000561f  MemManage_Handler                                 
0000561f  NMI_Handler                                       
0000561f  PCM_IRQHandler                                    
0000561f  PORT1_IRQHandler                                  
0000561f  PORT2_IRQHandler                                  
0000561f  PORT3_IRQHandler                                  
0000561f  PORT4_IRQHandler                                  
0000561f  PORT5_IRQHandler                                  
0000561f  PORT6_IRQHandler                                  
0000561f  PSS_IRQHandler                                    
0000561f  PendSV_Handler                                    
0000561f  RTC_C_IRQHandler                                  
00005613  Reset_Handler                                     
00005f74  SHT$$INIT_ARRAY$$Base                             
00005f78  SHT$$INIT_ARRAY$$Limit                            
00000b87  SPI_changeClockPhasePolarity                      
00000ae1  SPI_changeMasterClock                             
00000d39  SPI_clearInterruptFlag                            
00000cbb  SPI_disableInterrupt                              
00000c15  SPI_disableModule                                 
00000c95  SPI_enableInterrupt                               
00000bf9  SPI_enableModule                                  
00000d09  SPI_getEnabledInterruptStatus                     
00000ce1  SPI_getInterruptStatus                            
00000c31  SPI_getReceiveBufferAddressForDMA                 
00000c4d  SPI_getTransmitBufferAddressForDMA                
000009f5  SPI_initMaster                                    
00000b09  SPI_initSlave                                     
00000c79  SPI_isBusy                                        
00000bdd  SPI_receiveData                                   
00000d5f  SPI_registerInterrupt                             
00000abb  SPI_selectFourPinFunctionality                    
00000bb7  SPI_transmitData                                  
00000e1d  SPI_unregisterInterrupt                           
0000561f  SVC_Handler                                       
0000561f  SysTick_Handler                                   
20002580  SystemCoreClock                                   
00003f71  SystemCoreClockUpdate                             
000041e5  SystemInit                                        
000027a9  T32_INT1_IRQHandler                               
000027a9  T32_INT1_IRQHandler                               
0000561f  T32_INT2_IRQHandler                               
0000561f  T32_INTC_IRQHandler                               
0000561f  TA0_0_IRQHandler                                  
0000561f  TA0_N_IRQHandler                                  
0000561f  TA1_0_IRQHandler                                  
0000561f  TA1_N_IRQHandler                                  
0000561f  TA2_0_IRQHandler                                  
0000561f  TA2_N_IRQHandler                                  
0000561f  TA3_0_IRQHandler                                  
0000561f  TA3_N_IRQHandler                                  
0000561f  UsageFault_Handler                                
4000480c  WDTCTL_SYM                                        
0000561f  WDT_A_IRQHandler                                  
000028ed  _Z13setupButtonUpv                                
00002921  _Z15setupButtonDownv                              
00004b07  _Z21__default_new_handlerv                        
0000294f  _Z5Setupv                                         
00002841  _Z8setupADCv                                      
00005169  _ZN10__cxxabiv116__enum_type_infoD0Ev             
00005167  _ZN10__cxxabiv116__enum_type_infoD1Ev             
00005167  _ZN10__cxxabiv116__enum_type_infoD2Ev             
0000515f  _ZN10__cxxabiv117__array_type_infoD0Ev            
0000515d  _ZN10__cxxabiv117__array_type_infoD1Ev            
0000515d  _ZN10__cxxabiv117__array_type_infoD2Ev            
00005155  _ZN10__cxxabiv117__class_type_infoD0Ev            
00005153  _ZN10__cxxabiv117__class_type_infoD1Ev            
00005153  _ZN10__cxxabiv117__class_type_infoD2Ev            
0000514b  _ZN10__cxxabiv117__pbase_type_infoD0Ev            
00005149  _ZN10__cxxabiv117__pbase_type_infoD1Ev            
00005149  _ZN10__cxxabiv117__pbase_type_infoD2Ev            
00005141  _ZN10__cxxabiv119__pointer_type_infoD0Ev          
0000513f  _ZN10__cxxabiv119__pointer_type_infoD1Ev          
0000513f  _ZN10__cxxabiv119__pointer_type_infoD2Ev          
00005137  _ZN10__cxxabiv120__function_type_infoD0Ev         
00005135  _ZN10__cxxabiv120__function_type_infoD1Ev         
00005135  _ZN10__cxxabiv120__function_type_infoD2Ev         
0000512d  _ZN10__cxxabiv120__si_class_type_infoD0Ev         
0000512b  _ZN10__cxxabiv120__si_class_type_infoD1Ev         
0000512b  _ZN10__cxxabiv120__si_class_type_infoD2Ev         
00005123  _ZN10__cxxabiv121__vmi_class_type_infoD0Ev        
00005121  _ZN10__cxxabiv121__vmi_class_type_infoD1Ev        
00005121  _ZN10__cxxabiv121__vmi_class_type_infoD2Ev        
00005119  _ZN10__cxxabiv123__fundamental_type_infoD0Ev      
00005117  _ZN10__cxxabiv123__fundamental_type_infoD1Ev      
00005117  _ZN10__cxxabiv123__fundamental_type_infoD2Ev      
0000510f  _ZN10__cxxabiv129__pointer_to_member_type_infoD0Ev
0000510d  _ZN10__cxxabiv129__pointer_to_member_type_infoD1Ev
0000510d  _ZN10__cxxabiv129__pointer_to_member_type_infoD2Ev
00004811  _ZN4Ball12CheckLimitsXEv                          
00004851  _ZN4Ball12CheckLimitsYEv                          
000047e1  _ZN4Ball14ProcessMessageE3MSG                     
000046f3  _ZN4Ball3runEv                                    
00004621  _ZN4BallC1EibiiiiiiPiS0_                          
00004621  _ZN4BallC2EibiiiiiiPiS0_                          
000055ad  _ZN4Task11SendMessageEv                           
00005549  _ZN4Task14ProcessMessageE3MSG                     
00005209  _ZN4Task17GetTaskFinalCountEv                     
000051db  _ZN4Task17SetTaskFinalCountEy                     
000051f9  _ZN4Task19GetTaskCurrentCountEv                   
000051bd  _ZN4Task19SetTaskCurrentCountEy                   
00005197  _ZN4Task3runEv                                    
00005179  _ZN4TaskC1Ev                                      
00005179  _ZN4TaskC2Ev                                      
00004cc9  _ZN6Racket12CheckLimitsYEv                        
00004c2b  _ZN6Racket14ProcessMessageE3MSG                   
00004bd3  _ZN6Racket3runEv                                  
00004b09  _ZN6RacketC1EibiiiiiiPiS0_                        
00004b09  _ZN6RacketC2EibiiiiiiPiS0_                        
0000347f  _ZN6Screen11printFigureE13Figure_Change           
00003403  _ZN6Screen14ProcessMessageE3MSG                   
000036a5  _ZN6Screen14printPongScoreEv                      
0000362d  _ZN6Screen14printPongTableEv                      
000035a3  _ZN6Screen15getFigureChangeE3MSG                  
000036f9  _ZN6Screen15printPongWinnerEv                     
000033dd  _ZN6Screen3runEv                                  
0000337d  _ZN6ScreenC1Eib                                   
0000337d  _ZN6ScreenC2Eib                                   
00004eb3  _ZN9GameLogic14ProcessMessageE3MSG                
00004e8d  _ZN9GameLogic3runEv                               
00004e45  _ZN9GameLogicC1Eibi                               
00004e45  _ZN9GameLogicC2Eibi                               
00004fcd  _ZN9GamePiece13getDirectionXEv                    
00004fed  _ZN9GamePiece13getDirectionYEv                    
00004fbb  _ZN9GamePiece13setDirectionXEi                    
00004fdb  _ZN9GamePiece13setDirectionYEi                    
00004f6d  _ZN9GamePiece7getPosXEv                           
00004f8d  _ZN9GamePiece7getPosYEv                           
00004fad  _ZN9GamePiece7getSizeEv                           
00004f5b  _ZN9GamePiece7setPosXEi                           
00004f7b  _ZN9GamePiece7setPosYEi                           
00004f9b  _ZN9GamePiece7setSizeEi                           
00004f41  _ZN9GamePieceC1Ev                                 
00004f41  _ZN9GamePieceC2Ev                                 
00001cbb  _ZN9Scheduler13attachMessageE3MSG                 
00001ecb  _ZN9Scheduler14processMessageE3MSG                
00001d17  _ZN9Scheduler17clearMessageQueueEv                
00001e7d  _ZN9Scheduler18clearNextSchedulerEv               
00001b45  _ZN9Scheduler19ProcessMessageQueueEv              
00001a81  _ZN9Scheduler21CalculateNextScheduleEv            
00001f1f  _ZN9Scheduler22SortScheduleByPriorityEP4Task      
000019fd  _ZN9Scheduler3runEv                               
00001987  _ZN9Scheduler6attachEP4Task                       
000018e1  _ZN9SchedulerC1Ev                                 
000018e1  _ZN9SchedulerC2Ev                                 
000050cf  _ZNKSt9type_info4nameEv                           
000050ff  _ZNKSt9type_info6beforeERKS_                      
000050e9  _ZNKSt9type_infoeqERKS_                           
000050d3  _ZNKSt9type_infoneERKS_                           
000050c7  _ZNSt9type_infoD0Ev                               
000050c5  _ZNSt9type_infoD1Ev                               
000050c5  _ZNSt9type_infoD2Ev                               
20002100  _ZSt16__dummy_typeinfo                            
000050bd  _ZSt21__gen_dummy_typeinfosv                      
00005e54  _ZTI4Ball                                         
00005f1c  _ZTI4Task                                         
00005e60  _ZTI6Racket                                       
00005e6c  _ZTI6Screen                                       
00005e78  _ZTI9GameLogic                                    
00005e84  _ZTI9GamePiece                                    
00005e90  _ZTIN10__cxxabiv117__class_type_infoE             
00005e9c  _ZTIN10__cxxabiv117__pbase_type_infoE             
00005ea8  _ZTIN10__cxxabiv119__pointer_type_infoE           
00005eb4  _ZTIN10__cxxabiv120__si_class_type_infoE          
00005ec0  _ZTIN10__cxxabiv123__fundamental_type_infoE       
00005df4  _ZTIPKe                                           
00005f24  _ZTISt9type_info                                  
00005f2c  _ZTIe                                             
00005f64  _ZTS4Ball                                         
00005f6a  _ZTS4Task                                         
00005f34  _ZTS6Racket                                       
00005f3c  _ZTS6Screen                                       
00005ecc  _ZTS9GameLogic                                    
00005ed7  _ZTS9GamePiece                                    
00005b89  _ZTSN10__cxxabiv117__class_type_infoE             
00005bab  _ZTSN10__cxxabiv117__pbase_type_infoE             
00005b65  _ZTSN10__cxxabiv119__pointer_type_infoE           
00005b40  _ZTSN10__cxxabiv120__si_class_type_infoE          
00005af0  _ZTSN10__cxxabiv123__fundamental_type_infoE       
00005f70  _ZTSPKe                                           
00005e44  _ZTSSt9type_info                                  
00005bcd  _ZTSe                                             
00005d90  _ZTV4Ball                                         
00005da4  _ZTV4Task                                         
00005db8  _ZTV6Racket                                       
00005b18  _ZTV6Screen                                       
00005dcc  _ZTV9GameLogic                                    
00005de0  _ZTV9GamePiece                                    
00005e04  _ZTVN10__cxxabiv117__class_type_infoE             
00005e14  _ZTVN10__cxxabiv119__pointer_type_infoE           
00005e24  _ZTVN10__cxxabiv120__si_class_type_infoE          
00005e34  _ZTVN10__cxxabiv123__fundamental_type_infoE       
00005621  _ZdlPv                                            
0000557d  _Znwj                                             
20010000  __STACK_END                                       
00000200  __STACK_SIZE                                      
00000400  __SYSMEM_SIZE                                     
00005ffc  __TI_CINIT_Base                                   
00006014  __TI_CINIT_Limit                                  
00005ff4  __TI_Handler_Table_Base                           
00005ffc  __TI_Handler_Table_Limit                          
00005339  __TI_auto_init                                    
20002554  __TI_cleanup_ptr                                  
00005605  __TI_decompress_none                              
00005629  __TI_decompress_rle24                             
20002558  __TI_dtors_ptr                                    
2000255c  __TI_enable_exit_profile_output                   
ffffffff  __TI_pprof_out_hndl                               
ffffffff  __TI_prof_data_size                               
ffffffff  __TI_prof_data_start                              
00000000  __TI_static_base__                                
000052bd  __aeabi_memclr                                    
000052bd  __aeabi_memclr4                                   
000052bd  __aeabi_memclr8                                   
00005221  __aeabi_memcpy                                    
00005221  __aeabi_memcpy4                                   
00005221  __aeabi_memcpy8                                   
000052bf  __aeabi_memset                                    
000052bf  __aeabi_memset4                                   
000052bf  __aeabi_memset8                                   
ffffffff  __binit__                                         
ffffffff  __c_args__                                        
0000461f  __mpu_init                                        
2000fe00  __stack                                           
000029cd  __sti___8_main_cpp_05102ee7                       
000055d9  _args_main                                        
00005415  _c_int00                                          
2000256c  _lock                                             
2000257c  _new_handler                                      
000055ff  _nop                                              
000055f7  _register_lock                                    
000055f1  _register_unlock                                  
20002110  _sys_memory                                       
00005337  _system_post_cinit                                
0000562f  _system_pre_init                                  
20002570  _unlock                                           
200020fc  aDataFromADC                                      
20002574  aDataFromButton                                   
0000546d  abort                                             
ffffffff  binit                                             
00003f3d  calloc                                            
000054bd  copy_in                                           
20002548  counterDown                                       
2000254c  counterUp                                         
00005475  exit                                              
00003c8b  free                                              
20000000  g_pfnRAMVectors                                   
200020d8  g_sContext                                        
00005ac4  g_sCrystalfontz128x128                            
0000592c  g_sFontFixed6x8                                   
00000000  interruptVectors                                  
000025d3  main                                              
20002578  main_func_sp                                      
00003c23  malloc                                            
00003e59  memalign                                          
00005221  memcpy                                            
000052c5  memset                                            
00003b95  minit                                             
20002550  pDataToScreenB                                    
200020f4  positionDown                                      
200020f8  positionUp                                        
00003d4d  realloc                                           


GLOBAL SYMBOLS: SORTED BY Symbol Address 

address   name                                              
-------   ----                                              
00000000  __TI_static_base__                                
00000000  interruptVectors                                  
00000200  __STACK_SIZE                                      
0000024d  ADC14_enableModule                                
00000255  ADC14_disableModule                               
0000026b  ADC14_enableSampleTimer                           
00000295  ADC14_disableSampleTimer                          
000002ab  ADC14_initModule                                  
000002f1  ADC14_setResolution                               
0000030b  ADC14_getResolution                               
00000315  ADC14_setSampleHoldTrigger                        
00000357  ADC14_setSampleHoldTime                           
00000381  ADC14_configureMultiSequenceMode                  
00000400  __SYSMEM_SIZE                                     
00000417  ADC14_configureSingleSampleMode                   
0000046d  ADC14_enableConversion                            
0000048d  ADC14_toggleConversionTrigger                     
000004af  ADC14_disableConversion                           
000004bb  ADC14_isBusy                                      
000004d9  ADC14_configureConversionMemory                   
00000581  ADC14_enableComparatorWindow                      
00000611  ADC14_disableComparatorWindow                     
0000066f  ADC14_setComparatorWindowValue                    
000006f5  ADC14_setResultFormat                             
0000071f  ADC14_getResult                                   
00000739  ADC14_getMultiSequenceResult                      
000007a5  ADC14_getResultArray                              
00000819  ADC14_enableReferenceBurst                        
0000082f  ADC14_disableReferenceBurst                       
00000845  ADC14_setPowerMode                                
00000887  ADC14_enableInterrupt                             
000008b3  ADC14_disableInterrupt                            
000008df  ADC14_getInterruptStatus                          
00000909  ADC14_getEnabledInterruptStatus                   
00000939  ADC14_clearInterruptFlag                          
00000969  ADC14_registerInterrupt                           
0000097d  ADC14_unregisterInterrupt                         
000009f5  SPI_initMaster                                    
00000abb  SPI_selectFourPinFunctionality                    
00000ae1  SPI_changeMasterClock                             
00000b09  SPI_initSlave                                     
00000b87  SPI_changeClockPhasePolarity                      
00000bb7  SPI_transmitData                                  
00000bdd  SPI_receiveData                                   
00000bf9  SPI_enableModule                                  
00000c15  SPI_disableModule                                 
00000c31  SPI_getReceiveBufferAddressForDMA                 
00000c4d  SPI_getTransmitBufferAddressForDMA                
00000c79  SPI_isBusy                                        
00000c95  SPI_enableInterrupt                               
00000cbb  SPI_disableInterrupt                              
00000ce1  SPI_getInterruptStatus                            
00000d09  SPI_getEnabledInterruptStatus                     
00000d39  SPI_clearInterruptFlag                            
00000d5f  SPI_registerInterrupt                             
00000e1d  SPI_unregisterInterrupt                           
00000ec9  EUSCI_B_SPI_select4PinFunctionality               
00000ee9  EUSCI_B_SPI_masterChangeClock                     
00000f1b  EUSCI_B_SPI_slaveInit                             
00000f65  EUSCI_B_SPI_changeClockPhasePolarity              
00000fa7  EUSCI_B_SPI_transmitData                          
00000fbd  EUSCI_B_SPI_receiveData                           
00000fcd  EUSCI_B_SPI_enableInterrupt                       
00000fe7  EUSCI_B_SPI_disableInterrupt                      
00001001  EUSCI_B_SPI_getInterruptStatus                    
00001019  EUSCI_B_SPI_clearInterruptFlag                    
00001033  EUSCI_B_SPI_enable                                
00001049  EUSCI_B_SPI_disable                               
0000105f  EUSCI_B_SPI_getReceiveBufferAddressForDMA         
0000106d  EUSCI_B_SPI_getTransmitBufferAddressForDMA        
0000107b  EUSCI_B_SPI_isBusy                                
00001093  EUSCI_A_SPI_select4PinFunctionality               
000010b3  EUSCI_A_SPI_masterChangeClock                     
000010e9  EUSCI_A_SPI_slaveInit                             
00001133  EUSCI_A_SPI_changeClockPhasePolarity              
00001175  EUSCI_A_SPI_transmitData                          
0000118b  EUSCI_A_SPI_receiveData                           
0000119b  EUSCI_A_SPI_enableInterrupt                       
000011b5  EUSCI_A_SPI_disableInterrupt                      
000011cf  EUSCI_A_SPI_getInterruptStatus                    
000011e7  EUSCI_A_SPI_clearInterruptFlag                    
00001201  EUSCI_A_SPI_enable                                
00001217  EUSCI_A_SPI_disable                               
0000122d  EUSCI_A_SPI_getReceiveBufferAddressForDMA         
0000123b  EUSCI_A_SPI_getTransmitBufferAddressForDMA        
00001249  EUSCI_A_SPI_isBusy                                
00001269  Crystalfontz128x128_Init                          
0000137d  Crystalfontz128x128_SetDrawFrame                  
000014ab  Crystalfontz128x128_SetOrientation                
000018e1  _ZN9SchedulerC1Ev                                 
000018e1  _ZN9SchedulerC2Ev                                 
00001987  _ZN9Scheduler6attachEP4Task                       
000019fd  _ZN9Scheduler3runEv                               
00001a81  _ZN9Scheduler21CalculateNextScheduleEv            
00001b45  _ZN9Scheduler19ProcessMessageQueueEv              
00001cbb  _ZN9Scheduler13attachMessageE3MSG                 
00001d17  _ZN9Scheduler17clearMessageQueueEv                
00001e7d  _ZN9Scheduler18clearNextSchedulerEv               
00001ecb  _ZN9Scheduler14processMessageE3MSG                
00001f1f  _ZN9Scheduler22SortScheduleByPriorityEP4Task      
00001f79  Graphics_getStringWidth                           
00002073  Graphics_drawString                               
000024f1  Graphics_getStringBaseline                        
00002501  Graphics_drawStringCentered                       
00002549  Graphics_getStringHeight                          
00002559  Graphics_getStringMaxWidth                        
000025d3  main                                              
0000271d  BUTTON_DOWN_ISR                                   
00002763  BUTTON_UP_ISR                                     
000027a9  T32_INT1_IRQHandler                               
000027a9  T32_INT1_IRQHandler                               
000027c7  ADC14_IRQHandler                                  
000027c7  ADC14_IRQHandler                                  
00002841  _Z8setupADCv                                      
000028ed  _Z13setupButtonUpv                                
00002921  _Z15setupButtonDownv                              
0000294f  _Z5Setupv                                         
000029cd  __sti___8_main_cpp_05102ee7                       
00002a6d  Graphics_drawLineH                                
00002b09  Graphics_drawLineV                                
00002d89  Graphics_drawLine                                 
00002efd  GPIO_setAsOutputPin                               
00002f37  GPIO_setAsInputPin                                
00002f7d  GPIO_setAsPeripheralModuleFunctionOutputPin       
00003001  GPIO_setAsPeripheralModuleFunctionInputPin        
00003085  GPIO_setOutputHighOnPin                           
000030a7  GPIO_setOutputLowOnPin                            
000030c9  GPIO_toggleOutputOnPin                            
000030eb  GPIO_setAsInputPinWithPullDownResistor            
0000313d  GPIO_setAsInputPinWithPullUpResistor              
0000318f  GPIO_getInputPinValue                             
000031bd  GPIO_enableInterrupt                              
000031df  GPIO_disableInterrupt                             
00003201  GPIO_getInterruptStatus                           
0000321f  GPIO_clearInterruptFlag                           
00003241  GPIO_interruptEdgeSelect                          
00003277  GPIO_getEnabledInterruptStatus                    
000032f3  GPIO_setDriveStrengthHigh                         
00003315  GPIO_setDriveStrengthLow                          
00003337  GPIO_registerInterrupt                            
00003357  GPIO_unregisterInterrupt                          
0000337d  _ZN6ScreenC1Eib                                   
0000337d  _ZN6ScreenC2Eib                                   
000033dd  _ZN6Screen3runEv                                  
00003403  _ZN6Screen14ProcessMessageE3MSG                   
0000347f  _ZN6Screen11printFigureE13Figure_Change           
000035a3  _ZN6Screen15getFigureChangeE3MSG                  
0000362d  _ZN6Screen14printPongTableEv                      
000036a5  _ZN6Screen14printPongScoreEv                      
000036f9  _ZN6Screen15printPongWinnerEv                     
000037a7  Interrupt_enableMaster                            
000037b7  Interrupt_disableMaster                           
000037c7  Interrupt_registerInterrupt                       
00003819  Interrupt_unregisterInterrupt                     
0000382d  Interrupt_setPriorityGrouping                     
00003847  Interrupt_getPriorityGrouping                     
0000387f  Interrupt_setPriority                             
000038cf  Interrupt_getPriority                             
000038f5  Interrupt_enableInterrupt                         
00003967  Interrupt_disableInterrupt                        
000039d9  Interrupt_isEnabled                               
00003a65  Interrupt_pendInterrupt                           
00003ad5  Interrupt_unpendInterrupt                         
00003b23  Interrupt_setPriorityMask                         
00003b33  Interrupt_getPriorityMask                         
00003b3d  Interrupt_setVectorTableAddress                   
00003b4d  Interrupt_getVectorTableAddress                   
00003b53  Interrupt_enableSleepOnIsrExit                    
00003b65  Interrupt_disableSleepOnIsrExit                   
00003b95  minit                                             
00003c23  malloc                                            
00003c8b  free                                              
00003d4d  realloc                                           
00003e59  memalign                                          
00003f3d  calloc                                            
00003f71  SystemCoreClockUpdate                             
000041e5  SystemInit                                        
000042e1  Graphics_drawRectangle                            
00004383  Graphics_fillRectangle                            
00004495  Graphics_isRectangleOverlap                       
000044e7  Graphics_getRectangleIntersection                 
000045cd  Graphics_isPointWithinRectangle                   
0000461f  __mpu_init                                        
00004621  _ZN4BallC1EibiiiiiiPiS0_                          
00004621  _ZN4BallC2EibiiiiiiPiS0_                          
000046f3  _ZN4Ball3runEv                                    
000047e1  _ZN4Ball14ProcessMessageE3MSG                     
00004811  _ZN4Ball12CheckLimitsXEv                          
00004851  _ZN4Ball12CheckLimitsYEv                          
000048a1  Graphics_initContext                              
000048eb  Graphics_setClipRegion                            
000049b5  Graphics_setBackgroundColor                       
000049cf  Graphics_setBackgroundColorTranslated             
000049e5  Graphics_setFont                                  
000049ff  Graphics_getFontBaseline                          
00004a0d  Graphics_setForegroundColor                       
00004a23  Graphics_setForegroundColorTranslated             
00004a35  Graphics_getFontHeight                            
00004a43  Graphics_getFontMaxWidth                          
00004a51  Graphics_getDisplayWidth                          
00004a61  Graphics_getDisplayHeight                         
00004a71  Graphics_getHeightOfDisplay                       
00004a7f  Graphics_flushBuffer                              
00004a8d  Graphics_clearDisplay                             
00004a9f  Graphics_drawPixel                                
00004af9  Graphics_getWidthOfDisplay                        
00004b07  _Z21__default_new_handlerv                        
00004b09  _ZN6RacketC1EibiiiiiiPiS0_                        
00004b09  _ZN6RacketC2EibiiiiiiPiS0_                        
00004bd3  _ZN6Racket3runEv                                  
00004c2b  _ZN6Racket14ProcessMessageE3MSG                   
00004cc9  _ZN6Racket12CheckLimitsYEv                        
00004d11  Graphics_drawPixelOnDisplay                       
00004d3b  Graphics_drawMultiplePixelsOnDisplay              
00004d7f  Graphics_drawHorizontalLineOnDisplay              
00004db3  Graphics_drawVerticalLineOnDisplay                
00004de7  Graphics_fillRectangleOnDisplay                   
00004e05  Graphics_translateColorOnDisplay                  
00004e1b  Graphics_flushOnDisplay                           
00004e2d  Graphics_clearDisplayOnDisplay                    
00004e45  _ZN9GameLogicC1Eibi                               
00004e45  _ZN9GameLogicC2Eibi                               
00004e8d  _ZN9GameLogic3runEv                               
00004eb3  _ZN9GameLogic14ProcessMessageE3MSG                
00004f41  _ZN9GamePieceC1Ev                                 
00004f41  _ZN9GamePieceC2Ev                                 
00004f5b  _ZN9GamePiece7setPosXEi                           
00004f6d  _ZN9GamePiece7getPosXEv                           
00004f7b  _ZN9GamePiece7setPosYEi                           
00004f8d  _ZN9GamePiece7getPosYEv                           
00004f9b  _ZN9GamePiece7setSizeEi                           
00004fad  _ZN9GamePiece7getSizeEv                           
00004fbb  _ZN9GamePiece13setDirectionXEi                    
00004fcd  _ZN9GamePiece13getDirectionXEv                    
00004fdb  _ZN9GamePiece13setDirectionYEi                    
00004fed  _ZN9GamePiece13getDirectionYEv                    
00005001  HAL_LCD_PortInit                                  
00005031  HAL_LCD_SpiInit                                   
00005067  HAL_LCD_writeCommand                              
0000508f  HAL_LCD_writeData                                 
000050bd  _ZSt21__gen_dummy_typeinfosv                      
000050c5  _ZNSt9type_infoD1Ev                               
000050c5  _ZNSt9type_infoD2Ev                               
000050c7  _ZNSt9type_infoD0Ev                               
000050cf  _ZNKSt9type_info4nameEv                           
000050d3  _ZNKSt9type_infoneERKS_                           
000050e9  _ZNKSt9type_infoeqERKS_                           
000050ff  _ZNKSt9type_info6beforeERKS_                      
0000510d  _ZN10__cxxabiv129__pointer_to_member_type_infoD1Ev
0000510d  _ZN10__cxxabiv129__pointer_to_member_type_infoD2Ev
0000510f  _ZN10__cxxabiv129__pointer_to_member_type_infoD0Ev
00005117  _ZN10__cxxabiv123__fundamental_type_infoD1Ev      
00005117  _ZN10__cxxabiv123__fundamental_type_infoD2Ev      
00005119  _ZN10__cxxabiv123__fundamental_type_infoD0Ev      
00005121  _ZN10__cxxabiv121__vmi_class_type_infoD1Ev        
00005121  _ZN10__cxxabiv121__vmi_class_type_infoD2Ev        
00005123  _ZN10__cxxabiv121__vmi_class_type_infoD0Ev        
0000512b  _ZN10__cxxabiv120__si_class_type_infoD1Ev         
0000512b  _ZN10__cxxabiv120__si_class_type_infoD2Ev         
0000512d  _ZN10__cxxabiv120__si_class_type_infoD0Ev         
00005135  _ZN10__cxxabiv120__function_type_infoD1Ev         
00005135  _ZN10__cxxabiv120__function_type_infoD2Ev         
00005137  _ZN10__cxxabiv120__function_type_infoD0Ev         
0000513f  _ZN10__cxxabiv119__pointer_type_infoD1Ev          
0000513f  _ZN10__cxxabiv119__pointer_type_infoD2Ev          
00005141  _ZN10__cxxabiv119__pointer_type_infoD0Ev          
00005149  _ZN10__cxxabiv117__pbase_type_infoD1Ev            
00005149  _ZN10__cxxabiv117__pbase_type_infoD2Ev            
0000514b  _ZN10__cxxabiv117__pbase_type_infoD0Ev            
00005153  _ZN10__cxxabiv117__class_type_infoD1Ev            
00005153  _ZN10__cxxabiv117__class_type_infoD2Ev            
00005155  _ZN10__cxxabiv117__class_type_infoD0Ev            
0000515d  _ZN10__cxxabiv117__array_type_infoD1Ev            
0000515d  _ZN10__cxxabiv117__array_type_infoD2Ev            
0000515f  _ZN10__cxxabiv117__array_type_infoD0Ev            
00005167  _ZN10__cxxabiv116__enum_type_infoD1Ev             
00005167  _ZN10__cxxabiv116__enum_type_infoD2Ev             
00005169  _ZN10__cxxabiv116__enum_type_infoD0Ev             
00005179  _ZN4TaskC1Ev                                      
00005179  _ZN4TaskC2Ev                                      
00005197  _ZN4Task3runEv                                    
000051bd  _ZN4Task19SetTaskCurrentCountEy                   
000051db  _ZN4Task17SetTaskFinalCountEy                     
000051f9  _ZN4Task19GetTaskCurrentCountEv                   
00005209  _ZN4Task17GetTaskFinalCountEv                     
00005221  __aeabi_memcpy                                    
00005221  __aeabi_memcpy4                                   
00005221  __aeabi_memcpy8                                   
00005221  memcpy                                            
000052bd  __aeabi_memclr                                    
000052bd  __aeabi_memclr4                                   
000052bd  __aeabi_memclr8                                   
000052bf  __aeabi_memset                                    
000052bf  __aeabi_memset4                                   
000052bf  __aeabi_memset8                                   
000052c5  memset                                            
00005337  _system_post_cinit                                
00005339  __TI_auto_init                                    
00005415  _c_int00                                          
00005469  C$$EXIT                                           
0000546d  abort                                             
00005475  exit                                              
000054bd  copy_in                                           
00005509  CPU_cpsid                                         
00005515  CPU_primask                                       
0000551f  CPU_cpsie                                         
0000552b  CPU_wfi                                           
0000552f  CPU_basepriSet                                    
0000553d  CPU_basepriGet                                    
00005549  _ZN4Task14ProcessMessageE3MSG                     
0000557d  _Znwj                                             
000055ad  _ZN4Task11SendMessageEv                           
000055d9  _args_main                                        
000055f1  _register_unlock                                  
000055f7  _register_lock                                    
000055ff  _nop                                              
00005605  __TI_decompress_none                              
00005613  Reset_Handler                                     
0000561f  AES256_IRQHandler                                 
0000561f  BusFault_Handler                                  
0000561f  COMP_E0_IRQHandler                                
0000561f  COMP_E1_IRQHandler                                
0000561f  CS_IRQHandler                                     
0000561f  DMA_ERR_IRQHandler                                
0000561f  DMA_INT0_IRQHandler                               
0000561f  DMA_INT1_IRQHandler                               
0000561f  DMA_INT2_IRQHandler                               
0000561f  DMA_INT3_IRQHandler                               
0000561f  DebugMon_Handler                                  
0000561f  Default_Handler                                   
0000561f  EUSCIA0_IRQHandler                                
0000561f  EUSCIA1_IRQHandler                                
0000561f  EUSCIA2_IRQHandler                                
0000561f  EUSCIA3_IRQHandler                                
0000561f  EUSCIB0_IRQHandler                                
0000561f  EUSCIB1_IRQHandler                                
0000561f  EUSCIB2_IRQHandler                                
0000561f  EUSCIB3_IRQHandler                                
0000561f  FLCTL_IRQHandler                                  
0000561f  FPU_IRQHandler                                    
0000561f  HardFault_Handler                                 
0000561f  MemManage_Handler                                 
0000561f  NMI_Handler                                       
0000561f  PCM_IRQHandler                                    
0000561f  PORT1_IRQHandler                                  
0000561f  PORT2_IRQHandler                                  
0000561f  PORT3_IRQHandler                                  
0000561f  PORT4_IRQHandler                                  
0000561f  PORT5_IRQHandler                                  
0000561f  PORT6_IRQHandler                                  
0000561f  PSS_IRQHandler                                    
0000561f  PendSV_Handler                                    
0000561f  RTC_C_IRQHandler                                  
0000561f  SVC_Handler                                       
0000561f  SysTick_Handler                                   
0000561f  T32_INT2_IRQHandler                               
0000561f  T32_INTC_IRQHandler                               
0000561f  TA0_0_IRQHandler                                  
0000561f  TA0_N_IRQHandler                                  
0000561f  TA1_0_IRQHandler                                  
0000561f  TA1_N_IRQHandler                                  
0000561f  TA2_0_IRQHandler                                  
0000561f  TA2_N_IRQHandler                                  
0000561f  TA3_0_IRQHandler                                  
0000561f  TA3_N_IRQHandler                                  
0000561f  UsageFault_Handler                                
0000561f  WDT_A_IRQHandler                                  
00005621  _ZdlPv                                            
00005629  __TI_decompress_rle24                             
0000562f  _system_pre_init                                  
0000592c  g_sFontFixed6x8                                   
00005ac4  g_sCrystalfontz128x128                            
00005af0  _ZTSN10__cxxabiv123__fundamental_type_infoE       
00005b18  _ZTV6Screen                                       
00005b40  _ZTSN10__cxxabiv120__si_class_type_infoE          
00005b65  _ZTSN10__cxxabiv119__pointer_type_infoE           
00005b89  _ZTSN10__cxxabiv117__class_type_infoE             
00005bab  _ZTSN10__cxxabiv117__pbase_type_infoE             
00005bcd  _ZTSe                                             
00005d90  _ZTV4Ball                                         
00005da4  _ZTV4Task                                         
00005db8  _ZTV6Racket                                       
00005dcc  _ZTV9GameLogic                                    
00005de0  _ZTV9GamePiece                                    
00005df4  _ZTIPKe                                           
00005e04  _ZTVN10__cxxabiv117__class_type_infoE             
00005e14  _ZTVN10__cxxabiv119__pointer_type_infoE           
00005e24  _ZTVN10__cxxabiv120__si_class_type_infoE          
00005e34  _ZTVN10__cxxabiv123__fundamental_type_infoE       
00005e44  _ZTSSt9type_info                                  
00005e54  _ZTI4Ball                                         
00005e60  _ZTI6Racket                                       
00005e6c  _ZTI6Screen                                       
00005e78  _ZTI9GameLogic                                    
00005e84  _ZTI9GamePiece                                    
00005e90  _ZTIN10__cxxabiv117__class_type_infoE             
00005e9c  _ZTIN10__cxxabiv117__pbase_type_infoE             
00005ea8  _ZTIN10__cxxabiv119__pointer_type_infoE           
00005eb4  _ZTIN10__cxxabiv120__si_class_type_infoE          
00005ec0  _ZTIN10__cxxabiv123__fundamental_type_infoE       
00005ecc  _ZTS9GameLogic                                    
00005ed7  _ZTS9GamePiece                                    
00005f1c  _ZTI4Task                                         
00005f24  _ZTISt9type_info                                  
00005f2c  _ZTIe                                             
00005f34  _ZTS6Racket                                       
00005f3c  _ZTS6Screen                                       
00005f64  _ZTS4Ball                                         
00005f6a  _ZTS4Task                                         
00005f70  _ZTSPKe                                           
00005f74  SHT$$INIT_ARRAY$$Base                             
00005f78  SHT$$INIT_ARRAY$$Limit                            
00005ff4  __TI_Handler_Table_Base                           
00005ffc  __TI_CINIT_Base                                   
00005ffc  __TI_Handler_Table_Limit                          
00006014  __TI_CINIT_Limit                                  
20000000  g_pfnRAMVectors                                   
200000e8  MainScheduler                                     
200020d8  g_sContext                                        
200020f4  positionDown                                      
200020f8  positionUp                                        
200020fc  aDataFromADC                                      
20002100  _ZSt16__dummy_typeinfo                            
20002104  Lcd_ScreenHeigth                                  
20002106  Lcd_ScreenWidth                                   
20002108  Lcd_TouchTrim                                     
2000210a  Lcd_FlagRead                                      
2000210b  Lcd_FontSolid                                     
2000210c  Lcd_Orientation                                   
2000210d  Lcd_PenSolid                                      
20002110  _sys_memory                                       
20002548  counterDown                                       
2000254c  counterUp                                         
20002550  pDataToScreenB                                    
20002554  __TI_cleanup_ptr                                  
20002558  __TI_dtors_ptr                                    
2000255c  __TI_enable_exit_profile_output                   
2000256c  _lock                                             
20002570  _unlock                                           
20002574  aDataFromButton                                   
20002578  main_func_sp                                      
2000257c  _new_handler                                      
20002580  SystemCoreClock                                   
2000fe00  __stack                                           
20010000  __STACK_END                                       
4000480c  WDTCTL_SYM                                        
ffffffff  __TI_pprof_out_hndl                               
ffffffff  __TI_prof_data_size                               
ffffffff  __TI_prof_data_start                              
ffffffff  __binit__                                         
ffffffff  __c_args__                                        
ffffffff  binit                                             

[452 symbols]
