******************************************************************************
                  TI ARM Linker Unix v15.12.3                  
******************************************************************************
>> Linked Sat Dec 10 22:51:19 2016

OUTPUT FILE NAME:   <finalProject.out>
ENTRY POINT SYMBOL: "_c_int00"  address: 00005311


MEMORY CONFIGURATION

         name            origin    length      used     unused   attr    fill
----------------------  --------  ---------  --------  --------  ----  --------
  MAIN                  00000000   00040000  00005e24  0003a1dc  R  X
  INFO                  00200000   00004000  00000000  00004000  R  X
  SRAM_CODE             01000000   00010000  0000277e  0000d882  RW X
  SRAM_DATA             20000000   00010000  0000277e  0000d882  RW  


SEGMENT ALLOCATION MAP

run origin  load origin   length   init length attrs members
----------  ----------- ---------- ----------- ----- -------
00000000    00000000    00005e2c   00005e2c    r-x
  00000000    00000000    000000e4   000000e4    r-- .intvecs
  000000e4    000000e4    00005466   00005466    r-x .text
  0000554c    0000554c    0000083a   0000083a    r-- .const
  00005d88    00005d88    00000004   00000004    r-- .init_array
  00005d90    00005d90    0000009c   0000009c    r-- .cinit
20000000    20000000    00002584   00000000    rw-
  20000000    20000000    000000e4   00000000    rw- .vtable
  200000e8    200000e8    00002026   00000000    rw- .bss
  20002110    20002110    00000400   00000000    rw- .sysmem
  20002510    20002510    00000074   00000000    rw- .data
2000fe00    2000fe00    00000200   00000000    rw-
  2000fe00    2000fe00    00000200   00000000    rw- .stack


SECTION ALLOCATION MAP

 output                                  attributes/
section   page    origin      length       input sections
--------  ----  ----------  ----------   ----------------
.intvecs   0    00000000    000000e4     
                  00000000    000000e4     startup_msp432p401r_ccs.obj (.intvecs:retain)

.binit     0    00000000    00000000     

.text      0    000000e4    00005466     
                  000000e4    000008e0     adc14.obj (.text)
                  000009c4    000008a4     spi.obj (.text)
                  00001268    00000678     Crystalfontz128x128_ST7735.obj (.text)
                  000018e0    00000658     Scheduler.obj (.text)
                  00001f38    00000630     string.obj (.text)
                  00002568    00000490     line.obj (.text)
                  000029f8    00000480     gpio.obj (.text)
                  00002e78    0000043c     Screen.obj (.text)
                  000032b4    00000400     main.obj (.text)
                  000036b4    000003f0     interrupt.obj (.text)
                  00003aa4    000003dc     rtsv7M4_T_le_v4SPD16_eabi.lib : memory.obj (.text)
                  00003e80    00000370     system_msp432p401r.obj (.text)
                  000041f0    0000033e     rectangle.obj (.text)
                  0000452e    00000002     rtsv7M4_T_le_v4SPD16_eabi.lib : mpu_init.obj (.text)
                  00004530    00000318     GameLogic.obj (.text)
                  00004848    00000266     context.obj (.text)
                  00004aae    00000134     display.obj (.text)
                  00004be2    0000012c     Ball.obj (.text)
                  00004d0e    0000010c     GamePiece.obj (.text)
                  00004e1a    000000e0     Racket.obj (.text)
                  00004efa    00000002     rtsv7M4_T_le_v4SPD16_eabi.lib : newhandler.obj (.text)
                  00004efc    000000bc     HAL_MSP_EXP432P401R_Crystalfontz128x128_ST7735.obj (.text)
                  00004fb8    000000bc     rtsv7M4_T_le_v4SPD16_eabi.lib : typeinfo_.obj (.text)
                  00005074    000000a8     Task.obj (.text)
                  0000511c    0000009c     rtsv7M4_T_le_v4SPD16_eabi.lib : memcpy_t2.obj (.text)
                  000051b8    0000007a                                   : memset_t2.obj (.text)
                  00005232    00000002                                   : startup.obj (.text)
                  00005234    00000070                                   : autoinit.obj (.text)
                  000052a4    0000006a                                   : copy_decompress_rle.obj (.text)
                  0000530e    00000002     --HOLE-- [fill = 0]
                  00005310    00000054                                   : boot.obj (.text)
                  00005364    00000054                                   : exit.obj (.text)
                  000053b8    0000004c                                   : cpy_tbl.obj (.text)
                  00005404    0000003e     cpu.obj (.text)
                  00005442    00000002     --HOLE-- [fill = 0]
                  00005444    00000034     LED.obj (.text:_ZN4Task14ProcessMessageE3MSG)
                  00005478    00000030     rtsv7M4_T_le_v4SPD16_eabi.lib : new_.obj (.text)
                  000054a8    0000002c     GameLogic.obj (.text:_ZN4Task11SendMessageEv)
                  000054d4    00000018     rtsv7M4_T_le_v4SPD16_eabi.lib : args_main.obj (.text)
                  000054ec    00000014                                   : _lock.obj (.text)
                  00005500    0000000e     GameLogic.obj (.text:_ZN4BallC1Ev)
                  0000550e    0000000e     GameLogic.obj (.text:_ZN6RacketC1Ev)
                  0000551c    0000000e     rtsv7M4_T_le_v4SPD16_eabi.lib : copy_decompress_none.obj (.text:decompress:none)
                  0000552a    0000000e     startup_msp432p401r_ccs.obj (.text)
                  00005538    00000008     rtsv7M4_T_le_v4SPD16_eabi.lib : delete.obj (.text)
                  00005540    00000006                                   : copy_decompress_rle.obj (.text:decompress:rle24)
                  00005546    00000004                                   : pre_init.obj (.text)

.const     0    0000554c    0000083a     
                  0000554c    000002f8     fontfixed6x8.obj (.const:.string:g_pucFontFixed6x8Data)
                  00005844    000000c8     fontfixed6x8.obj (.const:g_sFontFixed6x8)
                  0000590c    00000080     adc14.obj (.const:_ctlRegs)
                  0000598c    00000050     interrupt.obj (.const:g_pulRegs)
                  000059dc    0000002c     Crystalfontz128x128_ST7735.obj (.const:g_sCrystalfontz128x128)
                  00005a08    00000028     rtsv7M4_T_le_v4SPD16_eabi.lib : typeinfo_.obj (.const:.typeinfo:_ZTSN10__cxxabiv123__fundamental_type_infoE)
                  00005a30    00000025                                   : typeinfo_.obj (.const:.typeinfo:_ZTSN10__cxxabiv120__si_class_type_infoE)
                  00005a55    00000024                                   : typeinfo_.obj (.const:.typeinfo:_ZTSN10__cxxabiv119__pointer_type_infoE)
                  00005a79    00000022                                   : typeinfo_.obj (.const:.typeinfo:_ZTSN10__cxxabiv117__class_type_infoE)
                  00005a9b    00000022                                   : typeinfo_.obj (.const:.typeinfo:_ZTSN10__cxxabiv117__pbase_type_infoE)
                  00005abd    00000002                                   : typeinfo_.obj (.const:.typeinfo:_ZTSe)
                  00005abf    00000001     --HOLE-- [fill = 0]
                  00005ac0    00000020     interrupt.obj (.const:g_pulPriority)
                  00005ae0    0000001c     HAL_MSP_EXP432P401R_Crystalfontz128x128_ST7735.obj (.const:$P$T0$1)
                  00005afc    0000001c     gpio.obj (.const:GPIO_PORT_TO_INT)
                  00005b18    00000014     GameLogic.obj (.const:$P$T40$1)
                  00005b2c    00000014     LED.obj (.const:$P$T40$1)
                  00005b40    00000014     Scheduler.obj (.const:$P$T40$1)
                  00005b54    00000014     main.obj (.const:$P$T40$1)
                  00005b68    00000014     Scheduler.obj (.const:$P$T41$2)
                  00005b7c    00000014     main.obj (.const:$P$T41$2)
                  00005b90    00000014     Task.obj (.const:$P$T42$3)
                  00005ba4    00000014     main.obj (.const:$P$T42$3)
                  00005bb8    00000014     Screen.obj (.const:$P$T43$2)
                  00005bcc    00000014     Screen.obj (.const:$P$T44$3)
                  00005be0    00000014     GameLogic.obj (.const:$P$T52$8)
                  00005bf4    00000014     GameLogic.obj (.const:$P$T53$9)
                  00005c08    00000014     Task.obj (.const:_ZTV4Task)
                  00005c1c    00000014     Screen.obj (.const:_ZTV6Screen)
                  00005c30    00000014     GameLogic.obj (.const:_ZTV9GameLogic)
                  00005c44    00000010     rtsv7M4_T_le_v4SPD16_eabi.lib : typeinfo_.obj (.const:.typeinfo:_ZTIPKe)
                  00005c54    00000010                                   : typeinfo_.obj (.const:_ZTVN10__cxxabiv117__class_type_infoE)
                  00005c64    00000010                                   : typeinfo_.obj (.const:_ZTVN10__cxxabiv119__pointer_type_infoE)
                  00005c74    00000010                                   : typeinfo_.obj (.const:_ZTVN10__cxxabiv120__si_class_type_infoE)
                  00005c84    00000010                                   : typeinfo_.obj (.const:_ZTVN10__cxxabiv123__fundamental_type_infoE)
                  00005c94    0000000d                                   : typeinfo_.obj (.const:.typeinfo:_ZTSSt9type_info)
                  00005ca1    00000003     --HOLE-- [fill = 0]
                  00005ca4    0000000c     Screen.obj (.const:.typeinfo:_ZTI6Screen)
                  00005cb0    0000000c     GameLogic.obj (.const:.typeinfo:_ZTI9GameLogic)
                  00005cbc    0000000c     rtsv7M4_T_le_v4SPD16_eabi.lib : typeinfo_.obj (.const:.typeinfo:_ZTIN10__cxxabiv117__class_type_infoE)
                  00005cc8    0000000c                                   : typeinfo_.obj (.const:.typeinfo:_ZTIN10__cxxabiv117__pbase_type_infoE)
                  00005cd4    0000000c                                   : typeinfo_.obj (.const:.typeinfo:_ZTIN10__cxxabiv119__pointer_type_infoE)
                  00005ce0    0000000c                                   : typeinfo_.obj (.const:.typeinfo:_ZTIN10__cxxabiv120__si_class_type_infoE)
                  00005cec    0000000c                                   : typeinfo_.obj (.const:.typeinfo:_ZTIN10__cxxabiv123__fundamental_type_infoE)
                  00005cf8    0000000b     GameLogic.obj (.const:.typeinfo:_ZTS9GameLogic)
                  00005d03    00000001     --HOLE-- [fill = 0]
                  00005d04    00000008     Crystalfontz128x128_ST7735.obj (.const:$P$T0$1)
                  00005d0c    00000008     GameLogic.obj (.const:$P$T43$2)
                  00005d14    00000008     GameLogic.obj (.const:$P$T44$3)
                  00005d1c    00000008     GameLogic.obj (.const:$P$T45$4)
                  00005d24    00000008     GameLogic.obj (.const:$P$T46$5)
                  00005d2c    00000008     GameLogic.obj (.const:$P$T47$6)
                  00005d34    00000008     GameLogic.obj (.const:$P$T48$7)
                  00005d3c    00000008     Task.obj (.const:.typeinfo:_ZTI4Task)
                  00005d44    00000008     rtsv7M4_T_le_v4SPD16_eabi.lib : typeinfo_.obj (.const:.typeinfo:_ZTISt9type_info)
                  00005d4c    00000008                                   : typeinfo_.obj (.const:.typeinfo:_ZTIe)
                  00005d54    00000008     Screen.obj (.const:.typeinfo:_ZTS6Screen)
                  00005d5c    00000008     interrupt.obj (.const:g_pulDisRegs)
                  00005d64    00000008     interrupt.obj (.const:g_pulEnRegs)
                  00005d6c    00000008     interrupt.obj (.const:g_pulPendRegs)
                  00005d74    00000008     interrupt.obj (.const:g_pulUnpendRegs)
                  00005d7c    00000006     Task.obj (.const:.typeinfo:_ZTS4Task)
                  00005d82    00000004     rtsv7M4_T_le_v4SPD16_eabi.lib : typeinfo_.obj (.const:.typeinfo:_ZTSPKe)

.cinit     0    00005d90    0000009c     
                  00005d90    00000059     (.cinit..data.load) [load image, compression = rle]
                  00005de9    00000007     --HOLE-- [fill = 0]
                  00005df0    0000000b     (.cinit..bss.load) [load image, compression = rle]
                  00005dfb    00000005     --HOLE-- [fill = 0]
                  00005e00    00000009     (.cinit..vtable.load) [load image, compression = rle]
                  00005e09    00000003     --HOLE-- [fill = 0]
                  00005e0c    00000008     (__TI_handler_table)
                  00005e14    00000018     (__TI_cinit_table)

.init_array 
*          0    00005d88    00000004     
                  00005d88    00000004     main.obj (.init_array)

.vtable    0    20000000    000000e4     UNINITIALIZED
                  20000000    000000e4     interrupt.obj (.vtable)

.bss       0    200000e8    00002026     UNINITIALIZED
                  200000e8    00001ff0     main.obj (.bss:MainScheduler)
                  200020d8    0000001c     (.common:g_sContext)
                  200020f4    0000000c     main.obj (.bss)
                  20002100    00000004     (.common:_ZSt16__dummy_typeinfo)
                  20002104    00000002     (.common:Lcd_ScreenHeigth)
                  20002106    00000002     (.common:Lcd_ScreenWidth)
                  20002108    00000002     (.common:Lcd_TouchTrim)
                  2000210a    00000001     (.common:Lcd_FlagRead)
                  2000210b    00000001     (.common:Lcd_FontSolid)
                  2000210c    00000001     (.common:Lcd_Orientation)
                  2000210d    00000001     (.common:Lcd_PenSolid)

.sysmem    0    20002110    00000400     UNINITIALIZED
                  20002110    00000008     rtsv7M4_T_le_v4SPD16_eabi.lib : memory.obj (.sysmem)
                  20002118    000003f8     --HOLE--

.data      0    20002510    00000074     UNINITIALIZED
                  20002510    00000030     gpio.obj (.data:GPIO_PORT_TO_BASE)
                  20002540    00000014     main.obj (.data)
                  20002554    0000000c     rtsv7M4_T_le_v4SPD16_eabi.lib : exit.obj (.data:$O1$$)
                  20002560    0000000c                                   : memory.obj (.data:$O1$$)
                  2000256c    00000008                                   : _lock.obj (.data:$O1$$)
                  20002574    00000004     main.obj (.data:aDataFromButton)
                  20002578    00000004     rtsv7M4_T_le_v4SPD16_eabi.lib : stkdepth_vars.obj (.data)
                  2000257c    00000004                                   : vars.obj (.data)
                  20002580    00000004     system_msp432p401r.obj (.data)

.stack     0    2000fe00    00000200     UNINITIALIZED
                  2000fe00    00000200     --HOLE--

MODULE SUMMARY

       Module                                               code    ro data   rw data
       ------                                               ----    -------   -------
    ./
       main.obj                                             1024    64        16424  
       Scheduler.obj                                        1624    40        0      
       Screen.obj                                           1084    80        56     
       GameLogic.obj                                        864     151       0      
       system_msp432p401r.obj                               880     0         8      
       Ball.obj                                             300     0         0      
       GamePiece.obj                                        268     0         0      
       startup_msp432p401r_ccs.obj                          14      228       0      
       Racket.obj                                           224     0         0      
       Task.obj                                             168     54        0      
       LED.obj                                              52      20        0      
    +--+----------------------------------------------------+-------+---------+---------+
       Total:                                               6502    637       16488  
                                                                                     
    ./GrLib/fonts/
       fontfixed6x8.obj                                     0       960       0      
    +--+----------------------------------------------------+-------+---------+---------+
       Total:                                               0       960       0      
                                                                                     
    ./GrLib/grlib/
       string.obj                                           1584    0         0      
       line.obj                                             1168    0         0      
       rectangle.obj                                        830     0         0      
       context.obj                                          614     0         0      
       display.obj                                          308     0         0      
    +--+----------------------------------------------------+-------+---------+---------+
       Total:                                               4504    0         0      
                                                                                     
    ./LcdDriver/
       Crystalfontz128x128_ST7735.obj                       1656    52        20     
       HAL_MSP_EXP432P401R_Crystalfontz128x128_ST7735.obj   188     28        0      
    +--+----------------------------------------------------+-------+---------+---------+
       Total:                                               1844    80        20     
                                                                                     
    ./driverlib/MSP432P4xx/
       adc14.obj                                            2272    128       0      
       spi.obj                                              2212    0         0      
       interrupt.obj                                        1008    144       456    
       gpio.obj                                             1152    28        96     
       cpu.obj                                              62      0         0      
    +--+----------------------------------------------------+-------+---------+---------+
       Total:                                               6706    300       552    
                                                                                     
    /home/aglt93/ti/ccsv6/tools/compiler/arm_15.12.3.LTS/lib/rtsv7M4_T_le_v4SPD16_eabi.lib
       memory.obj                                           988     0         24     
       typeinfo_.obj                                        188     356       8      
       memcpy_t2.obj                                        156     0         0      
       memset_t2.obj                                        122     0         0      
       autoinit.obj                                         112     0         0      
       copy_decompress_rle.obj                              112     0         0      
       exit.obj                                             84      0         24     
       boot.obj                                             84      0         0      
       cpy_tbl.obj                                          76      0         0      
       new_.obj                                             48      0         0      
       _lock.obj                                            20      0         16     
       args_main.obj                                        24      0         0      
       copy_decompress_none.obj                             14      0         0      
       delete.obj                                           8       0         0      
       stkdepth_vars.obj                                    0       0         8      
       vars.obj                                             0       0         8      
       pre_init.obj                                         4       0         0      
       mpu_init.obj                                         2       0         0      
       newhandler.obj                                       2       0         0      
       startup.obj                                          2       0         0      
    +--+----------------------------------------------------+-------+---------+---------+
       Total:                                               2046    356       88     
                                                                                     
       Heap:                                                0       0         2048   
       Stack:                                               0       0         1024   
       Linker Generated:                                    0       141       0      
    +--+----------------------------------------------------+-------+---------+---------+
       Grand Total:                                         21602   2474      20220  


LINKER GENERATED COPY TABLES

__TI_cinit_table @ 00005e14 records: 3, size/record: 8, table size: 24
	.data: load addr=00005d90, load size=00000059 bytes, run addr=20002510, run size=00000074 bytes, compression=rle
	.bss: load addr=00005df0, load size=0000000b bytes, run addr=200000e8, run size=00002026 bytes, compression=rle
	.vtable: load addr=00005e00, load size=00000009 bytes, run addr=20000000, run size=000000e4 bytes, compression=rle


LINKER GENERATED HANDLER TABLE

__TI_handler_table @ 00005e0c records: 2, size/record: 4, table size: 8
	index: 0, handler: __TI_decompress_rle24
	index: 1, handler: __TI_decompress_none


GLOBAL SYMBOLS: SORTED ALPHABETICALLY BY Name 

address   name                                              
-------   ----                                              
0000342f  ADC14_IRQHandler                                  
0000342f  ADC14_IRQHandler                                  
00000939  ADC14_clearInterruptFlag                          
000004d9  ADC14_configureConversionMemory                   
00000381  ADC14_configureMultiSequenceMode                  
00000417  ADC14_configureSingleSampleMode                   
00000611  ADC14_disableComparatorWindow                     
000004af  ADC14_disableConversion                           
000008b3  ADC14_disableInterrupt                            
00000255  ADC14_disableModule                               
0000082f  ADC14_disableReferenceBurst                       
00000295  ADC14_disableSampleTimer                          
00000581  ADC14_enableComparatorWindow                      
0000046d  ADC14_enableConversion                            
00000887  ADC14_enableInterrupt                             
0000024d  ADC14_enableModule                                
00000819  ADC14_enableReferenceBurst                        
0000026b  ADC14_enableSampleTimer                           
00000909  ADC14_getEnabledInterruptStatus                   
000008df  ADC14_getInterruptStatus                          
00000739  ADC14_getMultiSequenceResult                      
0000030b  ADC14_getResolution                               
0000071f  ADC14_getResult                                   
000007a5  ADC14_getResultArray                              
000002ab  ADC14_initModule                                  
000004bb  ADC14_isBusy                                      
00000969  ADC14_registerInterrupt                           
0000066f  ADC14_setComparatorWindowValue                    
00000845  ADC14_setPowerMode                                
000002f1  ADC14_setResolution                               
000006f5  ADC14_setResultFormat                             
00000357  ADC14_setSampleHoldTime                           
00000315  ADC14_setSampleHoldTrigger                        
0000048d  ADC14_toggleConversionTrigger                     
0000097d  ADC14_unregisterInterrupt                         
00005537  AES256_IRQHandler                                 
00003385  BUTTON_DOWN_ISR                                   
000033cb  BUTTON_UP_ISR                                     
00005537  BusFault_Handler                                  
00005365  C$$EXIT                                           
00005537  COMP_E0_IRQHandler                                
00005537  COMP_E1_IRQHandler                                
00005439  CPU_basepriGet                                    
0000542b  CPU_basepriSet                                    
00005405  CPU_cpsid                                         
0000541b  CPU_cpsie                                         
00005411  CPU_primask                                       
00005427  CPU_wfi                                           
00005537  CS_IRQHandler                                     
00001269  Crystalfontz128x128_Init                          
0000137d  Crystalfontz128x128_SetDrawFrame                  
000014ab  Crystalfontz128x128_SetOrientation                
00005537  DMA_ERR_IRQHandler                                
00005537  DMA_INT0_IRQHandler                               
00005537  DMA_INT1_IRQHandler                               
00005537  DMA_INT2_IRQHandler                               
00005537  DMA_INT3_IRQHandler                               
00005537  DebugMon_Handler                                  
00005537  Default_Handler                                   
00005537  EUSCIA0_IRQHandler                                
00005537  EUSCIA1_IRQHandler                                
00005537  EUSCIA2_IRQHandler                                
00005537  EUSCIA3_IRQHandler                                
00005537  EUSCIB0_IRQHandler                                
00005537  EUSCIB1_IRQHandler                                
00005537  EUSCIB2_IRQHandler                                
00005537  EUSCIB3_IRQHandler                                
00001133  EUSCI_A_SPI_changeClockPhasePolarity              
000011e7  EUSCI_A_SPI_clearInterruptFlag                    
00001217  EUSCI_A_SPI_disable                               
000011b5  EUSCI_A_SPI_disableInterrupt                      
00001201  EUSCI_A_SPI_enable                                
0000119b  EUSCI_A_SPI_enableInterrupt                       
000011cf  EUSCI_A_SPI_getInterruptStatus                    
0000122d  EUSCI_A_SPI_getReceiveBufferAddressForDMA         
0000123b  EUSCI_A_SPI_getTransmitBufferAddressForDMA        
00001249  EUSCI_A_SPI_isBusy                                
000010b3  EUSCI_A_SPI_masterChangeClock                     
0000118b  EUSCI_A_SPI_receiveData                           
00001093  EUSCI_A_SPI_select4PinFunctionality               
000010e9  EUSCI_A_SPI_slaveInit                             
00001175  EUSCI_A_SPI_transmitData                          
00000f65  EUSCI_B_SPI_changeClockPhasePolarity              
00001019  EUSCI_B_SPI_clearInterruptFlag                    
00001049  EUSCI_B_SPI_disable                               
00000fe7  EUSCI_B_SPI_disableInterrupt                      
00001033  EUSCI_B_SPI_enable                                
00000fcd  EUSCI_B_SPI_enableInterrupt                       
00001001  EUSCI_B_SPI_getInterruptStatus                    
0000105f  EUSCI_B_SPI_getReceiveBufferAddressForDMA         
0000106d  EUSCI_B_SPI_getTransmitBufferAddressForDMA        
0000107b  EUSCI_B_SPI_isBusy                                
00000ee9  EUSCI_B_SPI_masterChangeClock                     
00000fbd  EUSCI_B_SPI_receiveData                           
00000ec9  EUSCI_B_SPI_select4PinFunctionality               
00000f1b  EUSCI_B_SPI_slaveInit                             
00000fa7  EUSCI_B_SPI_transmitData                          
00005537  FLCTL_IRQHandler                                  
00005537  FPU_IRQHandler                                    
00002d1b  GPIO_clearInterruptFlag                           
00002cdb  GPIO_disableInterrupt                             
00002cb9  GPIO_enableInterrupt                              
00002d73  GPIO_getEnabledInterruptStatus                    
00002c8b  GPIO_getInputPinValue                             
00002cfd  GPIO_getInterruptStatus                           
00002d3d  GPIO_interruptEdgeSelect                          
00002e33  GPIO_registerInterrupt                            
00002a33  GPIO_setAsInputPin                                
00002be7  GPIO_setAsInputPinWithPullDownResistor            
00002c39  GPIO_setAsInputPinWithPullUpResistor              
000029f9  GPIO_setAsOutputPin                               
00002afd  GPIO_setAsPeripheralModuleFunctionInputPin        
00002a79  GPIO_setAsPeripheralModuleFunctionOutputPin       
00002def  GPIO_setDriveStrengthHigh                         
00002e11  GPIO_setDriveStrengthLow                          
00002b81  GPIO_setOutputHighOnPin                           
00002ba3  GPIO_setOutputLowOnPin                            
00002bc5  GPIO_toggleOutputOnPin                            
00002e53  GPIO_unregisterInterrupt                          
00004a35  Graphics_clearDisplay                             
00004bcb  Graphics_clearDisplayOnDisplay                    
00004b1d  Graphics_drawHorizontalLineOnDisplay              
00002885  Graphics_drawLine                                 
00002569  Graphics_drawLineH                                
00002605  Graphics_drawLineV                                
00004ad9  Graphics_drawMultiplePixelsOnDisplay              
00004a47  Graphics_drawPixel                                
00004aaf  Graphics_drawPixelOnDisplay                       
000041f1  Graphics_drawRectangle                            
00002073  Graphics_drawString                               
00002501  Graphics_drawStringCentered                       
00004b51  Graphics_drawVerticalLineOnDisplay                
00004293  Graphics_fillRectangle                            
00004b85  Graphics_fillRectangleOnDisplay                   
00004a27  Graphics_flushBuffer                              
00004bb9  Graphics_flushOnDisplay                           
00004a09  Graphics_getDisplayHeight                         
000049f9  Graphics_getDisplayWidth                          
000049a7  Graphics_getFontBaseline                          
000049dd  Graphics_getFontHeight                            
000049eb  Graphics_getFontMaxWidth                          
00004a19  Graphics_getHeightOfDisplay                       
000043f7  Graphics_getRectangleIntersection                 
000024f1  Graphics_getStringBaseline                        
00002549  Graphics_getStringHeight                          
00002559  Graphics_getStringMaxWidth                        
00001f79  Graphics_getStringWidth                           
00004aa1  Graphics_getWidthOfDisplay                        
00004849  Graphics_initContext                              
000044dd  Graphics_isPointWithinRectangle                   
000043a5  Graphics_isRectangleOverlap                       
0000495d  Graphics_setBackgroundColor                       
00004977  Graphics_setBackgroundColorTranslated             
00004893  Graphics_setClipRegion                            
0000498d  Graphics_setFont                                  
000049b5  Graphics_setForegroundColor                       
000049cb  Graphics_setForegroundColorTranslated             
00004ba3  Graphics_translateColorOnDisplay                  
00004efd  HAL_LCD_PortInit                                  
00004f2d  HAL_LCD_SpiInit                                   
00004f63  HAL_LCD_writeCommand                              
00004f8b  HAL_LCD_writeData                                 
00005537  HardFault_Handler                                 
00003877  Interrupt_disableInterrupt                        
000036c7  Interrupt_disableMaster                           
00003a75  Interrupt_disableSleepOnIsrExit                   
00003805  Interrupt_enableInterrupt                         
000036b7  Interrupt_enableMaster                            
00003a63  Interrupt_enableSleepOnIsrExit                    
000037df  Interrupt_getPriority                             
00003757  Interrupt_getPriorityGrouping                     
00003a43  Interrupt_getPriorityMask                         
00003a5d  Interrupt_getVectorTableAddress                   
000038e9  Interrupt_isEnabled                               
00003975  Interrupt_pendInterrupt                           
000036d7  Interrupt_registerInterrupt                       
0000378f  Interrupt_setPriority                             
0000373d  Interrupt_setPriorityGrouping                     
00003a33  Interrupt_setPriorityMask                         
00003a4d  Interrupt_setVectorTableAddress                   
000039e5  Interrupt_unpendInterrupt                         
00003729  Interrupt_unregisterInterrupt                     
2000210a  Lcd_FlagRead                                      
2000210b  Lcd_FontSolid                                     
2000210c  Lcd_Orientation                                   
2000210d  Lcd_PenSolid                                      
20002104  Lcd_ScreenHeigth                                  
20002106  Lcd_ScreenWidth                                   
20002108  Lcd_TouchTrim                                     
200000e8  MainScheduler                                     
00005537  MemManage_Handler                                 
00005537  NMI_Handler                                       
00005537  PCM_IRQHandler                                    
00005537  PORT1_IRQHandler                                  
00005537  PORT2_IRQHandler                                  
00005537  PORT3_IRQHandler                                  
00005537  PORT4_IRQHandler                                  
00005537  PORT5_IRQHandler                                  
00005537  PORT6_IRQHandler                                  
00005537  PSS_IRQHandler                                    
00005537  PendSV_Handler                                    
00005537  RTC_C_IRQHandler                                  
0000552b  Reset_Handler                                     
00005d88  SHT$$INIT_ARRAY$$Base                             
00005d8c  SHT$$INIT_ARRAY$$Limit                            
00000b87  SPI_changeClockPhasePolarity                      
00000ae1  SPI_changeMasterClock                             
00000d39  SPI_clearInterruptFlag                            
00000cbb  SPI_disableInterrupt                              
00000c15  SPI_disableModule                                 
00000c95  SPI_enableInterrupt                               
00000bf9  SPI_enableModule                                  
00000d09  SPI_getEnabledInterruptStatus                     
00000ce1  SPI_getInterruptStatus                            
00000c31  SPI_getReceiveBufferAddressForDMA                 
00000c4d  SPI_getTransmitBufferAddressForDMA                
000009f5  SPI_initMaster                                    
00000b09  SPI_initSlave                                     
00000c79  SPI_isBusy                                        
00000bdd  SPI_receiveData                                   
00000d5f  SPI_registerInterrupt                             
00000abb  SPI_selectFourPinFunctionality                    
00000bb7  SPI_transmitData                                  
00000e1d  SPI_unregisterInterrupt                           
00005537  SVC_Handler                                       
00005537  SysTick_Handler                                   
20002580  SystemCoreClock                                   
00003e81  SystemCoreClockUpdate                             
000040f5  SystemInit                                        
00003411  T32_INT1_IRQHandler                               
00003411  T32_INT1_IRQHandler                               
00005537  T32_INT2_IRQHandler                               
00005537  T32_INTC_IRQHandler                               
00005537  TA0_0_IRQHandler                                  
00005537  TA0_N_IRQHandler                                  
00005537  TA1_0_IRQHandler                                  
00005537  TA1_N_IRQHandler                                  
00005537  TA2_0_IRQHandler                                  
00005537  TA2_N_IRQHandler                                  
00005537  TA3_0_IRQHandler                                  
00005537  TA3_N_IRQHandler                                  
00005537  UsageFault_Handler                                
4000480c  WDTCTL_SYM                                        
00005537  WDT_A_IRQHandler                                  
00004531  _Z12BallControlXP4Ball                            
00004575  _Z12BallControlYP4Ball                            
00003531  _Z13setupButtonUpv                                
0000355f  _Z15setupButtonDownv                              
00004efb  _Z21__default_new_handlerv                        
0000358d  _Z5Setupv                                         
00003493  _Z8setupADCv                                      
00005065  _ZN10__cxxabiv116__enum_type_infoD0Ev             
00005063  _ZN10__cxxabiv116__enum_type_infoD1Ev             
00005063  _ZN10__cxxabiv116__enum_type_infoD2Ev             
0000505b  _ZN10__cxxabiv117__array_type_infoD0Ev            
00005059  _ZN10__cxxabiv117__array_type_infoD1Ev            
00005059  _ZN10__cxxabiv117__array_type_infoD2Ev            
00005051  _ZN10__cxxabiv117__class_type_infoD0Ev            
0000504f  _ZN10__cxxabiv117__class_type_infoD1Ev            
0000504f  _ZN10__cxxabiv117__class_type_infoD2Ev            
00005047  _ZN10__cxxabiv117__pbase_type_infoD0Ev            
00005045  _ZN10__cxxabiv117__pbase_type_infoD1Ev            
00005045  _ZN10__cxxabiv117__pbase_type_infoD2Ev            
0000503d  _ZN10__cxxabiv119__pointer_type_infoD0Ev          
0000503b  _ZN10__cxxabiv119__pointer_type_infoD1Ev          
0000503b  _ZN10__cxxabiv119__pointer_type_infoD2Ev          
00005033  _ZN10__cxxabiv120__function_type_infoD0Ev         
00005031  _ZN10__cxxabiv120__function_type_infoD1Ev         
00005031  _ZN10__cxxabiv120__function_type_infoD2Ev         
00005029  _ZN10__cxxabiv120__si_class_type_infoD0Ev         
00005027  _ZN10__cxxabiv120__si_class_type_infoD1Ev         
00005027  _ZN10__cxxabiv120__si_class_type_infoD2Ev         
0000501f  _ZN10__cxxabiv121__vmi_class_type_infoD0Ev        
0000501d  _ZN10__cxxabiv121__vmi_class_type_infoD1Ev        
0000501d  _ZN10__cxxabiv121__vmi_class_type_infoD2Ev        
00005015  _ZN10__cxxabiv123__fundamental_type_infoD0Ev      
00005013  _ZN10__cxxabiv123__fundamental_type_infoD1Ev      
00005013  _ZN10__cxxabiv123__fundamental_type_infoD2Ev      
0000500b  _ZN10__cxxabiv129__pointer_to_member_type_infoD0Ev
00005009  _ZN10__cxxabiv129__pointer_to_member_type_infoD1Ev
00005009  _ZN10__cxxabiv129__pointer_to_member_type_infoD2Ev
00004c8f  _ZN4Ball12CheckLimitsXEv                          
00004ccf  _ZN4Ball12CheckLimitsYEv                          
00004be3  _ZN4BallC1EiiiiiPiS0_                             
00005501  _ZN4BallC1Ev                                      
00004be3  _ZN4BallC2EiiiiiPiS0_                             
000054a9  _ZN4Task11SendMessageEv                           
00005445  _ZN4Task14ProcessMessageE3MSG                     
00005105  _ZN4Task17GetTaskFinalCountEv                     
000050d7  _ZN4Task17SetTaskFinalCountEy                     
000050f5  _ZN4Task19GetTaskCurrentCountEv                   
000050b9  _ZN4Task19SetTaskCurrentCountEy                   
00005093  _ZN4Task3runEv                                    
00005075  _ZN4TaskC1Ev                                      
00005075  _ZN4TaskC2Ev                                      
00004ec7  _ZN6Racket12CheckLimitsYEv                        
00004e1b  _ZN6RacketC1EiiiiiPiS0_                           
0000550f  _ZN6RacketC1Ev                                    
00004e1b  _ZN6RacketC2EiiiiiPiS0_                           
00002f53  _ZN6Screen11printFigureEv                         
00002eff  _ZN6Screen14ProcessMessageE3MSG                   
000031bf  _ZN6Screen14printPongScoreEv                      
0000314d  _ZN6Screen14printPongTableEv                      
00003095  _ZN6Screen15getFigureChangeE3MSG                  
00003213  _ZN6Screen15printPongWinnerEv                     
00002ed9  _ZN6Screen3runEv                                  
00002e79  _ZN6ScreenC1Eib                                   
00002e79  _ZN6ScreenC2Eib                                   
00004753  _ZN9GameLogic14ProcessMessageE3MSG                
000046e5  _ZN9GameLogic3runEv                               
000045b9  _ZN9GameLogicC1Eibi                               
000045b9  _ZN9GameLogicC2Eibi                               
00004dbb  _ZN9GamePiece12CheckChangeXEv                     
00004deb  _ZN9GamePiece12CheckChangeYEv                     
00004d8d  _ZN9GamePiece13getDirectionXEv                    
00004dad  _ZN9GamePiece13getDirectionYEv                    
00004d7b  _ZN9GamePiece13setDirectionXEi                    
00004d9b  _ZN9GamePiece13setDirectionYEi                    
00004d2d  _ZN9GamePiece7getPosXEv                           
00004d4d  _ZN9GamePiece7getPosYEv                           
00004d6d  _ZN9GamePiece7getSizeEv                           
00004d1b  _ZN9GamePiece7setPosXEi                           
00004d3b  _ZN9GamePiece7setPosYEi                           
00004d5b  _ZN9GamePiece7setSizeEi                           
00004d0f  _ZN9GamePieceC1Ev                                 
00004d0f  _ZN9GamePieceC2Ev                                 
00001cbb  _ZN9Scheduler13attachMessageE3MSG                 
00001ecb  _ZN9Scheduler14processMessageE3MSG                
00001d17  _ZN9Scheduler17clearMessageQueueEv                
00001e7d  _ZN9Scheduler18clearNextSchedulerEv               
00001b45  _ZN9Scheduler19ProcessMessageQueueEv              
00001a81  _ZN9Scheduler21CalculateNextScheduleEv            
00001f1f  _ZN9Scheduler22SortScheduleByPriorityEP4Task      
000019fd  _ZN9Scheduler3runEv                               
00001987  _ZN9Scheduler6attachEP4Task                       
000018e1  _ZN9SchedulerC1Ev                                 
000018e1  _ZN9SchedulerC2Ev                                 
00004fcb  _ZNKSt9type_info4nameEv                           
00004ffb  _ZNKSt9type_info6beforeERKS_                      
00004fe5  _ZNKSt9type_infoeqERKS_                           
00004fcf  _ZNKSt9type_infoneERKS_                           
00004fc3  _ZNSt9type_infoD0Ev                               
00004fc1  _ZNSt9type_infoD1Ev                               
00004fc1  _ZNSt9type_infoD2Ev                               
20002100  _ZSt16__dummy_typeinfo                            
00004fb9  _ZSt21__gen_dummy_typeinfosv                      
00005d3c  _ZTI4Task                                         
00005ca4  _ZTI6Screen                                       
00005cb0  _ZTI9GameLogic                                    
00005cbc  _ZTIN10__cxxabiv117__class_type_infoE             
00005cc8  _ZTIN10__cxxabiv117__pbase_type_infoE             
00005cd4  _ZTIN10__cxxabiv119__pointer_type_infoE           
00005ce0  _ZTIN10__cxxabiv120__si_class_type_infoE          
00005cec  _ZTIN10__cxxabiv123__fundamental_type_infoE       
00005c44  _ZTIPKe                                           
00005d44  _ZTISt9type_info                                  
00005d4c  _ZTIe                                             
00005d7c  _ZTS4Task                                         
00005d54  _ZTS6Screen                                       
00005cf8  _ZTS9GameLogic                                    
00005a79  _ZTSN10__cxxabiv117__class_type_infoE             
00005a9b  _ZTSN10__cxxabiv117__pbase_type_infoE             
00005a55  _ZTSN10__cxxabiv119__pointer_type_infoE           
00005a30  _ZTSN10__cxxabiv120__si_class_type_infoE          
00005a08  _ZTSN10__cxxabiv123__fundamental_type_infoE       
00005d82  _ZTSPKe                                           
00005c94  _ZTSSt9type_info                                  
00005abd  _ZTSe                                             
00005c08  _ZTV4Task                                         
00005c1c  _ZTV6Screen                                       
00005c30  _ZTV9GameLogic                                    
00005c54  _ZTVN10__cxxabiv117__class_type_infoE             
00005c64  _ZTVN10__cxxabiv119__pointer_type_infoE           
00005c74  _ZTVN10__cxxabiv120__si_class_type_infoE          
00005c84  _ZTVN10__cxxabiv123__fundamental_type_infoE       
00005539  _ZdlPv                                            
00005479  _Znwj                                             
20010000  __STACK_END                                       
00000200  __STACK_SIZE                                      
00000400  __SYSMEM_SIZE                                     
00005e14  __TI_CINIT_Base                                   
00005e2c  __TI_CINIT_Limit                                  
00005e0c  __TI_Handler_Table_Base                           
00005e14  __TI_Handler_Table_Limit                          
00005235  __TI_auto_init                                    
20002554  __TI_cleanup_ptr                                  
0000551d  __TI_decompress_none                              
00005541  __TI_decompress_rle24                             
20002558  __TI_dtors_ptr                                    
2000255c  __TI_enable_exit_profile_output                   
ffffffff  __TI_pprof_out_hndl                               
ffffffff  __TI_prof_data_size                               
ffffffff  __TI_prof_data_start                              
00000000  __TI_static_base__                                
000051b9  __aeabi_memclr                                    
000051b9  __aeabi_memclr4                                   
000051b9  __aeabi_memclr8                                   
0000511d  __aeabi_memcpy                                    
0000511d  __aeabi_memcpy4                                   
0000511d  __aeabi_memcpy8                                   
000051bb  __aeabi_memset                                    
000051bb  __aeabi_memset4                                   
000051bb  __aeabi_memset8                                   
ffffffff  __binit__                                         
ffffffff  __c_args__                                        
0000452f  __mpu_init                                        
2000fe00  __stack                                           
00003611  __sti___8_main_cpp_05102ee7                       
000054d5  _args_main                                        
00005311  _c_int00                                          
2000256c  _lock                                             
2000257c  _new_handler                                      
000054fb  _nop                                              
000054f3  _register_lock                                    
000054ed  _register_unlock                                  
20002110  _sys_memory                                       
00005233  _system_post_cinit                                
00005547  _system_pre_init                                  
20002570  _unlock                                           
200020fc  aDataFromADC                                      
20002574  aDataFromButton                                   
00005369  abort                                             
ffffffff  binit                                             
00003e4d  calloc                                            
000053b9  copy_in                                           
20002548  counterDown                                       
2000254c  counterUp                                         
00005371  exit                                              
00003b9b  free                                              
20000000  g_pfnRAMVectors                                   
200020d8  g_sContext                                        
000059dc  g_sCrystalfontz128x128                            
00005844  g_sFontFixed6x8                                   
00000000  interruptVectors                                  
0000331f  main                                              
20002578  main_func_sp                                      
00003b33  malloc                                            
00003d69  memalign                                          
0000511d  memcpy                                            
000051c1  memset                                            
00003aa5  minit                                             
20002550  pDataToScreenB                                    
200020f4  positionDown                                      
200020f8  positionUp                                        
00003c5d  realloc                                           


GLOBAL SYMBOLS: SORTED BY Symbol Address 

address   name                                              
-------   ----                                              
00000000  __TI_static_base__                                
00000000  interruptVectors                                  
00000200  __STACK_SIZE                                      
0000024d  ADC14_enableModule                                
00000255  ADC14_disableModule                               
0000026b  ADC14_enableSampleTimer                           
00000295  ADC14_disableSampleTimer                          
000002ab  ADC14_initModule                                  
000002f1  ADC14_setResolution                               
0000030b  ADC14_getResolution                               
00000315  ADC14_setSampleHoldTrigger                        
00000357  ADC14_setSampleHoldTime                           
00000381  ADC14_configureMultiSequenceMode                  
00000400  __SYSMEM_SIZE                                     
00000417  ADC14_configureSingleSampleMode                   
0000046d  ADC14_enableConversion                            
0000048d  ADC14_toggleConversionTrigger                     
000004af  ADC14_disableConversion                           
000004bb  ADC14_isBusy                                      
000004d9  ADC14_configureConversionMemory                   
00000581  ADC14_enableComparatorWindow                      
00000611  ADC14_disableComparatorWindow                     
0000066f  ADC14_setComparatorWindowValue                    
000006f5  ADC14_setResultFormat                             
0000071f  ADC14_getResult                                   
00000739  ADC14_getMultiSequenceResult                      
000007a5  ADC14_getResultArray                              
00000819  ADC14_enableReferenceBurst                        
0000082f  ADC14_disableReferenceBurst                       
00000845  ADC14_setPowerMode                                
00000887  ADC14_enableInterrupt                             
000008b3  ADC14_disableInterrupt                            
000008df  ADC14_getInterruptStatus                          
00000909  ADC14_getEnabledInterruptStatus                   
00000939  ADC14_clearInterruptFlag                          
00000969  ADC14_registerInterrupt                           
0000097d  ADC14_unregisterInterrupt                         
000009f5  SPI_initMaster                                    
00000abb  SPI_selectFourPinFunctionality                    
00000ae1  SPI_changeMasterClock                             
00000b09  SPI_initSlave                                     
00000b87  SPI_changeClockPhasePolarity                      
00000bb7  SPI_transmitData                                  
00000bdd  SPI_receiveData                                   
00000bf9  SPI_enableModule                                  
00000c15  SPI_disableModule                                 
00000c31  SPI_getReceiveBufferAddressForDMA                 
00000c4d  SPI_getTransmitBufferAddressForDMA                
00000c79  SPI_isBusy                                        
00000c95  SPI_enableInterrupt                               
00000cbb  SPI_disableInterrupt                              
00000ce1  SPI_getInterruptStatus                            
00000d09  SPI_getEnabledInterruptStatus                     
00000d39  SPI_clearInterruptFlag                            
00000d5f  SPI_registerInterrupt                             
00000e1d  SPI_unregisterInterrupt                           
00000ec9  EUSCI_B_SPI_select4PinFunctionality               
00000ee9  EUSCI_B_SPI_masterChangeClock                     
00000f1b  EUSCI_B_SPI_slaveInit                             
00000f65  EUSCI_B_SPI_changeClockPhasePolarity              
00000fa7  EUSCI_B_SPI_transmitData                          
00000fbd  EUSCI_B_SPI_receiveData                           
00000fcd  EUSCI_B_SPI_enableInterrupt                       
00000fe7  EUSCI_B_SPI_disableInterrupt                      
00001001  EUSCI_B_SPI_getInterruptStatus                    
00001019  EUSCI_B_SPI_clearInterruptFlag                    
00001033  EUSCI_B_SPI_enable                                
00001049  EUSCI_B_SPI_disable                               
0000105f  EUSCI_B_SPI_getReceiveBufferAddressForDMA         
0000106d  EUSCI_B_SPI_getTransmitBufferAddressForDMA        
0000107b  EUSCI_B_SPI_isBusy                                
00001093  EUSCI_A_SPI_select4PinFunctionality               
000010b3  EUSCI_A_SPI_masterChangeClock                     
000010e9  EUSCI_A_SPI_slaveInit                             
00001133  EUSCI_A_SPI_changeClockPhasePolarity              
00001175  EUSCI_A_SPI_transmitData                          
0000118b  EUSCI_A_SPI_receiveData                           
0000119b  EUSCI_A_SPI_enableInterrupt                       
000011b5  EUSCI_A_SPI_disableInterrupt                      
000011cf  EUSCI_A_SPI_getInterruptStatus                    
000011e7  EUSCI_A_SPI_clearInterruptFlag                    
00001201  EUSCI_A_SPI_enable                                
00001217  EUSCI_A_SPI_disable                               
0000122d  EUSCI_A_SPI_getReceiveBufferAddressForDMA         
0000123b  EUSCI_A_SPI_getTransmitBufferAddressForDMA        
00001249  EUSCI_A_SPI_isBusy                                
00001269  Crystalfontz128x128_Init                          
0000137d  Crystalfontz128x128_SetDrawFrame                  
000014ab  Crystalfontz128x128_SetOrientation                
000018e1  _ZN9SchedulerC1Ev                                 
000018e1  _ZN9SchedulerC2Ev                                 
00001987  _ZN9Scheduler6attachEP4Task                       
000019fd  _ZN9Scheduler3runEv                               
00001a81  _ZN9Scheduler21CalculateNextScheduleEv            
00001b45  _ZN9Scheduler19ProcessMessageQueueEv              
00001cbb  _ZN9Scheduler13attachMessageE3MSG                 
00001d17  _ZN9Scheduler17clearMessageQueueEv                
00001e7d  _ZN9Scheduler18clearNextSchedulerEv               
00001ecb  _ZN9Scheduler14processMessageE3MSG                
00001f1f  _ZN9Scheduler22SortScheduleByPriorityEP4Task      
00001f79  Graphics_getStringWidth                           
00002073  Graphics_drawString                               
000024f1  Graphics_getStringBaseline                        
00002501  Graphics_drawStringCentered                       
00002549  Graphics_getStringHeight                          
00002559  Graphics_getStringMaxWidth                        
00002569  Graphics_drawLineH                                
00002605  Graphics_drawLineV                                
00002885  Graphics_drawLine                                 
000029f9  GPIO_setAsOutputPin                               
00002a33  GPIO_setAsInputPin                                
00002a79  GPIO_setAsPeripheralModuleFunctionOutputPin       
00002afd  GPIO_setAsPeripheralModuleFunctionInputPin        
00002b81  GPIO_setOutputHighOnPin                           
00002ba3  GPIO_setOutputLowOnPin                            
00002bc5  GPIO_toggleOutputOnPin                            
00002be7  GPIO_setAsInputPinWithPullDownResistor            
00002c39  GPIO_setAsInputPinWithPullUpResistor              
00002c8b  GPIO_getInputPinValue                             
00002cb9  GPIO_enableInterrupt                              
00002cdb  GPIO_disableInterrupt                             
00002cfd  GPIO_getInterruptStatus                           
00002d1b  GPIO_clearInterruptFlag                           
00002d3d  GPIO_interruptEdgeSelect                          
00002d73  GPIO_getEnabledInterruptStatus                    
00002def  GPIO_setDriveStrengthHigh                         
00002e11  GPIO_setDriveStrengthLow                          
00002e33  GPIO_registerInterrupt                            
00002e53  GPIO_unregisterInterrupt                          
00002e79  _ZN6ScreenC1Eib                                   
00002e79  _ZN6ScreenC2Eib                                   
00002ed9  _ZN6Screen3runEv                                  
00002eff  _ZN6Screen14ProcessMessageE3MSG                   
00002f53  _ZN6Screen11printFigureEv                         
00003095  _ZN6Screen15getFigureChangeE3MSG                  
0000314d  _ZN6Screen14printPongTableEv                      
000031bf  _ZN6Screen14printPongScoreEv                      
00003213  _ZN6Screen15printPongWinnerEv                     
0000331f  main                                              
00003385  BUTTON_DOWN_ISR                                   
000033cb  BUTTON_UP_ISR                                     
00003411  T32_INT1_IRQHandler                               
00003411  T32_INT1_IRQHandler                               
0000342f  ADC14_IRQHandler                                  
0000342f  ADC14_IRQHandler                                  
00003493  _Z8setupADCv                                      
00003531  _Z13setupButtonUpv                                
0000355f  _Z15setupButtonDownv                              
0000358d  _Z5Setupv                                         
00003611  __sti___8_main_cpp_05102ee7                       
000036b7  Interrupt_enableMaster                            
000036c7  Interrupt_disableMaster                           
000036d7  Interrupt_registerInterrupt                       
00003729  Interrupt_unregisterInterrupt                     
0000373d  Interrupt_setPriorityGrouping                     
00003757  Interrupt_getPriorityGrouping                     
0000378f  Interrupt_setPriority                             
000037df  Interrupt_getPriority                             
00003805  Interrupt_enableInterrupt                         
00003877  Interrupt_disableInterrupt                        
000038e9  Interrupt_isEnabled                               
00003975  Interrupt_pendInterrupt                           
000039e5  Interrupt_unpendInterrupt                         
00003a33  Interrupt_setPriorityMask                         
00003a43  Interrupt_getPriorityMask                         
00003a4d  Interrupt_setVectorTableAddress                   
00003a5d  Interrupt_getVectorTableAddress                   
00003a63  Interrupt_enableSleepOnIsrExit                    
00003a75  Interrupt_disableSleepOnIsrExit                   
00003aa5  minit                                             
00003b33  malloc                                            
00003b9b  free                                              
00003c5d  realloc                                           
00003d69  memalign                                          
00003e4d  calloc                                            
00003e81  SystemCoreClockUpdate                             
000040f5  SystemInit                                        
000041f1  Graphics_drawRectangle                            
00004293  Graphics_fillRectangle                            
000043a5  Graphics_isRectangleOverlap                       
000043f7  Graphics_getRectangleIntersection                 
000044dd  Graphics_isPointWithinRectangle                   
0000452f  __mpu_init                                        
00004531  _Z12BallControlXP4Ball                            
00004575  _Z12BallControlYP4Ball                            
000045b9  _ZN9GameLogicC1Eibi                               
000045b9  _ZN9GameLogicC2Eibi                               
000046e5  _ZN9GameLogic3runEv                               
00004753  _ZN9GameLogic14ProcessMessageE3MSG                
00004849  Graphics_initContext                              
00004893  Graphics_setClipRegion                            
0000495d  Graphics_setBackgroundColor                       
00004977  Graphics_setBackgroundColorTranslated             
0000498d  Graphics_setFont                                  
000049a7  Graphics_getFontBaseline                          
000049b5  Graphics_setForegroundColor                       
000049cb  Graphics_setForegroundColorTranslated             
000049dd  Graphics_getFontHeight                            
000049eb  Graphics_getFontMaxWidth                          
000049f9  Graphics_getDisplayWidth                          
00004a09  Graphics_getDisplayHeight                         
00004a19  Graphics_getHeightOfDisplay                       
00004a27  Graphics_flushBuffer                              
00004a35  Graphics_clearDisplay                             
00004a47  Graphics_drawPixel                                
00004aa1  Graphics_getWidthOfDisplay                        
00004aaf  Graphics_drawPixelOnDisplay                       
00004ad9  Graphics_drawMultiplePixelsOnDisplay              
00004b1d  Graphics_drawHorizontalLineOnDisplay              
00004b51  Graphics_drawVerticalLineOnDisplay                
00004b85  Graphics_fillRectangleOnDisplay                   
00004ba3  Graphics_translateColorOnDisplay                  
00004bb9  Graphics_flushOnDisplay                           
00004bcb  Graphics_clearDisplayOnDisplay                    
00004be3  _ZN4BallC1EiiiiiPiS0_                             
00004be3  _ZN4BallC2EiiiiiPiS0_                             
00004c8f  _ZN4Ball12CheckLimitsXEv                          
00004ccf  _ZN4Ball12CheckLimitsYEv                          
00004d0f  _ZN9GamePieceC1Ev                                 
00004d0f  _ZN9GamePieceC2Ev                                 
00004d1b  _ZN9GamePiece7setPosXEi                           
00004d2d  _ZN9GamePiece7getPosXEv                           
00004d3b  _ZN9GamePiece7setPosYEi                           
00004d4d  _ZN9GamePiece7getPosYEv                           
00004d5b  _ZN9GamePiece7setSizeEi                           
00004d6d  _ZN9GamePiece7getSizeEv                           
00004d7b  _ZN9GamePiece13setDirectionXEi                    
00004d8d  _ZN9GamePiece13getDirectionXEv                    
00004d9b  _ZN9GamePiece13setDirectionYEi                    
00004dad  _ZN9GamePiece13getDirectionYEv                    
00004dbb  _ZN9GamePiece12CheckChangeXEv                     
00004deb  _ZN9GamePiece12CheckChangeYEv                     
00004e1b  _ZN6RacketC1EiiiiiPiS0_                           
00004e1b  _ZN6RacketC2EiiiiiPiS0_                           
00004ec7  _ZN6Racket12CheckLimitsYEv                        
00004efb  _Z21__default_new_handlerv                        
00004efd  HAL_LCD_PortInit                                  
00004f2d  HAL_LCD_SpiInit                                   
00004f63  HAL_LCD_writeCommand                              
00004f8b  HAL_LCD_writeData                                 
00004fb9  _ZSt21__gen_dummy_typeinfosv                      
00004fc1  _ZNSt9type_infoD1Ev                               
00004fc1  _ZNSt9type_infoD2Ev                               
00004fc3  _ZNSt9type_infoD0Ev                               
00004fcb  _ZNKSt9type_info4nameEv                           
00004fcf  _ZNKSt9type_infoneERKS_                           
00004fe5  _ZNKSt9type_infoeqERKS_                           
00004ffb  _ZNKSt9type_info6beforeERKS_                      
00005009  _ZN10__cxxabiv129__pointer_to_member_type_infoD1Ev
00005009  _ZN10__cxxabiv129__pointer_to_member_type_infoD2Ev
0000500b  _ZN10__cxxabiv129__pointer_to_member_type_infoD0Ev
00005013  _ZN10__cxxabiv123__fundamental_type_infoD1Ev      
00005013  _ZN10__cxxabiv123__fundamental_type_infoD2Ev      
00005015  _ZN10__cxxabiv123__fundamental_type_infoD0Ev      
0000501d  _ZN10__cxxabiv121__vmi_class_type_infoD1Ev        
0000501d  _ZN10__cxxabiv121__vmi_class_type_infoD2Ev        
0000501f  _ZN10__cxxabiv121__vmi_class_type_infoD0Ev        
00005027  _ZN10__cxxabiv120__si_class_type_infoD1Ev         
00005027  _ZN10__cxxabiv120__si_class_type_infoD2Ev         
00005029  _ZN10__cxxabiv120__si_class_type_infoD0Ev         
00005031  _ZN10__cxxabiv120__function_type_infoD1Ev         
00005031  _ZN10__cxxabiv120__function_type_infoD2Ev         
00005033  _ZN10__cxxabiv120__function_type_infoD0Ev         
0000503b  _ZN10__cxxabiv119__pointer_type_infoD1Ev          
0000503b  _ZN10__cxxabiv119__pointer_type_infoD2Ev          
0000503d  _ZN10__cxxabiv119__pointer_type_infoD0Ev          
00005045  _ZN10__cxxabiv117__pbase_type_infoD1Ev            
00005045  _ZN10__cxxabiv117__pbase_type_infoD2Ev            
00005047  _ZN10__cxxabiv117__pbase_type_infoD0Ev            
0000504f  _ZN10__cxxabiv117__class_type_infoD1Ev            
0000504f  _ZN10__cxxabiv117__class_type_infoD2Ev            
00005051  _ZN10__cxxabiv117__class_type_infoD0Ev            
00005059  _ZN10__cxxabiv117__array_type_infoD1Ev            
00005059  _ZN10__cxxabiv117__array_type_infoD2Ev            
0000505b  _ZN10__cxxabiv117__array_type_infoD0Ev            
00005063  _ZN10__cxxabiv116__enum_type_infoD1Ev             
00005063  _ZN10__cxxabiv116__enum_type_infoD2Ev             
00005065  _ZN10__cxxabiv116__enum_type_infoD0Ev             
00005075  _ZN4TaskC1Ev                                      
00005075  _ZN4TaskC2Ev                                      
00005093  _ZN4Task3runEv                                    
000050b9  _ZN4Task19SetTaskCurrentCountEy                   
000050d7  _ZN4Task17SetTaskFinalCountEy                     
000050f5  _ZN4Task19GetTaskCurrentCountEv                   
00005105  _ZN4Task17GetTaskFinalCountEv                     
0000511d  __aeabi_memcpy                                    
0000511d  __aeabi_memcpy4                                   
0000511d  __aeabi_memcpy8                                   
0000511d  memcpy                                            
000051b9  __aeabi_memclr                                    
000051b9  __aeabi_memclr4                                   
000051b9  __aeabi_memclr8                                   
000051bb  __aeabi_memset                                    
000051bb  __aeabi_memset4                                   
000051bb  __aeabi_memset8                                   
000051c1  memset                                            
00005233  _system_post_cinit                                
00005235  __TI_auto_init                                    
00005311  _c_int00                                          
00005365  C$$EXIT                                           
00005369  abort                                             
00005371  exit                                              
000053b9  copy_in                                           
00005405  CPU_cpsid                                         
00005411  CPU_primask                                       
0000541b  CPU_cpsie                                         
00005427  CPU_wfi                                           
0000542b  CPU_basepriSet                                    
00005439  CPU_basepriGet                                    
00005445  _ZN4Task14ProcessMessageE3MSG                     
00005479  _Znwj                                             
000054a9  _ZN4Task11SendMessageEv                           
000054d5  _args_main                                        
000054ed  _register_unlock                                  
000054f3  _register_lock                                    
000054fb  _nop                                              
00005501  _ZN4BallC1Ev                                      
0000550f  _ZN6RacketC1Ev                                    
0000551d  __TI_decompress_none                              
0000552b  Reset_Handler                                     
00005537  AES256_IRQHandler                                 
00005537  BusFault_Handler                                  
00005537  COMP_E0_IRQHandler                                
00005537  COMP_E1_IRQHandler                                
00005537  CS_IRQHandler                                     
00005537  DMA_ERR_IRQHandler                                
00005537  DMA_INT0_IRQHandler                               
00005537  DMA_INT1_IRQHandler                               
00005537  DMA_INT2_IRQHandler                               
00005537  DMA_INT3_IRQHandler                               
00005537  DebugMon_Handler                                  
00005537  Default_Handler                                   
00005537  EUSCIA0_IRQHandler                                
00005537  EUSCIA1_IRQHandler                                
00005537  EUSCIA2_IRQHandler                                
00005537  EUSCIA3_IRQHandler                                
00005537  EUSCIB0_IRQHandler                                
00005537  EUSCIB1_IRQHandler                                
00005537  EUSCIB2_IRQHandler                                
00005537  EUSCIB3_IRQHandler                                
00005537  FLCTL_IRQHandler                                  
00005537  FPU_IRQHandler                                    
00005537  HardFault_Handler                                 
00005537  MemManage_Handler                                 
00005537  NMI_Handler                                       
00005537  PCM_IRQHandler                                    
00005537  PORT1_IRQHandler                                  
00005537  PORT2_IRQHandler                                  
00005537  PORT3_IRQHandler                                  
00005537  PORT4_IRQHandler                                  
00005537  PORT5_IRQHandler                                  
00005537  PORT6_IRQHandler                                  
00005537  PSS_IRQHandler                                    
00005537  PendSV_Handler                                    
00005537  RTC_C_IRQHandler                                  
00005537  SVC_Handler                                       
00005537  SysTick_Handler                                   
00005537  T32_INT2_IRQHandler                               
00005537  T32_INTC_IRQHandler                               
00005537  TA0_0_IRQHandler                                  
00005537  TA0_N_IRQHandler                                  
00005537  TA1_0_IRQHandler                                  
00005537  TA1_N_IRQHandler                                  
00005537  TA2_0_IRQHandler                                  
00005537  TA2_N_IRQHandler                                  
00005537  TA3_0_IRQHandler                                  
00005537  TA3_N_IRQHandler                                  
00005537  UsageFault_Handler                                
00005537  WDT_A_IRQHandler                                  
00005539  _ZdlPv                                            
00005541  __TI_decompress_rle24                             
00005547  _system_pre_init                                  
00005844  g_sFontFixed6x8                                   
000059dc  g_sCrystalfontz128x128                            
00005a08  _ZTSN10__cxxabiv123__fundamental_type_infoE       
00005a30  _ZTSN10__cxxabiv120__si_class_type_infoE          
00005a55  _ZTSN10__cxxabiv119__pointer_type_infoE           
00005a79  _ZTSN10__cxxabiv117__class_type_infoE             
00005a9b  _ZTSN10__cxxabiv117__pbase_type_infoE             
00005abd  _ZTSe                                             
00005c08  _ZTV4Task                                         
00005c1c  _ZTV6Screen                                       
00005c30  _ZTV9GameLogic                                    
00005c44  _ZTIPKe                                           
00005c54  _ZTVN10__cxxabiv117__class_type_infoE             
00005c64  _ZTVN10__cxxabiv119__pointer_type_infoE           
00005c74  _ZTVN10__cxxabiv120__si_class_type_infoE          
00005c84  _ZTVN10__cxxabiv123__fundamental_type_infoE       
00005c94  _ZTSSt9type_info                                  
00005ca4  _ZTI6Screen                                       
00005cb0  _ZTI9GameLogic                                    
00005cbc  _ZTIN10__cxxabiv117__class_type_infoE             
00005cc8  _ZTIN10__cxxabiv117__pbase_type_infoE             
00005cd4  _ZTIN10__cxxabiv119__pointer_type_infoE           
00005ce0  _ZTIN10__cxxabiv120__si_class_type_infoE          
00005cec  _ZTIN10__cxxabiv123__fundamental_type_infoE       
00005cf8  _ZTS9GameLogic                                    
00005d3c  _ZTI4Task                                         
00005d44  _ZTISt9type_info                                  
00005d4c  _ZTIe                                             
00005d54  _ZTS6Screen                                       
00005d7c  _ZTS4Task                                         
00005d82  _ZTSPKe                                           
00005d88  SHT$$INIT_ARRAY$$Base                             
00005d8c  SHT$$INIT_ARRAY$$Limit                            
00005e0c  __TI_Handler_Table_Base                           
00005e14  __TI_CINIT_Base                                   
00005e14  __TI_Handler_Table_Limit                          
00005e2c  __TI_CINIT_Limit                                  
20000000  g_pfnRAMVectors                                   
200000e8  MainScheduler                                     
200020d8  g_sContext                                        
200020f4  positionDown                                      
200020f8  positionUp                                        
200020fc  aDataFromADC                                      
20002100  _ZSt16__dummy_typeinfo                            
20002104  Lcd_ScreenHeigth                                  
20002106  Lcd_ScreenWidth                                   
20002108  Lcd_TouchTrim                                     
2000210a  Lcd_FlagRead                                      
2000210b  Lcd_FontSolid                                     
2000210c  Lcd_Orientation                                   
2000210d  Lcd_PenSolid                                      
20002110  _sys_memory                                       
20002548  counterDown                                       
2000254c  counterUp                                         
20002550  pDataToScreenB                                    
20002554  __TI_cleanup_ptr                                  
20002558  __TI_dtors_ptr                                    
2000255c  __TI_enable_exit_profile_output                   
2000256c  _lock                                             
20002570  _unlock                                           
20002574  aDataFromButton                                   
20002578  main_func_sp                                      
2000257c  _new_handler                                      
20002580  SystemCoreClock                                   
2000fe00  __stack                                           
20010000  __STACK_END                                       
4000480c  WDTCTL_SYM                                        
ffffffff  __TI_pprof_out_hndl                               
ffffffff  __TI_prof_data_size                               
ffffffff  __TI_prof_data_start                              
ffffffff  __binit__                                         
ffffffff  __c_args__                                        
ffffffff  binit                                             

[445 symbols]
