******************************************************************************
                  TI ARM Linker Unix v15.12.3                  
******************************************************************************
>> Linked Mon Dec  5 23:21:07 2016

OUTPUT FILE NAME:   <finalProject.out>
ENTRY POINT SYMBOL: "_c_int00"  address: 00004fed


MEMORY CONFIGURATION

         name            origin    length      used     unused   attr    fill
----------------------  --------  ---------  --------  --------  ----  --------
  MAIN                  00000000   00040000  0000a2d0  00035d30  R  X
  INFO                  00200000   00004000  00000000  00004000  R  X
  SRAM_CODE             01000000   00010000  00002b7e  0000d482  RW X
  SRAM_DATA             20000000   00010000  00002b7e  0000d482  RW  


SEGMENT ALLOCATION MAP

run origin  load origin   length   init length attrs members
----------  ----------- ---------- ----------- ----- -------
00000000    00000000    0000a2d4   0000a2d4    r-x
  00000000    00000000    000000e4   000000e4    r-- .intvecs
  000000e4    000000e4    0000518a   0000518a    r-x .text
  00005270    00005270    00004fc2   00004fc2    r-- .const
  0000a234    0000a234    00000004   00000004    r-- .init_array
  0000a238    0000a238    0000009c   0000009c    r-- .cinit
20000000    20000000    00002984   00000000    rw-
  20000000    20000000    000000e4   00000000    rw- .vtable
  200000e8    200000e8    00002426   00000000    rw- .bss
  20002510    20002510    00000400   00000000    rw- .sysmem
  20002910    20002910    00000074   00000000    rw- .data
2000fe00    2000fe00    00000200   00000000    rw-
  2000fe00    2000fe00    00000200   00000000    rw- .stack


SECTION ALLOCATION MAP

 output                                  attributes/
section   page    origin      length       input sections
--------  ----  ----------  ----------   ----------------
.intvecs   0    00000000    000000e4     
                  00000000    000000e4     startup_msp432p401r_ccs.obj (.intvecs:retain)

.binit     0    00000000    00000000     

.text      0    000000e4    0000518a     
                  000000e4    000008e0     adc14.obj (.text)
                  000009c4    000008a4     spi.obj (.text)
                  00001268    00000678     Crystalfontz128x128_ST7735.obj (.text)
                  000018e0    00000630     string.obj (.text)
                  00001f10    000005c8     Scheduler.obj (.text)
                  000024d8    00000490     line.obj (.text)
                  00002968    00000480     gpio.obj (.text)
                  00002de8    00000452     image.obj (.text)
                  0000323a    00000002     rtsv7M4_T_le_v4SPD16_eabi.lib : mpu_init.obj (.text)
                  0000323c    000003f0     interrupt.obj (.text)
                  0000362c    000003e4     main.obj (.text)
                  00003a10    000003dc     rtsv7M4_T_le_v4SPD16_eabi.lib : memory.obj (.text)
                  00003dec    00000370     system_msp432p401r.obj (.text)
                  0000415c    0000033e     rectangle.obj (.text)
                  0000449a    00000266     context.obj (.text)
                  00004700    000001c4     Screen.obj (.text)
                  000048c4    00000136     rtsv7M4_T_le_v4SPD16_eabi.lib : fd_div_t2.obj (.text)
                  000049fa    00000134     display.obj (.text)
                  00004b2e    00000002     rtsv7M4_T_le_v4SPD16_eabi.lib : newhandler.obj (.text)
                  00004b30    000000d0     Button.obj (.text)
                  00004c00    000000bc     HAL_MSP_EXP432P401R_Crystalfontz128x128_ST7735.obj (.text)
                  00004cbc    000000bc     rtsv7M4_T_le_v4SPD16_eabi.lib : typeinfo_.obj (.text)
                  00004d78    0000009c                                   : memcpy_t2.obj (.text)
                  00004e14    00000080     Task.obj (.text)
                  00004e94    0000007a     rtsv7M4_T_le_v4SPD16_eabi.lib : memset_t2.obj (.text)
                  00004f0e    00000002                                   : startup.obj (.text)
                  00004f10    00000070                                   : autoinit.obj (.text)
                  00004f80    0000006a                                   : copy_decompress_rle.obj (.text)
                  00004fea    00000002     --HOLE-- [fill = 0]
                  00004fec    00000054                                   : boot.obj (.text)
                  00005040    00000054                                   : exit.obj (.text)
                  00005094    0000004c                                   : cpy_tbl.obj (.text)
                  000050e0    00000048                                   : fd_toi_t2.obj (.text)
                  00005128    0000003e     cpu.obj (.text)
                  00005166    00000038     rtsv7M4_T_le_v4SPD16_eabi.lib : fs_tod_t2.obj (.text)
                  0000519e    00000002     --HOLE-- [fill = 0]
                  000051a0    00000030                                   : new_.obj (.text)
                  000051d0    0000002c     Ball.obj (.text:_ZN4Task11SendMessageEv)
                  000051fc    00000018     rtsv7M4_T_le_v4SPD16_eabi.lib : args_main.obj (.text)
                  00005214    00000014                                   : _lock.obj (.text)
                  00005228    0000000e                                   : copy_decompress_none.obj (.text:decompress:none)
                  00005236    0000000e     startup_msp432p401r_ccs.obj (.text)
                  00005244    0000000c     LED.obj (.text:_ZN4Task14ProcessMessageE3MSG)
                  00005250    0000000c     Task.obj (.text:_ZN4Task3runEv)
                  0000525c    00000008     rtsv7M4_T_le_v4SPD16_eabi.lib : delete.obj (.text)
                  00005264    00000006                                   : copy_decompress_rle.obj (.text:decompress:rle24)
                  0000526a    00000004                                   : pre_init.obj (.text)

.const     0    00005270    00004fc2     
                  00005270    0000441c     Screen.obj (.const:.string:pixel_tu_logo8BPP_COMP_RLE8)
                  0000968c    00000400     Screen.obj (.const:palette_tu_logo8BPP_COMP_RLE8)
                  00009a8c    000002f8     fontfixed6x8.obj (.const:.string:g_pucFontFixed6x8Data)
                  00009d84    000000c8     fontfixed6x8.obj (.const:g_sFontFixed6x8)
                  00009e4c    00000080     adc14.obj (.const:_ctlRegs)
                  00009ecc    00000050     interrupt.obj (.const:g_pulRegs)
                  00009f1c    0000002c     Crystalfontz128x128_ST7735.obj (.const:g_sCrystalfontz128x128)
                  00009f48    00000028     rtsv7M4_T_le_v4SPD16_eabi.lib : typeinfo_.obj (.const:.typeinfo:_ZTSN10__cxxabiv123__fundamental_type_infoE)
                  00009f70    00000025                                   : typeinfo_.obj (.const:.typeinfo:_ZTSN10__cxxabiv120__si_class_type_infoE)
                  00009f95    00000024                                   : typeinfo_.obj (.const:.typeinfo:_ZTSN10__cxxabiv119__pointer_type_infoE)
                  00009fb9    00000022                                   : typeinfo_.obj (.const:.typeinfo:_ZTSN10__cxxabiv117__class_type_infoE)
                  00009fdb    00000022                                   : typeinfo_.obj (.const:.typeinfo:_ZTSN10__cxxabiv117__pbase_type_infoE)
                  00009ffd    00000002                                   : typeinfo_.obj (.const:.typeinfo:_ZTSe)
                  00009fff    00000001     --HOLE-- [fill = 0]
                  0000a000    00000020     interrupt.obj (.const:g_pulPriority)
                  0000a020    0000001c     HAL_MSP_EXP432P401R_Crystalfontz128x128_ST7735.obj (.const:$P$T0$1)
                  0000a03c    0000001c     gpio.obj (.const:GPIO_PORT_TO_INT)
                  0000a058    0000001c     Screen.obj (.const:_ZTV6Screen)
                  0000a074    00000014     Ball.obj (.const:$P$T40$1)
                  0000a088    00000014     Scheduler.obj (.const:$P$T40$1)
                  0000a09c    00000014     main.obj (.const:$P$T40$1)
                  0000a0b0    00000014     Scheduler.obj (.const:$P$T41$2)
                  0000a0c4    00000014     main.obj (.const:$P$T41$2)
                  0000a0d8    00000014     Button.obj (.const:$P$T45$1)
                  0000a0ec    00000014     Task.obj (.const:_ZTV4Task)
                  0000a100    00000014     Button.obj (.const:_ZTV6Button)
                  0000a114    00000010     rtsv7M4_T_le_v4SPD16_eabi.lib : typeinfo_.obj (.const:.typeinfo:_ZTIPKe)
                  0000a124    00000010                                   : typeinfo_.obj (.const:_ZTVN10__cxxabiv117__class_type_infoE)
                  0000a134    00000010                                   : typeinfo_.obj (.const:_ZTVN10__cxxabiv119__pointer_type_infoE)
                  0000a144    00000010                                   : typeinfo_.obj (.const:_ZTVN10__cxxabiv120__si_class_type_infoE)
                  0000a154    00000010                                   : typeinfo_.obj (.const:_ZTVN10__cxxabiv123__fundamental_type_infoE)
                  0000a164    00000010     Screen.obj (.const:tu_logo8BPP_COMP_RLE8)
                  0000a174    0000000d     rtsv7M4_T_le_v4SPD16_eabi.lib : typeinfo_.obj (.const:.typeinfo:_ZTSSt9type_info)
                  0000a181    00000003     --HOLE-- [fill = 0]
                  0000a184    0000000c     Button.obj (.const:.typeinfo:_ZTI6Button)
                  0000a190    0000000c     Screen.obj (.const:.typeinfo:_ZTI6Screen)
                  0000a19c    0000000c     rtsv7M4_T_le_v4SPD16_eabi.lib : typeinfo_.obj (.const:.typeinfo:_ZTIN10__cxxabiv117__class_type_infoE)
                  0000a1a8    0000000c                                   : typeinfo_.obj (.const:.typeinfo:_ZTIN10__cxxabiv117__pbase_type_infoE)
                  0000a1b4    0000000c                                   : typeinfo_.obj (.const:.typeinfo:_ZTIN10__cxxabiv119__pointer_type_infoE)
                  0000a1c0    0000000c                                   : typeinfo_.obj (.const:.typeinfo:_ZTIN10__cxxabiv120__si_class_type_infoE)
                  0000a1cc    0000000c                                   : typeinfo_.obj (.const:.typeinfo:_ZTIN10__cxxabiv123__fundamental_type_infoE)
                  0000a1d8    00000008     Crystalfontz128x128_ST7735.obj (.const:$P$T0$1)
                  0000a1e0    00000008     Button.obj (.const:.typeinfo:_ZTI4Task)
                  0000a1e8    00000008     rtsv7M4_T_le_v4SPD16_eabi.lib : typeinfo_.obj (.const:.typeinfo:_ZTISt9type_info)
                  0000a1f0    00000008                                   : typeinfo_.obj (.const:.typeinfo:_ZTIe)
                  0000a1f8    00000008     Button.obj (.const:.typeinfo:_ZTS6Button)
                  0000a200    00000008     Screen.obj (.const:.typeinfo:_ZTS6Screen)
                  0000a208    00000008     interrupt.obj (.const:g_pulDisRegs)
                  0000a210    00000008     interrupt.obj (.const:g_pulEnRegs)
                  0000a218    00000008     interrupt.obj (.const:g_pulPendRegs)
                  0000a220    00000008     interrupt.obj (.const:g_pulUnpendRegs)
                  0000a228    00000006     Button.obj (.const:.typeinfo:_ZTS4Task)
                  0000a22e    00000004     rtsv7M4_T_le_v4SPD16_eabi.lib : typeinfo_.obj (.const:.typeinfo:_ZTSPKe)

.cinit     0    0000a238    0000009c     
                  0000a238    00000060     (.cinit..data.load) [load image, compression = rle]
                  0000a298    0000000b     (.cinit..bss.load) [load image, compression = rle]
                  0000a2a3    00000005     --HOLE-- [fill = 0]
                  0000a2a8    00000009     (.cinit..vtable.load) [load image, compression = rle]
                  0000a2b1    00000003     --HOLE-- [fill = 0]
                  0000a2b4    00000008     (__TI_handler_table)
                  0000a2bc    00000018     (__TI_cinit_table)

.init_array 
*          0    0000a234    00000004     
                  0000a234    00000004     main.obj (.init_array)

.vtable    0    20000000    000000e4     UNINITIALIZED
                  20000000    000000e4     interrupt.obj (.vtable)

.bss       0    200000e8    00002426     UNINITIALIZED
                  200000e8    00001ff0     main.obj (.bss:MainScheduler)
                  200020d8    00000400     image.obj (.bss:g_pulConvertedPalette)
                  200024d8    0000001c     (.common:g_sContext)
                  200024f4    00000008     (.common:aDataFromADC)
                  200024fc    00000004     main.obj (.bss)
                  20002500    00000004     (.common:_ZSt16__dummy_typeinfo)
                  20002504    00000002     (.common:Lcd_ScreenHeigth)
                  20002506    00000002     (.common:Lcd_ScreenWidth)
                  20002508    00000002     (.common:Lcd_TouchTrim)
                  2000250a    00000001     (.common:Lcd_FlagRead)
                  2000250b    00000001     (.common:Lcd_FontSolid)
                  2000250c    00000001     (.common:Lcd_Orientation)
                  2000250d    00000001     (.common:Lcd_PenSolid)

.sysmem    0    20002510    00000400     UNINITIALIZED
                  20002510    00000008     rtsv7M4_T_le_v4SPD16_eabi.lib : memory.obj (.sysmem)
                  20002518    000003f8     --HOLE--

.data      0    20002910    00000074     UNINITIALIZED
                  20002910    00000030     gpio.obj (.data:GPIO_PORT_TO_BASE)
                  20002940    00000014     main.obj (.data)
                  20002954    0000000c     rtsv7M4_T_le_v4SPD16_eabi.lib : exit.obj (.data:$O1$$)
                  20002960    0000000c                                   : memory.obj (.data:$O1$$)
                  2000296c    00000008                                   : _lock.obj (.data:$O1$$)
                  20002974    00000004     main.obj (.data:aDataFromButton)
                  20002978    00000004     rtsv7M4_T_le_v4SPD16_eabi.lib : stkdepth_vars.obj (.data)
                  2000297c    00000004                                   : vars.obj (.data)
                  20002980    00000004     system_msp432p401r.obj (.data)

.stack     0    2000fe00    00000200     UNINITIALIZED
                  2000fe00    00000200     --HOLE--

MODULE SUMMARY

       Module                                               code    ro data   rw data
       ------                                               ----    -------   -------
    ./
       Screen.obj                                           452     18524     56     
       main.obj                                             996     44        16424  
       Scheduler.obj                                        1480    40        0      
       system_msp432p401r.obj                               880     0         8      
       Button.obj                                           208     74        0      
       startup_msp432p401r_ccs.obj                          14      228       0      
       Task.obj                                             140     20        0      
       Ball.obj                                             44      20        0      
       LED.obj                                              12      0         0      
    +--+----------------------------------------------------+-------+---------+---------+
       Total:                                               4226    18950     16488  
                                                                                     
    ./GrLib/fonts/
       fontfixed6x8.obj                                     0       960       0      
    +--+----------------------------------------------------+-------+---------+---------+
       Total:                                               0       960       0      
                                                                                     
    ./GrLib/grlib/
       image.obj                                            1106    0         2048   
       string.obj                                           1584    0         0      
       line.obj                                             1168    0         0      
       rectangle.obj                                        830     0         0      
       context.obj                                          614     0         0      
       display.obj                                          308     0         0      
    +--+----------------------------------------------------+-------+---------+---------+
       Total:                                               5610    0         2048   
                                                                                     
    ./LcdDriver/
       Crystalfontz128x128_ST7735.obj                       1656    52        20     
       HAL_MSP_EXP432P401R_Crystalfontz128x128_ST7735.obj   188     28        0      
    +--+----------------------------------------------------+-------+---------+---------+
       Total:                                               1844    80        20     
                                                                                     
    ./driverlib/MSP432P4xx/
       adc14.obj                                            2272    128       0      
       spi.obj                                              2212    0         0      
       interrupt.obj                                        1008    144       456    
       gpio.obj                                             1152    28        96     
       cpu.obj                                              62      0         0      
    +--+----------------------------------------------------+-------+---------+---------+
       Total:                                               6706    300       552    
                                                                                     
    /opt/ti/ccsv6/tools/compiler/arm_15.12.3.LTS/lib/rtsv7M4_T_le_v4SPD16_eabi.lib
       memory.obj                                           988     0         24     
       typeinfo_.obj                                        188     356       8      
       fd_div_t2.obj                                        310     0         0      
       memcpy_t2.obj                                        156     0         0      
       memset_t2.obj                                        122     0         0      
       autoinit.obj                                         112     0         0      
       copy_decompress_rle.obj                              112     0         0      
       exit.obj                                             84      0         24     
       boot.obj                                             84      0         0      
       cpy_tbl.obj                                          76      0         0      
       fd_toi_t2.obj                                        72      0         0      
       fs_tod_t2.obj                                        56      0         0      
       new_.obj                                             48      0         0      
       _lock.obj                                            20      0         16     
       args_main.obj                                        24      0         0      
       copy_decompress_none.obj                             14      0         0      
       delete.obj                                           8       0         0      
       stkdepth_vars.obj                                    0       0         8      
       vars.obj                                             0       0         8      
       pre_init.obj                                         4       0         0      
       mpu_init.obj                                         2       0         0      
       newhandler.obj                                       2       0         0      
       startup.obj                                          2       0         0      
    +--+----------------------------------------------------+-------+---------+---------+
       Total:                                               2484    356       88     
                                                                                     
       Heap:                                                0       0         2048   
       Stack:                                               0       0         1024   
       Linker Generated:                                    0       148       0      
    +--+----------------------------------------------------+-------+---------+---------+
       Grand Total:                                         20870   20794     22268  


LINKER GENERATED COPY TABLES

__TI_cinit_table @ 0000a2bc records: 3, size/record: 8, table size: 24
	.data: load addr=0000a238, load size=00000060 bytes, run addr=20002910, run size=00000074 bytes, compression=rle
	.bss: load addr=0000a298, load size=0000000b bytes, run addr=200000e8, run size=00002426 bytes, compression=rle
	.vtable: load addr=0000a2a8, load size=00000009 bytes, run addr=20000000, run size=000000e4 bytes, compression=rle


LINKER GENERATED HANDLER TABLE

__TI_handler_table @ 0000a2b4 records: 2, size/record: 4, table size: 8
	index: 0, handler: __TI_decompress_rle24
	index: 1, handler: __TI_decompress_none


GLOBAL SYMBOLS: SORTED ALPHABETICALLY BY Name 

address   name                                              
-------   ----                                              
000037fb  ADC14_IRQHandler                                  
000037fb  ADC14_IRQHandler                                  
00000939  ADC14_clearInterruptFlag                          
000004d9  ADC14_configureConversionMemory                   
00000381  ADC14_configureMultiSequenceMode                  
00000417  ADC14_configureSingleSampleMode                   
00000611  ADC14_disableComparatorWindow                     
000004af  ADC14_disableConversion                           
000008b3  ADC14_disableInterrupt                            
00000255  ADC14_disableModule                               
0000082f  ADC14_disableReferenceBurst                       
00000295  ADC14_disableSampleTimer                          
00000581  ADC14_enableComparatorWindow                      
0000046d  ADC14_enableConversion                            
00000887  ADC14_enableInterrupt                             
0000024d  ADC14_enableModule                                
00000819  ADC14_enableReferenceBurst                        
0000026b  ADC14_enableSampleTimer                           
00000909  ADC14_getEnabledInterruptStatus                   
000008df  ADC14_getInterruptStatus                          
00000739  ADC14_getMultiSequenceResult                      
0000030b  ADC14_getResolution                               
0000071f  ADC14_getResult                                   
000007a5  ADC14_getResultArray                              
000002ab  ADC14_initModule                                  
000004bb  ADC14_isBusy                                      
00000969  ADC14_registerInterrupt                           
0000066f  ADC14_setComparatorWindowValue                    
00000845  ADC14_setPowerMode                                
000002f1  ADC14_setResolution                               
000006f5  ADC14_setResultFormat                             
00000357  ADC14_setSampleHoldTime                           
00000315  ADC14_setSampleHoldTrigger                        
0000048d  ADC14_toggleConversionTrigger                     
0000097d  ADC14_unregisterInterrupt                         
00005243  AES256_IRQHandler                                 
0000371b  BUTTON_DOWN_ISR                                   
000037bf  BUTTON_UP_ISR                                     
00005243  BusFault_Handler                                  
00005041  C$$EXIT                                           
00005243  COMP_E0_IRQHandler                                
00005243  COMP_E1_IRQHandler                                
0000515d  CPU_basepriGet                                    
0000514f  CPU_basepriSet                                    
00005129  CPU_cpsid                                         
0000513f  CPU_cpsie                                         
00005135  CPU_primask                                       
0000514b  CPU_wfi                                           
00005243  CS_IRQHandler                                     
00001269  Crystalfontz128x128_Init                          
0000137d  Crystalfontz128x128_SetDrawFrame                  
000014ab  Crystalfontz128x128_SetOrientation                
00005243  DMA_ERR_IRQHandler                                
00005243  DMA_INT0_IRQHandler                               
00005243  DMA_INT1_IRQHandler                               
00005243  DMA_INT2_IRQHandler                               
00005243  DMA_INT3_IRQHandler                               
00005243  DebugMon_Handler                                  
00005243  Default_Handler                                   
00005243  EUSCIA0_IRQHandler                                
00005243  EUSCIA1_IRQHandler                                
00005243  EUSCIA2_IRQHandler                                
00005243  EUSCIA3_IRQHandler                                
00005243  EUSCIB0_IRQHandler                                
00005243  EUSCIB1_IRQHandler                                
00005243  EUSCIB2_IRQHandler                                
00005243  EUSCIB3_IRQHandler                                
00001133  EUSCI_A_SPI_changeClockPhasePolarity              
000011e7  EUSCI_A_SPI_clearInterruptFlag                    
00001217  EUSCI_A_SPI_disable                               
000011b5  EUSCI_A_SPI_disableInterrupt                      
00001201  EUSCI_A_SPI_enable                                
0000119b  EUSCI_A_SPI_enableInterrupt                       
000011cf  EUSCI_A_SPI_getInterruptStatus                    
0000122d  EUSCI_A_SPI_getReceiveBufferAddressForDMA         
0000123b  EUSCI_A_SPI_getTransmitBufferAddressForDMA        
00001249  EUSCI_A_SPI_isBusy                                
000010b3  EUSCI_A_SPI_masterChangeClock                     
0000118b  EUSCI_A_SPI_receiveData                           
00001093  EUSCI_A_SPI_select4PinFunctionality               
000010e9  EUSCI_A_SPI_slaveInit                             
00001175  EUSCI_A_SPI_transmitData                          
00000f65  EUSCI_B_SPI_changeClockPhasePolarity              
00001019  EUSCI_B_SPI_clearInterruptFlag                    
00001049  EUSCI_B_SPI_disable                               
00000fe7  EUSCI_B_SPI_disableInterrupt                      
00001033  EUSCI_B_SPI_enable                                
00000fcd  EUSCI_B_SPI_enableInterrupt                       
00001001  EUSCI_B_SPI_getInterruptStatus                    
0000105f  EUSCI_B_SPI_getReceiveBufferAddressForDMA         
0000106d  EUSCI_B_SPI_getTransmitBufferAddressForDMA        
0000107b  EUSCI_B_SPI_isBusy                                
00000ee9  EUSCI_B_SPI_masterChangeClock                     
00000fbd  EUSCI_B_SPI_receiveData                           
00000ec9  EUSCI_B_SPI_select4PinFunctionality               
00000f1b  EUSCI_B_SPI_slaveInit                             
00000fa7  EUSCI_B_SPI_transmitData                          
00005243  FLCTL_IRQHandler                                  
00005243  FPU_IRQHandler                                    
00002c8b  GPIO_clearInterruptFlag                           
00002c4b  GPIO_disableInterrupt                             
00002c29  GPIO_enableInterrupt                              
00002ce3  GPIO_getEnabledInterruptStatus                    
00002bfb  GPIO_getInputPinValue                             
00002c6d  GPIO_getInterruptStatus                           
00002cad  GPIO_interruptEdgeSelect                          
00002da3  GPIO_registerInterrupt                            
000029a3  GPIO_setAsInputPin                                
00002b57  GPIO_setAsInputPinWithPullDownResistor            
00002ba9  GPIO_setAsInputPinWithPullUpResistor              
00002969  GPIO_setAsOutputPin                               
00002a6d  GPIO_setAsPeripheralModuleFunctionInputPin        
000029e9  GPIO_setAsPeripheralModuleFunctionOutputPin       
00002d5f  GPIO_setDriveStrengthHigh                         
00002d81  GPIO_setDriveStrengthLow                          
00002af1  GPIO_setOutputHighOnPin                           
00002b13  GPIO_setOutputLowOnPin                            
00002b35  GPIO_toggleOutputOnPin                            
00002dc3  GPIO_unregisterInterrupt                          
00004687  Graphics_clearDisplay                             
00004b17  Graphics_clearDisplayOnDisplay                    
00004a69  Graphics_drawHorizontalLineOnDisplay              
00002e55  Graphics_drawImage                                
000027f5  Graphics_drawLine                                 
000024d9  Graphics_drawLineH                                
00002575  Graphics_drawLineV                                
00004a25  Graphics_drawMultiplePixelsOnDisplay              
00004699  Graphics_drawPixel                                
000049fb  Graphics_drawPixelOnDisplay                       
0000415d  Graphics_drawRectangle                            
00001a1b  Graphics_drawString                               
00001ea9  Graphics_drawStringCentered                       
00004a9d  Graphics_drawVerticalLineOnDisplay                
000041ff  Graphics_fillRectangle                            
00004ad1  Graphics_fillRectangleOnDisplay                   
00004679  Graphics_flushBuffer                              
00004b05  Graphics_flushOnDisplay                           
0000465b  Graphics_getDisplayHeight                         
0000464b  Graphics_getDisplayWidth                          
000045f9  Graphics_getFontBaseline                          
0000462f  Graphics_getFontHeight                            
0000463d  Graphics_getFontMaxWidth                          
0000466b  Graphics_getHeightOfDisplay                       
000031a9  Graphics_getImageColors                           
000031b7  Graphics_getImageHeight                           
000031c5  Graphics_getImageWidth                            
0000321d  Graphics_getOffScreen8BPPSize                     
000031d3  Graphics_getOffscreen1BppImageSize                
000031f9  Graphics_getOffscreen4BppImageSize                
00004363  Graphics_getRectangleIntersection                 
00001e99  Graphics_getStringBaseline                        
00001ef1  Graphics_getStringHeight                          
00001f01  Graphics_getStringMaxWidth                        
00001921  Graphics_getStringWidth                           
000046f3  Graphics_getWidthOfDisplay                        
0000449b  Graphics_initContext                              
00004449  Graphics_isPointWithinRectangle                   
00004311  Graphics_isRectangleOverlap                       
000045af  Graphics_setBackgroundColor                       
000045c9  Graphics_setBackgroundColorTranslated             
000044e5  Graphics_setClipRegion                            
000045df  Graphics_setFont                                  
00004607  Graphics_setForegroundColor                       
0000461d  Graphics_setForegroundColorTranslated             
00004aef  Graphics_translateColorOnDisplay                  
00004c01  HAL_LCD_PortInit                                  
00004c31  HAL_LCD_SpiInit                                   
00004c67  HAL_LCD_writeCommand                              
00004c8f  HAL_LCD_writeData                                 
00005243  HardFault_Handler                                 
000033ff  Interrupt_disableInterrupt                        
0000324f  Interrupt_disableMaster                           
000035fd  Interrupt_disableSleepOnIsrExit                   
0000338d  Interrupt_enableInterrupt                         
0000323f  Interrupt_enableMaster                            
000035eb  Interrupt_enableSleepOnIsrExit                    
00003367  Interrupt_getPriority                             
000032df  Interrupt_getPriorityGrouping                     
000035cb  Interrupt_getPriorityMask                         
000035e5  Interrupt_getVectorTableAddress                   
00003471  Interrupt_isEnabled                               
000034fd  Interrupt_pendInterrupt                           
0000325f  Interrupt_registerInterrupt                       
00003317  Interrupt_setPriority                             
000032c5  Interrupt_setPriorityGrouping                     
000035bb  Interrupt_setPriorityMask                         
000035d5  Interrupt_setVectorTableAddress                   
0000356d  Interrupt_unpendInterrupt                         
000032b1  Interrupt_unregisterInterrupt                     
2000250a  Lcd_FlagRead                                      
2000250b  Lcd_FontSolid                                     
2000250c  Lcd_Orientation                                   
2000250d  Lcd_PenSolid                                      
20002504  Lcd_ScreenHeigth                                  
20002506  Lcd_ScreenWidth                                   
20002508  Lcd_TouchTrim                                     
200000e8  MainScheduler                                     
00005243  MemManage_Handler                                 
00005243  NMI_Handler                                       
00005243  PCM_IRQHandler                                    
00005243  PORT1_IRQHandler                                  
00005243  PORT2_IRQHandler                                  
00005243  PORT3_IRQHandler                                  
00005243  PORT4_IRQHandler                                  
00005243  PORT5_IRQHandler                                  
00005243  PORT6_IRQHandler                                  
00005243  PSS_IRQHandler                                    
00005243  PendSV_Handler                                    
00005243  RTC_C_IRQHandler                                  
00005237  Reset_Handler                                     
0000a234  SHT$$INIT_ARRAY$$Base                             
0000a238  SHT$$INIT_ARRAY$$Limit                            
00000b87  SPI_changeClockPhasePolarity                      
00000ae1  SPI_changeMasterClock                             
00000d39  SPI_clearInterruptFlag                            
00000cbb  SPI_disableInterrupt                              
00000c15  SPI_disableModule                                 
00000c95  SPI_enableInterrupt                               
00000bf9  SPI_enableModule                                  
00000d09  SPI_getEnabledInterruptStatus                     
00000ce1  SPI_getInterruptStatus                            
00000c31  SPI_getReceiveBufferAddressForDMA                 
00000c4d  SPI_getTransmitBufferAddressForDMA                
000009f5  SPI_initMaster                                    
00000b09  SPI_initSlave                                     
00000c79  SPI_isBusy                                        
00000bdd  SPI_receiveData                                   
00000d5f  SPI_registerInterrupt                             
00000abb  SPI_selectFourPinFunctionality                    
00000bb7  SPI_transmitData                                  
00000e1d  SPI_unregisterInterrupt                           
00005243  SVC_Handler                                       
00005243  SysTick_Handler                                   
20002980  SystemCoreClock                                   
00003ded  SystemCoreClockUpdate                             
00004061  SystemInit                                        
000037dd  T32_INT1_IRQHandler                               
000037dd  T32_INT1_IRQHandler                               
00005243  T32_INT2_IRQHandler                               
00005243  T32_INTC_IRQHandler                               
00005243  TA0_0_IRQHandler                                  
00005243  TA0_N_IRQHandler                                  
00005243  TA1_0_IRQHandler                                  
00005243  TA1_N_IRQHandler                                  
00005243  TA2_0_IRQHandler                                  
00005243  TA2_N_IRQHandler                                  
00005243  TA3_0_IRQHandler                                  
00005243  TA3_N_IRQHandler                                  
00005243  UsageFault_Handler                                
4000480c  WDTCTL_SYM                                        
00005243  WDT_A_IRQHandler                                  
00004b2f  _Z21__default_new_handlerv                        
0000391d  _Z5Setupv                                         
00003837  _Z8setupADCv                                      
00004d69  _ZN10__cxxabiv116__enum_type_infoD0Ev             
00004d67  _ZN10__cxxabiv116__enum_type_infoD1Ev             
00004d67  _ZN10__cxxabiv116__enum_type_infoD2Ev             
00004d5f  _ZN10__cxxabiv117__array_type_infoD0Ev            
00004d5d  _ZN10__cxxabiv117__array_type_infoD1Ev            
00004d5d  _ZN10__cxxabiv117__array_type_infoD2Ev            
00004d55  _ZN10__cxxabiv117__class_type_infoD0Ev            
00004d53  _ZN10__cxxabiv117__class_type_infoD1Ev            
00004d53  _ZN10__cxxabiv117__class_type_infoD2Ev            
00004d4b  _ZN10__cxxabiv117__pbase_type_infoD0Ev            
00004d49  _ZN10__cxxabiv117__pbase_type_infoD1Ev            
00004d49  _ZN10__cxxabiv117__pbase_type_infoD2Ev            
00004d41  _ZN10__cxxabiv119__pointer_type_infoD0Ev          
00004d3f  _ZN10__cxxabiv119__pointer_type_infoD1Ev          
00004d3f  _ZN10__cxxabiv119__pointer_type_infoD2Ev          
00004d37  _ZN10__cxxabiv120__function_type_infoD0Ev         
00004d35  _ZN10__cxxabiv120__function_type_infoD1Ev         
00004d35  _ZN10__cxxabiv120__function_type_infoD2Ev         
00004d2d  _ZN10__cxxabiv120__si_class_type_infoD0Ev         
00004d2b  _ZN10__cxxabiv120__si_class_type_infoD1Ev         
00004d2b  _ZN10__cxxabiv120__si_class_type_infoD2Ev         
00004d23  _ZN10__cxxabiv121__vmi_class_type_infoD0Ev        
00004d21  _ZN10__cxxabiv121__vmi_class_type_infoD1Ev        
00004d21  _ZN10__cxxabiv121__vmi_class_type_infoD2Ev        
00004d19  _ZN10__cxxabiv123__fundamental_type_infoD0Ev      
00004d17  _ZN10__cxxabiv123__fundamental_type_infoD1Ev      
00004d17  _ZN10__cxxabiv123__fundamental_type_infoD2Ev      
00004d0f  _ZN10__cxxabiv129__pointer_to_member_type_infoD0Ev
00004d0d  _ZN10__cxxabiv129__pointer_to_member_type_infoD1Ev
00004d0d  _ZN10__cxxabiv129__pointer_to_member_type_infoD2Ev
000051d1  _ZN4Task11SendMessageEv                           
00005245  _ZN4Task14ProcessMessageE3MSG                     
00004e7f  _ZN4Task17GetTaskFinalCountEv                     
00004e51  _ZN4Task17SetTaskFinalCountEy                     
00004e6f  _ZN4Task19GetTaskCurrentCountEv                   
00004e33  _ZN4Task19SetTaskCurrentCountEy                   
00005251  _ZN4Task3runEv                                    
00004e15  _ZN4TaskC1Ev                                      
00004e15  _ZN4TaskC2Ev                                      
00004bd3  _ZN6Button11SendMessageEv                         
00004bb7  _ZN6Button14ProcessMessageE3MSG                   
00004ba7  _ZN6Button3runEv                                  
00004b31  _ZN6ButtonC1Eibiiy                                
00004b31  _ZN6ButtonC2Eibiiy                                
00004849  _ZN6Screen11printFigureE18Graphics_Rectangle      
0000478f  _ZN6Screen14ProcessMessageE3MSG                   
00004867  _ZN6Screen20ADCtoScreenValueConvEi                
00004783  _ZN6Screen3runEv                                  
00004701  _ZN6ScreenC1Eib                                   
00004701  _ZN6ScreenC2Eib                                   
0000225f  _ZN9Scheduler13attachMessageE3MSG                 
0000246b  _ZN9Scheduler14processMessageE3MSG                
000022bb  _ZN9Scheduler17clearMessageQueueEv                
00002421  _ZN9Scheduler18clearNextSchedulerEv               
0000215d  _ZN9Scheduler19ProcessMessageQueueEv              
0000208b  _ZN9Scheduler21CalculateNextScheduleEv            
000024bf  _ZN9Scheduler22SortScheduleByPriorityEP4Task      
0000202d  _ZN9Scheduler3runEv                               
00001fb7  _ZN9Scheduler6attachEP4Task                       
00001f11  _ZN9SchedulerC1Ev                                 
00001f11  _ZN9SchedulerC2Ev                                 
00004ccf  _ZNKSt9type_info4nameEv                           
00004cff  _ZNKSt9type_info6beforeERKS_                      
00004ce9  _ZNKSt9type_infoeqERKS_                           
00004cd3  _ZNKSt9type_infoneERKS_                           
00004cc7  _ZNSt9type_infoD0Ev                               
00004cc5  _ZNSt9type_infoD1Ev                               
00004cc5  _ZNSt9type_infoD2Ev                               
20002500  _ZSt16__dummy_typeinfo                            
00004cbd  _ZSt21__gen_dummy_typeinfosv                      
0000a1e0  _ZTI4Task                                         
0000a184  _ZTI6Button                                       
0000a190  _ZTI6Screen                                       
0000a19c  _ZTIN10__cxxabiv117__class_type_infoE             
0000a1a8  _ZTIN10__cxxabiv117__pbase_type_infoE             
0000a1b4  _ZTIN10__cxxabiv119__pointer_type_infoE           
0000a1c0  _ZTIN10__cxxabiv120__si_class_type_infoE          
0000a1cc  _ZTIN10__cxxabiv123__fundamental_type_infoE       
0000a114  _ZTIPKe                                           
0000a1e8  _ZTISt9type_info                                  
0000a1f0  _ZTIe                                             
0000a228  _ZTS4Task                                         
0000a1f8  _ZTS6Button                                       
0000a200  _ZTS6Screen                                       
00009fb9  _ZTSN10__cxxabiv117__class_type_infoE             
00009fdb  _ZTSN10__cxxabiv117__pbase_type_infoE             
00009f95  _ZTSN10__cxxabiv119__pointer_type_infoE           
00009f70  _ZTSN10__cxxabiv120__si_class_type_infoE          
00009f48  _ZTSN10__cxxabiv123__fundamental_type_infoE       
0000a22e  _ZTSPKe                                           
0000a174  _ZTSSt9type_info                                  
00009ffd  _ZTSe                                             
0000a0ec  _ZTV4Task                                         
0000a100  _ZTV6Button                                       
0000a058  _ZTV6Screen                                       
0000a124  _ZTVN10__cxxabiv117__class_type_infoE             
0000a134  _ZTVN10__cxxabiv119__pointer_type_infoE           
0000a144  _ZTVN10__cxxabiv120__si_class_type_infoE          
0000a154  _ZTVN10__cxxabiv123__fundamental_type_infoE       
0000525d  _ZdlPv                                            
000051a1  _Znwj                                             
20010000  __STACK_END                                       
00000200  __STACK_SIZE                                      
00000400  __SYSMEM_SIZE                                     
0000a2bc  __TI_CINIT_Base                                   
0000a2d4  __TI_CINIT_Limit                                  
0000a2b4  __TI_Handler_Table_Base                           
0000a2bc  __TI_Handler_Table_Limit                          
00004f11  __TI_auto_init                                    
20002954  __TI_cleanup_ptr                                  
00005229  __TI_decompress_none                              
00005265  __TI_decompress_rle24                             
20002958  __TI_dtors_ptr                                    
2000295c  __TI_enable_exit_profile_output                   
ffffffff  __TI_pprof_out_hndl                               
ffffffff  __TI_prof_data_size                               
ffffffff  __TI_prof_data_start                              
00000000  __TI_static_base__                                
000050e1  __aeabi_d2iz                                      
000048c5  __aeabi_ddiv                                      
00005167  __aeabi_f2d                                       
00004e95  __aeabi_memclr                                    
00004e95  __aeabi_memclr4                                   
00004e95  __aeabi_memclr8                                   
00004d79  __aeabi_memcpy                                    
00004d79  __aeabi_memcpy4                                   
00004d79  __aeabi_memcpy8                                   
00004e97  __aeabi_memset                                    
00004e97  __aeabi_memset4                                   
00004e97  __aeabi_memset8                                   
ffffffff  __binit__                                         
ffffffff  __c_args__                                        
0000323b  __mpu_init                                        
2000fe00  __stack                                           
0000399d  __sti___8_main_cpp_position                       
000051fd  _args_main                                        
00004fed  _c_int00                                          
2000296c  _lock                                             
2000297c  _new_handler                                      
00005223  _nop                                              
0000521b  _register_lock                                    
00005215  _register_unlock                                  
20002510  _sys_memory                                       
00004f0f  _system_post_cinit                                
0000526b  _system_pre_init                                  
20002970  _unlock                                           
200024f4  aDataFromADC                                      
20002974  aDataFromButton                                   
00005045  abort                                             
ffffffff  binit                                             
00003db9  calloc                                            
00005095  copy_in                                           
2000294c  counter                                           
0000504d  exit                                              
00003b07  free                                              
20000000  g_pfnRAMVectors                                   
200024d8  g_sContext                                        
00009f1c  g_sCrystalfontz128x128                            
00009d84  g_sFontFixed6x8                                   
00000000  interruptVectors                                  
00003697  main                                              
20002978  main_func_sp                                      
00003a9f  malloc                                            
00003cd5  memalign                                          
00004d79  memcpy                                            
00004e9d  memset                                            
00003a11  minit                                             
20002948  pDataToScreen                                     
20002950  pDataToScreenB                                    
200024fc  position                                          
00003bc9  realloc                                           


GLOBAL SYMBOLS: SORTED BY Symbol Address 

address   name                                              
-------   ----                                              
00000000  __TI_static_base__                                
00000000  interruptVectors                                  
00000200  __STACK_SIZE                                      
0000024d  ADC14_enableModule                                
00000255  ADC14_disableModule                               
0000026b  ADC14_enableSampleTimer                           
00000295  ADC14_disableSampleTimer                          
000002ab  ADC14_initModule                                  
000002f1  ADC14_setResolution                               
0000030b  ADC14_getResolution                               
00000315  ADC14_setSampleHoldTrigger                        
00000357  ADC14_setSampleHoldTime                           
00000381  ADC14_configureMultiSequenceMode                  
00000400  __SYSMEM_SIZE                                     
00000417  ADC14_configureSingleSampleMode                   
0000046d  ADC14_enableConversion                            
0000048d  ADC14_toggleConversionTrigger                     
000004af  ADC14_disableConversion                           
000004bb  ADC14_isBusy                                      
000004d9  ADC14_configureConversionMemory                   
00000581  ADC14_enableComparatorWindow                      
00000611  ADC14_disableComparatorWindow                     
0000066f  ADC14_setComparatorWindowValue                    
000006f5  ADC14_setResultFormat                             
0000071f  ADC14_getResult                                   
00000739  ADC14_getMultiSequenceResult                      
000007a5  ADC14_getResultArray                              
00000819  ADC14_enableReferenceBurst                        
0000082f  ADC14_disableReferenceBurst                       
00000845  ADC14_setPowerMode                                
00000887  ADC14_enableInterrupt                             
000008b3  ADC14_disableInterrupt                            
000008df  ADC14_getInterruptStatus                          
00000909  ADC14_getEnabledInterruptStatus                   
00000939  ADC14_clearInterruptFlag                          
00000969  ADC14_registerInterrupt                           
0000097d  ADC14_unregisterInterrupt                         
000009f5  SPI_initMaster                                    
00000abb  SPI_selectFourPinFunctionality                    
00000ae1  SPI_changeMasterClock                             
00000b09  SPI_initSlave                                     
00000b87  SPI_changeClockPhasePolarity                      
00000bb7  SPI_transmitData                                  
00000bdd  SPI_receiveData                                   
00000bf9  SPI_enableModule                                  
00000c15  SPI_disableModule                                 
00000c31  SPI_getReceiveBufferAddressForDMA                 
00000c4d  SPI_getTransmitBufferAddressForDMA                
00000c79  SPI_isBusy                                        
00000c95  SPI_enableInterrupt                               
00000cbb  SPI_disableInterrupt                              
00000ce1  SPI_getInterruptStatus                            
00000d09  SPI_getEnabledInterruptStatus                     
00000d39  SPI_clearInterruptFlag                            
00000d5f  SPI_registerInterrupt                             
00000e1d  SPI_unregisterInterrupt                           
00000ec9  EUSCI_B_SPI_select4PinFunctionality               
00000ee9  EUSCI_B_SPI_masterChangeClock                     
00000f1b  EUSCI_B_SPI_slaveInit                             
00000f65  EUSCI_B_SPI_changeClockPhasePolarity              
00000fa7  EUSCI_B_SPI_transmitData                          
00000fbd  EUSCI_B_SPI_receiveData                           
00000fcd  EUSCI_B_SPI_enableInterrupt                       
00000fe7  EUSCI_B_SPI_disableInterrupt                      
00001001  EUSCI_B_SPI_getInterruptStatus                    
00001019  EUSCI_B_SPI_clearInterruptFlag                    
00001033  EUSCI_B_SPI_enable                                
00001049  EUSCI_B_SPI_disable                               
0000105f  EUSCI_B_SPI_getReceiveBufferAddressForDMA         
0000106d  EUSCI_B_SPI_getTransmitBufferAddressForDMA        
0000107b  EUSCI_B_SPI_isBusy                                
00001093  EUSCI_A_SPI_select4PinFunctionality               
000010b3  EUSCI_A_SPI_masterChangeClock                     
000010e9  EUSCI_A_SPI_slaveInit                             
00001133  EUSCI_A_SPI_changeClockPhasePolarity              
00001175  EUSCI_A_SPI_transmitData                          
0000118b  EUSCI_A_SPI_receiveData                           
0000119b  EUSCI_A_SPI_enableInterrupt                       
000011b5  EUSCI_A_SPI_disableInterrupt                      
000011cf  EUSCI_A_SPI_getInterruptStatus                    
000011e7  EUSCI_A_SPI_clearInterruptFlag                    
00001201  EUSCI_A_SPI_enable                                
00001217  EUSCI_A_SPI_disable                               
0000122d  EUSCI_A_SPI_getReceiveBufferAddressForDMA         
0000123b  EUSCI_A_SPI_getTransmitBufferAddressForDMA        
00001249  EUSCI_A_SPI_isBusy                                
00001269  Crystalfontz128x128_Init                          
0000137d  Crystalfontz128x128_SetDrawFrame                  
000014ab  Crystalfontz128x128_SetOrientation                
00001921  Graphics_getStringWidth                           
00001a1b  Graphics_drawString                               
00001e99  Graphics_getStringBaseline                        
00001ea9  Graphics_drawStringCentered                       
00001ef1  Graphics_getStringHeight                          
00001f01  Graphics_getStringMaxWidth                        
00001f11  _ZN9SchedulerC1Ev                                 
00001f11  _ZN9SchedulerC2Ev                                 
00001fb7  _ZN9Scheduler6attachEP4Task                       
0000202d  _ZN9Scheduler3runEv                               
0000208b  _ZN9Scheduler21CalculateNextScheduleEv            
0000215d  _ZN9Scheduler19ProcessMessageQueueEv              
0000225f  _ZN9Scheduler13attachMessageE3MSG                 
000022bb  _ZN9Scheduler17clearMessageQueueEv                
00002421  _ZN9Scheduler18clearNextSchedulerEv               
0000246b  _ZN9Scheduler14processMessageE3MSG                
000024bf  _ZN9Scheduler22SortScheduleByPriorityEP4Task      
000024d9  Graphics_drawLineH                                
00002575  Graphics_drawLineV                                
000027f5  Graphics_drawLine                                 
00002969  GPIO_setAsOutputPin                               
000029a3  GPIO_setAsInputPin                                
000029e9  GPIO_setAsPeripheralModuleFunctionOutputPin       
00002a6d  GPIO_setAsPeripheralModuleFunctionInputPin        
00002af1  GPIO_setOutputHighOnPin                           
00002b13  GPIO_setOutputLowOnPin                            
00002b35  GPIO_toggleOutputOnPin                            
00002b57  GPIO_setAsInputPinWithPullDownResistor            
00002ba9  GPIO_setAsInputPinWithPullUpResistor              
00002bfb  GPIO_getInputPinValue                             
00002c29  GPIO_enableInterrupt                              
00002c4b  GPIO_disableInterrupt                             
00002c6d  GPIO_getInterruptStatus                           
00002c8b  GPIO_clearInterruptFlag                           
00002cad  GPIO_interruptEdgeSelect                          
00002ce3  GPIO_getEnabledInterruptStatus                    
00002d5f  GPIO_setDriveStrengthHigh                         
00002d81  GPIO_setDriveStrengthLow                          
00002da3  GPIO_registerInterrupt                            
00002dc3  GPIO_unregisterInterrupt                          
00002e55  Graphics_drawImage                                
000031a9  Graphics_getImageColors                           
000031b7  Graphics_getImageHeight                           
000031c5  Graphics_getImageWidth                            
000031d3  Graphics_getOffscreen1BppImageSize                
000031f9  Graphics_getOffscreen4BppImageSize                
0000321d  Graphics_getOffScreen8BPPSize                     
0000323b  __mpu_init                                        
0000323f  Interrupt_enableMaster                            
0000324f  Interrupt_disableMaster                           
0000325f  Interrupt_registerInterrupt                       
000032b1  Interrupt_unregisterInterrupt                     
000032c5  Interrupt_setPriorityGrouping                     
000032df  Interrupt_getPriorityGrouping                     
00003317  Interrupt_setPriority                             
00003367  Interrupt_getPriority                             
0000338d  Interrupt_enableInterrupt                         
000033ff  Interrupt_disableInterrupt                        
00003471  Interrupt_isEnabled                               
000034fd  Interrupt_pendInterrupt                           
0000356d  Interrupt_unpendInterrupt                         
000035bb  Interrupt_setPriorityMask                         
000035cb  Interrupt_getPriorityMask                         
000035d5  Interrupt_setVectorTableAddress                   
000035e5  Interrupt_getVectorTableAddress                   
000035eb  Interrupt_enableSleepOnIsrExit                    
000035fd  Interrupt_disableSleepOnIsrExit                   
00003697  main                                              
0000371b  BUTTON_DOWN_ISR                                   
000037bf  BUTTON_UP_ISR                                     
000037dd  T32_INT1_IRQHandler                               
000037dd  T32_INT1_IRQHandler                               
000037fb  ADC14_IRQHandler                                  
000037fb  ADC14_IRQHandler                                  
00003837  _Z8setupADCv                                      
0000391d  _Z5Setupv                                         
0000399d  __sti___8_main_cpp_position                       
00003a11  minit                                             
00003a9f  malloc                                            
00003b07  free                                              
00003bc9  realloc                                           
00003cd5  memalign                                          
00003db9  calloc                                            
00003ded  SystemCoreClockUpdate                             
00004061  SystemInit                                        
0000415d  Graphics_drawRectangle                            
000041ff  Graphics_fillRectangle                            
00004311  Graphics_isRectangleOverlap                       
00004363  Graphics_getRectangleIntersection                 
00004449  Graphics_isPointWithinRectangle                   
0000449b  Graphics_initContext                              
000044e5  Graphics_setClipRegion                            
000045af  Graphics_setBackgroundColor                       
000045c9  Graphics_setBackgroundColorTranslated             
000045df  Graphics_setFont                                  
000045f9  Graphics_getFontBaseline                          
00004607  Graphics_setForegroundColor                       
0000461d  Graphics_setForegroundColorTranslated             
0000462f  Graphics_getFontHeight                            
0000463d  Graphics_getFontMaxWidth                          
0000464b  Graphics_getDisplayWidth                          
0000465b  Graphics_getDisplayHeight                         
0000466b  Graphics_getHeightOfDisplay                       
00004679  Graphics_flushBuffer                              
00004687  Graphics_clearDisplay                             
00004699  Graphics_drawPixel                                
000046f3  Graphics_getWidthOfDisplay                        
00004701  _ZN6ScreenC1Eib                                   
00004701  _ZN6ScreenC2Eib                                   
00004783  _ZN6Screen3runEv                                  
0000478f  _ZN6Screen14ProcessMessageE3MSG                   
00004849  _ZN6Screen11printFigureE18Graphics_Rectangle      
00004867  _ZN6Screen20ADCtoScreenValueConvEi                
000048c5  __aeabi_ddiv                                      
000049fb  Graphics_drawPixelOnDisplay                       
00004a25  Graphics_drawMultiplePixelsOnDisplay              
00004a69  Graphics_drawHorizontalLineOnDisplay              
00004a9d  Graphics_drawVerticalLineOnDisplay                
00004ad1  Graphics_fillRectangleOnDisplay                   
00004aef  Graphics_translateColorOnDisplay                  
00004b05  Graphics_flushOnDisplay                           
00004b17  Graphics_clearDisplayOnDisplay                    
00004b2f  _Z21__default_new_handlerv                        
00004b31  _ZN6ButtonC1Eibiiy                                
00004b31  _ZN6ButtonC2Eibiiy                                
00004ba7  _ZN6Button3runEv                                  
00004bb7  _ZN6Button14ProcessMessageE3MSG                   
00004bd3  _ZN6Button11SendMessageEv                         
00004c01  HAL_LCD_PortInit                                  
00004c31  HAL_LCD_SpiInit                                   
00004c67  HAL_LCD_writeCommand                              
00004c8f  HAL_LCD_writeData                                 
00004cbd  _ZSt21__gen_dummy_typeinfosv                      
00004cc5  _ZNSt9type_infoD1Ev                               
00004cc5  _ZNSt9type_infoD2Ev                               
00004cc7  _ZNSt9type_infoD0Ev                               
00004ccf  _ZNKSt9type_info4nameEv                           
00004cd3  _ZNKSt9type_infoneERKS_                           
00004ce9  _ZNKSt9type_infoeqERKS_                           
00004cff  _ZNKSt9type_info6beforeERKS_                      
00004d0d  _ZN10__cxxabiv129__pointer_to_member_type_infoD1Ev
00004d0d  _ZN10__cxxabiv129__pointer_to_member_type_infoD2Ev
00004d0f  _ZN10__cxxabiv129__pointer_to_member_type_infoD0Ev
00004d17  _ZN10__cxxabiv123__fundamental_type_infoD1Ev      
00004d17  _ZN10__cxxabiv123__fundamental_type_infoD2Ev      
00004d19  _ZN10__cxxabiv123__fundamental_type_infoD0Ev      
00004d21  _ZN10__cxxabiv121__vmi_class_type_infoD1Ev        
00004d21  _ZN10__cxxabiv121__vmi_class_type_infoD2Ev        
00004d23  _ZN10__cxxabiv121__vmi_class_type_infoD0Ev        
00004d2b  _ZN10__cxxabiv120__si_class_type_infoD1Ev         
00004d2b  _ZN10__cxxabiv120__si_class_type_infoD2Ev         
00004d2d  _ZN10__cxxabiv120__si_class_type_infoD0Ev         
00004d35  _ZN10__cxxabiv120__function_type_infoD1Ev         
00004d35  _ZN10__cxxabiv120__function_type_infoD2Ev         
00004d37  _ZN10__cxxabiv120__function_type_infoD0Ev         
00004d3f  _ZN10__cxxabiv119__pointer_type_infoD1Ev          
00004d3f  _ZN10__cxxabiv119__pointer_type_infoD2Ev          
00004d41  _ZN10__cxxabiv119__pointer_type_infoD0Ev          
00004d49  _ZN10__cxxabiv117__pbase_type_infoD1Ev            
00004d49  _ZN10__cxxabiv117__pbase_type_infoD2Ev            
00004d4b  _ZN10__cxxabiv117__pbase_type_infoD0Ev            
00004d53  _ZN10__cxxabiv117__class_type_infoD1Ev            
00004d53  _ZN10__cxxabiv117__class_type_infoD2Ev            
00004d55  _ZN10__cxxabiv117__class_type_infoD0Ev            
00004d5d  _ZN10__cxxabiv117__array_type_infoD1Ev            
00004d5d  _ZN10__cxxabiv117__array_type_infoD2Ev            
00004d5f  _ZN10__cxxabiv117__array_type_infoD0Ev            
00004d67  _ZN10__cxxabiv116__enum_type_infoD1Ev             
00004d67  _ZN10__cxxabiv116__enum_type_infoD2Ev             
00004d69  _ZN10__cxxabiv116__enum_type_infoD0Ev             
00004d79  __aeabi_memcpy                                    
00004d79  __aeabi_memcpy4                                   
00004d79  __aeabi_memcpy8                                   
00004d79  memcpy                                            
00004e15  _ZN4TaskC1Ev                                      
00004e15  _ZN4TaskC2Ev                                      
00004e33  _ZN4Task19SetTaskCurrentCountEy                   
00004e51  _ZN4Task17SetTaskFinalCountEy                     
00004e6f  _ZN4Task19GetTaskCurrentCountEv                   
00004e7f  _ZN4Task17GetTaskFinalCountEv                     
00004e95  __aeabi_memclr                                    
00004e95  __aeabi_memclr4                                   
00004e95  __aeabi_memclr8                                   
00004e97  __aeabi_memset                                    
00004e97  __aeabi_memset4                                   
00004e97  __aeabi_memset8                                   
00004e9d  memset                                            
00004f0f  _system_post_cinit                                
00004f11  __TI_auto_init                                    
00004fed  _c_int00                                          
00005041  C$$EXIT                                           
00005045  abort                                             
0000504d  exit                                              
00005095  copy_in                                           
000050e1  __aeabi_d2iz                                      
00005129  CPU_cpsid                                         
00005135  CPU_primask                                       
0000513f  CPU_cpsie                                         
0000514b  CPU_wfi                                           
0000514f  CPU_basepriSet                                    
0000515d  CPU_basepriGet                                    
00005167  __aeabi_f2d                                       
000051a1  _Znwj                                             
000051d1  _ZN4Task11SendMessageEv                           
000051fd  _args_main                                        
00005215  _register_unlock                                  
0000521b  _register_lock                                    
00005223  _nop                                              
00005229  __TI_decompress_none                              
00005237  Reset_Handler                                     
00005243  AES256_IRQHandler                                 
00005243  BusFault_Handler                                  
00005243  COMP_E0_IRQHandler                                
00005243  COMP_E1_IRQHandler                                
00005243  CS_IRQHandler                                     
00005243  DMA_ERR_IRQHandler                                
00005243  DMA_INT0_IRQHandler                               
00005243  DMA_INT1_IRQHandler                               
00005243  DMA_INT2_IRQHandler                               
00005243  DMA_INT3_IRQHandler                               
00005243  DebugMon_Handler                                  
00005243  Default_Handler                                   
00005243  EUSCIA0_IRQHandler                                
00005243  EUSCIA1_IRQHandler                                
00005243  EUSCIA2_IRQHandler                                
00005243  EUSCIA3_IRQHandler                                
00005243  EUSCIB0_IRQHandler                                
00005243  EUSCIB1_IRQHandler                                
00005243  EUSCIB2_IRQHandler                                
00005243  EUSCIB3_IRQHandler                                
00005243  FLCTL_IRQHandler                                  
00005243  FPU_IRQHandler                                    
00005243  HardFault_Handler                                 
00005243  MemManage_Handler                                 
00005243  NMI_Handler                                       
00005243  PCM_IRQHandler                                    
00005243  PORT1_IRQHandler                                  
00005243  PORT2_IRQHandler                                  
00005243  PORT3_IRQHandler                                  
00005243  PORT4_IRQHandler                                  
00005243  PORT5_IRQHandler                                  
00005243  PORT6_IRQHandler                                  
00005243  PSS_IRQHandler                                    
00005243  PendSV_Handler                                    
00005243  RTC_C_IRQHandler                                  
00005243  SVC_Handler                                       
00005243  SysTick_Handler                                   
00005243  T32_INT2_IRQHandler                               
00005243  T32_INTC_IRQHandler                               
00005243  TA0_0_IRQHandler                                  
00005243  TA0_N_IRQHandler                                  
00005243  TA1_0_IRQHandler                                  
00005243  TA1_N_IRQHandler                                  
00005243  TA2_0_IRQHandler                                  
00005243  TA2_N_IRQHandler                                  
00005243  TA3_0_IRQHandler                                  
00005243  TA3_N_IRQHandler                                  
00005243  UsageFault_Handler                                
00005243  WDT_A_IRQHandler                                  
00005245  _ZN4Task14ProcessMessageE3MSG                     
00005251  _ZN4Task3runEv                                    
0000525d  _ZdlPv                                            
00005265  __TI_decompress_rle24                             
0000526b  _system_pre_init                                  
00009d84  g_sFontFixed6x8                                   
00009f1c  g_sCrystalfontz128x128                            
00009f48  _ZTSN10__cxxabiv123__fundamental_type_infoE       
00009f70  _ZTSN10__cxxabiv120__si_class_type_infoE          
00009f95  _ZTSN10__cxxabiv119__pointer_type_infoE           
00009fb9  _ZTSN10__cxxabiv117__class_type_infoE             
00009fdb  _ZTSN10__cxxabiv117__pbase_type_infoE             
00009ffd  _ZTSe                                             
0000a058  _ZTV6Screen                                       
0000a0ec  _ZTV4Task                                         
0000a100  _ZTV6Button                                       
0000a114  _ZTIPKe                                           
0000a124  _ZTVN10__cxxabiv117__class_type_infoE             
0000a134  _ZTVN10__cxxabiv119__pointer_type_infoE           
0000a144  _ZTVN10__cxxabiv120__si_class_type_infoE          
0000a154  _ZTVN10__cxxabiv123__fundamental_type_infoE       
0000a174  _ZTSSt9type_info                                  
0000a184  _ZTI6Button                                       
0000a190  _ZTI6Screen                                       
0000a19c  _ZTIN10__cxxabiv117__class_type_infoE             
0000a1a8  _ZTIN10__cxxabiv117__pbase_type_infoE             
0000a1b4  _ZTIN10__cxxabiv119__pointer_type_infoE           
0000a1c0  _ZTIN10__cxxabiv120__si_class_type_infoE          
0000a1cc  _ZTIN10__cxxabiv123__fundamental_type_infoE       
0000a1e0  _ZTI4Task                                         
0000a1e8  _ZTISt9type_info                                  
0000a1f0  _ZTIe                                             
0000a1f8  _ZTS6Button                                       
0000a200  _ZTS6Screen                                       
0000a228  _ZTS4Task                                         
0000a22e  _ZTSPKe                                           
0000a234  SHT$$INIT_ARRAY$$Base                             
0000a238  SHT$$INIT_ARRAY$$Limit                            
0000a2b4  __TI_Handler_Table_Base                           
0000a2bc  __TI_CINIT_Base                                   
0000a2bc  __TI_Handler_Table_Limit                          
0000a2d4  __TI_CINIT_Limit                                  
20000000  g_pfnRAMVectors                                   
200000e8  MainScheduler                                     
200024d8  g_sContext                                        
200024f4  aDataFromADC                                      
200024fc  position                                          
20002500  _ZSt16__dummy_typeinfo                            
20002504  Lcd_ScreenHeigth                                  
20002506  Lcd_ScreenWidth                                   
20002508  Lcd_TouchTrim                                     
2000250a  Lcd_FlagRead                                      
2000250b  Lcd_FontSolid                                     
2000250c  Lcd_Orientation                                   
2000250d  Lcd_PenSolid                                      
20002510  _sys_memory                                       
20002948  pDataToScreen                                     
2000294c  counter                                           
20002950  pDataToScreenB                                    
20002954  __TI_cleanup_ptr                                  
20002958  __TI_dtors_ptr                                    
2000295c  __TI_enable_exit_profile_output                   
2000296c  _lock                                             
20002970  _unlock                                           
20002974  aDataFromButton                                   
20002978  main_func_sp                                      
2000297c  _new_handler                                      
20002980  SystemCoreClock                                   
2000fe00  __stack                                           
20010000  __STACK_END                                       
4000480c  WDTCTL_SYM                                        
ffffffff  __TI_pprof_out_hndl                               
ffffffff  __TI_prof_data_size                               
ffffffff  __TI_prof_data_start                              
ffffffff  __binit__                                         
ffffffff  __c_args__                                        
ffffffff  binit                                             

[425 symbols]
