******************************************************************************
                  TI ARM Linker Unix v15.12.3                  
******************************************************************************
>> Linked Tue Dec 13 00:23:56 2016

OUTPUT FILE NAME:   <finalProject.out>
ENTRY POINT SYMBOL: "_c_int00"  address: 000073b5


MEMORY CONFIGURATION

         name            origin    length      used     unused   attr    fill
----------------------  --------  ---------  --------  --------  ----  --------
  MAIN                  00000000   00040000  000080ec  00037f14  R  X
  INFO                  00200000   00004000  00000000  00004000  R  X
  SRAM_CODE             01000000   00010000  00002782  0000d87e  RW X
  SRAM_DATA             20000000   00010000  00002782  0000d87e  RW  


SEGMENT ALLOCATION MAP

run origin  load origin   length   init length attrs members
----------  ----------- ---------- ----------- ----- -------
00000000    00000000    000080f4   000080f4    r-x
  00000000    00000000    000000e4   000000e4    r-- .intvecs
  000000e4    000000e4    0000762a   0000762a    r-x .text
  00007710    00007710    0000093e   0000093e    r-- .const
  00008050    00008050    00000004   00000004    r-- .init_array
  00008058    00008058    0000009c   0000009c    r-- .cinit
20000000    20000000    00002588   00000000    rw-
  20000000    20000000    000000e4   00000000    rw- .vtable
  200000e8    200000e8    00002026   00000000    rw- .bss
  20002110    20002110    00000400   00000000    rw- .sysmem
  20002510    20002510    00000078   00000000    rw- .data
2000fe00    2000fe00    00000200   00000000    rw-
  2000fe00    2000fe00    00000200   00000000    rw- .stack


SECTION ALLOCATION MAP

 output                                  attributes/
section   page    origin      length       input sections
--------  ----  ----------  ----------   ----------------
.intvecs   0    00000000    000000e4     
                  00000000    000000e4     startup_msp432p401r_ccs.obj (.intvecs:retain)

.binit     0    00000000    00000000     

.text      0    000000e4    0000762a     
                  000000e4    00001110     rtsv7M4_T_le_v4SPD16_eabi.lib : _printfi.obj (.text)
                  000011f4    000008e0     adc14.obj (.text)
                  00001ad4    000008a4     spi.obj (.text)
                  00002378    0000088a     GameLogic.obj (.text)
                  00002c02    00000002     rtsv7M4_T_le_v4SPD16_eabi.lib : mpu_init.obj (.text)
                  00002c04    00000678     Crystalfontz128x128_ST7735.obj (.text)
                  0000327c    00000658     Scheduler.obj (.text)
                  000038d4    00000630     string.obj (.text)
                  00003f04    00000578     Screen.obj (.text)
                  0000447c    00000490     line.obj (.text)
                  0000490c    00000480     gpio.obj (.text)
                  00004d8c    00000400     main.obj (.text)
                  0000518c    000003f0     interrupt.obj (.text)
                  0000557c    000003dc     rtsv7M4_T_le_v4SPD16_eabi.lib : memory.obj (.text)
                  00005958    00000370     system_msp432p401r.obj (.text)
                  00005cc8    0000033e     rectangle.obj (.text)
                  00006006    00000266     context.obj (.text)
                  0000626c    000001f4     rtsv7M4_T_le_v4SPD16_eabi.lib : ull_div_t2.obj (.text)
                  00006460    000001b6                                   : fd_add_t2.obj (.text)
                  00006616    00000136                                   : fd_div_t2.obj (.text)
                  0000674c    00000134     display.obj (.text)
                  00006880    00000114     Ball.obj (.text)
                  00006994    0000010c     GamePiece.obj (.text)
                  00006aa0    000000fc     rtsv7M4_T_le_v4SPD16_eabi.lib : fd_mul_t2.obj (.text)
                  00006b9c    000000fc                                   : s_scalbn.obj (.text)
                  00006c98    000000e0     Racket.obj (.text)
                  00006d78    000000bc     HAL_MSP_EXP432P401R_Crystalfontz128x128_ST7735.obj (.text)
                  00006e34    000000bc     rtsv7M4_T_le_v4SPD16_eabi.lib : typeinfo_.obj (.text)
                  00006ef0    000000a8     Task.obj (.text)
                  00006f98    0000009c     rtsv7M4_T_le_v4SPD16_eabi.lib : memcpy_t2.obj (.text)
                  00007034    00000086                                   : fd_cmp_t2.obj (.text:__aeabi_cdcmple)
                  000070ba    00000086                                   : fd_cmp_t2.obj (.text:__aeabi_cdrcmple)
                  00007140    0000007a                                   : memset_t2.obj (.text)
                  000071ba    00000002                                   : newhandler.obj (.text)
                  000071bc    00000070                                   : autoinit.obj (.text)
                  0000722c    0000006a                                   : copy_decompress_rle.obj (.text)
                  00007296    00000002                                   : startup.obj (.text)
                  00007298    00000064                                   : s_frexp.obj (.text)
                  000072fc    00000060                                   : sprintf.obj (.text)
                  0000735c    00000056                                   : ltoa.obj (.text)
                  000073b2    00000002     --HOLE-- [fill = 0]
                  000073b4    00000054                                   : boot.obj (.text)
                  00007408    00000054                                   : exit.obj (.text)
                  0000745c    0000004c                                   : atoi.obj (.text)
                  000074a8    0000004c                                   : cpy_tbl.obj (.text)
                  000074f4    00000048                                   : fd_toi_t2.obj (.text)
                  0000753c    0000003e     cpu.obj (.text)
                  0000757a    00000002     --HOLE-- [fill = 0]
                  0000757c    00000034     LED.obj (.text:_ZN4Task14ProcessMessageE3MSG)
                  000075b0    00000030     rtsv7M4_T_le_v4SPD16_eabi.lib : new_.obj (.text)
                  000075e0    0000002e                                   : i_tofd_t2.obj (.text)
                  0000760e    00000002     --HOLE-- [fill = 0]
                  00007610    0000002c     Buzzer.obj (.text:_ZN4Task11SendMessageEv)
                  0000763c    0000001c     rtsv7M4_T_le_v4SPD16_eabi.lib : memccpy.obj (.text)
                  00007658    00000018                                   : args_main.obj (.text)
                  00007670    00000016                                   : strchr.obj (.text)
                  00007686    00000002     --HOLE-- [fill = 0]
                  00007688    00000014                                   : _lock.obj (.text)
                  0000769c    00000014                                   : s_copysign.obj (.text)
                  000076b0    00000014                                   : strlen.obj (.text)
                  000076c4    0000000e     GameLogic.obj (.text:_ZN4BallC1Ev)
                  000076d2    0000000e     GameLogic.obj (.text:_ZN6RacketC1Ev)
                  000076e0    0000000e     rtsv7M4_T_le_v4SPD16_eabi.lib : copy_decompress_none.obj (.text:decompress:none)
                  000076ee    0000000e     startup_msp432p401r_ccs.obj (.text)
                  000076fc    00000008     rtsv7M4_T_le_v4SPD16_eabi.lib : delete.obj (.text)
                  00007704    00000006                                   : copy_decompress_rle.obj (.text:decompress:rle24)
                  0000770a    00000004                                   : pre_init.obj (.text)

.const     0    00007710    0000093e     
                  00007710    000002f8     fontfixed6x8.obj (.const:.string:g_pucFontFixed6x8Data)
                  00007a08    00000101     rtsv7M4_T_le_v4SPD16_eabi.lib : ctype.obj (.const:.string:_ctypes_)
                  00007b09    00000002                                   : typeinfo_.obj (.const:.typeinfo:_ZTSe)
                  00007b0b    00000001     --HOLE-- [fill = 0]
                  00007b0c    000000c8     fontfixed6x8.obj (.const:g_sFontFixed6x8)
                  00007bd4    00000080     adc14.obj (.const:_ctlRegs)
                  00007c54    00000050     interrupt.obj (.const:g_pulRegs)
                  00007ca4    0000002c     Crystalfontz128x128_ST7735.obj (.const:g_sCrystalfontz128x128)
                  00007cd0    00000028     rtsv7M4_T_le_v4SPD16_eabi.lib : typeinfo_.obj (.const:.typeinfo:_ZTSN10__cxxabiv123__fundamental_type_infoE)
                  00007cf8    00000025                                   : typeinfo_.obj (.const:.typeinfo:_ZTSN10__cxxabiv120__si_class_type_infoE)
                  00007d1d    00000024                                   : typeinfo_.obj (.const:.typeinfo:_ZTSN10__cxxabiv119__pointer_type_infoE)
                  00007d41    00000022                                   : typeinfo_.obj (.const:.typeinfo:_ZTSN10__cxxabiv117__class_type_infoE)
                  00007d63    00000022                                   : typeinfo_.obj (.const:.typeinfo:_ZTSN10__cxxabiv117__pbase_type_infoE)
                  00007d85    00000003     --HOLE-- [fill = 0]
                  00007d88    00000020     interrupt.obj (.const:g_pulPriority)
                  00007da8    0000001c     HAL_MSP_EXP432P401R_Crystalfontz128x128_ST7735.obj (.const:$P$T0$1)
                  00007dc4    0000001c     gpio.obj (.const:GPIO_PORT_TO_INT)
                  00007de0    00000014     Buzzer.obj (.const:$P$T40$1)
                  00007df4    00000014     LED.obj (.const:$P$T40$1)
                  00007e08    00000014     Scheduler.obj (.const:$P$T40$1)
                  00007e1c    00000014     main.obj (.const:$P$T40$1)
                  00007e30    00000014     Scheduler.obj (.const:$P$T41$2)
                  00007e44    00000014     main.obj (.const:$P$T41$2)
                  00007e58    00000014     Task.obj (.const:$P$T42$3)
                  00007e6c    00000014     main.obj (.const:$P$T42$3)
                  00007e80    00000014     Screen.obj (.const:$P$T43$2)
                  00007e94    00000014     Screen.obj (.const:$P$T44$3)
                  00007ea8    00000014     GameLogic.obj (.const:$P$T52$8)
                  00007ebc    00000014     GameLogic.obj (.const:$P$T53$9)
                  00007ed0    00000014     Task.obj (.const:_ZTV4Task)
                  00007ee4    00000014     Screen.obj (.const:_ZTV6Screen)
                  00007ef8    00000014     GameLogic.obj (.const:_ZTV9GameLogic)
                  00007f0c    00000010     rtsv7M4_T_le_v4SPD16_eabi.lib : typeinfo_.obj (.const:.typeinfo:_ZTIPKe)
                  00007f1c    00000010                                   : typeinfo_.obj (.const:_ZTVN10__cxxabiv117__class_type_infoE)
                  00007f2c    00000010                                   : typeinfo_.obj (.const:_ZTVN10__cxxabiv119__pointer_type_infoE)
                  00007f3c    00000010                                   : typeinfo_.obj (.const:_ZTVN10__cxxabiv120__si_class_type_infoE)
                  00007f4c    00000010                                   : typeinfo_.obj (.const:_ZTVN10__cxxabiv123__fundamental_type_infoE)
                  00007f5c    0000000d                                   : typeinfo_.obj (.const:.typeinfo:_ZTSSt9type_info)
                  00007f69    00000003     --HOLE-- [fill = 0]
                  00007f6c    0000000c     Screen.obj (.const:.typeinfo:_ZTI6Screen)
                  00007f78    0000000c     GameLogic.obj (.const:.typeinfo:_ZTI9GameLogic)
                  00007f84    0000000c     rtsv7M4_T_le_v4SPD16_eabi.lib : typeinfo_.obj (.const:.typeinfo:_ZTIN10__cxxabiv117__class_type_infoE)
                  00007f90    0000000c                                   : typeinfo_.obj (.const:.typeinfo:_ZTIN10__cxxabiv117__pbase_type_infoE)
                  00007f9c    0000000c                                   : typeinfo_.obj (.const:.typeinfo:_ZTIN10__cxxabiv119__pointer_type_infoE)
                  00007fa8    0000000c                                   : typeinfo_.obj (.const:.typeinfo:_ZTIN10__cxxabiv120__si_class_type_infoE)
                  00007fb4    0000000c                                   : typeinfo_.obj (.const:.typeinfo:_ZTIN10__cxxabiv123__fundamental_type_infoE)
                  00007fc0    0000000b     GameLogic.obj (.const:.typeinfo:_ZTS9GameLogic)
                  00007fcb    00000001     --HOLE-- [fill = 0]
                  00007fcc    00000008     Crystalfontz128x128_ST7735.obj (.const:$P$T0$1)
                  00007fd4    00000008     GameLogic.obj (.const:$P$T43$2)
                  00007fdc    00000008     GameLogic.obj (.const:$P$T44$3)
                  00007fe4    00000008     GameLogic.obj (.const:$P$T45$4)
                  00007fec    00000008     GameLogic.obj (.const:$P$T46$5)
                  00007ff4    00000008     GameLogic.obj (.const:$P$T47$6)
                  00007ffc    00000008     GameLogic.obj (.const:$P$T48$7)
                  00008004    00000008     Task.obj (.const:.typeinfo:_ZTI4Task)
                  0000800c    00000008     rtsv7M4_T_le_v4SPD16_eabi.lib : typeinfo_.obj (.const:.typeinfo:_ZTISt9type_info)
                  00008014    00000008                                   : typeinfo_.obj (.const:.typeinfo:_ZTIe)
                  0000801c    00000008     Screen.obj (.const:.typeinfo:_ZTS6Screen)
                  00008024    00000008     interrupt.obj (.const:g_pulDisRegs)
                  0000802c    00000008     interrupt.obj (.const:g_pulEnRegs)
                  00008034    00000008     interrupt.obj (.const:g_pulPendRegs)
                  0000803c    00000008     interrupt.obj (.const:g_pulUnpendRegs)
                  00008044    00000006     Task.obj (.const:.typeinfo:_ZTS4Task)
                  0000804a    00000004     rtsv7M4_T_le_v4SPD16_eabi.lib : typeinfo_.obj (.const:.typeinfo:_ZTSPKe)

.cinit     0    00008058    0000009c     
                  00008058    00000059     (.cinit..data.load) [load image, compression = rle]
                  000080b1    00000007     --HOLE-- [fill = 0]
                  000080b8    0000000b     (.cinit..bss.load) [load image, compression = rle]
                  000080c3    00000005     --HOLE-- [fill = 0]
                  000080c8    00000009     (.cinit..vtable.load) [load image, compression = rle]
                  000080d1    00000003     --HOLE-- [fill = 0]
                  000080d4    00000008     (__TI_handler_table)
                  000080dc    00000018     (__TI_cinit_table)

.init_array 
*          0    00008050    00000004     
                  00008050    00000004     main.obj (.init_array)

.vtable    0    20000000    000000e4     UNINITIALIZED
                  20000000    000000e4     interrupt.obj (.vtable)

.bss       0    200000e8    00002026     UNINITIALIZED
                  200000e8    00001ff0     main.obj (.bss:MainScheduler)
                  200020d8    0000001c     (.common:g_sContext)
                  200020f4    0000000c     main.obj (.bss)
                  20002100    00000004     (.common:_ZSt16__dummy_typeinfo)
                  20002104    00000002     (.common:Lcd_ScreenHeigth)
                  20002106    00000002     (.common:Lcd_ScreenWidth)
                  20002108    00000002     (.common:Lcd_TouchTrim)
                  2000210a    00000001     (.common:Lcd_FlagRead)
                  2000210b    00000001     (.common:Lcd_FontSolid)
                  2000210c    00000001     (.common:Lcd_Orientation)
                  2000210d    00000001     (.common:Lcd_PenSolid)

.sysmem    0    20002110    00000400     UNINITIALIZED
                  20002110    00000008     rtsv7M4_T_le_v4SPD16_eabi.lib : memory.obj (.sysmem)
                  20002118    000003f8     --HOLE--

.data      0    20002510    00000078     UNINITIALIZED
                  20002510    00000030     gpio.obj (.data:GPIO_PORT_TO_BASE)
                  20002540    00000014     main.obj (.data)
                  20002554    0000000c     rtsv7M4_T_le_v4SPD16_eabi.lib : exit.obj (.data:$O1$$)
                  20002560    0000000c                                   : memory.obj (.data:$O1$$)
                  2000256c    00000008                                   : _lock.obj (.data:$O1$$)
                  20002574    00000004     main.obj (.data:aDataFromButton)
                  20002578    00000004     rtsv7M4_T_le_v4SPD16_eabi.lib : errno.obj (.data)
                  2000257c    00000004                                   : stkdepth_vars.obj (.data)
                  20002580    00000004                                   : vars.obj (.data)
                  20002584    00000004     system_msp432p401r.obj (.data)

.stack     0    2000fe00    00000200     UNINITIALIZED
                  2000fe00    00000200     --HOLE--

MODULE SUMMARY

       Module                                               code    ro data   rw data
       ------                                               ----    -------   -------
    ./
       main.obj                                             1024    64        16424  
       GameLogic.obj                                        2214    131       0      
       Scheduler.obj                                        1624    40        0      
       Screen.obj                                           1400    80        56     
       system_msp432p401r.obj                               880     0         8      
       Ball.obj                                             276     0         0      
       GamePiece.obj                                        268     0         0      
       startup_msp432p401r_ccs.obj                          14      228       0      
       Racket.obj                                           224     0         0      
       Task.obj                                             168     54        0      
       LED.obj                                              52      20        0      
       Buzzer.obj                                           44      20        0      
    +--+----------------------------------------------------+-------+---------+---------+
       Total:                                               8188    637       16488  
                                                                                     
    ./GrLib/fonts/
       fontfixed6x8.obj                                     0       960       0      
    +--+----------------------------------------------------+-------+---------+---------+
       Total:                                               0       960       0      
                                                                                     
    ./GrLib/grlib/
       string.obj                                           1584    0         0      
       line.obj                                             1168    0         0      
       rectangle.obj                                        830     0         0      
       context.obj                                          614     0         0      
       display.obj                                          308     0         0      
    +--+----------------------------------------------------+-------+---------+---------+
       Total:                                               4504    0         0      
                                                                                     
    ./LcdDriver/
       Crystalfontz128x128_ST7735.obj                       1656    52        20     
       HAL_MSP_EXP432P401R_Crystalfontz128x128_ST7735.obj   188     28        0      
    +--+----------------------------------------------------+-------+---------+---------+
       Total:                                               1844    80        20     
                                                                                     
    ./driverlib/MSP432P4xx/
       adc14.obj                                            2272    128       0      
       spi.obj                                              2212    0         0      
       interrupt.obj                                        1008    144       456    
       gpio.obj                                             1152    28        96     
       cpu.obj                                              62      0         0      
    +--+----------------------------------------------------+-------+---------+---------+
       Total:                                               6706    300       552    
                                                                                     
    /opt/ti/ccsv6/tools/compiler/arm_15.12.3.LTS/lib/rtsv7M4_T_le_v4SPD16_eabi.lib
       _printfi.obj                                         4368    0         0      
       memory.obj                                           988     0         24     
       typeinfo_.obj                                        188     356       8      
       ull_div_t2.obj                                       500     0         0      
       fd_add_t2.obj                                        438     0         0      
       fd_div_t2.obj                                        310     0         0      
       fd_cmp_t2.obj                                        268     0         0      
       ctype.obj                                            0       257       0      
       fd_mul_t2.obj                                        252     0         0      
       s_scalbn.obj                                         252     0         0      
       memcpy_t2.obj                                        156     0         0      
       memset_t2.obj                                        122     0         0      
       autoinit.obj                                         112     0         0      
       copy_decompress_rle.obj                              112     0         0      
       exit.obj                                             84      0         24     
       s_frexp.obj                                          100     0         0      
       sprintf.obj                                          96      0         0      
       ltoa.obj                                             86      0         0      
       boot.obj                                             84      0         0      
       atoi.obj                                             76      0         0      
       cpy_tbl.obj                                          76      0         0      
       fd_toi_t2.obj                                        72      0         0      
       new_.obj                                             48      0         0      
       i_tofd_t2.obj                                        46      0         0      
       _lock.obj                                            20      0         16     
       memccpy.obj                                          28      0         0      
       args_main.obj                                        24      0         0      
       strchr.obj                                           22      0         0      
       s_copysign.obj                                       20      0         0      
       strlen.obj                                           20      0         0      
       copy_decompress_none.obj                             14      0         0      
       delete.obj                                           8       0         0      
       errno.obj                                            0       0         8      
       stkdepth_vars.obj                                    0       0         8      
       vars.obj                                             0       0         8      
       pre_init.obj                                         4       0         0      
       mpu_init.obj                                         2       0         0      
       newhandler.obj                                       2       0         0      
       startup.obj                                          2       0         0      
    +--+----------------------------------------------------+-------+---------+---------+
       Total:                                               9000    613       96     
                                                                                     
       Heap:                                                0       0         2048   
       Stack:                                               0       0         1024   
       Linker Generated:                                    0       141       0      
    +--+----------------------------------------------------+-------+---------+---------+
       Grand Total:                                         30242   2731      20228  


LINKER GENERATED COPY TABLES

__TI_cinit_table @ 000080dc records: 3, size/record: 8, table size: 24
	.data: load addr=00008058, load size=00000059 bytes, run addr=20002510, run size=00000078 bytes, compression=rle
	.bss: load addr=000080b8, load size=0000000b bytes, run addr=200000e8, run size=00002026 bytes, compression=rle
	.vtable: load addr=000080c8, load size=00000009 bytes, run addr=20000000, run size=000000e4 bytes, compression=rle


LINKER GENERATED HANDLER TABLE

__TI_handler_table @ 000080d4 records: 2, size/record: 4, table size: 8
	index: 0, handler: __TI_decompress_rle24
	index: 1, handler: __TI_decompress_none


GLOBAL SYMBOLS: SORTED ALPHABETICALLY BY Name 

address   name                                              
-------   ----                                              
00004f07  ADC14_IRQHandler                                  
00004f07  ADC14_IRQHandler                                  
00001a49  ADC14_clearInterruptFlag                          
000015e9  ADC14_configureConversionMemory                   
00001491  ADC14_configureMultiSequenceMode                  
00001527  ADC14_configureSingleSampleMode                   
00001721  ADC14_disableComparatorWindow                     
000015bf  ADC14_disableConversion                           
000019c3  ADC14_disableInterrupt                            
00001365  ADC14_disableModule                               
0000193f  ADC14_disableReferenceBurst                       
000013a5  ADC14_disableSampleTimer                          
00001691  ADC14_enableComparatorWindow                      
0000157d  ADC14_enableConversion                            
00001997  ADC14_enableInterrupt                             
0000135d  ADC14_enableModule                                
00001929  ADC14_enableReferenceBurst                        
0000137b  ADC14_enableSampleTimer                           
00001a19  ADC14_getEnabledInterruptStatus                   
000019ef  ADC14_getInterruptStatus                          
00001849  ADC14_getMultiSequenceResult                      
0000141b  ADC14_getResolution                               
0000182f  ADC14_getResult                                   
000018b5  ADC14_getResultArray                              
000013bb  ADC14_initModule                                  
000015cb  ADC14_isBusy                                      
00001a79  ADC14_registerInterrupt                           
0000177f  ADC14_setComparatorWindowValue                    
00001955  ADC14_setPowerMode                                
00001401  ADC14_setResolution                               
00001805  ADC14_setResultFormat                             
00001467  ADC14_setSampleHoldTime                           
00001425  ADC14_setSampleHoldTrigger                        
0000159d  ADC14_toggleConversionTrigger                     
00001a8d  ADC14_unregisterInterrupt                         
000076fb  AES256_IRQHandler                                 
00004e5d  BUTTON_DOWN_ISR                                   
00004ea3  BUTTON_UP_ISR                                     
000076fb  BusFault_Handler                                  
00007409  C$$EXIT                                           
000076fb  COMP_E0_IRQHandler                                
000076fb  COMP_E1_IRQHandler                                
00007571  CPU_basepriGet                                    
00007563  CPU_basepriSet                                    
0000753d  CPU_cpsid                                         
00007553  CPU_cpsie                                         
00007549  CPU_primask                                       
0000755f  CPU_wfi                                           
000076fb  CS_IRQHandler                                     
00002c05  Crystalfontz128x128_Init                          
00002d19  Crystalfontz128x128_SetDrawFrame                  
00002e47  Crystalfontz128x128_SetOrientation                
000076fb  DMA_ERR_IRQHandler                                
000076fb  DMA_INT0_IRQHandler                               
000076fb  DMA_INT1_IRQHandler                               
000076fb  DMA_INT2_IRQHandler                               
000076fb  DMA_INT3_IRQHandler                               
000076fb  DebugMon_Handler                                  
000076fb  Default_Handler                                   
000076fb  EUSCIA0_IRQHandler                                
000076fb  EUSCIA1_IRQHandler                                
000076fb  EUSCIA2_IRQHandler                                
000076fb  EUSCIA3_IRQHandler                                
000076fb  EUSCIB0_IRQHandler                                
000076fb  EUSCIB1_IRQHandler                                
000076fb  EUSCIB2_IRQHandler                                
000076fb  EUSCIB3_IRQHandler                                
00002243  EUSCI_A_SPI_changeClockPhasePolarity              
000022f7  EUSCI_A_SPI_clearInterruptFlag                    
00002327  EUSCI_A_SPI_disable                               
000022c5  EUSCI_A_SPI_disableInterrupt                      
00002311  EUSCI_A_SPI_enable                                
000022ab  EUSCI_A_SPI_enableInterrupt                       
000022df  EUSCI_A_SPI_getInterruptStatus                    
0000233d  EUSCI_A_SPI_getReceiveBufferAddressForDMA         
0000234b  EUSCI_A_SPI_getTransmitBufferAddressForDMA        
00002359  EUSCI_A_SPI_isBusy                                
000021c3  EUSCI_A_SPI_masterChangeClock                     
0000229b  EUSCI_A_SPI_receiveData                           
000021a3  EUSCI_A_SPI_select4PinFunctionality               
000021f9  EUSCI_A_SPI_slaveInit                             
00002285  EUSCI_A_SPI_transmitData                          
00002075  EUSCI_B_SPI_changeClockPhasePolarity              
00002129  EUSCI_B_SPI_clearInterruptFlag                    
00002159  EUSCI_B_SPI_disable                               
000020f7  EUSCI_B_SPI_disableInterrupt                      
00002143  EUSCI_B_SPI_enable                                
000020dd  EUSCI_B_SPI_enableInterrupt                       
00002111  EUSCI_B_SPI_getInterruptStatus                    
0000216f  EUSCI_B_SPI_getReceiveBufferAddressForDMA         
0000217d  EUSCI_B_SPI_getTransmitBufferAddressForDMA        
0000218b  EUSCI_B_SPI_isBusy                                
00001ff9  EUSCI_B_SPI_masterChangeClock                     
000020cd  EUSCI_B_SPI_receiveData                           
00001fd9  EUSCI_B_SPI_select4PinFunctionality               
0000202b  EUSCI_B_SPI_slaveInit                             
000020b7  EUSCI_B_SPI_transmitData                          
000076fb  FLCTL_IRQHandler                                  
000076fb  FPU_IRQHandler                                    
00004c2f  GPIO_clearInterruptFlag                           
00004bef  GPIO_disableInterrupt                             
00004bcd  GPIO_enableInterrupt                              
00004c87  GPIO_getEnabledInterruptStatus                    
00004b9f  GPIO_getInputPinValue                             
00004c11  GPIO_getInterruptStatus                           
00004c51  GPIO_interruptEdgeSelect                          
00004d47  GPIO_registerInterrupt                            
00004947  GPIO_setAsInputPin                                
00004afb  GPIO_setAsInputPinWithPullDownResistor            
00004b4d  GPIO_setAsInputPinWithPullUpResistor              
0000490d  GPIO_setAsOutputPin                               
00004a11  GPIO_setAsPeripheralModuleFunctionInputPin        
0000498d  GPIO_setAsPeripheralModuleFunctionOutputPin       
00004d03  GPIO_setDriveStrengthHigh                         
00004d25  GPIO_setDriveStrengthLow                          
00004a95  GPIO_setOutputHighOnPin                           
00004ab7  GPIO_setOutputLowOnPin                            
00004ad9  GPIO_toggleOutputOnPin                            
00004d67  GPIO_unregisterInterrupt                          
000061f3  Graphics_clearDisplay                             
00006869  Graphics_clearDisplayOnDisplay                    
000067bb  Graphics_drawHorizontalLineOnDisplay              
00004799  Graphics_drawLine                                 
0000447d  Graphics_drawLineH                                
00004519  Graphics_drawLineV                                
00006777  Graphics_drawMultiplePixelsOnDisplay              
00006205  Graphics_drawPixel                                
0000674d  Graphics_drawPixelOnDisplay                       
00005cc9  Graphics_drawRectangle                            
00003a0f  Graphics_drawString                               
00003e9d  Graphics_drawStringCentered                       
000067ef  Graphics_drawVerticalLineOnDisplay                
00005d6b  Graphics_fillRectangle                            
00006823  Graphics_fillRectangleOnDisplay                   
000061e5  Graphics_flushBuffer                              
00006857  Graphics_flushOnDisplay                           
000061c7  Graphics_getDisplayHeight                         
000061b7  Graphics_getDisplayWidth                          
00006165  Graphics_getFontBaseline                          
0000619b  Graphics_getFontHeight                            
000061a9  Graphics_getFontMaxWidth                          
000061d7  Graphics_getHeightOfDisplay                       
00005ecf  Graphics_getRectangleIntersection                 
00003e8d  Graphics_getStringBaseline                        
00003ee5  Graphics_getStringHeight                          
00003ef5  Graphics_getStringMaxWidth                        
00003915  Graphics_getStringWidth                           
0000625f  Graphics_getWidthOfDisplay                        
00006007  Graphics_initContext                              
00005fb5  Graphics_isPointWithinRectangle                   
00005e7d  Graphics_isRectangleOverlap                       
0000611b  Graphics_setBackgroundColor                       
00006135  Graphics_setBackgroundColorTranslated             
00006051  Graphics_setClipRegion                            
0000614b  Graphics_setFont                                  
00006173  Graphics_setForegroundColor                       
00006189  Graphics_setForegroundColorTranslated             
00006841  Graphics_translateColorOnDisplay                  
00006d79  HAL_LCD_PortInit                                  
00006da9  HAL_LCD_SpiInit                                   
00006ddf  HAL_LCD_writeCommand                              
00006e07  HAL_LCD_writeData                                 
000076fb  HardFault_Handler                                 
0000534f  Interrupt_disableInterrupt                        
0000519f  Interrupt_disableMaster                           
0000554d  Interrupt_disableSleepOnIsrExit                   
000052dd  Interrupt_enableInterrupt                         
0000518f  Interrupt_enableMaster                            
0000553b  Interrupt_enableSleepOnIsrExit                    
000052b7  Interrupt_getPriority                             
0000522f  Interrupt_getPriorityGrouping                     
0000551b  Interrupt_getPriorityMask                         
00005535  Interrupt_getVectorTableAddress                   
000053c1  Interrupt_isEnabled                               
0000544d  Interrupt_pendInterrupt                           
000051af  Interrupt_registerInterrupt                       
00005267  Interrupt_setPriority                             
00005215  Interrupt_setPriorityGrouping                     
0000550b  Interrupt_setPriorityMask                         
00005525  Interrupt_setVectorTableAddress                   
000054bd  Interrupt_unpendInterrupt                         
00005201  Interrupt_unregisterInterrupt                     
2000210a  Lcd_FlagRead                                      
2000210b  Lcd_FontSolid                                     
2000210c  Lcd_Orientation                                   
2000210d  Lcd_PenSolid                                      
20002104  Lcd_ScreenHeigth                                  
20002106  Lcd_ScreenWidth                                   
20002108  Lcd_TouchTrim                                     
200000e8  MainScheduler                                     
000076fb  MemManage_Handler                                 
000076fb  NMI_Handler                                       
000076fb  PCM_IRQHandler                                    
000076fb  PORT1_IRQHandler                                  
000076fb  PORT2_IRQHandler                                  
000076fb  PORT3_IRQHandler                                  
000076fb  PORT4_IRQHandler                                  
000076fb  PORT5_IRQHandler                                  
000076fb  PORT6_IRQHandler                                  
000076fb  PSS_IRQHandler                                    
000076fb  PendSV_Handler                                    
000076fb  RTC_C_IRQHandler                                  
000076ef  Reset_Handler                                     
00008050  SHT$$INIT_ARRAY$$Base                             
00008054  SHT$$INIT_ARRAY$$Limit                            
00001c97  SPI_changeClockPhasePolarity                      
00001bf1  SPI_changeMasterClock                             
00001e49  SPI_clearInterruptFlag                            
00001dcb  SPI_disableInterrupt                              
00001d25  SPI_disableModule                                 
00001da5  SPI_enableInterrupt                               
00001d09  SPI_enableModule                                  
00001e19  SPI_getEnabledInterruptStatus                     
00001df1  SPI_getInterruptStatus                            
00001d41  SPI_getReceiveBufferAddressForDMA                 
00001d5d  SPI_getTransmitBufferAddressForDMA                
00001b05  SPI_initMaster                                    
00001c19  SPI_initSlave                                     
00001d89  SPI_isBusy                                        
00001ced  SPI_receiveData                                   
00001e6f  SPI_registerInterrupt                             
00001bcb  SPI_selectFourPinFunctionality                    
00001cc7  SPI_transmitData                                  
00001f2d  SPI_unregisterInterrupt                           
000076fb  SVC_Handler                                       
000076fb  SysTick_Handler                                   
20002584  SystemCoreClock                                   
00005959  SystemCoreClockUpdate                             
00005bcd  SystemInit                                        
00004ee9  T32_INT1_IRQHandler                               
00004ee9  T32_INT1_IRQHandler                               
000076fb  T32_INT2_IRQHandler                               
000076fb  T32_INTC_IRQHandler                               
000076fb  TA0_0_IRQHandler                                  
000076fb  TA0_N_IRQHandler                                  
000076fb  TA1_0_IRQHandler                                  
000076fb  TA1_N_IRQHandler                                  
000076fb  TA2_0_IRQHandler                                  
000076fb  TA2_N_IRQHandler                                  
000076fb  TA3_0_IRQHandler                                  
000076fb  TA3_N_IRQHandler                                  
000076fb  UsageFault_Handler                                
4000480c  WDTCTL_SYM                                        
000076fb  WDT_A_IRQHandler                                  
00002401  _Z12BallControlXP4Balli                           
00002479  _Z12BallControlYP4Balli                           
00005009  _Z13setupButtonUpv                                
00005037  _Z15setupButtonDownv                              
00002547  _Z17RacketLeftControlP6Racketi                    
0000257f  _Z18RacketRightControlP6Racketi                   
000024e5  _Z19BallFastnessControlP9GameLogicP4Balli         
000071bb  _Z21__default_new_handlerv                        
00005065  _Z5Setupv                                         
00004f6b  _Z8setupADCv                                      
00002379  _Z9BallMoveXP4Ball                                
000023bd  _Z9BallMoveYP4Ball                                
00006ee1  _ZN10__cxxabiv116__enum_type_infoD0Ev             
00006edf  _ZN10__cxxabiv116__enum_type_infoD1Ev             
00006edf  _ZN10__cxxabiv116__enum_type_infoD2Ev             
00006ed7  _ZN10__cxxabiv117__array_type_infoD0Ev            
00006ed5  _ZN10__cxxabiv117__array_type_infoD1Ev            
00006ed5  _ZN10__cxxabiv117__array_type_infoD2Ev            
00006ecd  _ZN10__cxxabiv117__class_type_infoD0Ev            
00006ecb  _ZN10__cxxabiv117__class_type_infoD1Ev            
00006ecb  _ZN10__cxxabiv117__class_type_infoD2Ev            
00006ec3  _ZN10__cxxabiv117__pbase_type_infoD0Ev            
00006ec1  _ZN10__cxxabiv117__pbase_type_infoD1Ev            
00006ec1  _ZN10__cxxabiv117__pbase_type_infoD2Ev            
00006eb9  _ZN10__cxxabiv119__pointer_type_infoD0Ev          
00006eb7  _ZN10__cxxabiv119__pointer_type_infoD1Ev          
00006eb7  _ZN10__cxxabiv119__pointer_type_infoD2Ev          
00006eaf  _ZN10__cxxabiv120__function_type_infoD0Ev         
00006ead  _ZN10__cxxabiv120__function_type_infoD1Ev         
00006ead  _ZN10__cxxabiv120__function_type_infoD2Ev         
00006ea5  _ZN10__cxxabiv120__si_class_type_infoD0Ev         
00006ea3  _ZN10__cxxabiv120__si_class_type_infoD1Ev         
00006ea3  _ZN10__cxxabiv120__si_class_type_infoD2Ev         
00006e9b  _ZN10__cxxabiv121__vmi_class_type_infoD0Ev        
00006e99  _ZN10__cxxabiv121__vmi_class_type_infoD1Ev        
00006e99  _ZN10__cxxabiv121__vmi_class_type_infoD2Ev        
00006e91  _ZN10__cxxabiv123__fundamental_type_infoD0Ev      
00006e8f  _ZN10__cxxabiv123__fundamental_type_infoD1Ev      
00006e8f  _ZN10__cxxabiv123__fundamental_type_infoD2Ev      
00006e87  _ZN10__cxxabiv129__pointer_to_member_type_infoD0Ev
00006e85  _ZN10__cxxabiv129__pointer_to_member_type_infoD1Ev
00006e85  _ZN10__cxxabiv129__pointer_to_member_type_infoD2Ev
0000692d  _ZN4Ball12CheckLimitsXEv                          
00006961  _ZN4Ball12CheckLimitsYEv                          
00006881  _ZN4BallC1EiiiiiPiS0_                             
000076c5  _ZN4BallC1Ev                                      
00006881  _ZN4BallC2EiiiiiPiS0_                             
00007611  _ZN4Task11SendMessageEv                           
0000757d  _ZN4Task14ProcessMessageE3MSG                     
00006f81  _ZN4Task17GetTaskFinalCountEv                     
00006f53  _ZN4Task17SetTaskFinalCountEy                     
00006f71  _ZN4Task19GetTaskCurrentCountEv                   
00006f35  _ZN4Task19SetTaskCurrentCountEy                   
00006f0f  _ZN4Task3runEv                                    
00006ef1  _ZN4TaskC1Ev                                      
00006ef1  _ZN4TaskC2Ev                                      
00006d45  _ZN6Racket12CheckLimitsYEv                        
00006c99  _ZN6RacketC1EiiiiiPiS0_                           
000076d3  _ZN6RacketC1Ev                                    
00006c99  _ZN6RacketC2EiiiiiPiS0_                           
0000406f  _ZN6Screen11printFigureEv                         
00003f8b  _ZN6Screen14ProcessMessageE3MSG                   
0000438f  _ZN6Screen14printPongScoreE3MSG                   
0000426b  _ZN6Screen14printPongTableEv                      
000041c1  _ZN6Screen15getFigureChangeE3MSG                  
000042d5  _ZN6Screen15printPongWinnerE3MSG                  
00003f65  _ZN6Screen3runEv                                  
00003f05  _ZN6ScreenC1Eib                                   
00003f05  _ZN6ScreenC2Eib                                   
00002ad5  _ZN9GameLogic11GameControlEv                      
000029b3  _ZN9GameLogic12ScoreControlEv                     
00002a91  _ZN9GameLogic13WinnerControlEv                    
00002859  _ZN9GameLogic14ProcessMessageE3MSG                
00002951  _ZN9GameLogic16FirstMoveControlEv                 
00002713  _ZN9GameLogic3runEv                               
000025b7  _ZN9GameLogicC1Eibi                               
000025b7  _ZN9GameLogicC2Eibi                               
00006a41  _ZN9GamePiece12CheckChangeXEv                     
00006a71  _ZN9GamePiece12CheckChangeYEv                     
00006a13  _ZN9GamePiece13getDirectionXEv                    
00006a33  _ZN9GamePiece13getDirectionYEv                    
00006a01  _ZN9GamePiece13setDirectionXEi                    
00006a21  _ZN9GamePiece13setDirectionYEi                    
000069b3  _ZN9GamePiece7getPosXEv                           
000069d3  _ZN9GamePiece7getPosYEv                           
000069f3  _ZN9GamePiece7getSizeEv                           
000069a1  _ZN9GamePiece7setPosXEi                           
000069c1  _ZN9GamePiece7setPosYEi                           
000069e1  _ZN9GamePiece7setSizeEi                           
00006995  _ZN9GamePieceC1Ev                                 
00006995  _ZN9GamePieceC2Ev                                 
00003657  _ZN9Scheduler13attachMessageE3MSG                 
00003867  _ZN9Scheduler14processMessageE3MSG                
000036b3  _ZN9Scheduler17clearMessageQueueEv                
00003819  _ZN9Scheduler18clearNextSchedulerEv               
000034e1  _ZN9Scheduler19ProcessMessageQueueEv              
0000341d  _ZN9Scheduler21CalculateNextScheduleEv            
000038bb  _ZN9Scheduler22SortScheduleByPriorityEP4Task      
00003399  _ZN9Scheduler3runEv                               
00003323  _ZN9Scheduler6attachEP4Task                       
0000327d  _ZN9SchedulerC1Ev                                 
0000327d  _ZN9SchedulerC2Ev                                 
00006e47  _ZNKSt9type_info4nameEv                           
00006e77  _ZNKSt9type_info6beforeERKS_                      
00006e61  _ZNKSt9type_infoeqERKS_                           
00006e4b  _ZNKSt9type_infoneERKS_                           
00006e3f  _ZNSt9type_infoD0Ev                               
00006e3d  _ZNSt9type_infoD1Ev                               
00006e3d  _ZNSt9type_infoD2Ev                               
20002100  _ZSt16__dummy_typeinfo                            
00006e35  _ZSt21__gen_dummy_typeinfosv                      
00008004  _ZTI4Task                                         
00007f6c  _ZTI6Screen                                       
00007f78  _ZTI9GameLogic                                    
00007f84  _ZTIN10__cxxabiv117__class_type_infoE             
00007f90  _ZTIN10__cxxabiv117__pbase_type_infoE             
00007f9c  _ZTIN10__cxxabiv119__pointer_type_infoE           
00007fa8  _ZTIN10__cxxabiv120__si_class_type_infoE          
00007fb4  _ZTIN10__cxxabiv123__fundamental_type_infoE       
00007f0c  _ZTIPKe                                           
0000800c  _ZTISt9type_info                                  
00008014  _ZTIe                                             
00008044  _ZTS4Task                                         
0000801c  _ZTS6Screen                                       
00007fc0  _ZTS9GameLogic                                    
00007d41  _ZTSN10__cxxabiv117__class_type_infoE             
00007d63  _ZTSN10__cxxabiv117__pbase_type_infoE             
00007d1d  _ZTSN10__cxxabiv119__pointer_type_infoE           
00007cf8  _ZTSN10__cxxabiv120__si_class_type_infoE          
00007cd0  _ZTSN10__cxxabiv123__fundamental_type_infoE       
0000804a  _ZTSPKe                                           
00007f5c  _ZTSSt9type_info                                  
00007b09  _ZTSe                                             
00007ed0  _ZTV4Task                                         
00007ee4  _ZTV6Screen                                       
00007ef8  _ZTV9GameLogic                                    
00007f1c  _ZTVN10__cxxabiv117__class_type_infoE             
00007f2c  _ZTVN10__cxxabiv119__pointer_type_infoE           
00007f3c  _ZTVN10__cxxabiv120__si_class_type_infoE          
00007f4c  _ZTVN10__cxxabiv123__fundamental_type_infoE       
000076fd  _ZdlPv                                            
000075b1  _Znwj                                             
20010000  __STACK_END                                       
00000200  __STACK_SIZE                                      
00000400  __SYSMEM_SIZE                                     
000080dc  __TI_CINIT_Base                                   
000080f4  __TI_CINIT_Limit                                  
000080d4  __TI_Handler_Table_Base                           
000080dc  __TI_Handler_Table_Limit                          
000071bd  __TI_auto_init                                    
20002554  __TI_cleanup_ptr                                  
000076e1  __TI_decompress_none                              
00007705  __TI_decompress_rle24                             
20002558  __TI_dtors_ptr                                    
2000255c  __TI_enable_exit_profile_output                   
ffffffff  __TI_pprof_out_hndl                               
00000eef  __TI_printfi                                      
ffffffff  __TI_prof_data_size                               
ffffffff  __TI_prof_data_start                              
00000000  __TI_static_base__                                
00007035  __aeabi_cdcmpeq                                   
00007035  __aeabi_cdcmple                                   
000070bb  __aeabi_cdrcmple                                  
000074f5  __aeabi_d2iz                                      
0000646b  __aeabi_dadd                                      
00006617  __aeabi_ddiv                                      
00006aa1  __aeabi_dmul                                      
00006461  __aeabi_dsub                                      
000075e1  __aeabi_i2d                                       
00007141  __aeabi_memclr                                    
00007141  __aeabi_memclr4                                   
00007141  __aeabi_memclr8                                   
00006f99  __aeabi_memcpy                                    
00006f99  __aeabi_memcpy4                                   
00006f99  __aeabi_memcpy8                                   
00007143  __aeabi_memset                                    
00007143  __aeabi_memset4                                   
00007143  __aeabi_memset8                                   
0000626d  __aeabi_uldivmod                                  
ffffffff  __binit__                                         
ffffffff  __c_args__                                        
00002c03  __mpu_init                                        
2000fe00  __stack                                           
000050e9  __sti___8_main_cpp_05102ee7                       
00007659  _args_main                                        
000073b5  _c_int00                                          
00007a08  _ctypes_                                          
2000256c  _lock                                             
20002580  _new_handler                                      
00007697  _nop                                              
0000768f  _register_lock                                    
00007689  _register_unlock                                  
20002110  _sys_memory                                       
00007297  _system_post_cinit                                
0000770b  _system_pre_init                                  
20002570  _unlock                                           
200020fc  aDataFromADC                                      
20002574  aDataFromButton                                   
0000740d  abort                                             
0000745d  atoi                                              
ffffffff  binit                                             
00005925  calloc                                            
000074a9  copy_in                                           
0000769d  copysign                                          
0000769d  copysignl                                         
20002548  counterDown                                       
2000254c  counterUp                                         
20002578  errno                                             
00007415  exit                                              
00005673  free                                              
00007299  frexp                                             
00007299  frexpl                                            
20000000  g_pfnRAMVectors                                   
200020d8  g_sContext                                        
00007ca4  g_sCrystalfontz128x128                            
00007b0c  g_sFontFixed6x8                                   
00000000  interruptVectors                                  
00006b9d  ldexp                                             
00006b9d  ldexpl                                            
0000735d  ltoa                                              
00004df7  main                                              
2000257c  main_func_sp                                      
0000560b  malloc                                            
00005841  memalign                                          
0000763d  memccpy                                           
00006f99  memcpy                                            
00007149  memset                                            
0000557d  minit                                             
20002550  pDataToScreenB                                    
200020f4  positionDown                                      
200020f8  positionUp                                        
00005735  realloc                                           
00006b9d  scalbn                                            
00006b9d  scalbnl                                           
000072fd  sprintf                                           
00007671  strchr                                            
000076b1  strlen                                            


GLOBAL SYMBOLS: SORTED BY Symbol Address 

address   name                                              
-------   ----                                              
00000000  __TI_static_base__                                
00000000  interruptVectors                                  
00000200  __STACK_SIZE                                      
00000400  __SYSMEM_SIZE                                     
00000eef  __TI_printfi                                      
0000135d  ADC14_enableModule                                
00001365  ADC14_disableModule                               
0000137b  ADC14_enableSampleTimer                           
000013a5  ADC14_disableSampleTimer                          
000013bb  ADC14_initModule                                  
00001401  ADC14_setResolution                               
0000141b  ADC14_getResolution                               
00001425  ADC14_setSampleHoldTrigger                        
00001467  ADC14_setSampleHoldTime                           
00001491  ADC14_configureMultiSequenceMode                  
00001527  ADC14_configureSingleSampleMode                   
0000157d  ADC14_enableConversion                            
0000159d  ADC14_toggleConversionTrigger                     
000015bf  ADC14_disableConversion                           
000015cb  ADC14_isBusy                                      
000015e9  ADC14_configureConversionMemory                   
00001691  ADC14_enableComparatorWindow                      
00001721  ADC14_disableComparatorWindow                     
0000177f  ADC14_setComparatorWindowValue                    
00001805  ADC14_setResultFormat                             
0000182f  ADC14_getResult                                   
00001849  ADC14_getMultiSequenceResult                      
000018b5  ADC14_getResultArray                              
00001929  ADC14_enableReferenceBurst                        
0000193f  ADC14_disableReferenceBurst                       
00001955  ADC14_setPowerMode                                
00001997  ADC14_enableInterrupt                             
000019c3  ADC14_disableInterrupt                            
000019ef  ADC14_getInterruptStatus                          
00001a19  ADC14_getEnabledInterruptStatus                   
00001a49  ADC14_clearInterruptFlag                          
00001a79  ADC14_registerInterrupt                           
00001a8d  ADC14_unregisterInterrupt                         
00001b05  SPI_initMaster                                    
00001bcb  SPI_selectFourPinFunctionality                    
00001bf1  SPI_changeMasterClock                             
00001c19  SPI_initSlave                                     
00001c97  SPI_changeClockPhasePolarity                      
00001cc7  SPI_transmitData                                  
00001ced  SPI_receiveData                                   
00001d09  SPI_enableModule                                  
00001d25  SPI_disableModule                                 
00001d41  SPI_getReceiveBufferAddressForDMA                 
00001d5d  SPI_getTransmitBufferAddressForDMA                
00001d89  SPI_isBusy                                        
00001da5  SPI_enableInterrupt                               
00001dcb  SPI_disableInterrupt                              
00001df1  SPI_getInterruptStatus                            
00001e19  SPI_getEnabledInterruptStatus                     
00001e49  SPI_clearInterruptFlag                            
00001e6f  SPI_registerInterrupt                             
00001f2d  SPI_unregisterInterrupt                           
00001fd9  EUSCI_B_SPI_select4PinFunctionality               
00001ff9  EUSCI_B_SPI_masterChangeClock                     
0000202b  EUSCI_B_SPI_slaveInit                             
00002075  EUSCI_B_SPI_changeClockPhasePolarity              
000020b7  EUSCI_B_SPI_transmitData                          
000020cd  EUSCI_B_SPI_receiveData                           
000020dd  EUSCI_B_SPI_enableInterrupt                       
000020f7  EUSCI_B_SPI_disableInterrupt                      
00002111  EUSCI_B_SPI_getInterruptStatus                    
00002129  EUSCI_B_SPI_clearInterruptFlag                    
00002143  EUSCI_B_SPI_enable                                
00002159  EUSCI_B_SPI_disable                               
0000216f  EUSCI_B_SPI_getReceiveBufferAddressForDMA         
0000217d  EUSCI_B_SPI_getTransmitBufferAddressForDMA        
0000218b  EUSCI_B_SPI_isBusy                                
000021a3  EUSCI_A_SPI_select4PinFunctionality               
000021c3  EUSCI_A_SPI_masterChangeClock                     
000021f9  EUSCI_A_SPI_slaveInit                             
00002243  EUSCI_A_SPI_changeClockPhasePolarity              
00002285  EUSCI_A_SPI_transmitData                          
0000229b  EUSCI_A_SPI_receiveData                           
000022ab  EUSCI_A_SPI_enableInterrupt                       
000022c5  EUSCI_A_SPI_disableInterrupt                      
000022df  EUSCI_A_SPI_getInterruptStatus                    
000022f7  EUSCI_A_SPI_clearInterruptFlag                    
00002311  EUSCI_A_SPI_enable                                
00002327  EUSCI_A_SPI_disable                               
0000233d  EUSCI_A_SPI_getReceiveBufferAddressForDMA         
0000234b  EUSCI_A_SPI_getTransmitBufferAddressForDMA        
00002359  EUSCI_A_SPI_isBusy                                
00002379  _Z9BallMoveXP4Ball                                
000023bd  _Z9BallMoveYP4Ball                                
00002401  _Z12BallControlXP4Balli                           
00002479  _Z12BallControlYP4Balli                           
000024e5  _Z19BallFastnessControlP9GameLogicP4Balli         
00002547  _Z17RacketLeftControlP6Racketi                    
0000257f  _Z18RacketRightControlP6Racketi                   
000025b7  _ZN9GameLogicC1Eibi                               
000025b7  _ZN9GameLogicC2Eibi                               
00002713  _ZN9GameLogic3runEv                               
00002859  _ZN9GameLogic14ProcessMessageE3MSG                
00002951  _ZN9GameLogic16FirstMoveControlEv                 
000029b3  _ZN9GameLogic12ScoreControlEv                     
00002a91  _ZN9GameLogic13WinnerControlEv                    
00002ad5  _ZN9GameLogic11GameControlEv                      
00002c03  __mpu_init                                        
00002c05  Crystalfontz128x128_Init                          
00002d19  Crystalfontz128x128_SetDrawFrame                  
00002e47  Crystalfontz128x128_SetOrientation                
0000327d  _ZN9SchedulerC1Ev                                 
0000327d  _ZN9SchedulerC2Ev                                 
00003323  _ZN9Scheduler6attachEP4Task                       
00003399  _ZN9Scheduler3runEv                               
0000341d  _ZN9Scheduler21CalculateNextScheduleEv            
000034e1  _ZN9Scheduler19ProcessMessageQueueEv              
00003657  _ZN9Scheduler13attachMessageE3MSG                 
000036b3  _ZN9Scheduler17clearMessageQueueEv                
00003819  _ZN9Scheduler18clearNextSchedulerEv               
00003867  _ZN9Scheduler14processMessageE3MSG                
000038bb  _ZN9Scheduler22SortScheduleByPriorityEP4Task      
00003915  Graphics_getStringWidth                           
00003a0f  Graphics_drawString                               
00003e8d  Graphics_getStringBaseline                        
00003e9d  Graphics_drawStringCentered                       
00003ee5  Graphics_getStringHeight                          
00003ef5  Graphics_getStringMaxWidth                        
00003f05  _ZN6ScreenC1Eib                                   
00003f05  _ZN6ScreenC2Eib                                   
00003f65  _ZN6Screen3runEv                                  
00003f8b  _ZN6Screen14ProcessMessageE3MSG                   
0000406f  _ZN6Screen11printFigureEv                         
000041c1  _ZN6Screen15getFigureChangeE3MSG                  
0000426b  _ZN6Screen14printPongTableEv                      
000042d5  _ZN6Screen15printPongWinnerE3MSG                  
0000438f  _ZN6Screen14printPongScoreE3MSG                   
0000447d  Graphics_drawLineH                                
00004519  Graphics_drawLineV                                
00004799  Graphics_drawLine                                 
0000490d  GPIO_setAsOutputPin                               
00004947  GPIO_setAsInputPin                                
0000498d  GPIO_setAsPeripheralModuleFunctionOutputPin       
00004a11  GPIO_setAsPeripheralModuleFunctionInputPin        
00004a95  GPIO_setOutputHighOnPin                           
00004ab7  GPIO_setOutputLowOnPin                            
00004ad9  GPIO_toggleOutputOnPin                            
00004afb  GPIO_setAsInputPinWithPullDownResistor            
00004b4d  GPIO_setAsInputPinWithPullUpResistor              
00004b9f  GPIO_getInputPinValue                             
00004bcd  GPIO_enableInterrupt                              
00004bef  GPIO_disableInterrupt                             
00004c11  GPIO_getInterruptStatus                           
00004c2f  GPIO_clearInterruptFlag                           
00004c51  GPIO_interruptEdgeSelect                          
00004c87  GPIO_getEnabledInterruptStatus                    
00004d03  GPIO_setDriveStrengthHigh                         
00004d25  GPIO_setDriveStrengthLow                          
00004d47  GPIO_registerInterrupt                            
00004d67  GPIO_unregisterInterrupt                          
00004df7  main                                              
00004e5d  BUTTON_DOWN_ISR                                   
00004ea3  BUTTON_UP_ISR                                     
00004ee9  T32_INT1_IRQHandler                               
00004ee9  T32_INT1_IRQHandler                               
00004f07  ADC14_IRQHandler                                  
00004f07  ADC14_IRQHandler                                  
00004f6b  _Z8setupADCv                                      
00005009  _Z13setupButtonUpv                                
00005037  _Z15setupButtonDownv                              
00005065  _Z5Setupv                                         
000050e9  __sti___8_main_cpp_05102ee7                       
0000518f  Interrupt_enableMaster                            
0000519f  Interrupt_disableMaster                           
000051af  Interrupt_registerInterrupt                       
00005201  Interrupt_unregisterInterrupt                     
00005215  Interrupt_setPriorityGrouping                     
0000522f  Interrupt_getPriorityGrouping                     
00005267  Interrupt_setPriority                             
000052b7  Interrupt_getPriority                             
000052dd  Interrupt_enableInterrupt                         
0000534f  Interrupt_disableInterrupt                        
000053c1  Interrupt_isEnabled                               
0000544d  Interrupt_pendInterrupt                           
000054bd  Interrupt_unpendInterrupt                         
0000550b  Interrupt_setPriorityMask                         
0000551b  Interrupt_getPriorityMask                         
00005525  Interrupt_setVectorTableAddress                   
00005535  Interrupt_getVectorTableAddress                   
0000553b  Interrupt_enableSleepOnIsrExit                    
0000554d  Interrupt_disableSleepOnIsrExit                   
0000557d  minit                                             
0000560b  malloc                                            
00005673  free                                              
00005735  realloc                                           
00005841  memalign                                          
00005925  calloc                                            
00005959  SystemCoreClockUpdate                             
00005bcd  SystemInit                                        
00005cc9  Graphics_drawRectangle                            
00005d6b  Graphics_fillRectangle                            
00005e7d  Graphics_isRectangleOverlap                       
00005ecf  Graphics_getRectangleIntersection                 
00005fb5  Graphics_isPointWithinRectangle                   
00006007  Graphics_initContext                              
00006051  Graphics_setClipRegion                            
0000611b  Graphics_setBackgroundColor                       
00006135  Graphics_setBackgroundColorTranslated             
0000614b  Graphics_setFont                                  
00006165  Graphics_getFontBaseline                          
00006173  Graphics_setForegroundColor                       
00006189  Graphics_setForegroundColorTranslated             
0000619b  Graphics_getFontHeight                            
000061a9  Graphics_getFontMaxWidth                          
000061b7  Graphics_getDisplayWidth                          
000061c7  Graphics_getDisplayHeight                         
000061d7  Graphics_getHeightOfDisplay                       
000061e5  Graphics_flushBuffer                              
000061f3  Graphics_clearDisplay                             
00006205  Graphics_drawPixel                                
0000625f  Graphics_getWidthOfDisplay                        
0000626d  __aeabi_uldivmod                                  
00006461  __aeabi_dsub                                      
0000646b  __aeabi_dadd                                      
00006617  __aeabi_ddiv                                      
0000674d  Graphics_drawPixelOnDisplay                       
00006777  Graphics_drawMultiplePixelsOnDisplay              
000067bb  Graphics_drawHorizontalLineOnDisplay              
000067ef  Graphics_drawVerticalLineOnDisplay                
00006823  Graphics_fillRectangleOnDisplay                   
00006841  Graphics_translateColorOnDisplay                  
00006857  Graphics_flushOnDisplay                           
00006869  Graphics_clearDisplayOnDisplay                    
00006881  _ZN4BallC1EiiiiiPiS0_                             
00006881  _ZN4BallC2EiiiiiPiS0_                             
0000692d  _ZN4Ball12CheckLimitsXEv                          
00006961  _ZN4Ball12CheckLimitsYEv                          
00006995  _ZN9GamePieceC1Ev                                 
00006995  _ZN9GamePieceC2Ev                                 
000069a1  _ZN9GamePiece7setPosXEi                           
000069b3  _ZN9GamePiece7getPosXEv                           
000069c1  _ZN9GamePiece7setPosYEi                           
000069d3  _ZN9GamePiece7getPosYEv                           
000069e1  _ZN9GamePiece7setSizeEi                           
000069f3  _ZN9GamePiece7getSizeEv                           
00006a01  _ZN9GamePiece13setDirectionXEi                    
00006a13  _ZN9GamePiece13getDirectionXEv                    
00006a21  _ZN9GamePiece13setDirectionYEi                    
00006a33  _ZN9GamePiece13getDirectionYEv                    
00006a41  _ZN9GamePiece12CheckChangeXEv                     
00006a71  _ZN9GamePiece12CheckChangeYEv                     
00006aa1  __aeabi_dmul                                      
00006b9d  ldexp                                             
00006b9d  ldexpl                                            
00006b9d  scalbn                                            
00006b9d  scalbnl                                           
00006c99  _ZN6RacketC1EiiiiiPiS0_                           
00006c99  _ZN6RacketC2EiiiiiPiS0_                           
00006d45  _ZN6Racket12CheckLimitsYEv                        
00006d79  HAL_LCD_PortInit                                  
00006da9  HAL_LCD_SpiInit                                   
00006ddf  HAL_LCD_writeCommand                              
00006e07  HAL_LCD_writeData                                 
00006e35  _ZSt21__gen_dummy_typeinfosv                      
00006e3d  _ZNSt9type_infoD1Ev                               
00006e3d  _ZNSt9type_infoD2Ev                               
00006e3f  _ZNSt9type_infoD0Ev                               
00006e47  _ZNKSt9type_info4nameEv                           
00006e4b  _ZNKSt9type_infoneERKS_                           
00006e61  _ZNKSt9type_infoeqERKS_                           
00006e77  _ZNKSt9type_info6beforeERKS_                      
00006e85  _ZN10__cxxabiv129__pointer_to_member_type_infoD1Ev
00006e85  _ZN10__cxxabiv129__pointer_to_member_type_infoD2Ev
00006e87  _ZN10__cxxabiv129__pointer_to_member_type_infoD0Ev
00006e8f  _ZN10__cxxabiv123__fundamental_type_infoD1Ev      
00006e8f  _ZN10__cxxabiv123__fundamental_type_infoD2Ev      
00006e91  _ZN10__cxxabiv123__fundamental_type_infoD0Ev      
00006e99  _ZN10__cxxabiv121__vmi_class_type_infoD1Ev        
00006e99  _ZN10__cxxabiv121__vmi_class_type_infoD2Ev        
00006e9b  _ZN10__cxxabiv121__vmi_class_type_infoD0Ev        
00006ea3  _ZN10__cxxabiv120__si_class_type_infoD1Ev         
00006ea3  _ZN10__cxxabiv120__si_class_type_infoD2Ev         
00006ea5  _ZN10__cxxabiv120__si_class_type_infoD0Ev         
00006ead  _ZN10__cxxabiv120__function_type_infoD1Ev         
00006ead  _ZN10__cxxabiv120__function_type_infoD2Ev         
00006eaf  _ZN10__cxxabiv120__function_type_infoD0Ev         
00006eb7  _ZN10__cxxabiv119__pointer_type_infoD1Ev          
00006eb7  _ZN10__cxxabiv119__pointer_type_infoD2Ev          
00006eb9  _ZN10__cxxabiv119__pointer_type_infoD0Ev          
00006ec1  _ZN10__cxxabiv117__pbase_type_infoD1Ev            
00006ec1  _ZN10__cxxabiv117__pbase_type_infoD2Ev            
00006ec3  _ZN10__cxxabiv117__pbase_type_infoD0Ev            
00006ecb  _ZN10__cxxabiv117__class_type_infoD1Ev            
00006ecb  _ZN10__cxxabiv117__class_type_infoD2Ev            
00006ecd  _ZN10__cxxabiv117__class_type_infoD0Ev            
00006ed5  _ZN10__cxxabiv117__array_type_infoD1Ev            
00006ed5  _ZN10__cxxabiv117__array_type_infoD2Ev            
00006ed7  _ZN10__cxxabiv117__array_type_infoD0Ev            
00006edf  _ZN10__cxxabiv116__enum_type_infoD1Ev             
00006edf  _ZN10__cxxabiv116__enum_type_infoD2Ev             
00006ee1  _ZN10__cxxabiv116__enum_type_infoD0Ev             
00006ef1  _ZN4TaskC1Ev                                      
00006ef1  _ZN4TaskC2Ev                                      
00006f0f  _ZN4Task3runEv                                    
00006f35  _ZN4Task19SetTaskCurrentCountEy                   
00006f53  _ZN4Task17SetTaskFinalCountEy                     
00006f71  _ZN4Task19GetTaskCurrentCountEv                   
00006f81  _ZN4Task17GetTaskFinalCountEv                     
00006f99  __aeabi_memcpy                                    
00006f99  __aeabi_memcpy4                                   
00006f99  __aeabi_memcpy8                                   
00006f99  memcpy                                            
00007035  __aeabi_cdcmpeq                                   
00007035  __aeabi_cdcmple                                   
000070bb  __aeabi_cdrcmple                                  
00007141  __aeabi_memclr                                    
00007141  __aeabi_memclr4                                   
00007141  __aeabi_memclr8                                   
00007143  __aeabi_memset                                    
00007143  __aeabi_memset4                                   
00007143  __aeabi_memset8                                   
00007149  memset                                            
000071bb  _Z21__default_new_handlerv                        
000071bd  __TI_auto_init                                    
00007297  _system_post_cinit                                
00007299  frexp                                             
00007299  frexpl                                            
000072fd  sprintf                                           
0000735d  ltoa                                              
000073b5  _c_int00                                          
00007409  C$$EXIT                                           
0000740d  abort                                             
00007415  exit                                              
0000745d  atoi                                              
000074a9  copy_in                                           
000074f5  __aeabi_d2iz                                      
0000753d  CPU_cpsid                                         
00007549  CPU_primask                                       
00007553  CPU_cpsie                                         
0000755f  CPU_wfi                                           
00007563  CPU_basepriSet                                    
00007571  CPU_basepriGet                                    
0000757d  _ZN4Task14ProcessMessageE3MSG                     
000075b1  _Znwj                                             
000075e1  __aeabi_i2d                                       
00007611  _ZN4Task11SendMessageEv                           
0000763d  memccpy                                           
00007659  _args_main                                        
00007671  strchr                                            
00007689  _register_unlock                                  
0000768f  _register_lock                                    
00007697  _nop                                              
0000769d  copysign                                          
0000769d  copysignl                                         
000076b1  strlen                                            
000076c5  _ZN4BallC1Ev                                      
000076d3  _ZN6RacketC1Ev                                    
000076e1  __TI_decompress_none                              
000076ef  Reset_Handler                                     
000076fb  AES256_IRQHandler                                 
000076fb  BusFault_Handler                                  
000076fb  COMP_E0_IRQHandler                                
000076fb  COMP_E1_IRQHandler                                
000076fb  CS_IRQHandler                                     
000076fb  DMA_ERR_IRQHandler                                
000076fb  DMA_INT0_IRQHandler                               
000076fb  DMA_INT1_IRQHandler                               
000076fb  DMA_INT2_IRQHandler                               
000076fb  DMA_INT3_IRQHandler                               
000076fb  DebugMon_Handler                                  
000076fb  Default_Handler                                   
000076fb  EUSCIA0_IRQHandler                                
000076fb  EUSCIA1_IRQHandler                                
000076fb  EUSCIA2_IRQHandler                                
000076fb  EUSCIA3_IRQHandler                                
000076fb  EUSCIB0_IRQHandler                                
000076fb  EUSCIB1_IRQHandler                                
000076fb  EUSCIB2_IRQHandler                                
000076fb  EUSCIB3_IRQHandler                                
000076fb  FLCTL_IRQHandler                                  
000076fb  FPU_IRQHandler                                    
000076fb  HardFault_Handler                                 
000076fb  MemManage_Handler                                 
000076fb  NMI_Handler                                       
000076fb  PCM_IRQHandler                                    
000076fb  PORT1_IRQHandler                                  
000076fb  PORT2_IRQHandler                                  
000076fb  PORT3_IRQHandler                                  
000076fb  PORT4_IRQHandler                                  
000076fb  PORT5_IRQHandler                                  
000076fb  PORT6_IRQHandler                                  
000076fb  PSS_IRQHandler                                    
000076fb  PendSV_Handler                                    
000076fb  RTC_C_IRQHandler                                  
000076fb  SVC_Handler                                       
000076fb  SysTick_Handler                                   
000076fb  T32_INT2_IRQHandler                               
000076fb  T32_INTC_IRQHandler                               
000076fb  TA0_0_IRQHandler                                  
000076fb  TA0_N_IRQHandler                                  
000076fb  TA1_0_IRQHandler                                  
000076fb  TA1_N_IRQHandler                                  
000076fb  TA2_0_IRQHandler                                  
000076fb  TA2_N_IRQHandler                                  
000076fb  TA3_0_IRQHandler                                  
000076fb  TA3_N_IRQHandler                                  
000076fb  UsageFault_Handler                                
000076fb  WDT_A_IRQHandler                                  
000076fd  _ZdlPv                                            
00007705  __TI_decompress_rle24                             
0000770b  _system_pre_init                                  
00007a08  _ctypes_                                          
00007b09  _ZTSe                                             
00007b0c  g_sFontFixed6x8                                   
00007ca4  g_sCrystalfontz128x128                            
00007cd0  _ZTSN10__cxxabiv123__fundamental_type_infoE       
00007cf8  _ZTSN10__cxxabiv120__si_class_type_infoE          
00007d1d  _ZTSN10__cxxabiv119__pointer_type_infoE           
00007d41  _ZTSN10__cxxabiv117__class_type_infoE             
00007d63  _ZTSN10__cxxabiv117__pbase_type_infoE             
00007ed0  _ZTV4Task                                         
00007ee4  _ZTV6Screen                                       
00007ef8  _ZTV9GameLogic                                    
00007f0c  _ZTIPKe                                           
00007f1c  _ZTVN10__cxxabiv117__class_type_infoE             
00007f2c  _ZTVN10__cxxabiv119__pointer_type_infoE           
00007f3c  _ZTVN10__cxxabiv120__si_class_type_infoE          
00007f4c  _ZTVN10__cxxabiv123__fundamental_type_infoE       
00007f5c  _ZTSSt9type_info                                  
00007f6c  _ZTI6Screen                                       
00007f78  _ZTI9GameLogic                                    
00007f84  _ZTIN10__cxxabiv117__class_type_infoE             
00007f90  _ZTIN10__cxxabiv117__pbase_type_infoE             
00007f9c  _ZTIN10__cxxabiv119__pointer_type_infoE           
00007fa8  _ZTIN10__cxxabiv120__si_class_type_infoE          
00007fb4  _ZTIN10__cxxabiv123__fundamental_type_infoE       
00007fc0  _ZTS9GameLogic                                    
00008004  _ZTI4Task                                         
0000800c  _ZTISt9type_info                                  
00008014  _ZTIe                                             
0000801c  _ZTS6Screen                                       
00008044  _ZTS4Task                                         
0000804a  _ZTSPKe                                           
00008050  SHT$$INIT_ARRAY$$Base                             
00008054  SHT$$INIT_ARRAY$$Limit                            
000080d4  __TI_Handler_Table_Base                           
000080dc  __TI_CINIT_Base                                   
000080dc  __TI_Handler_Table_Limit                          
000080f4  __TI_CINIT_Limit                                  
20000000  g_pfnRAMVectors                                   
200000e8  MainScheduler                                     
200020d8  g_sContext                                        
200020f4  positionDown                                      
200020f8  positionUp                                        
200020fc  aDataFromADC                                      
20002100  _ZSt16__dummy_typeinfo                            
20002104  Lcd_ScreenHeigth                                  
20002106  Lcd_ScreenWidth                                   
20002108  Lcd_TouchTrim                                     
2000210a  Lcd_FlagRead                                      
2000210b  Lcd_FontSolid                                     
2000210c  Lcd_Orientation                                   
2000210d  Lcd_PenSolid                                      
20002110  _sys_memory                                       
20002548  counterDown                                       
2000254c  counterUp                                         
20002550  pDataToScreenB                                    
20002554  __TI_cleanup_ptr                                  
20002558  __TI_dtors_ptr                                    
2000255c  __TI_enable_exit_profile_output                   
2000256c  _lock                                             
20002570  _unlock                                           
20002574  aDataFromButton                                   
20002578  errno                                             
2000257c  main_func_sp                                      
20002580  _new_handler                                      
20002584  SystemCoreClock                                   
2000fe00  __stack                                           
20010000  __STACK_END                                       
4000480c  WDTCTL_SYM                                        
ffffffff  __TI_pprof_out_hndl                               
ffffffff  __TI_prof_data_size                               
ffffffff  __TI_prof_data_start                              
ffffffff  __binit__                                         
ffffffff  __c_args__                                        
ffffffff  binit                                             

[481 symbols]
