******************************************************************************
                  TI ARM Linker Unix v15.12.3                  
******************************************************************************
>> Linked Thu Dec  8 02:16:50 2016

OUTPUT FILE NAME:   <finalProject.out>
ENTRY POINT SYMBOL: "_c_int00"  address: 000046c9


MEMORY CONFIGURATION

         name            origin    length      used     unused   attr    fill
----------------------  --------  ---------  --------  --------  ----  --------
  MAIN                  00000000   00040000  00005186  0003ae7a  R  X
  INFO                  00200000   00004000  00000000  00004000  R  X
  SRAM_CODE             01000000   00010000  0000277e  0000d882  RW X
  SRAM_DATA             20000000   00010000  0000277e  0000d882  RW  


SEGMENT ALLOCATION MAP

run origin  load origin   length   init length attrs members
----------  ----------- ---------- ----------- ----- -------
00000000    00000000    0000518c   0000518c    r-x
  00000000    00000000    000000e4   000000e4    r-- .intvecs
  000000e4    000000e4    000047da   000047da    r-x .text
  000048c0    000048c0    00000828   00000828    r-- .const
  000050e8    000050e8    00000004   00000004    r-- .init_array
  000050f0    000050f0    0000009c   0000009c    r-- .cinit
20000000    20000000    00002584   00000000    rw-
  20000000    20000000    000000e4   00000000    rw- .vtable
  200000e8    200000e8    00002026   00000000    rw- .bss
  20002110    20002110    00000400   00000000    rw- .sysmem
  20002510    20002510    00000074   00000000    rw- .data
2000fe00    2000fe00    00000200   00000000    rw-
  2000fe00    2000fe00    00000200   00000000    rw- .stack


SECTION ALLOCATION MAP

 output                                  attributes/
section   page    origin      length       input sections
--------  ----  ----------  ----------   ----------------
.intvecs   0    00000000    000000e4     
                  00000000    000000e4     startup_msp432p401r_ccs.obj (.intvecs:retain)

.binit     0    00000000    00000000     

.text      0    000000e4    000047da     
                  000000e4    000008e0     adc14.obj (.text)
                  000009c4    000008a4     spi.obj (.text)
                  00001268    00000678     Crystalfontz128x128_ST7735.obj (.text)
                  000018e0    00000634     Scheduler.obj (.text)
                  00001f14    00000490     line.obj (.text)
                  000023a4    0000048c     main.obj (.text)
                  00002830    00000480     gpio.obj (.text)
                  00002cb0    000003f0     interrupt.obj (.text)
                  000030a0    000003dc     rtsv7M4_T_le_v4SPD16_eabi.lib : memory.obj (.text)
                  0000347c    00000370     system_msp432p401r.obj (.text)
                  000037ec    0000033e     rectangle.obj (.text)
                  00003b2a    00000266     context.obj (.text)
                  00003d90    000001bc     Screen.obj (.text)
                  00003f4c    00000174     Ball.obj (.text)
                  000040c0    00000134     display.obj (.text)
                  000041f4    000000c0     GamePiece.obj (.text)
                  000042b4    000000bc     HAL_MSP_EXP432P401R_Crystalfontz128x128_ST7735.obj (.text)
                  00004370    000000bc     rtsv7M4_T_le_v4SPD16_eabi.lib : typeinfo_.obj (.text)
                  0000442c    000000a8     Task.obj (.text)
                  000044d4    0000009c     rtsv7M4_T_le_v4SPD16_eabi.lib : memcpy_t2.obj (.text)
                  00004570    0000007a                                   : memset_t2.obj (.text)
                  000045ea    00000002                                   : mpu_init.obj (.text)
                  000045ec    00000070                                   : autoinit.obj (.text)
                  0000465c    0000006a                                   : copy_decompress_rle.obj (.text)
                  000046c6    00000002                                   : newhandler.obj (.text)
                  000046c8    00000054                                   : boot.obj (.text)
                  0000471c    00000054                                   : exit.obj (.text)
                  00004770    0000004c                                   : cpy_tbl.obj (.text)
                  000047bc    0000003e     cpu.obj (.text)
                  000047fa    00000002     rtsv7M4_T_le_v4SPD16_eabi.lib : startup.obj (.text)
                  000047fc    00000030                                   : new_.obj (.text)
                  0000482c    0000002c     Ball.obj (.text:_ZN4Task11SendMessageEv)
                  00004858    00000018     rtsv7M4_T_le_v4SPD16_eabi.lib : args_main.obj (.text)
                  00004870    00000014                                   : _lock.obj (.text)
                  00004884    0000000e                                   : copy_decompress_none.obj (.text:decompress:none)
                  00004892    0000000e     startup_msp432p401r_ccs.obj (.text)
                  000048a0    0000000c     GamePiece.obj (.text:_ZN4Task14ProcessMessageE3MSG)
                  000048ac    00000008     rtsv7M4_T_le_v4SPD16_eabi.lib : delete.obj (.text)
                  000048b4    00000006                                   : copy_decompress_rle.obj (.text:decompress:rle24)
                  000048ba    00000004                                   : pre_init.obj (.text)

.const     0    000048c0    00000828     
                  000048c0    000002f8     fontfixed6x8.obj (.const:.string:g_pucFontFixed6x8Data)
                  00004bb8    000000c8     fontfixed6x8.obj (.const:g_sFontFixed6x8)
                  00004c80    00000080     adc14.obj (.const:_ctlRegs)
                  00004d00    00000050     interrupt.obj (.const:g_pulRegs)
                  00004d50    0000002c     Crystalfontz128x128_ST7735.obj (.const:g_sCrystalfontz128x128)
                  00004d7c    00000028     rtsv7M4_T_le_v4SPD16_eabi.lib : typeinfo_.obj (.const:.typeinfo:_ZTSN10__cxxabiv123__fundamental_type_infoE)
                  00004da4    00000025                                   : typeinfo_.obj (.const:.typeinfo:_ZTSN10__cxxabiv120__si_class_type_infoE)
                  00004dc9    00000024                                   : typeinfo_.obj (.const:.typeinfo:_ZTSN10__cxxabiv119__pointer_type_infoE)
                  00004ded    00000022                                   : typeinfo_.obj (.const:.typeinfo:_ZTSN10__cxxabiv117__class_type_infoE)
                  00004e0f    00000022                                   : typeinfo_.obj (.const:.typeinfo:_ZTSN10__cxxabiv117__pbase_type_infoE)
                  00004e31    00000002                                   : typeinfo_.obj (.const:.typeinfo:_ZTSe)
                  00004e33    00000001     --HOLE-- [fill = 0]
                  00004e34    00000020     interrupt.obj (.const:g_pulPriority)
                  00004e54    0000001c     HAL_MSP_EXP432P401R_Crystalfontz128x128_ST7735.obj (.const:$P$T0$1)
                  00004e70    0000001c     gpio.obj (.const:GPIO_PORT_TO_INT)
                  00004e8c    00000018     Screen.obj (.const:_ZTV6Screen)
                  00004ea4    00000014     Ball.obj (.const:$P$T40$1)
                  00004eb8    00000014     Scheduler.obj (.const:$P$T40$1)
                  00004ecc    00000014     Scheduler.obj (.const:$P$T41$2)
                  00004ee0    00000014     Task.obj (.const:$P$T41$2)
                  00004ef4    00000014     Screen.obj (.const:$P$T43$2)
                  00004f08    00000014     main.obj (.const:$P$T46$7)
                  00004f1c    00000014     main.obj (.const:$P$T47$8)
                  00004f30    00000014     main.obj (.const:$P$T48$9)
                  00004f44    00000014     Ball.obj (.const:$P$T51$2)
                  00004f58    00000014     Ball.obj (.const:_ZTV4Ball)
                  00004f6c    00000014     Task.obj (.const:_ZTV4Task)
                  00004f80    00000014     GamePiece.obj (.const:_ZTV9GamePiece)
                  00004f94    00000010     rtsv7M4_T_le_v4SPD16_eabi.lib : typeinfo_.obj (.const:.typeinfo:_ZTIPKe)
                  00004fa4    00000010                                   : typeinfo_.obj (.const:_ZTVN10__cxxabiv117__class_type_infoE)
                  00004fb4    00000010                                   : typeinfo_.obj (.const:_ZTVN10__cxxabiv119__pointer_type_infoE)
                  00004fc4    00000010                                   : typeinfo_.obj (.const:_ZTVN10__cxxabiv120__si_class_type_infoE)
                  00004fd4    00000010                                   : typeinfo_.obj (.const:_ZTVN10__cxxabiv123__fundamental_type_infoE)
                  00004fe4    0000000d                                   : typeinfo_.obj (.const:.typeinfo:_ZTSSt9type_info)
                  00004ff1    00000003     --HOLE-- [fill = 0]
                  00004ff4    0000000c     Ball.obj (.const:.typeinfo:_ZTI4Ball)
                  00005000    0000000c     Screen.obj (.const:.typeinfo:_ZTI6Screen)
                  0000500c    0000000c     Ball.obj (.const:.typeinfo:_ZTI9GamePiece)
                  00005018    0000000c     rtsv7M4_T_le_v4SPD16_eabi.lib : typeinfo_.obj (.const:.typeinfo:_ZTIN10__cxxabiv117__class_type_infoE)
                  00005024    0000000c                                   : typeinfo_.obj (.const:.typeinfo:_ZTIN10__cxxabiv117__pbase_type_infoE)
                  00005030    0000000c                                   : typeinfo_.obj (.const:.typeinfo:_ZTIN10__cxxabiv119__pointer_type_infoE)
                  0000503c    0000000c                                   : typeinfo_.obj (.const:.typeinfo:_ZTIN10__cxxabiv120__si_class_type_infoE)
                  00005048    0000000c                                   : typeinfo_.obj (.const:.typeinfo:_ZTIN10__cxxabiv123__fundamental_type_infoE)
                  00005054    0000000b     Ball.obj (.const:.typeinfo:_ZTS9GamePiece)
                  0000505f    00000001     --HOLE-- [fill = 0]
                  00005060    00000008     Crystalfontz128x128_ST7735.obj (.const:$P$T0$1)
                  00005068    00000008     main.obj (.const:$P$T40$1)
                  00005070    00000008     main.obj (.const:$P$T41$2)
                  00005078    00000008     main.obj (.const:$P$T42$3)
                  00005080    00000008     main.obj (.const:$P$T43$4)
                  00005088    00000008     main.obj (.const:$P$T44$5)
                  00005090    00000008     main.obj (.const:$P$T45$6)
                  00005098    00000008     Task.obj (.const:.typeinfo:_ZTI4Task)
                  000050a0    00000008     rtsv7M4_T_le_v4SPD16_eabi.lib : typeinfo_.obj (.const:.typeinfo:_ZTISt9type_info)
                  000050a8    00000008                                   : typeinfo_.obj (.const:.typeinfo:_ZTIe)
                  000050b0    00000008     Screen.obj (.const:.typeinfo:_ZTS6Screen)
                  000050b8    00000008     interrupt.obj (.const:g_pulDisRegs)
                  000050c0    00000008     interrupt.obj (.const:g_pulEnRegs)
                  000050c8    00000008     interrupt.obj (.const:g_pulPendRegs)
                  000050d0    00000008     interrupt.obj (.const:g_pulUnpendRegs)
                  000050d8    00000006     Ball.obj (.const:.typeinfo:_ZTS4Ball)
                  000050de    00000006     Task.obj (.const:.typeinfo:_ZTS4Task)
                  000050e4    00000004     rtsv7M4_T_le_v4SPD16_eabi.lib : typeinfo_.obj (.const:.typeinfo:_ZTSPKe)

.cinit     0    000050f0    0000009c     
                  000050f0    00000059     (.cinit..data.load) [load image, compression = rle]
                  00005149    00000007     --HOLE-- [fill = 0]
                  00005150    0000000b     (.cinit..bss.load) [load image, compression = rle]
                  0000515b    00000005     --HOLE-- [fill = 0]
                  00005160    00000009     (.cinit..vtable.load) [load image, compression = rle]
                  00005169    00000003     --HOLE-- [fill = 0]
                  0000516c    00000008     (__TI_handler_table)
                  00005174    00000018     (__TI_cinit_table)

.init_array 
*          0    000050e8    00000004     
                  000050e8    00000004     main.obj (.init_array)

.vtable    0    20000000    000000e4     UNINITIALIZED
                  20000000    000000e4     interrupt.obj (.vtable)

.bss       0    200000e8    00002026     UNINITIALIZED
                  200000e8    00001ff0     main.obj (.bss:MainScheduler)
                  200020d8    0000001c     (.common:g_sContext)
                  200020f4    0000000c     main.obj (.bss)
                  20002100    00000004     (.common:_ZSt16__dummy_typeinfo)
                  20002104    00000002     (.common:Lcd_ScreenHeigth)
                  20002106    00000002     (.common:Lcd_ScreenWidth)
                  20002108    00000002     (.common:Lcd_TouchTrim)
                  2000210a    00000001     (.common:Lcd_FlagRead)
                  2000210b    00000001     (.common:Lcd_FontSolid)
                  2000210c    00000001     (.common:Lcd_Orientation)
                  2000210d    00000001     (.common:Lcd_PenSolid)

.sysmem    0    20002110    00000400     UNINITIALIZED
                  20002110    00000008     rtsv7M4_T_le_v4SPD16_eabi.lib : memory.obj (.sysmem)
                  20002118    000003f8     --HOLE--

.data      0    20002510    00000074     UNINITIALIZED
                  20002510    00000030     gpio.obj (.data:GPIO_PORT_TO_BASE)
                  20002540    00000014     main.obj (.data)
                  20002554    0000000c     rtsv7M4_T_le_v4SPD16_eabi.lib : exit.obj (.data:$O1$$)
                  20002560    0000000c                                   : memory.obj (.data:$O1$$)
                  2000256c    00000008                                   : _lock.obj (.data:$O1$$)
                  20002574    00000004     main.obj (.data:aDataFromButton)
                  20002578    00000004     rtsv7M4_T_le_v4SPD16_eabi.lib : stkdepth_vars.obj (.data)
                  2000257c    00000004                                   : vars.obj (.data)
                  20002580    00000004     system_msp432p401r.obj (.data)

.stack     0    2000fe00    00000200     UNINITIALIZED
                  2000fe00    00000200     --HOLE--

MODULE SUMMARY

       Module                                               code    ro data   rw data
       ------                                               ----    -------   -------
    ./
       main.obj                                             1164    112       16424  
       Scheduler.obj                                        1588    40        0      
       system_msp432p401r.obj                               880     0         8      
       Screen.obj                                           444     64        56     
       Ball.obj                                             416     101       0      
       startup_msp432p401r_ccs.obj                          14      228       0      
       GamePiece.obj                                        204     20        0      
       Task.obj                                             168     54        0      
    +--+----------------------------------------------------+-------+---------+---------+
       Total:                                               4878    619       16488  
                                                                                     
    ./GrLib/fonts/
       fontfixed6x8.obj                                     0       960       0      
    +--+----------------------------------------------------+-------+---------+---------+
       Total:                                               0       960       0      
                                                                                     
    ./GrLib/grlib/
       line.obj                                             1168    0         0      
       rectangle.obj                                        830     0         0      
       context.obj                                          614     0         0      
       display.obj                                          308     0         0      
    +--+----------------------------------------------------+-------+---------+---------+
       Total:                                               2920    0         0      
                                                                                     
    ./LcdDriver/
       Crystalfontz128x128_ST7735.obj                       1656    52        20     
       HAL_MSP_EXP432P401R_Crystalfontz128x128_ST7735.obj   188     28        0      
    +--+----------------------------------------------------+-------+---------+---------+
       Total:                                               1844    80        20     
                                                                                     
    ./driverlib/MSP432P4xx/
       adc14.obj                                            2272    128       0      
       spi.obj                                              2212    0         0      
       interrupt.obj                                        1008    144       456    
       gpio.obj                                             1152    28        96     
       cpu.obj                                              62      0         0      
    +--+----------------------------------------------------+-------+---------+---------+
       Total:                                               6706    300       552    
                                                                                     
    /opt/ti/ccsv6/tools/compiler/arm_15.12.3.LTS/lib/rtsv7M4_T_le_v4SPD16_eabi.lib
       memory.obj                                           988     0         24     
       typeinfo_.obj                                        188     356       8      
       memcpy_t2.obj                                        156     0         0      
       memset_t2.obj                                        122     0         0      
       autoinit.obj                                         112     0         0      
       copy_decompress_rle.obj                              112     0         0      
       exit.obj                                             84      0         24     
       boot.obj                                             84      0         0      
       cpy_tbl.obj                                          76      0         0      
       new_.obj                                             48      0         0      
       _lock.obj                                            20      0         16     
       args_main.obj                                        24      0         0      
       copy_decompress_none.obj                             14      0         0      
       delete.obj                                           8       0         0      
       stkdepth_vars.obj                                    0       0         8      
       vars.obj                                             0       0         8      
       pre_init.obj                                         4       0         0      
       mpu_init.obj                                         2       0         0      
       newhandler.obj                                       2       0         0      
       startup.obj                                          2       0         0      
    +--+----------------------------------------------------+-------+---------+---------+
       Total:                                               2046    356       88     
                                                                                     
       Heap:                                                0       0         2048   
       Stack:                                               0       0         1024   
       Linker Generated:                                    0       141       0      
    +--+----------------------------------------------------+-------+---------+---------+
       Grand Total:                                         18394   2456      20220  


LINKER GENERATED COPY TABLES

__TI_cinit_table @ 00005174 records: 3, size/record: 8, table size: 24
	.data: load addr=000050f0, load size=00000059 bytes, run addr=20002510, run size=00000074 bytes, compression=rle
	.bss: load addr=00005150, load size=0000000b bytes, run addr=200000e8, run size=00002026 bytes, compression=rle
	.vtable: load addr=00005160, load size=00000009 bytes, run addr=20000000, run size=000000e4 bytes, compression=rle


LINKER GENERATED HANDLER TABLE

__TI_handler_table @ 0000516c records: 2, size/record: 4, table size: 8
	index: 0, handler: __TI_decompress_rle24
	index: 1, handler: __TI_decompress_none


GLOBAL SYMBOLS: SORTED ALPHABETICALLY BY Name 

address   name                                              
-------   ----                                              
0000258f  ADC14_IRQHandler                                  
0000258f  ADC14_IRQHandler                                  
00000939  ADC14_clearInterruptFlag                          
000004d9  ADC14_configureConversionMemory                   
00000381  ADC14_configureMultiSequenceMode                  
00000417  ADC14_configureSingleSampleMode                   
00000611  ADC14_disableComparatorWindow                     
000004af  ADC14_disableConversion                           
000008b3  ADC14_disableInterrupt                            
00000255  ADC14_disableModule                               
0000082f  ADC14_disableReferenceBurst                       
00000295  ADC14_disableSampleTimer                          
00000581  ADC14_enableComparatorWindow                      
0000046d  ADC14_enableConversion                            
00000887  ADC14_enableInterrupt                             
0000024d  ADC14_enableModule                                
00000819  ADC14_enableReferenceBurst                        
0000026b  ADC14_enableSampleTimer                           
00000909  ADC14_getEnabledInterruptStatus                   
000008df  ADC14_getInterruptStatus                          
00000739  ADC14_getMultiSequenceResult                      
0000030b  ADC14_getResolution                               
0000071f  ADC14_getResult                                   
000007a5  ADC14_getResultArray                              
000002ab  ADC14_initModule                                  
000004bb  ADC14_isBusy                                      
00000969  ADC14_registerInterrupt                           
0000066f  ADC14_setComparatorWindowValue                    
00000845  ADC14_setPowerMode                                
000002f1  ADC14_setResolution                               
000006f5  ADC14_setResultFormat                             
00000357  ADC14_setSampleHoldTime                           
00000315  ADC14_setSampleHoldTrigger                        
0000048d  ADC14_toggleConversionTrigger                     
0000097d  ADC14_unregisterInterrupt                         
0000489f  AES256_IRQHandler                                 
000024e5  BUTTON_DOWN_ISR                                   
0000252b  BUTTON_UP_ISR                                     
0000489f  BusFault_Handler                                  
0000471d  C$$EXIT                                           
0000489f  COMP_E0_IRQHandler                                
0000489f  COMP_E1_IRQHandler                                
000047f1  CPU_basepriGet                                    
000047e3  CPU_basepriSet                                    
000047bd  CPU_cpsid                                         
000047d3  CPU_cpsie                                         
000047c9  CPU_primask                                       
000047df  CPU_wfi                                           
0000489f  CS_IRQHandler                                     
00001269  Crystalfontz128x128_Init                          
0000137d  Crystalfontz128x128_SetDrawFrame                  
000014ab  Crystalfontz128x128_SetOrientation                
0000489f  DMA_ERR_IRQHandler                                
0000489f  DMA_INT0_IRQHandler                               
0000489f  DMA_INT1_IRQHandler                               
0000489f  DMA_INT2_IRQHandler                               
0000489f  DMA_INT3_IRQHandler                               
0000489f  DebugMon_Handler                                  
0000489f  Default_Handler                                   
0000489f  EUSCIA0_IRQHandler                                
0000489f  EUSCIA1_IRQHandler                                
0000489f  EUSCIA2_IRQHandler                                
0000489f  EUSCIA3_IRQHandler                                
0000489f  EUSCIB0_IRQHandler                                
0000489f  EUSCIB1_IRQHandler                                
0000489f  EUSCIB2_IRQHandler                                
0000489f  EUSCIB3_IRQHandler                                
00001133  EUSCI_A_SPI_changeClockPhasePolarity              
000011e7  EUSCI_A_SPI_clearInterruptFlag                    
00001217  EUSCI_A_SPI_disable                               
000011b5  EUSCI_A_SPI_disableInterrupt                      
00001201  EUSCI_A_SPI_enable                                
0000119b  EUSCI_A_SPI_enableInterrupt                       
000011cf  EUSCI_A_SPI_getInterruptStatus                    
0000122d  EUSCI_A_SPI_getReceiveBufferAddressForDMA         
0000123b  EUSCI_A_SPI_getTransmitBufferAddressForDMA        
00001249  EUSCI_A_SPI_isBusy                                
000010b3  EUSCI_A_SPI_masterChangeClock                     
0000118b  EUSCI_A_SPI_receiveData                           
00001093  EUSCI_A_SPI_select4PinFunctionality               
000010e9  EUSCI_A_SPI_slaveInit                             
00001175  EUSCI_A_SPI_transmitData                          
00000f65  EUSCI_B_SPI_changeClockPhasePolarity              
00001019  EUSCI_B_SPI_clearInterruptFlag                    
00001049  EUSCI_B_SPI_disable                               
00000fe7  EUSCI_B_SPI_disableInterrupt                      
00001033  EUSCI_B_SPI_enable                                
00000fcd  EUSCI_B_SPI_enableInterrupt                       
00001001  EUSCI_B_SPI_getInterruptStatus                    
0000105f  EUSCI_B_SPI_getReceiveBufferAddressForDMA         
0000106d  EUSCI_B_SPI_getTransmitBufferAddressForDMA        
0000107b  EUSCI_B_SPI_isBusy                                
00000ee9  EUSCI_B_SPI_masterChangeClock                     
00000fbd  EUSCI_B_SPI_receiveData                           
00000ec9  EUSCI_B_SPI_select4PinFunctionality               
00000f1b  EUSCI_B_SPI_slaveInit                             
00000fa7  EUSCI_B_SPI_transmitData                          
0000489f  FLCTL_IRQHandler                                  
0000489f  FPU_IRQHandler                                    
00002b53  GPIO_clearInterruptFlag                           
00002b13  GPIO_disableInterrupt                             
00002af1  GPIO_enableInterrupt                              
00002bab  GPIO_getEnabledInterruptStatus                    
00002ac3  GPIO_getInputPinValue                             
00002b35  GPIO_getInterruptStatus                           
00002b75  GPIO_interruptEdgeSelect                          
00002c6b  GPIO_registerInterrupt                            
0000286b  GPIO_setAsInputPin                                
00002a1f  GPIO_setAsInputPinWithPullDownResistor            
00002a71  GPIO_setAsInputPinWithPullUpResistor              
00002831  GPIO_setAsOutputPin                               
00002935  GPIO_setAsPeripheralModuleFunctionInputPin        
000028b1  GPIO_setAsPeripheralModuleFunctionOutputPin       
00002c27  GPIO_setDriveStrengthHigh                         
00002c49  GPIO_setDriveStrengthLow                          
000029b9  GPIO_setOutputHighOnPin                           
000029db  GPIO_setOutputLowOnPin                            
000029fd  GPIO_toggleOutputOnPin                            
00002c8b  GPIO_unregisterInterrupt                          
00003d17  Graphics_clearDisplay                             
000041dd  Graphics_clearDisplayOnDisplay                    
0000412f  Graphics_drawHorizontalLineOnDisplay              
00002231  Graphics_drawLine                                 
00001f15  Graphics_drawLineH                                
00001fb1  Graphics_drawLineV                                
000040eb  Graphics_drawMultiplePixelsOnDisplay              
00003d29  Graphics_drawPixel                                
000040c1  Graphics_drawPixelOnDisplay                       
000037ed  Graphics_drawRectangle                            
00004163  Graphics_drawVerticalLineOnDisplay                
0000388f  Graphics_fillRectangle                            
00004197  Graphics_fillRectangleOnDisplay                   
00003d09  Graphics_flushBuffer                              
000041cb  Graphics_flushOnDisplay                           
00003ceb  Graphics_getDisplayHeight                         
00003cdb  Graphics_getDisplayWidth                          
00003c89  Graphics_getFontBaseline                          
00003cbf  Graphics_getFontHeight                            
00003ccd  Graphics_getFontMaxWidth                          
00003cfb  Graphics_getHeightOfDisplay                       
000039f3  Graphics_getRectangleIntersection                 
00003d83  Graphics_getWidthOfDisplay                        
00003b2b  Graphics_initContext                              
00003ad9  Graphics_isPointWithinRectangle                   
000039a1  Graphics_isRectangleOverlap                       
00003c3f  Graphics_setBackgroundColor                       
00003c59  Graphics_setBackgroundColorTranslated             
00003b75  Graphics_setClipRegion                            
00003c6f  Graphics_setFont                                  
00003c97  Graphics_setForegroundColor                       
00003cad  Graphics_setForegroundColorTranslated             
000041b5  Graphics_translateColorOnDisplay                  
000042b5  HAL_LCD_PortInit                                  
000042e5  HAL_LCD_SpiInit                                   
0000431b  HAL_LCD_writeCommand                              
00004343  HAL_LCD_writeData                                 
0000489f  HardFault_Handler                                 
00002e73  Interrupt_disableInterrupt                        
00002cc3  Interrupt_disableMaster                           
00003071  Interrupt_disableSleepOnIsrExit                   
00002e01  Interrupt_enableInterrupt                         
00002cb3  Interrupt_enableMaster                            
0000305f  Interrupt_enableSleepOnIsrExit                    
00002ddb  Interrupt_getPriority                             
00002d53  Interrupt_getPriorityGrouping                     
0000303f  Interrupt_getPriorityMask                         
00003059  Interrupt_getVectorTableAddress                   
00002ee5  Interrupt_isEnabled                               
00002f71  Interrupt_pendInterrupt                           
00002cd3  Interrupt_registerInterrupt                       
00002d8b  Interrupt_setPriority                             
00002d39  Interrupt_setPriorityGrouping                     
0000302f  Interrupt_setPriorityMask                         
00003049  Interrupt_setVectorTableAddress                   
00002fe1  Interrupt_unpendInterrupt                         
00002d25  Interrupt_unregisterInterrupt                     
2000210a  Lcd_FlagRead                                      
2000210b  Lcd_FontSolid                                     
2000210c  Lcd_Orientation                                   
2000210d  Lcd_PenSolid                                      
20002104  Lcd_ScreenHeigth                                  
20002106  Lcd_ScreenWidth                                   
20002108  Lcd_TouchTrim                                     
200000e8  MainScheduler                                     
0000489f  MemManage_Handler                                 
0000489f  NMI_Handler                                       
0000489f  PCM_IRQHandler                                    
0000489f  PORT1_IRQHandler                                  
0000489f  PORT2_IRQHandler                                  
0000489f  PORT3_IRQHandler                                  
0000489f  PORT4_IRQHandler                                  
0000489f  PORT5_IRQHandler                                  
0000489f  PORT6_IRQHandler                                  
0000489f  PSS_IRQHandler                                    
0000489f  PendSV_Handler                                    
0000489f  RTC_C_IRQHandler                                  
00004893  Reset_Handler                                     
000050e8  SHT$$INIT_ARRAY$$Base                             
000050ec  SHT$$INIT_ARRAY$$Limit                            
00000b87  SPI_changeClockPhasePolarity                      
00000ae1  SPI_changeMasterClock                             
00000d39  SPI_clearInterruptFlag                            
00000cbb  SPI_disableInterrupt                              
00000c15  SPI_disableModule                                 
00000c95  SPI_enableInterrupt                               
00000bf9  SPI_enableModule                                  
00000d09  SPI_getEnabledInterruptStatus                     
00000ce1  SPI_getInterruptStatus                            
00000c31  SPI_getReceiveBufferAddressForDMA                 
00000c4d  SPI_getTransmitBufferAddressForDMA                
000009f5  SPI_initMaster                                    
00000b09  SPI_initSlave                                     
00000c79  SPI_isBusy                                        
00000bdd  SPI_receiveData                                   
00000d5f  SPI_registerInterrupt                             
00000abb  SPI_selectFourPinFunctionality                    
00000bb7  SPI_transmitData                                  
00000e1d  SPI_unregisterInterrupt                           
0000489f  SVC_Handler                                       
0000489f  SysTick_Handler                                   
20002580  SystemCoreClock                                   
0000347d  SystemCoreClockUpdate                             
000036f1  SystemInit                                        
00002571  T32_INT1_IRQHandler                               
00002571  T32_INT1_IRQHandler                               
0000489f  T32_INT2_IRQHandler                               
0000489f  T32_INTC_IRQHandler                               
0000489f  TA0_0_IRQHandler                                  
0000489f  TA0_N_IRQHandler                                  
0000489f  TA1_0_IRQHandler                                  
0000489f  TA1_N_IRQHandler                                  
0000489f  TA2_0_IRQHandler                                  
0000489f  TA2_N_IRQHandler                                  
0000489f  TA3_0_IRQHandler                                  
0000489f  TA3_N_IRQHandler                                  
0000489f  UsageFault_Handler                                
4000480c  WDTCTL_SYM                                        
0000489f  WDT_A_IRQHandler                                  
00002695  _Z13setupButtonUpv                                
000026c9  _Z15setupButtonDownv                              
000046c7  _Z21__default_new_handlerv                        
00002711  _Z5Setupv                                         
000025f3  _Z8setupADCv                                      
0000441d  _ZN10__cxxabiv116__enum_type_infoD0Ev             
0000441b  _ZN10__cxxabiv116__enum_type_infoD1Ev             
0000441b  _ZN10__cxxabiv116__enum_type_infoD2Ev             
00004413  _ZN10__cxxabiv117__array_type_infoD0Ev            
00004411  _ZN10__cxxabiv117__array_type_infoD1Ev            
00004411  _ZN10__cxxabiv117__array_type_infoD2Ev            
00004409  _ZN10__cxxabiv117__class_type_infoD0Ev            
00004407  _ZN10__cxxabiv117__class_type_infoD1Ev            
00004407  _ZN10__cxxabiv117__class_type_infoD2Ev            
000043ff  _ZN10__cxxabiv117__pbase_type_infoD0Ev            
000043fd  _ZN10__cxxabiv117__pbase_type_infoD1Ev            
000043fd  _ZN10__cxxabiv117__pbase_type_infoD2Ev            
000043f5  _ZN10__cxxabiv119__pointer_type_infoD0Ev          
000043f3  _ZN10__cxxabiv119__pointer_type_infoD1Ev          
000043f3  _ZN10__cxxabiv119__pointer_type_infoD2Ev          
000043eb  _ZN10__cxxabiv120__function_type_infoD0Ev         
000043e9  _ZN10__cxxabiv120__function_type_infoD1Ev         
000043e9  _ZN10__cxxabiv120__function_type_infoD2Ev         
000043e1  _ZN10__cxxabiv120__si_class_type_infoD0Ev         
000043df  _ZN10__cxxabiv120__si_class_type_infoD1Ev         
000043df  _ZN10__cxxabiv120__si_class_type_infoD2Ev         
000043d7  _ZN10__cxxabiv121__vmi_class_type_infoD0Ev        
000043d5  _ZN10__cxxabiv121__vmi_class_type_infoD1Ev        
000043d5  _ZN10__cxxabiv121__vmi_class_type_infoD2Ev        
000043cd  _ZN10__cxxabiv123__fundamental_type_infoD0Ev      
000043cb  _ZN10__cxxabiv123__fundamental_type_infoD1Ev      
000043cb  _ZN10__cxxabiv123__fundamental_type_infoD2Ev      
000043c3  _ZN10__cxxabiv129__pointer_to_member_type_infoD0Ev
000043c1  _ZN10__cxxabiv129__pointer_to_member_type_infoD1Ev
000043c1  _ZN10__cxxabiv129__pointer_to_member_type_infoD2Ev
000040a1  _ZN4Ball14ProcessMessageE3MSG                     
00004003  _ZN4Ball3runEv                                    
00003f4d  _ZN4BallC1EibiiiiiiPiS0_                          
00003f4d  _ZN4BallC2EibiiiiiiPiS0_                          
0000482d  _ZN4Task11SendMessageEv                           
000048a1  _ZN4Task14ProcessMessageE3MSG                     
000044bd  _ZN4Task17GetTaskFinalCountEv                     
0000448f  _ZN4Task17SetTaskFinalCountEy                     
000044ad  _ZN4Task19GetTaskCurrentCountEv                   
00004471  _ZN4Task19SetTaskCurrentCountEy                   
0000444b  _ZN4Task3runEv                                    
0000442d  _ZN4TaskC1Ev                                      
0000442d  _ZN4TaskC2Ev                                      
00003f1b  _ZN6Screen11printFigureE18Graphics_Rectangle      
00003e17  _ZN6Screen14ProcessMessageE3MSG                   
00003df1  _ZN6Screen3runEv                                  
00003d91  _ZN6ScreenC1Eib                                   
00003d91  _ZN6ScreenC2Eib                                   
00004281  _ZN9GamePiece13getDirectionXEv                    
000042a1  _ZN9GamePiece13getDirectionYEv                    
0000426f  _ZN9GamePiece13setDirectionXEi                    
0000428f  _ZN9GamePiece13setDirectionYEi                    
00004221  _ZN9GamePiece7getPosXEv                           
00004241  _ZN9GamePiece7getPosYEv                           
00004261  _ZN9GamePiece7getSizeEv                           
0000420f  _ZN9GamePiece7setPosXEi                           
0000422f  _ZN9GamePiece7setPosYEi                           
0000424f  _ZN9GamePiece7setSizeEi                           
000041f5  _ZN9GamePieceC1Ev                                 
000041f5  _ZN9GamePieceC2Ev                                 
00001c97  _ZN9Scheduler13attachMessageE3MSG                 
00001ea7  _ZN9Scheduler14processMessageE3MSG                
00001cf3  _ZN9Scheduler17clearMessageQueueEv                
00001e59  _ZN9Scheduler18clearNextSchedulerEv               
00001b45  _ZN9Scheduler19ProcessMessageQueueEv              
00001a81  _ZN9Scheduler21CalculateNextScheduleEv            
00001efb  _ZN9Scheduler22SortScheduleByPriorityEP4Task      
000019fd  _ZN9Scheduler3runEv                               
00001987  _ZN9Scheduler6attachEP4Task                       
000018e1  _ZN9SchedulerC1Ev                                 
000018e1  _ZN9SchedulerC2Ev                                 
00004383  _ZNKSt9type_info4nameEv                           
000043b3  _ZNKSt9type_info6beforeERKS_                      
0000439d  _ZNKSt9type_infoeqERKS_                           
00004387  _ZNKSt9type_infoneERKS_                           
0000437b  _ZNSt9type_infoD0Ev                               
00004379  _ZNSt9type_infoD1Ev                               
00004379  _ZNSt9type_infoD2Ev                               
20002100  _ZSt16__dummy_typeinfo                            
00004371  _ZSt21__gen_dummy_typeinfosv                      
00004ff4  _ZTI4Ball                                         
00005098  _ZTI4Task                                         
00005000  _ZTI6Screen                                       
0000500c  _ZTI9GamePiece                                    
00005018  _ZTIN10__cxxabiv117__class_type_infoE             
00005024  _ZTIN10__cxxabiv117__pbase_type_infoE             
00005030  _ZTIN10__cxxabiv119__pointer_type_infoE           
0000503c  _ZTIN10__cxxabiv120__si_class_type_infoE          
00005048  _ZTIN10__cxxabiv123__fundamental_type_infoE       
00004f94  _ZTIPKe                                           
000050a0  _ZTISt9type_info                                  
000050a8  _ZTIe                                             
000050d8  _ZTS4Ball                                         
000050de  _ZTS4Task                                         
000050b0  _ZTS6Screen                                       
00005054  _ZTS9GamePiece                                    
00004ded  _ZTSN10__cxxabiv117__class_type_infoE             
00004e0f  _ZTSN10__cxxabiv117__pbase_type_infoE             
00004dc9  _ZTSN10__cxxabiv119__pointer_type_infoE           
00004da4  _ZTSN10__cxxabiv120__si_class_type_infoE          
00004d7c  _ZTSN10__cxxabiv123__fundamental_type_infoE       
000050e4  _ZTSPKe                                           
00004fe4  _ZTSSt9type_info                                  
00004e31  _ZTSe                                             
00004f58  _ZTV4Ball                                         
00004f6c  _ZTV4Task                                         
00004e8c  _ZTV6Screen                                       
00004f80  _ZTV9GamePiece                                    
00004fa4  _ZTVN10__cxxabiv117__class_type_infoE             
00004fb4  _ZTVN10__cxxabiv119__pointer_type_infoE           
00004fc4  _ZTVN10__cxxabiv120__si_class_type_infoE          
00004fd4  _ZTVN10__cxxabiv123__fundamental_type_infoE       
000048ad  _ZdlPv                                            
000047fd  _Znwj                                             
20010000  __STACK_END                                       
00000200  __STACK_SIZE                                      
00000400  __SYSMEM_SIZE                                     
00005174  __TI_CINIT_Base                                   
0000518c  __TI_CINIT_Limit                                  
0000516c  __TI_Handler_Table_Base                           
00005174  __TI_Handler_Table_Limit                          
000045ed  __TI_auto_init                                    
20002554  __TI_cleanup_ptr                                  
00004885  __TI_decompress_none                              
000048b5  __TI_decompress_rle24                             
20002558  __TI_dtors_ptr                                    
2000255c  __TI_enable_exit_profile_output                   
ffffffff  __TI_pprof_out_hndl                               
ffffffff  __TI_prof_data_size                               
ffffffff  __TI_prof_data_start                              
00000000  __TI_static_base__                                
00004571  __aeabi_memclr                                    
00004571  __aeabi_memclr4                                   
00004571  __aeabi_memclr8                                   
000044d5  __aeabi_memcpy                                    
000044d5  __aeabi_memcpy4                                   
000044d5  __aeabi_memcpy8                                   
00004573  __aeabi_memset                                    
00004573  __aeabi_memset4                                   
00004573  __aeabi_memset8                                   
ffffffff  __binit__                                         
ffffffff  __c_args__                                        
000045eb  __mpu_init                                        
2000fe00  __stack                                           
00002791  __sti___8_main_cpp_05102ee7                       
00004859  _args_main                                        
000046c9  _c_int00                                          
2000256c  _lock                                             
2000257c  _new_handler                                      
0000487f  _nop                                              
00004877  _register_lock                                    
00004871  _register_unlock                                  
20002110  _sys_memory                                       
000047fb  _system_post_cinit                                
000048bb  _system_pre_init                                  
20002570  _unlock                                           
200020fc  aDataFromADC                                      
20002574  aDataFromButton                                   
00004721  abort                                             
ffffffff  binit                                             
00003449  calloc                                            
00004771  copy_in                                           
20002548  counterDown                                       
2000254c  counterUp                                         
00004729  exit                                              
00003197  free                                              
20000000  g_pfnRAMVectors                                   
200020d8  g_sContext                                        
00004d50  g_sCrystalfontz128x128                            
00004bb8  g_sFontFixed6x8                                   
00000000  interruptVectors                                  
0000240f  main                                              
20002578  main_func_sp                                      
0000312f  malloc                                            
00003365  memalign                                          
000044d5  memcpy                                            
00004579  memset                                            
000030a1  minit                                             
20002550  pDataToScreenB                                    
200020f4  positionDown                                      
200020f8  positionUp                                        
00003259  realloc                                           


GLOBAL SYMBOLS: SORTED BY Symbol Address 

address   name                                              
-------   ----                                              
00000000  __TI_static_base__                                
00000000  interruptVectors                                  
00000200  __STACK_SIZE                                      
0000024d  ADC14_enableModule                                
00000255  ADC14_disableModule                               
0000026b  ADC14_enableSampleTimer                           
00000295  ADC14_disableSampleTimer                          
000002ab  ADC14_initModule                                  
000002f1  ADC14_setResolution                               
0000030b  ADC14_getResolution                               
00000315  ADC14_setSampleHoldTrigger                        
00000357  ADC14_setSampleHoldTime                           
00000381  ADC14_configureMultiSequenceMode                  
00000400  __SYSMEM_SIZE                                     
00000417  ADC14_configureSingleSampleMode                   
0000046d  ADC14_enableConversion                            
0000048d  ADC14_toggleConversionTrigger                     
000004af  ADC14_disableConversion                           
000004bb  ADC14_isBusy                                      
000004d9  ADC14_configureConversionMemory                   
00000581  ADC14_enableComparatorWindow                      
00000611  ADC14_disableComparatorWindow                     
0000066f  ADC14_setComparatorWindowValue                    
000006f5  ADC14_setResultFormat                             
0000071f  ADC14_getResult                                   
00000739  ADC14_getMultiSequenceResult                      
000007a5  ADC14_getResultArray                              
00000819  ADC14_enableReferenceBurst                        
0000082f  ADC14_disableReferenceBurst                       
00000845  ADC14_setPowerMode                                
00000887  ADC14_enableInterrupt                             
000008b3  ADC14_disableInterrupt                            
000008df  ADC14_getInterruptStatus                          
00000909  ADC14_getEnabledInterruptStatus                   
00000939  ADC14_clearInterruptFlag                          
00000969  ADC14_registerInterrupt                           
0000097d  ADC14_unregisterInterrupt                         
000009f5  SPI_initMaster                                    
00000abb  SPI_selectFourPinFunctionality                    
00000ae1  SPI_changeMasterClock                             
00000b09  SPI_initSlave                                     
00000b87  SPI_changeClockPhasePolarity                      
00000bb7  SPI_transmitData                                  
00000bdd  SPI_receiveData                                   
00000bf9  SPI_enableModule                                  
00000c15  SPI_disableModule                                 
00000c31  SPI_getReceiveBufferAddressForDMA                 
00000c4d  SPI_getTransmitBufferAddressForDMA                
00000c79  SPI_isBusy                                        
00000c95  SPI_enableInterrupt                               
00000cbb  SPI_disableInterrupt                              
00000ce1  SPI_getInterruptStatus                            
00000d09  SPI_getEnabledInterruptStatus                     
00000d39  SPI_clearInterruptFlag                            
00000d5f  SPI_registerInterrupt                             
00000e1d  SPI_unregisterInterrupt                           
00000ec9  EUSCI_B_SPI_select4PinFunctionality               
00000ee9  EUSCI_B_SPI_masterChangeClock                     
00000f1b  EUSCI_B_SPI_slaveInit                             
00000f65  EUSCI_B_SPI_changeClockPhasePolarity              
00000fa7  EUSCI_B_SPI_transmitData                          
00000fbd  EUSCI_B_SPI_receiveData                           
00000fcd  EUSCI_B_SPI_enableInterrupt                       
00000fe7  EUSCI_B_SPI_disableInterrupt                      
00001001  EUSCI_B_SPI_getInterruptStatus                    
00001019  EUSCI_B_SPI_clearInterruptFlag                    
00001033  EUSCI_B_SPI_enable                                
00001049  EUSCI_B_SPI_disable                               
0000105f  EUSCI_B_SPI_getReceiveBufferAddressForDMA         
0000106d  EUSCI_B_SPI_getTransmitBufferAddressForDMA        
0000107b  EUSCI_B_SPI_isBusy                                
00001093  EUSCI_A_SPI_select4PinFunctionality               
000010b3  EUSCI_A_SPI_masterChangeClock                     
000010e9  EUSCI_A_SPI_slaveInit                             
00001133  EUSCI_A_SPI_changeClockPhasePolarity              
00001175  EUSCI_A_SPI_transmitData                          
0000118b  EUSCI_A_SPI_receiveData                           
0000119b  EUSCI_A_SPI_enableInterrupt                       
000011b5  EUSCI_A_SPI_disableInterrupt                      
000011cf  EUSCI_A_SPI_getInterruptStatus                    
000011e7  EUSCI_A_SPI_clearInterruptFlag                    
00001201  EUSCI_A_SPI_enable                                
00001217  EUSCI_A_SPI_disable                               
0000122d  EUSCI_A_SPI_getReceiveBufferAddressForDMA         
0000123b  EUSCI_A_SPI_getTransmitBufferAddressForDMA        
00001249  EUSCI_A_SPI_isBusy                                
00001269  Crystalfontz128x128_Init                          
0000137d  Crystalfontz128x128_SetDrawFrame                  
000014ab  Crystalfontz128x128_SetOrientation                
000018e1  _ZN9SchedulerC1Ev                                 
000018e1  _ZN9SchedulerC2Ev                                 
00001987  _ZN9Scheduler6attachEP4Task                       
000019fd  _ZN9Scheduler3runEv                               
00001a81  _ZN9Scheduler21CalculateNextScheduleEv            
00001b45  _ZN9Scheduler19ProcessMessageQueueEv              
00001c97  _ZN9Scheduler13attachMessageE3MSG                 
00001cf3  _ZN9Scheduler17clearMessageQueueEv                
00001e59  _ZN9Scheduler18clearNextSchedulerEv               
00001ea7  _ZN9Scheduler14processMessageE3MSG                
00001efb  _ZN9Scheduler22SortScheduleByPriorityEP4Task      
00001f15  Graphics_drawLineH                                
00001fb1  Graphics_drawLineV                                
00002231  Graphics_drawLine                                 
0000240f  main                                              
000024e5  BUTTON_DOWN_ISR                                   
0000252b  BUTTON_UP_ISR                                     
00002571  T32_INT1_IRQHandler                               
00002571  T32_INT1_IRQHandler                               
0000258f  ADC14_IRQHandler                                  
0000258f  ADC14_IRQHandler                                  
000025f3  _Z8setupADCv                                      
00002695  _Z13setupButtonUpv                                
000026c9  _Z15setupButtonDownv                              
00002711  _Z5Setupv                                         
00002791  __sti___8_main_cpp_05102ee7                       
00002831  GPIO_setAsOutputPin                               
0000286b  GPIO_setAsInputPin                                
000028b1  GPIO_setAsPeripheralModuleFunctionOutputPin       
00002935  GPIO_setAsPeripheralModuleFunctionInputPin        
000029b9  GPIO_setOutputHighOnPin                           
000029db  GPIO_setOutputLowOnPin                            
000029fd  GPIO_toggleOutputOnPin                            
00002a1f  GPIO_setAsInputPinWithPullDownResistor            
00002a71  GPIO_setAsInputPinWithPullUpResistor              
00002ac3  GPIO_getInputPinValue                             
00002af1  GPIO_enableInterrupt                              
00002b13  GPIO_disableInterrupt                             
00002b35  GPIO_getInterruptStatus                           
00002b53  GPIO_clearInterruptFlag                           
00002b75  GPIO_interruptEdgeSelect                          
00002bab  GPIO_getEnabledInterruptStatus                    
00002c27  GPIO_setDriveStrengthHigh                         
00002c49  GPIO_setDriveStrengthLow                          
00002c6b  GPIO_registerInterrupt                            
00002c8b  GPIO_unregisterInterrupt                          
00002cb3  Interrupt_enableMaster                            
00002cc3  Interrupt_disableMaster                           
00002cd3  Interrupt_registerInterrupt                       
00002d25  Interrupt_unregisterInterrupt                     
00002d39  Interrupt_setPriorityGrouping                     
00002d53  Interrupt_getPriorityGrouping                     
00002d8b  Interrupt_setPriority                             
00002ddb  Interrupt_getPriority                             
00002e01  Interrupt_enableInterrupt                         
00002e73  Interrupt_disableInterrupt                        
00002ee5  Interrupt_isEnabled                               
00002f71  Interrupt_pendInterrupt                           
00002fe1  Interrupt_unpendInterrupt                         
0000302f  Interrupt_setPriorityMask                         
0000303f  Interrupt_getPriorityMask                         
00003049  Interrupt_setVectorTableAddress                   
00003059  Interrupt_getVectorTableAddress                   
0000305f  Interrupt_enableSleepOnIsrExit                    
00003071  Interrupt_disableSleepOnIsrExit                   
000030a1  minit                                             
0000312f  malloc                                            
00003197  free                                              
00003259  realloc                                           
00003365  memalign                                          
00003449  calloc                                            
0000347d  SystemCoreClockUpdate                             
000036f1  SystemInit                                        
000037ed  Graphics_drawRectangle                            
0000388f  Graphics_fillRectangle                            
000039a1  Graphics_isRectangleOverlap                       
000039f3  Graphics_getRectangleIntersection                 
00003ad9  Graphics_isPointWithinRectangle                   
00003b2b  Graphics_initContext                              
00003b75  Graphics_setClipRegion                            
00003c3f  Graphics_setBackgroundColor                       
00003c59  Graphics_setBackgroundColorTranslated             
00003c6f  Graphics_setFont                                  
00003c89  Graphics_getFontBaseline                          
00003c97  Graphics_setForegroundColor                       
00003cad  Graphics_setForegroundColorTranslated             
00003cbf  Graphics_getFontHeight                            
00003ccd  Graphics_getFontMaxWidth                          
00003cdb  Graphics_getDisplayWidth                          
00003ceb  Graphics_getDisplayHeight                         
00003cfb  Graphics_getHeightOfDisplay                       
00003d09  Graphics_flushBuffer                              
00003d17  Graphics_clearDisplay                             
00003d29  Graphics_drawPixel                                
00003d83  Graphics_getWidthOfDisplay                        
00003d91  _ZN6ScreenC1Eib                                   
00003d91  _ZN6ScreenC2Eib                                   
00003df1  _ZN6Screen3runEv                                  
00003e17  _ZN6Screen14ProcessMessageE3MSG                   
00003f1b  _ZN6Screen11printFigureE18Graphics_Rectangle      
00003f4d  _ZN4BallC1EibiiiiiiPiS0_                          
00003f4d  _ZN4BallC2EibiiiiiiPiS0_                          
00004003  _ZN4Ball3runEv                                    
000040a1  _ZN4Ball14ProcessMessageE3MSG                     
000040c1  Graphics_drawPixelOnDisplay                       
000040eb  Graphics_drawMultiplePixelsOnDisplay              
0000412f  Graphics_drawHorizontalLineOnDisplay              
00004163  Graphics_drawVerticalLineOnDisplay                
00004197  Graphics_fillRectangleOnDisplay                   
000041b5  Graphics_translateColorOnDisplay                  
000041cb  Graphics_flushOnDisplay                           
000041dd  Graphics_clearDisplayOnDisplay                    
000041f5  _ZN9GamePieceC1Ev                                 
000041f5  _ZN9GamePieceC2Ev                                 
0000420f  _ZN9GamePiece7setPosXEi                           
00004221  _ZN9GamePiece7getPosXEv                           
0000422f  _ZN9GamePiece7setPosYEi                           
00004241  _ZN9GamePiece7getPosYEv                           
0000424f  _ZN9GamePiece7setSizeEi                           
00004261  _ZN9GamePiece7getSizeEv                           
0000426f  _ZN9GamePiece13setDirectionXEi                    
00004281  _ZN9GamePiece13getDirectionXEv                    
0000428f  _ZN9GamePiece13setDirectionYEi                    
000042a1  _ZN9GamePiece13getDirectionYEv                    
000042b5  HAL_LCD_PortInit                                  
000042e5  HAL_LCD_SpiInit                                   
0000431b  HAL_LCD_writeCommand                              
00004343  HAL_LCD_writeData                                 
00004371  _ZSt21__gen_dummy_typeinfosv                      
00004379  _ZNSt9type_infoD1Ev                               
00004379  _ZNSt9type_infoD2Ev                               
0000437b  _ZNSt9type_infoD0Ev                               
00004383  _ZNKSt9type_info4nameEv                           
00004387  _ZNKSt9type_infoneERKS_                           
0000439d  _ZNKSt9type_infoeqERKS_                           
000043b3  _ZNKSt9type_info6beforeERKS_                      
000043c1  _ZN10__cxxabiv129__pointer_to_member_type_infoD1Ev
000043c1  _ZN10__cxxabiv129__pointer_to_member_type_infoD2Ev
000043c3  _ZN10__cxxabiv129__pointer_to_member_type_infoD0Ev
000043cb  _ZN10__cxxabiv123__fundamental_type_infoD1Ev      
000043cb  _ZN10__cxxabiv123__fundamental_type_infoD2Ev      
000043cd  _ZN10__cxxabiv123__fundamental_type_infoD0Ev      
000043d5  _ZN10__cxxabiv121__vmi_class_type_infoD1Ev        
000043d5  _ZN10__cxxabiv121__vmi_class_type_infoD2Ev        
000043d7  _ZN10__cxxabiv121__vmi_class_type_infoD0Ev        
000043df  _ZN10__cxxabiv120__si_class_type_infoD1Ev         
000043df  _ZN10__cxxabiv120__si_class_type_infoD2Ev         
000043e1  _ZN10__cxxabiv120__si_class_type_infoD0Ev         
000043e9  _ZN10__cxxabiv120__function_type_infoD1Ev         
000043e9  _ZN10__cxxabiv120__function_type_infoD2Ev         
000043eb  _ZN10__cxxabiv120__function_type_infoD0Ev         
000043f3  _ZN10__cxxabiv119__pointer_type_infoD1Ev          
000043f3  _ZN10__cxxabiv119__pointer_type_infoD2Ev          
000043f5  _ZN10__cxxabiv119__pointer_type_infoD0Ev          
000043fd  _ZN10__cxxabiv117__pbase_type_infoD1Ev            
000043fd  _ZN10__cxxabiv117__pbase_type_infoD2Ev            
000043ff  _ZN10__cxxabiv117__pbase_type_infoD0Ev            
00004407  _ZN10__cxxabiv117__class_type_infoD1Ev            
00004407  _ZN10__cxxabiv117__class_type_infoD2Ev            
00004409  _ZN10__cxxabiv117__class_type_infoD0Ev            
00004411  _ZN10__cxxabiv117__array_type_infoD1Ev            
00004411  _ZN10__cxxabiv117__array_type_infoD2Ev            
00004413  _ZN10__cxxabiv117__array_type_infoD0Ev            
0000441b  _ZN10__cxxabiv116__enum_type_infoD1Ev             
0000441b  _ZN10__cxxabiv116__enum_type_infoD2Ev             
0000441d  _ZN10__cxxabiv116__enum_type_infoD0Ev             
0000442d  _ZN4TaskC1Ev                                      
0000442d  _ZN4TaskC2Ev                                      
0000444b  _ZN4Task3runEv                                    
00004471  _ZN4Task19SetTaskCurrentCountEy                   
0000448f  _ZN4Task17SetTaskFinalCountEy                     
000044ad  _ZN4Task19GetTaskCurrentCountEv                   
000044bd  _ZN4Task17GetTaskFinalCountEv                     
000044d5  __aeabi_memcpy                                    
000044d5  __aeabi_memcpy4                                   
000044d5  __aeabi_memcpy8                                   
000044d5  memcpy                                            
00004571  __aeabi_memclr                                    
00004571  __aeabi_memclr4                                   
00004571  __aeabi_memclr8                                   
00004573  __aeabi_memset                                    
00004573  __aeabi_memset4                                   
00004573  __aeabi_memset8                                   
00004579  memset                                            
000045eb  __mpu_init                                        
000045ed  __TI_auto_init                                    
000046c7  _Z21__default_new_handlerv                        
000046c9  _c_int00                                          
0000471d  C$$EXIT                                           
00004721  abort                                             
00004729  exit                                              
00004771  copy_in                                           
000047bd  CPU_cpsid                                         
000047c9  CPU_primask                                       
000047d3  CPU_cpsie                                         
000047df  CPU_wfi                                           
000047e3  CPU_basepriSet                                    
000047f1  CPU_basepriGet                                    
000047fb  _system_post_cinit                                
000047fd  _Znwj                                             
0000482d  _ZN4Task11SendMessageEv                           
00004859  _args_main                                        
00004871  _register_unlock                                  
00004877  _register_lock                                    
0000487f  _nop                                              
00004885  __TI_decompress_none                              
00004893  Reset_Handler                                     
0000489f  AES256_IRQHandler                                 
0000489f  BusFault_Handler                                  
0000489f  COMP_E0_IRQHandler                                
0000489f  COMP_E1_IRQHandler                                
0000489f  CS_IRQHandler                                     
0000489f  DMA_ERR_IRQHandler                                
0000489f  DMA_INT0_IRQHandler                               
0000489f  DMA_INT1_IRQHandler                               
0000489f  DMA_INT2_IRQHandler                               
0000489f  DMA_INT3_IRQHandler                               
0000489f  DebugMon_Handler                                  
0000489f  Default_Handler                                   
0000489f  EUSCIA0_IRQHandler                                
0000489f  EUSCIA1_IRQHandler                                
0000489f  EUSCIA2_IRQHandler                                
0000489f  EUSCIA3_IRQHandler                                
0000489f  EUSCIB0_IRQHandler                                
0000489f  EUSCIB1_IRQHandler                                
0000489f  EUSCIB2_IRQHandler                                
0000489f  EUSCIB3_IRQHandler                                
0000489f  FLCTL_IRQHandler                                  
0000489f  FPU_IRQHandler                                    
0000489f  HardFault_Handler                                 
0000489f  MemManage_Handler                                 
0000489f  NMI_Handler                                       
0000489f  PCM_IRQHandler                                    
0000489f  PORT1_IRQHandler                                  
0000489f  PORT2_IRQHandler                                  
0000489f  PORT3_IRQHandler                                  
0000489f  PORT4_IRQHandler                                  
0000489f  PORT5_IRQHandler                                  
0000489f  PORT6_IRQHandler                                  
0000489f  PSS_IRQHandler                                    
0000489f  PendSV_Handler                                    
0000489f  RTC_C_IRQHandler                                  
0000489f  SVC_Handler                                       
0000489f  SysTick_Handler                                   
0000489f  T32_INT2_IRQHandler                               
0000489f  T32_INTC_IRQHandler                               
0000489f  TA0_0_IRQHandler                                  
0000489f  TA0_N_IRQHandler                                  
0000489f  TA1_0_IRQHandler                                  
0000489f  TA1_N_IRQHandler                                  
0000489f  TA2_0_IRQHandler                                  
0000489f  TA2_N_IRQHandler                                  
0000489f  TA3_0_IRQHandler                                  
0000489f  TA3_N_IRQHandler                                  
0000489f  UsageFault_Handler                                
0000489f  WDT_A_IRQHandler                                  
000048a1  _ZN4Task14ProcessMessageE3MSG                     
000048ad  _ZdlPv                                            
000048b5  __TI_decompress_rle24                             
000048bb  _system_pre_init                                  
00004bb8  g_sFontFixed6x8                                   
00004d50  g_sCrystalfontz128x128                            
00004d7c  _ZTSN10__cxxabiv123__fundamental_type_infoE       
00004da4  _ZTSN10__cxxabiv120__si_class_type_infoE          
00004dc9  _ZTSN10__cxxabiv119__pointer_type_infoE           
00004ded  _ZTSN10__cxxabiv117__class_type_infoE             
00004e0f  _ZTSN10__cxxabiv117__pbase_type_infoE             
00004e31  _ZTSe                                             
00004e8c  _ZTV6Screen                                       
00004f58  _ZTV4Ball                                         
00004f6c  _ZTV4Task                                         
00004f80  _ZTV9GamePiece                                    
00004f94  _ZTIPKe                                           
00004fa4  _ZTVN10__cxxabiv117__class_type_infoE             
00004fb4  _ZTVN10__cxxabiv119__pointer_type_infoE           
00004fc4  _ZTVN10__cxxabiv120__si_class_type_infoE          
00004fd4  _ZTVN10__cxxabiv123__fundamental_type_infoE       
00004fe4  _ZTSSt9type_info                                  
00004ff4  _ZTI4Ball                                         
00005000  _ZTI6Screen                                       
0000500c  _ZTI9GamePiece                                    
00005018  _ZTIN10__cxxabiv117__class_type_infoE             
00005024  _ZTIN10__cxxabiv117__pbase_type_infoE             
00005030  _ZTIN10__cxxabiv119__pointer_type_infoE           
0000503c  _ZTIN10__cxxabiv120__si_class_type_infoE          
00005048  _ZTIN10__cxxabiv123__fundamental_type_infoE       
00005054  _ZTS9GamePiece                                    
00005098  _ZTI4Task                                         
000050a0  _ZTISt9type_info                                  
000050a8  _ZTIe                                             
000050b0  _ZTS6Screen                                       
000050d8  _ZTS4Ball                                         
000050de  _ZTS4Task                                         
000050e4  _ZTSPKe                                           
000050e8  SHT$$INIT_ARRAY$$Base                             
000050ec  SHT$$INIT_ARRAY$$Limit                            
0000516c  __TI_Handler_Table_Base                           
00005174  __TI_CINIT_Base                                   
00005174  __TI_Handler_Table_Limit                          
0000518c  __TI_CINIT_Limit                                  
20000000  g_pfnRAMVectors                                   
200000e8  MainScheduler                                     
200020d8  g_sContext                                        
200020f4  positionDown                                      
200020f8  positionUp                                        
200020fc  aDataFromADC                                      
20002100  _ZSt16__dummy_typeinfo                            
20002104  Lcd_ScreenHeigth                                  
20002106  Lcd_ScreenWidth                                   
20002108  Lcd_TouchTrim                                     
2000210a  Lcd_FlagRead                                      
2000210b  Lcd_FontSolid                                     
2000210c  Lcd_Orientation                                   
2000210d  Lcd_PenSolid                                      
20002110  _sys_memory                                       
20002548  counterDown                                       
2000254c  counterUp                                         
20002550  pDataToScreenB                                    
20002554  __TI_cleanup_ptr                                  
20002558  __TI_dtors_ptr                                    
2000255c  __TI_enable_exit_profile_output                   
2000256c  _lock                                             
20002570  _unlock                                           
20002574  aDataFromButton                                   
20002578  main_func_sp                                      
2000257c  _new_handler                                      
20002580  SystemCoreClock                                   
2000fe00  __stack                                           
20010000  __STACK_END                                       
4000480c  WDTCTL_SYM                                        
ffffffff  __TI_pprof_out_hndl                               
ffffffff  __TI_prof_data_size                               
ffffffff  __TI_prof_data_start                              
ffffffff  __binit__                                         
ffffffff  __c_args__                                        
ffffffff  binit                                             

[425 symbols]
