******************************************************************************
                  TI ARM Linker Unix v15.12.3                  
******************************************************************************
>> Linked Fri Dec  9 17:28:37 2016

OUTPUT FILE NAME:   <finalProject.out>
ENTRY POINT SYMBOL: "_c_int00"  address: 00004b4d


MEMORY CONFIGURATION

         name            origin    length      used     unused   attr    fill
----------------------  --------  ---------  --------  --------  ----  --------
  MAIN                  00000000   00040000  000056ae  0003a952  R  X
  INFO                  00200000   00004000  00000000  00004000  R  X
  SRAM_CODE             01000000   00010000  0000277e  0000d882  RW X
  SRAM_DATA             20000000   00010000  0000277e  0000d882  RW  


SEGMENT ALLOCATION MAP

run origin  load origin   length   init length attrs members
----------  ----------- ---------- ----------- ----- -------
00000000    00000000    000056b4   000056b4    r-x
  00000000    00000000    000000e4   000000e4    r-- .intvecs
  000000e4    000000e4    00004c5e   00004c5e    r-x .text
  00004d44    00004d44    000008cc   000008cc    r-- .const
  00005610    00005610    00000004   00000004    r-- .init_array
  00005618    00005618    0000009c   0000009c    r-- .cinit
20000000    20000000    00002584   00000000    rw-
  20000000    20000000    000000e4   00000000    rw- .vtable
  200000e8    200000e8    00002026   00000000    rw- .bss
  20002110    20002110    00000400   00000000    rw- .sysmem
  20002510    20002510    00000074   00000000    rw- .data
2000fe00    2000fe00    00000200   00000000    rw-
  2000fe00    2000fe00    00000200   00000000    rw- .stack


SECTION ALLOCATION MAP

 output                                  attributes/
section   page    origin      length       input sections
--------  ----  ----------  ----------   ----------------
.intvecs   0    00000000    000000e4     
                  00000000    000000e4     startup_msp432p401r_ccs.obj (.intvecs:retain)

.binit     0    00000000    00000000     

.text      0    000000e4    00004c5e     
                  000000e4    000008e0     adc14.obj (.text)
                  000009c4    000008a4     spi.obj (.text)
                  00001268    00000678     Crystalfontz128x128_ST7735.obj (.text)
                  000018e0    00000634     Scheduler.obj (.text)
                  00001f14    00000500     main.obj (.text)
                  00002414    00000490     line.obj (.text)
                  000028a4    00000480     gpio.obj (.text)
                  00002d24    000003f0     interrupt.obj (.text)
                  00003114    000003dc     rtsv7M4_T_le_v4SPD16_eabi.lib : memory.obj (.text)
                  000034f0    00000370     system_msp432p401r.obj (.text)
                  00003860    0000033e     rectangle.obj (.text)
                  00003b9e    00000266     context.obj (.text)
                  00003e04    00000260     Ball.obj (.text)
                  00004064    00000260     Screen.obj (.text)
                  000042c4    000001ec     Racket.obj (.text)
                  000044b0    00000134     display.obj (.text)
                  000045e4    000000c0     GamePiece.obj (.text)
                  000046a4    000000bc     HAL_MSP_EXP432P401R_Crystalfontz128x128_ST7735.obj (.text)
                  00004760    000000bc     rtsv7M4_T_le_v4SPD16_eabi.lib : typeinfo_.obj (.text)
                  0000481c    000000a8     Task.obj (.text)
                  000048c4    0000009c     rtsv7M4_T_le_v4SPD16_eabi.lib : memcpy_t2.obj (.text)
                  00004960    00000094     GameLogic.obj (.text)
                  000049f4    0000007a     rtsv7M4_T_le_v4SPD16_eabi.lib : memset_t2.obj (.text)
                  00004a6e    00000002                                   : mpu_init.obj (.text)
                  00004a70    00000070                                   : autoinit.obj (.text)
                  00004ae0    0000006a                                   : copy_decompress_rle.obj (.text)
                  00004b4a    00000002                                   : newhandler.obj (.text)
                  00004b4c    00000054                                   : boot.obj (.text)
                  00004ba0    00000054                                   : exit.obj (.text)
                  00004bf4    0000004c                                   : cpy_tbl.obj (.text)
                  00004c40    0000003e     cpu.obj (.text)
                  00004c7e    00000002     rtsv7M4_T_le_v4SPD16_eabi.lib : startup.obj (.text)
                  00004c80    00000030                                   : new_.obj (.text)
                  00004cb0    0000002c     Ball.obj (.text:_ZN4Task11SendMessageEv)
                  00004cdc    00000018     rtsv7M4_T_le_v4SPD16_eabi.lib : args_main.obj (.text)
                  00004cf4    00000014                                   : _lock.obj (.text)
                  00004d08    0000000e                                   : copy_decompress_none.obj (.text:decompress:none)
                  00004d16    0000000e     startup_msp432p401r_ccs.obj (.text)
                  00004d24    0000000c     GamePiece.obj (.text:_ZN4Task14ProcessMessageE3MSG)
                  00004d30    00000008     rtsv7M4_T_le_v4SPD16_eabi.lib : delete.obj (.text)
                  00004d38    00000006                                   : copy_decompress_rle.obj (.text:decompress:rle24)
                  00004d3e    00000004                                   : pre_init.obj (.text)

.const     0    00004d44    000008cc     
                  00004d44    000002f8     fontfixed6x8.obj (.const:.string:g_pucFontFixed6x8Data)
                  0000503c    000000c8     fontfixed6x8.obj (.const:g_sFontFixed6x8)
                  00005104    00000080     adc14.obj (.const:_ctlRegs)
                  00005184    00000050     interrupt.obj (.const:g_pulRegs)
                  000051d4    0000002c     Crystalfontz128x128_ST7735.obj (.const:g_sCrystalfontz128x128)
                  00005200    00000028     rtsv7M4_T_le_v4SPD16_eabi.lib : typeinfo_.obj (.const:.typeinfo:_ZTSN10__cxxabiv123__fundamental_type_infoE)
                  00005228    00000025                                   : typeinfo_.obj (.const:.typeinfo:_ZTSN10__cxxabiv120__si_class_type_infoE)
                  0000524d    00000024                                   : typeinfo_.obj (.const:.typeinfo:_ZTSN10__cxxabiv119__pointer_type_infoE)
                  00005271    00000022                                   : typeinfo_.obj (.const:.typeinfo:_ZTSN10__cxxabiv117__class_type_infoE)
                  00005293    00000022                                   : typeinfo_.obj (.const:.typeinfo:_ZTSN10__cxxabiv117__pbase_type_infoE)
                  000052b5    00000002                                   : typeinfo_.obj (.const:.typeinfo:_ZTSe)
                  000052b7    00000001     --HOLE-- [fill = 0]
                  000052b8    00000020     interrupt.obj (.const:g_pulPriority)
                  000052d8    0000001c     HAL_MSP_EXP432P401R_Crystalfontz128x128_ST7735.obj (.const:$P$T0$1)
                  000052f4    0000001c     gpio.obj (.const:GPIO_PORT_TO_INT)
                  00005310    00000018     Screen.obj (.const:_ZTV6Screen)
                  00005328    00000014     Ball.obj (.const:$P$T40$1)
                  0000533c    00000014     Scheduler.obj (.const:$P$T40$1)
                  00005350    00000014     Scheduler.obj (.const:$P$T41$2)
                  00005364    00000014     Task.obj (.const:$P$T41$2)
                  00005378    00000014     Screen.obj (.const:$P$T43$2)
                  0000538c    00000014     GameLogic.obj (.const:$P$T44$2)
                  000053a0    00000014     main.obj (.const:$P$T46$7)
                  000053b4    00000014     main.obj (.const:$P$T47$8)
                  000053c8    00000014     main.obj (.const:$P$T48$9)
                  000053dc    00000014     Ball.obj (.const:$P$T51$2)
                  000053f0    00000014     Racket.obj (.const:$P$T51$2)
                  00005404    00000014     Ball.obj (.const:$P$T52$3)
                  00005418    00000014     Racket.obj (.const:$P$T52$3)
                  0000542c    00000014     Ball.obj (.const:_ZTV4Ball)
                  00005440    00000014     Task.obj (.const:_ZTV4Task)
                  00005454    00000014     Racket.obj (.const:_ZTV6Racket)
                  00005468    00000014     GameLogic.obj (.const:_ZTV9GameLogic)
                  0000547c    00000014     GamePiece.obj (.const:_ZTV9GamePiece)
                  00005490    00000010     rtsv7M4_T_le_v4SPD16_eabi.lib : typeinfo_.obj (.const:.typeinfo:_ZTIPKe)
                  000054a0    00000010                                   : typeinfo_.obj (.const:_ZTVN10__cxxabiv117__class_type_infoE)
                  000054b0    00000010                                   : typeinfo_.obj (.const:_ZTVN10__cxxabiv119__pointer_type_infoE)
                  000054c0    00000010                                   : typeinfo_.obj (.const:_ZTVN10__cxxabiv120__si_class_type_infoE)
                  000054d0    00000010                                   : typeinfo_.obj (.const:_ZTVN10__cxxabiv123__fundamental_type_infoE)
                  000054e0    0000000d                                   : typeinfo_.obj (.const:.typeinfo:_ZTSSt9type_info)
                  000054ed    00000003     --HOLE-- [fill = 0]
                  000054f0    0000000c     Ball.obj (.const:.typeinfo:_ZTI4Ball)
                  000054fc    0000000c     Racket.obj (.const:.typeinfo:_ZTI6Racket)
                  00005508    0000000c     Screen.obj (.const:.typeinfo:_ZTI6Screen)
                  00005514    0000000c     GameLogic.obj (.const:.typeinfo:_ZTI9GameLogic)
                  00005520    0000000c     Ball.obj (.const:.typeinfo:_ZTI9GamePiece)
                  0000552c    0000000c     rtsv7M4_T_le_v4SPD16_eabi.lib : typeinfo_.obj (.const:.typeinfo:_ZTIN10__cxxabiv117__class_type_infoE)
                  00005538    0000000c                                   : typeinfo_.obj (.const:.typeinfo:_ZTIN10__cxxabiv117__pbase_type_infoE)
                  00005544    0000000c                                   : typeinfo_.obj (.const:.typeinfo:_ZTIN10__cxxabiv119__pointer_type_infoE)
                  00005550    0000000c                                   : typeinfo_.obj (.const:.typeinfo:_ZTIN10__cxxabiv120__si_class_type_infoE)
                  0000555c    0000000c                                   : typeinfo_.obj (.const:.typeinfo:_ZTIN10__cxxabiv123__fundamental_type_infoE)
                  00005568    0000000b     GameLogic.obj (.const:.typeinfo:_ZTS9GameLogic)
                  00005573    0000000b     Ball.obj (.const:.typeinfo:_ZTS9GamePiece)
                  0000557e    00000008     Crystalfontz128x128_ST7735.obj (.const:$P$T0$1)
                  00005586    00000002     --HOLE-- [fill = 0]
                  00005588    00000008     main.obj (.const:$P$T40$1)
                  00005590    00000008     main.obj (.const:$P$T41$2)
                  00005598    00000008     main.obj (.const:$P$T42$3)
                  000055a0    00000008     main.obj (.const:$P$T43$4)
                  000055a8    00000008     main.obj (.const:$P$T44$5)
                  000055b0    00000008     main.obj (.const:$P$T45$6)
                  000055b8    00000008     Task.obj (.const:.typeinfo:_ZTI4Task)
                  000055c0    00000008     rtsv7M4_T_le_v4SPD16_eabi.lib : typeinfo_.obj (.const:.typeinfo:_ZTISt9type_info)
                  000055c8    00000008                                   : typeinfo_.obj (.const:.typeinfo:_ZTIe)
                  000055d0    00000008     Racket.obj (.const:.typeinfo:_ZTS6Racket)
                  000055d8    00000008     Screen.obj (.const:.typeinfo:_ZTS6Screen)
                  000055e0    00000008     interrupt.obj (.const:g_pulDisRegs)
                  000055e8    00000008     interrupt.obj (.const:g_pulEnRegs)
                  000055f0    00000008     interrupt.obj (.const:g_pulPendRegs)
                  000055f8    00000008     interrupt.obj (.const:g_pulUnpendRegs)
                  00005600    00000006     Ball.obj (.const:.typeinfo:_ZTS4Ball)
                  00005606    00000006     Task.obj (.const:.typeinfo:_ZTS4Task)
                  0000560c    00000004     rtsv7M4_T_le_v4SPD16_eabi.lib : typeinfo_.obj (.const:.typeinfo:_ZTSPKe)

.cinit     0    00005618    0000009c     
                  00005618    00000059     (.cinit..data.load) [load image, compression = rle]
                  00005671    00000007     --HOLE-- [fill = 0]
                  00005678    0000000b     (.cinit..bss.load) [load image, compression = rle]
                  00005683    00000005     --HOLE-- [fill = 0]
                  00005688    00000009     (.cinit..vtable.load) [load image, compression = rle]
                  00005691    00000003     --HOLE-- [fill = 0]
                  00005694    00000008     (__TI_handler_table)
                  0000569c    00000018     (__TI_cinit_table)

.init_array 
*          0    00005610    00000004     
                  00005610    00000004     main.obj (.init_array)

.vtable    0    20000000    000000e4     UNINITIALIZED
                  20000000    000000e4     interrupt.obj (.vtable)

.bss       0    200000e8    00002026     UNINITIALIZED
                  200000e8    00001ff0     main.obj (.bss:MainScheduler)
                  200020d8    0000001c     (.common:g_sContext)
                  200020f4    0000000c     main.obj (.bss)
                  20002100    00000004     (.common:_ZSt16__dummy_typeinfo)
                  20002104    00000002     (.common:Lcd_ScreenHeigth)
                  20002106    00000002     (.common:Lcd_ScreenWidth)
                  20002108    00000002     (.common:Lcd_TouchTrim)
                  2000210a    00000001     (.common:Lcd_FlagRead)
                  2000210b    00000001     (.common:Lcd_FontSolid)
                  2000210c    00000001     (.common:Lcd_Orientation)
                  2000210d    00000001     (.common:Lcd_PenSolid)

.sysmem    0    20002110    00000400     UNINITIALIZED
                  20002110    00000008     rtsv7M4_T_le_v4SPD16_eabi.lib : memory.obj (.sysmem)
                  20002118    000003f8     --HOLE--

.data      0    20002510    00000074     UNINITIALIZED
                  20002510    00000030     gpio.obj (.data:GPIO_PORT_TO_BASE)
                  20002540    00000014     main.obj (.data)
                  20002554    0000000c     rtsv7M4_T_le_v4SPD16_eabi.lib : exit.obj (.data:$O1$$)
                  20002560    0000000c                                   : memory.obj (.data:$O1$$)
                  2000256c    00000008                                   : _lock.obj (.data:$O1$$)
                  20002574    00000004     main.obj (.data:aDataFromButton)
                  20002578    00000004     rtsv7M4_T_le_v4SPD16_eabi.lib : stkdepth_vars.obj (.data)
                  2000257c    00000004                                   : vars.obj (.data)
                  20002580    00000004     system_msp432p401r.obj (.data)

.stack     0    2000fe00    00000200     UNINITIALIZED
                  2000fe00    00000200     --HOLE--

MODULE SUMMARY

       Module                                               code    ro data   rw data
       ------                                               ----    -------   -------
    ./
       main.obj                                             1280    112       16424  
       Scheduler.obj                                        1588    40        0      
       system_msp432p401r.obj                               880     0         8      
       Ball.obj                                             652     121       0      
       Screen.obj                                           608     64        56     
       Racket.obj                                           492     80        0      
       startup_msp432p401r_ccs.obj                          14      228       0      
       GamePiece.obj                                        204     20        0      
       Task.obj                                             168     54        0      
       GameLogic.obj                                        148     63        0      
    +--+----------------------------------------------------+-------+---------+---------+
       Total:                                               6034    782       16488  
                                                                                     
    ./GrLib/fonts/
       fontfixed6x8.obj                                     0       960       0      
    +--+----------------------------------------------------+-------+---------+---------+
       Total:                                               0       960       0      
                                                                                     
    ./GrLib/grlib/
       line.obj                                             1168    0         0      
       rectangle.obj                                        830     0         0      
       context.obj                                          614     0         0      
       display.obj                                          308     0         0      
    +--+----------------------------------------------------+-------+---------+---------+
       Total:                                               2920    0         0      
                                                                                     
    ./LcdDriver/
       Crystalfontz128x128_ST7735.obj                       1656    52        20     
       HAL_MSP_EXP432P401R_Crystalfontz128x128_ST7735.obj   188     28        0      
    +--+----------------------------------------------------+-------+---------+---------+
       Total:                                               1844    80        20     
                                                                                     
    ./driverlib/MSP432P4xx/
       adc14.obj                                            2272    128       0      
       spi.obj                                              2212    0         0      
       interrupt.obj                                        1008    144       456    
       gpio.obj                                             1152    28        96     
       cpu.obj                                              62      0         0      
    +--+----------------------------------------------------+-------+---------+---------+
       Total:                                               6706    300       552    
                                                                                     
    /home/aglt93/ti/ccsv6/tools/compiler/arm_15.12.3.LTS/lib/rtsv7M4_T_le_v4SPD16_eabi.lib
       memory.obj                                           988     0         24     
       typeinfo_.obj                                        188     356       8      
       memcpy_t2.obj                                        156     0         0      
       memset_t2.obj                                        122     0         0      
       autoinit.obj                                         112     0         0      
       copy_decompress_rle.obj                              112     0         0      
       exit.obj                                             84      0         24     
       boot.obj                                             84      0         0      
       cpy_tbl.obj                                          76      0         0      
       new_.obj                                             48      0         0      
       _lock.obj                                            20      0         16     
       args_main.obj                                        24      0         0      
       copy_decompress_none.obj                             14      0         0      
       delete.obj                                           8       0         0      
       stkdepth_vars.obj                                    0       0         8      
       vars.obj                                             0       0         8      
       pre_init.obj                                         4       0         0      
       mpu_init.obj                                         2       0         0      
       newhandler.obj                                       2       0         0      
       startup.obj                                          2       0         0      
    +--+----------------------------------------------------+-------+---------+---------+
       Total:                                               2046    356       88     
                                                                                     
       Heap:                                                0       0         2048   
       Stack:                                               0       0         1024   
       Linker Generated:                                    0       141       0      
    +--+----------------------------------------------------+-------+---------+---------+
       Grand Total:                                         19550   2619      20220  


LINKER GENERATED COPY TABLES

__TI_cinit_table @ 0000569c records: 3, size/record: 8, table size: 24
	.data: load addr=00005618, load size=00000059 bytes, run addr=20002510, run size=00000074 bytes, compression=rle
	.bss: load addr=00005678, load size=0000000b bytes, run addr=200000e8, run size=00002026 bytes, compression=rle
	.vtable: load addr=00005688, load size=00000009 bytes, run addr=20000000, run size=000000e4 bytes, compression=rle


LINKER GENERATED HANDLER TABLE

__TI_handler_table @ 00005694 records: 2, size/record: 4, table size: 8
	index: 0, handler: __TI_decompress_rle24
	index: 1, handler: __TI_decompress_none


GLOBAL SYMBOLS: SORTED ALPHABETICALLY BY Name 

address   name                                              
-------   ----                                              
0000216f  ADC14_IRQHandler                                  
0000216f  ADC14_IRQHandler                                  
00000939  ADC14_clearInterruptFlag                          
000004d9  ADC14_configureConversionMemory                   
00000381  ADC14_configureMultiSequenceMode                  
00000417  ADC14_configureSingleSampleMode                   
00000611  ADC14_disableComparatorWindow                     
000004af  ADC14_disableConversion                           
000008b3  ADC14_disableInterrupt                            
00000255  ADC14_disableModule                               
0000082f  ADC14_disableReferenceBurst                       
00000295  ADC14_disableSampleTimer                          
00000581  ADC14_enableComparatorWindow                      
0000046d  ADC14_enableConversion                            
00000887  ADC14_enableInterrupt                             
0000024d  ADC14_enableModule                                
00000819  ADC14_enableReferenceBurst                        
0000026b  ADC14_enableSampleTimer                           
00000909  ADC14_getEnabledInterruptStatus                   
000008df  ADC14_getInterruptStatus                          
00000739  ADC14_getMultiSequenceResult                      
0000030b  ADC14_getResolution                               
0000071f  ADC14_getResult                                   
000007a5  ADC14_getResultArray                              
000002ab  ADC14_initModule                                  
000004bb  ADC14_isBusy                                      
00000969  ADC14_registerInterrupt                           
0000066f  ADC14_setComparatorWindowValue                    
00000845  ADC14_setPowerMode                                
000002f1  ADC14_setResolution                               
000006f5  ADC14_setResultFormat                             
00000357  ADC14_setSampleHoldTime                           
00000315  ADC14_setSampleHoldTrigger                        
0000048d  ADC14_toggleConversionTrigger                     
0000097d  ADC14_unregisterInterrupt                         
00004d23  AES256_IRQHandler                                 
000020c5  BUTTON_DOWN_ISR                                   
0000210b  BUTTON_UP_ISR                                     
00004d23  BusFault_Handler                                  
00004ba1  C$$EXIT                                           
00004d23  COMP_E0_IRQHandler                                
00004d23  COMP_E1_IRQHandler                                
00004c75  CPU_basepriGet                                    
00004c67  CPU_basepriSet                                    
00004c41  CPU_cpsid                                         
00004c57  CPU_cpsie                                         
00004c4d  CPU_primask                                       
00004c63  CPU_wfi                                           
00004d23  CS_IRQHandler                                     
00001269  Crystalfontz128x128_Init                          
0000137d  Crystalfontz128x128_SetDrawFrame                  
000014ab  Crystalfontz128x128_SetOrientation                
00004d23  DMA_ERR_IRQHandler                                
00004d23  DMA_INT0_IRQHandler                               
00004d23  DMA_INT1_IRQHandler                               
00004d23  DMA_INT2_IRQHandler                               
00004d23  DMA_INT3_IRQHandler                               
00004d23  DebugMon_Handler                                  
00004d23  Default_Handler                                   
00004d23  EUSCIA0_IRQHandler                                
00004d23  EUSCIA1_IRQHandler                                
00004d23  EUSCIA2_IRQHandler                                
00004d23  EUSCIA3_IRQHandler                                
00004d23  EUSCIB0_IRQHandler                                
00004d23  EUSCIB1_IRQHandler                                
00004d23  EUSCIB2_IRQHandler                                
00004d23  EUSCIB3_IRQHandler                                
00001133  EUSCI_A_SPI_changeClockPhasePolarity              
000011e7  EUSCI_A_SPI_clearInterruptFlag                    
00001217  EUSCI_A_SPI_disable                               
000011b5  EUSCI_A_SPI_disableInterrupt                      
00001201  EUSCI_A_SPI_enable                                
0000119b  EUSCI_A_SPI_enableInterrupt                       
000011cf  EUSCI_A_SPI_getInterruptStatus                    
0000122d  EUSCI_A_SPI_getReceiveBufferAddressForDMA         
0000123b  EUSCI_A_SPI_getTransmitBufferAddressForDMA        
00001249  EUSCI_A_SPI_isBusy                                
000010b3  EUSCI_A_SPI_masterChangeClock                     
0000118b  EUSCI_A_SPI_receiveData                           
00001093  EUSCI_A_SPI_select4PinFunctionality               
000010e9  EUSCI_A_SPI_slaveInit                             
00001175  EUSCI_A_SPI_transmitData                          
00000f65  EUSCI_B_SPI_changeClockPhasePolarity              
00001019  EUSCI_B_SPI_clearInterruptFlag                    
00001049  EUSCI_B_SPI_disable                               
00000fe7  EUSCI_B_SPI_disableInterrupt                      
00001033  EUSCI_B_SPI_enable                                
00000fcd  EUSCI_B_SPI_enableInterrupt                       
00001001  EUSCI_B_SPI_getInterruptStatus                    
0000105f  EUSCI_B_SPI_getReceiveBufferAddressForDMA         
0000106d  EUSCI_B_SPI_getTransmitBufferAddressForDMA        
0000107b  EUSCI_B_SPI_isBusy                                
00000ee9  EUSCI_B_SPI_masterChangeClock                     
00000fbd  EUSCI_B_SPI_receiveData                           
00000ec9  EUSCI_B_SPI_select4PinFunctionality               
00000f1b  EUSCI_B_SPI_slaveInit                             
00000fa7  EUSCI_B_SPI_transmitData                          
00004d23  FLCTL_IRQHandler                                  
00004d23  FPU_IRQHandler                                    
00002bc7  GPIO_clearInterruptFlag                           
00002b87  GPIO_disableInterrupt                             
00002b65  GPIO_enableInterrupt                              
00002c1f  GPIO_getEnabledInterruptStatus                    
00002b37  GPIO_getInputPinValue                             
00002ba9  GPIO_getInterruptStatus                           
00002be9  GPIO_interruptEdgeSelect                          
00002cdf  GPIO_registerInterrupt                            
000028df  GPIO_setAsInputPin                                
00002a93  GPIO_setAsInputPinWithPullDownResistor            
00002ae5  GPIO_setAsInputPinWithPullUpResistor              
000028a5  GPIO_setAsOutputPin                               
000029a9  GPIO_setAsPeripheralModuleFunctionInputPin        
00002925  GPIO_setAsPeripheralModuleFunctionOutputPin       
00002c9b  GPIO_setDriveStrengthHigh                         
00002cbd  GPIO_setDriveStrengthLow                          
00002a2d  GPIO_setOutputHighOnPin                           
00002a4f  GPIO_setOutputLowOnPin                            
00002a71  GPIO_toggleOutputOnPin                            
00002cff  GPIO_unregisterInterrupt                          
00003d8b  Graphics_clearDisplay                             
000045cd  Graphics_clearDisplayOnDisplay                    
0000451f  Graphics_drawHorizontalLineOnDisplay              
00002731  Graphics_drawLine                                 
00002415  Graphics_drawLineH                                
000024b1  Graphics_drawLineV                                
000044db  Graphics_drawMultiplePixelsOnDisplay              
00003d9d  Graphics_drawPixel                                
000044b1  Graphics_drawPixelOnDisplay                       
00003861  Graphics_drawRectangle                            
00004553  Graphics_drawVerticalLineOnDisplay                
00003903  Graphics_fillRectangle                            
00004587  Graphics_fillRectangleOnDisplay                   
00003d7d  Graphics_flushBuffer                              
000045bb  Graphics_flushOnDisplay                           
00003d5f  Graphics_getDisplayHeight                         
00003d4f  Graphics_getDisplayWidth                          
00003cfd  Graphics_getFontBaseline                          
00003d33  Graphics_getFontHeight                            
00003d41  Graphics_getFontMaxWidth                          
00003d6f  Graphics_getHeightOfDisplay                       
00003a67  Graphics_getRectangleIntersection                 
00003df7  Graphics_getWidthOfDisplay                        
00003b9f  Graphics_initContext                              
00003b4d  Graphics_isPointWithinRectangle                   
00003a15  Graphics_isRectangleOverlap                       
00003cb3  Graphics_setBackgroundColor                       
00003ccd  Graphics_setBackgroundColorTranslated             
00003be9  Graphics_setClipRegion                            
00003ce3  Graphics_setFont                                  
00003d0b  Graphics_setForegroundColor                       
00003d21  Graphics_setForegroundColorTranslated             
000045a5  Graphics_translateColorOnDisplay                  
000046a5  HAL_LCD_PortInit                                  
000046d5  HAL_LCD_SpiInit                                   
0000470b  HAL_LCD_writeCommand                              
00004733  HAL_LCD_writeData                                 
00004d23  HardFault_Handler                                 
00002ee7  Interrupt_disableInterrupt                        
00002d37  Interrupt_disableMaster                           
000030e5  Interrupt_disableSleepOnIsrExit                   
00002e75  Interrupt_enableInterrupt                         
00002d27  Interrupt_enableMaster                            
000030d3  Interrupt_enableSleepOnIsrExit                    
00002e4f  Interrupt_getPriority                             
00002dc7  Interrupt_getPriorityGrouping                     
000030b3  Interrupt_getPriorityMask                         
000030cd  Interrupt_getVectorTableAddress                   
00002f59  Interrupt_isEnabled                               
00002fe5  Interrupt_pendInterrupt                           
00002d47  Interrupt_registerInterrupt                       
00002dff  Interrupt_setPriority                             
00002dad  Interrupt_setPriorityGrouping                     
000030a3  Interrupt_setPriorityMask                         
000030bd  Interrupt_setVectorTableAddress                   
00003055  Interrupt_unpendInterrupt                         
00002d99  Interrupt_unregisterInterrupt                     
2000210a  Lcd_FlagRead                                      
2000210b  Lcd_FontSolid                                     
2000210c  Lcd_Orientation                                   
2000210d  Lcd_PenSolid                                      
20002104  Lcd_ScreenHeigth                                  
20002106  Lcd_ScreenWidth                                   
20002108  Lcd_TouchTrim                                     
200000e8  MainScheduler                                     
00004d23  MemManage_Handler                                 
00004d23  NMI_Handler                                       
00004d23  PCM_IRQHandler                                    
00004d23  PORT1_IRQHandler                                  
00004d23  PORT2_IRQHandler                                  
00004d23  PORT3_IRQHandler                                  
00004d23  PORT4_IRQHandler                                  
00004d23  PORT5_IRQHandler                                  
00004d23  PORT6_IRQHandler                                  
00004d23  PSS_IRQHandler                                    
00004d23  PendSV_Handler                                    
00004d23  RTC_C_IRQHandler                                  
00004d17  Reset_Handler                                     
00005610  SHT$$INIT_ARRAY$$Base                             
00005614  SHT$$INIT_ARRAY$$Limit                            
00000b87  SPI_changeClockPhasePolarity                      
00000ae1  SPI_changeMasterClock                             
00000d39  SPI_clearInterruptFlag                            
00000cbb  SPI_disableInterrupt                              
00000c15  SPI_disableModule                                 
00000c95  SPI_enableInterrupt                               
00000bf9  SPI_enableModule                                  
00000d09  SPI_getEnabledInterruptStatus                     
00000ce1  SPI_getInterruptStatus                            
00000c31  SPI_getReceiveBufferAddressForDMA                 
00000c4d  SPI_getTransmitBufferAddressForDMA                
000009f5  SPI_initMaster                                    
00000b09  SPI_initSlave                                     
00000c79  SPI_isBusy                                        
00000bdd  SPI_receiveData                                   
00000d5f  SPI_registerInterrupt                             
00000abb  SPI_selectFourPinFunctionality                    
00000bb7  SPI_transmitData                                  
00000e1d  SPI_unregisterInterrupt                           
00004d23  SVC_Handler                                       
00004d23  SysTick_Handler                                   
20002580  SystemCoreClock                                   
000034f1  SystemCoreClockUpdate                             
00003765  SystemInit                                        
00002151  T32_INT1_IRQHandler                               
00002151  T32_INT1_IRQHandler                               
00004d23  T32_INT2_IRQHandler                               
00004d23  T32_INTC_IRQHandler                               
00004d23  TA0_0_IRQHandler                                  
00004d23  TA0_N_IRQHandler                                  
00004d23  TA1_0_IRQHandler                                  
00004d23  TA1_N_IRQHandler                                  
00004d23  TA2_0_IRQHandler                                  
00004d23  TA2_N_IRQHandler                                  
00004d23  TA3_0_IRQHandler                                  
00004d23  TA3_N_IRQHandler                                  
00004d23  UsageFault_Handler                                
4000480c  WDTCTL_SYM                                        
00004d23  WDT_A_IRQHandler                                  
00002295  _Z13setupButtonUpv                                
000022c9  _Z15setupButtonDownv                              
00004b4b  _Z21__default_new_handlerv                        
000022f7  _Z5Setupv                                         
000021e9  _Z8setupADCv                                      
0000480d  _ZN10__cxxabiv116__enum_type_infoD0Ev             
0000480b  _ZN10__cxxabiv116__enum_type_infoD1Ev             
0000480b  _ZN10__cxxabiv116__enum_type_infoD2Ev             
00004803  _ZN10__cxxabiv117__array_type_infoD0Ev            
00004801  _ZN10__cxxabiv117__array_type_infoD1Ev            
00004801  _ZN10__cxxabiv117__array_type_infoD2Ev            
000047f9  _ZN10__cxxabiv117__class_type_infoD0Ev            
000047f7  _ZN10__cxxabiv117__class_type_infoD1Ev            
000047f7  _ZN10__cxxabiv117__class_type_infoD2Ev            
000047ef  _ZN10__cxxabiv117__pbase_type_infoD0Ev            
000047ed  _ZN10__cxxabiv117__pbase_type_infoD1Ev            
000047ed  _ZN10__cxxabiv117__pbase_type_infoD2Ev            
000047e5  _ZN10__cxxabiv119__pointer_type_infoD0Ev          
000047e3  _ZN10__cxxabiv119__pointer_type_infoD1Ev          
000047e3  _ZN10__cxxabiv119__pointer_type_infoD2Ev          
000047db  _ZN10__cxxabiv120__function_type_infoD0Ev         
000047d9  _ZN10__cxxabiv120__function_type_infoD1Ev         
000047d9  _ZN10__cxxabiv120__function_type_infoD2Ev         
000047d1  _ZN10__cxxabiv120__si_class_type_infoD0Ev         
000047cf  _ZN10__cxxabiv120__si_class_type_infoD1Ev         
000047cf  _ZN10__cxxabiv120__si_class_type_infoD2Ev         
000047c7  _ZN10__cxxabiv121__vmi_class_type_infoD0Ev        
000047c5  _ZN10__cxxabiv121__vmi_class_type_infoD1Ev        
000047c5  _ZN10__cxxabiv121__vmi_class_type_infoD2Ev        
000047bd  _ZN10__cxxabiv123__fundamental_type_infoD0Ev      
000047bb  _ZN10__cxxabiv123__fundamental_type_infoD1Ev      
000047bb  _ZN10__cxxabiv123__fundamental_type_infoD2Ev      
000047b3  _ZN10__cxxabiv129__pointer_to_member_type_infoD0Ev
000047b1  _ZN10__cxxabiv129__pointer_to_member_type_infoD1Ev
000047b1  _ZN10__cxxabiv129__pointer_to_member_type_infoD2Ev
00003fd9  _ZN4Ball12CheckLimitsXEv                          
00004019  _ZN4Ball12CheckLimitsYEv                          
00003fc1  _ZN4Ball14ProcessMessageE3MSG                     
00003ed7  _ZN4Ball3runEv                                    
00003e05  _ZN4BallC1EibiiiiiiPiS0_                          
00003e05  _ZN4BallC2EibiiiiiiPiS0_                          
00004cb1  _ZN4Task11SendMessageEv                           
00004d25  _ZN4Task14ProcessMessageE3MSG                     
000048ad  _ZN4Task17GetTaskFinalCountEv                     
0000487f  _ZN4Task17SetTaskFinalCountEy                     
0000489d  _ZN4Task19GetTaskCurrentCountEv                   
00004861  _ZN4Task19SetTaskCurrentCountEy                   
0000483b  _ZN4Task3runEv                                    
0000481d  _ZN4TaskC1Ev                                      
0000481d  _ZN4TaskC2Ev                                      
0000446b  _ZN6Racket12CheckLimitsYEv                        
000043e9  _ZN6Racket14ProcessMessageE3MSG                   
0000438f  _ZN6Racket3runEv                                  
000042c5  _ZN6RacketC1EibiiiiiiPiS0_                        
000042c5  _ZN6RacketC2EibiiiiiiPiS0_                        
00004291  _ZN6Screen11printFigureE18Graphics_Rectangle      
000040eb  _ZN6Screen14ProcessMessageE3MSG                   
000040c5  _ZN6Screen3runEv                                  
00004065  _ZN6ScreenC1Eib                                   
00004065  _ZN6ScreenC2Eib                                   
000049cf  _ZN9GameLogic14ProcessMessageE3MSG                
000049a9  _ZN9GameLogic3runEv                               
00004961  _ZN9GameLogicC1Eibi                               
00004961  _ZN9GameLogicC2Eibi                               
00004671  _ZN9GamePiece13getDirectionXEv                    
00004691  _ZN9GamePiece13getDirectionYEv                    
0000465f  _ZN9GamePiece13setDirectionXEi                    
0000467f  _ZN9GamePiece13setDirectionYEi                    
00004611  _ZN9GamePiece7getPosXEv                           
00004631  _ZN9GamePiece7getPosYEv                           
00004651  _ZN9GamePiece7getSizeEv                           
000045ff  _ZN9GamePiece7setPosXEi                           
0000461f  _ZN9GamePiece7setPosYEi                           
0000463f  _ZN9GamePiece7setSizeEi                           
000045e5  _ZN9GamePieceC1Ev                                 
000045e5  _ZN9GamePieceC2Ev                                 
00001c97  _ZN9Scheduler13attachMessageE3MSG                 
00001ea7  _ZN9Scheduler14processMessageE3MSG                
00001cf3  _ZN9Scheduler17clearMessageQueueEv                
00001e59  _ZN9Scheduler18clearNextSchedulerEv               
00001b45  _ZN9Scheduler19ProcessMessageQueueEv              
00001a81  _ZN9Scheduler21CalculateNextScheduleEv            
00001efb  _ZN9Scheduler22SortScheduleByPriorityEP4Task      
000019fd  _ZN9Scheduler3runEv                               
00001987  _ZN9Scheduler6attachEP4Task                       
000018e1  _ZN9SchedulerC1Ev                                 
000018e1  _ZN9SchedulerC2Ev                                 
00004773  _ZNKSt9type_info4nameEv                           
000047a3  _ZNKSt9type_info6beforeERKS_                      
0000478d  _ZNKSt9type_infoeqERKS_                           
00004777  _ZNKSt9type_infoneERKS_                           
0000476b  _ZNSt9type_infoD0Ev                               
00004769  _ZNSt9type_infoD1Ev                               
00004769  _ZNSt9type_infoD2Ev                               
20002100  _ZSt16__dummy_typeinfo                            
00004761  _ZSt21__gen_dummy_typeinfosv                      
000054f0  _ZTI4Ball                                         
000055b8  _ZTI4Task                                         
000054fc  _ZTI6Racket                                       
00005508  _ZTI6Screen                                       
00005514  _ZTI9GameLogic                                    
00005520  _ZTI9GamePiece                                    
0000552c  _ZTIN10__cxxabiv117__class_type_infoE             
00005538  _ZTIN10__cxxabiv117__pbase_type_infoE             
00005544  _ZTIN10__cxxabiv119__pointer_type_infoE           
00005550  _ZTIN10__cxxabiv120__si_class_type_infoE          
0000555c  _ZTIN10__cxxabiv123__fundamental_type_infoE       
00005490  _ZTIPKe                                           
000055c0  _ZTISt9type_info                                  
000055c8  _ZTIe                                             
00005600  _ZTS4Ball                                         
00005606  _ZTS4Task                                         
000055d0  _ZTS6Racket                                       
000055d8  _ZTS6Screen                                       
00005568  _ZTS9GameLogic                                    
00005573  _ZTS9GamePiece                                    
00005271  _ZTSN10__cxxabiv117__class_type_infoE             
00005293  _ZTSN10__cxxabiv117__pbase_type_infoE             
0000524d  _ZTSN10__cxxabiv119__pointer_type_infoE           
00005228  _ZTSN10__cxxabiv120__si_class_type_infoE          
00005200  _ZTSN10__cxxabiv123__fundamental_type_infoE       
0000560c  _ZTSPKe                                           
000054e0  _ZTSSt9type_info                                  
000052b5  _ZTSe                                             
0000542c  _ZTV4Ball                                         
00005440  _ZTV4Task                                         
00005454  _ZTV6Racket                                       
00005310  _ZTV6Screen                                       
00005468  _ZTV9GameLogic                                    
0000547c  _ZTV9GamePiece                                    
000054a0  _ZTVN10__cxxabiv117__class_type_infoE             
000054b0  _ZTVN10__cxxabiv119__pointer_type_infoE           
000054c0  _ZTVN10__cxxabiv120__si_class_type_infoE          
000054d0  _ZTVN10__cxxabiv123__fundamental_type_infoE       
00004d31  _ZdlPv                                            
00004c81  _Znwj                                             
20010000  __STACK_END                                       
00000200  __STACK_SIZE                                      
00000400  __SYSMEM_SIZE                                     
0000569c  __TI_CINIT_Base                                   
000056b4  __TI_CINIT_Limit                                  
00005694  __TI_Handler_Table_Base                           
0000569c  __TI_Handler_Table_Limit                          
00004a71  __TI_auto_init                                    
20002554  __TI_cleanup_ptr                                  
00004d09  __TI_decompress_none                              
00004d39  __TI_decompress_rle24                             
20002558  __TI_dtors_ptr                                    
2000255c  __TI_enable_exit_profile_output                   
ffffffff  __TI_pprof_out_hndl                               
ffffffff  __TI_prof_data_size                               
ffffffff  __TI_prof_data_start                              
00000000  __TI_static_base__                                
000049f5  __aeabi_memclr                                    
000049f5  __aeabi_memclr4                                   
000049f5  __aeabi_memclr8                                   
000048c5  __aeabi_memcpy                                    
000048c5  __aeabi_memcpy4                                   
000048c5  __aeabi_memcpy8                                   
000049f7  __aeabi_memset                                    
000049f7  __aeabi_memset4                                   
000049f7  __aeabi_memset8                                   
ffffffff  __binit__                                         
ffffffff  __c_args__                                        
00004a6f  __mpu_init                                        
2000fe00  __stack                                           
00002375  __sti___8_main_cpp_05102ee7                       
00004cdd  _args_main                                        
00004b4d  _c_int00                                          
2000256c  _lock                                             
2000257c  _new_handler                                      
00004d03  _nop                                              
00004cfb  _register_lock                                    
00004cf5  _register_unlock                                  
20002110  _sys_memory                                       
00004c7f  _system_post_cinit                                
00004d3f  _system_pre_init                                  
20002570  _unlock                                           
200020fc  aDataFromADC                                      
20002574  aDataFromButton                                   
00004ba5  abort                                             
ffffffff  binit                                             
000034bd  calloc                                            
00004bf5  copy_in                                           
20002548  counterDown                                       
2000254c  counterUp                                         
00004bad  exit                                              
0000320b  free                                              
20000000  g_pfnRAMVectors                                   
200020d8  g_sContext                                        
000051d4  g_sCrystalfontz128x128                            
0000503c  g_sFontFixed6x8                                   
00000000  interruptVectors                                  
00001f7f  main                                              
20002578  main_func_sp                                      
000031a3  malloc                                            
000033d9  memalign                                          
000048c5  memcpy                                            
000049fd  memset                                            
00003115  minit                                             
20002550  pDataToScreenB                                    
200020f4  positionDown                                      
200020f8  positionUp                                        
000032cd  realloc                                           


GLOBAL SYMBOLS: SORTED BY Symbol Address 

address   name                                              
-------   ----                                              
00000000  __TI_static_base__                                
00000000  interruptVectors                                  
00000200  __STACK_SIZE                                      
0000024d  ADC14_enableModule                                
00000255  ADC14_disableModule                               
0000026b  ADC14_enableSampleTimer                           
00000295  ADC14_disableSampleTimer                          
000002ab  ADC14_initModule                                  
000002f1  ADC14_setResolution                               
0000030b  ADC14_getResolution                               
00000315  ADC14_setSampleHoldTrigger                        
00000357  ADC14_setSampleHoldTime                           
00000381  ADC14_configureMultiSequenceMode                  
00000400  __SYSMEM_SIZE                                     
00000417  ADC14_configureSingleSampleMode                   
0000046d  ADC14_enableConversion                            
0000048d  ADC14_toggleConversionTrigger                     
000004af  ADC14_disableConversion                           
000004bb  ADC14_isBusy                                      
000004d9  ADC14_configureConversionMemory                   
00000581  ADC14_enableComparatorWindow                      
00000611  ADC14_disableComparatorWindow                     
0000066f  ADC14_setComparatorWindowValue                    
000006f5  ADC14_setResultFormat                             
0000071f  ADC14_getResult                                   
00000739  ADC14_getMultiSequenceResult                      
000007a5  ADC14_getResultArray                              
00000819  ADC14_enableReferenceBurst                        
0000082f  ADC14_disableReferenceBurst                       
00000845  ADC14_setPowerMode                                
00000887  ADC14_enableInterrupt                             
000008b3  ADC14_disableInterrupt                            
000008df  ADC14_getInterruptStatus                          
00000909  ADC14_getEnabledInterruptStatus                   
00000939  ADC14_clearInterruptFlag                          
00000969  ADC14_registerInterrupt                           
0000097d  ADC14_unregisterInterrupt                         
000009f5  SPI_initMaster                                    
00000abb  SPI_selectFourPinFunctionality                    
00000ae1  SPI_changeMasterClock                             
00000b09  SPI_initSlave                                     
00000b87  SPI_changeClockPhasePolarity                      
00000bb7  SPI_transmitData                                  
00000bdd  SPI_receiveData                                   
00000bf9  SPI_enableModule                                  
00000c15  SPI_disableModule                                 
00000c31  SPI_getReceiveBufferAddressForDMA                 
00000c4d  SPI_getTransmitBufferAddressForDMA                
00000c79  SPI_isBusy                                        
00000c95  SPI_enableInterrupt                               
00000cbb  SPI_disableInterrupt                              
00000ce1  SPI_getInterruptStatus                            
00000d09  SPI_getEnabledInterruptStatus                     
00000d39  SPI_clearInterruptFlag                            
00000d5f  SPI_registerInterrupt                             
00000e1d  SPI_unregisterInterrupt                           
00000ec9  EUSCI_B_SPI_select4PinFunctionality               
00000ee9  EUSCI_B_SPI_masterChangeClock                     
00000f1b  EUSCI_B_SPI_slaveInit                             
00000f65  EUSCI_B_SPI_changeClockPhasePolarity              
00000fa7  EUSCI_B_SPI_transmitData                          
00000fbd  EUSCI_B_SPI_receiveData                           
00000fcd  EUSCI_B_SPI_enableInterrupt                       
00000fe7  EUSCI_B_SPI_disableInterrupt                      
00001001  EUSCI_B_SPI_getInterruptStatus                    
00001019  EUSCI_B_SPI_clearInterruptFlag                    
00001033  EUSCI_B_SPI_enable                                
00001049  EUSCI_B_SPI_disable                               
0000105f  EUSCI_B_SPI_getReceiveBufferAddressForDMA         
0000106d  EUSCI_B_SPI_getTransmitBufferAddressForDMA        
0000107b  EUSCI_B_SPI_isBusy                                
00001093  EUSCI_A_SPI_select4PinFunctionality               
000010b3  EUSCI_A_SPI_masterChangeClock                     
000010e9  EUSCI_A_SPI_slaveInit                             
00001133  EUSCI_A_SPI_changeClockPhasePolarity              
00001175  EUSCI_A_SPI_transmitData                          
0000118b  EUSCI_A_SPI_receiveData                           
0000119b  EUSCI_A_SPI_enableInterrupt                       
000011b5  EUSCI_A_SPI_disableInterrupt                      
000011cf  EUSCI_A_SPI_getInterruptStatus                    
000011e7  EUSCI_A_SPI_clearInterruptFlag                    
00001201  EUSCI_A_SPI_enable                                
00001217  EUSCI_A_SPI_disable                               
0000122d  EUSCI_A_SPI_getReceiveBufferAddressForDMA         
0000123b  EUSCI_A_SPI_getTransmitBufferAddressForDMA        
00001249  EUSCI_A_SPI_isBusy                                
00001269  Crystalfontz128x128_Init                          
0000137d  Crystalfontz128x128_SetDrawFrame                  
000014ab  Crystalfontz128x128_SetOrientation                
000018e1  _ZN9SchedulerC1Ev                                 
000018e1  _ZN9SchedulerC2Ev                                 
00001987  _ZN9Scheduler6attachEP4Task                       
000019fd  _ZN9Scheduler3runEv                               
00001a81  _ZN9Scheduler21CalculateNextScheduleEv            
00001b45  _ZN9Scheduler19ProcessMessageQueueEv              
00001c97  _ZN9Scheduler13attachMessageE3MSG                 
00001cf3  _ZN9Scheduler17clearMessageQueueEv                
00001e59  _ZN9Scheduler18clearNextSchedulerEv               
00001ea7  _ZN9Scheduler14processMessageE3MSG                
00001efb  _ZN9Scheduler22SortScheduleByPriorityEP4Task      
00001f7f  main                                              
000020c5  BUTTON_DOWN_ISR                                   
0000210b  BUTTON_UP_ISR                                     
00002151  T32_INT1_IRQHandler                               
00002151  T32_INT1_IRQHandler                               
0000216f  ADC14_IRQHandler                                  
0000216f  ADC14_IRQHandler                                  
000021e9  _Z8setupADCv                                      
00002295  _Z13setupButtonUpv                                
000022c9  _Z15setupButtonDownv                              
000022f7  _Z5Setupv                                         
00002375  __sti___8_main_cpp_05102ee7                       
00002415  Graphics_drawLineH                                
000024b1  Graphics_drawLineV                                
00002731  Graphics_drawLine                                 
000028a5  GPIO_setAsOutputPin                               
000028df  GPIO_setAsInputPin                                
00002925  GPIO_setAsPeripheralModuleFunctionOutputPin       
000029a9  GPIO_setAsPeripheralModuleFunctionInputPin        
00002a2d  GPIO_setOutputHighOnPin                           
00002a4f  GPIO_setOutputLowOnPin                            
00002a71  GPIO_toggleOutputOnPin                            
00002a93  GPIO_setAsInputPinWithPullDownResistor            
00002ae5  GPIO_setAsInputPinWithPullUpResistor              
00002b37  GPIO_getInputPinValue                             
00002b65  GPIO_enableInterrupt                              
00002b87  GPIO_disableInterrupt                             
00002ba9  GPIO_getInterruptStatus                           
00002bc7  GPIO_clearInterruptFlag                           
00002be9  GPIO_interruptEdgeSelect                          
00002c1f  GPIO_getEnabledInterruptStatus                    
00002c9b  GPIO_setDriveStrengthHigh                         
00002cbd  GPIO_setDriveStrengthLow                          
00002cdf  GPIO_registerInterrupt                            
00002cff  GPIO_unregisterInterrupt                          
00002d27  Interrupt_enableMaster                            
00002d37  Interrupt_disableMaster                           
00002d47  Interrupt_registerInterrupt                       
00002d99  Interrupt_unregisterInterrupt                     
00002dad  Interrupt_setPriorityGrouping                     
00002dc7  Interrupt_getPriorityGrouping                     
00002dff  Interrupt_setPriority                             
00002e4f  Interrupt_getPriority                             
00002e75  Interrupt_enableInterrupt                         
00002ee7  Interrupt_disableInterrupt                        
00002f59  Interrupt_isEnabled                               
00002fe5  Interrupt_pendInterrupt                           
00003055  Interrupt_unpendInterrupt                         
000030a3  Interrupt_setPriorityMask                         
000030b3  Interrupt_getPriorityMask                         
000030bd  Interrupt_setVectorTableAddress                   
000030cd  Interrupt_getVectorTableAddress                   
000030d3  Interrupt_enableSleepOnIsrExit                    
000030e5  Interrupt_disableSleepOnIsrExit                   
00003115  minit                                             
000031a3  malloc                                            
0000320b  free                                              
000032cd  realloc                                           
000033d9  memalign                                          
000034bd  calloc                                            
000034f1  SystemCoreClockUpdate                             
00003765  SystemInit                                        
00003861  Graphics_drawRectangle                            
00003903  Graphics_fillRectangle                            
00003a15  Graphics_isRectangleOverlap                       
00003a67  Graphics_getRectangleIntersection                 
00003b4d  Graphics_isPointWithinRectangle                   
00003b9f  Graphics_initContext                              
00003be9  Graphics_setClipRegion                            
00003cb3  Graphics_setBackgroundColor                       
00003ccd  Graphics_setBackgroundColorTranslated             
00003ce3  Graphics_setFont                                  
00003cfd  Graphics_getFontBaseline                          
00003d0b  Graphics_setForegroundColor                       
00003d21  Graphics_setForegroundColorTranslated             
00003d33  Graphics_getFontHeight                            
00003d41  Graphics_getFontMaxWidth                          
00003d4f  Graphics_getDisplayWidth                          
00003d5f  Graphics_getDisplayHeight                         
00003d6f  Graphics_getHeightOfDisplay                       
00003d7d  Graphics_flushBuffer                              
00003d8b  Graphics_clearDisplay                             
00003d9d  Graphics_drawPixel                                
00003df7  Graphics_getWidthOfDisplay                        
00003e05  _ZN4BallC1EibiiiiiiPiS0_                          
00003e05  _ZN4BallC2EibiiiiiiPiS0_                          
00003ed7  _ZN4Ball3runEv                                    
00003fc1  _ZN4Ball14ProcessMessageE3MSG                     
00003fd9  _ZN4Ball12CheckLimitsXEv                          
00004019  _ZN4Ball12CheckLimitsYEv                          
00004065  _ZN6ScreenC1Eib                                   
00004065  _ZN6ScreenC2Eib                                   
000040c5  _ZN6Screen3runEv                                  
000040eb  _ZN6Screen14ProcessMessageE3MSG                   
00004291  _ZN6Screen11printFigureE18Graphics_Rectangle      
000042c5  _ZN6RacketC1EibiiiiiiPiS0_                        
000042c5  _ZN6RacketC2EibiiiiiiPiS0_                        
0000438f  _ZN6Racket3runEv                                  
000043e9  _ZN6Racket14ProcessMessageE3MSG                   
0000446b  _ZN6Racket12CheckLimitsYEv                        
000044b1  Graphics_drawPixelOnDisplay                       
000044db  Graphics_drawMultiplePixelsOnDisplay              
0000451f  Graphics_drawHorizontalLineOnDisplay              
00004553  Graphics_drawVerticalLineOnDisplay                
00004587  Graphics_fillRectangleOnDisplay                   
000045a5  Graphics_translateColorOnDisplay                  
000045bb  Graphics_flushOnDisplay                           
000045cd  Graphics_clearDisplayOnDisplay                    
000045e5  _ZN9GamePieceC1Ev                                 
000045e5  _ZN9GamePieceC2Ev                                 
000045ff  _ZN9GamePiece7setPosXEi                           
00004611  _ZN9GamePiece7getPosXEv                           
0000461f  _ZN9GamePiece7setPosYEi                           
00004631  _ZN9GamePiece7getPosYEv                           
0000463f  _ZN9GamePiece7setSizeEi                           
00004651  _ZN9GamePiece7getSizeEv                           
0000465f  _ZN9GamePiece13setDirectionXEi                    
00004671  _ZN9GamePiece13getDirectionXEv                    
0000467f  _ZN9GamePiece13setDirectionYEi                    
00004691  _ZN9GamePiece13getDirectionYEv                    
000046a5  HAL_LCD_PortInit                                  
000046d5  HAL_LCD_SpiInit                                   
0000470b  HAL_LCD_writeCommand                              
00004733  HAL_LCD_writeData                                 
00004761  _ZSt21__gen_dummy_typeinfosv                      
00004769  _ZNSt9type_infoD1Ev                               
00004769  _ZNSt9type_infoD2Ev                               
0000476b  _ZNSt9type_infoD0Ev                               
00004773  _ZNKSt9type_info4nameEv                           
00004777  _ZNKSt9type_infoneERKS_                           
0000478d  _ZNKSt9type_infoeqERKS_                           
000047a3  _ZNKSt9type_info6beforeERKS_                      
000047b1  _ZN10__cxxabiv129__pointer_to_member_type_infoD1Ev
000047b1  _ZN10__cxxabiv129__pointer_to_member_type_infoD2Ev
000047b3  _ZN10__cxxabiv129__pointer_to_member_type_infoD0Ev
000047bb  _ZN10__cxxabiv123__fundamental_type_infoD1Ev      
000047bb  _ZN10__cxxabiv123__fundamental_type_infoD2Ev      
000047bd  _ZN10__cxxabiv123__fundamental_type_infoD0Ev      
000047c5  _ZN10__cxxabiv121__vmi_class_type_infoD1Ev        
000047c5  _ZN10__cxxabiv121__vmi_class_type_infoD2Ev        
000047c7  _ZN10__cxxabiv121__vmi_class_type_infoD0Ev        
000047cf  _ZN10__cxxabiv120__si_class_type_infoD1Ev         
000047cf  _ZN10__cxxabiv120__si_class_type_infoD2Ev         
000047d1  _ZN10__cxxabiv120__si_class_type_infoD0Ev         
000047d9  _ZN10__cxxabiv120__function_type_infoD1Ev         
000047d9  _ZN10__cxxabiv120__function_type_infoD2Ev         
000047db  _ZN10__cxxabiv120__function_type_infoD0Ev         
000047e3  _ZN10__cxxabiv119__pointer_type_infoD1Ev          
000047e3  _ZN10__cxxabiv119__pointer_type_infoD2Ev          
000047e5  _ZN10__cxxabiv119__pointer_type_infoD0Ev          
000047ed  _ZN10__cxxabiv117__pbase_type_infoD1Ev            
000047ed  _ZN10__cxxabiv117__pbase_type_infoD2Ev            
000047ef  _ZN10__cxxabiv117__pbase_type_infoD0Ev            
000047f7  _ZN10__cxxabiv117__class_type_infoD1Ev            
000047f7  _ZN10__cxxabiv117__class_type_infoD2Ev            
000047f9  _ZN10__cxxabiv117__class_type_infoD0Ev            
00004801  _ZN10__cxxabiv117__array_type_infoD1Ev            
00004801  _ZN10__cxxabiv117__array_type_infoD2Ev            
00004803  _ZN10__cxxabiv117__array_type_infoD0Ev            
0000480b  _ZN10__cxxabiv116__enum_type_infoD1Ev             
0000480b  _ZN10__cxxabiv116__enum_type_infoD2Ev             
0000480d  _ZN10__cxxabiv116__enum_type_infoD0Ev             
0000481d  _ZN4TaskC1Ev                                      
0000481d  _ZN4TaskC2Ev                                      
0000483b  _ZN4Task3runEv                                    
00004861  _ZN4Task19SetTaskCurrentCountEy                   
0000487f  _ZN4Task17SetTaskFinalCountEy                     
0000489d  _ZN4Task19GetTaskCurrentCountEv                   
000048ad  _ZN4Task17GetTaskFinalCountEv                     
000048c5  __aeabi_memcpy                                    
000048c5  __aeabi_memcpy4                                   
000048c5  __aeabi_memcpy8                                   
000048c5  memcpy                                            
00004961  _ZN9GameLogicC1Eibi                               
00004961  _ZN9GameLogicC2Eibi                               
000049a9  _ZN9GameLogic3runEv                               
000049cf  _ZN9GameLogic14ProcessMessageE3MSG                
000049f5  __aeabi_memclr                                    
000049f5  __aeabi_memclr4                                   
000049f5  __aeabi_memclr8                                   
000049f7  __aeabi_memset                                    
000049f7  __aeabi_memset4                                   
000049f7  __aeabi_memset8                                   
000049fd  memset                                            
00004a6f  __mpu_init                                        
00004a71  __TI_auto_init                                    
00004b4b  _Z21__default_new_handlerv                        
00004b4d  _c_int00                                          
00004ba1  C$$EXIT                                           
00004ba5  abort                                             
00004bad  exit                                              
00004bf5  copy_in                                           
00004c41  CPU_cpsid                                         
00004c4d  CPU_primask                                       
00004c57  CPU_cpsie                                         
00004c63  CPU_wfi                                           
00004c67  CPU_basepriSet                                    
00004c75  CPU_basepriGet                                    
00004c7f  _system_post_cinit                                
00004c81  _Znwj                                             
00004cb1  _ZN4Task11SendMessageEv                           
00004cdd  _args_main                                        
00004cf5  _register_unlock                                  
00004cfb  _register_lock                                    
00004d03  _nop                                              
00004d09  __TI_decompress_none                              
00004d17  Reset_Handler                                     
00004d23  AES256_IRQHandler                                 
00004d23  BusFault_Handler                                  
00004d23  COMP_E0_IRQHandler                                
00004d23  COMP_E1_IRQHandler                                
00004d23  CS_IRQHandler                                     
00004d23  DMA_ERR_IRQHandler                                
00004d23  DMA_INT0_IRQHandler                               
00004d23  DMA_INT1_IRQHandler                               
00004d23  DMA_INT2_IRQHandler                               
00004d23  DMA_INT3_IRQHandler                               
00004d23  DebugMon_Handler                                  
00004d23  Default_Handler                                   
00004d23  EUSCIA0_IRQHandler                                
00004d23  EUSCIA1_IRQHandler                                
00004d23  EUSCIA2_IRQHandler                                
00004d23  EUSCIA3_IRQHandler                                
00004d23  EUSCIB0_IRQHandler                                
00004d23  EUSCIB1_IRQHandler                                
00004d23  EUSCIB2_IRQHandler                                
00004d23  EUSCIB3_IRQHandler                                
00004d23  FLCTL_IRQHandler                                  
00004d23  FPU_IRQHandler                                    
00004d23  HardFault_Handler                                 
00004d23  MemManage_Handler                                 
00004d23  NMI_Handler                                       
00004d23  PCM_IRQHandler                                    
00004d23  PORT1_IRQHandler                                  
00004d23  PORT2_IRQHandler                                  
00004d23  PORT3_IRQHandler                                  
00004d23  PORT4_IRQHandler                                  
00004d23  PORT5_IRQHandler                                  
00004d23  PORT6_IRQHandler                                  
00004d23  PSS_IRQHandler                                    
00004d23  PendSV_Handler                                    
00004d23  RTC_C_IRQHandler                                  
00004d23  SVC_Handler                                       
00004d23  SysTick_Handler                                   
00004d23  T32_INT2_IRQHandler                               
00004d23  T32_INTC_IRQHandler                               
00004d23  TA0_0_IRQHandler                                  
00004d23  TA0_N_IRQHandler                                  
00004d23  TA1_0_IRQHandler                                  
00004d23  TA1_N_IRQHandler                                  
00004d23  TA2_0_IRQHandler                                  
00004d23  TA2_N_IRQHandler                                  
00004d23  TA3_0_IRQHandler                                  
00004d23  TA3_N_IRQHandler                                  
00004d23  UsageFault_Handler                                
00004d23  WDT_A_IRQHandler                                  
00004d25  _ZN4Task14ProcessMessageE3MSG                     
00004d31  _ZdlPv                                            
00004d39  __TI_decompress_rle24                             
00004d3f  _system_pre_init                                  
0000503c  g_sFontFixed6x8                                   
000051d4  g_sCrystalfontz128x128                            
00005200  _ZTSN10__cxxabiv123__fundamental_type_infoE       
00005228  _ZTSN10__cxxabiv120__si_class_type_infoE          
0000524d  _ZTSN10__cxxabiv119__pointer_type_infoE           
00005271  _ZTSN10__cxxabiv117__class_type_infoE             
00005293  _ZTSN10__cxxabiv117__pbase_type_infoE             
000052b5  _ZTSe                                             
00005310  _ZTV6Screen                                       
0000542c  _ZTV4Ball                                         
00005440  _ZTV4Task                                         
00005454  _ZTV6Racket                                       
00005468  _ZTV9GameLogic                                    
0000547c  _ZTV9GamePiece                                    
00005490  _ZTIPKe                                           
000054a0  _ZTVN10__cxxabiv117__class_type_infoE             
000054b0  _ZTVN10__cxxabiv119__pointer_type_infoE           
000054c0  _ZTVN10__cxxabiv120__si_class_type_infoE          
000054d0  _ZTVN10__cxxabiv123__fundamental_type_infoE       
000054e0  _ZTSSt9type_info                                  
000054f0  _ZTI4Ball                                         
000054fc  _ZTI6Racket                                       
00005508  _ZTI6Screen                                       
00005514  _ZTI9GameLogic                                    
00005520  _ZTI9GamePiece                                    
0000552c  _ZTIN10__cxxabiv117__class_type_infoE             
00005538  _ZTIN10__cxxabiv117__pbase_type_infoE             
00005544  _ZTIN10__cxxabiv119__pointer_type_infoE           
00005550  _ZTIN10__cxxabiv120__si_class_type_infoE          
0000555c  _ZTIN10__cxxabiv123__fundamental_type_infoE       
00005568  _ZTS9GameLogic                                    
00005573  _ZTS9GamePiece                                    
000055b8  _ZTI4Task                                         
000055c0  _ZTISt9type_info                                  
000055c8  _ZTIe                                             
000055d0  _ZTS6Racket                                       
000055d8  _ZTS6Screen                                       
00005600  _ZTS4Ball                                         
00005606  _ZTS4Task                                         
0000560c  _ZTSPKe                                           
00005610  SHT$$INIT_ARRAY$$Base                             
00005614  SHT$$INIT_ARRAY$$Limit                            
00005694  __TI_Handler_Table_Base                           
0000569c  __TI_CINIT_Base                                   
0000569c  __TI_Handler_Table_Limit                          
000056b4  __TI_CINIT_Limit                                  
20000000  g_pfnRAMVectors                                   
200000e8  MainScheduler                                     
200020d8  g_sContext                                        
200020f4  positionDown                                      
200020f8  positionUp                                        
200020fc  aDataFromADC                                      
20002100  _ZSt16__dummy_typeinfo                            
20002104  Lcd_ScreenHeigth                                  
20002106  Lcd_ScreenWidth                                   
20002108  Lcd_TouchTrim                                     
2000210a  Lcd_FlagRead                                      
2000210b  Lcd_FontSolid                                     
2000210c  Lcd_Orientation                                   
2000210d  Lcd_PenSolid                                      
20002110  _sys_memory                                       
20002548  counterDown                                       
2000254c  counterUp                                         
20002550  pDataToScreenB                                    
20002554  __TI_cleanup_ptr                                  
20002558  __TI_dtors_ptr                                    
2000255c  __TI_enable_exit_profile_output                   
2000256c  _lock                                             
20002570  _unlock                                           
20002574  aDataFromButton                                   
20002578  main_func_sp                                      
2000257c  _new_handler                                      
20002580  SystemCoreClock                                   
2000fe00  __stack                                           
20010000  __STACK_END                                       
4000480c  WDTCTL_SYM                                        
ffffffff  __TI_pprof_out_hndl                               
ffffffff  __TI_prof_data_size                               
ffffffff  __TI_prof_data_start                              
ffffffff  __binit__                                         
ffffffff  __c_args__                                        
ffffffff  binit                                             

[442 symbols]
