******************************************************************************
                  TI ARM Linker Unix v15.12.3                  
******************************************************************************
>> Linked Wed Nov  2 20:56:45 2016

OUTPUT FILE NAME:   <EventHandler.out>
ENTRY POINT SYMBOL: "_c_int00"  address: 00003211


MEMORY CONFIGURATION

         name            origin    length      used     unused   attr    fill
----------------------  --------  ---------  --------  --------  ----  --------
  MAIN                  00000000   00040000  00003b41  0003c4bf  R  X
  INFO                  00200000   00004000  00000000  00004000  R  X
  SRAM_CODE             01000000   00010000  0000079a  0000f866  RW X
  SRAM_DATA             20000000   00010000  0000079a  0000f866  RW  


SEGMENT ALLOCATION MAP

run origin  load origin   length   init length attrs members
----------  ----------- ---------- ----------- ----- -------
00000000    00000000    00003b44   00003b44    r-x
  00000000    00000000    000000e4   000000e4    r-- .intvecs
  000000e4    000000e4    000032f2   000032f2    r-x .text
  000033d8    000033d8    000006d3   000006d3    r-- .const
  00003aac    00003aac    00000004   00000004    r-- .init_array
  00003ab0    00003ab0    00000094   00000094    r-- .cinit
20000000    20000000    000005a2   00000000    rw-
  20000000    20000000    000000e4   00000000    rw- .vtable
  200000e8    200000e8    00000400   00000000    rw- .sysmem
  200004e8    200004e8    00000064   00000000    rw- .data
  20000550    20000550    00000052   00000000    rw- .bss
2000fe00    2000fe00    00000200   00000000    rw-
  2000fe00    2000fe00    00000200   00000000    rw- .stack


SECTION ALLOCATION MAP

 output                                  attributes/
section   page    origin      length       input sections
--------  ----  ----------  ----------   ----------------
.intvecs   0    00000000    000000e4     
                  00000000    000000e4     startup_msp432p401r_ccs.obj (.intvecs:retain)

.binit     0    00000000    00000000     

.text      0    000000e4    000032f2     
                  000000e4    000008a4     spi.obj (.text)
                  00000988    00000678     Crystalfontz128x128_ST7735.obj (.text)
                  00001000    00000490     line.obj (.text)
                  00001490    00000480     gpio.obj (.text)
                  00001910    000003f0     interrupt.obj (.text)
                  00001d00    000003dc     rtsv7M4_T_le_v4SPD16_eabi.lib : memory.obj (.text)
                  000020dc    0000032c     system_msp432p401r.obj (.text)
                  00002408    00000276     Scheduler.obj (.text)
                  0000267e    00000266     context.obj (.text)
                  000028e4    000001e8     main.obj (.text)
                  00002acc    00000134     display.obj (.text)
                  00002c00    000000c4     LED.obj (.text)
                  00002cc4    000000bc     HAL_MSP_EXP432P401R_Crystalfontz128x128_ST7735.obj (.text)
                  00002d80    000000bc     rtsv7M4_T_le_v4SPD16_eabi.lib : typeinfo_.obj (.text)
                  00002e3c    000000b4     Button.obj (.text)
                  00002ef0    000000a0     Screen.obj (.text)
                  00002f90    0000009c     rtsv7M4_T_le_v4SPD16_eabi.lib : memcpy_t2.obj (.text)
                  0000302c    0000008c     Task.obj (.text)
                  000030b8    0000007a     rtsv7M4_T_le_v4SPD16_eabi.lib : memset_t2.obj (.text)
                  00003132    00000002                                   : mpu_init.obj (.text)
                  00003134    00000070                                   : autoinit.obj (.text)
                  000031a4    0000006a                                   : copy_decompress_rle.obj (.text)
                  0000320e    00000002                                   : startup.obj (.text)
                  00003210    00000054                                   : boot.obj (.text)
                  00003264    00000054                                   : exit.obj (.text)
                  000032b8    0000004c                                   : cpy_tbl.obj (.text)
                  00003304    0000003e     cpu.obj (.text)
                  00003342    00000002     --HOLE-- [fill = 0]
                  00003344    00000020     LED.obj (.text:_ZN4Task11SendMessageEv)
                  00003364    00000018     rtsv7M4_T_le_v4SPD16_eabi.lib : args_main.obj (.text)
                  0000337c    00000014                                   : _lock.obj (.text)
                  00003390    0000000e                                   : copy_decompress_none.obj (.text:decompress:none)
                  0000339e    0000000e     startup_msp432p401r_ccs.obj (.text)
                  000033ac    0000000c     LED.obj (.text:_ZN4Task14ProcessMessageEP3MSG)
                  000033b8    0000000c     Task.obj (.text:_ZN4Task3runEv)
                  000033c4    00000008     rtsv7M4_T_le_v4SPD16_eabi.lib : delete.obj (.text)
                  000033cc    00000006                                   : copy_decompress_rle.obj (.text:decompress:rle24)
                  000033d2    00000004                                   : pre_init.obj (.text)

.const     0    000033d8    000006d3     
                  000033d8    000002f8     fontfixed6x8.obj (.const:.string:g_pucFontFixed6x8Data)
                  000036d0    000000c8     fontfixed6x8.obj (.const:g_sFontFixed6x8)
                  00003798    00000050     interrupt.obj (.const:g_pulRegs)
                  000037e8    0000002c     Crystalfontz128x128_ST7735.obj (.const:g_sCrystalfontz128x128)
                  00003814    00000028     rtsv7M4_T_le_v4SPD16_eabi.lib : typeinfo_.obj (.const:.typeinfo:_ZTSN10__cxxabiv123__fundamental_type_infoE)
                  0000383c    00000025                                   : typeinfo_.obj (.const:.typeinfo:_ZTSN10__cxxabiv120__si_class_type_infoE)
                  00003861    00000024                                   : typeinfo_.obj (.const:.typeinfo:_ZTSN10__cxxabiv119__pointer_type_infoE)
                  00003885    00000022                                   : typeinfo_.obj (.const:.typeinfo:_ZTSN10__cxxabiv117__class_type_infoE)
                  000038a7    00000022                                   : typeinfo_.obj (.const:.typeinfo:_ZTSN10__cxxabiv117__pbase_type_infoE)
                  000038c9    00000002                                   : typeinfo_.obj (.const:.typeinfo:_ZTSe)
                  000038cb    00000001     --HOLE-- [fill = 0]
                  000038cc    00000020     interrupt.obj (.const:g_pulPriority)
                  000038ec    0000001c     HAL_MSP_EXP432P401R_Crystalfontz128x128_ST7735.obj (.const:$P$T0$1)
                  00003908    0000001c     gpio.obj (.const:GPIO_PORT_TO_INT)
                  00003924    00000014     LED.obj (.const:_ZTV3LED)
                  00003938    00000014     Task.obj (.const:_ZTV4Task)
                  0000394c    00000014     Button.obj (.const:_ZTV6Button)
                  00003960    00000014     Screen.obj (.const:_ZTV6Screen)
                  00003974    00000010     rtsv7M4_T_le_v4SPD16_eabi.lib : typeinfo_.obj (.const:.typeinfo:_ZTIPKe)
                  00003984    00000010                                   : typeinfo_.obj (.const:_ZTVN10__cxxabiv117__class_type_infoE)
                  00003994    00000010                                   : typeinfo_.obj (.const:_ZTVN10__cxxabiv119__pointer_type_infoE)
                  000039a4    00000010                                   : typeinfo_.obj (.const:_ZTVN10__cxxabiv120__si_class_type_infoE)
                  000039b4    00000010                                   : typeinfo_.obj (.const:_ZTVN10__cxxabiv123__fundamental_type_infoE)
                  000039c4    0000000d                                   : typeinfo_.obj (.const:.typeinfo:_ZTSSt9type_info)
                  000039d1    00000003     --HOLE-- [fill = 0]
                  000039d4    0000000c     LED.obj (.const:$P$T40$1)
                  000039e0    0000000c     Button.obj (.const:$P$T43$1)
                  000039ec    0000000c     LED.obj (.const:.typeinfo:_ZTI3LED)
                  000039f8    0000000c     Button.obj (.const:.typeinfo:_ZTI6Button)
                  00003a04    0000000c     Screen.obj (.const:.typeinfo:_ZTI6Screen)
                  00003a10    0000000c     rtsv7M4_T_le_v4SPD16_eabi.lib : typeinfo_.obj (.const:.typeinfo:_ZTIN10__cxxabiv117__class_type_infoE)
                  00003a1c    0000000c                                   : typeinfo_.obj (.const:.typeinfo:_ZTIN10__cxxabiv117__pbase_type_infoE)
                  00003a28    0000000c                                   : typeinfo_.obj (.const:.typeinfo:_ZTIN10__cxxabiv119__pointer_type_infoE)
                  00003a34    0000000c                                   : typeinfo_.obj (.const:.typeinfo:_ZTIN10__cxxabiv120__si_class_type_infoE)
                  00003a40    0000000c                                   : typeinfo_.obj (.const:.typeinfo:_ZTIN10__cxxabiv123__fundamental_type_infoE)
                  00003a4c    00000008     Crystalfontz128x128_ST7735.obj (.const:$P$T0$1)
                  00003a54    00000008     Button.obj (.const:.typeinfo:_ZTI4Task)
                  00003a5c    00000008     rtsv7M4_T_le_v4SPD16_eabi.lib : typeinfo_.obj (.const:.typeinfo:_ZTISt9type_info)
                  00003a64    00000008                                   : typeinfo_.obj (.const:.typeinfo:_ZTIe)
                  00003a6c    00000008     Button.obj (.const:.typeinfo:_ZTS6Button)
                  00003a74    00000008     Screen.obj (.const:.typeinfo:_ZTS6Screen)
                  00003a7c    00000008     interrupt.obj (.const:g_pulDisRegs)
                  00003a84    00000008     interrupt.obj (.const:g_pulEnRegs)
                  00003a8c    00000008     interrupt.obj (.const:g_pulPendRegs)
                  00003a94    00000008     interrupt.obj (.const:g_pulUnpendRegs)
                  00003a9c    00000006     Button.obj (.const:.typeinfo:_ZTS4Task)
                  00003aa2    00000005     LED.obj (.const:.typeinfo:_ZTS3LED)
                  00003aa7    00000004     rtsv7M4_T_le_v4SPD16_eabi.lib : typeinfo_.obj (.const:.typeinfo:_ZTSPKe)

.cinit     0    00003ab0    00000094     
                  00003ab0    00000053     (.cinit..data.load) [load image, compression = rle]
                  00003b03    00000005     --HOLE-- [fill = 0]
                  00003b08    00000009     (.cinit..bss.load) [load image, compression = rle]
                  00003b11    00000007     --HOLE-- [fill = 0]
                  00003b18    00000009     (.cinit..vtable.load) [load image, compression = rle]
                  00003b21    00000003     --HOLE-- [fill = 0]
                  00003b24    00000008     (__TI_handler_table)
                  00003b2c    00000018     (__TI_cinit_table)

.init_array 
*          0    00003aac    00000004     
                  00003aac    00000004     main.obj (.init_array)

.vtable    0    20000000    000000e4     UNINITIALIZED
                  20000000    000000e4     interrupt.obj (.vtable)

.sysmem    0    200000e8    00000400     UNINITIALIZED
                  200000e8    00000008     rtsv7M4_T_le_v4SPD16_eabi.lib : memory.obj (.sysmem)
                  200000f0    000003f8     --HOLE--

.data      0    200004e8    00000064     UNINITIALIZED
                  200004e8    00000030     gpio.obj (.data:GPIO_PORT_TO_BASE)
                  20000518    0000000c     rtsv7M4_T_le_v4SPD16_eabi.lib : exit.obj (.data:$O1$$)
                  20000524    0000000c                                   : memory.obj (.data:$O1$$)
                  20000530    00000009     main.obj (.data)
                  20000539    00000003     --HOLE--
                  2000053c    00000008     rtsv7M4_T_le_v4SPD16_eabi.lib : _lock.obj (.data:$O1$$)
                  20000544    00000004                                   : stkdepth_vars.obj (.data)
                  20000548    00000004     system_msp432p401r.obj (.data)

.bss       0    20000550    00000052     UNINITIALIZED
                  20000550    00000028     main.obj (.bss:button)
                  20000578    0000001c     (.common:g_sContext)
                  20000594    00000004     (.common:_ZSt16__dummy_typeinfo)
                  20000598    00000002     (.common:Lcd_ScreenHeigth)
                  2000059a    00000002     (.common:Lcd_ScreenWidth)
                  2000059c    00000002     (.common:Lcd_TouchTrim)
                  2000059e    00000001     (.common:Lcd_FlagRead)
                  2000059f    00000001     (.common:Lcd_FontSolid)
                  200005a0    00000001     (.common:Lcd_Orientation)
                  200005a1    00000001     (.common:Lcd_PenSolid)

.stack     0    2000fe00    00000200     UNINITIALIZED
                  2000fe00    00000200     --HOLE--

MODULE SUMMARY

       Module                                               code    ro data   rw data
       ------                                               ----    -------   -------
    ./
       system_msp432p401r.obj                               812     0         8      
       Scheduler.obj                                        630     0         0      
       main.obj                                             488     4         98     
       LED.obj                                              240     49        0      
       Screen.obj                                           160     40        56     
       Button.obj                                           180     66        0      
       startup_msp432p401r_ccs.obj                          14      228       0      
       Task.obj                                             152     20        0      
    +--+----------------------------------------------------+-------+---------+---------+
       Total:                                               2676    407       162    
                                                                                     
    ./GrLib/fonts/
       fontfixed6x8.obj                                     0       960       0      
    +--+----------------------------------------------------+-------+---------+---------+
       Total:                                               0       960       0      
                                                                                     
    ./GrLib/grlib/
       line.obj                                             1168    0         0      
       context.obj                                          614     0         0      
       display.obj                                          308     0         0      
    +--+----------------------------------------------------+-------+---------+---------+
       Total:                                               2090    0         0      
                                                                                     
    ./LcdDriver/
       Crystalfontz128x128_ST7735.obj                       1656    52        20     
       HAL_MSP_EXP432P401R_Crystalfontz128x128_ST7735.obj   188     28        0      
    +--+----------------------------------------------------+-------+---------+---------+
       Total:                                               1844    80        20     
                                                                                     
    ./driverlib/MSP432P4xx/
       spi.obj                                              2212    0         0      
       interrupt.obj                                        1008    144       456    
       gpio.obj                                             1152    28        96     
       cpu.obj                                              62      0         0      
    +--+----------------------------------------------------+-------+---------+---------+
       Total:                                               4434    172       552    
                                                                                     
    /opt/ti/ccsv6/tools/compiler/arm_15.12.3.LTS/lib/rtsv7M4_T_le_v4SPD16_eabi.lib
       memory.obj                                           988     0         24     
       typeinfo_.obj                                        188     356       8      
       memcpy_t2.obj                                        156     0         0      
       memset_t2.obj                                        122     0         0      
       autoinit.obj                                         112     0         0      
       copy_decompress_rle.obj                              112     0         0      
       exit.obj                                             84      0         24     
       boot.obj                                             84      0         0      
       cpy_tbl.obj                                          76      0         0      
       _lock.obj                                            20      0         16     
       args_main.obj                                        24      0         0      
       copy_decompress_none.obj                             14      0         0      
       delete.obj                                           8       0         0      
       stkdepth_vars.obj                                    0       0         8      
       pre_init.obj                                         4       0         0      
       mpu_init.obj                                         2       0         0      
       startup.obj                                          2       0         0      
    +--+----------------------------------------------------+-------+---------+---------+
       Total:                                               1996    356       80     
                                                                                     
       Heap:                                                0       0         2048   
       Stack:                                               0       0         1024   
       Linker Generated:                                    0       133       0      
    +--+----------------------------------------------------+-------+---------+---------+
       Grand Total:                                         13040   2108      3886   


LINKER GENERATED COPY TABLES

__TI_cinit_table @ 00003b2c records: 3, size/record: 8, table size: 24
	.data: load addr=00003ab0, load size=00000053 bytes, run addr=200004e8, run size=00000064 bytes, compression=rle
	.bss: load addr=00003b08, load size=00000009 bytes, run addr=20000550, run size=00000052 bytes, compression=rle
	.vtable: load addr=00003b18, load size=00000009 bytes, run addr=20000000, run size=000000e4 bytes, compression=rle


LINKER GENERATED HANDLER TABLE

__TI_handler_table @ 00003b24 records: 2, size/record: 4, table size: 8
	index: 0, handler: __TI_decompress_rle24
	index: 1, handler: __TI_decompress_none


GLOBAL SYMBOLS: SORTED ALPHABETICALLY BY Name 

address   name                                              
-------   ----                                              
000033ab  ADC14_IRQHandler                                  
000033ab  AES256_IRQHandler                                 
0000294f  BUTTON_ISR                                        
000033ab  BusFault_Handler                                  
00003265  C$$EXIT                                           
000033ab  COMP_E0_IRQHandler                                
000033ab  COMP_E1_IRQHandler                                
00003339  CPU_basepriGet                                    
0000332b  CPU_basepriSet                                    
00003305  CPU_cpsid                                         
0000331b  CPU_cpsie                                         
00003311  CPU_primask                                       
00003327  CPU_wfi                                           
000033ab  CS_IRQHandler                                     
00000989  Crystalfontz128x128_Init                          
00000a9d  Crystalfontz128x128_SetDrawFrame                  
00000bcb  Crystalfontz128x128_SetOrientation                
000033ab  DMA_ERR_IRQHandler                                
000033ab  DMA_INT0_IRQHandler                               
000033ab  DMA_INT1_IRQHandler                               
000033ab  DMA_INT2_IRQHandler                               
000033ab  DMA_INT3_IRQHandler                               
000033ab  DebugMon_Handler                                  
000033ab  Default_Handler                                   
000033ab  EUSCIA0_IRQHandler                                
000033ab  EUSCIA1_IRQHandler                                
000033ab  EUSCIA2_IRQHandler                                
000033ab  EUSCIA3_IRQHandler                                
000033ab  EUSCIB0_IRQHandler                                
000033ab  EUSCIB1_IRQHandler                                
000033ab  EUSCIB2_IRQHandler                                
000033ab  EUSCIB3_IRQHandler                                
00000853  EUSCI_A_SPI_changeClockPhasePolarity              
00000907  EUSCI_A_SPI_clearInterruptFlag                    
00000937  EUSCI_A_SPI_disable                               
000008d5  EUSCI_A_SPI_disableInterrupt                      
00000921  EUSCI_A_SPI_enable                                
000008bb  EUSCI_A_SPI_enableInterrupt                       
000008ef  EUSCI_A_SPI_getInterruptStatus                    
0000094d  EUSCI_A_SPI_getReceiveBufferAddressForDMA         
0000095b  EUSCI_A_SPI_getTransmitBufferAddressForDMA        
00000969  EUSCI_A_SPI_isBusy                                
000007d3  EUSCI_A_SPI_masterChangeClock                     
000008ab  EUSCI_A_SPI_receiveData                           
000007b3  EUSCI_A_SPI_select4PinFunctionality               
00000809  EUSCI_A_SPI_slaveInit                             
00000895  EUSCI_A_SPI_transmitData                          
00000685  EUSCI_B_SPI_changeClockPhasePolarity              
00000739  EUSCI_B_SPI_clearInterruptFlag                    
00000769  EUSCI_B_SPI_disable                               
00000707  EUSCI_B_SPI_disableInterrupt                      
00000753  EUSCI_B_SPI_enable                                
000006ed  EUSCI_B_SPI_enableInterrupt                       
00000721  EUSCI_B_SPI_getInterruptStatus                    
0000077f  EUSCI_B_SPI_getReceiveBufferAddressForDMA         
0000078d  EUSCI_B_SPI_getTransmitBufferAddressForDMA        
0000079b  EUSCI_B_SPI_isBusy                                
00000609  EUSCI_B_SPI_masterChangeClock                     
000006dd  EUSCI_B_SPI_receiveData                           
000005e9  EUSCI_B_SPI_select4PinFunctionality               
0000063b  EUSCI_B_SPI_slaveInit                             
000006c7  EUSCI_B_SPI_transmitData                          
000033ab  FLCTL_IRQHandler                                  
000033ab  FPU_IRQHandler                                    
000017b3  GPIO_clearInterruptFlag                           
00001773  GPIO_disableInterrupt                             
00001751  GPIO_enableInterrupt                              
0000180b  GPIO_getEnabledInterruptStatus                    
00001723  GPIO_getInputPinValue                             
00001795  GPIO_getInterruptStatus                           
000017d5  GPIO_interruptEdgeSelect                          
000018cb  GPIO_registerInterrupt                            
000014cb  GPIO_setAsInputPin                                
0000167f  GPIO_setAsInputPinWithPullDownResistor            
000016d1  GPIO_setAsInputPinWithPullUpResistor              
00001491  GPIO_setAsOutputPin                               
00001595  GPIO_setAsPeripheralModuleFunctionInputPin        
00001511  GPIO_setAsPeripheralModuleFunctionOutputPin       
00001887  GPIO_setDriveStrengthHigh                         
000018a9  GPIO_setDriveStrengthLow                          
00001619  GPIO_setOutputHighOnPin                           
0000163b  GPIO_setOutputLowOnPin                            
0000165d  GPIO_toggleOutputOnPin                            
000018eb  GPIO_unregisterInterrupt                          
0000286b  Graphics_clearDisplay                             
00002be9  Graphics_clearDisplayOnDisplay                    
00002b3b  Graphics_drawHorizontalLineOnDisplay              
0000131d  Graphics_drawLine                                 
00001001  Graphics_drawLineH                                
0000109d  Graphics_drawLineV                                
00002af7  Graphics_drawMultiplePixelsOnDisplay              
0000287d  Graphics_drawPixel                                
00002acd  Graphics_drawPixelOnDisplay                       
00002b6f  Graphics_drawVerticalLineOnDisplay                
00002ba3  Graphics_fillRectangleOnDisplay                   
0000285d  Graphics_flushBuffer                              
00002bd7  Graphics_flushOnDisplay                           
0000283f  Graphics_getDisplayHeight                         
0000282f  Graphics_getDisplayWidth                          
000027dd  Graphics_getFontBaseline                          
00002813  Graphics_getFontHeight                            
00002821  Graphics_getFontMaxWidth                          
0000284f  Graphics_getHeightOfDisplay                       
000028d7  Graphics_getWidthOfDisplay                        
0000267f  Graphics_initContext                              
00002793  Graphics_setBackgroundColor                       
000027ad  Graphics_setBackgroundColorTranslated             
000026c9  Graphics_setClipRegion                            
000027c3  Graphics_setFont                                  
000027eb  Graphics_setForegroundColor                       
00002801  Graphics_setForegroundColorTranslated             
00002bc1  Graphics_translateColorOnDisplay                  
00002cc5  HAL_LCD_PortInit                                  
00002cf5  HAL_LCD_SpiInit                                   
00002d2b  HAL_LCD_writeCommand                              
00002d53  HAL_LCD_writeData                                 
000033ab  HardFault_Handler                                 
00001ad3  Interrupt_disableInterrupt                        
00001923  Interrupt_disableMaster                           
00001cd1  Interrupt_disableSleepOnIsrExit                   
00001a61  Interrupt_enableInterrupt                         
00001913  Interrupt_enableMaster                            
00001cbf  Interrupt_enableSleepOnIsrExit                    
00001a3b  Interrupt_getPriority                             
000019b3  Interrupt_getPriorityGrouping                     
00001c9f  Interrupt_getPriorityMask                         
00001cb9  Interrupt_getVectorTableAddress                   
00001b45  Interrupt_isEnabled                               
00001bd1  Interrupt_pendInterrupt                           
00001933  Interrupt_registerInterrupt                       
000019eb  Interrupt_setPriority                             
00001999  Interrupt_setPriorityGrouping                     
00001c8f  Interrupt_setPriorityMask                         
00001ca9  Interrupt_setVectorTableAddress                   
00001c41  Interrupt_unpendInterrupt                         
00001985  Interrupt_unregisterInterrupt                     
2000059e  Lcd_FlagRead                                      
2000059f  Lcd_FontSolid                                     
200005a0  Lcd_Orientation                                   
200005a1  Lcd_PenSolid                                      
20000598  Lcd_ScreenHeigth                                  
2000059a  Lcd_ScreenWidth                                   
2000059c  Lcd_TouchTrim                                     
000033ab  MemManage_Handler                                 
000033ab  NMI_Handler                                       
000033ab  PCM_IRQHandler                                    
000033ab  PORT1_IRQHandler                                  
000033ab  PORT2_IRQHandler                                  
000033ab  PORT3_IRQHandler                                  
000033ab  PORT4_IRQHandler                                  
000033ab  PORT5_IRQHandler                                  
000033ab  PORT6_IRQHandler                                  
000033ab  PSS_IRQHandler                                    
000033ab  PendSV_Handler                                    
000033ab  RTC_C_IRQHandler                                  
0000339f  Reset_Handler                                     
00003aac  SHT$$INIT_ARRAY$$Base                             
00003ab0  SHT$$INIT_ARRAY$$Limit                            
000002a7  SPI_changeClockPhasePolarity                      
00000201  SPI_changeMasterClock                             
00000459  SPI_clearInterruptFlag                            
000003db  SPI_disableInterrupt                              
00000335  SPI_disableModule                                 
000003b5  SPI_enableInterrupt                               
00000319  SPI_enableModule                                  
00000429  SPI_getEnabledInterruptStatus                     
00000401  SPI_getInterruptStatus                            
00000351  SPI_getReceiveBufferAddressForDMA                 
0000036d  SPI_getTransmitBufferAddressForDMA                
00000115  SPI_initMaster                                    
00000229  SPI_initSlave                                     
00000399  SPI_isBusy                                        
000002fd  SPI_receiveData                                   
0000047f  SPI_registerInterrupt                             
000001db  SPI_selectFourPinFunctionality                    
000002d7  SPI_transmitData                                  
0000053d  SPI_unregisterInterrupt                           
000033ab  SVC_Handler                                       
000033ab  SysTick_Handler                                   
20000548  SystemCoreClock                                   
000020dd  SystemCoreClockUpdate                             
00002351  SystemInit                                        
00002a55  T32_INT1_IRQHandler                               
00002a55  T32_INT1_IRQHandler                               
000033ab  T32_INT2_IRQHandler                               
000033ab  T32_INTC_IRQHandler                               
000033ab  TA0_0_IRQHandler                                  
000033ab  TA0_N_IRQHandler                                  
000033ab  TA1_0_IRQHandler                                  
000033ab  TA1_N_IRQHandler                                  
000033ab  TA2_0_IRQHandler                                  
000033ab  TA2_N_IRQHandler                                  
000033ab  TA3_0_IRQHandler                                  
000033ab  TA3_N_IRQHandler                                  
000033ab  UsageFault_Handler                                
4000480c  WDTCTL_SYM                                        
000033ab  WDT_A_IRQHandler                                  
00002a0b  _Z5Setupv                                         
00002e2d  _ZN10__cxxabiv116__enum_type_infoD0Ev             
00002e2b  _ZN10__cxxabiv116__enum_type_infoD1Ev             
00002e2b  _ZN10__cxxabiv116__enum_type_infoD2Ev             
00002e23  _ZN10__cxxabiv117__array_type_infoD0Ev            
00002e21  _ZN10__cxxabiv117__array_type_infoD1Ev            
00002e21  _ZN10__cxxabiv117__array_type_infoD2Ev            
00002e19  _ZN10__cxxabiv117__class_type_infoD0Ev            
00002e17  _ZN10__cxxabiv117__class_type_infoD1Ev            
00002e17  _ZN10__cxxabiv117__class_type_infoD2Ev            
00002e0f  _ZN10__cxxabiv117__pbase_type_infoD0Ev            
00002e0d  _ZN10__cxxabiv117__pbase_type_infoD1Ev            
00002e0d  _ZN10__cxxabiv117__pbase_type_infoD2Ev            
00002e05  _ZN10__cxxabiv119__pointer_type_infoD0Ev          
00002e03  _ZN10__cxxabiv119__pointer_type_infoD1Ev          
00002e03  _ZN10__cxxabiv119__pointer_type_infoD2Ev          
00002dfb  _ZN10__cxxabiv120__function_type_infoD0Ev         
00002df9  _ZN10__cxxabiv120__function_type_infoD1Ev         
00002df9  _ZN10__cxxabiv120__function_type_infoD2Ev         
00002df1  _ZN10__cxxabiv120__si_class_type_infoD0Ev         
00002def  _ZN10__cxxabiv120__si_class_type_infoD1Ev         
00002def  _ZN10__cxxabiv120__si_class_type_infoD2Ev         
00002de7  _ZN10__cxxabiv121__vmi_class_type_infoD0Ev        
00002de5  _ZN10__cxxabiv121__vmi_class_type_infoD1Ev        
00002de5  _ZN10__cxxabiv121__vmi_class_type_infoD2Ev        
00002ddd  _ZN10__cxxabiv123__fundamental_type_infoD0Ev      
00002ddb  _ZN10__cxxabiv123__fundamental_type_infoD1Ev      
00002ddb  _ZN10__cxxabiv123__fundamental_type_infoD2Ev      
00002dd3  _ZN10__cxxabiv129__pointer_to_member_type_infoD0Ev
00002dd1  _ZN10__cxxabiv129__pointer_to_member_type_infoD1Ev
00002dd1  _ZN10__cxxabiv129__pointer_to_member_type_infoD2Ev
00002cad  _ZN3LED3runEv                                     
00002c01  _ZN3LEDC1Eii                                      
00002c55  _ZN3LEDC1Eiiy                                     
00002c01  _ZN3LEDC2Eii                                      
00002c55  _ZN3LEDC2Eiiy                                     
00003345  _ZN4Task11SendMessageEv                           
000033ad  _ZN4Task14ProcessMessageEP3MSG                    
20000538  _ZN4Task14m_u8NextTaskIDE                         
000030a1  _ZN4Task17GetTaskFinalCountEv                     
00003073  _ZN4Task17SetTaskFinalCountEy                     
00003091  _ZN4Task19GetTaskCurrentCountEv                   
00003055  _ZN4Task19SetTaskCurrentCountEy                   
000033b9  _ZN4Task3runEv                                    
0000302d  _ZN4TaskC1Ev                                      
0000302d  _ZN4TaskC2Ev                                      
00002ec1  _ZN6Button11SendMessageEv                         
00002edb  _ZN6Button14ProcessMessageEP3MSG                  
00002ea5  _ZN6Button3runEv                                  
00002e3d  _ZN6ButtonC1Eiiy                                  
00002e3d  _ZN6ButtonC2Eiiy                                  
00002f65  _ZN6Screen3runEv                                  
00002ef1  _ZN6ScreenC1Eiiy                                  
00002ef1  _ZN6ScreenC2Eiiy                                  
00002667  _ZN9Scheduler19ProcessMessageQueueEv              
00002571  _ZN9Scheduler21CalculateNextScheduleEv            
00002671  _ZN9Scheduler22SortScheduleByPriorityEP4Task      
00002515  _ZN9Scheduler3runEv                               
00002455  _ZN9Scheduler6attachEP4Task                       
000024b1  _ZN9Scheduler6attachEP4Tasky                      
00002409  _ZN9SchedulerC1Ev                                 
00002409  _ZN9SchedulerC2Ev                                 
00002d93  _ZNKSt9type_info4nameEv                           
00002dc3  _ZNKSt9type_info6beforeERKS_                      
00002dad  _ZNKSt9type_infoeqERKS_                           
00002d97  _ZNKSt9type_infoneERKS_                           
00002d8b  _ZNSt9type_infoD0Ev                               
00002d89  _ZNSt9type_infoD1Ev                               
00002d89  _ZNSt9type_infoD2Ev                               
20000594  _ZSt16__dummy_typeinfo                            
00002d81  _ZSt21__gen_dummy_typeinfosv                      
000039ec  _ZTI3LED                                          
00003a54  _ZTI4Task                                         
000039f8  _ZTI6Button                                       
00003a04  _ZTI6Screen                                       
00003a10  _ZTIN10__cxxabiv117__class_type_infoE             
00003a1c  _ZTIN10__cxxabiv117__pbase_type_infoE             
00003a28  _ZTIN10__cxxabiv119__pointer_type_infoE           
00003a34  _ZTIN10__cxxabiv120__si_class_type_infoE          
00003a40  _ZTIN10__cxxabiv123__fundamental_type_infoE       
00003974  _ZTIPKe                                           
00003a5c  _ZTISt9type_info                                  
00003a64  _ZTIe                                             
00003aa2  _ZTS3LED                                          
00003a9c  _ZTS4Task                                         
00003a6c  _ZTS6Button                                       
00003a74  _ZTS6Screen                                       
00003885  _ZTSN10__cxxabiv117__class_type_infoE             
000038a7  _ZTSN10__cxxabiv117__pbase_type_infoE             
00003861  _ZTSN10__cxxabiv119__pointer_type_infoE           
0000383c  _ZTSN10__cxxabiv120__si_class_type_infoE          
00003814  _ZTSN10__cxxabiv123__fundamental_type_infoE       
00003aa7  _ZTSPKe                                           
000039c4  _ZTSSt9type_info                                  
000038c9  _ZTSe                                             
00003924  _ZTV3LED                                          
00003938  _ZTV4Task                                         
0000394c  _ZTV6Button                                       
00003960  _ZTV6Screen                                       
00003984  _ZTVN10__cxxabiv117__class_type_infoE             
00003994  _ZTVN10__cxxabiv119__pointer_type_infoE           
000039a4  _ZTVN10__cxxabiv120__si_class_type_infoE          
000039b4  _ZTVN10__cxxabiv123__fundamental_type_infoE       
000033c5  _ZdlPv                                            
20010000  __STACK_END                                       
00000200  __STACK_SIZE                                      
00000400  __SYSMEM_SIZE                                     
00003b2c  __TI_CINIT_Base                                   
00003b44  __TI_CINIT_Limit                                  
00003b24  __TI_Handler_Table_Base                           
00003b2c  __TI_Handler_Table_Limit                          
00003135  __TI_auto_init                                    
20000518  __TI_cleanup_ptr                                  
00003391  __TI_decompress_none                              
000033cd  __TI_decompress_rle24                             
2000051c  __TI_dtors_ptr                                    
20000520  __TI_enable_exit_profile_output                   
ffffffff  __TI_pprof_out_hndl                               
ffffffff  __TI_prof_data_size                               
ffffffff  __TI_prof_data_start                              
00000000  __TI_static_base__                                
000030b9  __aeabi_memclr                                    
000030b9  __aeabi_memclr4                                   
000030b9  __aeabi_memclr8                                   
00002f91  __aeabi_memcpy                                    
00002f91  __aeabi_memcpy4                                   
00002f91  __aeabi_memcpy8                                   
000030bb  __aeabi_memset                                    
000030bb  __aeabi_memset4                                   
000030bb  __aeabi_memset8                                   
ffffffff  __binit__                                         
ffffffff  __c_args__                                        
00003133  __mpu_init                                        
2000fe00  __stack                                           
00002a7d  __sti___8_main_cpp_937618a8                       
00003365  _args_main                                        
00003211  _c_int00                                          
2000053c  _lock                                             
0000338b  _nop                                              
00003383  _register_lock                                    
0000337d  _register_unlock                                  
200000e8  _sys_memory                                       
0000320f  _system_post_cinit                                
000033d3  _system_pre_init                                  
20000540  _unlock                                           
00003269  abort                                             
ffffffff  binit                                             
20000550  button                                            
000020a9  calloc                                            
000032b9  copy_in                                           
00003271  exit                                              
00001df7  free                                              
20000000  g_pfnRAMVectors                                   
20000578  g_sContext                                        
000037e8  g_sCrystalfontz128x128                            
000036d0  g_sFontFixed6x8                                   
00000000  interruptVectors                                  
0000296b  main                                              
20000544  main_func_sp                                      
00001d8f  malloc                                            
00001fc5  memalign                                          
00002f91  memcpy                                            
000030c1  memset                                            
00001d01  minit                                             
00001eb9  realloc                                           


GLOBAL SYMBOLS: SORTED BY Symbol Address 

address   name                                              
-------   ----                                              
00000000  __TI_static_base__                                
00000000  interruptVectors                                  
00000115  SPI_initMaster                                    
000001db  SPI_selectFourPinFunctionality                    
00000200  __STACK_SIZE                                      
00000201  SPI_changeMasterClock                             
00000229  SPI_initSlave                                     
000002a7  SPI_changeClockPhasePolarity                      
000002d7  SPI_transmitData                                  
000002fd  SPI_receiveData                                   
00000319  SPI_enableModule                                  
00000335  SPI_disableModule                                 
00000351  SPI_getReceiveBufferAddressForDMA                 
0000036d  SPI_getTransmitBufferAddressForDMA                
00000399  SPI_isBusy                                        
000003b5  SPI_enableInterrupt                               
000003db  SPI_disableInterrupt                              
00000400  __SYSMEM_SIZE                                     
00000401  SPI_getInterruptStatus                            
00000429  SPI_getEnabledInterruptStatus                     
00000459  SPI_clearInterruptFlag                            
0000047f  SPI_registerInterrupt                             
0000053d  SPI_unregisterInterrupt                           
000005e9  EUSCI_B_SPI_select4PinFunctionality               
00000609  EUSCI_B_SPI_masterChangeClock                     
0000063b  EUSCI_B_SPI_slaveInit                             
00000685  EUSCI_B_SPI_changeClockPhasePolarity              
000006c7  EUSCI_B_SPI_transmitData                          
000006dd  EUSCI_B_SPI_receiveData                           
000006ed  EUSCI_B_SPI_enableInterrupt                       
00000707  EUSCI_B_SPI_disableInterrupt                      
00000721  EUSCI_B_SPI_getInterruptStatus                    
00000739  EUSCI_B_SPI_clearInterruptFlag                    
00000753  EUSCI_B_SPI_enable                                
00000769  EUSCI_B_SPI_disable                               
0000077f  EUSCI_B_SPI_getReceiveBufferAddressForDMA         
0000078d  EUSCI_B_SPI_getTransmitBufferAddressForDMA        
0000079b  EUSCI_B_SPI_isBusy                                
000007b3  EUSCI_A_SPI_select4PinFunctionality               
000007d3  EUSCI_A_SPI_masterChangeClock                     
00000809  EUSCI_A_SPI_slaveInit                             
00000853  EUSCI_A_SPI_changeClockPhasePolarity              
00000895  EUSCI_A_SPI_transmitData                          
000008ab  EUSCI_A_SPI_receiveData                           
000008bb  EUSCI_A_SPI_enableInterrupt                       
000008d5  EUSCI_A_SPI_disableInterrupt                      
000008ef  EUSCI_A_SPI_getInterruptStatus                    
00000907  EUSCI_A_SPI_clearInterruptFlag                    
00000921  EUSCI_A_SPI_enable                                
00000937  EUSCI_A_SPI_disable                               
0000094d  EUSCI_A_SPI_getReceiveBufferAddressForDMA         
0000095b  EUSCI_A_SPI_getTransmitBufferAddressForDMA        
00000969  EUSCI_A_SPI_isBusy                                
00000989  Crystalfontz128x128_Init                          
00000a9d  Crystalfontz128x128_SetDrawFrame                  
00000bcb  Crystalfontz128x128_SetOrientation                
00001001  Graphics_drawLineH                                
0000109d  Graphics_drawLineV                                
0000131d  Graphics_drawLine                                 
00001491  GPIO_setAsOutputPin                               
000014cb  GPIO_setAsInputPin                                
00001511  GPIO_setAsPeripheralModuleFunctionOutputPin       
00001595  GPIO_setAsPeripheralModuleFunctionInputPin        
00001619  GPIO_setOutputHighOnPin                           
0000163b  GPIO_setOutputLowOnPin                            
0000165d  GPIO_toggleOutputOnPin                            
0000167f  GPIO_setAsInputPinWithPullDownResistor            
000016d1  GPIO_setAsInputPinWithPullUpResistor              
00001723  GPIO_getInputPinValue                             
00001751  GPIO_enableInterrupt                              
00001773  GPIO_disableInterrupt                             
00001795  GPIO_getInterruptStatus                           
000017b3  GPIO_clearInterruptFlag                           
000017d5  GPIO_interruptEdgeSelect                          
0000180b  GPIO_getEnabledInterruptStatus                    
00001887  GPIO_setDriveStrengthHigh                         
000018a9  GPIO_setDriveStrengthLow                          
000018cb  GPIO_registerInterrupt                            
000018eb  GPIO_unregisterInterrupt                          
00001913  Interrupt_enableMaster                            
00001923  Interrupt_disableMaster                           
00001933  Interrupt_registerInterrupt                       
00001985  Interrupt_unregisterInterrupt                     
00001999  Interrupt_setPriorityGrouping                     
000019b3  Interrupt_getPriorityGrouping                     
000019eb  Interrupt_setPriority                             
00001a3b  Interrupt_getPriority                             
00001a61  Interrupt_enableInterrupt                         
00001ad3  Interrupt_disableInterrupt                        
00001b45  Interrupt_isEnabled                               
00001bd1  Interrupt_pendInterrupt                           
00001c41  Interrupt_unpendInterrupt                         
00001c8f  Interrupt_setPriorityMask                         
00001c9f  Interrupt_getPriorityMask                         
00001ca9  Interrupt_setVectorTableAddress                   
00001cb9  Interrupt_getVectorTableAddress                   
00001cbf  Interrupt_enableSleepOnIsrExit                    
00001cd1  Interrupt_disableSleepOnIsrExit                   
00001d01  minit                                             
00001d8f  malloc                                            
00001df7  free                                              
00001eb9  realloc                                           
00001fc5  memalign                                          
000020a9  calloc                                            
000020dd  SystemCoreClockUpdate                             
00002351  SystemInit                                        
00002409  _ZN9SchedulerC1Ev                                 
00002409  _ZN9SchedulerC2Ev                                 
00002455  _ZN9Scheduler6attachEP4Task                       
000024b1  _ZN9Scheduler6attachEP4Tasky                      
00002515  _ZN9Scheduler3runEv                               
00002571  _ZN9Scheduler21CalculateNextScheduleEv            
00002667  _ZN9Scheduler19ProcessMessageQueueEv              
00002671  _ZN9Scheduler22SortScheduleByPriorityEP4Task      
0000267f  Graphics_initContext                              
000026c9  Graphics_setClipRegion                            
00002793  Graphics_setBackgroundColor                       
000027ad  Graphics_setBackgroundColorTranslated             
000027c3  Graphics_setFont                                  
000027dd  Graphics_getFontBaseline                          
000027eb  Graphics_setForegroundColor                       
00002801  Graphics_setForegroundColorTranslated             
00002813  Graphics_getFontHeight                            
00002821  Graphics_getFontMaxWidth                          
0000282f  Graphics_getDisplayWidth                          
0000283f  Graphics_getDisplayHeight                         
0000284f  Graphics_getHeightOfDisplay                       
0000285d  Graphics_flushBuffer                              
0000286b  Graphics_clearDisplay                             
0000287d  Graphics_drawPixel                                
000028d7  Graphics_getWidthOfDisplay                        
0000294f  BUTTON_ISR                                        
0000296b  main                                              
00002a0b  _Z5Setupv                                         
00002a55  T32_INT1_IRQHandler                               
00002a55  T32_INT1_IRQHandler                               
00002a7d  __sti___8_main_cpp_937618a8                       
00002acd  Graphics_drawPixelOnDisplay                       
00002af7  Graphics_drawMultiplePixelsOnDisplay              
00002b3b  Graphics_drawHorizontalLineOnDisplay              
00002b6f  Graphics_drawVerticalLineOnDisplay                
00002ba3  Graphics_fillRectangleOnDisplay                   
00002bc1  Graphics_translateColorOnDisplay                  
00002bd7  Graphics_flushOnDisplay                           
00002be9  Graphics_clearDisplayOnDisplay                    
00002c01  _ZN3LEDC1Eii                                      
00002c01  _ZN3LEDC2Eii                                      
00002c55  _ZN3LEDC1Eiiy                                     
00002c55  _ZN3LEDC2Eiiy                                     
00002cad  _ZN3LED3runEv                                     
00002cc5  HAL_LCD_PortInit                                  
00002cf5  HAL_LCD_SpiInit                                   
00002d2b  HAL_LCD_writeCommand                              
00002d53  HAL_LCD_writeData                                 
00002d81  _ZSt21__gen_dummy_typeinfosv                      
00002d89  _ZNSt9type_infoD1Ev                               
00002d89  _ZNSt9type_infoD2Ev                               
00002d8b  _ZNSt9type_infoD0Ev                               
00002d93  _ZNKSt9type_info4nameEv                           
00002d97  _ZNKSt9type_infoneERKS_                           
00002dad  _ZNKSt9type_infoeqERKS_                           
00002dc3  _ZNKSt9type_info6beforeERKS_                      
00002dd1  _ZN10__cxxabiv129__pointer_to_member_type_infoD1Ev
00002dd1  _ZN10__cxxabiv129__pointer_to_member_type_infoD2Ev
00002dd3  _ZN10__cxxabiv129__pointer_to_member_type_infoD0Ev
00002ddb  _ZN10__cxxabiv123__fundamental_type_infoD1Ev      
00002ddb  _ZN10__cxxabiv123__fundamental_type_infoD2Ev      
00002ddd  _ZN10__cxxabiv123__fundamental_type_infoD0Ev      
00002de5  _ZN10__cxxabiv121__vmi_class_type_infoD1Ev        
00002de5  _ZN10__cxxabiv121__vmi_class_type_infoD2Ev        
00002de7  _ZN10__cxxabiv121__vmi_class_type_infoD0Ev        
00002def  _ZN10__cxxabiv120__si_class_type_infoD1Ev         
00002def  _ZN10__cxxabiv120__si_class_type_infoD2Ev         
00002df1  _ZN10__cxxabiv120__si_class_type_infoD0Ev         
00002df9  _ZN10__cxxabiv120__function_type_infoD1Ev         
00002df9  _ZN10__cxxabiv120__function_type_infoD2Ev         
00002dfb  _ZN10__cxxabiv120__function_type_infoD0Ev         
00002e03  _ZN10__cxxabiv119__pointer_type_infoD1Ev          
00002e03  _ZN10__cxxabiv119__pointer_type_infoD2Ev          
00002e05  _ZN10__cxxabiv119__pointer_type_infoD0Ev          
00002e0d  _ZN10__cxxabiv117__pbase_type_infoD1Ev            
00002e0d  _ZN10__cxxabiv117__pbase_type_infoD2Ev            
00002e0f  _ZN10__cxxabiv117__pbase_type_infoD0Ev            
00002e17  _ZN10__cxxabiv117__class_type_infoD1Ev            
00002e17  _ZN10__cxxabiv117__class_type_infoD2Ev            
00002e19  _ZN10__cxxabiv117__class_type_infoD0Ev            
00002e21  _ZN10__cxxabiv117__array_type_infoD1Ev            
00002e21  _ZN10__cxxabiv117__array_type_infoD2Ev            
00002e23  _ZN10__cxxabiv117__array_type_infoD0Ev            
00002e2b  _ZN10__cxxabiv116__enum_type_infoD1Ev             
00002e2b  _ZN10__cxxabiv116__enum_type_infoD2Ev             
00002e2d  _ZN10__cxxabiv116__enum_type_infoD0Ev             
00002e3d  _ZN6ButtonC1Eiiy                                  
00002e3d  _ZN6ButtonC2Eiiy                                  
00002ea5  _ZN6Button3runEv                                  
00002ec1  _ZN6Button11SendMessageEv                         
00002edb  _ZN6Button14ProcessMessageEP3MSG                  
00002ef1  _ZN6ScreenC1Eiiy                                  
00002ef1  _ZN6ScreenC2Eiiy                                  
00002f65  _ZN6Screen3runEv                                  
00002f91  __aeabi_memcpy                                    
00002f91  __aeabi_memcpy4                                   
00002f91  __aeabi_memcpy8                                   
00002f91  memcpy                                            
0000302d  _ZN4TaskC1Ev                                      
0000302d  _ZN4TaskC2Ev                                      
00003055  _ZN4Task19SetTaskCurrentCountEy                   
00003073  _ZN4Task17SetTaskFinalCountEy                     
00003091  _ZN4Task19GetTaskCurrentCountEv                   
000030a1  _ZN4Task17GetTaskFinalCountEv                     
000030b9  __aeabi_memclr                                    
000030b9  __aeabi_memclr4                                   
000030b9  __aeabi_memclr8                                   
000030bb  __aeabi_memset                                    
000030bb  __aeabi_memset4                                   
000030bb  __aeabi_memset8                                   
000030c1  memset                                            
00003133  __mpu_init                                        
00003135  __TI_auto_init                                    
0000320f  _system_post_cinit                                
00003211  _c_int00                                          
00003265  C$$EXIT                                           
00003269  abort                                             
00003271  exit                                              
000032b9  copy_in                                           
00003305  CPU_cpsid                                         
00003311  CPU_primask                                       
0000331b  CPU_cpsie                                         
00003327  CPU_wfi                                           
0000332b  CPU_basepriSet                                    
00003339  CPU_basepriGet                                    
00003345  _ZN4Task11SendMessageEv                           
00003365  _args_main                                        
0000337d  _register_unlock                                  
00003383  _register_lock                                    
0000338b  _nop                                              
00003391  __TI_decompress_none                              
0000339f  Reset_Handler                                     
000033ab  ADC14_IRQHandler                                  
000033ab  AES256_IRQHandler                                 
000033ab  BusFault_Handler                                  
000033ab  COMP_E0_IRQHandler                                
000033ab  COMP_E1_IRQHandler                                
000033ab  CS_IRQHandler                                     
000033ab  DMA_ERR_IRQHandler                                
000033ab  DMA_INT0_IRQHandler                               
000033ab  DMA_INT1_IRQHandler                               
000033ab  DMA_INT2_IRQHandler                               
000033ab  DMA_INT3_IRQHandler                               
000033ab  DebugMon_Handler                                  
000033ab  Default_Handler                                   
000033ab  EUSCIA0_IRQHandler                                
000033ab  EUSCIA1_IRQHandler                                
000033ab  EUSCIA2_IRQHandler                                
000033ab  EUSCIA3_IRQHandler                                
000033ab  EUSCIB0_IRQHandler                                
000033ab  EUSCIB1_IRQHandler                                
000033ab  EUSCIB2_IRQHandler                                
000033ab  EUSCIB3_IRQHandler                                
000033ab  FLCTL_IRQHandler                                  
000033ab  FPU_IRQHandler                                    
000033ab  HardFault_Handler                                 
000033ab  MemManage_Handler                                 
000033ab  NMI_Handler                                       
000033ab  PCM_IRQHandler                                    
000033ab  PORT1_IRQHandler                                  
000033ab  PORT2_IRQHandler                                  
000033ab  PORT3_IRQHandler                                  
000033ab  PORT4_IRQHandler                                  
000033ab  PORT5_IRQHandler                                  
000033ab  PORT6_IRQHandler                                  
000033ab  PSS_IRQHandler                                    
000033ab  PendSV_Handler                                    
000033ab  RTC_C_IRQHandler                                  
000033ab  SVC_Handler                                       
000033ab  SysTick_Handler                                   
000033ab  T32_INT2_IRQHandler                               
000033ab  T32_INTC_IRQHandler                               
000033ab  TA0_0_IRQHandler                                  
000033ab  TA0_N_IRQHandler                                  
000033ab  TA1_0_IRQHandler                                  
000033ab  TA1_N_IRQHandler                                  
000033ab  TA2_0_IRQHandler                                  
000033ab  TA2_N_IRQHandler                                  
000033ab  TA3_0_IRQHandler                                  
000033ab  TA3_N_IRQHandler                                  
000033ab  UsageFault_Handler                                
000033ab  WDT_A_IRQHandler                                  
000033ad  _ZN4Task14ProcessMessageEP3MSG                    
000033b9  _ZN4Task3runEv                                    
000033c5  _ZdlPv                                            
000033cd  __TI_decompress_rle24                             
000033d3  _system_pre_init                                  
000036d0  g_sFontFixed6x8                                   
000037e8  g_sCrystalfontz128x128                            
00003814  _ZTSN10__cxxabiv123__fundamental_type_infoE       
0000383c  _ZTSN10__cxxabiv120__si_class_type_infoE          
00003861  _ZTSN10__cxxabiv119__pointer_type_infoE           
00003885  _ZTSN10__cxxabiv117__class_type_infoE             
000038a7  _ZTSN10__cxxabiv117__pbase_type_infoE             
000038c9  _ZTSe                                             
00003924  _ZTV3LED                                          
00003938  _ZTV4Task                                         
0000394c  _ZTV6Button                                       
00003960  _ZTV6Screen                                       
00003974  _ZTIPKe                                           
00003984  _ZTVN10__cxxabiv117__class_type_infoE             
00003994  _ZTVN10__cxxabiv119__pointer_type_infoE           
000039a4  _ZTVN10__cxxabiv120__si_class_type_infoE          
000039b4  _ZTVN10__cxxabiv123__fundamental_type_infoE       
000039c4  _ZTSSt9type_info                                  
000039ec  _ZTI3LED                                          
000039f8  _ZTI6Button                                       
00003a04  _ZTI6Screen                                       
00003a10  _ZTIN10__cxxabiv117__class_type_infoE             
00003a1c  _ZTIN10__cxxabiv117__pbase_type_infoE             
00003a28  _ZTIN10__cxxabiv119__pointer_type_infoE           
00003a34  _ZTIN10__cxxabiv120__si_class_type_infoE          
00003a40  _ZTIN10__cxxabiv123__fundamental_type_infoE       
00003a54  _ZTI4Task                                         
00003a5c  _ZTISt9type_info                                  
00003a64  _ZTIe                                             
00003a6c  _ZTS6Button                                       
00003a74  _ZTS6Screen                                       
00003a9c  _ZTS4Task                                         
00003aa2  _ZTS3LED                                          
00003aa7  _ZTSPKe                                           
00003aac  SHT$$INIT_ARRAY$$Base                             
00003ab0  SHT$$INIT_ARRAY$$Limit                            
00003b24  __TI_Handler_Table_Base                           
00003b2c  __TI_CINIT_Base                                   
00003b2c  __TI_Handler_Table_Limit                          
00003b44  __TI_CINIT_Limit                                  
20000000  g_pfnRAMVectors                                   
200000e8  _sys_memory                                       
20000518  __TI_cleanup_ptr                                  
2000051c  __TI_dtors_ptr                                    
20000520  __TI_enable_exit_profile_output                   
20000538  _ZN4Task14m_u8NextTaskIDE                         
2000053c  _lock                                             
20000540  _unlock                                           
20000544  main_func_sp                                      
20000548  SystemCoreClock                                   
20000550  button                                            
20000578  g_sContext                                        
20000594  _ZSt16__dummy_typeinfo                            
20000598  Lcd_ScreenHeigth                                  
2000059a  Lcd_ScreenWidth                                   
2000059c  Lcd_TouchTrim                                     
2000059e  Lcd_FlagRead                                      
2000059f  Lcd_FontSolid                                     
200005a0  Lcd_Orientation                                   
200005a1  Lcd_PenSolid                                      
2000fe00  __stack                                           
20010000  __STACK_END                                       
4000480c  WDTCTL_SYM                                        
ffffffff  __TI_pprof_out_hndl                               
ffffffff  __TI_prof_data_size                               
ffffffff  __TI_prof_data_start                              
ffffffff  __binit__                                         
ffffffff  __c_args__                                        
ffffffff  binit                                             

[362 symbols]
