******************************************************************************
                  TI ARM Linker Unix v15.12.3                  
******************************************************************************
>> Linked Fri Nov  4 01:16:53 2016

OUTPUT FILE NAME:   <EventHandler.out>
ENTRY POINT SYMBOL: "_c_int00"  address: 0000346d


MEMORY CONFIGURATION

         name            origin    length      used     unused   attr    fill
----------------------  --------  ---------  --------  --------  ----  --------
  MAIN                  00000000   00040000  00003db5  0003c24b  R  X
  INFO                  00200000   00004000  00000000  00004000  R  X
  SRAM_CODE             01000000   00010000  00001f9e  0000e062  RW X
  SRAM_DATA             20000000   00010000  00001f9e  0000e062  RW  


SEGMENT ALLOCATION MAP

run origin  load origin   length   init length attrs members
----------  ----------- ---------- ----------- ----- -------
00000000    00000000    00003dbc   00003dbc    r-x
  00000000    00000000    000000e4   000000e4    r-- .intvecs
  000000e4    000000e4    0000354e   0000354e    r-x .text
  00003634    00003634    000006eb   000006eb    r-- .const
  00003d20    00003d20    00000004   00000004    r-- .init_array
  00003d28    00003d28    00000094   00000094    r-- .cinit
20000000    20000000    00001da4   00000000    rw-
  20000000    20000000    000000e4   00000000    rw- .vtable
  200000e8    200000e8    00001856   00000000    rw- .bss
  20001940    20001940    00000400   00000000    rw- .sysmem
  20001d40    20001d40    00000064   00000000    rw- .data
2000fe00    2000fe00    00000200   00000000    rw-
  2000fe00    2000fe00    00000200   00000000    rw- .stack


SECTION ALLOCATION MAP

 output                                  attributes/
section   page    origin      length       input sections
--------  ----  ----------  ----------   ----------------
.intvecs   0    00000000    000000e4     
                  00000000    000000e4     startup_msp432p401r_ccs.obj (.intvecs:retain)

.binit     0    00000000    00000000     

.text      0    000000e4    0000354e     
                  000000e4    000008a4     spi.obj (.text)
                  00000988    00000678     Crystalfontz128x128_ST7735.obj (.text)
                  00001000    00000490     line.obj (.text)
                  00001490    00000480     gpio.obj (.text)
                  00001910    00000420     Scheduler.obj (.text)
                  00001d30    000003f0     interrupt.obj (.text)
                  00002120    000003dc     rtsv7M4_T_le_v4SPD16_eabi.lib : memory.obj (.text)
                  000024fc    0000032c     system_msp432p401r.obj (.text)
                  00002828    0000027c     main.obj (.text)
                  00002aa4    00000266     context.obj (.text)
                  00002d0a    00000134     display.obj (.text)
                  00002e3e    00000002     rtsv7M4_T_le_v4SPD16_eabi.lib : mpu_init.obj (.text)
                  00002e40    000000f0     LED.obj (.text)
                  00002f30    000000bc     HAL_MSP_EXP432P401R_Crystalfontz128x128_ST7735.obj (.text)
                  00002fec    000000bc     rtsv7M4_T_le_v4SPD16_eabi.lib : typeinfo_.obj (.text)
                  000030a8    000000b4     Button.obj (.text)
                  0000315c    0000009c     Screen.obj (.text)
                  000031f8    0000009c     rtsv7M4_T_le_v4SPD16_eabi.lib : memcpy_t2.obj (.text)
                  00003294    00000080     Task.obj (.text)
                  00003314    0000007a     rtsv7M4_T_le_v4SPD16_eabi.lib : memset_t2.obj (.text)
                  0000338e    00000002                                   : startup.obj (.text)
                  00003390    00000070                                   : autoinit.obj (.text)
                  00003400    0000006a                                   : copy_decompress_rle.obj (.text)
                  0000346a    00000002     --HOLE-- [fill = 0]
                  0000346c    00000054                                   : boot.obj (.text)
                  000034c0    00000054                                   : exit.obj (.text)
                  00003514    0000004c                                   : cpy_tbl.obj (.text)
                  00003560    0000003e     cpu.obj (.text)
                  0000359e    00000002     --HOLE-- [fill = 0]
                  000035a0    00000020     LED.obj (.text:_ZN4Task11SendMessageEv)
                  000035c0    00000018     rtsv7M4_T_le_v4SPD16_eabi.lib : args_main.obj (.text)
                  000035d8    00000014                                   : _lock.obj (.text)
                  000035ec    0000000e                                   : copy_decompress_none.obj (.text:decompress:none)
                  000035fa    0000000e     startup_msp432p401r_ccs.obj (.text)
                  00003608    0000000c     LED.obj (.text:_ZN4Task14ProcessMessageE3MSG)
                  00003614    0000000c     Task.obj (.text:_ZN4Task3runEv)
                  00003620    00000008     rtsv7M4_T_le_v4SPD16_eabi.lib : delete.obj (.text)
                  00003628    00000006                                   : copy_decompress_rle.obj (.text:decompress:rle24)
                  0000362e    00000004                                   : pre_init.obj (.text)

.const     0    00003634    000006eb     
                  00003634    000002f8     fontfixed6x8.obj (.const:.string:g_pucFontFixed6x8Data)
                  0000392c    000000c8     fontfixed6x8.obj (.const:g_sFontFixed6x8)
                  000039f4    00000050     interrupt.obj (.const:g_pulRegs)
                  00003a44    0000002c     Crystalfontz128x128_ST7735.obj (.const:g_sCrystalfontz128x128)
                  00003a70    00000028     rtsv7M4_T_le_v4SPD16_eabi.lib : typeinfo_.obj (.const:.typeinfo:_ZTSN10__cxxabiv123__fundamental_type_infoE)
                  00003a98    00000025                                   : typeinfo_.obj (.const:.typeinfo:_ZTSN10__cxxabiv120__si_class_type_infoE)
                  00003abd    00000024                                   : typeinfo_.obj (.const:.typeinfo:_ZTSN10__cxxabiv119__pointer_type_infoE)
                  00003ae1    00000022                                   : typeinfo_.obj (.const:.typeinfo:_ZTSN10__cxxabiv117__class_type_infoE)
                  00003b03    00000022                                   : typeinfo_.obj (.const:.typeinfo:_ZTSN10__cxxabiv117__pbase_type_infoE)
                  00003b25    00000002                                   : typeinfo_.obj (.const:.typeinfo:_ZTSe)
                  00003b27    00000001     --HOLE-- [fill = 0]
                  00003b28    00000020     interrupt.obj (.const:g_pulPriority)
                  00003b48    0000001c     HAL_MSP_EXP432P401R_Crystalfontz128x128_ST7735.obj (.const:$P$T0$1)
                  00003b64    0000001c     gpio.obj (.const:GPIO_PORT_TO_INT)
                  00003b80    00000014     LED.obj (.const:_ZTV3LED)
                  00003b94    00000014     Task.obj (.const:_ZTV4Task)
                  00003ba8    00000014     Button.obj (.const:_ZTV6Button)
                  00003bbc    00000014     Screen.obj (.const:_ZTV6Screen)
                  00003bd0    00000010     rtsv7M4_T_le_v4SPD16_eabi.lib : typeinfo_.obj (.const:.typeinfo:_ZTIPKe)
                  00003be0    00000010                                   : typeinfo_.obj (.const:_ZTVN10__cxxabiv117__class_type_infoE)
                  00003bf0    00000010                                   : typeinfo_.obj (.const:_ZTVN10__cxxabiv119__pointer_type_infoE)
                  00003c00    00000010                                   : typeinfo_.obj (.const:_ZTVN10__cxxabiv120__si_class_type_infoE)
                  00003c10    00000010                                   : typeinfo_.obj (.const:_ZTVN10__cxxabiv123__fundamental_type_infoE)
                  00003c20    0000000d                                   : typeinfo_.obj (.const:.typeinfo:_ZTSSt9type_info)
                  00003c2d    00000003     --HOLE-- [fill = 0]
                  00003c30    0000000c     LED.obj (.const:$P$T40$1)
                  00003c3c    0000000c     Scheduler.obj (.const:$P$T40$1)
                  00003c48    0000000c     main.obj (.const:$P$T40$1)
                  00003c54    0000000c     Button.obj (.const:$P$T45$1)
                  00003c60    0000000c     LED.obj (.const:.typeinfo:_ZTI3LED)
                  00003c6c    0000000c     Button.obj (.const:.typeinfo:_ZTI6Button)
                  00003c78    0000000c     Screen.obj (.const:.typeinfo:_ZTI6Screen)
                  00003c84    0000000c     rtsv7M4_T_le_v4SPD16_eabi.lib : typeinfo_.obj (.const:.typeinfo:_ZTIN10__cxxabiv117__class_type_infoE)
                  00003c90    0000000c                                   : typeinfo_.obj (.const:.typeinfo:_ZTIN10__cxxabiv117__pbase_type_infoE)
                  00003c9c    0000000c                                   : typeinfo_.obj (.const:.typeinfo:_ZTIN10__cxxabiv119__pointer_type_infoE)
                  00003ca8    0000000c                                   : typeinfo_.obj (.const:.typeinfo:_ZTIN10__cxxabiv120__si_class_type_infoE)
                  00003cb4    0000000c                                   : typeinfo_.obj (.const:.typeinfo:_ZTIN10__cxxabiv123__fundamental_type_infoE)
                  00003cc0    00000008     Crystalfontz128x128_ST7735.obj (.const:$P$T0$1)
                  00003cc8    00000008     Button.obj (.const:.typeinfo:_ZTI4Task)
                  00003cd0    00000008     rtsv7M4_T_le_v4SPD16_eabi.lib : typeinfo_.obj (.const:.typeinfo:_ZTISt9type_info)
                  00003cd8    00000008                                   : typeinfo_.obj (.const:.typeinfo:_ZTIe)
                  00003ce0    00000008     Button.obj (.const:.typeinfo:_ZTS6Button)
                  00003ce8    00000008     Screen.obj (.const:.typeinfo:_ZTS6Screen)
                  00003cf0    00000008     interrupt.obj (.const:g_pulDisRegs)
                  00003cf8    00000008     interrupt.obj (.const:g_pulEnRegs)
                  00003d00    00000008     interrupt.obj (.const:g_pulPendRegs)
                  00003d08    00000008     interrupt.obj (.const:g_pulUnpendRegs)
                  00003d10    00000006     Button.obj (.const:.typeinfo:_ZTS4Task)
                  00003d16    00000005     LED.obj (.const:.typeinfo:_ZTS3LED)
                  00003d1b    00000004     rtsv7M4_T_le_v4SPD16_eabi.lib : typeinfo_.obj (.const:.typeinfo:_ZTSPKe)

.cinit     0    00003d28    00000094     
                  00003d28    00000053     (.cinit..data.load) [load image, compression = rle]
                  00003d7b    00000005     --HOLE-- [fill = 0]
                  00003d80    0000000b     (.cinit..bss.load) [load image, compression = rle]
                  00003d8b    00000005     --HOLE-- [fill = 0]
                  00003d90    00000009     (.cinit..vtable.load) [load image, compression = rle]
                  00003d99    00000003     --HOLE-- [fill = 0]
                  00003d9c    00000008     (__TI_handler_table)
                  00003da4    00000018     (__TI_cinit_table)

.init_array 
*          0    00003d20    00000004     
                  00003d20    00000004     main.obj (.init_array)

.vtable    0    20000000    000000e4     UNINITIALIZED
                  20000000    000000e4     interrupt.obj (.vtable)

.bss       0    200000e8    00001856     UNINITIALIZED
                  200000e8    000017f8     main.obj (.bss:MainScheduler)
                  200018e0    00000028     main.obj (.bss:BlinkLED)
                  20001908    00000028     main.obj (.bss:button)
                  20001930    00000004     (.common:_ZSt16__dummy_typeinfo)
                  20001934    00000002     (.common:Lcd_ScreenHeigth)
                  20001936    00000002     (.common:Lcd_ScreenWidth)
                  20001938    00000002     (.common:Lcd_TouchTrim)
                  2000193a    00000001     (.common:Lcd_FlagRead)
                  2000193b    00000001     (.common:Lcd_FontSolid)
                  2000193c    00000001     (.common:Lcd_Orientation)
                  2000193d    00000001     (.common:Lcd_PenSolid)

.sysmem    0    20001940    00000400     UNINITIALIZED
                  20001940    00000008     rtsv7M4_T_le_v4SPD16_eabi.lib : memory.obj (.sysmem)
                  20001948    000003f8     --HOLE--

.data      0    20001d40    00000064     UNINITIALIZED
                  20001d40    00000030     gpio.obj (.data:GPIO_PORT_TO_BASE)
                  20001d70    0000000c     rtsv7M4_T_le_v4SPD16_eabi.lib : exit.obj (.data:$O1$$)
                  20001d7c    0000000c                                   : memory.obj (.data:$O1$$)
                  20001d88    00000009     main.obj (.data)
                  20001d91    00000003     --HOLE--
                  20001d94    00000008     rtsv7M4_T_le_v4SPD16_eabi.lib : _lock.obj (.data:$O1$$)
                  20001d9c    00000004                                   : stkdepth_vars.obj (.data)
                  20001da0    00000004     system_msp432p401r.obj (.data)

.stack     0    2000fe00    00000200     UNINITIALIZED
                  2000fe00    00000200     --HOLE--

MODULE SUMMARY

       Module                                               code    ro data   rw data
       ------                                               ----    -------   -------
    ./
       main.obj                                             636     16        12450  
       Scheduler.obj                                        1056    12        0      
       system_msp432p401r.obj                               812     0         8      
       LED.obj                                              284     49        0      
       Button.obj                                           180     66        0      
       startup_msp432p401r_ccs.obj                          14      228       0      
       Screen.obj                                           156     40        0      
       Task.obj                                             140     20        0      
    +--+----------------------------------------------------+-------+---------+---------+
       Total:                                               3278    431       12458  
                                                                                     
    ./GrLib/fonts/
       fontfixed6x8.obj                                     0       960       0      
    +--+----------------------------------------------------+-------+---------+---------+
       Total:                                               0       960       0      
                                                                                     
    ./GrLib/grlib/
       line.obj                                             1168    0         0      
       context.obj                                          614     0         0      
       display.obj                                          308     0         0      
    +--+----------------------------------------------------+-------+---------+---------+
       Total:                                               2090    0         0      
                                                                                     
    ./LcdDriver/
       Crystalfontz128x128_ST7735.obj                       1656    52        20     
       HAL_MSP_EXP432P401R_Crystalfontz128x128_ST7735.obj   188     28        0      
    +--+----------------------------------------------------+-------+---------+---------+
       Total:                                               1844    80        20     
                                                                                     
    ./driverlib/MSP432P4xx/
       spi.obj                                              2212    0         0      
       interrupt.obj                                        1008    144       456    
       gpio.obj                                             1152    28        96     
       cpu.obj                                              62      0         0      
    +--+----------------------------------------------------+-------+---------+---------+
       Total:                                               4434    172       552    
                                                                                     
    /home/aglt93/ti/ccsv6/tools/compiler/arm_15.12.3.LTS/lib/rtsv7M4_T_le_v4SPD16_eabi.lib
       memory.obj                                           988     0         24     
       typeinfo_.obj                                        188     356       8      
       memcpy_t2.obj                                        156     0         0      
       memset_t2.obj                                        122     0         0      
       autoinit.obj                                         112     0         0      
       copy_decompress_rle.obj                              112     0         0      
       exit.obj                                             84      0         24     
       boot.obj                                             84      0         0      
       cpy_tbl.obj                                          76      0         0      
       _lock.obj                                            20      0         16     
       args_main.obj                                        24      0         0      
       copy_decompress_none.obj                             14      0         0      
       delete.obj                                           8       0         0      
       stkdepth_vars.obj                                    0       0         8      
       pre_init.obj                                         4       0         0      
       mpu_init.obj                                         2       0         0      
       startup.obj                                          2       0         0      
    +--+----------------------------------------------------+-------+---------+---------+
       Total:                                               1996    356       80     
                                                                                     
       Heap:                                                0       0         2048   
       Stack:                                               0       0         1024   
       Linker Generated:                                    0       135       0      
    +--+----------------------------------------------------+-------+---------+---------+
       Grand Total:                                         13642   2134      16182  


LINKER GENERATED COPY TABLES

__TI_cinit_table @ 00003da4 records: 3, size/record: 8, table size: 24
	.data: load addr=00003d28, load size=00000053 bytes, run addr=20001d40, run size=00000064 bytes, compression=rle
	.bss: load addr=00003d80, load size=0000000b bytes, run addr=200000e8, run size=00001856 bytes, compression=rle
	.vtable: load addr=00003d90, load size=00000009 bytes, run addr=20000000, run size=000000e4 bytes, compression=rle


LINKER GENERATED HANDLER TABLE

__TI_handler_table @ 00003d9c records: 2, size/record: 4, table size: 8
	index: 0, handler: __TI_decompress_rle24
	index: 1, handler: __TI_decompress_none


GLOBAL SYMBOLS: SORTED ALPHABETICALLY BY Name 

address   name                                              
-------   ----                                              
00003607  ADC14_IRQHandler                                  
00003607  AES256_IRQHandler                                 
00002893  BUTTON_ISR                                        
200018e0  BlinkLED                                          
00003607  BusFault_Handler                                  
000034c1  C$$EXIT                                           
00003607  COMP_E0_IRQHandler                                
00003607  COMP_E1_IRQHandler                                
00003595  CPU_basepriGet                                    
00003587  CPU_basepriSet                                    
00003561  CPU_cpsid                                         
00003577  CPU_cpsie                                         
0000356d  CPU_primask                                       
00003583  CPU_wfi                                           
00003607  CS_IRQHandler                                     
00000989  Crystalfontz128x128_Init                          
00000a9d  Crystalfontz128x128_SetDrawFrame                  
00000bcb  Crystalfontz128x128_SetOrientation                
00003607  DMA_ERR_IRQHandler                                
00003607  DMA_INT0_IRQHandler                               
00003607  DMA_INT1_IRQHandler                               
00003607  DMA_INT2_IRQHandler                               
00003607  DMA_INT3_IRQHandler                               
00003607  DebugMon_Handler                                  
00003607  Default_Handler                                   
00003607  EUSCIA0_IRQHandler                                
00003607  EUSCIA1_IRQHandler                                
00003607  EUSCIA2_IRQHandler                                
00003607  EUSCIA3_IRQHandler                                
00003607  EUSCIB0_IRQHandler                                
00003607  EUSCIB1_IRQHandler                                
00003607  EUSCIB2_IRQHandler                                
00003607  EUSCIB3_IRQHandler                                
00000853  EUSCI_A_SPI_changeClockPhasePolarity              
00000907  EUSCI_A_SPI_clearInterruptFlag                    
00000937  EUSCI_A_SPI_disable                               
000008d5  EUSCI_A_SPI_disableInterrupt                      
00000921  EUSCI_A_SPI_enable                                
000008bb  EUSCI_A_SPI_enableInterrupt                       
000008ef  EUSCI_A_SPI_getInterruptStatus                    
0000094d  EUSCI_A_SPI_getReceiveBufferAddressForDMA         
0000095b  EUSCI_A_SPI_getTransmitBufferAddressForDMA        
00000969  EUSCI_A_SPI_isBusy                                
000007d3  EUSCI_A_SPI_masterChangeClock                     
000008ab  EUSCI_A_SPI_receiveData                           
000007b3  EUSCI_A_SPI_select4PinFunctionality               
00000809  EUSCI_A_SPI_slaveInit                             
00000895  EUSCI_A_SPI_transmitData                          
00000685  EUSCI_B_SPI_changeClockPhasePolarity              
00000739  EUSCI_B_SPI_clearInterruptFlag                    
00000769  EUSCI_B_SPI_disable                               
00000707  EUSCI_B_SPI_disableInterrupt                      
00000753  EUSCI_B_SPI_enable                                
000006ed  EUSCI_B_SPI_enableInterrupt                       
00000721  EUSCI_B_SPI_getInterruptStatus                    
0000077f  EUSCI_B_SPI_getReceiveBufferAddressForDMA         
0000078d  EUSCI_B_SPI_getTransmitBufferAddressForDMA        
0000079b  EUSCI_B_SPI_isBusy                                
00000609  EUSCI_B_SPI_masterChangeClock                     
000006dd  EUSCI_B_SPI_receiveData                           
000005e9  EUSCI_B_SPI_select4PinFunctionality               
0000063b  EUSCI_B_SPI_slaveInit                             
000006c7  EUSCI_B_SPI_transmitData                          
00003607  FLCTL_IRQHandler                                  
00003607  FPU_IRQHandler                                    
000017b3  GPIO_clearInterruptFlag                           
00001773  GPIO_disableInterrupt                             
00001751  GPIO_enableInterrupt                              
0000180b  GPIO_getEnabledInterruptStatus                    
00001723  GPIO_getInputPinValue                             
00001795  GPIO_getInterruptStatus                           
000017d5  GPIO_interruptEdgeSelect                          
000018cb  GPIO_registerInterrupt                            
000014cb  GPIO_setAsInputPin                                
0000167f  GPIO_setAsInputPinWithPullDownResistor            
000016d1  GPIO_setAsInputPinWithPullUpResistor              
00001491  GPIO_setAsOutputPin                               
00001595  GPIO_setAsPeripheralModuleFunctionInputPin        
00001511  GPIO_setAsPeripheralModuleFunctionOutputPin       
00001887  GPIO_setDriveStrengthHigh                         
000018a9  GPIO_setDriveStrengthLow                          
00001619  GPIO_setOutputHighOnPin                           
0000163b  GPIO_setOutputLowOnPin                            
0000165d  GPIO_toggleOutputOnPin                            
000018eb  GPIO_unregisterInterrupt                          
00002c91  Graphics_clearDisplay                             
00002e27  Graphics_clearDisplayOnDisplay                    
00002d79  Graphics_drawHorizontalLineOnDisplay              
0000131d  Graphics_drawLine                                 
00001001  Graphics_drawLineH                                
0000109d  Graphics_drawLineV                                
00002d35  Graphics_drawMultiplePixelsOnDisplay              
00002ca3  Graphics_drawPixel                                
00002d0b  Graphics_drawPixelOnDisplay                       
00002dad  Graphics_drawVerticalLineOnDisplay                
00002de1  Graphics_fillRectangleOnDisplay                   
00002c83  Graphics_flushBuffer                              
00002e15  Graphics_flushOnDisplay                           
00002c65  Graphics_getDisplayHeight                         
00002c55  Graphics_getDisplayWidth                          
00002c03  Graphics_getFontBaseline                          
00002c39  Graphics_getFontHeight                            
00002c47  Graphics_getFontMaxWidth                          
00002c75  Graphics_getHeightOfDisplay                       
00002cfd  Graphics_getWidthOfDisplay                        
00002aa5  Graphics_initContext                              
00002bb9  Graphics_setBackgroundColor                       
00002bd3  Graphics_setBackgroundColorTranslated             
00002aef  Graphics_setClipRegion                            
00002be9  Graphics_setFont                                  
00002c11  Graphics_setForegroundColor                       
00002c27  Graphics_setForegroundColorTranslated             
00002dff  Graphics_translateColorOnDisplay                  
00002f31  HAL_LCD_PortInit                                  
00002f61  HAL_LCD_SpiInit                                   
00002f97  HAL_LCD_writeCommand                              
00002fbf  HAL_LCD_writeData                                 
00003607  HardFault_Handler                                 
00001ef3  Interrupt_disableInterrupt                        
00001d43  Interrupt_disableMaster                           
000020f1  Interrupt_disableSleepOnIsrExit                   
00001e81  Interrupt_enableInterrupt                         
00001d33  Interrupt_enableMaster                            
000020df  Interrupt_enableSleepOnIsrExit                    
00001e5b  Interrupt_getPriority                             
00001dd3  Interrupt_getPriorityGrouping                     
000020bf  Interrupt_getPriorityMask                         
000020d9  Interrupt_getVectorTableAddress                   
00001f65  Interrupt_isEnabled                               
00001ff1  Interrupt_pendInterrupt                           
00001d53  Interrupt_registerInterrupt                       
00001e0b  Interrupt_setPriority                             
00001db9  Interrupt_setPriorityGrouping                     
000020af  Interrupt_setPriorityMask                         
000020c9  Interrupt_setVectorTableAddress                   
00002061  Interrupt_unpendInterrupt                         
00001da5  Interrupt_unregisterInterrupt                     
2000193a  Lcd_FlagRead                                      
2000193b  Lcd_FontSolid                                     
2000193c  Lcd_Orientation                                   
2000193d  Lcd_PenSolid                                      
20001934  Lcd_ScreenHeigth                                  
20001936  Lcd_ScreenWidth                                   
20001938  Lcd_TouchTrim                                     
200000e8  MainScheduler                                     
00003607  MemManage_Handler                                 
00003607  NMI_Handler                                       
00003607  PCM_IRQHandler                                    
00003607  PORT1_IRQHandler                                  
00003607  PORT2_IRQHandler                                  
00003607  PORT3_IRQHandler                                  
00003607  PORT4_IRQHandler                                  
00003607  PORT5_IRQHandler                                  
00003607  PORT6_IRQHandler                                  
00003607  PSS_IRQHandler                                    
00003607  PendSV_Handler                                    
00003607  RTC_C_IRQHandler                                  
000035fb  Reset_Handler                                     
00003d20  SHT$$INIT_ARRAY$$Base                             
00003d24  SHT$$INIT_ARRAY$$Limit                            
000002a7  SPI_changeClockPhasePolarity                      
00000201  SPI_changeMasterClock                             
00000459  SPI_clearInterruptFlag                            
000003db  SPI_disableInterrupt                              
00000335  SPI_disableModule                                 
000003b5  SPI_enableInterrupt                               
00000319  SPI_enableModule                                  
00000429  SPI_getEnabledInterruptStatus                     
00000401  SPI_getInterruptStatus                            
00000351  SPI_getReceiveBufferAddressForDMA                 
0000036d  SPI_getTransmitBufferAddressForDMA                
00000115  SPI_initMaster                                    
00000229  SPI_initSlave                                     
00000399  SPI_isBusy                                        
000002fd  SPI_receiveData                                   
0000047f  SPI_registerInterrupt                             
000001db  SPI_selectFourPinFunctionality                    
000002d7  SPI_transmitData                                  
0000053d  SPI_unregisterInterrupt                           
00003607  SVC_Handler                                       
00003607  SysTick_Handler                                   
20001da0  SystemCoreClock                                   
000024fd  SystemCoreClockUpdate                             
00002771  SystemInit                                        
000029f5  T32_INT1_IRQHandler                               
000029f5  T32_INT1_IRQHandler                               
00003607  T32_INT2_IRQHandler                               
00003607  T32_INTC_IRQHandler                               
00003607  TA0_0_IRQHandler                                  
00003607  TA0_N_IRQHandler                                  
00003607  TA1_0_IRQHandler                                  
00003607  TA1_N_IRQHandler                                  
00003607  TA2_0_IRQHandler                                  
00003607  TA2_N_IRQHandler                                  
00003607  TA3_0_IRQHandler                                  
00003607  TA3_N_IRQHandler                                  
00003607  UsageFault_Handler                                
4000480c  WDTCTL_SYM                                        
00003607  WDT_A_IRQHandler                                  
0000295d  _Z5Setupv                                         
00003099  _ZN10__cxxabiv116__enum_type_infoD0Ev             
00003097  _ZN10__cxxabiv116__enum_type_infoD1Ev             
00003097  _ZN10__cxxabiv116__enum_type_infoD2Ev             
0000308f  _ZN10__cxxabiv117__array_type_infoD0Ev            
0000308d  _ZN10__cxxabiv117__array_type_infoD1Ev            
0000308d  _ZN10__cxxabiv117__array_type_infoD2Ev            
00003085  _ZN10__cxxabiv117__class_type_infoD0Ev            
00003083  _ZN10__cxxabiv117__class_type_infoD1Ev            
00003083  _ZN10__cxxabiv117__class_type_infoD2Ev            
0000307b  _ZN10__cxxabiv117__pbase_type_infoD0Ev            
00003079  _ZN10__cxxabiv117__pbase_type_infoD1Ev            
00003079  _ZN10__cxxabiv117__pbase_type_infoD2Ev            
00003071  _ZN10__cxxabiv119__pointer_type_infoD0Ev          
0000306f  _ZN10__cxxabiv119__pointer_type_infoD1Ev          
0000306f  _ZN10__cxxabiv119__pointer_type_infoD2Ev          
00003067  _ZN10__cxxabiv120__function_type_infoD0Ev         
00003065  _ZN10__cxxabiv120__function_type_infoD1Ev         
00003065  _ZN10__cxxabiv120__function_type_infoD2Ev         
0000305d  _ZN10__cxxabiv120__si_class_type_infoD0Ev         
0000305b  _ZN10__cxxabiv120__si_class_type_infoD1Ev         
0000305b  _ZN10__cxxabiv120__si_class_type_infoD2Ev         
00003053  _ZN10__cxxabiv121__vmi_class_type_infoD0Ev        
00003051  _ZN10__cxxabiv121__vmi_class_type_infoD1Ev        
00003051  _ZN10__cxxabiv121__vmi_class_type_infoD2Ev        
00003049  _ZN10__cxxabiv123__fundamental_type_infoD0Ev      
00003047  _ZN10__cxxabiv123__fundamental_type_infoD1Ev      
00003047  _ZN10__cxxabiv123__fundamental_type_infoD2Ev      
0000303f  _ZN10__cxxabiv129__pointer_to_member_type_infoD0Ev
0000303d  _ZN10__cxxabiv129__pointer_to_member_type_infoD1Ev
0000303d  _ZN10__cxxabiv129__pointer_to_member_type_infoD2Ev
00002f19  _ZN3LED3runEv                                     
00002e41  _ZN3LEDC1Eibii                                    
00002ead  _ZN3LEDC1Eibiiy                                   
00002e41  _ZN3LEDC2Eibii                                    
00002ead  _ZN3LEDC2Eibiiy                                   
000035a1  _ZN4Task11SendMessageEv                           
00003609  _ZN4Task14ProcessMessageE3MSG                     
20001d90  _ZN4Task14m_u8NextTaskIDE                         
000032ff  _ZN4Task17GetTaskFinalCountEv                     
000032d1  _ZN4Task17SetTaskFinalCountEy                     
000032ef  _ZN4Task19GetTaskCurrentCountEv                   
000032b3  _ZN4Task19SetTaskCurrentCountEy                   
00003615  _ZN4Task3runEv                                    
00003295  _ZN4TaskC1Ev                                      
00003295  _ZN4TaskC2Ev                                      
0000313b  _ZN6Button11SendMessageEv                         
0000312f  _ZN6Button14ProcessMessageE3MSG                   
0000311f  _ZN6Button3runEv                                  
000030a9  _ZN6ButtonC1Eibiiy                                
000030a9  _ZN6ButtonC2Eibiiy                                
000031d1  _ZN6Screen3runEv                                  
0000315d  _ZN6ScreenC1Eiiy                                  
0000315d  _ZN6ScreenC2Eiiy                                  
00001bef  _ZN9Scheduler13attachMessageE3MSG                 
00001cdb  _ZN9Scheduler14processMessageE3MSG                
00001c2f  _ZN9Scheduler17clearMessageQueueEv                
00001c91  _ZN9Scheduler18clearNextSchedulerEv               
00001b6b  _ZN9Scheduler19ProcessMessageQueueEv              
00001a9f  _ZN9Scheduler21CalculateNextScheduleEv            
00001d1d  _ZN9Scheduler22SortScheduleByPriorityEP4Task      
00001a41  _ZN9Scheduler3runEv                               
00001971  _ZN9Scheduler6attachEP4Task                       
000019dd  _ZN9Scheduler6attachEP4Tasky                      
00001911  _ZN9SchedulerC1Ev                                 
00001911  _ZN9SchedulerC2Ev                                 
00002fff  _ZNKSt9type_info4nameEv                           
0000302f  _ZNKSt9type_info6beforeERKS_                      
00003019  _ZNKSt9type_infoeqERKS_                           
00003003  _ZNKSt9type_infoneERKS_                           
00002ff7  _ZNSt9type_infoD0Ev                               
00002ff5  _ZNSt9type_infoD1Ev                               
00002ff5  _ZNSt9type_infoD2Ev                               
20001930  _ZSt16__dummy_typeinfo                            
00002fed  _ZSt21__gen_dummy_typeinfosv                      
00003c60  _ZTI3LED                                          
00003cc8  _ZTI4Task                                         
00003c6c  _ZTI6Button                                       
00003c78  _ZTI6Screen                                       
00003c84  _ZTIN10__cxxabiv117__class_type_infoE             
00003c90  _ZTIN10__cxxabiv117__pbase_type_infoE             
00003c9c  _ZTIN10__cxxabiv119__pointer_type_infoE           
00003ca8  _ZTIN10__cxxabiv120__si_class_type_infoE          
00003cb4  _ZTIN10__cxxabiv123__fundamental_type_infoE       
00003bd0  _ZTIPKe                                           
00003cd0  _ZTISt9type_info                                  
00003cd8  _ZTIe                                             
00003d16  _ZTS3LED                                          
00003d10  _ZTS4Task                                         
00003ce0  _ZTS6Button                                       
00003ce8  _ZTS6Screen                                       
00003ae1  _ZTSN10__cxxabiv117__class_type_infoE             
00003b03  _ZTSN10__cxxabiv117__pbase_type_infoE             
00003abd  _ZTSN10__cxxabiv119__pointer_type_infoE           
00003a98  _ZTSN10__cxxabiv120__si_class_type_infoE          
00003a70  _ZTSN10__cxxabiv123__fundamental_type_infoE       
00003d1b  _ZTSPKe                                           
00003c20  _ZTSSt9type_info                                  
00003b25  _ZTSe                                             
00003b80  _ZTV3LED                                          
00003b94  _ZTV4Task                                         
00003ba8  _ZTV6Button                                       
00003bbc  _ZTV6Screen                                       
00003be0  _ZTVN10__cxxabiv117__class_type_infoE             
00003bf0  _ZTVN10__cxxabiv119__pointer_type_infoE           
00003c00  _ZTVN10__cxxabiv120__si_class_type_infoE          
00003c10  _ZTVN10__cxxabiv123__fundamental_type_infoE       
00003621  _ZdlPv                                            
20010000  __STACK_END                                       
00000200  __STACK_SIZE                                      
00000400  __SYSMEM_SIZE                                     
00003da4  __TI_CINIT_Base                                   
00003dbc  __TI_CINIT_Limit                                  
00003d9c  __TI_Handler_Table_Base                           
00003da4  __TI_Handler_Table_Limit                          
00003391  __TI_auto_init                                    
20001d70  __TI_cleanup_ptr                                  
000035ed  __TI_decompress_none                              
00003629  __TI_decompress_rle24                             
20001d74  __TI_dtors_ptr                                    
20001d78  __TI_enable_exit_profile_output                   
ffffffff  __TI_pprof_out_hndl                               
ffffffff  __TI_prof_data_size                               
ffffffff  __TI_prof_data_start                              
00000000  __TI_static_base__                                
00003315  __aeabi_memclr                                    
00003315  __aeabi_memclr4                                   
00003315  __aeabi_memclr8                                   
000031f9  __aeabi_memcpy                                    
000031f9  __aeabi_memcpy4                                   
000031f9  __aeabi_memcpy8                                   
00003317  __aeabi_memset                                    
00003317  __aeabi_memset4                                   
00003317  __aeabi_memset8                                   
ffffffff  __binit__                                         
ffffffff  __c_args__                                        
00002e3f  __mpu_init                                        
2000fe00  __stack                                           
00002a1d  __sti___8_main_cpp_937618a8                       
000035c1  _args_main                                        
0000346d  _c_int00                                          
20001d94  _lock                                             
000035e7  _nop                                              
000035df  _register_lock                                    
000035d9  _register_unlock                                  
20001940  _sys_memory                                       
0000338f  _system_post_cinit                                
0000362f  _system_pre_init                                  
20001d98  _unlock                                           
000034c5  abort                                             
ffffffff  binit                                             
20001908  button                                            
000024c9  calloc                                            
00003515  copy_in                                           
000034cd  exit                                              
00002217  free                                              
20000000  g_pfnRAMVectors                                   
00003a44  g_sCrystalfontz128x128                            
0000392c  g_sFontFixed6x8                                   
00000000  interruptVectors                                  
000028cd  main                                              
20001d9c  main_func_sp                                      
000021af  malloc                                            
000023e5  memalign                                          
000031f9  memcpy                                            
0000331d  memset                                            
00002121  minit                                             
000022d9  realloc                                           


GLOBAL SYMBOLS: SORTED BY Symbol Address 

address   name                                              
-------   ----                                              
00000000  __TI_static_base__                                
00000000  interruptVectors                                  
00000115  SPI_initMaster                                    
000001db  SPI_selectFourPinFunctionality                    
00000200  __STACK_SIZE                                      
00000201  SPI_changeMasterClock                             
00000229  SPI_initSlave                                     
000002a7  SPI_changeClockPhasePolarity                      
000002d7  SPI_transmitData                                  
000002fd  SPI_receiveData                                   
00000319  SPI_enableModule                                  
00000335  SPI_disableModule                                 
00000351  SPI_getReceiveBufferAddressForDMA                 
0000036d  SPI_getTransmitBufferAddressForDMA                
00000399  SPI_isBusy                                        
000003b5  SPI_enableInterrupt                               
000003db  SPI_disableInterrupt                              
00000400  __SYSMEM_SIZE                                     
00000401  SPI_getInterruptStatus                            
00000429  SPI_getEnabledInterruptStatus                     
00000459  SPI_clearInterruptFlag                            
0000047f  SPI_registerInterrupt                             
0000053d  SPI_unregisterInterrupt                           
000005e9  EUSCI_B_SPI_select4PinFunctionality               
00000609  EUSCI_B_SPI_masterChangeClock                     
0000063b  EUSCI_B_SPI_slaveInit                             
00000685  EUSCI_B_SPI_changeClockPhasePolarity              
000006c7  EUSCI_B_SPI_transmitData                          
000006dd  EUSCI_B_SPI_receiveData                           
000006ed  EUSCI_B_SPI_enableInterrupt                       
00000707  EUSCI_B_SPI_disableInterrupt                      
00000721  EUSCI_B_SPI_getInterruptStatus                    
00000739  EUSCI_B_SPI_clearInterruptFlag                    
00000753  EUSCI_B_SPI_enable                                
00000769  EUSCI_B_SPI_disable                               
0000077f  EUSCI_B_SPI_getReceiveBufferAddressForDMA         
0000078d  EUSCI_B_SPI_getTransmitBufferAddressForDMA        
0000079b  EUSCI_B_SPI_isBusy                                
000007b3  EUSCI_A_SPI_select4PinFunctionality               
000007d3  EUSCI_A_SPI_masterChangeClock                     
00000809  EUSCI_A_SPI_slaveInit                             
00000853  EUSCI_A_SPI_changeClockPhasePolarity              
00000895  EUSCI_A_SPI_transmitData                          
000008ab  EUSCI_A_SPI_receiveData                           
000008bb  EUSCI_A_SPI_enableInterrupt                       
000008d5  EUSCI_A_SPI_disableInterrupt                      
000008ef  EUSCI_A_SPI_getInterruptStatus                    
00000907  EUSCI_A_SPI_clearInterruptFlag                    
00000921  EUSCI_A_SPI_enable                                
00000937  EUSCI_A_SPI_disable                               
0000094d  EUSCI_A_SPI_getReceiveBufferAddressForDMA         
0000095b  EUSCI_A_SPI_getTransmitBufferAddressForDMA        
00000969  EUSCI_A_SPI_isBusy                                
00000989  Crystalfontz128x128_Init                          
00000a9d  Crystalfontz128x128_SetDrawFrame                  
00000bcb  Crystalfontz128x128_SetOrientation                
00001001  Graphics_drawLineH                                
0000109d  Graphics_drawLineV                                
0000131d  Graphics_drawLine                                 
00001491  GPIO_setAsOutputPin                               
000014cb  GPIO_setAsInputPin                                
00001511  GPIO_setAsPeripheralModuleFunctionOutputPin       
00001595  GPIO_setAsPeripheralModuleFunctionInputPin        
00001619  GPIO_setOutputHighOnPin                           
0000163b  GPIO_setOutputLowOnPin                            
0000165d  GPIO_toggleOutputOnPin                            
0000167f  GPIO_setAsInputPinWithPullDownResistor            
000016d1  GPIO_setAsInputPinWithPullUpResistor              
00001723  GPIO_getInputPinValue                             
00001751  GPIO_enableInterrupt                              
00001773  GPIO_disableInterrupt                             
00001795  GPIO_getInterruptStatus                           
000017b3  GPIO_clearInterruptFlag                           
000017d5  GPIO_interruptEdgeSelect                          
0000180b  GPIO_getEnabledInterruptStatus                    
00001887  GPIO_setDriveStrengthHigh                         
000018a9  GPIO_setDriveStrengthLow                          
000018cb  GPIO_registerInterrupt                            
000018eb  GPIO_unregisterInterrupt                          
00001911  _ZN9SchedulerC1Ev                                 
00001911  _ZN9SchedulerC2Ev                                 
00001971  _ZN9Scheduler6attachEP4Task                       
000019dd  _ZN9Scheduler6attachEP4Tasky                      
00001a41  _ZN9Scheduler3runEv                               
00001a9f  _ZN9Scheduler21CalculateNextScheduleEv            
00001b6b  _ZN9Scheduler19ProcessMessageQueueEv              
00001bef  _ZN9Scheduler13attachMessageE3MSG                 
00001c2f  _ZN9Scheduler17clearMessageQueueEv                
00001c91  _ZN9Scheduler18clearNextSchedulerEv               
00001cdb  _ZN9Scheduler14processMessageE3MSG                
00001d1d  _ZN9Scheduler22SortScheduleByPriorityEP4Task      
00001d33  Interrupt_enableMaster                            
00001d43  Interrupt_disableMaster                           
00001d53  Interrupt_registerInterrupt                       
00001da5  Interrupt_unregisterInterrupt                     
00001db9  Interrupt_setPriorityGrouping                     
00001dd3  Interrupt_getPriorityGrouping                     
00001e0b  Interrupt_setPriority                             
00001e5b  Interrupt_getPriority                             
00001e81  Interrupt_enableInterrupt                         
00001ef3  Interrupt_disableInterrupt                        
00001f65  Interrupt_isEnabled                               
00001ff1  Interrupt_pendInterrupt                           
00002061  Interrupt_unpendInterrupt                         
000020af  Interrupt_setPriorityMask                         
000020bf  Interrupt_getPriorityMask                         
000020c9  Interrupt_setVectorTableAddress                   
000020d9  Interrupt_getVectorTableAddress                   
000020df  Interrupt_enableSleepOnIsrExit                    
000020f1  Interrupt_disableSleepOnIsrExit                   
00002121  minit                                             
000021af  malloc                                            
00002217  free                                              
000022d9  realloc                                           
000023e5  memalign                                          
000024c9  calloc                                            
000024fd  SystemCoreClockUpdate                             
00002771  SystemInit                                        
00002893  BUTTON_ISR                                        
000028cd  main                                              
0000295d  _Z5Setupv                                         
000029f5  T32_INT1_IRQHandler                               
000029f5  T32_INT1_IRQHandler                               
00002a1d  __sti___8_main_cpp_937618a8                       
00002aa5  Graphics_initContext                              
00002aef  Graphics_setClipRegion                            
00002bb9  Graphics_setBackgroundColor                       
00002bd3  Graphics_setBackgroundColorTranslated             
00002be9  Graphics_setFont                                  
00002c03  Graphics_getFontBaseline                          
00002c11  Graphics_setForegroundColor                       
00002c27  Graphics_setForegroundColorTranslated             
00002c39  Graphics_getFontHeight                            
00002c47  Graphics_getFontMaxWidth                          
00002c55  Graphics_getDisplayWidth                          
00002c65  Graphics_getDisplayHeight                         
00002c75  Graphics_getHeightOfDisplay                       
00002c83  Graphics_flushBuffer                              
00002c91  Graphics_clearDisplay                             
00002ca3  Graphics_drawPixel                                
00002cfd  Graphics_getWidthOfDisplay                        
00002d0b  Graphics_drawPixelOnDisplay                       
00002d35  Graphics_drawMultiplePixelsOnDisplay              
00002d79  Graphics_drawHorizontalLineOnDisplay              
00002dad  Graphics_drawVerticalLineOnDisplay                
00002de1  Graphics_fillRectangleOnDisplay                   
00002dff  Graphics_translateColorOnDisplay                  
00002e15  Graphics_flushOnDisplay                           
00002e27  Graphics_clearDisplayOnDisplay                    
00002e3f  __mpu_init                                        
00002e41  _ZN3LEDC1Eibii                                    
00002e41  _ZN3LEDC2Eibii                                    
00002ead  _ZN3LEDC1Eibiiy                                   
00002ead  _ZN3LEDC2Eibiiy                                   
00002f19  _ZN3LED3runEv                                     
00002f31  HAL_LCD_PortInit                                  
00002f61  HAL_LCD_SpiInit                                   
00002f97  HAL_LCD_writeCommand                              
00002fbf  HAL_LCD_writeData                                 
00002fed  _ZSt21__gen_dummy_typeinfosv                      
00002ff5  _ZNSt9type_infoD1Ev                               
00002ff5  _ZNSt9type_infoD2Ev                               
00002ff7  _ZNSt9type_infoD0Ev                               
00002fff  _ZNKSt9type_info4nameEv                           
00003003  _ZNKSt9type_infoneERKS_                           
00003019  _ZNKSt9type_infoeqERKS_                           
0000302f  _ZNKSt9type_info6beforeERKS_                      
0000303d  _ZN10__cxxabiv129__pointer_to_member_type_infoD1Ev
0000303d  _ZN10__cxxabiv129__pointer_to_member_type_infoD2Ev
0000303f  _ZN10__cxxabiv129__pointer_to_member_type_infoD0Ev
00003047  _ZN10__cxxabiv123__fundamental_type_infoD1Ev      
00003047  _ZN10__cxxabiv123__fundamental_type_infoD2Ev      
00003049  _ZN10__cxxabiv123__fundamental_type_infoD0Ev      
00003051  _ZN10__cxxabiv121__vmi_class_type_infoD1Ev        
00003051  _ZN10__cxxabiv121__vmi_class_type_infoD2Ev        
00003053  _ZN10__cxxabiv121__vmi_class_type_infoD0Ev        
0000305b  _ZN10__cxxabiv120__si_class_type_infoD1Ev         
0000305b  _ZN10__cxxabiv120__si_class_type_infoD2Ev         
0000305d  _ZN10__cxxabiv120__si_class_type_infoD0Ev         
00003065  _ZN10__cxxabiv120__function_type_infoD1Ev         
00003065  _ZN10__cxxabiv120__function_type_infoD2Ev         
00003067  _ZN10__cxxabiv120__function_type_infoD0Ev         
0000306f  _ZN10__cxxabiv119__pointer_type_infoD1Ev          
0000306f  _ZN10__cxxabiv119__pointer_type_infoD2Ev          
00003071  _ZN10__cxxabiv119__pointer_type_infoD0Ev          
00003079  _ZN10__cxxabiv117__pbase_type_infoD1Ev            
00003079  _ZN10__cxxabiv117__pbase_type_infoD2Ev            
0000307b  _ZN10__cxxabiv117__pbase_type_infoD0Ev            
00003083  _ZN10__cxxabiv117__class_type_infoD1Ev            
00003083  _ZN10__cxxabiv117__class_type_infoD2Ev            
00003085  _ZN10__cxxabiv117__class_type_infoD0Ev            
0000308d  _ZN10__cxxabiv117__array_type_infoD1Ev            
0000308d  _ZN10__cxxabiv117__array_type_infoD2Ev            
0000308f  _ZN10__cxxabiv117__array_type_infoD0Ev            
00003097  _ZN10__cxxabiv116__enum_type_infoD1Ev             
00003097  _ZN10__cxxabiv116__enum_type_infoD2Ev             
00003099  _ZN10__cxxabiv116__enum_type_infoD0Ev             
000030a9  _ZN6ButtonC1Eibiiy                                
000030a9  _ZN6ButtonC2Eibiiy                                
0000311f  _ZN6Button3runEv                                  
0000312f  _ZN6Button14ProcessMessageE3MSG                   
0000313b  _ZN6Button11SendMessageEv                         
0000315d  _ZN6ScreenC1Eiiy                                  
0000315d  _ZN6ScreenC2Eiiy                                  
000031d1  _ZN6Screen3runEv                                  
000031f9  __aeabi_memcpy                                    
000031f9  __aeabi_memcpy4                                   
000031f9  __aeabi_memcpy8                                   
000031f9  memcpy                                            
00003295  _ZN4TaskC1Ev                                      
00003295  _ZN4TaskC2Ev                                      
000032b3  _ZN4Task19SetTaskCurrentCountEy                   
000032d1  _ZN4Task17SetTaskFinalCountEy                     
000032ef  _ZN4Task19GetTaskCurrentCountEv                   
000032ff  _ZN4Task17GetTaskFinalCountEv                     
00003315  __aeabi_memclr                                    
00003315  __aeabi_memclr4                                   
00003315  __aeabi_memclr8                                   
00003317  __aeabi_memset                                    
00003317  __aeabi_memset4                                   
00003317  __aeabi_memset8                                   
0000331d  memset                                            
0000338f  _system_post_cinit                                
00003391  __TI_auto_init                                    
0000346d  _c_int00                                          
000034c1  C$$EXIT                                           
000034c5  abort                                             
000034cd  exit                                              
00003515  copy_in                                           
00003561  CPU_cpsid                                         
0000356d  CPU_primask                                       
00003577  CPU_cpsie                                         
00003583  CPU_wfi                                           
00003587  CPU_basepriSet                                    
00003595  CPU_basepriGet                                    
000035a1  _ZN4Task11SendMessageEv                           
000035c1  _args_main                                        
000035d9  _register_unlock                                  
000035df  _register_lock                                    
000035e7  _nop                                              
000035ed  __TI_decompress_none                              
000035fb  Reset_Handler                                     
00003607  ADC14_IRQHandler                                  
00003607  AES256_IRQHandler                                 
00003607  BusFault_Handler                                  
00003607  COMP_E0_IRQHandler                                
00003607  COMP_E1_IRQHandler                                
00003607  CS_IRQHandler                                     
00003607  DMA_ERR_IRQHandler                                
00003607  DMA_INT0_IRQHandler                               
00003607  DMA_INT1_IRQHandler                               
00003607  DMA_INT2_IRQHandler                               
00003607  DMA_INT3_IRQHandler                               
00003607  DebugMon_Handler                                  
00003607  Default_Handler                                   
00003607  EUSCIA0_IRQHandler                                
00003607  EUSCIA1_IRQHandler                                
00003607  EUSCIA2_IRQHandler                                
00003607  EUSCIA3_IRQHandler                                
00003607  EUSCIB0_IRQHandler                                
00003607  EUSCIB1_IRQHandler                                
00003607  EUSCIB2_IRQHandler                                
00003607  EUSCIB3_IRQHandler                                
00003607  FLCTL_IRQHandler                                  
00003607  FPU_IRQHandler                                    
00003607  HardFault_Handler                                 
00003607  MemManage_Handler                                 
00003607  NMI_Handler                                       
00003607  PCM_IRQHandler                                    
00003607  PORT1_IRQHandler                                  
00003607  PORT2_IRQHandler                                  
00003607  PORT3_IRQHandler                                  
00003607  PORT4_IRQHandler                                  
00003607  PORT5_IRQHandler                                  
00003607  PORT6_IRQHandler                                  
00003607  PSS_IRQHandler                                    
00003607  PendSV_Handler                                    
00003607  RTC_C_IRQHandler                                  
00003607  SVC_Handler                                       
00003607  SysTick_Handler                                   
00003607  T32_INT2_IRQHandler                               
00003607  T32_INTC_IRQHandler                               
00003607  TA0_0_IRQHandler                                  
00003607  TA0_N_IRQHandler                                  
00003607  TA1_0_IRQHandler                                  
00003607  TA1_N_IRQHandler                                  
00003607  TA2_0_IRQHandler                                  
00003607  TA2_N_IRQHandler                                  
00003607  TA3_0_IRQHandler                                  
00003607  TA3_N_IRQHandler                                  
00003607  UsageFault_Handler                                
00003607  WDT_A_IRQHandler                                  
00003609  _ZN4Task14ProcessMessageE3MSG                     
00003615  _ZN4Task3runEv                                    
00003621  _ZdlPv                                            
00003629  __TI_decompress_rle24                             
0000362f  _system_pre_init                                  
0000392c  g_sFontFixed6x8                                   
00003a44  g_sCrystalfontz128x128                            
00003a70  _ZTSN10__cxxabiv123__fundamental_type_infoE       
00003a98  _ZTSN10__cxxabiv120__si_class_type_infoE          
00003abd  _ZTSN10__cxxabiv119__pointer_type_infoE           
00003ae1  _ZTSN10__cxxabiv117__class_type_infoE             
00003b03  _ZTSN10__cxxabiv117__pbase_type_infoE             
00003b25  _ZTSe                                             
00003b80  _ZTV3LED                                          
00003b94  _ZTV4Task                                         
00003ba8  _ZTV6Button                                       
00003bbc  _ZTV6Screen                                       
00003bd0  _ZTIPKe                                           
00003be0  _ZTVN10__cxxabiv117__class_type_infoE             
00003bf0  _ZTVN10__cxxabiv119__pointer_type_infoE           
00003c00  _ZTVN10__cxxabiv120__si_class_type_infoE          
00003c10  _ZTVN10__cxxabiv123__fundamental_type_infoE       
00003c20  _ZTSSt9type_info                                  
00003c60  _ZTI3LED                                          
00003c6c  _ZTI6Button                                       
00003c78  _ZTI6Screen                                       
00003c84  _ZTIN10__cxxabiv117__class_type_infoE             
00003c90  _ZTIN10__cxxabiv117__pbase_type_infoE             
00003c9c  _ZTIN10__cxxabiv119__pointer_type_infoE           
00003ca8  _ZTIN10__cxxabiv120__si_class_type_infoE          
00003cb4  _ZTIN10__cxxabiv123__fundamental_type_infoE       
00003cc8  _ZTI4Task                                         
00003cd0  _ZTISt9type_info                                  
00003cd8  _ZTIe                                             
00003ce0  _ZTS6Button                                       
00003ce8  _ZTS6Screen                                       
00003d10  _ZTS4Task                                         
00003d16  _ZTS3LED                                          
00003d1b  _ZTSPKe                                           
00003d20  SHT$$INIT_ARRAY$$Base                             
00003d24  SHT$$INIT_ARRAY$$Limit                            
00003d9c  __TI_Handler_Table_Base                           
00003da4  __TI_CINIT_Base                                   
00003da4  __TI_Handler_Table_Limit                          
00003dbc  __TI_CINIT_Limit                                  
20000000  g_pfnRAMVectors                                   
200000e8  MainScheduler                                     
200018e0  BlinkLED                                          
20001908  button                                            
20001930  _ZSt16__dummy_typeinfo                            
20001934  Lcd_ScreenHeigth                                  
20001936  Lcd_ScreenWidth                                   
20001938  Lcd_TouchTrim                                     
2000193a  Lcd_FlagRead                                      
2000193b  Lcd_FontSolid                                     
2000193c  Lcd_Orientation                                   
2000193d  Lcd_PenSolid                                      
20001940  _sys_memory                                       
20001d70  __TI_cleanup_ptr                                  
20001d74  __TI_dtors_ptr                                    
20001d78  __TI_enable_exit_profile_output                   
20001d90  _ZN4Task14m_u8NextTaskIDE                         
20001d94  _lock                                             
20001d98  _unlock                                           
20001d9c  main_func_sp                                      
20001da0  SystemCoreClock                                   
2000fe00  __stack                                           
20010000  __STACK_END                                       
4000480c  WDTCTL_SYM                                        
ffffffff  __TI_pprof_out_hndl                               
ffffffff  __TI_prof_data_size                               
ffffffff  __TI_prof_data_start                              
ffffffff  __binit__                                         
ffffffff  __c_args__                                        
ffffffff  binit                                             

[367 symbols]
