******************************************************************************
                  TI ARM Linker Unix v15.12.3                  
******************************************************************************
>> Linked Wed Nov 16 02:02:14 2016

OUTPUT FILE NAME:   <EventHandler.out>
ENTRY POINT SYMBOL: "_c_int00"  address: 000041d9


MEMORY CONFIGURATION

         name            origin    length      used     unused   attr    fill
----------------------  --------  ---------  --------  --------  ----  --------
  MAIN                  00000000   00040000  00004c43  0003b3bd  R  X
  INFO                  00200000   00004000  00000000  00004000  R  X
  SRAM_CODE             01000000   00010000  00001fa6  0000e05a  RW X
  SRAM_DATA             20000000   00010000  00001fa6  0000e05a  RW  


SEGMENT ALLOCATION MAP

run origin  load origin   length   init length attrs members
----------  ----------- ---------- ----------- ----- -------
00000000    00000000    00004c4c   00004c4c    r-x
  00000000    00000000    000000e4   000000e4    r-- .intvecs
  000000e4    000000e4    0000436a   0000436a    r-x .text
  00004450    00004450    0000074d   0000074d    r-- .const
  00004ba0    00004ba0    00000004   00000004    r-- .init_array
  00004ba8    00004ba8    000000a4   000000a4    r-- .cinit
20000000    20000000    00001dac   00000000    rw-
  20000000    20000000    000000e4   00000000    rw- .vtable
  200000e8    200000e8    00001846   00000000    rw- .bss
  20001930    20001930    00000400   00000000    rw- .sysmem
  20001d30    20001d30    0000007c   00000000    rw- .data
2000fe00    2000fe00    00000200   00000000    rw-
  2000fe00    2000fe00    00000200   00000000    rw- .stack


SECTION ALLOCATION MAP

 output                                  attributes/
section   page    origin      length       input sections
--------  ----  ----------  ----------   ----------------
.intvecs   0    00000000    000000e4     
                  00000000    000000e4     startup_msp432p401r_ccs.obj (.intvecs:retain)

.binit     0    00000000    00000000     

.text      0    000000e4    0000436a     
                  000000e4    000008e0     adc14.obj (.text)
                  000009c4    000008a4     spi.obj (.text)
                  00001268    00000678     Crystalfontz128x128_ST7735.obj (.text)
                  000018e0    00000490     line.obj (.text)
                  00001d70    00000480     gpio.obj (.text)
                  000021f0    000003f0     interrupt.obj (.text)
                  000025e0    000003dc     rtsv7M4_T_le_v4SPD16_eabi.lib : memory.obj (.text)
                  000029bc    000003d8     main.obj (.text)
                  00002d94    000003d0     Scheduler.obj (.text)
                  00003164    00000370     system_msp432p401r.obj (.text)
                  000034d4    000002e4     Screen.obj (.text)
                  000037b8    00000266     context.obj (.text)
                  00003a1e    00000002     rtsv7M4_T_le_v4SPD16_eabi.lib : mpu_init.obj (.text)
                  00003a20    00000160     Servo.obj (.text)
                  00003b80    00000136     rtsv7M4_T_le_v4SPD16_eabi.lib : fd_div_t2.obj (.text)
                  00003cb6    00000134     display.obj (.text)
                  00003dea    00000002     rtsv7M4_T_le_v4SPD16_eabi.lib : newhandler.obj (.text)
                  00003dec    000000bc     HAL_MSP_EXP432P401R_Crystalfontz128x128_ST7735.obj (.text)
                  00003ea8    000000bc     rtsv7M4_T_le_v4SPD16_eabi.lib : typeinfo_.obj (.text)
                  00003f64    0000009c                                   : memcpy_t2.obj (.text)
                  00004000    00000080     Task.obj (.text)
                  00004080    0000007a     rtsv7M4_T_le_v4SPD16_eabi.lib : memset_t2.obj (.text)
                  000040fa    00000002                                   : startup.obj (.text)
                  000040fc    00000070                                   : autoinit.obj (.text)
                  0000416c    0000006a                                   : copy_decompress_rle.obj (.text)
                  000041d6    00000002     --HOLE-- [fill = 0]
                  000041d8    00000054                                   : boot.obj (.text)
                  0000422c    00000054                                   : exit.obj (.text)
                  00004280    0000004c                                   : cpy_tbl.obj (.text)
                  000042cc    00000048                                   : fd_toi_t2.obj (.text)
                  00004314    0000003e     cpu.obj (.text)
                  00004352    00000038     rtsv7M4_T_le_v4SPD16_eabi.lib : fs_tod_t2.obj (.text)
                  0000438a    00000002     --HOLE-- [fill = 0]
                  0000438c    00000030                                   : new_.obj (.text)
                  000043bc    00000020     LED.obj (.text:_ZN4Task11SendMessageEv)
                  000043dc    00000018     rtsv7M4_T_le_v4SPD16_eabi.lib : args_main.obj (.text)
                  000043f4    00000014                                   : _lock.obj (.text)
                  00004408    0000000e                                   : copy_decompress_none.obj (.text:decompress:none)
                  00004416    0000000e     startup_msp432p401r_ccs.obj (.text)
                  00004424    0000000c     LED.obj (.text:_ZN4Task14ProcessMessageE3MSG)
                  00004430    0000000c     Task.obj (.text:_ZN4Task3runEv)
                  0000443c    00000008     rtsv7M4_T_le_v4SPD16_eabi.lib : delete.obj (.text)
                  00004444    00000006                                   : copy_decompress_rle.obj (.text:decompress:rle24)
                  0000444a    00000004                                   : pre_init.obj (.text)

.const     0    00004450    0000074d     
                  00004450    000002f8     fontfixed6x8.obj (.const:.string:g_pucFontFixed6x8Data)
                  00004748    000000c8     fontfixed6x8.obj (.const:g_sFontFixed6x8)
                  00004810    00000080     adc14.obj (.const:_ctlRegs)
                  00004890    00000050     interrupt.obj (.const:g_pulRegs)
                  000048e0    0000002c     Crystalfontz128x128_ST7735.obj (.const:g_sCrystalfontz128x128)
                  0000490c    00000028     rtsv7M4_T_le_v4SPD16_eabi.lib : typeinfo_.obj (.const:.typeinfo:_ZTSN10__cxxabiv123__fundamental_type_infoE)
                  00004934    00000025                                   : typeinfo_.obj (.const:.typeinfo:_ZTSN10__cxxabiv120__si_class_type_infoE)
                  00004959    00000024                                   : typeinfo_.obj (.const:.typeinfo:_ZTSN10__cxxabiv119__pointer_type_infoE)
                  0000497d    00000022                                   : typeinfo_.obj (.const:.typeinfo:_ZTSN10__cxxabiv117__class_type_infoE)
                  0000499f    00000022                                   : typeinfo_.obj (.const:.typeinfo:_ZTSN10__cxxabiv117__pbase_type_infoE)
                  000049c1    00000002                                   : typeinfo_.obj (.const:.typeinfo:_ZTSe)
                  000049c3    00000001     --HOLE-- [fill = 0]
                  000049c4    00000020     interrupt.obj (.const:g_pulPriority)
                  000049e4    0000001c     HAL_MSP_EXP432P401R_Crystalfontz128x128_ST7735.obj (.const:$P$T0$1)
                  00004a00    0000001c     gpio.obj (.const:GPIO_PORT_TO_INT)
                  00004a1c    0000001c     Screen.obj (.const:_ZTV6Screen)
                  00004a38    00000014     Task.obj (.const:_ZTV4Task)
                  00004a4c    00000014     Servo.obj (.const:_ZTV5Servo)
                  00004a60    00000010     rtsv7M4_T_le_v4SPD16_eabi.lib : typeinfo_.obj (.const:.typeinfo:_ZTIPKe)
                  00004a70    00000010                                   : typeinfo_.obj (.const:_ZTVN10__cxxabiv117__class_type_infoE)
                  00004a80    00000010                                   : typeinfo_.obj (.const:_ZTVN10__cxxabiv119__pointer_type_infoE)
                  00004a90    00000010                                   : typeinfo_.obj (.const:_ZTVN10__cxxabiv120__si_class_type_infoE)
                  00004aa0    00000010                                   : typeinfo_.obj (.const:_ZTVN10__cxxabiv123__fundamental_type_infoE)
                  00004ab0    0000000d                                   : typeinfo_.obj (.const:.typeinfo:_ZTSSt9type_info)
                  00004abd    00000003     --HOLE-- [fill = 0]
                  00004ac0    0000000c     LED.obj (.const:$P$T40$1)
                  00004acc    0000000c     Scheduler.obj (.const:$P$T40$1)
                  00004ad8    0000000c     main.obj (.const:$P$T40$1)
                  00004ae4    0000000c     main.obj (.const:$P$T41$2)
                  00004af0    0000000c     Servo.obj (.const:.typeinfo:_ZTI5Servo)
                  00004afc    0000000c     Screen.obj (.const:.typeinfo:_ZTI6Screen)
                  00004b08    0000000c     rtsv7M4_T_le_v4SPD16_eabi.lib : typeinfo_.obj (.const:.typeinfo:_ZTIN10__cxxabiv117__class_type_infoE)
                  00004b14    0000000c                                   : typeinfo_.obj (.const:.typeinfo:_ZTIN10__cxxabiv117__pbase_type_infoE)
                  00004b20    0000000c                                   : typeinfo_.obj (.const:.typeinfo:_ZTIN10__cxxabiv119__pointer_type_infoE)
                  00004b2c    0000000c                                   : typeinfo_.obj (.const:.typeinfo:_ZTIN10__cxxabiv120__si_class_type_infoE)
                  00004b38    0000000c                                   : typeinfo_.obj (.const:.typeinfo:_ZTIN10__cxxabiv123__fundamental_type_infoE)
                  00004b44    00000008     Crystalfontz128x128_ST7735.obj (.const:$P$T0$1)
                  00004b4c    00000008     Button.obj (.const:.typeinfo:_ZTI4Task)
                  00004b54    00000008     rtsv7M4_T_le_v4SPD16_eabi.lib : typeinfo_.obj (.const:.typeinfo:_ZTISt9type_info)
                  00004b5c    00000008                                   : typeinfo_.obj (.const:.typeinfo:_ZTIe)
                  00004b64    00000008     Screen.obj (.const:.typeinfo:_ZTS6Screen)
                  00004b6c    00000008     interrupt.obj (.const:g_pulDisRegs)
                  00004b74    00000008     interrupt.obj (.const:g_pulEnRegs)
                  00004b7c    00000008     interrupt.obj (.const:g_pulPendRegs)
                  00004b84    00000008     interrupt.obj (.const:g_pulUnpendRegs)
                  00004b8c    00000007     Servo.obj (.const:.typeinfo:_ZTS5Servo)
                  00004b93    00000006     Button.obj (.const:.typeinfo:_ZTS4Task)
                  00004b99    00000004     rtsv7M4_T_le_v4SPD16_eabi.lib : typeinfo_.obj (.const:.typeinfo:_ZTSPKe)

.cinit     0    00004ba8    000000a4     
                  00004ba8    00000068     (.cinit..data.load) [load image, compression = rle]
                  00004c10    0000000b     (.cinit..bss.load) [load image, compression = rle]
                  00004c1b    00000005     --HOLE-- [fill = 0]
                  00004c20    00000009     (.cinit..vtable.load) [load image, compression = rle]
                  00004c29    00000003     --HOLE-- [fill = 0]
                  00004c2c    00000008     (__TI_handler_table)
                  00004c34    00000018     (__TI_cinit_table)

.init_array 
*          0    00004ba0    00000004     
                  00004ba0    00000004     main.obj (.init_array)

.vtable    0    20000000    000000e4     UNINITIALIZED
                  20000000    000000e4     interrupt.obj (.vtable)

.bss       0    200000e8    00001846     UNINITIALIZED
                  200000e8    000017f8     main.obj (.bss:MainScheduler)
                  200018e0    0000001c     (.common:g_sContext)
                  200018fc    00000010     main.obj (.bss)
                  2000190c    00000008     (.common:aDataToSendADC)
                  20001914    00000004     (.common:_ZSt16__dummy_typeinfo)
                  20001918    00000004     (.common:counterADC)
                  2000191c    00000004     (.common:counterADCScreen)
                  20001920    00000004     (.common:pDataToSendADC)
                  20001924    00000002     (.common:Lcd_ScreenHeigth)
                  20001926    00000002     (.common:Lcd_ScreenWidth)
                  20001928    00000002     (.common:Lcd_TouchTrim)
                  2000192a    00000001     (.common:Lcd_FlagRead)
                  2000192b    00000001     (.common:Lcd_FontSolid)
                  2000192c    00000001     (.common:Lcd_Orientation)
                  2000192d    00000001     (.common:Lcd_PenSolid)

.sysmem    0    20001930    00000400     UNINITIALIZED
                  20001930    00000008     rtsv7M4_T_le_v4SPD16_eabi.lib : memory.obj (.sysmem)
                  20001938    000003f8     --HOLE--

.data      0    20001d30    0000007c     UNINITIALIZED
                  20001d30    00000030     gpio.obj (.data:GPIO_PORT_TO_BASE)
                  20001d60    00000018     Servo.obj (.data:pwmConfig)
                  20001d78    0000000c     rtsv7M4_T_le_v4SPD16_eabi.lib : exit.obj (.data:$O1$$)
                  20001d84    0000000c                                   : memory.obj (.data:$O1$$)
                  20001d90    00000008                                   : _lock.obj (.data:$O1$$)
                  20001d98    00000008     main.obj (.data)
                  20001da0    00000004     rtsv7M4_T_le_v4SPD16_eabi.lib : stkdepth_vars.obj (.data)
                  20001da4    00000004                                   : vars.obj (.data)
                  20001da8    00000004     system_msp432p401r.obj (.data)

.stack     0    2000fe00    00000200     UNINITIALIZED
                  2000fe00    00000200     --HOLE--

MODULE SUMMARY

       Module                                               code    ro data   rw data
       ------                                               ----    -------   -------
    ./
       main.obj                                             984     28        12360  
       Scheduler.obj                                        976     12        0      
       system_msp432p401r.obj                               880     0         8      
       Screen.obj                                           740     48        56     
       Servo.obj                                            352     39        48     
       startup_msp432p401r_ccs.obj                          14      228       0      
       Task.obj                                             140     20        0      
       LED.obj                                              44      12        0      
       Button.obj                                           0       14        0      
    +--+----------------------------------------------------+-------+---------+---------+
       Total:                                               4130    401       12472  
                                                                                     
    ./GrLib/fonts/
       fontfixed6x8.obj                                     0       960       0      
    +--+----------------------------------------------------+-------+---------+---------+
       Total:                                               0       960       0      
                                                                                     
    ./GrLib/grlib/
       line.obj                                             1168    0         0      
       context.obj                                          614     0         0      
       display.obj                                          308     0         0      
    +--+----------------------------------------------------+-------+---------+---------+
       Total:                                               2090    0         0      
                                                                                     
    ./LcdDriver/
       Crystalfontz128x128_ST7735.obj                       1656    52        20     
       HAL_MSP_EXP432P401R_Crystalfontz128x128_ST7735.obj   188     28        0      
    +--+----------------------------------------------------+-------+---------+---------+
       Total:                                               1844    80        20     
                                                                                     
    ./driverlib/MSP432P4xx/
       adc14.obj                                            2272    128       0      
       spi.obj                                              2212    0         0      
       interrupt.obj                                        1008    144       456    
       gpio.obj                                             1152    28        96     
       cpu.obj                                              62      0         0      
    +--+----------------------------------------------------+-------+---------+---------+
       Total:                                               6706    300       552    
                                                                                     
    /home/aglt93/ti/ccsv6/tools/compiler/arm_15.12.3.LTS/lib/rtsv7M4_T_le_v4SPD16_eabi.lib
       memory.obj                                           988     0         24     
       typeinfo_.obj                                        188     356       8      
       fd_div_t2.obj                                        310     0         0      
       memcpy_t2.obj                                        156     0         0      
       memset_t2.obj                                        122     0         0      
       autoinit.obj                                         112     0         0      
       copy_decompress_rle.obj                              112     0         0      
       exit.obj                                             84      0         24     
       boot.obj                                             84      0         0      
       cpy_tbl.obj                                          76      0         0      
       fd_toi_t2.obj                                        72      0         0      
       fs_tod_t2.obj                                        56      0         0      
       new_.obj                                             48      0         0      
       _lock.obj                                            20      0         16     
       args_main.obj                                        24      0         0      
       copy_decompress_none.obj                             14      0         0      
       delete.obj                                           8       0         0      
       stkdepth_vars.obj                                    0       0         8      
       vars.obj                                             0       0         8      
       pre_init.obj                                         4       0         0      
       mpu_init.obj                                         2       0         0      
       newhandler.obj                                       2       0         0      
       startup.obj                                          2       0         0      
    +--+----------------------------------------------------+-------+---------+---------+
       Total:                                               2484    356       88     
                                                                                     
       Heap:                                                0       0         2048   
       Stack:                                               0       0         1024   
       Linker Generated:                                    0       156       0      
    +--+----------------------------------------------------+-------+---------+---------+
       Grand Total:                                         17254   2253      16204  


LINKER GENERATED COPY TABLES

__TI_cinit_table @ 00004c34 records: 3, size/record: 8, table size: 24
	.data: load addr=00004ba8, load size=00000068 bytes, run addr=20001d30, run size=0000007c bytes, compression=rle
	.bss: load addr=00004c10, load size=0000000b bytes, run addr=200000e8, run size=00001846 bytes, compression=rle
	.vtable: load addr=00004c20, load size=00000009 bytes, run addr=20000000, run size=000000e4 bytes, compression=rle


LINKER GENERATED HANDLER TABLE

__TI_handler_table @ 00004c2c records: 2, size/record: 4, table size: 8
	index: 0, handler: __TI_decompress_rle24
	index: 1, handler: __TI_decompress_none


GLOBAL SYMBOLS: SORTED ALPHABETICALLY BY Name 

address   name                                              
-------   ----                                              
00002bf7  ADC14_IRQHandler                                  
00002bf7  ADC14_IRQHandler                                  
00000939  ADC14_clearInterruptFlag                          
000004d9  ADC14_configureConversionMemory                   
00000381  ADC14_configureMultiSequenceMode                  
00000417  ADC14_configureSingleSampleMode                   
00000611  ADC14_disableComparatorWindow                     
000004af  ADC14_disableConversion                           
000008b3  ADC14_disableInterrupt                            
00000255  ADC14_disableModule                               
0000082f  ADC14_disableReferenceBurst                       
00000295  ADC14_disableSampleTimer                          
00000581  ADC14_enableComparatorWindow                      
0000046d  ADC14_enableConversion                            
00000887  ADC14_enableInterrupt                             
0000024d  ADC14_enableModule                                
00000819  ADC14_enableReferenceBurst                        
0000026b  ADC14_enableSampleTimer                           
00000909  ADC14_getEnabledInterruptStatus                   
000008df  ADC14_getInterruptStatus                          
00000739  ADC14_getMultiSequenceResult                      
0000030b  ADC14_getResolution                               
0000071f  ADC14_getResult                                   
000007a5  ADC14_getResultArray                              
000002ab  ADC14_initModule                                  
000004bb  ADC14_isBusy                                      
00000969  ADC14_registerInterrupt                           
0000066f  ADC14_setComparatorWindowValue                    
00000845  ADC14_setPowerMode                                
000002f1  ADC14_setResolution                               
000006f5  ADC14_setResultFormat                             
00000357  ADC14_setSampleHoldTime                           
00000315  ADC14_setSampleHoldTrigger                        
0000048d  ADC14_toggleConversionTrigger                     
0000097d  ADC14_unregisterInterrupt                         
00004423  AES256_IRQHandler                                 
00004423  BusFault_Handler                                  
0000422d  C$$EXIT                                           
00004423  COMP_E0_IRQHandler                                
00004423  COMP_E1_IRQHandler                                
00004349  CPU_basepriGet                                    
0000433b  CPU_basepriSet                                    
00004315  CPU_cpsid                                         
0000432b  CPU_cpsie                                         
00004321  CPU_primask                                       
00004337  CPU_wfi                                           
00004423  CS_IRQHandler                                     
00001269  Crystalfontz128x128_Init                          
0000137d  Crystalfontz128x128_SetDrawFrame                  
000014ab  Crystalfontz128x128_SetOrientation                
00004423  DMA_ERR_IRQHandler                                
00004423  DMA_INT0_IRQHandler                               
00004423  DMA_INT1_IRQHandler                               
00004423  DMA_INT2_IRQHandler                               
00004423  DMA_INT3_IRQHandler                               
200018fc  DataToSend                                        
20001904  DataToSend2ADC                                    
20001908  DataToSend3                                       
20001900  DataToSendADC                                     
00004423  DebugMon_Handler                                  
00004423  Default_Handler                                   
00004423  EUSCIA0_IRQHandler                                
00004423  EUSCIA1_IRQHandler                                
00004423  EUSCIA2_IRQHandler                                
00004423  EUSCIA3_IRQHandler                                
00004423  EUSCIB0_IRQHandler                                
00004423  EUSCIB1_IRQHandler                                
00004423  EUSCIB2_IRQHandler                                
00004423  EUSCIB3_IRQHandler                                
00001133  EUSCI_A_SPI_changeClockPhasePolarity              
000011e7  EUSCI_A_SPI_clearInterruptFlag                    
00001217  EUSCI_A_SPI_disable                               
000011b5  EUSCI_A_SPI_disableInterrupt                      
00001201  EUSCI_A_SPI_enable                                
0000119b  EUSCI_A_SPI_enableInterrupt                       
000011cf  EUSCI_A_SPI_getInterruptStatus                    
0000122d  EUSCI_A_SPI_getReceiveBufferAddressForDMA         
0000123b  EUSCI_A_SPI_getTransmitBufferAddressForDMA        
00001249  EUSCI_A_SPI_isBusy                                
000010b3  EUSCI_A_SPI_masterChangeClock                     
0000118b  EUSCI_A_SPI_receiveData                           
00001093  EUSCI_A_SPI_select4PinFunctionality               
000010e9  EUSCI_A_SPI_slaveInit                             
00001175  EUSCI_A_SPI_transmitData                          
00000f65  EUSCI_B_SPI_changeClockPhasePolarity              
00001019  EUSCI_B_SPI_clearInterruptFlag                    
00001049  EUSCI_B_SPI_disable                               
00000fe7  EUSCI_B_SPI_disableInterrupt                      
00001033  EUSCI_B_SPI_enable                                
00000fcd  EUSCI_B_SPI_enableInterrupt                       
00001001  EUSCI_B_SPI_getInterruptStatus                    
0000105f  EUSCI_B_SPI_getReceiveBufferAddressForDMA         
0000106d  EUSCI_B_SPI_getTransmitBufferAddressForDMA        
0000107b  EUSCI_B_SPI_isBusy                                
00000ee9  EUSCI_B_SPI_masterChangeClock                     
00000fbd  EUSCI_B_SPI_receiveData                           
00000ec9  EUSCI_B_SPI_select4PinFunctionality               
00000f1b  EUSCI_B_SPI_slaveInit                             
00000fa7  EUSCI_B_SPI_transmitData                          
00004423  FLCTL_IRQHandler                                  
00004423  FPU_IRQHandler                                    
00002093  GPIO_clearInterruptFlag                           
00002053  GPIO_disableInterrupt                             
00002031  GPIO_enableInterrupt                              
000020eb  GPIO_getEnabledInterruptStatus                    
00002003  GPIO_getInputPinValue                             
00002075  GPIO_getInterruptStatus                           
000020b5  GPIO_interruptEdgeSelect                          
000021ab  GPIO_registerInterrupt                            
00001dab  GPIO_setAsInputPin                                
00001f5f  GPIO_setAsInputPinWithPullDownResistor            
00001fb1  GPIO_setAsInputPinWithPullUpResistor              
00001d71  GPIO_setAsOutputPin                               
00001e75  GPIO_setAsPeripheralModuleFunctionInputPin        
00001df1  GPIO_setAsPeripheralModuleFunctionOutputPin       
00002167  GPIO_setDriveStrengthHigh                         
00002189  GPIO_setDriveStrengthLow                          
00001ef9  GPIO_setOutputHighOnPin                           
00001f1b  GPIO_setOutputLowOnPin                            
00001f3d  GPIO_toggleOutputOnPin                            
000021cb  GPIO_unregisterInterrupt                          
000039a5  Graphics_clearDisplay                             
00003dd3  Graphics_clearDisplayOnDisplay                    
00003d25  Graphics_drawHorizontalLineOnDisplay              
00001bfd  Graphics_drawLine                                 
000018e1  Graphics_drawLineH                                
0000197d  Graphics_drawLineV                                
00003ce1  Graphics_drawMultiplePixelsOnDisplay              
000039b7  Graphics_drawPixel                                
00003cb7  Graphics_drawPixelOnDisplay                       
00003d59  Graphics_drawVerticalLineOnDisplay                
00003d8d  Graphics_fillRectangleOnDisplay                   
00003997  Graphics_flushBuffer                              
00003dc1  Graphics_flushOnDisplay                           
00003979  Graphics_getDisplayHeight                         
00003969  Graphics_getDisplayWidth                          
00003917  Graphics_getFontBaseline                          
0000394d  Graphics_getFontHeight                            
0000395b  Graphics_getFontMaxWidth                          
00003989  Graphics_getHeightOfDisplay                       
00003a11  Graphics_getWidthOfDisplay                        
000037b9  Graphics_initContext                              
000038cd  Graphics_setBackgroundColor                       
000038e7  Graphics_setBackgroundColorTranslated             
00003803  Graphics_setClipRegion                            
000038fd  Graphics_setFont                                  
00003925  Graphics_setForegroundColor                       
0000393b  Graphics_setForegroundColorTranslated             
00003dab  Graphics_translateColorOnDisplay                  
00003ded  HAL_LCD_PortInit                                  
00003e1d  HAL_LCD_SpiInit                                   
00003e53  HAL_LCD_writeCommand                              
00003e7b  HAL_LCD_writeData                                 
00004423  HardFault_Handler                                 
000023b3  Interrupt_disableInterrupt                        
00002203  Interrupt_disableMaster                           
000025b1  Interrupt_disableSleepOnIsrExit                   
00002341  Interrupt_enableInterrupt                         
000021f3  Interrupt_enableMaster                            
0000259f  Interrupt_enableSleepOnIsrExit                    
0000231b  Interrupt_getPriority                             
00002293  Interrupt_getPriorityGrouping                     
0000257f  Interrupt_getPriorityMask                         
00002599  Interrupt_getVectorTableAddress                   
00002425  Interrupt_isEnabled                               
000024b1  Interrupt_pendInterrupt                           
00002213  Interrupt_registerInterrupt                       
000022cb  Interrupt_setPriority                             
00002279  Interrupt_setPriorityGrouping                     
0000256f  Interrupt_setPriorityMask                         
00002589  Interrupt_setVectorTableAddress                   
00002521  Interrupt_unpendInterrupt                         
00002265  Interrupt_unregisterInterrupt                     
2000192a  Lcd_FlagRead                                      
2000192b  Lcd_FontSolid                                     
2000192c  Lcd_Orientation                                   
2000192d  Lcd_PenSolid                                      
20001924  Lcd_ScreenHeigth                                  
20001926  Lcd_ScreenWidth                                   
20001928  Lcd_TouchTrim                                     
200000e8  MainScheduler                                     
00004423  MemManage_Handler                                 
00004423  NMI_Handler                                       
00004423  PCM_IRQHandler                                    
00004423  PORT1_IRQHandler                                  
00004423  PORT2_IRQHandler                                  
00004423  PORT3_IRQHandler                                  
00004423  PORT4_IRQHandler                                  
00004423  PORT5_IRQHandler                                  
00004423  PORT6_IRQHandler                                  
00004423  PSS_IRQHandler                                    
00004423  PendSV_Handler                                    
00004423  RTC_C_IRQHandler                                  
00004417  Reset_Handler                                     
00004ba0  SHT$$INIT_ARRAY$$Base                             
00004ba4  SHT$$INIT_ARRAY$$Limit                            
00000b87  SPI_changeClockPhasePolarity                      
00000ae1  SPI_changeMasterClock                             
00000d39  SPI_clearInterruptFlag                            
00000cbb  SPI_disableInterrupt                              
00000c15  SPI_disableModule                                 
00000c95  SPI_enableInterrupt                               
00000bf9  SPI_enableModule                                  
00000d09  SPI_getEnabledInterruptStatus                     
00000ce1  SPI_getInterruptStatus                            
00000c31  SPI_getReceiveBufferAddressForDMA                 
00000c4d  SPI_getTransmitBufferAddressForDMA                
000009f5  SPI_initMaster                                    
00000b09  SPI_initSlave                                     
00000c79  SPI_isBusy                                        
00000bdd  SPI_receiveData                                   
00000d5f  SPI_registerInterrupt                             
00000abb  SPI_selectFourPinFunctionality                    
00000bb7  SPI_transmitData                                  
00000e1d  SPI_unregisterInterrupt                           
00004423  SVC_Handler                                       
00004423  SysTick_Handler                                   
20001da8  SystemCoreClock                                   
00003165  SystemCoreClockUpdate                             
000033d9  SystemInit                                        
00002bd9  T32_INT1_IRQHandler                               
00002bd9  T32_INT1_IRQHandler                               
00004423  T32_INT2_IRQHandler                               
00004423  T32_INTC_IRQHandler                               
00004423  TA0_0_IRQHandler                                  
00004423  TA0_N_IRQHandler                                  
00004423  TA1_0_IRQHandler                                  
00004423  TA1_N_IRQHandler                                  
00004423  TA2_0_IRQHandler                                  
00004423  TA2_N_IRQHandler                                  
00004423  TA3_0_IRQHandler                                  
00004423  TA3_N_IRQHandler                                  
00004423  UsageFault_Handler                                
4000480c  WDTCTL_SYM                                        
00004423  WDT_A_IRQHandler                                  
00003deb  _Z21__default_new_handlerv                        
00002b6d  _Z5Setupv                                         
00002a8b  _Z8setupADCv                                      
00003f55  _ZN10__cxxabiv116__enum_type_infoD0Ev             
00003f53  _ZN10__cxxabiv116__enum_type_infoD1Ev             
00003f53  _ZN10__cxxabiv116__enum_type_infoD2Ev             
00003f4b  _ZN10__cxxabiv117__array_type_infoD0Ev            
00003f49  _ZN10__cxxabiv117__array_type_infoD1Ev            
00003f49  _ZN10__cxxabiv117__array_type_infoD2Ev            
00003f41  _ZN10__cxxabiv117__class_type_infoD0Ev            
00003f3f  _ZN10__cxxabiv117__class_type_infoD1Ev            
00003f3f  _ZN10__cxxabiv117__class_type_infoD2Ev            
00003f37  _ZN10__cxxabiv117__pbase_type_infoD0Ev            
00003f35  _ZN10__cxxabiv117__pbase_type_infoD1Ev            
00003f35  _ZN10__cxxabiv117__pbase_type_infoD2Ev            
00003f2d  _ZN10__cxxabiv119__pointer_type_infoD0Ev          
00003f2b  _ZN10__cxxabiv119__pointer_type_infoD1Ev          
00003f2b  _ZN10__cxxabiv119__pointer_type_infoD2Ev          
00003f23  _ZN10__cxxabiv120__function_type_infoD0Ev         
00003f21  _ZN10__cxxabiv120__function_type_infoD1Ev         
00003f21  _ZN10__cxxabiv120__function_type_infoD2Ev         
00003f19  _ZN10__cxxabiv120__si_class_type_infoD0Ev         
00003f17  _ZN10__cxxabiv120__si_class_type_infoD1Ev         
00003f17  _ZN10__cxxabiv120__si_class_type_infoD2Ev         
00003f0f  _ZN10__cxxabiv121__vmi_class_type_infoD0Ev        
00003f0d  _ZN10__cxxabiv121__vmi_class_type_infoD1Ev        
00003f0d  _ZN10__cxxabiv121__vmi_class_type_infoD2Ev        
00003f05  _ZN10__cxxabiv123__fundamental_type_infoD0Ev      
00003f03  _ZN10__cxxabiv123__fundamental_type_infoD1Ev      
00003f03  _ZN10__cxxabiv123__fundamental_type_infoD2Ev      
00003efb  _ZN10__cxxabiv129__pointer_to_member_type_infoD0Ev
00003ef9  _ZN10__cxxabiv129__pointer_to_member_type_infoD1Ev
00003ef9  _ZN10__cxxabiv129__pointer_to_member_type_infoD2Ev
000043bd  _ZN4Task11SendMessageEv                           
00004425  _ZN4Task14ProcessMessageE3MSG                     
0000406b  _ZN4Task17GetTaskFinalCountEv                     
0000403d  _ZN4Task17SetTaskFinalCountEy                     
0000405b  _ZN4Task19GetTaskCurrentCountEv                   
0000401f  _ZN4Task19SetTaskCurrentCountEy                   
00004431  _ZN4Task3runEv                                    
00004001  _ZN4TaskC1Ev                                      
00004001  _ZN4TaskC2Ev                                      
00003acf  _ZN5Servo14ProcessMessageE3MSG                    
00003b33  _ZN5Servo19ADCtoServoValueConvEi                  
00003a97  _ZN5Servo3runEv                                   
00003a21  _ZN5ServoC1Eibii                                  
00003a21  _ZN5ServoC2Eibii                                  
000035eb  _ZN6Screen11printScreenEhht                       
00003571  _ZN6Screen14ProcessMessageE3MSG                   
00003763  _ZN6Screen20ADCtoScreenValueConvEi                
00003565  _ZN6Screen3runEv                                  
000034d5  _ZN6ScreenC1Eib                                   
000034d5  _ZN6ScreenC2Eib                                   
0000300f  _ZN9Scheduler13attachMessageE3MSG                 
000030ff  _ZN9Scheduler14processMessageE3MSG                
00003067  _ZN9Scheduler17clearMessageQueueEv                
000030b5  _ZN9Scheduler18clearNextSchedulerEv               
00002f8b  _ZN9Scheduler19ProcessMessageQueueEv              
00002ebf  _ZN9Scheduler21CalculateNextScheduleEv            
00003151  _ZN9Scheduler22SortScheduleByPriorityEP4Task      
00002e61  _ZN9Scheduler3runEv                               
00002df5  _ZN9Scheduler6attachEP4Task                       
00002d95  _ZN9SchedulerC1Ev                                 
00002d95  _ZN9SchedulerC2Ev                                 
00003ebb  _ZNKSt9type_info4nameEv                           
00003eeb  _ZNKSt9type_info6beforeERKS_                      
00003ed5  _ZNKSt9type_infoeqERKS_                           
00003ebf  _ZNKSt9type_infoneERKS_                           
00003eb3  _ZNSt9type_infoD0Ev                               
00003eb1  _ZNSt9type_infoD1Ev                               
00003eb1  _ZNSt9type_infoD2Ev                               
20001914  _ZSt16__dummy_typeinfo                            
00003ea9  _ZSt21__gen_dummy_typeinfosv                      
00004b4c  _ZTI4Task                                         
00004af0  _ZTI5Servo                                        
00004afc  _ZTI6Screen                                       
00004b08  _ZTIN10__cxxabiv117__class_type_infoE             
00004b14  _ZTIN10__cxxabiv117__pbase_type_infoE             
00004b20  _ZTIN10__cxxabiv119__pointer_type_infoE           
00004b2c  _ZTIN10__cxxabiv120__si_class_type_infoE          
00004b38  _ZTIN10__cxxabiv123__fundamental_type_infoE       
00004a60  _ZTIPKe                                           
00004b54  _ZTISt9type_info                                  
00004b5c  _ZTIe                                             
00004b93  _ZTS4Task                                         
00004b8c  _ZTS5Servo                                        
00004b64  _ZTS6Screen                                       
0000497d  _ZTSN10__cxxabiv117__class_type_infoE             
0000499f  _ZTSN10__cxxabiv117__pbase_type_infoE             
00004959  _ZTSN10__cxxabiv119__pointer_type_infoE           
00004934  _ZTSN10__cxxabiv120__si_class_type_infoE          
0000490c  _ZTSN10__cxxabiv123__fundamental_type_infoE       
00004b99  _ZTSPKe                                           
00004ab0  _ZTSSt9type_info                                  
000049c1  _ZTSe                                             
00004a38  _ZTV4Task                                         
00004a4c  _ZTV5Servo                                        
00004a1c  _ZTV6Screen                                       
00004a70  _ZTVN10__cxxabiv117__class_type_infoE             
00004a80  _ZTVN10__cxxabiv119__pointer_type_infoE           
00004a90  _ZTVN10__cxxabiv120__si_class_type_infoE          
00004aa0  _ZTVN10__cxxabiv123__fundamental_type_infoE       
0000443d  _ZdlPv                                            
0000438d  _Znwj                                             
20010000  __STACK_END                                       
00000200  __STACK_SIZE                                      
00000400  __SYSMEM_SIZE                                     
00004c34  __TI_CINIT_Base                                   
00004c4c  __TI_CINIT_Limit                                  
00004c2c  __TI_Handler_Table_Base                           
00004c34  __TI_Handler_Table_Limit                          
000040fd  __TI_auto_init                                    
20001d78  __TI_cleanup_ptr                                  
00004409  __TI_decompress_none                              
00004445  __TI_decompress_rle24                             
20001d7c  __TI_dtors_ptr                                    
20001d80  __TI_enable_exit_profile_output                   
ffffffff  __TI_pprof_out_hndl                               
ffffffff  __TI_prof_data_size                               
ffffffff  __TI_prof_data_start                              
00000000  __TI_static_base__                                
000042cd  __aeabi_d2iz                                      
00003b81  __aeabi_ddiv                                      
00004353  __aeabi_f2d                                       
00004081  __aeabi_memclr                                    
00004081  __aeabi_memclr4                                   
00004081  __aeabi_memclr8                                   
00003f65  __aeabi_memcpy                                    
00003f65  __aeabi_memcpy4                                   
00003f65  __aeabi_memcpy8                                   
00004083  __aeabi_memset                                    
00004083  __aeabi_memset4                                   
00004083  __aeabi_memset8                                   
ffffffff  __binit__                                         
ffffffff  __c_args__                                        
00003a1f  __mpu_init                                        
2000fe00  __stack                                           
00002cc5  __sti___8_main_cpp_906062e2                       
000043dd  _args_main                                        
000041d9  _c_int00                                          
20001d90  _lock                                             
20001da4  _new_handler                                      
00004403  _nop                                              
000043fb  _register_lock                                    
000043f5  _register_unlock                                  
20001930  _sys_memory                                       
000040fb  _system_post_cinit                                
0000444b  _system_pre_init                                  
20001d94  _unlock                                           
2000190c  aDataToSendADC                                    
00004231  abort                                             
ffffffff  binit                                             
00002989  calloc                                            
00004281  copy_in                                           
20001918  counterADC                                        
2000191c  counterADCScreen                                  
00004239  exit                                              
000026d7  free                                              
20000000  g_pfnRAMVectors                                   
200018e0  g_sContext                                        
000048e0  g_sCrystalfontz128x128                            
00004748  g_sFontFixed6x8                                   
00000000  interruptVectors                                  
00002a27  main                                              
20001da0  main_func_sp                                      
0000266f  malloc                                            
000028a5  memalign                                          
00003f65  memcpy                                            
00004089  memset                                            
000025e1  minit                                             
20001920  pDataToSendADC                                    
20001d60  pwmConfig                                         
00002799  realloc                                           


GLOBAL SYMBOLS: SORTED BY Symbol Address 

address   name                                              
-------   ----                                              
00000000  __TI_static_base__                                
00000000  interruptVectors                                  
00000200  __STACK_SIZE                                      
0000024d  ADC14_enableModule                                
00000255  ADC14_disableModule                               
0000026b  ADC14_enableSampleTimer                           
00000295  ADC14_disableSampleTimer                          
000002ab  ADC14_initModule                                  
000002f1  ADC14_setResolution                               
0000030b  ADC14_getResolution                               
00000315  ADC14_setSampleHoldTrigger                        
00000357  ADC14_setSampleHoldTime                           
00000381  ADC14_configureMultiSequenceMode                  
00000400  __SYSMEM_SIZE                                     
00000417  ADC14_configureSingleSampleMode                   
0000046d  ADC14_enableConversion                            
0000048d  ADC14_toggleConversionTrigger                     
000004af  ADC14_disableConversion                           
000004bb  ADC14_isBusy                                      
000004d9  ADC14_configureConversionMemory                   
00000581  ADC14_enableComparatorWindow                      
00000611  ADC14_disableComparatorWindow                     
0000066f  ADC14_setComparatorWindowValue                    
000006f5  ADC14_setResultFormat                             
0000071f  ADC14_getResult                                   
00000739  ADC14_getMultiSequenceResult                      
000007a5  ADC14_getResultArray                              
00000819  ADC14_enableReferenceBurst                        
0000082f  ADC14_disableReferenceBurst                       
00000845  ADC14_setPowerMode                                
00000887  ADC14_enableInterrupt                             
000008b3  ADC14_disableInterrupt                            
000008df  ADC14_getInterruptStatus                          
00000909  ADC14_getEnabledInterruptStatus                   
00000939  ADC14_clearInterruptFlag                          
00000969  ADC14_registerInterrupt                           
0000097d  ADC14_unregisterInterrupt                         
000009f5  SPI_initMaster                                    
00000abb  SPI_selectFourPinFunctionality                    
00000ae1  SPI_changeMasterClock                             
00000b09  SPI_initSlave                                     
00000b87  SPI_changeClockPhasePolarity                      
00000bb7  SPI_transmitData                                  
00000bdd  SPI_receiveData                                   
00000bf9  SPI_enableModule                                  
00000c15  SPI_disableModule                                 
00000c31  SPI_getReceiveBufferAddressForDMA                 
00000c4d  SPI_getTransmitBufferAddressForDMA                
00000c79  SPI_isBusy                                        
00000c95  SPI_enableInterrupt                               
00000cbb  SPI_disableInterrupt                              
00000ce1  SPI_getInterruptStatus                            
00000d09  SPI_getEnabledInterruptStatus                     
00000d39  SPI_clearInterruptFlag                            
00000d5f  SPI_registerInterrupt                             
00000e1d  SPI_unregisterInterrupt                           
00000ec9  EUSCI_B_SPI_select4PinFunctionality               
00000ee9  EUSCI_B_SPI_masterChangeClock                     
00000f1b  EUSCI_B_SPI_slaveInit                             
00000f65  EUSCI_B_SPI_changeClockPhasePolarity              
00000fa7  EUSCI_B_SPI_transmitData                          
00000fbd  EUSCI_B_SPI_receiveData                           
00000fcd  EUSCI_B_SPI_enableInterrupt                       
00000fe7  EUSCI_B_SPI_disableInterrupt                      
00001001  EUSCI_B_SPI_getInterruptStatus                    
00001019  EUSCI_B_SPI_clearInterruptFlag                    
00001033  EUSCI_B_SPI_enable                                
00001049  EUSCI_B_SPI_disable                               
0000105f  EUSCI_B_SPI_getReceiveBufferAddressForDMA         
0000106d  EUSCI_B_SPI_getTransmitBufferAddressForDMA        
0000107b  EUSCI_B_SPI_isBusy                                
00001093  EUSCI_A_SPI_select4PinFunctionality               
000010b3  EUSCI_A_SPI_masterChangeClock                     
000010e9  EUSCI_A_SPI_slaveInit                             
00001133  EUSCI_A_SPI_changeClockPhasePolarity              
00001175  EUSCI_A_SPI_transmitData                          
0000118b  EUSCI_A_SPI_receiveData                           
0000119b  EUSCI_A_SPI_enableInterrupt                       
000011b5  EUSCI_A_SPI_disableInterrupt                      
000011cf  EUSCI_A_SPI_getInterruptStatus                    
000011e7  EUSCI_A_SPI_clearInterruptFlag                    
00001201  EUSCI_A_SPI_enable                                
00001217  EUSCI_A_SPI_disable                               
0000122d  EUSCI_A_SPI_getReceiveBufferAddressForDMA         
0000123b  EUSCI_A_SPI_getTransmitBufferAddressForDMA        
00001249  EUSCI_A_SPI_isBusy                                
00001269  Crystalfontz128x128_Init                          
0000137d  Crystalfontz128x128_SetDrawFrame                  
000014ab  Crystalfontz128x128_SetOrientation                
000018e1  Graphics_drawLineH                                
0000197d  Graphics_drawLineV                                
00001bfd  Graphics_drawLine                                 
00001d71  GPIO_setAsOutputPin                               
00001dab  GPIO_setAsInputPin                                
00001df1  GPIO_setAsPeripheralModuleFunctionOutputPin       
00001e75  GPIO_setAsPeripheralModuleFunctionInputPin        
00001ef9  GPIO_setOutputHighOnPin                           
00001f1b  GPIO_setOutputLowOnPin                            
00001f3d  GPIO_toggleOutputOnPin                            
00001f5f  GPIO_setAsInputPinWithPullDownResistor            
00001fb1  GPIO_setAsInputPinWithPullUpResistor              
00002003  GPIO_getInputPinValue                             
00002031  GPIO_enableInterrupt                              
00002053  GPIO_disableInterrupt                             
00002075  GPIO_getInterruptStatus                           
00002093  GPIO_clearInterruptFlag                           
000020b5  GPIO_interruptEdgeSelect                          
000020eb  GPIO_getEnabledInterruptStatus                    
00002167  GPIO_setDriveStrengthHigh                         
00002189  GPIO_setDriveStrengthLow                          
000021ab  GPIO_registerInterrupt                            
000021cb  GPIO_unregisterInterrupt                          
000021f3  Interrupt_enableMaster                            
00002203  Interrupt_disableMaster                           
00002213  Interrupt_registerInterrupt                       
00002265  Interrupt_unregisterInterrupt                     
00002279  Interrupt_setPriorityGrouping                     
00002293  Interrupt_getPriorityGrouping                     
000022cb  Interrupt_setPriority                             
0000231b  Interrupt_getPriority                             
00002341  Interrupt_enableInterrupt                         
000023b3  Interrupt_disableInterrupt                        
00002425  Interrupt_isEnabled                               
000024b1  Interrupt_pendInterrupt                           
00002521  Interrupt_unpendInterrupt                         
0000256f  Interrupt_setPriorityMask                         
0000257f  Interrupt_getPriorityMask                         
00002589  Interrupt_setVectorTableAddress                   
00002599  Interrupt_getVectorTableAddress                   
0000259f  Interrupt_enableSleepOnIsrExit                    
000025b1  Interrupt_disableSleepOnIsrExit                   
000025e1  minit                                             
0000266f  malloc                                            
000026d7  free                                              
00002799  realloc                                           
000028a5  memalign                                          
00002989  calloc                                            
00002a27  main                                              
00002a8b  _Z8setupADCv                                      
00002b6d  _Z5Setupv                                         
00002bd9  T32_INT1_IRQHandler                               
00002bd9  T32_INT1_IRQHandler                               
00002bf7  ADC14_IRQHandler                                  
00002bf7  ADC14_IRQHandler                                  
00002cc5  __sti___8_main_cpp_906062e2                       
00002d95  _ZN9SchedulerC1Ev                                 
00002d95  _ZN9SchedulerC2Ev                                 
00002df5  _ZN9Scheduler6attachEP4Task                       
00002e61  _ZN9Scheduler3runEv                               
00002ebf  _ZN9Scheduler21CalculateNextScheduleEv            
00002f8b  _ZN9Scheduler19ProcessMessageQueueEv              
0000300f  _ZN9Scheduler13attachMessageE3MSG                 
00003067  _ZN9Scheduler17clearMessageQueueEv                
000030b5  _ZN9Scheduler18clearNextSchedulerEv               
000030ff  _ZN9Scheduler14processMessageE3MSG                
00003151  _ZN9Scheduler22SortScheduleByPriorityEP4Task      
00003165  SystemCoreClockUpdate                             
000033d9  SystemInit                                        
000034d5  _ZN6ScreenC1Eib                                   
000034d5  _ZN6ScreenC2Eib                                   
00003565  _ZN6Screen3runEv                                  
00003571  _ZN6Screen14ProcessMessageE3MSG                   
000035eb  _ZN6Screen11printScreenEhht                       
00003763  _ZN6Screen20ADCtoScreenValueConvEi                
000037b9  Graphics_initContext                              
00003803  Graphics_setClipRegion                            
000038cd  Graphics_setBackgroundColor                       
000038e7  Graphics_setBackgroundColorTranslated             
000038fd  Graphics_setFont                                  
00003917  Graphics_getFontBaseline                          
00003925  Graphics_setForegroundColor                       
0000393b  Graphics_setForegroundColorTranslated             
0000394d  Graphics_getFontHeight                            
0000395b  Graphics_getFontMaxWidth                          
00003969  Graphics_getDisplayWidth                          
00003979  Graphics_getDisplayHeight                         
00003989  Graphics_getHeightOfDisplay                       
00003997  Graphics_flushBuffer                              
000039a5  Graphics_clearDisplay                             
000039b7  Graphics_drawPixel                                
00003a11  Graphics_getWidthOfDisplay                        
00003a1f  __mpu_init                                        
00003a21  _ZN5ServoC1Eibii                                  
00003a21  _ZN5ServoC2Eibii                                  
00003a97  _ZN5Servo3runEv                                   
00003acf  _ZN5Servo14ProcessMessageE3MSG                    
00003b33  _ZN5Servo19ADCtoServoValueConvEi                  
00003b81  __aeabi_ddiv                                      
00003cb7  Graphics_drawPixelOnDisplay                       
00003ce1  Graphics_drawMultiplePixelsOnDisplay              
00003d25  Graphics_drawHorizontalLineOnDisplay              
00003d59  Graphics_drawVerticalLineOnDisplay                
00003d8d  Graphics_fillRectangleOnDisplay                   
00003dab  Graphics_translateColorOnDisplay                  
00003dc1  Graphics_flushOnDisplay                           
00003dd3  Graphics_clearDisplayOnDisplay                    
00003deb  _Z21__default_new_handlerv                        
00003ded  HAL_LCD_PortInit                                  
00003e1d  HAL_LCD_SpiInit                                   
00003e53  HAL_LCD_writeCommand                              
00003e7b  HAL_LCD_writeData                                 
00003ea9  _ZSt21__gen_dummy_typeinfosv                      
00003eb1  _ZNSt9type_infoD1Ev                               
00003eb1  _ZNSt9type_infoD2Ev                               
00003eb3  _ZNSt9type_infoD0Ev                               
00003ebb  _ZNKSt9type_info4nameEv                           
00003ebf  _ZNKSt9type_infoneERKS_                           
00003ed5  _ZNKSt9type_infoeqERKS_                           
00003eeb  _ZNKSt9type_info6beforeERKS_                      
00003ef9  _ZN10__cxxabiv129__pointer_to_member_type_infoD1Ev
00003ef9  _ZN10__cxxabiv129__pointer_to_member_type_infoD2Ev
00003efb  _ZN10__cxxabiv129__pointer_to_member_type_infoD0Ev
00003f03  _ZN10__cxxabiv123__fundamental_type_infoD1Ev      
00003f03  _ZN10__cxxabiv123__fundamental_type_infoD2Ev      
00003f05  _ZN10__cxxabiv123__fundamental_type_infoD0Ev      
00003f0d  _ZN10__cxxabiv121__vmi_class_type_infoD1Ev        
00003f0d  _ZN10__cxxabiv121__vmi_class_type_infoD2Ev        
00003f0f  _ZN10__cxxabiv121__vmi_class_type_infoD0Ev        
00003f17  _ZN10__cxxabiv120__si_class_type_infoD1Ev         
00003f17  _ZN10__cxxabiv120__si_class_type_infoD2Ev         
00003f19  _ZN10__cxxabiv120__si_class_type_infoD0Ev         
00003f21  _ZN10__cxxabiv120__function_type_infoD1Ev         
00003f21  _ZN10__cxxabiv120__function_type_infoD2Ev         
00003f23  _ZN10__cxxabiv120__function_type_infoD0Ev         
00003f2b  _ZN10__cxxabiv119__pointer_type_infoD1Ev          
00003f2b  _ZN10__cxxabiv119__pointer_type_infoD2Ev          
00003f2d  _ZN10__cxxabiv119__pointer_type_infoD0Ev          
00003f35  _ZN10__cxxabiv117__pbase_type_infoD1Ev            
00003f35  _ZN10__cxxabiv117__pbase_type_infoD2Ev            
00003f37  _ZN10__cxxabiv117__pbase_type_infoD0Ev            
00003f3f  _ZN10__cxxabiv117__class_type_infoD1Ev            
00003f3f  _ZN10__cxxabiv117__class_type_infoD2Ev            
00003f41  _ZN10__cxxabiv117__class_type_infoD0Ev            
00003f49  _ZN10__cxxabiv117__array_type_infoD1Ev            
00003f49  _ZN10__cxxabiv117__array_type_infoD2Ev            
00003f4b  _ZN10__cxxabiv117__array_type_infoD0Ev            
00003f53  _ZN10__cxxabiv116__enum_type_infoD1Ev             
00003f53  _ZN10__cxxabiv116__enum_type_infoD2Ev             
00003f55  _ZN10__cxxabiv116__enum_type_infoD0Ev             
00003f65  __aeabi_memcpy                                    
00003f65  __aeabi_memcpy4                                   
00003f65  __aeabi_memcpy8                                   
00003f65  memcpy                                            
00004001  _ZN4TaskC1Ev                                      
00004001  _ZN4TaskC2Ev                                      
0000401f  _ZN4Task19SetTaskCurrentCountEy                   
0000403d  _ZN4Task17SetTaskFinalCountEy                     
0000405b  _ZN4Task19GetTaskCurrentCountEv                   
0000406b  _ZN4Task17GetTaskFinalCountEv                     
00004081  __aeabi_memclr                                    
00004081  __aeabi_memclr4                                   
00004081  __aeabi_memclr8                                   
00004083  __aeabi_memset                                    
00004083  __aeabi_memset4                                   
00004083  __aeabi_memset8                                   
00004089  memset                                            
000040fb  _system_post_cinit                                
000040fd  __TI_auto_init                                    
000041d9  _c_int00                                          
0000422d  C$$EXIT                                           
00004231  abort                                             
00004239  exit                                              
00004281  copy_in                                           
000042cd  __aeabi_d2iz                                      
00004315  CPU_cpsid                                         
00004321  CPU_primask                                       
0000432b  CPU_cpsie                                         
00004337  CPU_wfi                                           
0000433b  CPU_basepriSet                                    
00004349  CPU_basepriGet                                    
00004353  __aeabi_f2d                                       
0000438d  _Znwj                                             
000043bd  _ZN4Task11SendMessageEv                           
000043dd  _args_main                                        
000043f5  _register_unlock                                  
000043fb  _register_lock                                    
00004403  _nop                                              
00004409  __TI_decompress_none                              
00004417  Reset_Handler                                     
00004423  AES256_IRQHandler                                 
00004423  BusFault_Handler                                  
00004423  COMP_E0_IRQHandler                                
00004423  COMP_E1_IRQHandler                                
00004423  CS_IRQHandler                                     
00004423  DMA_ERR_IRQHandler                                
00004423  DMA_INT0_IRQHandler                               
00004423  DMA_INT1_IRQHandler                               
00004423  DMA_INT2_IRQHandler                               
00004423  DMA_INT3_IRQHandler                               
00004423  DebugMon_Handler                                  
00004423  Default_Handler                                   
00004423  EUSCIA0_IRQHandler                                
00004423  EUSCIA1_IRQHandler                                
00004423  EUSCIA2_IRQHandler                                
00004423  EUSCIA3_IRQHandler                                
00004423  EUSCIB0_IRQHandler                                
00004423  EUSCIB1_IRQHandler                                
00004423  EUSCIB2_IRQHandler                                
00004423  EUSCIB3_IRQHandler                                
00004423  FLCTL_IRQHandler                                  
00004423  FPU_IRQHandler                                    
00004423  HardFault_Handler                                 
00004423  MemManage_Handler                                 
00004423  NMI_Handler                                       
00004423  PCM_IRQHandler                                    
00004423  PORT1_IRQHandler                                  
00004423  PORT2_IRQHandler                                  
00004423  PORT3_IRQHandler                                  
00004423  PORT4_IRQHandler                                  
00004423  PORT5_IRQHandler                                  
00004423  PORT6_IRQHandler                                  
00004423  PSS_IRQHandler                                    
00004423  PendSV_Handler                                    
00004423  RTC_C_IRQHandler                                  
00004423  SVC_Handler                                       
00004423  SysTick_Handler                                   
00004423  T32_INT2_IRQHandler                               
00004423  T32_INTC_IRQHandler                               
00004423  TA0_0_IRQHandler                                  
00004423  TA0_N_IRQHandler                                  
00004423  TA1_0_IRQHandler                                  
00004423  TA1_N_IRQHandler                                  
00004423  TA2_0_IRQHandler                                  
00004423  TA2_N_IRQHandler                                  
00004423  TA3_0_IRQHandler                                  
00004423  TA3_N_IRQHandler                                  
00004423  UsageFault_Handler                                
00004423  WDT_A_IRQHandler                                  
00004425  _ZN4Task14ProcessMessageE3MSG                     
00004431  _ZN4Task3runEv                                    
0000443d  _ZdlPv                                            
00004445  __TI_decompress_rle24                             
0000444b  _system_pre_init                                  
00004748  g_sFontFixed6x8                                   
000048e0  g_sCrystalfontz128x128                            
0000490c  _ZTSN10__cxxabiv123__fundamental_type_infoE       
00004934  _ZTSN10__cxxabiv120__si_class_type_infoE          
00004959  _ZTSN10__cxxabiv119__pointer_type_infoE           
0000497d  _ZTSN10__cxxabiv117__class_type_infoE             
0000499f  _ZTSN10__cxxabiv117__pbase_type_infoE             
000049c1  _ZTSe                                             
00004a1c  _ZTV6Screen                                       
00004a38  _ZTV4Task                                         
00004a4c  _ZTV5Servo                                        
00004a60  _ZTIPKe                                           
00004a70  _ZTVN10__cxxabiv117__class_type_infoE             
00004a80  _ZTVN10__cxxabiv119__pointer_type_infoE           
00004a90  _ZTVN10__cxxabiv120__si_class_type_infoE          
00004aa0  _ZTVN10__cxxabiv123__fundamental_type_infoE       
00004ab0  _ZTSSt9type_info                                  
00004af0  _ZTI5Servo                                        
00004afc  _ZTI6Screen                                       
00004b08  _ZTIN10__cxxabiv117__class_type_infoE             
00004b14  _ZTIN10__cxxabiv117__pbase_type_infoE             
00004b20  _ZTIN10__cxxabiv119__pointer_type_infoE           
00004b2c  _ZTIN10__cxxabiv120__si_class_type_infoE          
00004b38  _ZTIN10__cxxabiv123__fundamental_type_infoE       
00004b4c  _ZTI4Task                                         
00004b54  _ZTISt9type_info                                  
00004b5c  _ZTIe                                             
00004b64  _ZTS6Screen                                       
00004b8c  _ZTS5Servo                                        
00004b93  _ZTS4Task                                         
00004b99  _ZTSPKe                                           
00004ba0  SHT$$INIT_ARRAY$$Base                             
00004ba4  SHT$$INIT_ARRAY$$Limit                            
00004c2c  __TI_Handler_Table_Base                           
00004c34  __TI_CINIT_Base                                   
00004c34  __TI_Handler_Table_Limit                          
00004c4c  __TI_CINIT_Limit                                  
20000000  g_pfnRAMVectors                                   
200000e8  MainScheduler                                     
200018e0  g_sContext                                        
200018fc  DataToSend                                        
20001900  DataToSendADC                                     
20001904  DataToSend2ADC                                    
20001908  DataToSend3                                       
2000190c  aDataToSendADC                                    
20001914  _ZSt16__dummy_typeinfo                            
20001918  counterADC                                        
2000191c  counterADCScreen                                  
20001920  pDataToSendADC                                    
20001924  Lcd_ScreenHeigth                                  
20001926  Lcd_ScreenWidth                                   
20001928  Lcd_TouchTrim                                     
2000192a  Lcd_FlagRead                                      
2000192b  Lcd_FontSolid                                     
2000192c  Lcd_Orientation                                   
2000192d  Lcd_PenSolid                                      
20001930  _sys_memory                                       
20001d60  pwmConfig                                         
20001d78  __TI_cleanup_ptr                                  
20001d7c  __TI_dtors_ptr                                    
20001d80  __TI_enable_exit_profile_output                   
20001d90  _lock                                             
20001d94  _unlock                                           
20001da0  main_func_sp                                      
20001da4  _new_handler                                      
20001da8  SystemCoreClock                                   
2000fe00  __stack                                           
20010000  __STACK_END                                       
4000480c  WDTCTL_SYM                                        
ffffffff  __TI_pprof_out_hndl                               
ffffffff  __TI_prof_data_size                               
ffffffff  __TI_prof_data_start                              
ffffffff  __binit__                                         
ffffffff  __c_args__                                        
ffffffff  binit                                             

[408 symbols]
