******************************************************************************
                  TI ARM Linker Unix v15.12.3                  
******************************************************************************
>> Linked Thu Nov  3 02:07:49 2016

OUTPUT FILE NAME:   <EventHandler.out>
ENTRY POINT SYMBOL: "_c_int00"  address: 0000332d


MEMORY CONFIGURATION

         name            origin    length      used     unused   attr    fill
----------------------  --------  ---------  --------  --------  ----  --------
  MAIN                  00000000   00040000  00003c69  0003c397  R  X
  INFO                  00200000   00004000  00000000  00004000  R  X
  SRAM_CODE             01000000   00010000  00001b86  0000e47a  RW X
  SRAM_DATA             20000000   00010000  00001b86  0000e47a  RW  


SEGMENT ALLOCATION MAP

run origin  load origin   length   init length attrs members
----------  ----------- ---------- ----------- ----- -------
00000000    00000000    00003c6c   00003c6c    r-x
  00000000    00000000    000000e4   000000e4    r-- .intvecs
  000000e4    000000e4    0000340e   0000340e    r-x .text
  000034f4    000034f4    000006df   000006df    r-- .const
  00003bd4    00003bd4    00000004   00000004    r-- .init_array
  00003bd8    00003bd8    00000094   00000094    r-- .cinit
20000000    20000000    0000198c   00000000    rw-
  20000000    20000000    000000e4   00000000    rw- .vtable
  200000e8    200000e8    0000143e   00000000    rw- .bss
  20001528    20001528    00000400   00000000    rw- .sysmem
  20001928    20001928    00000064   00000000    rw- .data
2000fe00    2000fe00    00000200   00000000    rw-
  2000fe00    2000fe00    00000200   00000000    rw- .stack


SECTION ALLOCATION MAP

 output                                  attributes/
section   page    origin      length       input sections
--------  ----  ----------  ----------   ----------------
.intvecs   0    00000000    000000e4     
                  00000000    000000e4     startup_msp432p401r_ccs.obj (.intvecs:retain)

.binit     0    00000000    00000000     

.text      0    000000e4    0000340e     
                  000000e4    000008a4     spi.obj (.text)
                  00000988    00000678     Crystalfontz128x128_ST7735.obj (.text)
                  00001000    00000490     line.obj (.text)
                  00001490    00000480     gpio.obj (.text)
                  00001910    000003f0     interrupt.obj (.text)
                  00001d00    000003dc     rtsv7M4_T_le_v4SPD16_eabi.lib : memory.obj (.text)
                  000020dc    0000032c     system_msp432p401r.obj (.text)
                  00002408    00000320     Scheduler.obj (.text)
                  00002728    00000266     context.obj (.text)
                  0000298e    00000002     rtsv7M4_T_le_v4SPD16_eabi.lib : mpu_init.obj (.text)
                  00002990    00000258     main.obj (.text)
                  00002be8    00000134     display.obj (.text)
                  00002d1c    000000dc     LED.obj (.text)
                  00002df8    000000bc     HAL_MSP_EXP432P401R_Crystalfontz128x128_ST7735.obj (.text)
                  00002eb4    000000bc     rtsv7M4_T_le_v4SPD16_eabi.lib : typeinfo_.obj (.text)
                  00002f70    000000b4     Button.obj (.text)
                  00003024    0000009c     Screen.obj (.text)
                  000030c0    0000009c     rtsv7M4_T_le_v4SPD16_eabi.lib : memcpy_t2.obj (.text)
                  0000315c    0000007a                                   : memset_t2.obj (.text)
                  000031d6    00000002                                   : startup.obj (.text)
                  000031d8    00000078     Task.obj (.text)
                  00003250    00000070     rtsv7M4_T_le_v4SPD16_eabi.lib : autoinit.obj (.text)
                  000032c0    0000006a                                   : copy_decompress_rle.obj (.text)
                  0000332a    00000002     --HOLE-- [fill = 0]
                  0000332c    00000054                                   : boot.obj (.text)
                  00003380    00000054                                   : exit.obj (.text)
                  000033d4    0000004c                                   : cpy_tbl.obj (.text)
                  00003420    0000003e     cpu.obj (.text)
                  0000345e    00000002     --HOLE-- [fill = 0]
                  00003460    00000020     LED.obj (.text:_ZN4Task11SendMessageEv)
                  00003480    00000018     rtsv7M4_T_le_v4SPD16_eabi.lib : args_main.obj (.text)
                  00003498    00000014                                   : _lock.obj (.text)
                  000034ac    0000000e                                   : copy_decompress_none.obj (.text:decompress:none)
                  000034ba    0000000e     startup_msp432p401r_ccs.obj (.text)
                  000034c8    0000000c     LED.obj (.text:_ZN4Task14ProcessMessageEP3MSG)
                  000034d4    0000000c     Task.obj (.text:_ZN4Task3runEv)
                  000034e0    00000008     rtsv7M4_T_le_v4SPD16_eabi.lib : delete.obj (.text)
                  000034e8    00000006                                   : copy_decompress_rle.obj (.text:decompress:rle24)
                  000034ee    00000004                                   : pre_init.obj (.text)

.const     0    000034f4    000006df     
                  000034f4    000002f8     fontfixed6x8.obj (.const:.string:g_pucFontFixed6x8Data)
                  000037ec    000000c8     fontfixed6x8.obj (.const:g_sFontFixed6x8)
                  000038b4    00000050     interrupt.obj (.const:g_pulRegs)
                  00003904    0000002c     Crystalfontz128x128_ST7735.obj (.const:g_sCrystalfontz128x128)
                  00003930    00000028     rtsv7M4_T_le_v4SPD16_eabi.lib : typeinfo_.obj (.const:.typeinfo:_ZTSN10__cxxabiv123__fundamental_type_infoE)
                  00003958    00000025                                   : typeinfo_.obj (.const:.typeinfo:_ZTSN10__cxxabiv120__si_class_type_infoE)
                  0000397d    00000024                                   : typeinfo_.obj (.const:.typeinfo:_ZTSN10__cxxabiv119__pointer_type_infoE)
                  000039a1    00000022                                   : typeinfo_.obj (.const:.typeinfo:_ZTSN10__cxxabiv117__class_type_infoE)
                  000039c3    00000022                                   : typeinfo_.obj (.const:.typeinfo:_ZTSN10__cxxabiv117__pbase_type_infoE)
                  000039e5    00000002                                   : typeinfo_.obj (.const:.typeinfo:_ZTSe)
                  000039e7    00000001     --HOLE-- [fill = 0]
                  000039e8    00000020     interrupt.obj (.const:g_pulPriority)
                  00003a08    0000001c     HAL_MSP_EXP432P401R_Crystalfontz128x128_ST7735.obj (.const:$P$T0$1)
                  00003a24    0000001c     gpio.obj (.const:GPIO_PORT_TO_INT)
                  00003a40    00000014     LED.obj (.const:_ZTV3LED)
                  00003a54    00000014     Task.obj (.const:_ZTV4Task)
                  00003a68    00000014     Button.obj (.const:_ZTV6Button)
                  00003a7c    00000014     Screen.obj (.const:_ZTV6Screen)
                  00003a90    00000010     rtsv7M4_T_le_v4SPD16_eabi.lib : typeinfo_.obj (.const:.typeinfo:_ZTIPKe)
                  00003aa0    00000010                                   : typeinfo_.obj (.const:_ZTVN10__cxxabiv117__class_type_infoE)
                  00003ab0    00000010                                   : typeinfo_.obj (.const:_ZTVN10__cxxabiv119__pointer_type_infoE)
                  00003ac0    00000010                                   : typeinfo_.obj (.const:_ZTVN10__cxxabiv120__si_class_type_infoE)
                  00003ad0    00000010                                   : typeinfo_.obj (.const:_ZTVN10__cxxabiv123__fundamental_type_infoE)
                  00003ae0    0000000d                                   : typeinfo_.obj (.const:.typeinfo:_ZTSSt9type_info)
                  00003aed    00000003     --HOLE-- [fill = 0]
                  00003af0    0000000c     LED.obj (.const:$P$T40$1)
                  00003afc    0000000c     Scheduler.obj (.const:$P$T40$1)
                  00003b08    0000000c     main.obj (.const:$P$T40$1)
                  00003b14    0000000c     LED.obj (.const:.typeinfo:_ZTI3LED)
                  00003b20    0000000c     Button.obj (.const:.typeinfo:_ZTI6Button)
                  00003b2c    0000000c     Screen.obj (.const:.typeinfo:_ZTI6Screen)
                  00003b38    0000000c     rtsv7M4_T_le_v4SPD16_eabi.lib : typeinfo_.obj (.const:.typeinfo:_ZTIN10__cxxabiv117__class_type_infoE)
                  00003b44    0000000c                                   : typeinfo_.obj (.const:.typeinfo:_ZTIN10__cxxabiv117__pbase_type_infoE)
                  00003b50    0000000c                                   : typeinfo_.obj (.const:.typeinfo:_ZTIN10__cxxabiv119__pointer_type_infoE)
                  00003b5c    0000000c                                   : typeinfo_.obj (.const:.typeinfo:_ZTIN10__cxxabiv120__si_class_type_infoE)
                  00003b68    0000000c                                   : typeinfo_.obj (.const:.typeinfo:_ZTIN10__cxxabiv123__fundamental_type_infoE)
                  00003b74    00000008     Crystalfontz128x128_ST7735.obj (.const:$P$T0$1)
                  00003b7c    00000008     Button.obj (.const:.typeinfo:_ZTI4Task)
                  00003b84    00000008     rtsv7M4_T_le_v4SPD16_eabi.lib : typeinfo_.obj (.const:.typeinfo:_ZTISt9type_info)
                  00003b8c    00000008                                   : typeinfo_.obj (.const:.typeinfo:_ZTIe)
                  00003b94    00000008     Button.obj (.const:.typeinfo:_ZTS6Button)
                  00003b9c    00000008     Screen.obj (.const:.typeinfo:_ZTS6Screen)
                  00003ba4    00000008     interrupt.obj (.const:g_pulDisRegs)
                  00003bac    00000008     interrupt.obj (.const:g_pulEnRegs)
                  00003bb4    00000008     interrupt.obj (.const:g_pulPendRegs)
                  00003bbc    00000008     interrupt.obj (.const:g_pulUnpendRegs)
                  00003bc4    00000006     Button.obj (.const:.typeinfo:_ZTS4Task)
                  00003bca    00000005     LED.obj (.const:.typeinfo:_ZTS3LED)
                  00003bcf    00000004     rtsv7M4_T_le_v4SPD16_eabi.lib : typeinfo_.obj (.const:.typeinfo:_ZTSPKe)

.cinit     0    00003bd8    00000094     
                  00003bd8    00000053     (.cinit..data.load) [load image, compression = rle]
                  00003c2b    00000005     --HOLE-- [fill = 0]
                  00003c30    0000000b     (.cinit..bss.load) [load image, compression = rle]
                  00003c3b    00000005     --HOLE-- [fill = 0]
                  00003c40    00000009     (.cinit..vtable.load) [load image, compression = rle]
                  00003c49    00000003     --HOLE-- [fill = 0]
                  00003c4c    00000008     (__TI_handler_table)
                  00003c54    00000018     (__TI_cinit_table)

.init_array 
*          0    00003bd4    00000004     
                  00003bd4    00000004     main.obj (.init_array)

.vtable    0    20000000    000000e4     UNINITIALIZED
                  20000000    000000e4     interrupt.obj (.vtable)

.bss       0    200000e8    0000143e     UNINITIALIZED
                  200000e8    00001400     main.obj (.bss:MainScheduler)
                  200014e8    00000030     main.obj (.bss:button)
                  20001518    00000004     (.common:_ZSt16__dummy_typeinfo)
                  2000151c    00000002     (.common:Lcd_ScreenHeigth)
                  2000151e    00000002     (.common:Lcd_ScreenWidth)
                  20001520    00000002     (.common:Lcd_TouchTrim)
                  20001522    00000001     (.common:Lcd_FlagRead)
                  20001523    00000001     (.common:Lcd_FontSolid)
                  20001524    00000001     (.common:Lcd_Orientation)
                  20001525    00000001     (.common:Lcd_PenSolid)

.sysmem    0    20001528    00000400     UNINITIALIZED
                  20001528    00000008     rtsv7M4_T_le_v4SPD16_eabi.lib : memory.obj (.sysmem)
                  20001530    000003f8     --HOLE--

.data      0    20001928    00000064     UNINITIALIZED
                  20001928    00000030     gpio.obj (.data:GPIO_PORT_TO_BASE)
                  20001958    0000000c     rtsv7M4_T_le_v4SPD16_eabi.lib : exit.obj (.data:$O1$$)
                  20001964    0000000c                                   : memory.obj (.data:$O1$$)
                  20001970    00000009     main.obj (.data)
                  20001979    00000003     --HOLE--
                  2000197c    00000008     rtsv7M4_T_le_v4SPD16_eabi.lib : _lock.obj (.data:$O1$$)
                  20001984    00000004                                   : stkdepth_vars.obj (.data)
                  20001988    00000004     system_msp432p401r.obj (.data)

.stack     0    2000fe00    00000200     UNINITIALIZED
                  2000fe00    00000200     --HOLE--

MODULE SUMMARY

       Module                                               code    ro data   rw data
       ------                                               ----    -------   -------
    ./
       main.obj                                             600     16        10354  
       system_msp432p401r.obj                               812     0         8      
       Scheduler.obj                                        800     12        0      
       LED.obj                                              264     49        0      
       startup_msp432p401r_ccs.obj                          14      228       0      
       Button.obj                                           180     54        0      
       Screen.obj                                           156     40        0      
       Task.obj                                             132     20        0      
    +--+----------------------------------------------------+-------+---------+---------+
       Total:                                               2958    419       10362  
                                                                                     
    ./GrLib/fonts/
       fontfixed6x8.obj                                     0       960       0      
    +--+----------------------------------------------------+-------+---------+---------+
       Total:                                               0       960       0      
                                                                                     
    ./GrLib/grlib/
       line.obj                                             1168    0         0      
       context.obj                                          614     0         0      
       display.obj                                          308     0         0      
    +--+----------------------------------------------------+-------+---------+---------+
       Total:                                               2090    0         0      
                                                                                     
    ./LcdDriver/
       Crystalfontz128x128_ST7735.obj                       1656    52        20     
       HAL_MSP_EXP432P401R_Crystalfontz128x128_ST7735.obj   188     28        0      
    +--+----------------------------------------------------+-------+---------+---------+
       Total:                                               1844    80        20     
                                                                                     
    ./driverlib/MSP432P4xx/
       spi.obj                                              2212    0         0      
       interrupt.obj                                        1008    144       456    
       gpio.obj                                             1152    28        96     
       cpu.obj                                              62      0         0      
    +--+----------------------------------------------------+-------+---------+---------+
       Total:                                               4434    172       552    
                                                                                     
    /home/aglt93/ti/ccsv6/tools/compiler/arm_15.12.3.LTS/lib/rtsv7M4_T_le_v4SPD16_eabi.lib
       memory.obj                                           988     0         24     
       typeinfo_.obj                                        188     356       8      
       memcpy_t2.obj                                        156     0         0      
       memset_t2.obj                                        122     0         0      
       autoinit.obj                                         112     0         0      
       copy_decompress_rle.obj                              112     0         0      
       exit.obj                                             84      0         24     
       boot.obj                                             84      0         0      
       cpy_tbl.obj                                          76      0         0      
       _lock.obj                                            20      0         16     
       args_main.obj                                        24      0         0      
       copy_decompress_none.obj                             14      0         0      
       delete.obj                                           8       0         0      
       stkdepth_vars.obj                                    0       0         8      
       pre_init.obj                                         4       0         0      
       mpu_init.obj                                         2       0         0      
       startup.obj                                          2       0         0      
    +--+----------------------------------------------------+-------+---------+---------+
       Total:                                               1996    356       80     
                                                                                     
       Heap:                                                0       0         2048   
       Stack:                                               0       0         1024   
       Linker Generated:                                    0       135       0      
    +--+----------------------------------------------------+-------+---------+---------+
       Grand Total:                                         13322   2122      14086  


LINKER GENERATED COPY TABLES

__TI_cinit_table @ 00003c54 records: 3, size/record: 8, table size: 24
	.data: load addr=00003bd8, load size=00000053 bytes, run addr=20001928, run size=00000064 bytes, compression=rle
	.bss: load addr=00003c30, load size=0000000b bytes, run addr=200000e8, run size=0000143e bytes, compression=rle
	.vtable: load addr=00003c40, load size=00000009 bytes, run addr=20000000, run size=000000e4 bytes, compression=rle


LINKER GENERATED HANDLER TABLE

__TI_handler_table @ 00003c4c records: 2, size/record: 4, table size: 8
	index: 0, handler: __TI_decompress_rle24
	index: 1, handler: __TI_decompress_none


GLOBAL SYMBOLS: SORTED ALPHABETICALLY BY Name 

address   name                                              
-------   ----                                              
000034c7  ADC14_IRQHandler                                  
000034c7  AES256_IRQHandler                                 
000029fb  BUTTON_ISR                                        
000034c7  BusFault_Handler                                  
00003381  C$$EXIT                                           
000034c7  COMP_E0_IRQHandler                                
000034c7  COMP_E1_IRQHandler                                
00003455  CPU_basepriGet                                    
00003447  CPU_basepriSet                                    
00003421  CPU_cpsid                                         
00003437  CPU_cpsie                                         
0000342d  CPU_primask                                       
00003443  CPU_wfi                                           
000034c7  CS_IRQHandler                                     
00000989  Crystalfontz128x128_Init                          
00000a9d  Crystalfontz128x128_SetDrawFrame                  
00000bcb  Crystalfontz128x128_SetOrientation                
000034c7  DMA_ERR_IRQHandler                                
000034c7  DMA_INT0_IRQHandler                               
000034c7  DMA_INT1_IRQHandler                               
000034c7  DMA_INT2_IRQHandler                               
000034c7  DMA_INT3_IRQHandler                               
000034c7  DebugMon_Handler                                  
000034c7  Default_Handler                                   
000034c7  EUSCIA0_IRQHandler                                
000034c7  EUSCIA1_IRQHandler                                
000034c7  EUSCIA2_IRQHandler                                
000034c7  EUSCIA3_IRQHandler                                
000034c7  EUSCIB0_IRQHandler                                
000034c7  EUSCIB1_IRQHandler                                
000034c7  EUSCIB2_IRQHandler                                
000034c7  EUSCIB3_IRQHandler                                
00000853  EUSCI_A_SPI_changeClockPhasePolarity              
00000907  EUSCI_A_SPI_clearInterruptFlag                    
00000937  EUSCI_A_SPI_disable                               
000008d5  EUSCI_A_SPI_disableInterrupt                      
00000921  EUSCI_A_SPI_enable                                
000008bb  EUSCI_A_SPI_enableInterrupt                       
000008ef  EUSCI_A_SPI_getInterruptStatus                    
0000094d  EUSCI_A_SPI_getReceiveBufferAddressForDMA         
0000095b  EUSCI_A_SPI_getTransmitBufferAddressForDMA        
00000969  EUSCI_A_SPI_isBusy                                
000007d3  EUSCI_A_SPI_masterChangeClock                     
000008ab  EUSCI_A_SPI_receiveData                           
000007b3  EUSCI_A_SPI_select4PinFunctionality               
00000809  EUSCI_A_SPI_slaveInit                             
00000895  EUSCI_A_SPI_transmitData                          
00000685  EUSCI_B_SPI_changeClockPhasePolarity              
00000739  EUSCI_B_SPI_clearInterruptFlag                    
00000769  EUSCI_B_SPI_disable                               
00000707  EUSCI_B_SPI_disableInterrupt                      
00000753  EUSCI_B_SPI_enable                                
000006ed  EUSCI_B_SPI_enableInterrupt                       
00000721  EUSCI_B_SPI_getInterruptStatus                    
0000077f  EUSCI_B_SPI_getReceiveBufferAddressForDMA         
0000078d  EUSCI_B_SPI_getTransmitBufferAddressForDMA        
0000079b  EUSCI_B_SPI_isBusy                                
00000609  EUSCI_B_SPI_masterChangeClock                     
000006dd  EUSCI_B_SPI_receiveData                           
000005e9  EUSCI_B_SPI_select4PinFunctionality               
0000063b  EUSCI_B_SPI_slaveInit                             
000006c7  EUSCI_B_SPI_transmitData                          
000034c7  FLCTL_IRQHandler                                  
000034c7  FPU_IRQHandler                                    
000017b3  GPIO_clearInterruptFlag                           
00001773  GPIO_disableInterrupt                             
00001751  GPIO_enableInterrupt                              
0000180b  GPIO_getEnabledInterruptStatus                    
00001723  GPIO_getInputPinValue                             
00001795  GPIO_getInterruptStatus                           
000017d5  GPIO_interruptEdgeSelect                          
000018cb  GPIO_registerInterrupt                            
000014cb  GPIO_setAsInputPin                                
0000167f  GPIO_setAsInputPinWithPullDownResistor            
000016d1  GPIO_setAsInputPinWithPullUpResistor              
00001491  GPIO_setAsOutputPin                               
00001595  GPIO_setAsPeripheralModuleFunctionInputPin        
00001511  GPIO_setAsPeripheralModuleFunctionOutputPin       
00001887  GPIO_setDriveStrengthHigh                         
000018a9  GPIO_setDriveStrengthLow                          
00001619  GPIO_setOutputHighOnPin                           
0000163b  GPIO_setOutputLowOnPin                            
0000165d  GPIO_toggleOutputOnPin                            
000018eb  GPIO_unregisterInterrupt                          
00002915  Graphics_clearDisplay                             
00002d05  Graphics_clearDisplayOnDisplay                    
00002c57  Graphics_drawHorizontalLineOnDisplay              
0000131d  Graphics_drawLine                                 
00001001  Graphics_drawLineH                                
0000109d  Graphics_drawLineV                                
00002c13  Graphics_drawMultiplePixelsOnDisplay              
00002927  Graphics_drawPixel                                
00002be9  Graphics_drawPixelOnDisplay                       
00002c8b  Graphics_drawVerticalLineOnDisplay                
00002cbf  Graphics_fillRectangleOnDisplay                   
00002907  Graphics_flushBuffer                              
00002cf3  Graphics_flushOnDisplay                           
000028e9  Graphics_getDisplayHeight                         
000028d9  Graphics_getDisplayWidth                          
00002887  Graphics_getFontBaseline                          
000028bd  Graphics_getFontHeight                            
000028cb  Graphics_getFontMaxWidth                          
000028f9  Graphics_getHeightOfDisplay                       
00002981  Graphics_getWidthOfDisplay                        
00002729  Graphics_initContext                              
0000283d  Graphics_setBackgroundColor                       
00002857  Graphics_setBackgroundColorTranslated             
00002773  Graphics_setClipRegion                            
0000286d  Graphics_setFont                                  
00002895  Graphics_setForegroundColor                       
000028ab  Graphics_setForegroundColorTranslated             
00002cdd  Graphics_translateColorOnDisplay                  
00002df9  HAL_LCD_PortInit                                  
00002e29  HAL_LCD_SpiInit                                   
00002e5f  HAL_LCD_writeCommand                              
00002e87  HAL_LCD_writeData                                 
000034c7  HardFault_Handler                                 
00001ad3  Interrupt_disableInterrupt                        
00001923  Interrupt_disableMaster                           
00001cd1  Interrupt_disableSleepOnIsrExit                   
00001a61  Interrupt_enableInterrupt                         
00001913  Interrupt_enableMaster                            
00001cbf  Interrupt_enableSleepOnIsrExit                    
00001a3b  Interrupt_getPriority                             
000019b3  Interrupt_getPriorityGrouping                     
00001c9f  Interrupt_getPriorityMask                         
00001cb9  Interrupt_getVectorTableAddress                   
00001b45  Interrupt_isEnabled                               
00001bd1  Interrupt_pendInterrupt                           
00001933  Interrupt_registerInterrupt                       
000019eb  Interrupt_setPriority                             
00001999  Interrupt_setPriorityGrouping                     
00001c8f  Interrupt_setPriorityMask                         
00001ca9  Interrupt_setVectorTableAddress                   
00001c41  Interrupt_unpendInterrupt                         
00001985  Interrupt_unregisterInterrupt                     
20001522  Lcd_FlagRead                                      
20001523  Lcd_FontSolid                                     
20001524  Lcd_Orientation                                   
20001525  Lcd_PenSolid                                      
2000151c  Lcd_ScreenHeigth                                  
2000151e  Lcd_ScreenWidth                                   
20001520  Lcd_TouchTrim                                     
200000e8  MainScheduler                                     
000034c7  MemManage_Handler                                 
000034c7  NMI_Handler                                       
000034c7  PCM_IRQHandler                                    
000034c7  PORT1_IRQHandler                                  
000034c7  PORT2_IRQHandler                                  
000034c7  PORT3_IRQHandler                                  
000034c7  PORT4_IRQHandler                                  
000034c7  PORT5_IRQHandler                                  
000034c7  PORT6_IRQHandler                                  
000034c7  PSS_IRQHandler                                    
000034c7  PendSV_Handler                                    
000034c7  RTC_C_IRQHandler                                  
000034bb  Reset_Handler                                     
00003bd4  SHT$$INIT_ARRAY$$Base                             
00003bd8  SHT$$INIT_ARRAY$$Limit                            
000002a7  SPI_changeClockPhasePolarity                      
00000201  SPI_changeMasterClock                             
00000459  SPI_clearInterruptFlag                            
000003db  SPI_disableInterrupt                              
00000335  SPI_disableModule                                 
000003b5  SPI_enableInterrupt                               
00000319  SPI_enableModule                                  
00000429  SPI_getEnabledInterruptStatus                     
00000401  SPI_getInterruptStatus                            
00000351  SPI_getReceiveBufferAddressForDMA                 
0000036d  SPI_getTransmitBufferAddressForDMA                
00000115  SPI_initMaster                                    
00000229  SPI_initSlave                                     
00000399  SPI_isBusy                                        
000002fd  SPI_receiveData                                   
0000047f  SPI_registerInterrupt                             
000001db  SPI_selectFourPinFunctionality                    
000002d7  SPI_transmitData                                  
0000053d  SPI_unregisterInterrupt                           
000034c7  SVC_Handler                                       
000034c7  SysTick_Handler                                   
20001988  SystemCoreClock                                   
000020dd  SystemCoreClockUpdate                             
00002351  SystemInit                                        
00002b63  T32_INT1_IRQHandler                               
00002b63  T32_INT1_IRQHandler                               
000034c7  T32_INT2_IRQHandler                               
000034c7  T32_INTC_IRQHandler                               
000034c7  TA0_0_IRQHandler                                  
000034c7  TA0_N_IRQHandler                                  
000034c7  TA1_0_IRQHandler                                  
000034c7  TA1_N_IRQHandler                                  
000034c7  TA2_0_IRQHandler                                  
000034c7  TA2_N_IRQHandler                                  
000034c7  TA3_0_IRQHandler                                  
000034c7  TA3_N_IRQHandler                                  
000034c7  UsageFault_Handler                                
4000480c  WDTCTL_SYM                                        
000034c7  WDT_A_IRQHandler                                  
00002acb  _Z5Setupv                                         
00002f61  _ZN10__cxxabiv116__enum_type_infoD0Ev             
00002f5f  _ZN10__cxxabiv116__enum_type_infoD1Ev             
00002f5f  _ZN10__cxxabiv116__enum_type_infoD2Ev             
00002f57  _ZN10__cxxabiv117__array_type_infoD0Ev            
00002f55  _ZN10__cxxabiv117__array_type_infoD1Ev            
00002f55  _ZN10__cxxabiv117__array_type_infoD2Ev            
00002f4d  _ZN10__cxxabiv117__class_type_infoD0Ev            
00002f4b  _ZN10__cxxabiv117__class_type_infoD1Ev            
00002f4b  _ZN10__cxxabiv117__class_type_infoD2Ev            
00002f43  _ZN10__cxxabiv117__pbase_type_infoD0Ev            
00002f41  _ZN10__cxxabiv117__pbase_type_infoD1Ev            
00002f41  _ZN10__cxxabiv117__pbase_type_infoD2Ev            
00002f39  _ZN10__cxxabiv119__pointer_type_infoD0Ev          
00002f37  _ZN10__cxxabiv119__pointer_type_infoD1Ev          
00002f37  _ZN10__cxxabiv119__pointer_type_infoD2Ev          
00002f2f  _ZN10__cxxabiv120__function_type_infoD0Ev         
00002f2d  _ZN10__cxxabiv120__function_type_infoD1Ev         
00002f2d  _ZN10__cxxabiv120__function_type_infoD2Ev         
00002f25  _ZN10__cxxabiv120__si_class_type_infoD0Ev         
00002f23  _ZN10__cxxabiv120__si_class_type_infoD1Ev         
00002f23  _ZN10__cxxabiv120__si_class_type_infoD2Ev         
00002f1b  _ZN10__cxxabiv121__vmi_class_type_infoD0Ev        
00002f19  _ZN10__cxxabiv121__vmi_class_type_infoD1Ev        
00002f19  _ZN10__cxxabiv121__vmi_class_type_infoD2Ev        
00002f11  _ZN10__cxxabiv123__fundamental_type_infoD0Ev      
00002f0f  _ZN10__cxxabiv123__fundamental_type_infoD1Ev      
00002f0f  _ZN10__cxxabiv123__fundamental_type_infoD2Ev      
00002f07  _ZN10__cxxabiv129__pointer_to_member_type_infoD0Ev
00002f05  _ZN10__cxxabiv129__pointer_to_member_type_infoD1Ev
00002f05  _ZN10__cxxabiv129__pointer_to_member_type_infoD2Ev
00002ddf  _ZN3LED3runEv                                     
00002d1d  _ZN3LEDC1Eiii                                     
00002d7f  _ZN3LEDC1Eiiiy                                    
00002d1d  _ZN3LEDC2Eiii                                     
00002d7f  _ZN3LEDC2Eiiiy                                    
00003461  _ZN4Task11SendMessageEv                           
000034c9  _ZN4Task14ProcessMessageEP3MSG                    
20001978  _ZN4Task14m_u8NextTaskIDE                         
0000323d  _ZN4Task17GetTaskFinalCountEv                     
0000320f  _ZN4Task17SetTaskFinalCountEy                     
0000322d  _ZN4Task19GetTaskCurrentCountEv                   
000031f1  _ZN4Task19SetTaskCurrentCountEy                   
000034d5  _ZN4Task3runEv                                    
000031d9  _ZN4TaskC1Ev                                      
000031d9  _ZN4TaskC2Ev                                      
00003003  _ZN6Button11SendMessageEv                         
00003015  _ZN6Button14ProcessMessageEP3MSG                  
00002fe3  _ZN6Button3runEv                                  
00002f71  _ZN6ButtonC1Eiiiy                                 
00002f71  _ZN6ButtonC2Eiiiy                                 
00003099  _ZN6Screen3runEv                                  
00003025  _ZN6ScreenC1Eiiy                                  
00003025  _ZN6ScreenC2Eiiy                                  
0000264b  _ZN9Scheduler13attachMessageE3MSG                 
0000268b  _ZN9Scheduler17clearMessageQueueEv                
000026d9  _ZN9Scheduler18clearNextSchedulerEv               
0000263f  _ZN9Scheduler19ProcessMessageQueueEv              
0000257b  _ZN9Scheduler21CalculateNextScheduleEv            
00002715  _ZN9Scheduler22SortScheduleByPriorityEP4Task      
0000251f  _ZN9Scheduler3runEv                               
0000245f  _ZN9Scheduler6attachEP4Task                       
000024bb  _ZN9Scheduler6attachEP4Tasky                      
00002409  _ZN9SchedulerC1Ev                                 
00002409  _ZN9SchedulerC2Ev                                 
00002ec7  _ZNKSt9type_info4nameEv                           
00002ef7  _ZNKSt9type_info6beforeERKS_                      
00002ee1  _ZNKSt9type_infoeqERKS_                           
00002ecb  _ZNKSt9type_infoneERKS_                           
00002ebf  _ZNSt9type_infoD0Ev                               
00002ebd  _ZNSt9type_infoD1Ev                               
00002ebd  _ZNSt9type_infoD2Ev                               
20001518  _ZSt16__dummy_typeinfo                            
00002eb5  _ZSt21__gen_dummy_typeinfosv                      
00003b14  _ZTI3LED                                          
00003b7c  _ZTI4Task                                         
00003b20  _ZTI6Button                                       
00003b2c  _ZTI6Screen                                       
00003b38  _ZTIN10__cxxabiv117__class_type_infoE             
00003b44  _ZTIN10__cxxabiv117__pbase_type_infoE             
00003b50  _ZTIN10__cxxabiv119__pointer_type_infoE           
00003b5c  _ZTIN10__cxxabiv120__si_class_type_infoE          
00003b68  _ZTIN10__cxxabiv123__fundamental_type_infoE       
00003a90  _ZTIPKe                                           
00003b84  _ZTISt9type_info                                  
00003b8c  _ZTIe                                             
00003bca  _ZTS3LED                                          
00003bc4  _ZTS4Task                                         
00003b94  _ZTS6Button                                       
00003b9c  _ZTS6Screen                                       
000039a1  _ZTSN10__cxxabiv117__class_type_infoE             
000039c3  _ZTSN10__cxxabiv117__pbase_type_infoE             
0000397d  _ZTSN10__cxxabiv119__pointer_type_infoE           
00003958  _ZTSN10__cxxabiv120__si_class_type_infoE          
00003930  _ZTSN10__cxxabiv123__fundamental_type_infoE       
00003bcf  _ZTSPKe                                           
00003ae0  _ZTSSt9type_info                                  
000039e5  _ZTSe                                             
00003a40  _ZTV3LED                                          
00003a54  _ZTV4Task                                         
00003a68  _ZTV6Button                                       
00003a7c  _ZTV6Screen                                       
00003aa0  _ZTVN10__cxxabiv117__class_type_infoE             
00003ab0  _ZTVN10__cxxabiv119__pointer_type_infoE           
00003ac0  _ZTVN10__cxxabiv120__si_class_type_infoE          
00003ad0  _ZTVN10__cxxabiv123__fundamental_type_infoE       
000034e1  _ZdlPv                                            
20010000  __STACK_END                                       
00000200  __STACK_SIZE                                      
00000400  __SYSMEM_SIZE                                     
00003c54  __TI_CINIT_Base                                   
00003c6c  __TI_CINIT_Limit                                  
00003c4c  __TI_Handler_Table_Base                           
00003c54  __TI_Handler_Table_Limit                          
00003251  __TI_auto_init                                    
20001958  __TI_cleanup_ptr                                  
000034ad  __TI_decompress_none                              
000034e9  __TI_decompress_rle24                             
2000195c  __TI_dtors_ptr                                    
20001960  __TI_enable_exit_profile_output                   
ffffffff  __TI_pprof_out_hndl                               
ffffffff  __TI_prof_data_size                               
ffffffff  __TI_prof_data_start                              
00000000  __TI_static_base__                                
0000315d  __aeabi_memclr                                    
0000315d  __aeabi_memclr4                                   
0000315d  __aeabi_memclr8                                   
000030c1  __aeabi_memcpy                                    
000030c1  __aeabi_memcpy4                                   
000030c1  __aeabi_memcpy8                                   
0000315f  __aeabi_memset                                    
0000315f  __aeabi_memset4                                   
0000315f  __aeabi_memset8                                   
ffffffff  __binit__                                         
ffffffff  __c_args__                                        
0000298f  __mpu_init                                        
2000fe00  __stack                                           
00002b8b  __sti___8_main_cpp_937618a8                       
00003481  _args_main                                        
0000332d  _c_int00                                          
2000197c  _lock                                             
000034a7  _nop                                              
0000349f  _register_lock                                    
00003499  _register_unlock                                  
20001528  _sys_memory                                       
000031d7  _system_post_cinit                                
000034ef  _system_pre_init                                  
20001980  _unlock                                           
00003385  abort                                             
ffffffff  binit                                             
200014e8  button                                            
000020a9  calloc                                            
000033d5  copy_in                                           
0000338d  exit                                              
00001df7  free                                              
20000000  g_pfnRAMVectors                                   
00003904  g_sCrystalfontz128x128                            
000037ec  g_sFontFixed6x8                                   
00000000  interruptVectors                                  
00002a2b  main                                              
20001984  main_func_sp                                      
00001d8f  malloc                                            
00001fc5  memalign                                          
000030c1  memcpy                                            
00003165  memset                                            
00001d01  minit                                             
00001eb9  realloc                                           


GLOBAL SYMBOLS: SORTED BY Symbol Address 

address   name                                              
-------   ----                                              
00000000  __TI_static_base__                                
00000000  interruptVectors                                  
00000115  SPI_initMaster                                    
000001db  SPI_selectFourPinFunctionality                    
00000200  __STACK_SIZE                                      
00000201  SPI_changeMasterClock                             
00000229  SPI_initSlave                                     
000002a7  SPI_changeClockPhasePolarity                      
000002d7  SPI_transmitData                                  
000002fd  SPI_receiveData                                   
00000319  SPI_enableModule                                  
00000335  SPI_disableModule                                 
00000351  SPI_getReceiveBufferAddressForDMA                 
0000036d  SPI_getTransmitBufferAddressForDMA                
00000399  SPI_isBusy                                        
000003b5  SPI_enableInterrupt                               
000003db  SPI_disableInterrupt                              
00000400  __SYSMEM_SIZE                                     
00000401  SPI_getInterruptStatus                            
00000429  SPI_getEnabledInterruptStatus                     
00000459  SPI_clearInterruptFlag                            
0000047f  SPI_registerInterrupt                             
0000053d  SPI_unregisterInterrupt                           
000005e9  EUSCI_B_SPI_select4PinFunctionality               
00000609  EUSCI_B_SPI_masterChangeClock                     
0000063b  EUSCI_B_SPI_slaveInit                             
00000685  EUSCI_B_SPI_changeClockPhasePolarity              
000006c7  EUSCI_B_SPI_transmitData                          
000006dd  EUSCI_B_SPI_receiveData                           
000006ed  EUSCI_B_SPI_enableInterrupt                       
00000707  EUSCI_B_SPI_disableInterrupt                      
00000721  EUSCI_B_SPI_getInterruptStatus                    
00000739  EUSCI_B_SPI_clearInterruptFlag                    
00000753  EUSCI_B_SPI_enable                                
00000769  EUSCI_B_SPI_disable                               
0000077f  EUSCI_B_SPI_getReceiveBufferAddressForDMA         
0000078d  EUSCI_B_SPI_getTransmitBufferAddressForDMA        
0000079b  EUSCI_B_SPI_isBusy                                
000007b3  EUSCI_A_SPI_select4PinFunctionality               
000007d3  EUSCI_A_SPI_masterChangeClock                     
00000809  EUSCI_A_SPI_slaveInit                             
00000853  EUSCI_A_SPI_changeClockPhasePolarity              
00000895  EUSCI_A_SPI_transmitData                          
000008ab  EUSCI_A_SPI_receiveData                           
000008bb  EUSCI_A_SPI_enableInterrupt                       
000008d5  EUSCI_A_SPI_disableInterrupt                      
000008ef  EUSCI_A_SPI_getInterruptStatus                    
00000907  EUSCI_A_SPI_clearInterruptFlag                    
00000921  EUSCI_A_SPI_enable                                
00000937  EUSCI_A_SPI_disable                               
0000094d  EUSCI_A_SPI_getReceiveBufferAddressForDMA         
0000095b  EUSCI_A_SPI_getTransmitBufferAddressForDMA        
00000969  EUSCI_A_SPI_isBusy                                
00000989  Crystalfontz128x128_Init                          
00000a9d  Crystalfontz128x128_SetDrawFrame                  
00000bcb  Crystalfontz128x128_SetOrientation                
00001001  Graphics_drawLineH                                
0000109d  Graphics_drawLineV                                
0000131d  Graphics_drawLine                                 
00001491  GPIO_setAsOutputPin                               
000014cb  GPIO_setAsInputPin                                
00001511  GPIO_setAsPeripheralModuleFunctionOutputPin       
00001595  GPIO_setAsPeripheralModuleFunctionInputPin        
00001619  GPIO_setOutputHighOnPin                           
0000163b  GPIO_setOutputLowOnPin                            
0000165d  GPIO_toggleOutputOnPin                            
0000167f  GPIO_setAsInputPinWithPullDownResistor            
000016d1  GPIO_setAsInputPinWithPullUpResistor              
00001723  GPIO_getInputPinValue                             
00001751  GPIO_enableInterrupt                              
00001773  GPIO_disableInterrupt                             
00001795  GPIO_getInterruptStatus                           
000017b3  GPIO_clearInterruptFlag                           
000017d5  GPIO_interruptEdgeSelect                          
0000180b  GPIO_getEnabledInterruptStatus                    
00001887  GPIO_setDriveStrengthHigh                         
000018a9  GPIO_setDriveStrengthLow                          
000018cb  GPIO_registerInterrupt                            
000018eb  GPIO_unregisterInterrupt                          
00001913  Interrupt_enableMaster                            
00001923  Interrupt_disableMaster                           
00001933  Interrupt_registerInterrupt                       
00001985  Interrupt_unregisterInterrupt                     
00001999  Interrupt_setPriorityGrouping                     
000019b3  Interrupt_getPriorityGrouping                     
000019eb  Interrupt_setPriority                             
00001a3b  Interrupt_getPriority                             
00001a61  Interrupt_enableInterrupt                         
00001ad3  Interrupt_disableInterrupt                        
00001b45  Interrupt_isEnabled                               
00001bd1  Interrupt_pendInterrupt                           
00001c41  Interrupt_unpendInterrupt                         
00001c8f  Interrupt_setPriorityMask                         
00001c9f  Interrupt_getPriorityMask                         
00001ca9  Interrupt_setVectorTableAddress                   
00001cb9  Interrupt_getVectorTableAddress                   
00001cbf  Interrupt_enableSleepOnIsrExit                    
00001cd1  Interrupt_disableSleepOnIsrExit                   
00001d01  minit                                             
00001d8f  malloc                                            
00001df7  free                                              
00001eb9  realloc                                           
00001fc5  memalign                                          
000020a9  calloc                                            
000020dd  SystemCoreClockUpdate                             
00002351  SystemInit                                        
00002409  _ZN9SchedulerC1Ev                                 
00002409  _ZN9SchedulerC2Ev                                 
0000245f  _ZN9Scheduler6attachEP4Task                       
000024bb  _ZN9Scheduler6attachEP4Tasky                      
0000251f  _ZN9Scheduler3runEv                               
0000257b  _ZN9Scheduler21CalculateNextScheduleEv            
0000263f  _ZN9Scheduler19ProcessMessageQueueEv              
0000264b  _ZN9Scheduler13attachMessageE3MSG                 
0000268b  _ZN9Scheduler17clearMessageQueueEv                
000026d9  _ZN9Scheduler18clearNextSchedulerEv               
00002715  _ZN9Scheduler22SortScheduleByPriorityEP4Task      
00002729  Graphics_initContext                              
00002773  Graphics_setClipRegion                            
0000283d  Graphics_setBackgroundColor                       
00002857  Graphics_setBackgroundColorTranslated             
0000286d  Graphics_setFont                                  
00002887  Graphics_getFontBaseline                          
00002895  Graphics_setForegroundColor                       
000028ab  Graphics_setForegroundColorTranslated             
000028bd  Graphics_getFontHeight                            
000028cb  Graphics_getFontMaxWidth                          
000028d9  Graphics_getDisplayWidth                          
000028e9  Graphics_getDisplayHeight                         
000028f9  Graphics_getHeightOfDisplay                       
00002907  Graphics_flushBuffer                              
00002915  Graphics_clearDisplay                             
00002927  Graphics_drawPixel                                
00002981  Graphics_getWidthOfDisplay                        
0000298f  __mpu_init                                        
000029fb  BUTTON_ISR                                        
00002a2b  main                                              
00002acb  _Z5Setupv                                         
00002b63  T32_INT1_IRQHandler                               
00002b63  T32_INT1_IRQHandler                               
00002b8b  __sti___8_main_cpp_937618a8                       
00002be9  Graphics_drawPixelOnDisplay                       
00002c13  Graphics_drawMultiplePixelsOnDisplay              
00002c57  Graphics_drawHorizontalLineOnDisplay              
00002c8b  Graphics_drawVerticalLineOnDisplay                
00002cbf  Graphics_fillRectangleOnDisplay                   
00002cdd  Graphics_translateColorOnDisplay                  
00002cf3  Graphics_flushOnDisplay                           
00002d05  Graphics_clearDisplayOnDisplay                    
00002d1d  _ZN3LEDC1Eiii                                     
00002d1d  _ZN3LEDC2Eiii                                     
00002d7f  _ZN3LEDC1Eiiiy                                    
00002d7f  _ZN3LEDC2Eiiiy                                    
00002ddf  _ZN3LED3runEv                                     
00002df9  HAL_LCD_PortInit                                  
00002e29  HAL_LCD_SpiInit                                   
00002e5f  HAL_LCD_writeCommand                              
00002e87  HAL_LCD_writeData                                 
00002eb5  _ZSt21__gen_dummy_typeinfosv                      
00002ebd  _ZNSt9type_infoD1Ev                               
00002ebd  _ZNSt9type_infoD2Ev                               
00002ebf  _ZNSt9type_infoD0Ev                               
00002ec7  _ZNKSt9type_info4nameEv                           
00002ecb  _ZNKSt9type_infoneERKS_                           
00002ee1  _ZNKSt9type_infoeqERKS_                           
00002ef7  _ZNKSt9type_info6beforeERKS_                      
00002f05  _ZN10__cxxabiv129__pointer_to_member_type_infoD1Ev
00002f05  _ZN10__cxxabiv129__pointer_to_member_type_infoD2Ev
00002f07  _ZN10__cxxabiv129__pointer_to_member_type_infoD0Ev
00002f0f  _ZN10__cxxabiv123__fundamental_type_infoD1Ev      
00002f0f  _ZN10__cxxabiv123__fundamental_type_infoD2Ev      
00002f11  _ZN10__cxxabiv123__fundamental_type_infoD0Ev      
00002f19  _ZN10__cxxabiv121__vmi_class_type_infoD1Ev        
00002f19  _ZN10__cxxabiv121__vmi_class_type_infoD2Ev        
00002f1b  _ZN10__cxxabiv121__vmi_class_type_infoD0Ev        
00002f23  _ZN10__cxxabiv120__si_class_type_infoD1Ev         
00002f23  _ZN10__cxxabiv120__si_class_type_infoD2Ev         
00002f25  _ZN10__cxxabiv120__si_class_type_infoD0Ev         
00002f2d  _ZN10__cxxabiv120__function_type_infoD1Ev         
00002f2d  _ZN10__cxxabiv120__function_type_infoD2Ev         
00002f2f  _ZN10__cxxabiv120__function_type_infoD0Ev         
00002f37  _ZN10__cxxabiv119__pointer_type_infoD1Ev          
00002f37  _ZN10__cxxabiv119__pointer_type_infoD2Ev          
00002f39  _ZN10__cxxabiv119__pointer_type_infoD0Ev          
00002f41  _ZN10__cxxabiv117__pbase_type_infoD1Ev            
00002f41  _ZN10__cxxabiv117__pbase_type_infoD2Ev            
00002f43  _ZN10__cxxabiv117__pbase_type_infoD0Ev            
00002f4b  _ZN10__cxxabiv117__class_type_infoD1Ev            
00002f4b  _ZN10__cxxabiv117__class_type_infoD2Ev            
00002f4d  _ZN10__cxxabiv117__class_type_infoD0Ev            
00002f55  _ZN10__cxxabiv117__array_type_infoD1Ev            
00002f55  _ZN10__cxxabiv117__array_type_infoD2Ev            
00002f57  _ZN10__cxxabiv117__array_type_infoD0Ev            
00002f5f  _ZN10__cxxabiv116__enum_type_infoD1Ev             
00002f5f  _ZN10__cxxabiv116__enum_type_infoD2Ev             
00002f61  _ZN10__cxxabiv116__enum_type_infoD0Ev             
00002f71  _ZN6ButtonC1Eiiiy                                 
00002f71  _ZN6ButtonC2Eiiiy                                 
00002fe3  _ZN6Button3runEv                                  
00003003  _ZN6Button11SendMessageEv                         
00003015  _ZN6Button14ProcessMessageEP3MSG                  
00003025  _ZN6ScreenC1Eiiy                                  
00003025  _ZN6ScreenC2Eiiy                                  
00003099  _ZN6Screen3runEv                                  
000030c1  __aeabi_memcpy                                    
000030c1  __aeabi_memcpy4                                   
000030c1  __aeabi_memcpy8                                   
000030c1  memcpy                                            
0000315d  __aeabi_memclr                                    
0000315d  __aeabi_memclr4                                   
0000315d  __aeabi_memclr8                                   
0000315f  __aeabi_memset                                    
0000315f  __aeabi_memset4                                   
0000315f  __aeabi_memset8                                   
00003165  memset                                            
000031d7  _system_post_cinit                                
000031d9  _ZN4TaskC1Ev                                      
000031d9  _ZN4TaskC2Ev                                      
000031f1  _ZN4Task19SetTaskCurrentCountEy                   
0000320f  _ZN4Task17SetTaskFinalCountEy                     
0000322d  _ZN4Task19GetTaskCurrentCountEv                   
0000323d  _ZN4Task17GetTaskFinalCountEv                     
00003251  __TI_auto_init                                    
0000332d  _c_int00                                          
00003381  C$$EXIT                                           
00003385  abort                                             
0000338d  exit                                              
000033d5  copy_in                                           
00003421  CPU_cpsid                                         
0000342d  CPU_primask                                       
00003437  CPU_cpsie                                         
00003443  CPU_wfi                                           
00003447  CPU_basepriSet                                    
00003455  CPU_basepriGet                                    
00003461  _ZN4Task11SendMessageEv                           
00003481  _args_main                                        
00003499  _register_unlock                                  
0000349f  _register_lock                                    
000034a7  _nop                                              
000034ad  __TI_decompress_none                              
000034bb  Reset_Handler                                     
000034c7  ADC14_IRQHandler                                  
000034c7  AES256_IRQHandler                                 
000034c7  BusFault_Handler                                  
000034c7  COMP_E0_IRQHandler                                
000034c7  COMP_E1_IRQHandler                                
000034c7  CS_IRQHandler                                     
000034c7  DMA_ERR_IRQHandler                                
000034c7  DMA_INT0_IRQHandler                               
000034c7  DMA_INT1_IRQHandler                               
000034c7  DMA_INT2_IRQHandler                               
000034c7  DMA_INT3_IRQHandler                               
000034c7  DebugMon_Handler                                  
000034c7  Default_Handler                                   
000034c7  EUSCIA0_IRQHandler                                
000034c7  EUSCIA1_IRQHandler                                
000034c7  EUSCIA2_IRQHandler                                
000034c7  EUSCIA3_IRQHandler                                
000034c7  EUSCIB0_IRQHandler                                
000034c7  EUSCIB1_IRQHandler                                
000034c7  EUSCIB2_IRQHandler                                
000034c7  EUSCIB3_IRQHandler                                
000034c7  FLCTL_IRQHandler                                  
000034c7  FPU_IRQHandler                                    
000034c7  HardFault_Handler                                 
000034c7  MemManage_Handler                                 
000034c7  NMI_Handler                                       
000034c7  PCM_IRQHandler                                    
000034c7  PORT1_IRQHandler                                  
000034c7  PORT2_IRQHandler                                  
000034c7  PORT3_IRQHandler                                  
000034c7  PORT4_IRQHandler                                  
000034c7  PORT5_IRQHandler                                  
000034c7  PORT6_IRQHandler                                  
000034c7  PSS_IRQHandler                                    
000034c7  PendSV_Handler                                    
000034c7  RTC_C_IRQHandler                                  
000034c7  SVC_Handler                                       
000034c7  SysTick_Handler                                   
000034c7  T32_INT2_IRQHandler                               
000034c7  T32_INTC_IRQHandler                               
000034c7  TA0_0_IRQHandler                                  
000034c7  TA0_N_IRQHandler                                  
000034c7  TA1_0_IRQHandler                                  
000034c7  TA1_N_IRQHandler                                  
000034c7  TA2_0_IRQHandler                                  
000034c7  TA2_N_IRQHandler                                  
000034c7  TA3_0_IRQHandler                                  
000034c7  TA3_N_IRQHandler                                  
000034c7  UsageFault_Handler                                
000034c7  WDT_A_IRQHandler                                  
000034c9  _ZN4Task14ProcessMessageEP3MSG                    
000034d5  _ZN4Task3runEv                                    
000034e1  _ZdlPv                                            
000034e9  __TI_decompress_rle24                             
000034ef  _system_pre_init                                  
000037ec  g_sFontFixed6x8                                   
00003904  g_sCrystalfontz128x128                            
00003930  _ZTSN10__cxxabiv123__fundamental_type_infoE       
00003958  _ZTSN10__cxxabiv120__si_class_type_infoE          
0000397d  _ZTSN10__cxxabiv119__pointer_type_infoE           
000039a1  _ZTSN10__cxxabiv117__class_type_infoE             
000039c3  _ZTSN10__cxxabiv117__pbase_type_infoE             
000039e5  _ZTSe                                             
00003a40  _ZTV3LED                                          
00003a54  _ZTV4Task                                         
00003a68  _ZTV6Button                                       
00003a7c  _ZTV6Screen                                       
00003a90  _ZTIPKe                                           
00003aa0  _ZTVN10__cxxabiv117__class_type_infoE             
00003ab0  _ZTVN10__cxxabiv119__pointer_type_infoE           
00003ac0  _ZTVN10__cxxabiv120__si_class_type_infoE          
00003ad0  _ZTVN10__cxxabiv123__fundamental_type_infoE       
00003ae0  _ZTSSt9type_info                                  
00003b14  _ZTI3LED                                          
00003b20  _ZTI6Button                                       
00003b2c  _ZTI6Screen                                       
00003b38  _ZTIN10__cxxabiv117__class_type_infoE             
00003b44  _ZTIN10__cxxabiv117__pbase_type_infoE             
00003b50  _ZTIN10__cxxabiv119__pointer_type_infoE           
00003b5c  _ZTIN10__cxxabiv120__si_class_type_infoE          
00003b68  _ZTIN10__cxxabiv123__fundamental_type_infoE       
00003b7c  _ZTI4Task                                         
00003b84  _ZTISt9type_info                                  
00003b8c  _ZTIe                                             
00003b94  _ZTS6Button                                       
00003b9c  _ZTS6Screen                                       
00003bc4  _ZTS4Task                                         
00003bca  _ZTS3LED                                          
00003bcf  _ZTSPKe                                           
00003bd4  SHT$$INIT_ARRAY$$Base                             
00003bd8  SHT$$INIT_ARRAY$$Limit                            
00003c4c  __TI_Handler_Table_Base                           
00003c54  __TI_CINIT_Base                                   
00003c54  __TI_Handler_Table_Limit                          
00003c6c  __TI_CINIT_Limit                                  
20000000  g_pfnRAMVectors                                   
200000e8  MainScheduler                                     
200014e8  button                                            
20001518  _ZSt16__dummy_typeinfo                            
2000151c  Lcd_ScreenHeigth                                  
2000151e  Lcd_ScreenWidth                                   
20001520  Lcd_TouchTrim                                     
20001522  Lcd_FlagRead                                      
20001523  Lcd_FontSolid                                     
20001524  Lcd_Orientation                                   
20001525  Lcd_PenSolid                                      
20001528  _sys_memory                                       
20001958  __TI_cleanup_ptr                                  
2000195c  __TI_dtors_ptr                                    
20001960  __TI_enable_exit_profile_output                   
20001978  _ZN4Task14m_u8NextTaskIDE                         
2000197c  _lock                                             
20001980  _unlock                                           
20001984  main_func_sp                                      
20001988  SystemCoreClock                                   
2000fe00  __stack                                           
20010000  __STACK_END                                       
4000480c  WDTCTL_SYM                                        
ffffffff  __TI_pprof_out_hndl                               
ffffffff  __TI_prof_data_size                               
ffffffff  __TI_prof_data_start                              
ffffffff  __binit__                                         
ffffffff  __c_args__                                        
ffffffff  binit                                             

[365 symbols]
