******************************************************************************
                  TI ARM Linker Unix v15.12.3                  
******************************************************************************
>> Linked Sat Nov 12 18:49:46 2016

OUTPUT FILE NAME:   <EventHandler.out>
ENTRY POINT SYMBOL: "_c_int00"  address: 00004399


MEMORY CONFIGURATION

         name            origin    length      used     unused   attr    fill
----------------------  --------  ---------  --------  --------  ----  --------
  MAIN                  00000000   00040000  00004e3f  0003b1c1  R  X
  INFO                  00200000   00004000  00000000  00004000  R  X
  SRAM_CODE             01000000   00010000  00001fae  0000e052  RW X
  SRAM_DATA             20000000   00010000  00001fae  0000e052  RW  


SEGMENT ALLOCATION MAP

run origin  load origin   length   init length attrs members
----------  ----------- ---------- ----------- ----- -------
00000000    00000000    00004e44   00004e44    r-x
  00000000    00000000    000000e4   000000e4    r-- .intvecs
  000000e4    000000e4    0000451e   0000451e    r-x .text
  00004604    00004604    00000795   00000795    r-- .const
  00004d9c    00004d9c    00000004   00000004    r-- .init_array
  00004da0    00004da0    000000a4   000000a4    r-- .cinit
20000000    20000000    00001db8   00000000    rw-
  20000000    20000000    000000e4   00000000    rw- .vtable
  200000e8    200000e8    0000184a   00000000    rw- .bss
  20001938    20001938    00000400   00000000    rw- .sysmem
  20001d38    20001d38    00000080   00000000    rw- .data
2000fe00    2000fe00    00000200   00000000    rw-
  2000fe00    2000fe00    00000200   00000000    rw- .stack


SECTION ALLOCATION MAP

 output                                  attributes/
section   page    origin      length       input sections
--------  ----  ----------  ----------   ----------------
.intvecs   0    00000000    000000e4     
                  00000000    000000e4     startup_msp432p401r_ccs.obj (.intvecs:retain)

.binit     0    00000000    00000000     

.text      0    000000e4    0000451e     
                  000000e4    000008e0     adc14.obj (.text)
                  000009c4    000008a4     spi.obj (.text)
                  00001268    00000678     Crystalfontz128x128_ST7735.obj (.text)
                  000018e0    000004bc     main.obj (.text)
                  00001d9c    00000490     line.obj (.text)
                  0000222c    00000480     gpio.obj (.text)
                  000026ac    00000434     Scheduler.obj (.text)
                  00002ae0    000003f0     interrupt.obj (.text)
                  00002ed0    000003dc     rtsv7M4_T_le_v4SPD16_eabi.lib : memory.obj (.text)
                  000032ac    00000370     system_msp432p401r.obj (.text)
                  0000361c    000002d4     Screen.obj (.text)
                  000038f0    00000266     context.obj (.text)
                  00003b56    00000002     rtsv7M4_T_le_v4SPD16_eabi.lib : mpu_init.obj (.text)
                  00003b58    00000138     Servo.obj (.text)
                  00003c90    00000136     rtsv7M4_T_le_v4SPD16_eabi.lib : fd_div_t2.obj (.text)
                  00003dc6    00000134     display.obj (.text)
                  00003efa    00000002     rtsv7M4_T_le_v4SPD16_eabi.lib : newhandler.obj (.text)
                  00003efc    000000bc     HAL_MSP_EXP432P401R_Crystalfontz128x128_ST7735.obj (.text)
                  00003fb8    000000bc     rtsv7M4_T_le_v4SPD16_eabi.lib : typeinfo_.obj (.text)
                  00004074    000000b0     Button.obj (.text)
                  00004124    0000009c     rtsv7M4_T_le_v4SPD16_eabi.lib : memcpy_t2.obj (.text)
                  000041c0    00000080     Task.obj (.text)
                  00004240    0000007a     rtsv7M4_T_le_v4SPD16_eabi.lib : memset_t2.obj (.text)
                  000042ba    00000002                                   : startup.obj (.text)
                  000042bc    00000070                                   : autoinit.obj (.text)
                  0000432c    0000006a                                   : copy_decompress_rle.obj (.text)
                  00004396    00000002     --HOLE-- [fill = 0]
                  00004398    00000054                                   : boot.obj (.text)
                  000043ec    00000054                                   : exit.obj (.text)
                  00004440    0000004c                                   : cpy_tbl.obj (.text)
                  0000448c    00000044                                   : fd_tou_t2.obj (.text)
                  000044d0    0000003e     cpu.obj (.text)
                  0000450e    00000002     --HOLE-- [fill = 0]
                  00004510    00000030     rtsv7M4_T_le_v4SPD16_eabi.lib : new_.obj (.text)
                  00004540    0000002e                                   : i_tofd_t2.obj (.text)
                  0000456e    00000002     --HOLE-- [fill = 0]
                  00004570    00000020     LED.obj (.text:_ZN4Task11SendMessageEv)
                  00004590    00000018     rtsv7M4_T_le_v4SPD16_eabi.lib : args_main.obj (.text)
                  000045a8    00000014                                   : _lock.obj (.text)
                  000045bc    0000000e                                   : copy_decompress_none.obj (.text:decompress:none)
                  000045ca    0000000e     startup_msp432p401r_ccs.obj (.text)
                  000045d8    0000000c     LED.obj (.text:_ZN4Task14ProcessMessageE3MSG)
                  000045e4    0000000c     Task.obj (.text:_ZN4Task3runEv)
                  000045f0    00000008     rtsv7M4_T_le_v4SPD16_eabi.lib : delete.obj (.text)
                  000045f8    00000006                                   : copy_decompress_rle.obj (.text:decompress:rle24)
                  000045fe    00000004                                   : pre_init.obj (.text)

.const     0    00004604    00000795     
                  00004604    000002f8     fontfixed6x8.obj (.const:.string:g_pucFontFixed6x8Data)
                  000048fc    000000c8     fontfixed6x8.obj (.const:g_sFontFixed6x8)
                  000049c4    00000080     adc14.obj (.const:_ctlRegs)
                  00004a44    00000050     interrupt.obj (.const:g_pulRegs)
                  00004a94    0000002c     Crystalfontz128x128_ST7735.obj (.const:g_sCrystalfontz128x128)
                  00004ac0    00000028     rtsv7M4_T_le_v4SPD16_eabi.lib : typeinfo_.obj (.const:.typeinfo:_ZTSN10__cxxabiv123__fundamental_type_infoE)
                  00004ae8    00000025                                   : typeinfo_.obj (.const:.typeinfo:_ZTSN10__cxxabiv120__si_class_type_infoE)
                  00004b0d    00000024                                   : typeinfo_.obj (.const:.typeinfo:_ZTSN10__cxxabiv119__pointer_type_infoE)
                  00004b31    00000022                                   : typeinfo_.obj (.const:.typeinfo:_ZTSN10__cxxabiv117__class_type_infoE)
                  00004b53    00000022                                   : typeinfo_.obj (.const:.typeinfo:_ZTSN10__cxxabiv117__pbase_type_infoE)
                  00004b75    00000002                                   : typeinfo_.obj (.const:.typeinfo:_ZTSe)
                  00004b77    00000001     --HOLE-- [fill = 0]
                  00004b78    00000020     interrupt.obj (.const:g_pulPriority)
                  00004b98    0000001c     HAL_MSP_EXP432P401R_Crystalfontz128x128_ST7735.obj (.const:$P$T0$1)
                  00004bb4    0000001c     gpio.obj (.const:GPIO_PORT_TO_INT)
                  00004bd0    00000018     Screen.obj (.const:_ZTV6Screen)
                  00004be8    00000014     Task.obj (.const:_ZTV4Task)
                  00004bfc    00000014     Servo.obj (.const:_ZTV5Servo)
                  00004c10    00000014     Button.obj (.const:_ZTV6Button)
                  00004c24    00000010     rtsv7M4_T_le_v4SPD16_eabi.lib : typeinfo_.obj (.const:.typeinfo:_ZTIPKe)
                  00004c34    00000010                                   : typeinfo_.obj (.const:_ZTVN10__cxxabiv117__class_type_infoE)
                  00004c44    00000010                                   : typeinfo_.obj (.const:_ZTVN10__cxxabiv119__pointer_type_infoE)
                  00004c54    00000010                                   : typeinfo_.obj (.const:_ZTVN10__cxxabiv120__si_class_type_infoE)
                  00004c64    00000010                                   : typeinfo_.obj (.const:_ZTVN10__cxxabiv123__fundamental_type_infoE)
                  00004c74    0000000d                                   : typeinfo_.obj (.const:.typeinfo:_ZTSSt9type_info)
                  00004c81    00000003     --HOLE-- [fill = 0]
                  00004c84    0000000c     LED.obj (.const:$P$T40$1)
                  00004c90    0000000c     Scheduler.obj (.const:$P$T40$1)
                  00004c9c    0000000c     main.obj (.const:$P$T40$1)
                  00004ca8    0000000c     main.obj (.const:$P$T41$2)
                  00004cb4    0000000c     main.obj (.const:$P$T42$3)
                  00004cc0    0000000c     main.obj (.const:$P$T43$4)
                  00004ccc    0000000c     Button.obj (.const:$P$T45$1)
                  00004cd8    0000000c     Servo.obj (.const:.typeinfo:_ZTI5Servo)
                  00004ce4    0000000c     Button.obj (.const:.typeinfo:_ZTI6Button)
                  00004cf0    0000000c     Screen.obj (.const:.typeinfo:_ZTI6Screen)
                  00004cfc    0000000c     rtsv7M4_T_le_v4SPD16_eabi.lib : typeinfo_.obj (.const:.typeinfo:_ZTIN10__cxxabiv117__class_type_infoE)
                  00004d08    0000000c                                   : typeinfo_.obj (.const:.typeinfo:_ZTIN10__cxxabiv117__pbase_type_infoE)
                  00004d14    0000000c                                   : typeinfo_.obj (.const:.typeinfo:_ZTIN10__cxxabiv119__pointer_type_infoE)
                  00004d20    0000000c                                   : typeinfo_.obj (.const:.typeinfo:_ZTIN10__cxxabiv120__si_class_type_infoE)
                  00004d2c    0000000c                                   : typeinfo_.obj (.const:.typeinfo:_ZTIN10__cxxabiv123__fundamental_type_infoE)
                  00004d38    00000008     Crystalfontz128x128_ST7735.obj (.const:$P$T0$1)
                  00004d40    00000008     Button.obj (.const:.typeinfo:_ZTI4Task)
                  00004d48    00000008     rtsv7M4_T_le_v4SPD16_eabi.lib : typeinfo_.obj (.const:.typeinfo:_ZTISt9type_info)
                  00004d50    00000008                                   : typeinfo_.obj (.const:.typeinfo:_ZTIe)
                  00004d58    00000008     Button.obj (.const:.typeinfo:_ZTS6Button)
                  00004d60    00000008     Screen.obj (.const:.typeinfo:_ZTS6Screen)
                  00004d68    00000008     interrupt.obj (.const:g_pulDisRegs)
                  00004d70    00000008     interrupt.obj (.const:g_pulEnRegs)
                  00004d78    00000008     interrupt.obj (.const:g_pulPendRegs)
                  00004d80    00000008     interrupt.obj (.const:g_pulUnpendRegs)
                  00004d88    00000007     Servo.obj (.const:.typeinfo:_ZTS5Servo)
                  00004d8f    00000006     Button.obj (.const:.typeinfo:_ZTS4Task)
                  00004d95    00000004     rtsv7M4_T_le_v4SPD16_eabi.lib : typeinfo_.obj (.const:.typeinfo:_ZTSPKe)

.cinit     0    00004da0    000000a4     
                  00004da0    00000068     (.cinit..data.load) [load image, compression = rle]
                  00004e08    0000000b     (.cinit..bss.load) [load image, compression = rle]
                  00004e13    00000005     --HOLE-- [fill = 0]
                  00004e18    00000009     (.cinit..vtable.load) [load image, compression = rle]
                  00004e21    00000003     --HOLE-- [fill = 0]
                  00004e24    00000008     (__TI_handler_table)
                  00004e2c    00000018     (__TI_cinit_table)

.init_array 
*          0    00004d9c    00000004     
                  00004d9c    00000004     main.obj (.init_array)

.vtable    0    20000000    000000e4     UNINITIALIZED
                  20000000    000000e4     interrupt.obj (.vtable)

.bss       0    200000e8    0000184a     UNINITIALIZED
                  200000e8    000017f8     main.obj (.bss:MainScheduler)
                  200018e0    0000001c     (.common:g_sContext)
                  200018fc    00000010     main.obj (.bss)
                  2000190c    0000000c     (.common:aDataToSendADC)
                  20001918    00000008     (.common:g_u64Status)
                  20001920    00000004     (.common:_ZSt16__dummy_typeinfo)
                  20001924    00000004     (.common:pDataToSendADC)
                  20001928    00000002     (.common:Lcd_ScreenHeigth)
                  2000192a    00000002     (.common:Lcd_ScreenWidth)
                  2000192c    00000002     (.common:Lcd_TouchTrim)
                  2000192e    00000001     (.common:Lcd_FlagRead)
                  2000192f    00000001     (.common:Lcd_FontSolid)
                  20001930    00000001     (.common:Lcd_Orientation)
                  20001931    00000001     (.common:Lcd_PenSolid)

.sysmem    0    20001938    00000400     UNINITIALIZED
                  20001938    00000008     rtsv7M4_T_le_v4SPD16_eabi.lib : memory.obj (.sysmem)
                  20001940    000003f8     --HOLE--

.data      0    20001d38    00000080     UNINITIALIZED
                  20001d38    00000030     gpio.obj (.data:GPIO_PORT_TO_BASE)
                  20001d68    00000018     Servo.obj (.data:pwmConfig)
                  20001d80    0000000c     rtsv7M4_T_le_v4SPD16_eabi.lib : exit.obj (.data:$O1$$)
                  20001d8c    0000000c                                   : memory.obj (.data:$O1$$)
                  20001d98    00000009     main.obj (.data)
                  20001da1    00000003     --HOLE--
                  20001da4    00000008     rtsv7M4_T_le_v4SPD16_eabi.lib : _lock.obj (.data:$O1$$)
                  20001dac    00000004                                   : stkdepth_vars.obj (.data)
                  20001db0    00000004                                   : vars.obj (.data)
                  20001db4    00000004     system_msp432p401r.obj (.data)

.stack     0    2000fe00    00000200     UNINITIALIZED
                  2000fe00    00000200     --HOLE--

MODULE SUMMARY

       Module                                               code    ro data   rw data
       ------                                               ----    -------   -------
    ./
       main.obj                                             1212    52        12370  
       Scheduler.obj                                        1076    12        0      
       system_msp432p401r.obj                               880     0         8      
       Screen.obj                                           724     44        56     
       Servo.obj                                            312     39        48     
       Button.obj                                           176     66        0      
       startup_msp432p401r_ccs.obj                          14      228       0      
       Task.obj                                             140     20        0      
       LED.obj                                              44      12        0      
    +--+----------------------------------------------------+-------+---------+---------+
       Total:                                               4578    473       12482  
                                                                                     
    ./GrLib/fonts/
       fontfixed6x8.obj                                     0       960       0      
    +--+----------------------------------------------------+-------+---------+---------+
       Total:                                               0       960       0      
                                                                                     
    ./GrLib/grlib/
       line.obj                                             1168    0         0      
       context.obj                                          614     0         0      
       display.obj                                          308     0         0      
    +--+----------------------------------------------------+-------+---------+---------+
       Total:                                               2090    0         0      
                                                                                     
    ./LcdDriver/
       Crystalfontz128x128_ST7735.obj                       1656    52        20     
       HAL_MSP_EXP432P401R_Crystalfontz128x128_ST7735.obj   188     28        0      
    +--+----------------------------------------------------+-------+---------+---------+
       Total:                                               1844    80        20     
                                                                                     
    ./driverlib/MSP432P4xx/
       adc14.obj                                            2272    128       0      
       spi.obj                                              2212    0         0      
       interrupt.obj                                        1008    144       456    
       gpio.obj                                             1152    28        96     
       cpu.obj                                              62      0         0      
    +--+----------------------------------------------------+-------+---------+---------+
       Total:                                               6706    300       552    
                                                                                     
    /opt/ti/ccsv6/tools/compiler/arm_15.12.3.LTS/lib/rtsv7M4_T_le_v4SPD16_eabi.lib
       memory.obj                                           988     0         24     
       typeinfo_.obj                                        188     356       8      
       fd_div_t2.obj                                        310     0         0      
       memcpy_t2.obj                                        156     0         0      
       memset_t2.obj                                        122     0         0      
       autoinit.obj                                         112     0         0      
       copy_decompress_rle.obj                              112     0         0      
       exit.obj                                             84      0         24     
       boot.obj                                             84      0         0      
       cpy_tbl.obj                                          76      0         0      
       fd_tou_t2.obj                                        68      0         0      
       new_.obj                                             48      0         0      
       i_tofd_t2.obj                                        46      0         0      
       _lock.obj                                            20      0         16     
       args_main.obj                                        24      0         0      
       copy_decompress_none.obj                             14      0         0      
       delete.obj                                           8       0         0      
       stkdepth_vars.obj                                    0       0         8      
       vars.obj                                             0       0         8      
       pre_init.obj                                         4       0         0      
       mpu_init.obj                                         2       0         0      
       newhandler.obj                                       2       0         0      
       startup.obj                                          2       0         0      
    +--+----------------------------------------------------+-------+---------+---------+
       Total:                                               2470    356       88     
                                                                                     
       Heap:                                                0       0         2048   
       Stack:                                               0       0         1024   
       Linker Generated:                                    0       156       0      
    +--+----------------------------------------------------+-------+---------+---------+
       Grand Total:                                         17688   2325      16214  


LINKER GENERATED COPY TABLES

__TI_cinit_table @ 00004e2c records: 3, size/record: 8, table size: 24
	.data: load addr=00004da0, load size=00000068 bytes, run addr=20001d38, run size=00000080 bytes, compression=rle
	.bss: load addr=00004e08, load size=0000000b bytes, run addr=200000e8, run size=0000184a bytes, compression=rle
	.vtable: load addr=00004e18, load size=00000009 bytes, run addr=20000000, run size=000000e4 bytes, compression=rle


LINKER GENERATED HANDLER TABLE

__TI_handler_table @ 00004e24 records: 2, size/record: 4, table size: 8
	index: 0, handler: __TI_decompress_rle24
	index: 1, handler: __TI_decompress_none


GLOBAL SYMBOLS: SORTED ALPHABETICALLY BY Name 

address   name                                              
-------   ----                                              
000019af  ADC14_IRQHandler                                  
000019af  ADC14_IRQHandler                                  
00000939  ADC14_clearInterruptFlag                          
000004d9  ADC14_configureConversionMemory                   
00000381  ADC14_configureMultiSequenceMode                  
00000417  ADC14_configureSingleSampleMode                   
00000611  ADC14_disableComparatorWindow                     
000004af  ADC14_disableConversion                           
000008b3  ADC14_disableInterrupt                            
00000255  ADC14_disableModule                               
0000082f  ADC14_disableReferenceBurst                       
00000295  ADC14_disableSampleTimer                          
00000581  ADC14_enableComparatorWindow                      
0000046d  ADC14_enableConversion                            
00000887  ADC14_enableInterrupt                             
0000024d  ADC14_enableModule                                
00000819  ADC14_enableReferenceBurst                        
0000026b  ADC14_enableSampleTimer                           
00000909  ADC14_getEnabledInterruptStatus                   
000008df  ADC14_getInterruptStatus                          
00000739  ADC14_getMultiSequenceResult                      
0000030b  ADC14_getResolution                               
0000071f  ADC14_getResult                                   
000007a5  ADC14_getResultArray                              
000002ab  ADC14_initModule                                  
000004bb  ADC14_isBusy                                      
00000969  ADC14_registerInterrupt                           
0000066f  ADC14_setComparatorWindowValue                    
00000845  ADC14_setPowerMode                                
000002f1  ADC14_setResolution                               
000006f5  ADC14_setResultFormat                             
00000357  ADC14_setSampleHoldTime                           
00000315  ADC14_setSampleHoldTrigger                        
0000048d  ADC14_toggleConversionTrigger                     
0000097d  ADC14_unregisterInterrupt                         
000045d7  AES256_IRQHandler                                 
0000194b  BUTTON_ISR                                        
000045d7  BusFault_Handler                                  
000043ed  C$$EXIT                                           
000045d7  COMP_E0_IRQHandler                                
000045d7  COMP_E1_IRQHandler                                
00004505  CPU_basepriGet                                    
000044f7  CPU_basepriSet                                    
000044d1  CPU_cpsid                                         
000044e7  CPU_cpsie                                         
000044dd  CPU_primask                                       
000044f3  CPU_wfi                                           
000045d7  CS_IRQHandler                                     
00001269  Crystalfontz128x128_Init                          
0000137d  Crystalfontz128x128_SetDrawFrame                  
000014ab  Crystalfontz128x128_SetOrientation                
000045d7  DMA_ERR_IRQHandler                                
000045d7  DMA_INT0_IRQHandler                               
000045d7  DMA_INT1_IRQHandler                               
000045d7  DMA_INT2_IRQHandler                               
000045d7  DMA_INT3_IRQHandler                               
200018fc  DataToSend                                        
20001904  DataToSend2ADC                                    
20001908  DataToSend3                                       
20001900  DataToSendADC                                     
000045d7  DebugMon_Handler                                  
000045d7  Default_Handler                                   
000045d7  EUSCIA0_IRQHandler                                
000045d7  EUSCIA1_IRQHandler                                
000045d7  EUSCIA2_IRQHandler                                
000045d7  EUSCIA3_IRQHandler                                
000045d7  EUSCIB0_IRQHandler                                
000045d7  EUSCIB1_IRQHandler                                
000045d7  EUSCIB2_IRQHandler                                
000045d7  EUSCIB3_IRQHandler                                
00001133  EUSCI_A_SPI_changeClockPhasePolarity              
000011e7  EUSCI_A_SPI_clearInterruptFlag                    
00001217  EUSCI_A_SPI_disable                               
000011b5  EUSCI_A_SPI_disableInterrupt                      
00001201  EUSCI_A_SPI_enable                                
0000119b  EUSCI_A_SPI_enableInterrupt                       
000011cf  EUSCI_A_SPI_getInterruptStatus                    
0000122d  EUSCI_A_SPI_getReceiveBufferAddressForDMA         
0000123b  EUSCI_A_SPI_getTransmitBufferAddressForDMA        
00001249  EUSCI_A_SPI_isBusy                                
000010b3  EUSCI_A_SPI_masterChangeClock                     
0000118b  EUSCI_A_SPI_receiveData                           
00001093  EUSCI_A_SPI_select4PinFunctionality               
000010e9  EUSCI_A_SPI_slaveInit                             
00001175  EUSCI_A_SPI_transmitData                          
00000f65  EUSCI_B_SPI_changeClockPhasePolarity              
00001019  EUSCI_B_SPI_clearInterruptFlag                    
00001049  EUSCI_B_SPI_disable                               
00000fe7  EUSCI_B_SPI_disableInterrupt                      
00001033  EUSCI_B_SPI_enable                                
00000fcd  EUSCI_B_SPI_enableInterrupt                       
00001001  EUSCI_B_SPI_getInterruptStatus                    
0000105f  EUSCI_B_SPI_getReceiveBufferAddressForDMA         
0000106d  EUSCI_B_SPI_getTransmitBufferAddressForDMA        
0000107b  EUSCI_B_SPI_isBusy                                
00000ee9  EUSCI_B_SPI_masterChangeClock                     
00000fbd  EUSCI_B_SPI_receiveData                           
00000ec9  EUSCI_B_SPI_select4PinFunctionality               
00000f1b  EUSCI_B_SPI_slaveInit                             
00000fa7  EUSCI_B_SPI_transmitData                          
000045d7  FLCTL_IRQHandler                                  
000045d7  FPU_IRQHandler                                    
0000254f  GPIO_clearInterruptFlag                           
0000250f  GPIO_disableInterrupt                             
000024ed  GPIO_enableInterrupt                              
000025a7  GPIO_getEnabledInterruptStatus                    
000024bf  GPIO_getInputPinValue                             
00002531  GPIO_getInterruptStatus                           
00002571  GPIO_interruptEdgeSelect                          
00002667  GPIO_registerInterrupt                            
00002267  GPIO_setAsInputPin                                
0000241b  GPIO_setAsInputPinWithPullDownResistor            
0000246d  GPIO_setAsInputPinWithPullUpResistor              
0000222d  GPIO_setAsOutputPin                               
00002331  GPIO_setAsPeripheralModuleFunctionInputPin        
000022ad  GPIO_setAsPeripheralModuleFunctionOutputPin       
00002623  GPIO_setDriveStrengthHigh                         
00002645  GPIO_setDriveStrengthLow                          
000023b5  GPIO_setOutputHighOnPin                           
000023d7  GPIO_setOutputLowOnPin                            
000023f9  GPIO_toggleOutputOnPin                            
00002687  GPIO_unregisterInterrupt                          
00003add  Graphics_clearDisplay                             
00003ee3  Graphics_clearDisplayOnDisplay                    
00003e35  Graphics_drawHorizontalLineOnDisplay              
000020b9  Graphics_drawLine                                 
00001d9d  Graphics_drawLineH                                
00001e39  Graphics_drawLineV                                
00003df1  Graphics_drawMultiplePixelsOnDisplay              
00003aef  Graphics_drawPixel                                
00003dc7  Graphics_drawPixelOnDisplay                       
00003e69  Graphics_drawVerticalLineOnDisplay                
00003e9d  Graphics_fillRectangleOnDisplay                   
00003acf  Graphics_flushBuffer                              
00003ed1  Graphics_flushOnDisplay                           
00003ab1  Graphics_getDisplayHeight                         
00003aa1  Graphics_getDisplayWidth                          
00003a4f  Graphics_getFontBaseline                          
00003a85  Graphics_getFontHeight                            
00003a93  Graphics_getFontMaxWidth                          
00003ac1  Graphics_getHeightOfDisplay                       
00003b49  Graphics_getWidthOfDisplay                        
000038f1  Graphics_initContext                              
00003a05  Graphics_setBackgroundColor                       
00003a1f  Graphics_setBackgroundColorTranslated             
0000393b  Graphics_setClipRegion                            
00003a35  Graphics_setFont                                  
00003a5d  Graphics_setForegroundColor                       
00003a73  Graphics_setForegroundColorTranslated             
00003ebb  Graphics_translateColorOnDisplay                  
00003efd  HAL_LCD_PortInit                                  
00003f2d  HAL_LCD_SpiInit                                   
00003f63  HAL_LCD_writeCommand                              
00003f8b  HAL_LCD_writeData                                 
000045d7  HardFault_Handler                                 
00002ca3  Interrupt_disableInterrupt                        
00002af3  Interrupt_disableMaster                           
00002ea1  Interrupt_disableSleepOnIsrExit                   
00002c31  Interrupt_enableInterrupt                         
00002ae3  Interrupt_enableMaster                            
00002e8f  Interrupt_enableSleepOnIsrExit                    
00002c0b  Interrupt_getPriority                             
00002b83  Interrupt_getPriorityGrouping                     
00002e6f  Interrupt_getPriorityMask                         
00002e89  Interrupt_getVectorTableAddress                   
00002d15  Interrupt_isEnabled                               
00002da1  Interrupt_pendInterrupt                           
00002b03  Interrupt_registerInterrupt                       
00002bbb  Interrupt_setPriority                             
00002b69  Interrupt_setPriorityGrouping                     
00002e5f  Interrupt_setPriorityMask                         
00002e79  Interrupt_setVectorTableAddress                   
00002e11  Interrupt_unpendInterrupt                         
00002b55  Interrupt_unregisterInterrupt                     
2000192e  Lcd_FlagRead                                      
2000192f  Lcd_FontSolid                                     
20001930  Lcd_Orientation                                   
20001931  Lcd_PenSolid                                      
20001928  Lcd_ScreenHeigth                                  
2000192a  Lcd_ScreenWidth                                   
2000192c  Lcd_TouchTrim                                     
200000e8  MainScheduler                                     
000045d7  MemManage_Handler                                 
000045d7  NMI_Handler                                       
000045d7  PCM_IRQHandler                                    
000045d7  PORT1_IRQHandler                                  
000045d7  PORT2_IRQHandler                                  
000045d7  PORT3_IRQHandler                                  
000045d7  PORT4_IRQHandler                                  
000045d7  PORT5_IRQHandler                                  
000045d7  PORT6_IRQHandler                                  
000045d7  PSS_IRQHandler                                    
000045d7  PendSV_Handler                                    
000045d7  RTC_C_IRQHandler                                  
000045cb  Reset_Handler                                     
00004d9c  SHT$$INIT_ARRAY$$Base                             
00004da0  SHT$$INIT_ARRAY$$Limit                            
00000b87  SPI_changeClockPhasePolarity                      
00000ae1  SPI_changeMasterClock                             
00000d39  SPI_clearInterruptFlag                            
00000cbb  SPI_disableInterrupt                              
00000c15  SPI_disableModule                                 
00000c95  SPI_enableInterrupt                               
00000bf9  SPI_enableModule                                  
00000d09  SPI_getEnabledInterruptStatus                     
00000ce1  SPI_getInterruptStatus                            
00000c31  SPI_getReceiveBufferAddressForDMA                 
00000c4d  SPI_getTransmitBufferAddressForDMA                
000009f5  SPI_initMaster                                    
00000b09  SPI_initSlave                                     
00000c79  SPI_isBusy                                        
00000bdd  SPI_receiveData                                   
00000d5f  SPI_registerInterrupt                             
00000abb  SPI_selectFourPinFunctionality                    
00000bb7  SPI_transmitData                                  
00000e1d  SPI_unregisterInterrupt                           
000045d7  SVC_Handler                                       
000045d7  SysTick_Handler                                   
20001db4  SystemCoreClock                                   
000032ad  SystemCoreClockUpdate                             
00003521  SystemInit                                        
00001c85  T32_INT1_IRQHandler                               
00001c85  T32_INT1_IRQHandler                               
000045d7  T32_INT2_IRQHandler                               
000045d7  T32_INTC_IRQHandler                               
000045d7  TA0_0_IRQHandler                                  
000045d7  TA0_N_IRQHandler                                  
000045d7  TA1_0_IRQHandler                                  
000045d7  TA1_N_IRQHandler                                  
000045d7  TA2_0_IRQHandler                                  
000045d7  TA2_N_IRQHandler                                  
000045d7  TA3_0_IRQHandler                                  
000045d7  TA3_N_IRQHandler                                  
000045d7  UsageFault_Handler                                
4000480c  WDTCTL_SYM                                        
000045d7  WDT_A_IRQHandler                                  
00003efb  _Z21__default_new_handlerv                        
00001ae9  _Z5Setupv                                         
00004065  _ZN10__cxxabiv116__enum_type_infoD0Ev             
00004063  _ZN10__cxxabiv116__enum_type_infoD1Ev             
00004063  _ZN10__cxxabiv116__enum_type_infoD2Ev             
0000405b  _ZN10__cxxabiv117__array_type_infoD0Ev            
00004059  _ZN10__cxxabiv117__array_type_infoD1Ev            
00004059  _ZN10__cxxabiv117__array_type_infoD2Ev            
00004051  _ZN10__cxxabiv117__class_type_infoD0Ev            
0000404f  _ZN10__cxxabiv117__class_type_infoD1Ev            
0000404f  _ZN10__cxxabiv117__class_type_infoD2Ev            
00004047  _ZN10__cxxabiv117__pbase_type_infoD0Ev            
00004045  _ZN10__cxxabiv117__pbase_type_infoD1Ev            
00004045  _ZN10__cxxabiv117__pbase_type_infoD2Ev            
0000403d  _ZN10__cxxabiv119__pointer_type_infoD0Ev          
0000403b  _ZN10__cxxabiv119__pointer_type_infoD1Ev          
0000403b  _ZN10__cxxabiv119__pointer_type_infoD2Ev          
00004033  _ZN10__cxxabiv120__function_type_infoD0Ev         
00004031  _ZN10__cxxabiv120__function_type_infoD1Ev         
00004031  _ZN10__cxxabiv120__function_type_infoD2Ev         
00004029  _ZN10__cxxabiv120__si_class_type_infoD0Ev         
00004027  _ZN10__cxxabiv120__si_class_type_infoD1Ev         
00004027  _ZN10__cxxabiv120__si_class_type_infoD2Ev         
0000401f  _ZN10__cxxabiv121__vmi_class_type_infoD0Ev        
0000401d  _ZN10__cxxabiv121__vmi_class_type_infoD1Ev        
0000401d  _ZN10__cxxabiv121__vmi_class_type_infoD2Ev        
00004015  _ZN10__cxxabiv123__fundamental_type_infoD0Ev      
00004013  _ZN10__cxxabiv123__fundamental_type_infoD1Ev      
00004013  _ZN10__cxxabiv123__fundamental_type_infoD2Ev      
0000400b  _ZN10__cxxabiv129__pointer_to_member_type_infoD0Ev
00004009  _ZN10__cxxabiv129__pointer_to_member_type_infoD1Ev
00004009  _ZN10__cxxabiv129__pointer_to_member_type_infoD2Ev
00004571  _ZN4Task11SendMessageEv                           
000045d9  _ZN4Task14ProcessMessageE3MSG                     
20001da0  _ZN4Task14m_u8NextTaskIDE                         
0000422b  _ZN4Task17GetTaskFinalCountEv                     
000041fd  _ZN4Task17SetTaskFinalCountEy                     
0000421b  _ZN4Task19GetTaskCurrentCountEv                   
000041df  _ZN4Task19SetTaskCurrentCountEy                   
000045e5  _ZN4Task3runEv                                    
000041c1  _ZN4TaskC1Ev                                      
000041c1  _ZN4TaskC2Ev                                      
00003c07  _ZN5Servo14ProcessMessageE3MSG                    
00003c6b  _ZN5Servo19ADCtoServoValueConvEi                  
00003bcf  _ZN5Servo3runEv                                   
00003b59  _ZN5ServoC1Eibii                                  
00003b59  _ZN5ServoC2Eibii                                  
00004103  _ZN6Button11SendMessageEv                         
000040f7  _ZN6Button14ProcessMessageE3MSG                   
000040eb  _ZN6Button3runEv                                  
00004075  _ZN6ButtonC1Eibiiy                                
00004075  _ZN6ButtonC2Eibiiy                                
00003753  _ZN6Screen11printScreenEhht                       
000036b9  _ZN6Screen14ProcessMessageE3MSG                   
000036ad  _ZN6Screen3runEv                                  
0000361d  _ZN6ScreenC1Eib                                   
0000361d  _ZN6ScreenC2Eib                                   
0000298b  _ZN9Scheduler13attachMessageE3MSG                 
00002a7b  _ZN9Scheduler14processMessageE3MSG                
000029e3  _ZN9Scheduler17clearMessageQueueEv                
00002a31  _ZN9Scheduler18clearNextSchedulerEv               
00002907  _ZN9Scheduler19ProcessMessageQueueEv              
0000283b  _ZN9Scheduler21CalculateNextScheduleEv            
00002acd  _ZN9Scheduler22SortScheduleByPriorityEP4Task      
000027dd  _ZN9Scheduler3runEv                               
0000270d  _ZN9Scheduler6attachEP4Task                       
00002779  _ZN9Scheduler6attachEP4Tasky                      
000026ad  _ZN9SchedulerC1Ev                                 
000026ad  _ZN9SchedulerC2Ev                                 
00003fcb  _ZNKSt9type_info4nameEv                           
00003ffb  _ZNKSt9type_info6beforeERKS_                      
00003fe5  _ZNKSt9type_infoeqERKS_                           
00003fcf  _ZNKSt9type_infoneERKS_                           
00003fc3  _ZNSt9type_infoD0Ev                               
00003fc1  _ZNSt9type_infoD1Ev                               
00003fc1  _ZNSt9type_infoD2Ev                               
20001920  _ZSt16__dummy_typeinfo                            
00003fb9  _ZSt21__gen_dummy_typeinfosv                      
00004d40  _ZTI4Task                                         
00004cd8  _ZTI5Servo                                        
00004ce4  _ZTI6Button                                       
00004cf0  _ZTI6Screen                                       
00004cfc  _ZTIN10__cxxabiv117__class_type_infoE             
00004d08  _ZTIN10__cxxabiv117__pbase_type_infoE             
00004d14  _ZTIN10__cxxabiv119__pointer_type_infoE           
00004d20  _ZTIN10__cxxabiv120__si_class_type_infoE          
00004d2c  _ZTIN10__cxxabiv123__fundamental_type_infoE       
00004c24  _ZTIPKe                                           
00004d48  _ZTISt9type_info                                  
00004d50  _ZTIe                                             
00004d8f  _ZTS4Task                                         
00004d88  _ZTS5Servo                                        
00004d58  _ZTS6Button                                       
00004d60  _ZTS6Screen                                       
00004b31  _ZTSN10__cxxabiv117__class_type_infoE             
00004b53  _ZTSN10__cxxabiv117__pbase_type_infoE             
00004b0d  _ZTSN10__cxxabiv119__pointer_type_infoE           
00004ae8  _ZTSN10__cxxabiv120__si_class_type_infoE          
00004ac0  _ZTSN10__cxxabiv123__fundamental_type_infoE       
00004d95  _ZTSPKe                                           
00004c74  _ZTSSt9type_info                                  
00004b75  _ZTSe                                             
00004be8  _ZTV4Task                                         
00004bfc  _ZTV5Servo                                        
00004c10  _ZTV6Button                                       
00004bd0  _ZTV6Screen                                       
00004c34  _ZTVN10__cxxabiv117__class_type_infoE             
00004c44  _ZTVN10__cxxabiv119__pointer_type_infoE           
00004c54  _ZTVN10__cxxabiv120__si_class_type_infoE          
00004c64  _ZTVN10__cxxabiv123__fundamental_type_infoE       
000045f1  _ZdlPv                                            
00004511  _Znwj                                             
20010000  __STACK_END                                       
00000200  __STACK_SIZE                                      
00000400  __SYSMEM_SIZE                                     
00004e2c  __TI_CINIT_Base                                   
00004e44  __TI_CINIT_Limit                                  
00004e24  __TI_Handler_Table_Base                           
00004e2c  __TI_Handler_Table_Limit                          
000042bd  __TI_auto_init                                    
20001d80  __TI_cleanup_ptr                                  
000045bd  __TI_decompress_none                              
000045f9  __TI_decompress_rle24                             
20001d84  __TI_dtors_ptr                                    
20001d88  __TI_enable_exit_profile_output                   
ffffffff  __TI_pprof_out_hndl                               
ffffffff  __TI_prof_data_size                               
ffffffff  __TI_prof_data_start                              
00000000  __TI_static_base__                                
0000448d  __aeabi_d2uiz                                     
00003c91  __aeabi_ddiv                                      
00004541  __aeabi_i2d                                       
00004241  __aeabi_memclr                                    
00004241  __aeabi_memclr4                                   
00004241  __aeabi_memclr8                                   
00004125  __aeabi_memcpy                                    
00004125  __aeabi_memcpy4                                   
00004125  __aeabi_memcpy8                                   
00004243  __aeabi_memset                                    
00004243  __aeabi_memset4                                   
00004243  __aeabi_memset8                                   
ffffffff  __binit__                                         
ffffffff  __c_args__                                        
00003b57  __mpu_init                                        
2000fe00  __stack                                           
00001ccd  __sti___8_main_cpp_937618a8                       
00004591  _args_main                                        
00004399  _c_int00                                          
20001da4  _lock                                             
20001db0  _new_handler                                      
000045b7  _nop                                              
000045af  _register_lock                                    
000045a9  _register_unlock                                  
20001938  _sys_memory                                       
000042bb  _system_post_cinit                                
000045ff  _system_pre_init                                  
20001da8  _unlock                                           
2000190c  aDataToSendADC                                    
000043f1  abort                                             
ffffffff  binit                                             
00003279  calloc                                            
00004441  copy_in                                           
000043f9  exit                                              
00002fc7  free                                              
20000000  g_pfnRAMVectors                                   
200018e0  g_sContext                                        
00004a94  g_sCrystalfontz128x128                            
000048fc  g_sFontFixed6x8                                   
20001918  g_u64Status                                       
00000000  interruptVectors                                  
00001a5f  main                                              
20001dac  main_func_sp                                      
00002f5f  malloc                                            
00003195  memalign                                          
00004125  memcpy                                            
00004249  memset                                            
00002ed1  minit                                             
20001924  pDataToSendADC                                    
20001d68  pwmConfig                                         
00003089  realloc                                           


GLOBAL SYMBOLS: SORTED BY Symbol Address 

address   name                                              
-------   ----                                              
00000000  __TI_static_base__                                
00000000  interruptVectors                                  
00000200  __STACK_SIZE                                      
0000024d  ADC14_enableModule                                
00000255  ADC14_disableModule                               
0000026b  ADC14_enableSampleTimer                           
00000295  ADC14_disableSampleTimer                          
000002ab  ADC14_initModule                                  
000002f1  ADC14_setResolution                               
0000030b  ADC14_getResolution                               
00000315  ADC14_setSampleHoldTrigger                        
00000357  ADC14_setSampleHoldTime                           
00000381  ADC14_configureMultiSequenceMode                  
00000400  __SYSMEM_SIZE                                     
00000417  ADC14_configureSingleSampleMode                   
0000046d  ADC14_enableConversion                            
0000048d  ADC14_toggleConversionTrigger                     
000004af  ADC14_disableConversion                           
000004bb  ADC14_isBusy                                      
000004d9  ADC14_configureConversionMemory                   
00000581  ADC14_enableComparatorWindow                      
00000611  ADC14_disableComparatorWindow                     
0000066f  ADC14_setComparatorWindowValue                    
000006f5  ADC14_setResultFormat                             
0000071f  ADC14_getResult                                   
00000739  ADC14_getMultiSequenceResult                      
000007a5  ADC14_getResultArray                              
00000819  ADC14_enableReferenceBurst                        
0000082f  ADC14_disableReferenceBurst                       
00000845  ADC14_setPowerMode                                
00000887  ADC14_enableInterrupt                             
000008b3  ADC14_disableInterrupt                            
000008df  ADC14_getInterruptStatus                          
00000909  ADC14_getEnabledInterruptStatus                   
00000939  ADC14_clearInterruptFlag                          
00000969  ADC14_registerInterrupt                           
0000097d  ADC14_unregisterInterrupt                         
000009f5  SPI_initMaster                                    
00000abb  SPI_selectFourPinFunctionality                    
00000ae1  SPI_changeMasterClock                             
00000b09  SPI_initSlave                                     
00000b87  SPI_changeClockPhasePolarity                      
00000bb7  SPI_transmitData                                  
00000bdd  SPI_receiveData                                   
00000bf9  SPI_enableModule                                  
00000c15  SPI_disableModule                                 
00000c31  SPI_getReceiveBufferAddressForDMA                 
00000c4d  SPI_getTransmitBufferAddressForDMA                
00000c79  SPI_isBusy                                        
00000c95  SPI_enableInterrupt                               
00000cbb  SPI_disableInterrupt                              
00000ce1  SPI_getInterruptStatus                            
00000d09  SPI_getEnabledInterruptStatus                     
00000d39  SPI_clearInterruptFlag                            
00000d5f  SPI_registerInterrupt                             
00000e1d  SPI_unregisterInterrupt                           
00000ec9  EUSCI_B_SPI_select4PinFunctionality               
00000ee9  EUSCI_B_SPI_masterChangeClock                     
00000f1b  EUSCI_B_SPI_slaveInit                             
00000f65  EUSCI_B_SPI_changeClockPhasePolarity              
00000fa7  EUSCI_B_SPI_transmitData                          
00000fbd  EUSCI_B_SPI_receiveData                           
00000fcd  EUSCI_B_SPI_enableInterrupt                       
00000fe7  EUSCI_B_SPI_disableInterrupt                      
00001001  EUSCI_B_SPI_getInterruptStatus                    
00001019  EUSCI_B_SPI_clearInterruptFlag                    
00001033  EUSCI_B_SPI_enable                                
00001049  EUSCI_B_SPI_disable                               
0000105f  EUSCI_B_SPI_getReceiveBufferAddressForDMA         
0000106d  EUSCI_B_SPI_getTransmitBufferAddressForDMA        
0000107b  EUSCI_B_SPI_isBusy                                
00001093  EUSCI_A_SPI_select4PinFunctionality               
000010b3  EUSCI_A_SPI_masterChangeClock                     
000010e9  EUSCI_A_SPI_slaveInit                             
00001133  EUSCI_A_SPI_changeClockPhasePolarity              
00001175  EUSCI_A_SPI_transmitData                          
0000118b  EUSCI_A_SPI_receiveData                           
0000119b  EUSCI_A_SPI_enableInterrupt                       
000011b5  EUSCI_A_SPI_disableInterrupt                      
000011cf  EUSCI_A_SPI_getInterruptStatus                    
000011e7  EUSCI_A_SPI_clearInterruptFlag                    
00001201  EUSCI_A_SPI_enable                                
00001217  EUSCI_A_SPI_disable                               
0000122d  EUSCI_A_SPI_getReceiveBufferAddressForDMA         
0000123b  EUSCI_A_SPI_getTransmitBufferAddressForDMA        
00001249  EUSCI_A_SPI_isBusy                                
00001269  Crystalfontz128x128_Init                          
0000137d  Crystalfontz128x128_SetDrawFrame                  
000014ab  Crystalfontz128x128_SetOrientation                
0000194b  BUTTON_ISR                                        
000019af  ADC14_IRQHandler                                  
000019af  ADC14_IRQHandler                                  
00001a5f  main                                              
00001ae9  _Z5Setupv                                         
00001c85  T32_INT1_IRQHandler                               
00001c85  T32_INT1_IRQHandler                               
00001ccd  __sti___8_main_cpp_937618a8                       
00001d9d  Graphics_drawLineH                                
00001e39  Graphics_drawLineV                                
000020b9  Graphics_drawLine                                 
0000222d  GPIO_setAsOutputPin                               
00002267  GPIO_setAsInputPin                                
000022ad  GPIO_setAsPeripheralModuleFunctionOutputPin       
00002331  GPIO_setAsPeripheralModuleFunctionInputPin        
000023b5  GPIO_setOutputHighOnPin                           
000023d7  GPIO_setOutputLowOnPin                            
000023f9  GPIO_toggleOutputOnPin                            
0000241b  GPIO_setAsInputPinWithPullDownResistor            
0000246d  GPIO_setAsInputPinWithPullUpResistor              
000024bf  GPIO_getInputPinValue                             
000024ed  GPIO_enableInterrupt                              
0000250f  GPIO_disableInterrupt                             
00002531  GPIO_getInterruptStatus                           
0000254f  GPIO_clearInterruptFlag                           
00002571  GPIO_interruptEdgeSelect                          
000025a7  GPIO_getEnabledInterruptStatus                    
00002623  GPIO_setDriveStrengthHigh                         
00002645  GPIO_setDriveStrengthLow                          
00002667  GPIO_registerInterrupt                            
00002687  GPIO_unregisterInterrupt                          
000026ad  _ZN9SchedulerC1Ev                                 
000026ad  _ZN9SchedulerC2Ev                                 
0000270d  _ZN9Scheduler6attachEP4Task                       
00002779  _ZN9Scheduler6attachEP4Tasky                      
000027dd  _ZN9Scheduler3runEv                               
0000283b  _ZN9Scheduler21CalculateNextScheduleEv            
00002907  _ZN9Scheduler19ProcessMessageQueueEv              
0000298b  _ZN9Scheduler13attachMessageE3MSG                 
000029e3  _ZN9Scheduler17clearMessageQueueEv                
00002a31  _ZN9Scheduler18clearNextSchedulerEv               
00002a7b  _ZN9Scheduler14processMessageE3MSG                
00002acd  _ZN9Scheduler22SortScheduleByPriorityEP4Task      
00002ae3  Interrupt_enableMaster                            
00002af3  Interrupt_disableMaster                           
00002b03  Interrupt_registerInterrupt                       
00002b55  Interrupt_unregisterInterrupt                     
00002b69  Interrupt_setPriorityGrouping                     
00002b83  Interrupt_getPriorityGrouping                     
00002bbb  Interrupt_setPriority                             
00002c0b  Interrupt_getPriority                             
00002c31  Interrupt_enableInterrupt                         
00002ca3  Interrupt_disableInterrupt                        
00002d15  Interrupt_isEnabled                               
00002da1  Interrupt_pendInterrupt                           
00002e11  Interrupt_unpendInterrupt                         
00002e5f  Interrupt_setPriorityMask                         
00002e6f  Interrupt_getPriorityMask                         
00002e79  Interrupt_setVectorTableAddress                   
00002e89  Interrupt_getVectorTableAddress                   
00002e8f  Interrupt_enableSleepOnIsrExit                    
00002ea1  Interrupt_disableSleepOnIsrExit                   
00002ed1  minit                                             
00002f5f  malloc                                            
00002fc7  free                                              
00003089  realloc                                           
00003195  memalign                                          
00003279  calloc                                            
000032ad  SystemCoreClockUpdate                             
00003521  SystemInit                                        
0000361d  _ZN6ScreenC1Eib                                   
0000361d  _ZN6ScreenC2Eib                                   
000036ad  _ZN6Screen3runEv                                  
000036b9  _ZN6Screen14ProcessMessageE3MSG                   
00003753  _ZN6Screen11printScreenEhht                       
000038f1  Graphics_initContext                              
0000393b  Graphics_setClipRegion                            
00003a05  Graphics_setBackgroundColor                       
00003a1f  Graphics_setBackgroundColorTranslated             
00003a35  Graphics_setFont                                  
00003a4f  Graphics_getFontBaseline                          
00003a5d  Graphics_setForegroundColor                       
00003a73  Graphics_setForegroundColorTranslated             
00003a85  Graphics_getFontHeight                            
00003a93  Graphics_getFontMaxWidth                          
00003aa1  Graphics_getDisplayWidth                          
00003ab1  Graphics_getDisplayHeight                         
00003ac1  Graphics_getHeightOfDisplay                       
00003acf  Graphics_flushBuffer                              
00003add  Graphics_clearDisplay                             
00003aef  Graphics_drawPixel                                
00003b49  Graphics_getWidthOfDisplay                        
00003b57  __mpu_init                                        
00003b59  _ZN5ServoC1Eibii                                  
00003b59  _ZN5ServoC2Eibii                                  
00003bcf  _ZN5Servo3runEv                                   
00003c07  _ZN5Servo14ProcessMessageE3MSG                    
00003c6b  _ZN5Servo19ADCtoServoValueConvEi                  
00003c91  __aeabi_ddiv                                      
00003dc7  Graphics_drawPixelOnDisplay                       
00003df1  Graphics_drawMultiplePixelsOnDisplay              
00003e35  Graphics_drawHorizontalLineOnDisplay              
00003e69  Graphics_drawVerticalLineOnDisplay                
00003e9d  Graphics_fillRectangleOnDisplay                   
00003ebb  Graphics_translateColorOnDisplay                  
00003ed1  Graphics_flushOnDisplay                           
00003ee3  Graphics_clearDisplayOnDisplay                    
00003efb  _Z21__default_new_handlerv                        
00003efd  HAL_LCD_PortInit                                  
00003f2d  HAL_LCD_SpiInit                                   
00003f63  HAL_LCD_writeCommand                              
00003f8b  HAL_LCD_writeData                                 
00003fb9  _ZSt21__gen_dummy_typeinfosv                      
00003fc1  _ZNSt9type_infoD1Ev                               
00003fc1  _ZNSt9type_infoD2Ev                               
00003fc3  _ZNSt9type_infoD0Ev                               
00003fcb  _ZNKSt9type_info4nameEv                           
00003fcf  _ZNKSt9type_infoneERKS_                           
00003fe5  _ZNKSt9type_infoeqERKS_                           
00003ffb  _ZNKSt9type_info6beforeERKS_                      
00004009  _ZN10__cxxabiv129__pointer_to_member_type_infoD1Ev
00004009  _ZN10__cxxabiv129__pointer_to_member_type_infoD2Ev
0000400b  _ZN10__cxxabiv129__pointer_to_member_type_infoD0Ev
00004013  _ZN10__cxxabiv123__fundamental_type_infoD1Ev      
00004013  _ZN10__cxxabiv123__fundamental_type_infoD2Ev      
00004015  _ZN10__cxxabiv123__fundamental_type_infoD0Ev      
0000401d  _ZN10__cxxabiv121__vmi_class_type_infoD1Ev        
0000401d  _ZN10__cxxabiv121__vmi_class_type_infoD2Ev        
0000401f  _ZN10__cxxabiv121__vmi_class_type_infoD0Ev        
00004027  _ZN10__cxxabiv120__si_class_type_infoD1Ev         
00004027  _ZN10__cxxabiv120__si_class_type_infoD2Ev         
00004029  _ZN10__cxxabiv120__si_class_type_infoD0Ev         
00004031  _ZN10__cxxabiv120__function_type_infoD1Ev         
00004031  _ZN10__cxxabiv120__function_type_infoD2Ev         
00004033  _ZN10__cxxabiv120__function_type_infoD0Ev         
0000403b  _ZN10__cxxabiv119__pointer_type_infoD1Ev          
0000403b  _ZN10__cxxabiv119__pointer_type_infoD2Ev          
0000403d  _ZN10__cxxabiv119__pointer_type_infoD0Ev          
00004045  _ZN10__cxxabiv117__pbase_type_infoD1Ev            
00004045  _ZN10__cxxabiv117__pbase_type_infoD2Ev            
00004047  _ZN10__cxxabiv117__pbase_type_infoD0Ev            
0000404f  _ZN10__cxxabiv117__class_type_infoD1Ev            
0000404f  _ZN10__cxxabiv117__class_type_infoD2Ev            
00004051  _ZN10__cxxabiv117__class_type_infoD0Ev            
00004059  _ZN10__cxxabiv117__array_type_infoD1Ev            
00004059  _ZN10__cxxabiv117__array_type_infoD2Ev            
0000405b  _ZN10__cxxabiv117__array_type_infoD0Ev            
00004063  _ZN10__cxxabiv116__enum_type_infoD1Ev             
00004063  _ZN10__cxxabiv116__enum_type_infoD2Ev             
00004065  _ZN10__cxxabiv116__enum_type_infoD0Ev             
00004075  _ZN6ButtonC1Eibiiy                                
00004075  _ZN6ButtonC2Eibiiy                                
000040eb  _ZN6Button3runEv                                  
000040f7  _ZN6Button14ProcessMessageE3MSG                   
00004103  _ZN6Button11SendMessageEv                         
00004125  __aeabi_memcpy                                    
00004125  __aeabi_memcpy4                                   
00004125  __aeabi_memcpy8                                   
00004125  memcpy                                            
000041c1  _ZN4TaskC1Ev                                      
000041c1  _ZN4TaskC2Ev                                      
000041df  _ZN4Task19SetTaskCurrentCountEy                   
000041fd  _ZN4Task17SetTaskFinalCountEy                     
0000421b  _ZN4Task19GetTaskCurrentCountEv                   
0000422b  _ZN4Task17GetTaskFinalCountEv                     
00004241  __aeabi_memclr                                    
00004241  __aeabi_memclr4                                   
00004241  __aeabi_memclr8                                   
00004243  __aeabi_memset                                    
00004243  __aeabi_memset4                                   
00004243  __aeabi_memset8                                   
00004249  memset                                            
000042bb  _system_post_cinit                                
000042bd  __TI_auto_init                                    
00004399  _c_int00                                          
000043ed  C$$EXIT                                           
000043f1  abort                                             
000043f9  exit                                              
00004441  copy_in                                           
0000448d  __aeabi_d2uiz                                     
000044d1  CPU_cpsid                                         
000044dd  CPU_primask                                       
000044e7  CPU_cpsie                                         
000044f3  CPU_wfi                                           
000044f7  CPU_basepriSet                                    
00004505  CPU_basepriGet                                    
00004511  _Znwj                                             
00004541  __aeabi_i2d                                       
00004571  _ZN4Task11SendMessageEv                           
00004591  _args_main                                        
000045a9  _register_unlock                                  
000045af  _register_lock                                    
000045b7  _nop                                              
000045bd  __TI_decompress_none                              
000045cb  Reset_Handler                                     
000045d7  AES256_IRQHandler                                 
000045d7  BusFault_Handler                                  
000045d7  COMP_E0_IRQHandler                                
000045d7  COMP_E1_IRQHandler                                
000045d7  CS_IRQHandler                                     
000045d7  DMA_ERR_IRQHandler                                
000045d7  DMA_INT0_IRQHandler                               
000045d7  DMA_INT1_IRQHandler                               
000045d7  DMA_INT2_IRQHandler                               
000045d7  DMA_INT3_IRQHandler                               
000045d7  DebugMon_Handler                                  
000045d7  Default_Handler                                   
000045d7  EUSCIA0_IRQHandler                                
000045d7  EUSCIA1_IRQHandler                                
000045d7  EUSCIA2_IRQHandler                                
000045d7  EUSCIA3_IRQHandler                                
000045d7  EUSCIB0_IRQHandler                                
000045d7  EUSCIB1_IRQHandler                                
000045d7  EUSCIB2_IRQHandler                                
000045d7  EUSCIB3_IRQHandler                                
000045d7  FLCTL_IRQHandler                                  
000045d7  FPU_IRQHandler                                    
000045d7  HardFault_Handler                                 
000045d7  MemManage_Handler                                 
000045d7  NMI_Handler                                       
000045d7  PCM_IRQHandler                                    
000045d7  PORT1_IRQHandler                                  
000045d7  PORT2_IRQHandler                                  
000045d7  PORT3_IRQHandler                                  
000045d7  PORT4_IRQHandler                                  
000045d7  PORT5_IRQHandler                                  
000045d7  PORT6_IRQHandler                                  
000045d7  PSS_IRQHandler                                    
000045d7  PendSV_Handler                                    
000045d7  RTC_C_IRQHandler                                  
000045d7  SVC_Handler                                       
000045d7  SysTick_Handler                                   
000045d7  T32_INT2_IRQHandler                               
000045d7  T32_INTC_IRQHandler                               
000045d7  TA0_0_IRQHandler                                  
000045d7  TA0_N_IRQHandler                                  
000045d7  TA1_0_IRQHandler                                  
000045d7  TA1_N_IRQHandler                                  
000045d7  TA2_0_IRQHandler                                  
000045d7  TA2_N_IRQHandler                                  
000045d7  TA3_0_IRQHandler                                  
000045d7  TA3_N_IRQHandler                                  
000045d7  UsageFault_Handler                                
000045d7  WDT_A_IRQHandler                                  
000045d9  _ZN4Task14ProcessMessageE3MSG                     
000045e5  _ZN4Task3runEv                                    
000045f1  _ZdlPv                                            
000045f9  __TI_decompress_rle24                             
000045ff  _system_pre_init                                  
000048fc  g_sFontFixed6x8                                   
00004a94  g_sCrystalfontz128x128                            
00004ac0  _ZTSN10__cxxabiv123__fundamental_type_infoE       
00004ae8  _ZTSN10__cxxabiv120__si_class_type_infoE          
00004b0d  _ZTSN10__cxxabiv119__pointer_type_infoE           
00004b31  _ZTSN10__cxxabiv117__class_type_infoE             
00004b53  _ZTSN10__cxxabiv117__pbase_type_infoE             
00004b75  _ZTSe                                             
00004bd0  _ZTV6Screen                                       
00004be8  _ZTV4Task                                         
00004bfc  _ZTV5Servo                                        
00004c10  _ZTV6Button                                       
00004c24  _ZTIPKe                                           
00004c34  _ZTVN10__cxxabiv117__class_type_infoE             
00004c44  _ZTVN10__cxxabiv119__pointer_type_infoE           
00004c54  _ZTVN10__cxxabiv120__si_class_type_infoE          
00004c64  _ZTVN10__cxxabiv123__fundamental_type_infoE       
00004c74  _ZTSSt9type_info                                  
00004cd8  _ZTI5Servo                                        
00004ce4  _ZTI6Button                                       
00004cf0  _ZTI6Screen                                       
00004cfc  _ZTIN10__cxxabiv117__class_type_infoE             
00004d08  _ZTIN10__cxxabiv117__pbase_type_infoE             
00004d14  _ZTIN10__cxxabiv119__pointer_type_infoE           
00004d20  _ZTIN10__cxxabiv120__si_class_type_infoE          
00004d2c  _ZTIN10__cxxabiv123__fundamental_type_infoE       
00004d40  _ZTI4Task                                         
00004d48  _ZTISt9type_info                                  
00004d50  _ZTIe                                             
00004d58  _ZTS6Button                                       
00004d60  _ZTS6Screen                                       
00004d88  _ZTS5Servo                                        
00004d8f  _ZTS4Task                                         
00004d95  _ZTSPKe                                           
00004d9c  SHT$$INIT_ARRAY$$Base                             
00004da0  SHT$$INIT_ARRAY$$Limit                            
00004e24  __TI_Handler_Table_Base                           
00004e2c  __TI_CINIT_Base                                   
00004e2c  __TI_Handler_Table_Limit                          
00004e44  __TI_CINIT_Limit                                  
20000000  g_pfnRAMVectors                                   
200000e8  MainScheduler                                     
200018e0  g_sContext                                        
200018fc  DataToSend                                        
20001900  DataToSendADC                                     
20001904  DataToSend2ADC                                    
20001908  DataToSend3                                       
2000190c  aDataToSendADC                                    
20001918  g_u64Status                                       
20001920  _ZSt16__dummy_typeinfo                            
20001924  pDataToSendADC                                    
20001928  Lcd_ScreenHeigth                                  
2000192a  Lcd_ScreenWidth                                   
2000192c  Lcd_TouchTrim                                     
2000192e  Lcd_FlagRead                                      
2000192f  Lcd_FontSolid                                     
20001930  Lcd_Orientation                                   
20001931  Lcd_PenSolid                                      
20001938  _sys_memory                                       
20001d68  pwmConfig                                         
20001d80  __TI_cleanup_ptr                                  
20001d84  __TI_dtors_ptr                                    
20001d88  __TI_enable_exit_profile_output                   
20001da0  _ZN4Task14m_u8NextTaskIDE                         
20001da4  _lock                                             
20001da8  _unlock                                           
20001dac  main_func_sp                                      
20001db0  _new_handler                                      
20001db4  SystemCoreClock                                   
2000fe00  __stack                                           
20010000  __STACK_END                                       
4000480c  WDTCTL_SYM                                        
ffffffff  __TI_pprof_out_hndl                               
ffffffff  __TI_prof_data_size                               
ffffffff  __TI_prof_data_start                              
ffffffff  __binit__                                         
ffffffff  __c_args__                                        
ffffffff  binit                                             

[416 symbols]
