******************************************************************************
                  TI ARM Linker Unix v15.12.3                  
******************************************************************************
>> Linked Wed Nov  9 01:59:37 2016

OUTPUT FILE NAME:   <EventHandler.out>
ENTRY POINT SYMBOL: "_c_int00"  address: 00003489


MEMORY CONFIGURATION

         name            origin    length      used     unused   attr    fill
----------------------  --------  ---------  --------  --------  ----  --------
  MAIN                  00000000   00040000  00003e01  0003c1ff  R  X
  INFO                  00200000   00004000  00000000  00004000  R  X
  SRAM_CODE             01000000   00010000  00001f52  0000e0ae  RW X
  SRAM_DATA             20000000   00010000  00001f52  0000e0ae  RW  


SEGMENT ALLOCATION MAP

run origin  load origin   length   init length attrs members
----------  ----------- ---------- ----------- ----- -------
00000000    00000000    00003e04   00003e04    r-x
  00000000    00000000    000000e4   000000e4    r-- .intvecs
  000000e4    000000e4    0000359a   0000359a    r-x .text
  00003680    00003680    000006eb   000006eb    r-- .const
  00003d6c    00003d6c    00000004   00000004    r-- .init_array
  00003d70    00003d70    00000094   00000094    r-- .cinit
20000000    20000000    00001d58   00000000    rw-
  20000000    20000000    000000e4   00000000    rw- .vtable
  200000e8    200000e8    00001806   00000000    rw- .bss
  200018f0    200018f0    00000400   00000000    rw- .sysmem
  20001cf0    20001cf0    00000068   00000000    rw- .data
2000fe00    2000fe00    00000200   00000000    rw-
  2000fe00    2000fe00    00000200   00000000    rw- .stack


SECTION ALLOCATION MAP

 output                                  attributes/
section   page    origin      length       input sections
--------  ----  ----------  ----------   ----------------
.intvecs   0    00000000    000000e4     
                  00000000    000000e4     startup_msp432p401r_ccs.obj (.intvecs:retain)

.binit     0    00000000    00000000     

.text      0    000000e4    0000359a     
                  000000e4    000008a4     spi.obj (.text)
                  00000988    00000678     Crystalfontz128x128_ST7735.obj (.text)
                  00001000    00000490     line.obj (.text)
                  00001490    00000480     gpio.obj (.text)
                  00001910    00000430     Scheduler.obj (.text)
                  00001d40    000003f0     interrupt.obj (.text)
                  00002130    000003dc     rtsv7M4_T_le_v4SPD16_eabi.lib : memory.obj (.text)
                  0000250c    0000032c     system_msp432p401r.obj (.text)
                  00002838    00000288     main.obj (.text)
                  00002ac0    00000266     context.obj (.text)
                  00002d26    00000134     display.obj (.text)
                  00002e5a    00000002     rtsv7M4_T_le_v4SPD16_eabi.lib : mpu_init.obj (.text)
                  00002e5c    000000f0     LED.obj (.text)
                  00002f4c    000000bc     HAL_MSP_EXP432P401R_Crystalfontz128x128_ST7735.obj (.text)
                  00003008    000000bc     rtsv7M4_T_le_v4SPD16_eabi.lib : typeinfo_.obj (.text)
                  000030c4    000000b4     Button.obj (.text)
                  00003178    0000009c     Screen.obj (.text)
                  00003214    0000009c     rtsv7M4_T_le_v4SPD16_eabi.lib : memcpy_t2.obj (.text)
                  000032b0    00000080     Task.obj (.text)
                  00003330    0000007a     rtsv7M4_T_le_v4SPD16_eabi.lib : memset_t2.obj (.text)
                  000033aa    00000002                                   : newhandler.obj (.text)
                  000033ac    00000070                                   : autoinit.obj (.text)
                  0000341c    0000006a                                   : copy_decompress_rle.obj (.text)
                  00003486    00000002                                   : startup.obj (.text)
                  00003488    00000054                                   : boot.obj (.text)
                  000034dc    00000054                                   : exit.obj (.text)
                  00003530    0000004c                                   : cpy_tbl.obj (.text)
                  0000357c    0000003e     cpu.obj (.text)
                  000035ba    00000002     --HOLE-- [fill = 0]
                  000035bc    00000030     rtsv7M4_T_le_v4SPD16_eabi.lib : new_.obj (.text)
                  000035ec    00000020     LED.obj (.text:_ZN4Task11SendMessageEv)
                  0000360c    00000018     rtsv7M4_T_le_v4SPD16_eabi.lib : args_main.obj (.text)
                  00003624    00000014                                   : _lock.obj (.text)
                  00003638    0000000e                                   : copy_decompress_none.obj (.text:decompress:none)
                  00003646    0000000e     startup_msp432p401r_ccs.obj (.text)
                  00003654    0000000c     LED.obj (.text:_ZN4Task14ProcessMessageE3MSG)
                  00003660    0000000c     Task.obj (.text:_ZN4Task3runEv)
                  0000366c    00000008     rtsv7M4_T_le_v4SPD16_eabi.lib : delete.obj (.text)
                  00003674    00000006                                   : copy_decompress_rle.obj (.text:decompress:rle24)
                  0000367a    00000004                                   : pre_init.obj (.text)

.const     0    00003680    000006eb     
                  00003680    000002f8     fontfixed6x8.obj (.const:.string:g_pucFontFixed6x8Data)
                  00003978    000000c8     fontfixed6x8.obj (.const:g_sFontFixed6x8)
                  00003a40    00000050     interrupt.obj (.const:g_pulRegs)
                  00003a90    0000002c     Crystalfontz128x128_ST7735.obj (.const:g_sCrystalfontz128x128)
                  00003abc    00000028     rtsv7M4_T_le_v4SPD16_eabi.lib : typeinfo_.obj (.const:.typeinfo:_ZTSN10__cxxabiv123__fundamental_type_infoE)
                  00003ae4    00000025                                   : typeinfo_.obj (.const:.typeinfo:_ZTSN10__cxxabiv120__si_class_type_infoE)
                  00003b09    00000024                                   : typeinfo_.obj (.const:.typeinfo:_ZTSN10__cxxabiv119__pointer_type_infoE)
                  00003b2d    00000022                                   : typeinfo_.obj (.const:.typeinfo:_ZTSN10__cxxabiv117__class_type_infoE)
                  00003b4f    00000022                                   : typeinfo_.obj (.const:.typeinfo:_ZTSN10__cxxabiv117__pbase_type_infoE)
                  00003b71    00000002                                   : typeinfo_.obj (.const:.typeinfo:_ZTSe)
                  00003b73    00000001     --HOLE-- [fill = 0]
                  00003b74    00000020     interrupt.obj (.const:g_pulPriority)
                  00003b94    0000001c     HAL_MSP_EXP432P401R_Crystalfontz128x128_ST7735.obj (.const:$P$T0$1)
                  00003bb0    0000001c     gpio.obj (.const:GPIO_PORT_TO_INT)
                  00003bcc    00000014     LED.obj (.const:_ZTV3LED)
                  00003be0    00000014     Task.obj (.const:_ZTV4Task)
                  00003bf4    00000014     Button.obj (.const:_ZTV6Button)
                  00003c08    00000014     Screen.obj (.const:_ZTV6Screen)
                  00003c1c    00000010     rtsv7M4_T_le_v4SPD16_eabi.lib : typeinfo_.obj (.const:.typeinfo:_ZTIPKe)
                  00003c2c    00000010                                   : typeinfo_.obj (.const:_ZTVN10__cxxabiv117__class_type_infoE)
                  00003c3c    00000010                                   : typeinfo_.obj (.const:_ZTVN10__cxxabiv119__pointer_type_infoE)
                  00003c4c    00000010                                   : typeinfo_.obj (.const:_ZTVN10__cxxabiv120__si_class_type_infoE)
                  00003c5c    00000010                                   : typeinfo_.obj (.const:_ZTVN10__cxxabiv123__fundamental_type_infoE)
                  00003c6c    0000000d                                   : typeinfo_.obj (.const:.typeinfo:_ZTSSt9type_info)
                  00003c79    00000003     --HOLE-- [fill = 0]
                  00003c7c    0000000c     LED.obj (.const:$P$T40$1)
                  00003c88    0000000c     Scheduler.obj (.const:$P$T40$1)
                  00003c94    0000000c     main.obj (.const:$P$T41$1)
                  00003ca0    0000000c     Button.obj (.const:$P$T45$1)
                  00003cac    0000000c     LED.obj (.const:.typeinfo:_ZTI3LED)
                  00003cb8    0000000c     Button.obj (.const:.typeinfo:_ZTI6Button)
                  00003cc4    0000000c     Screen.obj (.const:.typeinfo:_ZTI6Screen)
                  00003cd0    0000000c     rtsv7M4_T_le_v4SPD16_eabi.lib : typeinfo_.obj (.const:.typeinfo:_ZTIN10__cxxabiv117__class_type_infoE)
                  00003cdc    0000000c                                   : typeinfo_.obj (.const:.typeinfo:_ZTIN10__cxxabiv117__pbase_type_infoE)
                  00003ce8    0000000c                                   : typeinfo_.obj (.const:.typeinfo:_ZTIN10__cxxabiv119__pointer_type_infoE)
                  00003cf4    0000000c                                   : typeinfo_.obj (.const:.typeinfo:_ZTIN10__cxxabiv120__si_class_type_infoE)
                  00003d00    0000000c                                   : typeinfo_.obj (.const:.typeinfo:_ZTIN10__cxxabiv123__fundamental_type_infoE)
                  00003d0c    00000008     Crystalfontz128x128_ST7735.obj (.const:$P$T0$1)
                  00003d14    00000008     Button.obj (.const:.typeinfo:_ZTI4Task)
                  00003d1c    00000008     rtsv7M4_T_le_v4SPD16_eabi.lib : typeinfo_.obj (.const:.typeinfo:_ZTISt9type_info)
                  00003d24    00000008                                   : typeinfo_.obj (.const:.typeinfo:_ZTIe)
                  00003d2c    00000008     Button.obj (.const:.typeinfo:_ZTS6Button)
                  00003d34    00000008     Screen.obj (.const:.typeinfo:_ZTS6Screen)
                  00003d3c    00000008     interrupt.obj (.const:g_pulDisRegs)
                  00003d44    00000008     interrupt.obj (.const:g_pulEnRegs)
                  00003d4c    00000008     interrupt.obj (.const:g_pulPendRegs)
                  00003d54    00000008     interrupt.obj (.const:g_pulUnpendRegs)
                  00003d5c    00000006     Button.obj (.const:.typeinfo:_ZTS4Task)
                  00003d62    00000005     LED.obj (.const:.typeinfo:_ZTS3LED)
                  00003d67    00000004     rtsv7M4_T_le_v4SPD16_eabi.lib : typeinfo_.obj (.const:.typeinfo:_ZTSPKe)

.cinit     0    00003d70    00000094     
                  00003d70    00000053     (.cinit..data.load) [load image, compression = rle]
                  00003dc3    00000005     --HOLE-- [fill = 0]
                  00003dc8    0000000b     (.cinit..bss.load) [load image, compression = rle]
                  00003dd3    00000005     --HOLE-- [fill = 0]
                  00003dd8    00000009     (.cinit..vtable.load) [load image, compression = rle]
                  00003de1    00000003     --HOLE-- [fill = 0]
                  00003de4    00000008     (__TI_handler_table)
                  00003dec    00000018     (__TI_cinit_table)

.init_array 
*          0    00003d6c    00000004     
                  00003d6c    00000004     main.obj (.init_array)

.vtable    0    20000000    000000e4     UNINITIALIZED
                  20000000    000000e4     interrupt.obj (.vtable)

.bss       0    200000e8    00001806     UNINITIALIZED
                  200000e8    000017f8     main.obj (.bss:MainScheduler)
                  200018e0    00000004     (.common:_ZSt16__dummy_typeinfo)
                  200018e4    00000002     (.common:Lcd_ScreenHeigth)
                  200018e6    00000002     (.common:Lcd_ScreenWidth)
                  200018e8    00000002     (.common:Lcd_TouchTrim)
                  200018ea    00000001     (.common:Lcd_FlagRead)
                  200018eb    00000001     (.common:Lcd_FontSolid)
                  200018ec    00000001     (.common:Lcd_Orientation)
                  200018ed    00000001     (.common:Lcd_PenSolid)

.sysmem    0    200018f0    00000400     UNINITIALIZED
                  200018f0    00000008     rtsv7M4_T_le_v4SPD16_eabi.lib : memory.obj (.sysmem)
                  200018f8    000003f8     --HOLE--

.data      0    20001cf0    00000068     UNINITIALIZED
                  20001cf0    00000030     gpio.obj (.data:GPIO_PORT_TO_BASE)
                  20001d20    0000000c     rtsv7M4_T_le_v4SPD16_eabi.lib : exit.obj (.data:$O1$$)
                  20001d2c    0000000c                                   : memory.obj (.data:$O1$$)
                  20001d38    00000009     main.obj (.data)
                  20001d41    00000003     --HOLE--
                  20001d44    00000008     rtsv7M4_T_le_v4SPD16_eabi.lib : _lock.obj (.data:$O1$$)
                  20001d4c    00000004                                   : stkdepth_vars.obj (.data)
                  20001d50    00000004                                   : vars.obj (.data)
                  20001d54    00000004     system_msp432p401r.obj (.data)

.stack     0    2000fe00    00000200     UNINITIALIZED
                  2000fe00    00000200     --HOLE--

MODULE SUMMARY

       Module                                               code    ro data   rw data
       ------                                               ----    -------   -------
    ./
       main.obj                                             648     16        12290  
       Scheduler.obj                                        1072    12        0      
       system_msp432p401r.obj                               812     0         8      
       LED.obj                                              284     49        0      
       Button.obj                                           180     66        0      
       startup_msp432p401r_ccs.obj                          14      228       0      
       Screen.obj                                           156     40        0      
       Task.obj                                             140     20        0      
    +--+----------------------------------------------------+-------+---------+---------+
       Total:                                               3306    431       12298  
                                                                                     
    ./GrLib/fonts/
       fontfixed6x8.obj                                     0       960       0      
    +--+----------------------------------------------------+-------+---------+---------+
       Total:                                               0       960       0      
                                                                                     
    ./GrLib/grlib/
       line.obj                                             1168    0         0      
       context.obj                                          614     0         0      
       display.obj                                          308     0         0      
    +--+----------------------------------------------------+-------+---------+---------+
       Total:                                               2090    0         0      
                                                                                     
    ./LcdDriver/
       Crystalfontz128x128_ST7735.obj                       1656    52        20     
       HAL_MSP_EXP432P401R_Crystalfontz128x128_ST7735.obj   188     28        0      
    +--+----------------------------------------------------+-------+---------+---------+
       Total:                                               1844    80        20     
                                                                                     
    ./driverlib/MSP432P4xx/
       spi.obj                                              2212    0         0      
       interrupt.obj                                        1008    144       456    
       gpio.obj                                             1152    28        96     
       cpu.obj                                              62      0         0      
    +--+----------------------------------------------------+-------+---------+---------+
       Total:                                               4434    172       552    
                                                                                     
    /home/aglt93/ti/ccsv6/tools/compiler/arm_15.12.3.LTS/lib/rtsv7M4_T_le_v4SPD16_eabi.lib
       memory.obj                                           988     0         24     
       typeinfo_.obj                                        188     356       8      
       memcpy_t2.obj                                        156     0         0      
       memset_t2.obj                                        122     0         0      
       autoinit.obj                                         112     0         0      
       copy_decompress_rle.obj                              112     0         0      
       exit.obj                                             84      0         24     
       boot.obj                                             84      0         0      
       cpy_tbl.obj                                          76      0         0      
       new_.obj                                             48      0         0      
       _lock.obj                                            20      0         16     
       args_main.obj                                        24      0         0      
       copy_decompress_none.obj                             14      0         0      
       delete.obj                                           8       0         0      
       stkdepth_vars.obj                                    0       0         8      
       vars.obj                                             0       0         8      
       pre_init.obj                                         4       0         0      
       mpu_init.obj                                         2       0         0      
       newhandler.obj                                       2       0         0      
       startup.obj                                          2       0         0      
    +--+----------------------------------------------------+-------+---------+---------+
       Total:                                               2046    356       88     
                                                                                     
       Heap:                                                0       0         2048   
       Stack:                                               0       0         1024   
       Linker Generated:                                    0       135       0      
    +--+----------------------------------------------------+-------+---------+---------+
       Grand Total:                                         13720   2134      16030  


LINKER GENERATED COPY TABLES

__TI_cinit_table @ 00003dec records: 3, size/record: 8, table size: 24
	.data: load addr=00003d70, load size=00000053 bytes, run addr=20001cf0, run size=00000068 bytes, compression=rle
	.bss: load addr=00003dc8, load size=0000000b bytes, run addr=200000e8, run size=00001806 bytes, compression=rle
	.vtable: load addr=00003dd8, load size=00000009 bytes, run addr=20000000, run size=000000e4 bytes, compression=rle


LINKER GENERATED HANDLER TABLE

__TI_handler_table @ 00003de4 records: 2, size/record: 4, table size: 8
	index: 0, handler: __TI_decompress_rle24
	index: 1, handler: __TI_decompress_none


GLOBAL SYMBOLS: SORTED ALPHABETICALLY BY Name 

address   name                                              
-------   ----                                              
00003653  ADC14_IRQHandler                                  
00003653  AES256_IRQHandler                                 
000028a3  BUTTON_ISR                                        
00003653  BusFault_Handler                                  
000034dd  C$$EXIT                                           
00003653  COMP_E0_IRQHandler                                
00003653  COMP_E1_IRQHandler                                
000035b1  CPU_basepriGet                                    
000035a3  CPU_basepriSet                                    
0000357d  CPU_cpsid                                         
00003593  CPU_cpsie                                         
00003589  CPU_primask                                       
0000359f  CPU_wfi                                           
00003653  CS_IRQHandler                                     
00000989  Crystalfontz128x128_Init                          
00000a9d  Crystalfontz128x128_SetDrawFrame                  
00000bcb  Crystalfontz128x128_SetOrientation                
00003653  DMA_ERR_IRQHandler                                
00003653  DMA_INT0_IRQHandler                               
00003653  DMA_INT1_IRQHandler                               
00003653  DMA_INT2_IRQHandler                               
00003653  DMA_INT3_IRQHandler                               
00003653  DebugMon_Handler                                  
00003653  Default_Handler                                   
00003653  EUSCIA0_IRQHandler                                
00003653  EUSCIA1_IRQHandler                                
00003653  EUSCIA2_IRQHandler                                
00003653  EUSCIA3_IRQHandler                                
00003653  EUSCIB0_IRQHandler                                
00003653  EUSCIB1_IRQHandler                                
00003653  EUSCIB2_IRQHandler                                
00003653  EUSCIB3_IRQHandler                                
00000853  EUSCI_A_SPI_changeClockPhasePolarity              
00000907  EUSCI_A_SPI_clearInterruptFlag                    
00000937  EUSCI_A_SPI_disable                               
000008d5  EUSCI_A_SPI_disableInterrupt                      
00000921  EUSCI_A_SPI_enable                                
000008bb  EUSCI_A_SPI_enableInterrupt                       
000008ef  EUSCI_A_SPI_getInterruptStatus                    
0000094d  EUSCI_A_SPI_getReceiveBufferAddressForDMA         
0000095b  EUSCI_A_SPI_getTransmitBufferAddressForDMA        
00000969  EUSCI_A_SPI_isBusy                                
000007d3  EUSCI_A_SPI_masterChangeClock                     
000008ab  EUSCI_A_SPI_receiveData                           
000007b3  EUSCI_A_SPI_select4PinFunctionality               
00000809  EUSCI_A_SPI_slaveInit                             
00000895  EUSCI_A_SPI_transmitData                          
00000685  EUSCI_B_SPI_changeClockPhasePolarity              
00000739  EUSCI_B_SPI_clearInterruptFlag                    
00000769  EUSCI_B_SPI_disable                               
00000707  EUSCI_B_SPI_disableInterrupt                      
00000753  EUSCI_B_SPI_enable                                
000006ed  EUSCI_B_SPI_enableInterrupt                       
00000721  EUSCI_B_SPI_getInterruptStatus                    
0000077f  EUSCI_B_SPI_getReceiveBufferAddressForDMA         
0000078d  EUSCI_B_SPI_getTransmitBufferAddressForDMA        
0000079b  EUSCI_B_SPI_isBusy                                
00000609  EUSCI_B_SPI_masterChangeClock                     
000006dd  EUSCI_B_SPI_receiveData                           
000005e9  EUSCI_B_SPI_select4PinFunctionality               
0000063b  EUSCI_B_SPI_slaveInit                             
000006c7  EUSCI_B_SPI_transmitData                          
00003653  FLCTL_IRQHandler                                  
00003653  FPU_IRQHandler                                    
000017b3  GPIO_clearInterruptFlag                           
00001773  GPIO_disableInterrupt                             
00001751  GPIO_enableInterrupt                              
0000180b  GPIO_getEnabledInterruptStatus                    
00001723  GPIO_getInputPinValue                             
00001795  GPIO_getInterruptStatus                           
000017d5  GPIO_interruptEdgeSelect                          
000018cb  GPIO_registerInterrupt                            
000014cb  GPIO_setAsInputPin                                
0000167f  GPIO_setAsInputPinWithPullDownResistor            
000016d1  GPIO_setAsInputPinWithPullUpResistor              
00001491  GPIO_setAsOutputPin                               
00001595  GPIO_setAsPeripheralModuleFunctionInputPin        
00001511  GPIO_setAsPeripheralModuleFunctionOutputPin       
00001887  GPIO_setDriveStrengthHigh                         
000018a9  GPIO_setDriveStrengthLow                          
00001619  GPIO_setOutputHighOnPin                           
0000163b  GPIO_setOutputLowOnPin                            
0000165d  GPIO_toggleOutputOnPin                            
000018eb  GPIO_unregisterInterrupt                          
00002cad  Graphics_clearDisplay                             
00002e43  Graphics_clearDisplayOnDisplay                    
00002d95  Graphics_drawHorizontalLineOnDisplay              
0000131d  Graphics_drawLine                                 
00001001  Graphics_drawLineH                                
0000109d  Graphics_drawLineV                                
00002d51  Graphics_drawMultiplePixelsOnDisplay              
00002cbf  Graphics_drawPixel                                
00002d27  Graphics_drawPixelOnDisplay                       
00002dc9  Graphics_drawVerticalLineOnDisplay                
00002dfd  Graphics_fillRectangleOnDisplay                   
00002c9f  Graphics_flushBuffer                              
00002e31  Graphics_flushOnDisplay                           
00002c81  Graphics_getDisplayHeight                         
00002c71  Graphics_getDisplayWidth                          
00002c1f  Graphics_getFontBaseline                          
00002c55  Graphics_getFontHeight                            
00002c63  Graphics_getFontMaxWidth                          
00002c91  Graphics_getHeightOfDisplay                       
00002d19  Graphics_getWidthOfDisplay                        
00002ac1  Graphics_initContext                              
00002bd5  Graphics_setBackgroundColor                       
00002bef  Graphics_setBackgroundColorTranslated             
00002b0b  Graphics_setClipRegion                            
00002c05  Graphics_setFont                                  
00002c2d  Graphics_setForegroundColor                       
00002c43  Graphics_setForegroundColorTranslated             
00002e1b  Graphics_translateColorOnDisplay                  
00002f4d  HAL_LCD_PortInit                                  
00002f7d  HAL_LCD_SpiInit                                   
00002fb3  HAL_LCD_writeCommand                              
00002fdb  HAL_LCD_writeData                                 
00003653  HardFault_Handler                                 
00001f03  Interrupt_disableInterrupt                        
00001d53  Interrupt_disableMaster                           
00002101  Interrupt_disableSleepOnIsrExit                   
00001e91  Interrupt_enableInterrupt                         
00001d43  Interrupt_enableMaster                            
000020ef  Interrupt_enableSleepOnIsrExit                    
00001e6b  Interrupt_getPriority                             
00001de3  Interrupt_getPriorityGrouping                     
000020cf  Interrupt_getPriorityMask                         
000020e9  Interrupt_getVectorTableAddress                   
00001f75  Interrupt_isEnabled                               
00002001  Interrupt_pendInterrupt                           
00001d63  Interrupt_registerInterrupt                       
00001e1b  Interrupt_setPriority                             
00001dc9  Interrupt_setPriorityGrouping                     
000020bf  Interrupt_setPriorityMask                         
000020d9  Interrupt_setVectorTableAddress                   
00002071  Interrupt_unpendInterrupt                         
00001db5  Interrupt_unregisterInterrupt                     
200018ea  Lcd_FlagRead                                      
200018eb  Lcd_FontSolid                                     
200018ec  Lcd_Orientation                                   
200018ed  Lcd_PenSolid                                      
200018e4  Lcd_ScreenHeigth                                  
200018e6  Lcd_ScreenWidth                                   
200018e8  Lcd_TouchTrim                                     
200000e8  MainScheduler                                     
00003653  MemManage_Handler                                 
00003653  NMI_Handler                                       
00003653  PCM_IRQHandler                                    
00003653  PORT1_IRQHandler                                  
00003653  PORT2_IRQHandler                                  
00003653  PORT3_IRQHandler                                  
00003653  PORT4_IRQHandler                                  
00003653  PORT5_IRQHandler                                  
00003653  PORT6_IRQHandler                                  
00003653  PSS_IRQHandler                                    
00003653  PendSV_Handler                                    
00003653  RTC_C_IRQHandler                                  
00003647  Reset_Handler                                     
00003d6c  SHT$$INIT_ARRAY$$Base                             
00003d70  SHT$$INIT_ARRAY$$Limit                            
000002a7  SPI_changeClockPhasePolarity                      
00000201  SPI_changeMasterClock                             
00000459  SPI_clearInterruptFlag                            
000003db  SPI_disableInterrupt                              
00000335  SPI_disableModule                                 
000003b5  SPI_enableInterrupt                               
00000319  SPI_enableModule                                  
00000429  SPI_getEnabledInterruptStatus                     
00000401  SPI_getInterruptStatus                            
00000351  SPI_getReceiveBufferAddressForDMA                 
0000036d  SPI_getTransmitBufferAddressForDMA                
00000115  SPI_initMaster                                    
00000229  SPI_initSlave                                     
00000399  SPI_isBusy                                        
000002fd  SPI_receiveData                                   
0000047f  SPI_registerInterrupt                             
000001db  SPI_selectFourPinFunctionality                    
000002d7  SPI_transmitData                                  
0000053d  SPI_unregisterInterrupt                           
00003653  SVC_Handler                                       
00003653  SysTick_Handler                                   
20001d54  SystemCoreClock                                   
0000250d  SystemCoreClockUpdate                             
00002781  SystemInit                                        
00002a55  T32_INT1_IRQHandler                               
00002a55  T32_INT1_IRQHandler                               
00003653  T32_INT2_IRQHandler                               
00003653  T32_INTC_IRQHandler                               
00003653  TA0_0_IRQHandler                                  
00003653  TA0_N_IRQHandler                                  
00003653  TA1_0_IRQHandler                                  
00003653  TA1_N_IRQHandler                                  
00003653  TA2_0_IRQHandler                                  
00003653  TA2_N_IRQHandler                                  
00003653  TA3_0_IRQHandler                                  
00003653  TA3_N_IRQHandler                                  
00003653  UsageFault_Handler                                
4000480c  WDTCTL_SYM                                        
00003653  WDT_A_IRQHandler                                  
000033ab  _Z21__default_new_handlerv                        
000029bd  _Z5Setupv                                         
000030b5  _ZN10__cxxabiv116__enum_type_infoD0Ev             
000030b3  _ZN10__cxxabiv116__enum_type_infoD1Ev             
000030b3  _ZN10__cxxabiv116__enum_type_infoD2Ev             
000030ab  _ZN10__cxxabiv117__array_type_infoD0Ev            
000030a9  _ZN10__cxxabiv117__array_type_infoD1Ev            
000030a9  _ZN10__cxxabiv117__array_type_infoD2Ev            
000030a1  _ZN10__cxxabiv117__class_type_infoD0Ev            
0000309f  _ZN10__cxxabiv117__class_type_infoD1Ev            
0000309f  _ZN10__cxxabiv117__class_type_infoD2Ev            
00003097  _ZN10__cxxabiv117__pbase_type_infoD0Ev            
00003095  _ZN10__cxxabiv117__pbase_type_infoD1Ev            
00003095  _ZN10__cxxabiv117__pbase_type_infoD2Ev            
0000308d  _ZN10__cxxabiv119__pointer_type_infoD0Ev          
0000308b  _ZN10__cxxabiv119__pointer_type_infoD1Ev          
0000308b  _ZN10__cxxabiv119__pointer_type_infoD2Ev          
00003083  _ZN10__cxxabiv120__function_type_infoD0Ev         
00003081  _ZN10__cxxabiv120__function_type_infoD1Ev         
00003081  _ZN10__cxxabiv120__function_type_infoD2Ev         
00003079  _ZN10__cxxabiv120__si_class_type_infoD0Ev         
00003077  _ZN10__cxxabiv120__si_class_type_infoD1Ev         
00003077  _ZN10__cxxabiv120__si_class_type_infoD2Ev         
0000306f  _ZN10__cxxabiv121__vmi_class_type_infoD0Ev        
0000306d  _ZN10__cxxabiv121__vmi_class_type_infoD1Ev        
0000306d  _ZN10__cxxabiv121__vmi_class_type_infoD2Ev        
00003065  _ZN10__cxxabiv123__fundamental_type_infoD0Ev      
00003063  _ZN10__cxxabiv123__fundamental_type_infoD1Ev      
00003063  _ZN10__cxxabiv123__fundamental_type_infoD2Ev      
0000305b  _ZN10__cxxabiv129__pointer_to_member_type_infoD0Ev
00003059  _ZN10__cxxabiv129__pointer_to_member_type_infoD1Ev
00003059  _ZN10__cxxabiv129__pointer_to_member_type_infoD2Ev
00002f35  _ZN3LED3runEv                                     
00002e5d  _ZN3LEDC1Eibii                                    
00002ec9  _ZN3LEDC1Eibiiy                                   
00002e5d  _ZN3LEDC2Eibii                                    
00002ec9  _ZN3LEDC2Eibiiy                                   
000035ed  _ZN4Task11SendMessageEv                           
00003655  _ZN4Task14ProcessMessageE3MSG                     
20001d40  _ZN4Task14m_u8NextTaskIDE                         
0000331b  _ZN4Task17GetTaskFinalCountEv                     
000032ed  _ZN4Task17SetTaskFinalCountEy                     
0000330b  _ZN4Task19GetTaskCurrentCountEv                   
000032cf  _ZN4Task19SetTaskCurrentCountEy                   
00003661  _ZN4Task3runEv                                    
000032b1  _ZN4TaskC1Ev                                      
000032b1  _ZN4TaskC2Ev                                      
00003157  _ZN6Button11SendMessageEv                         
0000314b  _ZN6Button14ProcessMessageE3MSG                   
0000313b  _ZN6Button3runEv                                  
000030c5  _ZN6ButtonC1Eibiiy                                
000030c5  _ZN6ButtonC2Eibiiy                                
000031ed  _ZN6Screen3runEv                                  
00003179  _ZN6ScreenC1Eiiy                                  
00003179  _ZN6ScreenC2Eiiy                                  
00001bef  _ZN9Scheduler13attachMessageE3MSG                 
00001cdb  _ZN9Scheduler14processMessageE3MSG                
00001c2f  _ZN9Scheduler17clearMessageQueueEv                
00001c91  _ZN9Scheduler18clearNextSchedulerEv               
00001b6b  _ZN9Scheduler19ProcessMessageQueueEv              
00001a9f  _ZN9Scheduler21CalculateNextScheduleEv            
00001d2d  _ZN9Scheduler22SortScheduleByPriorityEP4Task      
00001a41  _ZN9Scheduler3runEv                               
00001971  _ZN9Scheduler6attachEP4Task                       
000019dd  _ZN9Scheduler6attachEP4Tasky                      
00001911  _ZN9SchedulerC1Ev                                 
00001911  _ZN9SchedulerC2Ev                                 
0000301b  _ZNKSt9type_info4nameEv                           
0000304b  _ZNKSt9type_info6beforeERKS_                      
00003035  _ZNKSt9type_infoeqERKS_                           
0000301f  _ZNKSt9type_infoneERKS_                           
00003013  _ZNSt9type_infoD0Ev                               
00003011  _ZNSt9type_infoD1Ev                               
00003011  _ZNSt9type_infoD2Ev                               
200018e0  _ZSt16__dummy_typeinfo                            
00003009  _ZSt21__gen_dummy_typeinfosv                      
00003cac  _ZTI3LED                                          
00003d14  _ZTI4Task                                         
00003cb8  _ZTI6Button                                       
00003cc4  _ZTI6Screen                                       
00003cd0  _ZTIN10__cxxabiv117__class_type_infoE             
00003cdc  _ZTIN10__cxxabiv117__pbase_type_infoE             
00003ce8  _ZTIN10__cxxabiv119__pointer_type_infoE           
00003cf4  _ZTIN10__cxxabiv120__si_class_type_infoE          
00003d00  _ZTIN10__cxxabiv123__fundamental_type_infoE       
00003c1c  _ZTIPKe                                           
00003d1c  _ZTISt9type_info                                  
00003d24  _ZTIe                                             
00003d62  _ZTS3LED                                          
00003d5c  _ZTS4Task                                         
00003d2c  _ZTS6Button                                       
00003d34  _ZTS6Screen                                       
00003b2d  _ZTSN10__cxxabiv117__class_type_infoE             
00003b4f  _ZTSN10__cxxabiv117__pbase_type_infoE             
00003b09  _ZTSN10__cxxabiv119__pointer_type_infoE           
00003ae4  _ZTSN10__cxxabiv120__si_class_type_infoE          
00003abc  _ZTSN10__cxxabiv123__fundamental_type_infoE       
00003d67  _ZTSPKe                                           
00003c6c  _ZTSSt9type_info                                  
00003b71  _ZTSe                                             
00003bcc  _ZTV3LED                                          
00003be0  _ZTV4Task                                         
00003bf4  _ZTV6Button                                       
00003c08  _ZTV6Screen                                       
00003c2c  _ZTVN10__cxxabiv117__class_type_infoE             
00003c3c  _ZTVN10__cxxabiv119__pointer_type_infoE           
00003c4c  _ZTVN10__cxxabiv120__si_class_type_infoE          
00003c5c  _ZTVN10__cxxabiv123__fundamental_type_infoE       
0000366d  _ZdlPv                                            
000035bd  _Znwj                                             
20010000  __STACK_END                                       
00000200  __STACK_SIZE                                      
00000400  __SYSMEM_SIZE                                     
00003dec  __TI_CINIT_Base                                   
00003e04  __TI_CINIT_Limit                                  
00003de4  __TI_Handler_Table_Base                           
00003dec  __TI_Handler_Table_Limit                          
000033ad  __TI_auto_init                                    
20001d20  __TI_cleanup_ptr                                  
00003639  __TI_decompress_none                              
00003675  __TI_decompress_rle24                             
20001d24  __TI_dtors_ptr                                    
20001d28  __TI_enable_exit_profile_output                   
ffffffff  __TI_pprof_out_hndl                               
ffffffff  __TI_prof_data_size                               
ffffffff  __TI_prof_data_start                              
00000000  __TI_static_base__                                
00003331  __aeabi_memclr                                    
00003331  __aeabi_memclr4                                   
00003331  __aeabi_memclr8                                   
00003215  __aeabi_memcpy                                    
00003215  __aeabi_memcpy4                                   
00003215  __aeabi_memcpy8                                   
00003333  __aeabi_memset                                    
00003333  __aeabi_memset4                                   
00003333  __aeabi_memset8                                   
ffffffff  __binit__                                         
ffffffff  __c_args__                                        
00002e5b  __mpu_init                                        
2000fe00  __stack                                           
00002a7d  __sti___8_main_cpp_937618a8                       
0000360d  _args_main                                        
00003489  _c_int00                                          
20001d44  _lock                                             
20001d50  _new_handler                                      
00003633  _nop                                              
0000362b  _register_lock                                    
00003625  _register_unlock                                  
200018f0  _sys_memory                                       
00003487  _system_post_cinit                                
0000367b  _system_pre_init                                  
20001d48  _unlock                                           
000034e1  abort                                             
ffffffff  binit                                             
000024d9  calloc                                            
00003531  copy_in                                           
000034e9  exit                                              
00002227  free                                              
20000000  g_pfnRAMVectors                                   
00003a90  g_sCrystalfontz128x128                            
00003978  g_sFontFixed6x8                                   
00000000  interruptVectors                                  
000028f7  main                                              
20001d4c  main_func_sp                                      
000021bf  malloc                                            
000023f5  memalign                                          
00003215  memcpy                                            
00003339  memset                                            
00002131  minit                                             
000022e9  realloc                                           


GLOBAL SYMBOLS: SORTED BY Symbol Address 

address   name                                              
-------   ----                                              
00000000  __TI_static_base__                                
00000000  interruptVectors                                  
00000115  SPI_initMaster                                    
000001db  SPI_selectFourPinFunctionality                    
00000200  __STACK_SIZE                                      
00000201  SPI_changeMasterClock                             
00000229  SPI_initSlave                                     
000002a7  SPI_changeClockPhasePolarity                      
000002d7  SPI_transmitData                                  
000002fd  SPI_receiveData                                   
00000319  SPI_enableModule                                  
00000335  SPI_disableModule                                 
00000351  SPI_getReceiveBufferAddressForDMA                 
0000036d  SPI_getTransmitBufferAddressForDMA                
00000399  SPI_isBusy                                        
000003b5  SPI_enableInterrupt                               
000003db  SPI_disableInterrupt                              
00000400  __SYSMEM_SIZE                                     
00000401  SPI_getInterruptStatus                            
00000429  SPI_getEnabledInterruptStatus                     
00000459  SPI_clearInterruptFlag                            
0000047f  SPI_registerInterrupt                             
0000053d  SPI_unregisterInterrupt                           
000005e9  EUSCI_B_SPI_select4PinFunctionality               
00000609  EUSCI_B_SPI_masterChangeClock                     
0000063b  EUSCI_B_SPI_slaveInit                             
00000685  EUSCI_B_SPI_changeClockPhasePolarity              
000006c7  EUSCI_B_SPI_transmitData                          
000006dd  EUSCI_B_SPI_receiveData                           
000006ed  EUSCI_B_SPI_enableInterrupt                       
00000707  EUSCI_B_SPI_disableInterrupt                      
00000721  EUSCI_B_SPI_getInterruptStatus                    
00000739  EUSCI_B_SPI_clearInterruptFlag                    
00000753  EUSCI_B_SPI_enable                                
00000769  EUSCI_B_SPI_disable                               
0000077f  EUSCI_B_SPI_getReceiveBufferAddressForDMA         
0000078d  EUSCI_B_SPI_getTransmitBufferAddressForDMA        
0000079b  EUSCI_B_SPI_isBusy                                
000007b3  EUSCI_A_SPI_select4PinFunctionality               
000007d3  EUSCI_A_SPI_masterChangeClock                     
00000809  EUSCI_A_SPI_slaveInit                             
00000853  EUSCI_A_SPI_changeClockPhasePolarity              
00000895  EUSCI_A_SPI_transmitData                          
000008ab  EUSCI_A_SPI_receiveData                           
000008bb  EUSCI_A_SPI_enableInterrupt                       
000008d5  EUSCI_A_SPI_disableInterrupt                      
000008ef  EUSCI_A_SPI_getInterruptStatus                    
00000907  EUSCI_A_SPI_clearInterruptFlag                    
00000921  EUSCI_A_SPI_enable                                
00000937  EUSCI_A_SPI_disable                               
0000094d  EUSCI_A_SPI_getReceiveBufferAddressForDMA         
0000095b  EUSCI_A_SPI_getTransmitBufferAddressForDMA        
00000969  EUSCI_A_SPI_isBusy                                
00000989  Crystalfontz128x128_Init                          
00000a9d  Crystalfontz128x128_SetDrawFrame                  
00000bcb  Crystalfontz128x128_SetOrientation                
00001001  Graphics_drawLineH                                
0000109d  Graphics_drawLineV                                
0000131d  Graphics_drawLine                                 
00001491  GPIO_setAsOutputPin                               
000014cb  GPIO_setAsInputPin                                
00001511  GPIO_setAsPeripheralModuleFunctionOutputPin       
00001595  GPIO_setAsPeripheralModuleFunctionInputPin        
00001619  GPIO_setOutputHighOnPin                           
0000163b  GPIO_setOutputLowOnPin                            
0000165d  GPIO_toggleOutputOnPin                            
0000167f  GPIO_setAsInputPinWithPullDownResistor            
000016d1  GPIO_setAsInputPinWithPullUpResistor              
00001723  GPIO_getInputPinValue                             
00001751  GPIO_enableInterrupt                              
00001773  GPIO_disableInterrupt                             
00001795  GPIO_getInterruptStatus                           
000017b3  GPIO_clearInterruptFlag                           
000017d5  GPIO_interruptEdgeSelect                          
0000180b  GPIO_getEnabledInterruptStatus                    
00001887  GPIO_setDriveStrengthHigh                         
000018a9  GPIO_setDriveStrengthLow                          
000018cb  GPIO_registerInterrupt                            
000018eb  GPIO_unregisterInterrupt                          
00001911  _ZN9SchedulerC1Ev                                 
00001911  _ZN9SchedulerC2Ev                                 
00001971  _ZN9Scheduler6attachEP4Task                       
000019dd  _ZN9Scheduler6attachEP4Tasky                      
00001a41  _ZN9Scheduler3runEv                               
00001a9f  _ZN9Scheduler21CalculateNextScheduleEv            
00001b6b  _ZN9Scheduler19ProcessMessageQueueEv              
00001bef  _ZN9Scheduler13attachMessageE3MSG                 
00001c2f  _ZN9Scheduler17clearMessageQueueEv                
00001c91  _ZN9Scheduler18clearNextSchedulerEv               
00001cdb  _ZN9Scheduler14processMessageE3MSG                
00001d2d  _ZN9Scheduler22SortScheduleByPriorityEP4Task      
00001d43  Interrupt_enableMaster                            
00001d53  Interrupt_disableMaster                           
00001d63  Interrupt_registerInterrupt                       
00001db5  Interrupt_unregisterInterrupt                     
00001dc9  Interrupt_setPriorityGrouping                     
00001de3  Interrupt_getPriorityGrouping                     
00001e1b  Interrupt_setPriority                             
00001e6b  Interrupt_getPriority                             
00001e91  Interrupt_enableInterrupt                         
00001f03  Interrupt_disableInterrupt                        
00001f75  Interrupt_isEnabled                               
00002001  Interrupt_pendInterrupt                           
00002071  Interrupt_unpendInterrupt                         
000020bf  Interrupt_setPriorityMask                         
000020cf  Interrupt_getPriorityMask                         
000020d9  Interrupt_setVectorTableAddress                   
000020e9  Interrupt_getVectorTableAddress                   
000020ef  Interrupt_enableSleepOnIsrExit                    
00002101  Interrupt_disableSleepOnIsrExit                   
00002131  minit                                             
000021bf  malloc                                            
00002227  free                                              
000022e9  realloc                                           
000023f5  memalign                                          
000024d9  calloc                                            
0000250d  SystemCoreClockUpdate                             
00002781  SystemInit                                        
000028a3  BUTTON_ISR                                        
000028f7  main                                              
000029bd  _Z5Setupv                                         
00002a55  T32_INT1_IRQHandler                               
00002a55  T32_INT1_IRQHandler                               
00002a7d  __sti___8_main_cpp_937618a8                       
00002ac1  Graphics_initContext                              
00002b0b  Graphics_setClipRegion                            
00002bd5  Graphics_setBackgroundColor                       
00002bef  Graphics_setBackgroundColorTranslated             
00002c05  Graphics_setFont                                  
00002c1f  Graphics_getFontBaseline                          
00002c2d  Graphics_setForegroundColor                       
00002c43  Graphics_setForegroundColorTranslated             
00002c55  Graphics_getFontHeight                            
00002c63  Graphics_getFontMaxWidth                          
00002c71  Graphics_getDisplayWidth                          
00002c81  Graphics_getDisplayHeight                         
00002c91  Graphics_getHeightOfDisplay                       
00002c9f  Graphics_flushBuffer                              
00002cad  Graphics_clearDisplay                             
00002cbf  Graphics_drawPixel                                
00002d19  Graphics_getWidthOfDisplay                        
00002d27  Graphics_drawPixelOnDisplay                       
00002d51  Graphics_drawMultiplePixelsOnDisplay              
00002d95  Graphics_drawHorizontalLineOnDisplay              
00002dc9  Graphics_drawVerticalLineOnDisplay                
00002dfd  Graphics_fillRectangleOnDisplay                   
00002e1b  Graphics_translateColorOnDisplay                  
00002e31  Graphics_flushOnDisplay                           
00002e43  Graphics_clearDisplayOnDisplay                    
00002e5b  __mpu_init                                        
00002e5d  _ZN3LEDC1Eibii                                    
00002e5d  _ZN3LEDC2Eibii                                    
00002ec9  _ZN3LEDC1Eibiiy                                   
00002ec9  _ZN3LEDC2Eibiiy                                   
00002f35  _ZN3LED3runEv                                     
00002f4d  HAL_LCD_PortInit                                  
00002f7d  HAL_LCD_SpiInit                                   
00002fb3  HAL_LCD_writeCommand                              
00002fdb  HAL_LCD_writeData                                 
00003009  _ZSt21__gen_dummy_typeinfosv                      
00003011  _ZNSt9type_infoD1Ev                               
00003011  _ZNSt9type_infoD2Ev                               
00003013  _ZNSt9type_infoD0Ev                               
0000301b  _ZNKSt9type_info4nameEv                           
0000301f  _ZNKSt9type_infoneERKS_                           
00003035  _ZNKSt9type_infoeqERKS_                           
0000304b  _ZNKSt9type_info6beforeERKS_                      
00003059  _ZN10__cxxabiv129__pointer_to_member_type_infoD1Ev
00003059  _ZN10__cxxabiv129__pointer_to_member_type_infoD2Ev
0000305b  _ZN10__cxxabiv129__pointer_to_member_type_infoD0Ev
00003063  _ZN10__cxxabiv123__fundamental_type_infoD1Ev      
00003063  _ZN10__cxxabiv123__fundamental_type_infoD2Ev      
00003065  _ZN10__cxxabiv123__fundamental_type_infoD0Ev      
0000306d  _ZN10__cxxabiv121__vmi_class_type_infoD1Ev        
0000306d  _ZN10__cxxabiv121__vmi_class_type_infoD2Ev        
0000306f  _ZN10__cxxabiv121__vmi_class_type_infoD0Ev        
00003077  _ZN10__cxxabiv120__si_class_type_infoD1Ev         
00003077  _ZN10__cxxabiv120__si_class_type_infoD2Ev         
00003079  _ZN10__cxxabiv120__si_class_type_infoD0Ev         
00003081  _ZN10__cxxabiv120__function_type_infoD1Ev         
00003081  _ZN10__cxxabiv120__function_type_infoD2Ev         
00003083  _ZN10__cxxabiv120__function_type_infoD0Ev         
0000308b  _ZN10__cxxabiv119__pointer_type_infoD1Ev          
0000308b  _ZN10__cxxabiv119__pointer_type_infoD2Ev          
0000308d  _ZN10__cxxabiv119__pointer_type_infoD0Ev          
00003095  _ZN10__cxxabiv117__pbase_type_infoD1Ev            
00003095  _ZN10__cxxabiv117__pbase_type_infoD2Ev            
00003097  _ZN10__cxxabiv117__pbase_type_infoD0Ev            
0000309f  _ZN10__cxxabiv117__class_type_infoD1Ev            
0000309f  _ZN10__cxxabiv117__class_type_infoD2Ev            
000030a1  _ZN10__cxxabiv117__class_type_infoD0Ev            
000030a9  _ZN10__cxxabiv117__array_type_infoD1Ev            
000030a9  _ZN10__cxxabiv117__array_type_infoD2Ev            
000030ab  _ZN10__cxxabiv117__array_type_infoD0Ev            
000030b3  _ZN10__cxxabiv116__enum_type_infoD1Ev             
000030b3  _ZN10__cxxabiv116__enum_type_infoD2Ev             
000030b5  _ZN10__cxxabiv116__enum_type_infoD0Ev             
000030c5  _ZN6ButtonC1Eibiiy                                
000030c5  _ZN6ButtonC2Eibiiy                                
0000313b  _ZN6Button3runEv                                  
0000314b  _ZN6Button14ProcessMessageE3MSG                   
00003157  _ZN6Button11SendMessageEv                         
00003179  _ZN6ScreenC1Eiiy                                  
00003179  _ZN6ScreenC2Eiiy                                  
000031ed  _ZN6Screen3runEv                                  
00003215  __aeabi_memcpy                                    
00003215  __aeabi_memcpy4                                   
00003215  __aeabi_memcpy8                                   
00003215  memcpy                                            
000032b1  _ZN4TaskC1Ev                                      
000032b1  _ZN4TaskC2Ev                                      
000032cf  _ZN4Task19SetTaskCurrentCountEy                   
000032ed  _ZN4Task17SetTaskFinalCountEy                     
0000330b  _ZN4Task19GetTaskCurrentCountEv                   
0000331b  _ZN4Task17GetTaskFinalCountEv                     
00003331  __aeabi_memclr                                    
00003331  __aeabi_memclr4                                   
00003331  __aeabi_memclr8                                   
00003333  __aeabi_memset                                    
00003333  __aeabi_memset4                                   
00003333  __aeabi_memset8                                   
00003339  memset                                            
000033ab  _Z21__default_new_handlerv                        
000033ad  __TI_auto_init                                    
00003487  _system_post_cinit                                
00003489  _c_int00                                          
000034dd  C$$EXIT                                           
000034e1  abort                                             
000034e9  exit                                              
00003531  copy_in                                           
0000357d  CPU_cpsid                                         
00003589  CPU_primask                                       
00003593  CPU_cpsie                                         
0000359f  CPU_wfi                                           
000035a3  CPU_basepriSet                                    
000035b1  CPU_basepriGet                                    
000035bd  _Znwj                                             
000035ed  _ZN4Task11SendMessageEv                           
0000360d  _args_main                                        
00003625  _register_unlock                                  
0000362b  _register_lock                                    
00003633  _nop                                              
00003639  __TI_decompress_none                              
00003647  Reset_Handler                                     
00003653  ADC14_IRQHandler                                  
00003653  AES256_IRQHandler                                 
00003653  BusFault_Handler                                  
00003653  COMP_E0_IRQHandler                                
00003653  COMP_E1_IRQHandler                                
00003653  CS_IRQHandler                                     
00003653  DMA_ERR_IRQHandler                                
00003653  DMA_INT0_IRQHandler                               
00003653  DMA_INT1_IRQHandler                               
00003653  DMA_INT2_IRQHandler                               
00003653  DMA_INT3_IRQHandler                               
00003653  DebugMon_Handler                                  
00003653  Default_Handler                                   
00003653  EUSCIA0_IRQHandler                                
00003653  EUSCIA1_IRQHandler                                
00003653  EUSCIA2_IRQHandler                                
00003653  EUSCIA3_IRQHandler                                
00003653  EUSCIB0_IRQHandler                                
00003653  EUSCIB1_IRQHandler                                
00003653  EUSCIB2_IRQHandler                                
00003653  EUSCIB3_IRQHandler                                
00003653  FLCTL_IRQHandler                                  
00003653  FPU_IRQHandler                                    
00003653  HardFault_Handler                                 
00003653  MemManage_Handler                                 
00003653  NMI_Handler                                       
00003653  PCM_IRQHandler                                    
00003653  PORT1_IRQHandler                                  
00003653  PORT2_IRQHandler                                  
00003653  PORT3_IRQHandler                                  
00003653  PORT4_IRQHandler                                  
00003653  PORT5_IRQHandler                                  
00003653  PORT6_IRQHandler                                  
00003653  PSS_IRQHandler                                    
00003653  PendSV_Handler                                    
00003653  RTC_C_IRQHandler                                  
00003653  SVC_Handler                                       
00003653  SysTick_Handler                                   
00003653  T32_INT2_IRQHandler                               
00003653  T32_INTC_IRQHandler                               
00003653  TA0_0_IRQHandler                                  
00003653  TA0_N_IRQHandler                                  
00003653  TA1_0_IRQHandler                                  
00003653  TA1_N_IRQHandler                                  
00003653  TA2_0_IRQHandler                                  
00003653  TA2_N_IRQHandler                                  
00003653  TA3_0_IRQHandler                                  
00003653  TA3_N_IRQHandler                                  
00003653  UsageFault_Handler                                
00003653  WDT_A_IRQHandler                                  
00003655  _ZN4Task14ProcessMessageE3MSG                     
00003661  _ZN4Task3runEv                                    
0000366d  _ZdlPv                                            
00003675  __TI_decompress_rle24                             
0000367b  _system_pre_init                                  
00003978  g_sFontFixed6x8                                   
00003a90  g_sCrystalfontz128x128                            
00003abc  _ZTSN10__cxxabiv123__fundamental_type_infoE       
00003ae4  _ZTSN10__cxxabiv120__si_class_type_infoE          
00003b09  _ZTSN10__cxxabiv119__pointer_type_infoE           
00003b2d  _ZTSN10__cxxabiv117__class_type_infoE             
00003b4f  _ZTSN10__cxxabiv117__pbase_type_infoE             
00003b71  _ZTSe                                             
00003bcc  _ZTV3LED                                          
00003be0  _ZTV4Task                                         
00003bf4  _ZTV6Button                                       
00003c08  _ZTV6Screen                                       
00003c1c  _ZTIPKe                                           
00003c2c  _ZTVN10__cxxabiv117__class_type_infoE             
00003c3c  _ZTVN10__cxxabiv119__pointer_type_infoE           
00003c4c  _ZTVN10__cxxabiv120__si_class_type_infoE          
00003c5c  _ZTVN10__cxxabiv123__fundamental_type_infoE       
00003c6c  _ZTSSt9type_info                                  
00003cac  _ZTI3LED                                          
00003cb8  _ZTI6Button                                       
00003cc4  _ZTI6Screen                                       
00003cd0  _ZTIN10__cxxabiv117__class_type_infoE             
00003cdc  _ZTIN10__cxxabiv117__pbase_type_infoE             
00003ce8  _ZTIN10__cxxabiv119__pointer_type_infoE           
00003cf4  _ZTIN10__cxxabiv120__si_class_type_infoE          
00003d00  _ZTIN10__cxxabiv123__fundamental_type_infoE       
00003d14  _ZTI4Task                                         
00003d1c  _ZTISt9type_info                                  
00003d24  _ZTIe                                             
00003d2c  _ZTS6Button                                       
00003d34  _ZTS6Screen                                       
00003d5c  _ZTS4Task                                         
00003d62  _ZTS3LED                                          
00003d67  _ZTSPKe                                           
00003d6c  SHT$$INIT_ARRAY$$Base                             
00003d70  SHT$$INIT_ARRAY$$Limit                            
00003de4  __TI_Handler_Table_Base                           
00003dec  __TI_CINIT_Base                                   
00003dec  __TI_Handler_Table_Limit                          
00003e04  __TI_CINIT_Limit                                  
20000000  g_pfnRAMVectors                                   
200000e8  MainScheduler                                     
200018e0  _ZSt16__dummy_typeinfo                            
200018e4  Lcd_ScreenHeigth                                  
200018e6  Lcd_ScreenWidth                                   
200018e8  Lcd_TouchTrim                                     
200018ea  Lcd_FlagRead                                      
200018eb  Lcd_FontSolid                                     
200018ec  Lcd_Orientation                                   
200018ed  Lcd_PenSolid                                      
200018f0  _sys_memory                                       
20001d20  __TI_cleanup_ptr                                  
20001d24  __TI_dtors_ptr                                    
20001d28  __TI_enable_exit_profile_output                   
20001d40  _ZN4Task14m_u8NextTaskIDE                         
20001d44  _lock                                             
20001d48  _unlock                                           
20001d4c  main_func_sp                                      
20001d50  _new_handler                                      
20001d54  SystemCoreClock                                   
2000fe00  __stack                                           
20010000  __STACK_END                                       
4000480c  WDTCTL_SYM                                        
ffffffff  __TI_pprof_out_hndl                               
ffffffff  __TI_prof_data_size                               
ffffffff  __TI_prof_data_start                              
ffffffff  __binit__                                         
ffffffff  __c_args__                                        
ffffffff  binit                                             

[368 symbols]
