******************************************************************************
                  TI ARM Linker Unix v15.12.3                  
******************************************************************************
>> Linked Fri Nov 11 23:37:03 2016

OUTPUT FILE NAME:   <EventHandler.out>
ENTRY POINT SYMBOL: "_c_int00"  address: 00004309


MEMORY CONFIGURATION

         name            origin    length      used     unused   attr    fill
----------------------  --------  ---------  --------  --------  ----  --------
  MAIN                  00000000   00040000  00004d48  0003b2b8  R  X
  INFO                  00200000   00004000  00000000  00004000  R  X
  SRAM_CODE             01000000   00010000  00001f86  0000e07a  RW X
  SRAM_DATA             20000000   00010000  00001f86  0000e07a  RW  


SEGMENT ALLOCATION MAP

run origin  load origin   length   init length attrs members
----------  ----------- ---------- ----------- ----- -------
00000000    00000000    00004d4c   00004d4c    r-x
  00000000    00000000    000000e4   000000e4    r-- .intvecs
  000000e4    000000e4    0000441a   0000441a    r-x .text
  00004500    00004500    000007a2   000007a2    r-- .const
  00004ca4    00004ca4    00000004   00000004    r-- .init_array
  00004ca8    00004ca8    000000a4   000000a4    r-- .cinit
20000000    20000000    00001d90   00000000    rw-
  20000000    20000000    000000e4   00000000    rw- .vtable
  200000e8    200000e8    00001822   00000000    rw- .bss
  20001910    20001910    00000400   00000000    rw- .sysmem
  20001d10    20001d10    00000080   00000000    rw- .data
2000fe00    2000fe00    00000200   00000000    rw-
  2000fe00    2000fe00    00000200   00000000    rw- .stack


SECTION ALLOCATION MAP

 output                                  attributes/
section   page    origin      length       input sections
--------  ----  ----------  ----------   ----------------
.intvecs   0    00000000    000000e4     
                  00000000    000000e4     startup_msp432p401r_ccs.obj (.intvecs:retain)

.binit     0    00000000    00000000     

.text      0    000000e4    0000441a     
                  000000e4    000008e0     adc14.obj (.text)
                  000009c4    000008a4     spi.obj (.text)
                  00001268    00000678     Crystalfontz128x128_ST7735.obj (.text)
                  000018e0    00000490     line.obj (.text)
                  00001d70    00000480     gpio.obj (.text)
                  000021f0    0000043c     main.obj (.text)
                  0000262c    00000430     Scheduler.obj (.text)
                  00002a5c    000003f0     interrupt.obj (.text)
                  00002e4c    000003dc     rtsv7M4_T_le_v4SPD16_eabi.lib : memory.obj (.text)
                  00003228    00000370     system_msp432p401r.obj (.text)
                  00003598    00000310     Screen.obj (.text)
                  000038a8    00000266     context.obj (.text)
                  00003b0e    00000002     rtsv7M4_T_le_v4SPD16_eabi.lib : mpu_init.obj (.text)
                  00003b10    00000138     Servo.obj (.text)
                  00003c48    00000134     display.obj (.text)
                  00003d7c    000000f0     LED.obj (.text)
                  00003e6c    000000bc     HAL_MSP_EXP432P401R_Crystalfontz128x128_ST7735.obj (.text)
                  00003f28    000000bc     rtsv7M4_T_le_v4SPD16_eabi.lib : typeinfo_.obj (.text)
                  00003fe4    000000b0     Button.obj (.text)
                  00004094    0000009c     rtsv7M4_T_le_v4SPD16_eabi.lib : memcpy_t2.obj (.text)
                  00004130    00000080     Task.obj (.text)
                  000041b0    0000007a     rtsv7M4_T_le_v4SPD16_eabi.lib : memset_t2.obj (.text)
                  0000422a    00000002                                   : newhandler.obj (.text)
                  0000422c    00000070                                   : autoinit.obj (.text)
                  0000429c    0000006a                                   : copy_decompress_rle.obj (.text)
                  00004306    00000002                                   : startup.obj (.text)
                  00004308    00000054                                   : boot.obj (.text)
                  0000435c    00000054                                   : exit.obj (.text)
                  000043b0    0000004c                                   : cpy_tbl.obj (.text)
                  000043fc    0000003e     cpu.obj (.text)
                  0000443a    00000002     --HOLE-- [fill = 0]
                  0000443c    00000030     rtsv7M4_T_le_v4SPD16_eabi.lib : new_.obj (.text)
                  0000446c    00000020     LED.obj (.text:_ZN4Task11SendMessageEv)
                  0000448c    00000018     rtsv7M4_T_le_v4SPD16_eabi.lib : args_main.obj (.text)
                  000044a4    00000014                                   : _lock.obj (.text)
                  000044b8    0000000e                                   : copy_decompress_none.obj (.text:decompress:none)
                  000044c6    0000000e     startup_msp432p401r_ccs.obj (.text)
                  000044d4    0000000c     LED.obj (.text:_ZN4Task14ProcessMessageE3MSG)
                  000044e0    0000000c     Task.obj (.text:_ZN4Task3runEv)
                  000044ec    00000008     rtsv7M4_T_le_v4SPD16_eabi.lib : delete.obj (.text)
                  000044f4    00000006                                   : copy_decompress_rle.obj (.text:decompress:rle24)
                  000044fa    00000004                                   : pre_init.obj (.text)

.const     0    00004500    000007a2     
                  00004500    000002f8     fontfixed6x8.obj (.const:.string:g_pucFontFixed6x8Data)
                  000047f8    000000c8     fontfixed6x8.obj (.const:g_sFontFixed6x8)
                  000048c0    00000080     adc14.obj (.const:_ctlRegs)
                  00004940    00000050     interrupt.obj (.const:g_pulRegs)
                  00004990    0000002c     Crystalfontz128x128_ST7735.obj (.const:g_sCrystalfontz128x128)
                  000049bc    00000028     rtsv7M4_T_le_v4SPD16_eabi.lib : typeinfo_.obj (.const:.typeinfo:_ZTSN10__cxxabiv123__fundamental_type_infoE)
                  000049e4    00000025                                   : typeinfo_.obj (.const:.typeinfo:_ZTSN10__cxxabiv120__si_class_type_infoE)
                  00004a09    00000024                                   : typeinfo_.obj (.const:.typeinfo:_ZTSN10__cxxabiv119__pointer_type_infoE)
                  00004a2d    00000022                                   : typeinfo_.obj (.const:.typeinfo:_ZTSN10__cxxabiv117__class_type_infoE)
                  00004a4f    00000022                                   : typeinfo_.obj (.const:.typeinfo:_ZTSN10__cxxabiv117__pbase_type_infoE)
                  00004a71    00000002                                   : typeinfo_.obj (.const:.typeinfo:_ZTSe)
                  00004a73    00000001     --HOLE-- [fill = 0]
                  00004a74    00000020     interrupt.obj (.const:g_pulPriority)
                  00004a94    0000001c     HAL_MSP_EXP432P401R_Crystalfontz128x128_ST7735.obj (.const:$P$T0$1)
                  00004ab0    0000001c     gpio.obj (.const:GPIO_PORT_TO_INT)
                  00004acc    00000018     Screen.obj (.const:_ZTV6Screen)
                  00004ae4    00000014     LED.obj (.const:_ZTV3LED)
                  00004af8    00000014     Task.obj (.const:_ZTV4Task)
                  00004b0c    00000014     Servo.obj (.const:_ZTV5Servo)
                  00004b20    00000014     Button.obj (.const:_ZTV6Button)
                  00004b34    00000010     rtsv7M4_T_le_v4SPD16_eabi.lib : typeinfo_.obj (.const:.typeinfo:_ZTIPKe)
                  00004b44    00000010                                   : typeinfo_.obj (.const:_ZTVN10__cxxabiv117__class_type_infoE)
                  00004b54    00000010                                   : typeinfo_.obj (.const:_ZTVN10__cxxabiv119__pointer_type_infoE)
                  00004b64    00000010                                   : typeinfo_.obj (.const:_ZTVN10__cxxabiv120__si_class_type_infoE)
                  00004b74    00000010                                   : typeinfo_.obj (.const:_ZTVN10__cxxabiv123__fundamental_type_infoE)
                  00004b84    0000000d                                   : typeinfo_.obj (.const:.typeinfo:_ZTSSt9type_info)
                  00004b91    00000003     --HOLE-- [fill = 0]
                  00004b94    0000000c     LED.obj (.const:$P$T40$1)
                  00004ba0    0000000c     Scheduler.obj (.const:$P$T40$1)
                  00004bac    0000000c     main.obj (.const:$P$T41$1)
                  00004bb8    0000000c     main.obj (.const:$P$T42$2)
                  00004bc4    0000000c     Button.obj (.const:$P$T45$1)
                  00004bd0    0000000c     LED.obj (.const:.typeinfo:_ZTI3LED)
                  00004bdc    0000000c     Servo.obj (.const:.typeinfo:_ZTI5Servo)
                  00004be8    0000000c     Button.obj (.const:.typeinfo:_ZTI6Button)
                  00004bf4    0000000c     Screen.obj (.const:.typeinfo:_ZTI6Screen)
                  00004c00    0000000c     rtsv7M4_T_le_v4SPD16_eabi.lib : typeinfo_.obj (.const:.typeinfo:_ZTIN10__cxxabiv117__class_type_infoE)
                  00004c0c    0000000c                                   : typeinfo_.obj (.const:.typeinfo:_ZTIN10__cxxabiv117__pbase_type_infoE)
                  00004c18    0000000c                                   : typeinfo_.obj (.const:.typeinfo:_ZTIN10__cxxabiv119__pointer_type_infoE)
                  00004c24    0000000c                                   : typeinfo_.obj (.const:.typeinfo:_ZTIN10__cxxabiv120__si_class_type_infoE)
                  00004c30    0000000c                                   : typeinfo_.obj (.const:.typeinfo:_ZTIN10__cxxabiv123__fundamental_type_infoE)
                  00004c3c    00000008     Crystalfontz128x128_ST7735.obj (.const:$P$T0$1)
                  00004c44    00000008     Button.obj (.const:.typeinfo:_ZTI4Task)
                  00004c4c    00000008     rtsv7M4_T_le_v4SPD16_eabi.lib : typeinfo_.obj (.const:.typeinfo:_ZTISt9type_info)
                  00004c54    00000008                                   : typeinfo_.obj (.const:.typeinfo:_ZTIe)
                  00004c5c    00000008     Button.obj (.const:.typeinfo:_ZTS6Button)
                  00004c64    00000008     Screen.obj (.const:.typeinfo:_ZTS6Screen)
                  00004c6c    00000008     interrupt.obj (.const:g_pulDisRegs)
                  00004c74    00000008     interrupt.obj (.const:g_pulEnRegs)
                  00004c7c    00000008     interrupt.obj (.const:g_pulPendRegs)
                  00004c84    00000008     interrupt.obj (.const:g_pulUnpendRegs)
                  00004c8c    00000007     Servo.obj (.const:.typeinfo:_ZTS5Servo)
                  00004c93    00000006     Button.obj (.const:.typeinfo:_ZTS4Task)
                  00004c99    00000005     LED.obj (.const:.typeinfo:_ZTS3LED)
                  00004c9e    00000004     rtsv7M4_T_le_v4SPD16_eabi.lib : typeinfo_.obj (.const:.typeinfo:_ZTSPKe)

.cinit     0    00004ca8    000000a4     
                  00004ca8    00000068     (.cinit..data.load) [load image, compression = rle]
                  00004d10    0000000b     (.cinit..bss.load) [load image, compression = rle]
                  00004d1b    00000005     --HOLE-- [fill = 0]
                  00004d20    00000009     (.cinit..vtable.load) [load image, compression = rle]
                  00004d29    00000003     --HOLE-- [fill = 0]
                  00004d2c    00000008     (__TI_handler_table)
                  00004d34    00000018     (__TI_cinit_table)

.init_array 
*          0    00004ca4    00000004     
                  00004ca4    00000004     main.obj (.init_array)

.vtable    0    20000000    000000e4     UNINITIALIZED
                  20000000    000000e4     interrupt.obj (.vtable)

.bss       0    200000e8    00001822     UNINITIALIZED
                  200000e8    000017f8     main.obj (.bss:MainScheduler)
                  200018e0    0000001c     (.common:g_sContext)
                  200018fc    00000004     (.common:_ZSt16__dummy_typeinfo)
                  20001900    00000002     (.common:Lcd_ScreenHeigth)
                  20001902    00000002     (.common:Lcd_ScreenWidth)
                  20001904    00000002     (.common:Lcd_TouchTrim)
                  20001906    00000001     (.common:Lcd_FlagRead)
                  20001907    00000001     (.common:Lcd_FontSolid)
                  20001908    00000001     (.common:Lcd_Orientation)
                  20001909    00000001     (.common:Lcd_PenSolid)

.sysmem    0    20001910    00000400     UNINITIALIZED
                  20001910    00000008     rtsv7M4_T_le_v4SPD16_eabi.lib : memory.obj (.sysmem)
                  20001918    000003f8     --HOLE--

.data      0    20001d10    00000080     UNINITIALIZED
                  20001d10    00000030     gpio.obj (.data:GPIO_PORT_TO_BASE)
                  20001d40    00000018     Servo.obj (.data:pwmConfig)
                  20001d58    0000000c     rtsv7M4_T_le_v4SPD16_eabi.lib : exit.obj (.data:$O1$$)
                  20001d64    0000000c                                   : memory.obj (.data:$O1$$)
                  20001d70    00000009     main.obj (.data)
                  20001d79    00000003     --HOLE--
                  20001d7c    00000008     rtsv7M4_T_le_v4SPD16_eabi.lib : _lock.obj (.data:$O1$$)
                  20001d84    00000004                                   : stkdepth_vars.obj (.data)
                  20001d88    00000004                                   : vars.obj (.data)
                  20001d8c    00000004     system_msp432p401r.obj (.data)

.stack     0    2000fe00    00000200     UNINITIALIZED
                  2000fe00    00000200     --HOLE--

MODULE SUMMARY

       Module                                               code    ro data   rw data
       ------                                               ----    -------   -------
    ./
       main.obj                                             1084    28        12290  
       Scheduler.obj                                        1072    12        0      
       system_msp432p401r.obj                               880     0         8      
       Screen.obj                                           784     44        56     
       Servo.obj                                            312     39        48     
       LED.obj                                              284     49        0      
       Button.obj                                           176     66        0      
       startup_msp432p401r_ccs.obj                          14      228       0      
       Task.obj                                             140     20        0      
    +--+----------------------------------------------------+-------+---------+---------+
       Total:                                               4746    486       12402  
                                                                                     
    ./GrLib/fonts/
       fontfixed6x8.obj                                     0       960       0      
    +--+----------------------------------------------------+-------+---------+---------+
       Total:                                               0       960       0      
                                                                                     
    ./GrLib/grlib/
       line.obj                                             1168    0         0      
       context.obj                                          614     0         0      
       display.obj                                          308     0         0      
    +--+----------------------------------------------------+-------+---------+---------+
       Total:                                               2090    0         0      
                                                                                     
    ./LcdDriver/
       Crystalfontz128x128_ST7735.obj                       1656    52        20     
       HAL_MSP_EXP432P401R_Crystalfontz128x128_ST7735.obj   188     28        0      
    +--+----------------------------------------------------+-------+---------+---------+
       Total:                                               1844    80        20     
                                                                                     
    ./driverlib/MSP432P4xx/
       adc14.obj                                            2272    128       0      
       spi.obj                                              2212    0         0      
       interrupt.obj                                        1008    144       456    
       gpio.obj                                             1152    28        96     
       cpu.obj                                              62      0         0      
    +--+----------------------------------------------------+-------+---------+---------+
       Total:                                               6706    300       552    
                                                                                     
    /opt/ti/ccsv6/tools/compiler/arm_15.12.3.LTS/lib/rtsv7M4_T_le_v4SPD16_eabi.lib
       memory.obj                                           988     0         24     
       typeinfo_.obj                                        188     356       8      
       memcpy_t2.obj                                        156     0         0      
       memset_t2.obj                                        122     0         0      
       autoinit.obj                                         112     0         0      
       copy_decompress_rle.obj                              112     0         0      
       exit.obj                                             84      0         24     
       boot.obj                                             84      0         0      
       cpy_tbl.obj                                          76      0         0      
       new_.obj                                             48      0         0      
       _lock.obj                                            20      0         16     
       args_main.obj                                        24      0         0      
       copy_decompress_none.obj                             14      0         0      
       delete.obj                                           8       0         0      
       stkdepth_vars.obj                                    0       0         8      
       vars.obj                                             0       0         8      
       pre_init.obj                                         4       0         0      
       mpu_init.obj                                         2       0         0      
       newhandler.obj                                       2       0         0      
       startup.obj                                          2       0         0      
    +--+----------------------------------------------------+-------+---------+---------+
       Total:                                               2046    356       88     
                                                                                     
       Heap:                                                0       0         2048   
       Stack:                                               0       0         1024   
       Linker Generated:                                    0       156       0      
    +--+----------------------------------------------------+-------+---------+---------+
       Grand Total:                                         17432   2338      16134  


LINKER GENERATED COPY TABLES

__TI_cinit_table @ 00004d34 records: 3, size/record: 8, table size: 24
	.data: load addr=00004ca8, load size=00000068 bytes, run addr=20001d10, run size=00000080 bytes, compression=rle
	.bss: load addr=00004d10, load size=0000000b bytes, run addr=200000e8, run size=00001822 bytes, compression=rle
	.vtable: load addr=00004d20, load size=00000009 bytes, run addr=20000000, run size=000000e4 bytes, compression=rle


LINKER GENERATED HANDLER TABLE

__TI_handler_table @ 00004d2c records: 2, size/record: 4, table size: 8
	index: 0, handler: __TI_decompress_rle24
	index: 1, handler: __TI_decompress_none


GLOBAL SYMBOLS: SORTED ALPHABETICALLY BY Name 

address   name                                              
-------   ----                                              
000022eb  ADC14_IRQHandler                                  
000022eb  ADC14_IRQHandler                                  
00000939  ADC14_clearInterruptFlag                          
000004d9  ADC14_configureConversionMemory                   
00000381  ADC14_configureMultiSequenceMode                  
00000417  ADC14_configureSingleSampleMode                   
00000611  ADC14_disableComparatorWindow                     
000004af  ADC14_disableConversion                           
000008b3  ADC14_disableInterrupt                            
00000255  ADC14_disableModule                               
0000082f  ADC14_disableReferenceBurst                       
00000295  ADC14_disableSampleTimer                          
00000581  ADC14_enableComparatorWindow                      
0000046d  ADC14_enableConversion                            
00000887  ADC14_enableInterrupt                             
0000024d  ADC14_enableModule                                
00000819  ADC14_enableReferenceBurst                        
0000026b  ADC14_enableSampleTimer                           
00000909  ADC14_getEnabledInterruptStatus                   
000008df  ADC14_getInterruptStatus                          
00000739  ADC14_getMultiSequenceResult                      
0000030b  ADC14_getResolution                               
0000071f  ADC14_getResult                                   
000007a5  ADC14_getResultArray                              
000002ab  ADC14_initModule                                  
000004bb  ADC14_isBusy                                      
00000969  ADC14_registerInterrupt                           
0000066f  ADC14_setComparatorWindowValue                    
00000845  ADC14_setPowerMode                                
000002f1  ADC14_setResolution                               
000006f5  ADC14_setResultFormat                             
00000357  ADC14_setSampleHoldTime                           
00000315  ADC14_setSampleHoldTrigger                        
0000048d  ADC14_toggleConversionTrigger                     
0000097d  ADC14_unregisterInterrupt                         
000044d3  AES256_IRQHandler                                 
0000225b  BUTTON_ISR                                        
000044d3  BusFault_Handler                                  
0000435d  C$$EXIT                                           
000044d3  COMP_E0_IRQHandler                                
000044d3  COMP_E1_IRQHandler                                
00004431  CPU_basepriGet                                    
00004423  CPU_basepriSet                                    
000043fd  CPU_cpsid                                         
00004413  CPU_cpsie                                         
00004409  CPU_primask                                       
0000441f  CPU_wfi                                           
000044d3  CS_IRQHandler                                     
00001269  Crystalfontz128x128_Init                          
0000137d  Crystalfontz128x128_SetDrawFrame                  
000014ab  Crystalfontz128x128_SetOrientation                
000044d3  DMA_ERR_IRQHandler                                
000044d3  DMA_INT0_IRQHandler                               
000044d3  DMA_INT1_IRQHandler                               
000044d3  DMA_INT2_IRQHandler                               
000044d3  DMA_INT3_IRQHandler                               
000044d3  DebugMon_Handler                                  
000044d3  Default_Handler                                   
000044d3  EUSCIA0_IRQHandler                                
000044d3  EUSCIA1_IRQHandler                                
000044d3  EUSCIA2_IRQHandler                                
000044d3  EUSCIA3_IRQHandler                                
000044d3  EUSCIB0_IRQHandler                                
000044d3  EUSCIB1_IRQHandler                                
000044d3  EUSCIB2_IRQHandler                                
000044d3  EUSCIB3_IRQHandler                                
00001133  EUSCI_A_SPI_changeClockPhasePolarity              
000011e7  EUSCI_A_SPI_clearInterruptFlag                    
00001217  EUSCI_A_SPI_disable                               
000011b5  EUSCI_A_SPI_disableInterrupt                      
00001201  EUSCI_A_SPI_enable                                
0000119b  EUSCI_A_SPI_enableInterrupt                       
000011cf  EUSCI_A_SPI_getInterruptStatus                    
0000122d  EUSCI_A_SPI_getReceiveBufferAddressForDMA         
0000123b  EUSCI_A_SPI_getTransmitBufferAddressForDMA        
00001249  EUSCI_A_SPI_isBusy                                
000010b3  EUSCI_A_SPI_masterChangeClock                     
0000118b  EUSCI_A_SPI_receiveData                           
00001093  EUSCI_A_SPI_select4PinFunctionality               
000010e9  EUSCI_A_SPI_slaveInit                             
00001175  EUSCI_A_SPI_transmitData                          
00000f65  EUSCI_B_SPI_changeClockPhasePolarity              
00001019  EUSCI_B_SPI_clearInterruptFlag                    
00001049  EUSCI_B_SPI_disable                               
00000fe7  EUSCI_B_SPI_disableInterrupt                      
00001033  EUSCI_B_SPI_enable                                
00000fcd  EUSCI_B_SPI_enableInterrupt                       
00001001  EUSCI_B_SPI_getInterruptStatus                    
0000105f  EUSCI_B_SPI_getReceiveBufferAddressForDMA         
0000106d  EUSCI_B_SPI_getTransmitBufferAddressForDMA        
0000107b  EUSCI_B_SPI_isBusy                                
00000ee9  EUSCI_B_SPI_masterChangeClock                     
00000fbd  EUSCI_B_SPI_receiveData                           
00000ec9  EUSCI_B_SPI_select4PinFunctionality               
00000f1b  EUSCI_B_SPI_slaveInit                             
00000fa7  EUSCI_B_SPI_transmitData                          
000044d3  FLCTL_IRQHandler                                  
000044d3  FPU_IRQHandler                                    
00002093  GPIO_clearInterruptFlag                           
00002053  GPIO_disableInterrupt                             
00002031  GPIO_enableInterrupt                              
000020eb  GPIO_getEnabledInterruptStatus                    
00002003  GPIO_getInputPinValue                             
00002075  GPIO_getInterruptStatus                           
000020b5  GPIO_interruptEdgeSelect                          
000021ab  GPIO_registerInterrupt                            
00001dab  GPIO_setAsInputPin                                
00001f5f  GPIO_setAsInputPinWithPullDownResistor            
00001fb1  GPIO_setAsInputPinWithPullUpResistor              
00001d71  GPIO_setAsOutputPin                               
00001e75  GPIO_setAsPeripheralModuleFunctionInputPin        
00001df1  GPIO_setAsPeripheralModuleFunctionOutputPin       
00002167  GPIO_setDriveStrengthHigh                         
00002189  GPIO_setDriveStrengthLow                          
00001ef9  GPIO_setOutputHighOnPin                           
00001f1b  GPIO_setOutputLowOnPin                            
00001f3d  GPIO_toggleOutputOnPin                            
000021cb  GPIO_unregisterInterrupt                          
00003a95  Graphics_clearDisplay                             
00003d65  Graphics_clearDisplayOnDisplay                    
00003cb7  Graphics_drawHorizontalLineOnDisplay              
00001bfd  Graphics_drawLine                                 
000018e1  Graphics_drawLineH                                
0000197d  Graphics_drawLineV                                
00003c73  Graphics_drawMultiplePixelsOnDisplay              
00003aa7  Graphics_drawPixel                                
00003c49  Graphics_drawPixelOnDisplay                       
00003ceb  Graphics_drawVerticalLineOnDisplay                
00003d1f  Graphics_fillRectangleOnDisplay                   
00003a87  Graphics_flushBuffer                              
00003d53  Graphics_flushOnDisplay                           
00003a69  Graphics_getDisplayHeight                         
00003a59  Graphics_getDisplayWidth                          
00003a07  Graphics_getFontBaseline                          
00003a3d  Graphics_getFontHeight                            
00003a4b  Graphics_getFontMaxWidth                          
00003a79  Graphics_getHeightOfDisplay                       
00003b01  Graphics_getWidthOfDisplay                        
000038a9  Graphics_initContext                              
000039bd  Graphics_setBackgroundColor                       
000039d7  Graphics_setBackgroundColorTranslated             
000038f3  Graphics_setClipRegion                            
000039ed  Graphics_setFont                                  
00003a15  Graphics_setForegroundColor                       
00003a2b  Graphics_setForegroundColorTranslated             
00003d3d  Graphics_translateColorOnDisplay                  
00003e6d  HAL_LCD_PortInit                                  
00003e9d  HAL_LCD_SpiInit                                   
00003ed3  HAL_LCD_writeCommand                              
00003efb  HAL_LCD_writeData                                 
000044d3  HardFault_Handler                                 
00002c1f  Interrupt_disableInterrupt                        
00002a6f  Interrupt_disableMaster                           
00002e1d  Interrupt_disableSleepOnIsrExit                   
00002bad  Interrupt_enableInterrupt                         
00002a5f  Interrupt_enableMaster                            
00002e0b  Interrupt_enableSleepOnIsrExit                    
00002b87  Interrupt_getPriority                             
00002aff  Interrupt_getPriorityGrouping                     
00002deb  Interrupt_getPriorityMask                         
00002e05  Interrupt_getVectorTableAddress                   
00002c91  Interrupt_isEnabled                               
00002d1d  Interrupt_pendInterrupt                           
00002a7f  Interrupt_registerInterrupt                       
00002b37  Interrupt_setPriority                             
00002ae5  Interrupt_setPriorityGrouping                     
00002ddb  Interrupt_setPriorityMask                         
00002df5  Interrupt_setVectorTableAddress                   
00002d8d  Interrupt_unpendInterrupt                         
00002ad1  Interrupt_unregisterInterrupt                     
20001906  Lcd_FlagRead                                      
20001907  Lcd_FontSolid                                     
20001908  Lcd_Orientation                                   
20001909  Lcd_PenSolid                                      
20001900  Lcd_ScreenHeigth                                  
20001902  Lcd_ScreenWidth                                   
20001904  Lcd_TouchTrim                                     
200000e8  MainScheduler                                     
000044d3  MemManage_Handler                                 
000044d3  NMI_Handler                                       
000044d3  PCM_IRQHandler                                    
000044d3  PORT1_IRQHandler                                  
000044d3  PORT2_IRQHandler                                  
000044d3  PORT3_IRQHandler                                  
000044d3  PORT4_IRQHandler                                  
000044d3  PORT5_IRQHandler                                  
000044d3  PORT6_IRQHandler                                  
000044d3  PSS_IRQHandler                                    
000044d3  PendSV_Handler                                    
000044d3  RTC_C_IRQHandler                                  
000044c7  Reset_Handler                                     
00004ca4  SHT$$INIT_ARRAY$$Base                             
00004ca8  SHT$$INIT_ARRAY$$Limit                            
00000b87  SPI_changeClockPhasePolarity                      
00000ae1  SPI_changeMasterClock                             
00000d39  SPI_clearInterruptFlag                            
00000cbb  SPI_disableInterrupt                              
00000c15  SPI_disableModule                                 
00000c95  SPI_enableInterrupt                               
00000bf9  SPI_enableModule                                  
00000d09  SPI_getEnabledInterruptStatus                     
00000ce1  SPI_getInterruptStatus                            
00000c31  SPI_getReceiveBufferAddressForDMA                 
00000c4d  SPI_getTransmitBufferAddressForDMA                
000009f5  SPI_initMaster                                    
00000b09  SPI_initSlave                                     
00000c79  SPI_isBusy                                        
00000bdd  SPI_receiveData                                   
00000d5f  SPI_registerInterrupt                             
00000abb  SPI_selectFourPinFunctionality                    
00000bb7  SPI_transmitData                                  
00000e1d  SPI_unregisterInterrupt                           
000044d3  SVC_Handler                                       
000044d3  SysTick_Handler                                   
20001d8c  SystemCoreClock                                   
00003229  SystemCoreClockUpdate                             
0000349d  SystemInit                                        
000025c1  T32_INT1_IRQHandler                               
000025c1  T32_INT1_IRQHandler                               
000044d3  T32_INT2_IRQHandler                               
000044d3  T32_INTC_IRQHandler                               
000044d3  TA0_0_IRQHandler                                  
000044d3  TA0_N_IRQHandler                                  
000044d3  TA1_0_IRQHandler                                  
000044d3  TA1_N_IRQHandler                                  
000044d3  TA2_0_IRQHandler                                  
000044d3  TA2_N_IRQHandler                                  
000044d3  TA3_0_IRQHandler                                  
000044d3  TA3_N_IRQHandler                                  
000044d3  UsageFault_Handler                                
4000480c  WDTCTL_SYM                                        
000044d3  WDT_A_IRQHandler                                  
0000422b  _Z21__default_new_handlerv                        
000023f9  _Z5Setupv                                         
00003fd5  _ZN10__cxxabiv116__enum_type_infoD0Ev             
00003fd3  _ZN10__cxxabiv116__enum_type_infoD1Ev             
00003fd3  _ZN10__cxxabiv116__enum_type_infoD2Ev             
00003fcb  _ZN10__cxxabiv117__array_type_infoD0Ev            
00003fc9  _ZN10__cxxabiv117__array_type_infoD1Ev            
00003fc9  _ZN10__cxxabiv117__array_type_infoD2Ev            
00003fc1  _ZN10__cxxabiv117__class_type_infoD0Ev            
00003fbf  _ZN10__cxxabiv117__class_type_infoD1Ev            
00003fbf  _ZN10__cxxabiv117__class_type_infoD2Ev            
00003fb7  _ZN10__cxxabiv117__pbase_type_infoD0Ev            
00003fb5  _ZN10__cxxabiv117__pbase_type_infoD1Ev            
00003fb5  _ZN10__cxxabiv117__pbase_type_infoD2Ev            
00003fad  _ZN10__cxxabiv119__pointer_type_infoD0Ev          
00003fab  _ZN10__cxxabiv119__pointer_type_infoD1Ev          
00003fab  _ZN10__cxxabiv119__pointer_type_infoD2Ev          
00003fa3  _ZN10__cxxabiv120__function_type_infoD0Ev         
00003fa1  _ZN10__cxxabiv120__function_type_infoD1Ev         
00003fa1  _ZN10__cxxabiv120__function_type_infoD2Ev         
00003f99  _ZN10__cxxabiv120__si_class_type_infoD0Ev         
00003f97  _ZN10__cxxabiv120__si_class_type_infoD1Ev         
00003f97  _ZN10__cxxabiv120__si_class_type_infoD2Ev         
00003f8f  _ZN10__cxxabiv121__vmi_class_type_infoD0Ev        
00003f8d  _ZN10__cxxabiv121__vmi_class_type_infoD1Ev        
00003f8d  _ZN10__cxxabiv121__vmi_class_type_infoD2Ev        
00003f85  _ZN10__cxxabiv123__fundamental_type_infoD0Ev      
00003f83  _ZN10__cxxabiv123__fundamental_type_infoD1Ev      
00003f83  _ZN10__cxxabiv123__fundamental_type_infoD2Ev      
00003f7b  _ZN10__cxxabiv129__pointer_to_member_type_infoD0Ev
00003f79  _ZN10__cxxabiv129__pointer_to_member_type_infoD1Ev
00003f79  _ZN10__cxxabiv129__pointer_to_member_type_infoD2Ev
00003e55  _ZN3LED3runEv                                     
00003d7d  _ZN3LEDC1Eibii                                    
00003de9  _ZN3LEDC1Eibiiy                                   
00003d7d  _ZN3LEDC2Eibii                                    
00003de9  _ZN3LEDC2Eibiiy                                   
0000446d  _ZN4Task11SendMessageEv                           
000044d5  _ZN4Task14ProcessMessageE3MSG                     
20001d78  _ZN4Task14m_u8NextTaskIDE                         
0000419b  _ZN4Task17GetTaskFinalCountEv                     
0000416d  _ZN4Task17SetTaskFinalCountEy                     
0000418b  _ZN4Task19GetTaskCurrentCountEv                   
0000414f  _ZN4Task19SetTaskCurrentCountEy                   
000044e1  _ZN4Task3runEv                                    
00004131  _ZN4TaskC1Ev                                      
00004131  _ZN4TaskC2Ev                                      
00003bbf  _ZN5Servo14ProcessMessageE3MSG                    
00003c23  _ZN5Servo19ADCtoServoValueConvEi                  
00003b87  _ZN5Servo3runEv                                   
00003b11  _ZN5ServoC1Eibii                                  
00003b11  _ZN5ServoC2Eibii                                  
00004073  _ZN6Button11SendMessageEv                         
00004067  _ZN6Button14ProcessMessageE3MSG                   
0000405b  _ZN6Button3runEv                                  
00003fe5  _ZN6ButtonC1Eibiiy                                
00003fe5  _ZN6ButtonC2Eibiiy                                
00003713  _ZN6Screen11printScreenEhht                       
00003635  _ZN6Screen14ProcessMessageE3MSG                   
00003629  _ZN6Screen3runEv                                  
00003599  _ZN6ScreenC1Eib                                   
00003599  _ZN6ScreenC2Eib                                   
0000290b  _ZN9Scheduler13attachMessageE3MSG                 
000029f7  _ZN9Scheduler14processMessageE3MSG                
0000294b  _ZN9Scheduler17clearMessageQueueEv                
000029ad  _ZN9Scheduler18clearNextSchedulerEv               
00002887  _ZN9Scheduler19ProcessMessageQueueEv              
000027bb  _ZN9Scheduler21CalculateNextScheduleEv            
00002a49  _ZN9Scheduler22SortScheduleByPriorityEP4Task      
0000275d  _ZN9Scheduler3runEv                               
0000268d  _ZN9Scheduler6attachEP4Task                       
000026f9  _ZN9Scheduler6attachEP4Tasky                      
0000262d  _ZN9SchedulerC1Ev                                 
0000262d  _ZN9SchedulerC2Ev                                 
00003f3b  _ZNKSt9type_info4nameEv                           
00003f6b  _ZNKSt9type_info6beforeERKS_                      
00003f55  _ZNKSt9type_infoeqERKS_                           
00003f3f  _ZNKSt9type_infoneERKS_                           
00003f33  _ZNSt9type_infoD0Ev                               
00003f31  _ZNSt9type_infoD1Ev                               
00003f31  _ZNSt9type_infoD2Ev                               
200018fc  _ZSt16__dummy_typeinfo                            
00003f29  _ZSt21__gen_dummy_typeinfosv                      
00004bd0  _ZTI3LED                                          
00004c44  _ZTI4Task                                         
00004bdc  _ZTI5Servo                                        
00004be8  _ZTI6Button                                       
00004bf4  _ZTI6Screen                                       
00004c00  _ZTIN10__cxxabiv117__class_type_infoE             
00004c0c  _ZTIN10__cxxabiv117__pbase_type_infoE             
00004c18  _ZTIN10__cxxabiv119__pointer_type_infoE           
00004c24  _ZTIN10__cxxabiv120__si_class_type_infoE          
00004c30  _ZTIN10__cxxabiv123__fundamental_type_infoE       
00004b34  _ZTIPKe                                           
00004c4c  _ZTISt9type_info                                  
00004c54  _ZTIe                                             
00004c99  _ZTS3LED                                          
00004c93  _ZTS4Task                                         
00004c8c  _ZTS5Servo                                        
00004c5c  _ZTS6Button                                       
00004c64  _ZTS6Screen                                       
00004a2d  _ZTSN10__cxxabiv117__class_type_infoE             
00004a4f  _ZTSN10__cxxabiv117__pbase_type_infoE             
00004a09  _ZTSN10__cxxabiv119__pointer_type_infoE           
000049e4  _ZTSN10__cxxabiv120__si_class_type_infoE          
000049bc  _ZTSN10__cxxabiv123__fundamental_type_infoE       
00004c9e  _ZTSPKe                                           
00004b84  _ZTSSt9type_info                                  
00004a71  _ZTSe                                             
00004ae4  _ZTV3LED                                          
00004af8  _ZTV4Task                                         
00004b0c  _ZTV5Servo                                        
00004b20  _ZTV6Button                                       
00004acc  _ZTV6Screen                                       
00004b44  _ZTVN10__cxxabiv117__class_type_infoE             
00004b54  _ZTVN10__cxxabiv119__pointer_type_infoE           
00004b64  _ZTVN10__cxxabiv120__si_class_type_infoE          
00004b74  _ZTVN10__cxxabiv123__fundamental_type_infoE       
000044ed  _ZdlPv                                            
0000443d  _Znwj                                             
20010000  __STACK_END                                       
00000200  __STACK_SIZE                                      
00000400  __SYSMEM_SIZE                                     
00004d34  __TI_CINIT_Base                                   
00004d4c  __TI_CINIT_Limit                                  
00004d2c  __TI_Handler_Table_Base                           
00004d34  __TI_Handler_Table_Limit                          
0000422d  __TI_auto_init                                    
20001d58  __TI_cleanup_ptr                                  
000044b9  __TI_decompress_none                              
000044f5  __TI_decompress_rle24                             
20001d5c  __TI_dtors_ptr                                    
20001d60  __TI_enable_exit_profile_output                   
ffffffff  __TI_pprof_out_hndl                               
ffffffff  __TI_prof_data_size                               
ffffffff  __TI_prof_data_start                              
00000000  __TI_static_base__                                
000041b1  __aeabi_memclr                                    
000041b1  __aeabi_memclr4                                   
000041b1  __aeabi_memclr8                                   
00004095  __aeabi_memcpy                                    
00004095  __aeabi_memcpy4                                   
00004095  __aeabi_memcpy8                                   
000041b3  __aeabi_memset                                    
000041b3  __aeabi_memset4                                   
000041b3  __aeabi_memset8                                   
ffffffff  __binit__                                         
ffffffff  __c_args__                                        
00003b0f  __mpu_init                                        
2000fe00  __stack                                           
000025e7  __sti___8_main_cpp_937618a8                       
0000448d  _args_main                                        
00004309  _c_int00                                          
20001d7c  _lock                                             
20001d88  _new_handler                                      
000044b3  _nop                                              
000044ab  _register_lock                                    
000044a5  _register_unlock                                  
20001910  _sys_memory                                       
00004307  _system_post_cinit                                
000044fb  _system_pre_init                                  
20001d80  _unlock                                           
00004361  abort                                             
ffffffff  binit                                             
000031f5  calloc                                            
000043b1  copy_in                                           
00004369  exit                                              
00002f43  free                                              
20000000  g_pfnRAMVectors                                   
200018e0  g_sContext                                        
00004990  g_sCrystalfontz128x128                            
000047f8  g_sFontFixed6x8                                   
00000000  interruptVectors                                  
00002323  main                                              
20001d84  main_func_sp                                      
00002edb  malloc                                            
00003111  memalign                                          
00004095  memcpy                                            
000041b9  memset                                            
00002e4d  minit                                             
20001d40  pwmConfig                                         
00003005  realloc                                           


GLOBAL SYMBOLS: SORTED BY Symbol Address 

address   name                                              
-------   ----                                              
00000000  __TI_static_base__                                
00000000  interruptVectors                                  
00000200  __STACK_SIZE                                      
0000024d  ADC14_enableModule                                
00000255  ADC14_disableModule                               
0000026b  ADC14_enableSampleTimer                           
00000295  ADC14_disableSampleTimer                          
000002ab  ADC14_initModule                                  
000002f1  ADC14_setResolution                               
0000030b  ADC14_getResolution                               
00000315  ADC14_setSampleHoldTrigger                        
00000357  ADC14_setSampleHoldTime                           
00000381  ADC14_configureMultiSequenceMode                  
00000400  __SYSMEM_SIZE                                     
00000417  ADC14_configureSingleSampleMode                   
0000046d  ADC14_enableConversion                            
0000048d  ADC14_toggleConversionTrigger                     
000004af  ADC14_disableConversion                           
000004bb  ADC14_isBusy                                      
000004d9  ADC14_configureConversionMemory                   
00000581  ADC14_enableComparatorWindow                      
00000611  ADC14_disableComparatorWindow                     
0000066f  ADC14_setComparatorWindowValue                    
000006f5  ADC14_setResultFormat                             
0000071f  ADC14_getResult                                   
00000739  ADC14_getMultiSequenceResult                      
000007a5  ADC14_getResultArray                              
00000819  ADC14_enableReferenceBurst                        
0000082f  ADC14_disableReferenceBurst                       
00000845  ADC14_setPowerMode                                
00000887  ADC14_enableInterrupt                             
000008b3  ADC14_disableInterrupt                            
000008df  ADC14_getInterruptStatus                          
00000909  ADC14_getEnabledInterruptStatus                   
00000939  ADC14_clearInterruptFlag                          
00000969  ADC14_registerInterrupt                           
0000097d  ADC14_unregisterInterrupt                         
000009f5  SPI_initMaster                                    
00000abb  SPI_selectFourPinFunctionality                    
00000ae1  SPI_changeMasterClock                             
00000b09  SPI_initSlave                                     
00000b87  SPI_changeClockPhasePolarity                      
00000bb7  SPI_transmitData                                  
00000bdd  SPI_receiveData                                   
00000bf9  SPI_enableModule                                  
00000c15  SPI_disableModule                                 
00000c31  SPI_getReceiveBufferAddressForDMA                 
00000c4d  SPI_getTransmitBufferAddressForDMA                
00000c79  SPI_isBusy                                        
00000c95  SPI_enableInterrupt                               
00000cbb  SPI_disableInterrupt                              
00000ce1  SPI_getInterruptStatus                            
00000d09  SPI_getEnabledInterruptStatus                     
00000d39  SPI_clearInterruptFlag                            
00000d5f  SPI_registerInterrupt                             
00000e1d  SPI_unregisterInterrupt                           
00000ec9  EUSCI_B_SPI_select4PinFunctionality               
00000ee9  EUSCI_B_SPI_masterChangeClock                     
00000f1b  EUSCI_B_SPI_slaveInit                             
00000f65  EUSCI_B_SPI_changeClockPhasePolarity              
00000fa7  EUSCI_B_SPI_transmitData                          
00000fbd  EUSCI_B_SPI_receiveData                           
00000fcd  EUSCI_B_SPI_enableInterrupt                       
00000fe7  EUSCI_B_SPI_disableInterrupt                      
00001001  EUSCI_B_SPI_getInterruptStatus                    
00001019  EUSCI_B_SPI_clearInterruptFlag                    
00001033  EUSCI_B_SPI_enable                                
00001049  EUSCI_B_SPI_disable                               
0000105f  EUSCI_B_SPI_getReceiveBufferAddressForDMA         
0000106d  EUSCI_B_SPI_getTransmitBufferAddressForDMA        
0000107b  EUSCI_B_SPI_isBusy                                
00001093  EUSCI_A_SPI_select4PinFunctionality               
000010b3  EUSCI_A_SPI_masterChangeClock                     
000010e9  EUSCI_A_SPI_slaveInit                             
00001133  EUSCI_A_SPI_changeClockPhasePolarity              
00001175  EUSCI_A_SPI_transmitData                          
0000118b  EUSCI_A_SPI_receiveData                           
0000119b  EUSCI_A_SPI_enableInterrupt                       
000011b5  EUSCI_A_SPI_disableInterrupt                      
000011cf  EUSCI_A_SPI_getInterruptStatus                    
000011e7  EUSCI_A_SPI_clearInterruptFlag                    
00001201  EUSCI_A_SPI_enable                                
00001217  EUSCI_A_SPI_disable                               
0000122d  EUSCI_A_SPI_getReceiveBufferAddressForDMA         
0000123b  EUSCI_A_SPI_getTransmitBufferAddressForDMA        
00001249  EUSCI_A_SPI_isBusy                                
00001269  Crystalfontz128x128_Init                          
0000137d  Crystalfontz128x128_SetDrawFrame                  
000014ab  Crystalfontz128x128_SetOrientation                
000018e1  Graphics_drawLineH                                
0000197d  Graphics_drawLineV                                
00001bfd  Graphics_drawLine                                 
00001d71  GPIO_setAsOutputPin                               
00001dab  GPIO_setAsInputPin                                
00001df1  GPIO_setAsPeripheralModuleFunctionOutputPin       
00001e75  GPIO_setAsPeripheralModuleFunctionInputPin        
00001ef9  GPIO_setOutputHighOnPin                           
00001f1b  GPIO_setOutputLowOnPin                            
00001f3d  GPIO_toggleOutputOnPin                            
00001f5f  GPIO_setAsInputPinWithPullDownResistor            
00001fb1  GPIO_setAsInputPinWithPullUpResistor              
00002003  GPIO_getInputPinValue                             
00002031  GPIO_enableInterrupt                              
00002053  GPIO_disableInterrupt                             
00002075  GPIO_getInterruptStatus                           
00002093  GPIO_clearInterruptFlag                           
000020b5  GPIO_interruptEdgeSelect                          
000020eb  GPIO_getEnabledInterruptStatus                    
00002167  GPIO_setDriveStrengthHigh                         
00002189  GPIO_setDriveStrengthLow                          
000021ab  GPIO_registerInterrupt                            
000021cb  GPIO_unregisterInterrupt                          
0000225b  BUTTON_ISR                                        
000022eb  ADC14_IRQHandler                                  
000022eb  ADC14_IRQHandler                                  
00002323  main                                              
000023f9  _Z5Setupv                                         
000025c1  T32_INT1_IRQHandler                               
000025c1  T32_INT1_IRQHandler                               
000025e7  __sti___8_main_cpp_937618a8                       
0000262d  _ZN9SchedulerC1Ev                                 
0000262d  _ZN9SchedulerC2Ev                                 
0000268d  _ZN9Scheduler6attachEP4Task                       
000026f9  _ZN9Scheduler6attachEP4Tasky                      
0000275d  _ZN9Scheduler3runEv                               
000027bb  _ZN9Scheduler21CalculateNextScheduleEv            
00002887  _ZN9Scheduler19ProcessMessageQueueEv              
0000290b  _ZN9Scheduler13attachMessageE3MSG                 
0000294b  _ZN9Scheduler17clearMessageQueueEv                
000029ad  _ZN9Scheduler18clearNextSchedulerEv               
000029f7  _ZN9Scheduler14processMessageE3MSG                
00002a49  _ZN9Scheduler22SortScheduleByPriorityEP4Task      
00002a5f  Interrupt_enableMaster                            
00002a6f  Interrupt_disableMaster                           
00002a7f  Interrupt_registerInterrupt                       
00002ad1  Interrupt_unregisterInterrupt                     
00002ae5  Interrupt_setPriorityGrouping                     
00002aff  Interrupt_getPriorityGrouping                     
00002b37  Interrupt_setPriority                             
00002b87  Interrupt_getPriority                             
00002bad  Interrupt_enableInterrupt                         
00002c1f  Interrupt_disableInterrupt                        
00002c91  Interrupt_isEnabled                               
00002d1d  Interrupt_pendInterrupt                           
00002d8d  Interrupt_unpendInterrupt                         
00002ddb  Interrupt_setPriorityMask                         
00002deb  Interrupt_getPriorityMask                         
00002df5  Interrupt_setVectorTableAddress                   
00002e05  Interrupt_getVectorTableAddress                   
00002e0b  Interrupt_enableSleepOnIsrExit                    
00002e1d  Interrupt_disableSleepOnIsrExit                   
00002e4d  minit                                             
00002edb  malloc                                            
00002f43  free                                              
00003005  realloc                                           
00003111  memalign                                          
000031f5  calloc                                            
00003229  SystemCoreClockUpdate                             
0000349d  SystemInit                                        
00003599  _ZN6ScreenC1Eib                                   
00003599  _ZN6ScreenC2Eib                                   
00003629  _ZN6Screen3runEv                                  
00003635  _ZN6Screen14ProcessMessageE3MSG                   
00003713  _ZN6Screen11printScreenEhht                       
000038a9  Graphics_initContext                              
000038f3  Graphics_setClipRegion                            
000039bd  Graphics_setBackgroundColor                       
000039d7  Graphics_setBackgroundColorTranslated             
000039ed  Graphics_setFont                                  
00003a07  Graphics_getFontBaseline                          
00003a15  Graphics_setForegroundColor                       
00003a2b  Graphics_setForegroundColorTranslated             
00003a3d  Graphics_getFontHeight                            
00003a4b  Graphics_getFontMaxWidth                          
00003a59  Graphics_getDisplayWidth                          
00003a69  Graphics_getDisplayHeight                         
00003a79  Graphics_getHeightOfDisplay                       
00003a87  Graphics_flushBuffer                              
00003a95  Graphics_clearDisplay                             
00003aa7  Graphics_drawPixel                                
00003b01  Graphics_getWidthOfDisplay                        
00003b0f  __mpu_init                                        
00003b11  _ZN5ServoC1Eibii                                  
00003b11  _ZN5ServoC2Eibii                                  
00003b87  _ZN5Servo3runEv                                   
00003bbf  _ZN5Servo14ProcessMessageE3MSG                    
00003c23  _ZN5Servo19ADCtoServoValueConvEi                  
00003c49  Graphics_drawPixelOnDisplay                       
00003c73  Graphics_drawMultiplePixelsOnDisplay              
00003cb7  Graphics_drawHorizontalLineOnDisplay              
00003ceb  Graphics_drawVerticalLineOnDisplay                
00003d1f  Graphics_fillRectangleOnDisplay                   
00003d3d  Graphics_translateColorOnDisplay                  
00003d53  Graphics_flushOnDisplay                           
00003d65  Graphics_clearDisplayOnDisplay                    
00003d7d  _ZN3LEDC1Eibii                                    
00003d7d  _ZN3LEDC2Eibii                                    
00003de9  _ZN3LEDC1Eibiiy                                   
00003de9  _ZN3LEDC2Eibiiy                                   
00003e55  _ZN3LED3runEv                                     
00003e6d  HAL_LCD_PortInit                                  
00003e9d  HAL_LCD_SpiInit                                   
00003ed3  HAL_LCD_writeCommand                              
00003efb  HAL_LCD_writeData                                 
00003f29  _ZSt21__gen_dummy_typeinfosv                      
00003f31  _ZNSt9type_infoD1Ev                               
00003f31  _ZNSt9type_infoD2Ev                               
00003f33  _ZNSt9type_infoD0Ev                               
00003f3b  _ZNKSt9type_info4nameEv                           
00003f3f  _ZNKSt9type_infoneERKS_                           
00003f55  _ZNKSt9type_infoeqERKS_                           
00003f6b  _ZNKSt9type_info6beforeERKS_                      
00003f79  _ZN10__cxxabiv129__pointer_to_member_type_infoD1Ev
00003f79  _ZN10__cxxabiv129__pointer_to_member_type_infoD2Ev
00003f7b  _ZN10__cxxabiv129__pointer_to_member_type_infoD0Ev
00003f83  _ZN10__cxxabiv123__fundamental_type_infoD1Ev      
00003f83  _ZN10__cxxabiv123__fundamental_type_infoD2Ev      
00003f85  _ZN10__cxxabiv123__fundamental_type_infoD0Ev      
00003f8d  _ZN10__cxxabiv121__vmi_class_type_infoD1Ev        
00003f8d  _ZN10__cxxabiv121__vmi_class_type_infoD2Ev        
00003f8f  _ZN10__cxxabiv121__vmi_class_type_infoD0Ev        
00003f97  _ZN10__cxxabiv120__si_class_type_infoD1Ev         
00003f97  _ZN10__cxxabiv120__si_class_type_infoD2Ev         
00003f99  _ZN10__cxxabiv120__si_class_type_infoD0Ev         
00003fa1  _ZN10__cxxabiv120__function_type_infoD1Ev         
00003fa1  _ZN10__cxxabiv120__function_type_infoD2Ev         
00003fa3  _ZN10__cxxabiv120__function_type_infoD0Ev         
00003fab  _ZN10__cxxabiv119__pointer_type_infoD1Ev          
00003fab  _ZN10__cxxabiv119__pointer_type_infoD2Ev          
00003fad  _ZN10__cxxabiv119__pointer_type_infoD0Ev          
00003fb5  _ZN10__cxxabiv117__pbase_type_infoD1Ev            
00003fb5  _ZN10__cxxabiv117__pbase_type_infoD2Ev            
00003fb7  _ZN10__cxxabiv117__pbase_type_infoD0Ev            
00003fbf  _ZN10__cxxabiv117__class_type_infoD1Ev            
00003fbf  _ZN10__cxxabiv117__class_type_infoD2Ev            
00003fc1  _ZN10__cxxabiv117__class_type_infoD0Ev            
00003fc9  _ZN10__cxxabiv117__array_type_infoD1Ev            
00003fc9  _ZN10__cxxabiv117__array_type_infoD2Ev            
00003fcb  _ZN10__cxxabiv117__array_type_infoD0Ev            
00003fd3  _ZN10__cxxabiv116__enum_type_infoD1Ev             
00003fd3  _ZN10__cxxabiv116__enum_type_infoD2Ev             
00003fd5  _ZN10__cxxabiv116__enum_type_infoD0Ev             
00003fe5  _ZN6ButtonC1Eibiiy                                
00003fe5  _ZN6ButtonC2Eibiiy                                
0000405b  _ZN6Button3runEv                                  
00004067  _ZN6Button14ProcessMessageE3MSG                   
00004073  _ZN6Button11SendMessageEv                         
00004095  __aeabi_memcpy                                    
00004095  __aeabi_memcpy4                                   
00004095  __aeabi_memcpy8                                   
00004095  memcpy                                            
00004131  _ZN4TaskC1Ev                                      
00004131  _ZN4TaskC2Ev                                      
0000414f  _ZN4Task19SetTaskCurrentCountEy                   
0000416d  _ZN4Task17SetTaskFinalCountEy                     
0000418b  _ZN4Task19GetTaskCurrentCountEv                   
0000419b  _ZN4Task17GetTaskFinalCountEv                     
000041b1  __aeabi_memclr                                    
000041b1  __aeabi_memclr4                                   
000041b1  __aeabi_memclr8                                   
000041b3  __aeabi_memset                                    
000041b3  __aeabi_memset4                                   
000041b3  __aeabi_memset8                                   
000041b9  memset                                            
0000422b  _Z21__default_new_handlerv                        
0000422d  __TI_auto_init                                    
00004307  _system_post_cinit                                
00004309  _c_int00                                          
0000435d  C$$EXIT                                           
00004361  abort                                             
00004369  exit                                              
000043b1  copy_in                                           
000043fd  CPU_cpsid                                         
00004409  CPU_primask                                       
00004413  CPU_cpsie                                         
0000441f  CPU_wfi                                           
00004423  CPU_basepriSet                                    
00004431  CPU_basepriGet                                    
0000443d  _Znwj                                             
0000446d  _ZN4Task11SendMessageEv                           
0000448d  _args_main                                        
000044a5  _register_unlock                                  
000044ab  _register_lock                                    
000044b3  _nop                                              
000044b9  __TI_decompress_none                              
000044c7  Reset_Handler                                     
000044d3  AES256_IRQHandler                                 
000044d3  BusFault_Handler                                  
000044d3  COMP_E0_IRQHandler                                
000044d3  COMP_E1_IRQHandler                                
000044d3  CS_IRQHandler                                     
000044d3  DMA_ERR_IRQHandler                                
000044d3  DMA_INT0_IRQHandler                               
000044d3  DMA_INT1_IRQHandler                               
000044d3  DMA_INT2_IRQHandler                               
000044d3  DMA_INT3_IRQHandler                               
000044d3  DebugMon_Handler                                  
000044d3  Default_Handler                                   
000044d3  EUSCIA0_IRQHandler                                
000044d3  EUSCIA1_IRQHandler                                
000044d3  EUSCIA2_IRQHandler                                
000044d3  EUSCIA3_IRQHandler                                
000044d3  EUSCIB0_IRQHandler                                
000044d3  EUSCIB1_IRQHandler                                
000044d3  EUSCIB2_IRQHandler                                
000044d3  EUSCIB3_IRQHandler                                
000044d3  FLCTL_IRQHandler                                  
000044d3  FPU_IRQHandler                                    
000044d3  HardFault_Handler                                 
000044d3  MemManage_Handler                                 
000044d3  NMI_Handler                                       
000044d3  PCM_IRQHandler                                    
000044d3  PORT1_IRQHandler                                  
000044d3  PORT2_IRQHandler                                  
000044d3  PORT3_IRQHandler                                  
000044d3  PORT4_IRQHandler                                  
000044d3  PORT5_IRQHandler                                  
000044d3  PORT6_IRQHandler                                  
000044d3  PSS_IRQHandler                                    
000044d3  PendSV_Handler                                    
000044d3  RTC_C_IRQHandler                                  
000044d3  SVC_Handler                                       
000044d3  SysTick_Handler                                   
000044d3  T32_INT2_IRQHandler                               
000044d3  T32_INTC_IRQHandler                               
000044d3  TA0_0_IRQHandler                                  
000044d3  TA0_N_IRQHandler                                  
000044d3  TA1_0_IRQHandler                                  
000044d3  TA1_N_IRQHandler                                  
000044d3  TA2_0_IRQHandler                                  
000044d3  TA2_N_IRQHandler                                  
000044d3  TA3_0_IRQHandler                                  
000044d3  TA3_N_IRQHandler                                  
000044d3  UsageFault_Handler                                
000044d3  WDT_A_IRQHandler                                  
000044d5  _ZN4Task14ProcessMessageE3MSG                     
000044e1  _ZN4Task3runEv                                    
000044ed  _ZdlPv                                            
000044f5  __TI_decompress_rle24                             
000044fb  _system_pre_init                                  
000047f8  g_sFontFixed6x8                                   
00004990  g_sCrystalfontz128x128                            
000049bc  _ZTSN10__cxxabiv123__fundamental_type_infoE       
000049e4  _ZTSN10__cxxabiv120__si_class_type_infoE          
00004a09  _ZTSN10__cxxabiv119__pointer_type_infoE           
00004a2d  _ZTSN10__cxxabiv117__class_type_infoE             
00004a4f  _ZTSN10__cxxabiv117__pbase_type_infoE             
00004a71  _ZTSe                                             
00004acc  _ZTV6Screen                                       
00004ae4  _ZTV3LED                                          
00004af8  _ZTV4Task                                         
00004b0c  _ZTV5Servo                                        
00004b20  _ZTV6Button                                       
00004b34  _ZTIPKe                                           
00004b44  _ZTVN10__cxxabiv117__class_type_infoE             
00004b54  _ZTVN10__cxxabiv119__pointer_type_infoE           
00004b64  _ZTVN10__cxxabiv120__si_class_type_infoE          
00004b74  _ZTVN10__cxxabiv123__fundamental_type_infoE       
00004b84  _ZTSSt9type_info                                  
00004bd0  _ZTI3LED                                          
00004bdc  _ZTI5Servo                                        
00004be8  _ZTI6Button                                       
00004bf4  _ZTI6Screen                                       
00004c00  _ZTIN10__cxxabiv117__class_type_infoE             
00004c0c  _ZTIN10__cxxabiv117__pbase_type_infoE             
00004c18  _ZTIN10__cxxabiv119__pointer_type_infoE           
00004c24  _ZTIN10__cxxabiv120__si_class_type_infoE          
00004c30  _ZTIN10__cxxabiv123__fundamental_type_infoE       
00004c44  _ZTI4Task                                         
00004c4c  _ZTISt9type_info                                  
00004c54  _ZTIe                                             
00004c5c  _ZTS6Button                                       
00004c64  _ZTS6Screen                                       
00004c8c  _ZTS5Servo                                        
00004c93  _ZTS4Task                                         
00004c99  _ZTS3LED                                          
00004c9e  _ZTSPKe                                           
00004ca4  SHT$$INIT_ARRAY$$Base                             
00004ca8  SHT$$INIT_ARRAY$$Limit                            
00004d2c  __TI_Handler_Table_Base                           
00004d34  __TI_CINIT_Base                                   
00004d34  __TI_Handler_Table_Limit                          
00004d4c  __TI_CINIT_Limit                                  
20000000  g_pfnRAMVectors                                   
200000e8  MainScheduler                                     
200018e0  g_sContext                                        
200018fc  _ZSt16__dummy_typeinfo                            
20001900  Lcd_ScreenHeigth                                  
20001902  Lcd_ScreenWidth                                   
20001904  Lcd_TouchTrim                                     
20001906  Lcd_FlagRead                                      
20001907  Lcd_FontSolid                                     
20001908  Lcd_Orientation                                   
20001909  Lcd_PenSolid                                      
20001910  _sys_memory                                       
20001d40  pwmConfig                                         
20001d58  __TI_cleanup_ptr                                  
20001d5c  __TI_dtors_ptr                                    
20001d60  __TI_enable_exit_profile_output                   
20001d78  _ZN4Task14m_u8NextTaskIDE                         
20001d7c  _lock                                             
20001d80  _unlock                                           
20001d84  main_func_sp                                      
20001d88  _new_handler                                      
20001d8c  SystemCoreClock                                   
2000fe00  __stack                                           
20010000  __STACK_END                                       
4000480c  WDTCTL_SYM                                        
ffffffff  __TI_pprof_out_hndl                               
ffffffff  __TI_prof_data_size                               
ffffffff  __TI_prof_data_start                              
ffffffff  __binit__                                         
ffffffff  __c_args__                                        
ffffffff  binit                                             

[414 symbols]
