<?xml version="1.0"?>
<link_info>
   <banner>TI ARM Linker Unix v15.12.3.LTS</banner>
   <copyright>Copyright (c) 1996-2015 Texas Instruments Incorporated</copyright>
   <link_time>0x5827fdea</link_time>
   <link_errors>0x0</link_errors>
   <output_file>EventHandler.out</output_file>
   <entry_point>
      <name>_c_int00</name>
      <address>0x4389</address>
   </entry_point>
   <input_file_list>
      <input_file id="fl-2">
         <path>./</path>
         <kind>object</kind>
         <file>Button.obj</file>
         <name>Button.obj</name>
      </input_file>
      <input_file id="fl-3">
         <path>./</path>
         <kind>object</kind>
         <file>LED.obj</file>
         <name>LED.obj</name>
      </input_file>
      <input_file id="fl-4">
         <path>./</path>
         <kind>object</kind>
         <file>Scheduler.obj</file>
         <name>Scheduler.obj</name>
      </input_file>
      <input_file id="fl-5">
         <path>./</path>
         <kind>object</kind>
         <file>Screen.obj</file>
         <name>Screen.obj</name>
      </input_file>
      <input_file id="fl-6">
         <path>./</path>
         <kind>object</kind>
         <file>Servo.obj</file>
         <name>Servo.obj</name>
      </input_file>
      <input_file id="fl-7">
         <path>./</path>
         <kind>object</kind>
         <file>Task.obj</file>
         <name>Task.obj</name>
      </input_file>
      <input_file id="fl-8">
         <path>./</path>
         <kind>object</kind>
         <file>main.obj</file>
         <name>main.obj</name>
      </input_file>
      <input_file id="fl-9">
         <path>./</path>
         <kind>object</kind>
         <file>startup_msp432p401r_ccs.obj</file>
         <name>startup_msp432p401r_ccs.obj</name>
      </input_file>
      <input_file id="fl-a">
         <path>./</path>
         <kind>object</kind>
         <file>system_msp432p401r.obj</file>
         <name>system_msp432p401r.obj</name>
      </input_file>
      <input_file id="fl-b">
         <path>./GrLib/fonts/</path>
         <kind>object</kind>
         <file>fontfixed6x8.obj</file>
         <name>fontfixed6x8.obj</name>
      </input_file>
      <input_file id="fl-c">
         <path>./GrLib/grlib/</path>
         <kind>object</kind>
         <file>button.obj</file>
         <name>button.obj</name>
      </input_file>
      <input_file id="fl-d">
         <path>./GrLib/grlib/</path>
         <kind>object</kind>
         <file>checkbox.obj</file>
         <name>checkbox.obj</name>
      </input_file>
      <input_file id="fl-e">
         <path>./GrLib/grlib/</path>
         <kind>object</kind>
         <file>circle.obj</file>
         <name>circle.obj</name>
      </input_file>
      <input_file id="fl-f">
         <path>./GrLib/grlib/</path>
         <kind>object</kind>
         <file>context.obj</file>
         <name>context.obj</name>
      </input_file>
      <input_file id="fl-10">
         <path>./GrLib/grlib/</path>
         <kind>object</kind>
         <file>display.obj</file>
         <name>display.obj</name>
      </input_file>
      <input_file id="fl-11">
         <path>./GrLib/grlib/</path>
         <kind>object</kind>
         <file>image.obj</file>
         <name>image.obj</name>
      </input_file>
      <input_file id="fl-12">
         <path>./GrLib/grlib/</path>
         <kind>object</kind>
         <file>imageButton.obj</file>
         <name>imageButton.obj</name>
      </input_file>
      <input_file id="fl-13">
         <path>./GrLib/grlib/</path>
         <kind>object</kind>
         <file>line.obj</file>
         <name>line.obj</name>
      </input_file>
      <input_file id="fl-14">
         <path>./GrLib/grlib/</path>
         <kind>object</kind>
         <file>radioButton.obj</file>
         <name>radioButton.obj</name>
      </input_file>
      <input_file id="fl-15">
         <path>./GrLib/grlib/</path>
         <kind>object</kind>
         <file>rectangle.obj</file>
         <name>rectangle.obj</name>
      </input_file>
      <input_file id="fl-16">
         <path>./GrLib/grlib/</path>
         <kind>object</kind>
         <file>string.obj</file>
         <name>string.obj</name>
      </input_file>
      <input_file id="fl-17">
         <path>./LcdDriver/</path>
         <kind>object</kind>
         <file>Crystalfontz128x128_ST7735.obj</file>
         <name>Crystalfontz128x128_ST7735.obj</name>
      </input_file>
      <input_file id="fl-18">
         <path>./LcdDriver/</path>
         <kind>object</kind>
         <file>HAL_MSP_EXP432P401R_Crystalfontz128x128_ST7735.obj</file>
         <name>HAL_MSP_EXP432P401R_Crystalfontz128x128_ST7735.obj</name>
      </input_file>
      <input_file id="fl-19">
         <path>./driverlib/MSP432P4xx/</path>
         <kind>object</kind>
         <file>adc14.obj</file>
         <name>adc14.obj</name>
      </input_file>
      <input_file id="fl-1a">
         <path>./driverlib/MSP432P4xx/</path>
         <kind>object</kind>
         <file>aes256.obj</file>
         <name>aes256.obj</name>
      </input_file>
      <input_file id="fl-1b">
         <path>./driverlib/MSP432P4xx/</path>
         <kind>object</kind>
         <file>comp_e.obj</file>
         <name>comp_e.obj</name>
      </input_file>
      <input_file id="fl-1c">
         <path>./driverlib/MSP432P4xx/</path>
         <kind>object</kind>
         <file>cpu.obj</file>
         <name>cpu.obj</name>
      </input_file>
      <input_file id="fl-1d">
         <path>./driverlib/MSP432P4xx/</path>
         <kind>object</kind>
         <file>crc32.obj</file>
         <name>crc32.obj</name>
      </input_file>
      <input_file id="fl-1e">
         <path>./driverlib/MSP432P4xx/</path>
         <kind>object</kind>
         <file>cs.obj</file>
         <name>cs.obj</name>
      </input_file>
      <input_file id="fl-1f">
         <path>./driverlib/MSP432P4xx/</path>
         <kind>object</kind>
         <file>dma.obj</file>
         <name>dma.obj</name>
      </input_file>
      <input_file id="fl-20">
         <path>./driverlib/MSP432P4xx/</path>
         <kind>object</kind>
         <file>flash.obj</file>
         <name>flash.obj</name>
      </input_file>
      <input_file id="fl-21">
         <path>./driverlib/MSP432P4xx/</path>
         <kind>object</kind>
         <file>fpu.obj</file>
         <name>fpu.obj</name>
      </input_file>
      <input_file id="fl-22">
         <path>./driverlib/MSP432P4xx/</path>
         <kind>object</kind>
         <file>gpio.obj</file>
         <name>gpio.obj</name>
      </input_file>
      <input_file id="fl-23">
         <path>./driverlib/MSP432P4xx/</path>
         <kind>object</kind>
         <file>i2c.obj</file>
         <name>i2c.obj</name>
      </input_file>
      <input_file id="fl-24">
         <path>./driverlib/MSP432P4xx/</path>
         <kind>object</kind>
         <file>interrupt.obj</file>
         <name>interrupt.obj</name>
      </input_file>
      <input_file id="fl-25">
         <path>./driverlib/MSP432P4xx/</path>
         <kind>object</kind>
         <file>mpu.obj</file>
         <name>mpu.obj</name>
      </input_file>
      <input_file id="fl-26">
         <path>./driverlib/MSP432P4xx/</path>
         <kind>object</kind>
         <file>pcm.obj</file>
         <name>pcm.obj</name>
      </input_file>
      <input_file id="fl-27">
         <path>./driverlib/MSP432P4xx/</path>
         <kind>object</kind>
         <file>pmap.obj</file>
         <name>pmap.obj</name>
      </input_file>
      <input_file id="fl-28">
         <path>./driverlib/MSP432P4xx/</path>
         <kind>object</kind>
         <file>pss.obj</file>
         <name>pss.obj</name>
      </input_file>
      <input_file id="fl-29">
         <path>./driverlib/MSP432P4xx/</path>
         <kind>object</kind>
         <file>ref_a.obj</file>
         <name>ref_a.obj</name>
      </input_file>
      <input_file id="fl-2a">
         <path>./driverlib/MSP432P4xx/</path>
         <kind>object</kind>
         <file>reset.obj</file>
         <name>reset.obj</name>
      </input_file>
      <input_file id="fl-2b">
         <path>./driverlib/MSP432P4xx/</path>
         <kind>object</kind>
         <file>rtc_c.obj</file>
         <name>rtc_c.obj</name>
      </input_file>
      <input_file id="fl-2c">
         <path>./driverlib/MSP432P4xx/</path>
         <kind>object</kind>
         <file>spi.obj</file>
         <name>spi.obj</name>
      </input_file>
      <input_file id="fl-2d">
         <path>./driverlib/MSP432P4xx/</path>
         <kind>object</kind>
         <file>sysctl.obj</file>
         <name>sysctl.obj</name>
      </input_file>
      <input_file id="fl-2e">
         <path>./driverlib/MSP432P4xx/</path>
         <kind>object</kind>
         <file>systick.obj</file>
         <name>systick.obj</name>
      </input_file>
      <input_file id="fl-2f">
         <path>./driverlib/MSP432P4xx/</path>
         <kind>object</kind>
         <file>timer32.obj</file>
         <name>timer32.obj</name>
      </input_file>
      <input_file id="fl-30">
         <path>./driverlib/MSP432P4xx/</path>
         <kind>object</kind>
         <file>timer_a.obj</file>
         <name>timer_a.obj</name>
      </input_file>
      <input_file id="fl-31">
         <path>./driverlib/MSP432P4xx/</path>
         <kind>object</kind>
         <file>uart.obj</file>
         <name>uart.obj</name>
      </input_file>
      <input_file id="fl-32">
         <path>./driverlib/MSP432P4xx/</path>
         <kind>object</kind>
         <file>wdt_a.obj</file>
         <name>wdt_a.obj</name>
      </input_file>
      <input_file id="fl-ed">
         <path>/opt/ti/ccsv6/tools/compiler/arm_15.12.3.LTS/lib/</path>
         <kind>archive</kind>
         <file>rtsv7M4_T_le_v4SPD16_eabi.lib</file>
         <name>boot.obj</name>
      </input_file>
      <input_file id="fl-ee">
         <path>/opt/ti/ccsv6/tools/compiler/arm_15.12.3.LTS/lib/</path>
         <kind>archive</kind>
         <file>rtsv7M4_T_le_v4SPD16_eabi.lib</file>
         <name>copy_decompress_none.obj</name>
      </input_file>
      <input_file id="fl-ef">
         <path>/opt/ti/ccsv6/tools/compiler/arm_15.12.3.LTS/lib/</path>
         <kind>archive</kind>
         <file>rtsv7M4_T_le_v4SPD16_eabi.lib</file>
         <name>copy_decompress_rle.obj</name>
      </input_file>
      <input_file id="fl-f0">
         <path>/opt/ti/ccsv6/tools/compiler/arm_15.12.3.LTS/lib/</path>
         <kind>archive</kind>
         <file>rtsv7M4_T_le_v4SPD16_eabi.lib</file>
         <name>copy_zero_init.obj</name>
      </input_file>
      <input_file id="fl-f1">
         <path>/opt/ti/ccsv6/tools/compiler/arm_15.12.3.LTS/lib/</path>
         <kind>archive</kind>
         <file>rtsv7M4_T_le_v4SPD16_eabi.lib</file>
         <name>exit.obj</name>
      </input_file>
      <input_file id="fl-f2">
         <path>/opt/ti/ccsv6/tools/compiler/arm_15.12.3.LTS/lib/</path>
         <kind>archive</kind>
         <file>rtsv7M4_T_le_v4SPD16_eabi.lib</file>
         <name>fd_div_t2.obj</name>
      </input_file>
      <input_file id="fl-f3">
         <path>/opt/ti/ccsv6/tools/compiler/arm_15.12.3.LTS/lib/</path>
         <kind>archive</kind>
         <file>rtsv7M4_T_le_v4SPD16_eabi.lib</file>
         <name>fd_toi_t2.obj</name>
      </input_file>
      <input_file id="fl-f4">
         <path>/opt/ti/ccsv6/tools/compiler/arm_15.12.3.LTS/lib/</path>
         <kind>archive</kind>
         <file>rtsv7M4_T_le_v4SPD16_eabi.lib</file>
         <name>fs_tod_t2.obj</name>
      </input_file>
      <input_file id="fl-f5">
         <path>/opt/ti/ccsv6/tools/compiler/arm_15.12.3.LTS/lib/</path>
         <kind>archive</kind>
         <file>rtsv7M4_T_le_v4SPD16_eabi.lib</file>
         <name>memcpy_t2.obj</name>
      </input_file>
      <input_file id="fl-f6">
         <path>/opt/ti/ccsv6/tools/compiler/arm_15.12.3.LTS/lib/</path>
         <kind>archive</kind>
         <file>rtsv7M4_T_le_v4SPD16_eabi.lib</file>
         <name>memset_t2.obj</name>
      </input_file>
      <input_file id="fl-f7">
         <path>/opt/ti/ccsv6/tools/compiler/arm_15.12.3.LTS/lib/</path>
         <kind>archive</kind>
         <file>rtsv7M4_T_le_v4SPD16_eabi.lib</file>
         <name>mpu_init.obj</name>
      </input_file>
      <input_file id="fl-f8">
         <path>/opt/ti/ccsv6/tools/compiler/arm_15.12.3.LTS/lib/</path>
         <kind>archive</kind>
         <file>rtsv7M4_T_le_v4SPD16_eabi.lib</file>
         <name>new_.obj</name>
      </input_file>
      <input_file id="fl-f9">
         <path>/opt/ti/ccsv6/tools/compiler/arm_15.12.3.LTS/lib/</path>
         <kind>archive</kind>
         <file>rtsv7M4_T_le_v4SPD16_eabi.lib</file>
         <name>newhandler.obj</name>
      </input_file>
      <input_file id="fl-fa">
         <path>/opt/ti/ccsv6/tools/compiler/arm_15.12.3.LTS/lib/</path>
         <kind>archive</kind>
         <file>rtsv7M4_T_le_v4SPD16_eabi.lib</file>
         <name>pre_init.obj</name>
      </input_file>
      <input_file id="fl-fb">
         <path>/opt/ti/ccsv6/tools/compiler/arm_15.12.3.LTS/lib/</path>
         <kind>archive</kind>
         <file>rtsv7M4_T_le_v4SPD16_eabi.lib</file>
         <name>stkdepth_vars.obj</name>
      </input_file>
      <input_file id="fl-fc">
         <path>/opt/ti/ccsv6/tools/compiler/arm_15.12.3.LTS/lib/</path>
         <kind>archive</kind>
         <file>rtsv7M4_T_le_v4SPD16_eabi.lib</file>
         <name>typeinfo_.obj</name>
      </input_file>
      <input_file id="fl-fd">
         <path>/opt/ti/ccsv6/tools/compiler/arm_15.12.3.LTS/lib/</path>
         <kind>archive</kind>
         <file>rtsv7M4_T_le_v4SPD16_eabi.lib</file>
         <name>vars.obj</name>
      </input_file>
      <input_file id="fl-fe">
         <path>/opt/ti/ccsv6/tools/compiler/arm_15.12.3.LTS/lib/</path>
         <kind>archive</kind>
         <file>rtsv7M4_T_le_v4SPD16_eabi.lib</file>
         <name>_lock.obj</name>
      </input_file>
      <input_file id="fl-ff">
         <path>/opt/ti/ccsv6/tools/compiler/arm_15.12.3.LTS/lib/</path>
         <kind>archive</kind>
         <file>rtsv7M4_T_le_v4SPD16_eabi.lib</file>
         <name>args_main.obj</name>
      </input_file>
      <input_file id="fl-100">
         <path>/opt/ti/ccsv6/tools/compiler/arm_15.12.3.LTS/lib/</path>
         <kind>archive</kind>
         <file>rtsv7M4_T_le_v4SPD16_eabi.lib</file>
         <name>autoinit.obj</name>
      </input_file>
      <input_file id="fl-101">
         <path>/opt/ti/ccsv6/tools/compiler/arm_15.12.3.LTS/lib/</path>
         <kind>archive</kind>
         <file>rtsv7M4_T_le_v4SPD16_eabi.lib</file>
         <name>cpy_tbl.obj</name>
      </input_file>
      <input_file id="fl-102">
         <path>/opt/ti/ccsv6/tools/compiler/arm_15.12.3.LTS/lib/</path>
         <kind>archive</kind>
         <file>rtsv7M4_T_le_v4SPD16_eabi.lib</file>
         <name>delete.obj</name>
      </input_file>
      <input_file id="fl-103">
         <path>/opt/ti/ccsv6/tools/compiler/arm_15.12.3.LTS/lib/</path>
         <kind>archive</kind>
         <file>rtsv7M4_T_le_v4SPD16_eabi.lib</file>
         <name>memory.obj</name>
      </input_file>
      <input_file id="fl-104">
         <path>/opt/ti/ccsv6/tools/compiler/arm_15.12.3.LTS/lib/</path>
         <kind>archive</kind>
         <file>rtsv7M4_T_le_v4SPD16_eabi.lib</file>
         <name>startup.obj</name>
      </input_file>
   </input_file_list>
   <object_component_list>
      <object_component id="oc-2d">
         <name>.intvecs:retain</name>
         <load_address>0x0</load_address>
         <run_address>0x0</run_address>
         <size>0xe4</size>
         <input_file_ref idref="fl-9"/>
      </object_component>
      <object_component id="oc-c9">
         <name>.text</name>
         <load_address>0xe4</load_address>
         <run_address>0xe4</run_address>
         <size>0x8e0</size>
         <input_file_ref idref="fl-19"/>
      </object_component>
      <object_component id="oc-320">
         <name>.text</name>
         <load_address>0x9c4</load_address>
         <run_address>0x9c4</run_address>
         <size>0x8a4</size>
         <input_file_ref idref="fl-2c"/>
      </object_component>
      <object_component id="oc-193">
         <name>.text</name>
         <load_address>0x1268</load_address>
         <run_address>0x1268</run_address>
         <size>0x678</size>
         <input_file_ref idref="fl-17"/>
      </object_component>
      <object_component id="oc-19f">
         <name>.text</name>
         <load_address>0x18e0</load_address>
         <run_address>0x18e0</run_address>
         <size>0x490</size>
         <input_file_ref idref="fl-13"/>
      </object_component>
      <object_component id="oc-c3">
         <name>.text</name>
         <load_address>0x1d70</load_address>
         <run_address>0x1d70</run_address>
         <size>0x480</size>
         <input_file_ref idref="fl-22"/>
      </object_component>
      <object_component id="oc-7b">
         <name>.text</name>
         <load_address>0x21f0</load_address>
         <run_address>0x21f0</run_address>
         <size>0x474</size>
         <input_file_ref idref="fl-8"/>
      </object_component>
      <object_component id="oc-cf">
         <name>.text</name>
         <load_address>0x2664</load_address>
         <run_address>0x2664</run_address>
         <size>0x434</size>
         <input_file_ref idref="fl-4"/>
      </object_component>
      <object_component id="oc-15d">
         <name>.text</name>
         <load_address>0x2a98</load_address>
         <run_address>0x2a98</run_address>
         <size>0x3f0</size>
         <input_file_ref idref="fl-24"/>
      </object_component>
      <object_component id="oc-20a">
         <name>.text</name>
         <load_address>0x2e88</load_address>
         <run_address>0x2e88</run_address>
         <size>0x3dc</size>
         <input_file_ref idref="fl-103"/>
      </object_component>
      <object_component id="oc-121">
         <name>.text</name>
         <load_address>0x3264</load_address>
         <run_address>0x3264</run_address>
         <size>0x370</size>
         <input_file_ref idref="fl-a"/>
      </object_component>
      <object_component id="oc-db">
         <name>.text</name>
         <load_address>0x35d4</load_address>
         <run_address>0x35d4</run_address>
         <size>0x2e4</size>
         <input_file_ref idref="fl-5"/>
      </object_component>
      <object_component id="oc-199">
         <name>.text</name>
         <load_address>0x38b8</load_address>
         <run_address>0x38b8</run_address>
         <size>0x266</size>
         <input_file_ref idref="fl-f"/>
      </object_component>
      <object_component id="oc-59">
         <name>.text</name>
         <load_address>0x3b1e</load_address>
         <run_address>0x3b1e</run_address>
         <size>0x2</size>
         <input_file_ref idref="fl-f7"/>
      </object_component>
      <object_component id="oc-ef">
         <name>.text</name>
         <load_address>0x3b20</load_address>
         <run_address>0x3b20</run_address>
         <size>0x160</size>
         <input_file_ref idref="fl-6"/>
      </object_component>
      <object_component id="oc-1aa">
         <name>.text</name>
         <load_address>0x3c80</load_address>
         <run_address>0x3c80</run_address>
         <size>0x136</size>
         <input_file_ref idref="fl-f2"/>
      </object_component>
      <object_component id="oc-2a5">
         <name>.text</name>
         <load_address>0x3db6</load_address>
         <run_address>0x3db6</run_address>
         <size>0x134</size>
         <input_file_ref idref="fl-10"/>
      </object_component>
      <object_component id="oc-213">
         <name>.text</name>
         <load_address>0x3eea</load_address>
         <run_address>0x3eea</run_address>
         <size>0x2</size>
         <input_file_ref idref="fl-f9"/>
      </object_component>
      <object_component id="oc-290">
         <name>.text</name>
         <load_address>0x3eec</load_address>
         <run_address>0x3eec</run_address>
         <size>0xbc</size>
         <input_file_ref idref="fl-18"/>
      </object_component>
      <object_component id="oc-35d">
         <name>.text</name>
         <load_address>0x3fa8</load_address>
         <run_address>0x3fa8</run_address>
         <size>0xbc</size>
         <input_file_ref idref="fl-fc"/>
      </object_component>
      <object_component id="oc-d5">
         <name>.text</name>
         <load_address>0x4064</load_address>
         <run_address>0x4064</run_address>
         <size>0xb0</size>
         <input_file_ref idref="fl-2"/>
      </object_component>
      <object_component id="oc-34">
         <name>.text</name>
         <load_address>0x4114</load_address>
         <run_address>0x4114</run_address>
         <size>0x9c</size>
         <input_file_ref idref="fl-f5"/>
      </object_component>
      <object_component id="oc-177">
         <name>.text</name>
         <load_address>0x41b0</load_address>
         <run_address>0x41b0</run_address>
         <size>0x80</size>
         <input_file_ref idref="fl-7"/>
      </object_component>
      <object_component id="oc-4d">
         <name>.text</name>
         <load_address>0x4230</load_address>
         <run_address>0x4230</run_address>
         <size>0x7a</size>
         <input_file_ref idref="fl-f6"/>
      </object_component>
      <object_component id="oc-ae">
         <name>.text</name>
         <load_address>0x42aa</load_address>
         <run_address>0x42aa</run_address>
         <size>0x2</size>
         <input_file_ref idref="fl-104"/>
      </object_component>
      <object_component id="oc-65">
         <name>.text</name>
         <load_address>0x42ac</load_address>
         <run_address>0x42ac</run_address>
         <size>0x70</size>
         <input_file_ref idref="fl-100"/>
      </object_component>
      <object_component id="oc-40">
         <name>.text</name>
         <load_address>0x431c</load_address>
         <run_address>0x431c</run_address>
         <size>0x6a</size>
         <input_file_ref idref="fl-ef"/>
      </object_component>
      <object_component id="oc-26">
         <name>.text</name>
         <load_address>0x4388</load_address>
         <run_address>0x4388</run_address>
         <size>0x54</size>
         <input_file_ref idref="fl-ed"/>
      </object_component>
      <object_component id="oc-71">
         <name>.text</name>
         <load_address>0x43dc</load_address>
         <run_address>0x43dc</run_address>
         <size>0x54</size>
         <input_file_ref idref="fl-f1"/>
      </object_component>
      <object_component id="oc-a8">
         <name>.text</name>
         <load_address>0x4430</load_address>
         <run_address>0x4430</run_address>
         <size>0x4c</size>
         <input_file_ref idref="fl-101"/>
      </object_component>
      <object_component id="oc-1af">
         <name>.text</name>
         <load_address>0x447c</load_address>
         <run_address>0x447c</run_address>
         <size>0x48</size>
         <input_file_ref idref="fl-f3"/>
      </object_component>
      <object_component id="oc-24c">
         <name>.text</name>
         <load_address>0x44c4</load_address>
         <run_address>0x44c4</run_address>
         <size>0x3e</size>
         <input_file_ref idref="fl-1c"/>
      </object_component>
      <object_component id="oc-1a5">
         <name>.text</name>
         <load_address>0x4502</load_address>
         <run_address>0x4502</run_address>
         <size>0x38</size>
         <input_file_ref idref="fl-f4"/>
      </object_component>
      <object_component id="oc-e9">
         <name>.text</name>
         <load_address>0x453c</load_address>
         <run_address>0x453c</run_address>
         <size>0x30</size>
         <input_file_ref idref="fl-f8"/>
      </object_component>
      <object_component id="oc-2b7">
         <name>.text:_ZN4Task11SendMessageEv</name>
         <load_address>0x456c</load_address>
         <run_address>0x456c</run_address>
         <size>0x20</size>
         <input_file_ref idref="fl-3"/>
      </object_component>
      <object_component id="oc-6b">
         <name>.text</name>
         <load_address>0x458c</load_address>
         <run_address>0x458c</run_address>
         <size>0x18</size>
         <input_file_ref idref="fl-ff"/>
      </object_component>
      <object_component id="oc-14e">
         <name>.text</name>
         <load_address>0x45a4</load_address>
         <run_address>0x45a4</run_address>
         <size>0x14</size>
         <input_file_ref idref="fl-fe"/>
      </object_component>
      <object_component id="oc-14">
         <name>.text:decompress:none</name>
         <load_address>0x45b8</load_address>
         <run_address>0x45b8</run_address>
         <size>0xe</size>
         <input_file_ref idref="fl-ee"/>
      </object_component>
      <object_component id="oc-81">
         <name>.text</name>
         <load_address>0x45c6</load_address>
         <run_address>0x45c6</run_address>
         <size>0xe</size>
         <input_file_ref idref="fl-9"/>
      </object_component>
      <object_component id="oc-30d">
         <name>.text:_ZN4Task14ProcessMessageE3MSG</name>
         <load_address>0x45d4</load_address>
         <run_address>0x45d4</run_address>
         <size>0xc</size>
         <input_file_ref idref="fl-3"/>
      </object_component>
      <object_component id="oc-306">
         <name>.text:_ZN4Task3runEv</name>
         <load_address>0x45e0</load_address>
         <run_address>0x45e0</run_address>
         <size>0xc</size>
         <input_file_ref idref="fl-7"/>
      </object_component>
      <object_component id="oc-379">
         <name>.text</name>
         <load_address>0x45ec</load_address>
         <run_address>0x45ec</run_address>
         <size>0x8</size>
         <input_file_ref idref="fl-102"/>
      </object_component>
      <object_component id="oc-1a">
         <name>.text:decompress:rle24</name>
         <load_address>0x45f4</load_address>
         <run_address>0x45f4</run_address>
         <size>0x6</size>
         <input_file_ref idref="fl-ef"/>
      </object_component>
      <object_component id="oc-5f">
         <name>.text</name>
         <load_address>0x45fa</load_address>
         <run_address>0x45fa</run_address>
         <size>0x4</size>
         <input_file_ref idref="fl-fa"/>
      </object_component>
      <object_component id="oc-2c0">
         <name>.const:.string:g_pucFontFixed6x8Data</name>
         <load_address>0x4600</load_address>
         <run_address>0x4600</run_address>
         <size>0x2f8</size>
         <input_file_ref idref="fl-b"/>
      </object_component>
      <object_component id="oc-1bc">
         <name>.const:g_sFontFixed6x8</name>
         <load_address>0x48f8</load_address>
         <run_address>0x48f8</run_address>
         <size>0xc8</size>
         <input_file_ref idref="fl-b"/>
      </object_component>
      <object_component id="oc-16d">
         <name>.const:_ctlRegs</name>
         <load_address>0x49c0</load_address>
         <run_address>0x49c0</run_address>
         <size>0x80</size>
         <input_file_ref idref="fl-19"/>
      </object_component>
      <object_component id="oc-258">
         <name>.const:g_pulRegs</name>
         <load_address>0x4a40</load_address>
         <run_address>0x4a40</run_address>
         <size>0x50</size>
         <input_file_ref idref="fl-24"/>
      </object_component>
      <object_component id="oc-1b9">
         <name>.const:g_sCrystalfontz128x128</name>
         <load_address>0x4a90</load_address>
         <run_address>0x4a90</run_address>
         <size>0x2c</size>
         <input_file_ref idref="fl-17"/>
      </object_component>
      <object_component id="oc-3e0">
         <name>.const:.typeinfo:_ZTSN10__cxxabiv123__fundamental_type_infoE</name>
         <load_address>0x4abc</load_address>
         <run_address>0x4abc</run_address>
         <size>0x28</size>
         <input_file_ref idref="fl-fc"/>
      </object_component>
      <object_component id="oc-374">
         <name>.const:.typeinfo:_ZTSN10__cxxabiv120__si_class_type_infoE</name>
         <load_address>0x4ae4</load_address>
         <run_address>0x4ae4</run_address>
         <size>0x25</size>
         <input_file_ref idref="fl-fc"/>
      </object_component>
      <object_component id="oc-3cc">
         <name>.const:.typeinfo:_ZTSN10__cxxabiv119__pointer_type_infoE</name>
         <load_address>0x4b09</load_address>
         <run_address>0x4b09</run_address>
         <size>0x24</size>
         <input_file_ref idref="fl-fc"/>
      </object_component>
      <object_component id="oc-39b">
         <name>.const:.typeinfo:_ZTSN10__cxxabiv117__class_type_infoE</name>
         <load_address>0x4b2d</load_address>
         <run_address>0x4b2d</run_address>
         <size>0x22</size>
         <input_file_ref idref="fl-fc"/>
      </object_component>
      <object_component id="oc-3db">
         <name>.const:.typeinfo:_ZTSN10__cxxabiv117__pbase_type_infoE</name>
         <load_address>0x4b4f</load_address>
         <run_address>0x4b4f</run_address>
         <size>0x22</size>
         <input_file_ref idref="fl-fc"/>
      </object_component>
      <object_component id="oc-3c7">
         <name>.const:.typeinfo:_ZTSe</name>
         <load_address>0x4b71</load_address>
         <run_address>0x4b71</run_address>
         <size>0x2</size>
         <input_file_ref idref="fl-fc"/>
      </object_component>
      <object_component id="oc-255">
         <name>.const:g_pulPriority</name>
         <load_address>0x4b74</load_address>
         <run_address>0x4b74</run_address>
         <size>0x20</size>
         <input_file_ref idref="fl-24"/>
      </object_component>
      <object_component id="oc-326">
         <name>.const:$P$T0$1</name>
         <load_address>0x4b94</load_address>
         <run_address>0x4b94</run_address>
         <size>0x1c</size>
         <input_file_ref idref="fl-18"/>
      </object_component>
      <object_component id="oc-163">
         <name>.const:GPIO_PORT_TO_INT</name>
         <load_address>0x4bb0</load_address>
         <run_address>0x4bb0</run_address>
         <size>0x1c</size>
         <input_file_ref idref="fl-22"/>
      </object_component>
      <object_component id="oc-1b4">
         <name>.const:_ZTV6Screen</name>
         <load_address>0x4bcc</load_address>
         <run_address>0x4bcc</run_address>
         <size>0x1c</size>
         <input_file_ref idref="fl-5"/>
      </object_component>
      <object_component id="oc-27b">
         <name>.const:_ZTV4Task</name>
         <load_address>0x4be8</load_address>
         <run_address>0x4be8</run_address>
         <size>0x14</size>
         <input_file_ref idref="fl-7"/>
      </object_component>
      <object_component id="oc-225">
         <name>.const:_ZTV5Servo</name>
         <load_address>0x4bfc</load_address>
         <run_address>0x4bfc</run_address>
         <size>0x14</size>
         <input_file_ref idref="fl-6"/>
      </object_component>
      <object_component id="oc-188">
         <name>.const:_ZTV6Button</name>
         <load_address>0x4c10</load_address>
         <run_address>0x4c10</run_address>
         <size>0x14</size>
         <input_file_ref idref="fl-2"/>
      </object_component>
      <object_component id="oc-380">
         <name>.const:.typeinfo:_ZTIPKe</name>
         <load_address>0x4c24</load_address>
         <run_address>0x4c24</run_address>
         <size>0x10</size>
         <input_file_ref idref="fl-fc"/>
      </object_component>
      <object_component id="oc-34e">
         <name>.const:_ZTVN10__cxxabiv117__class_type_infoE</name>
         <load_address>0x4c34</load_address>
         <run_address>0x4c34</run_address>
         <size>0x10</size>
         <input_file_ref idref="fl-fc"/>
      </object_component>
      <object_component id="oc-3a7">
         <name>.const:_ZTVN10__cxxabiv119__pointer_type_infoE</name>
         <load_address>0x4c44</load_address>
         <run_address>0x4c44</run_address>
         <size>0x10</size>
         <input_file_ref idref="fl-fc"/>
      </object_component>
      <object_component id="oc-316">
         <name>.const:_ZTVN10__cxxabiv120__si_class_type_infoE</name>
         <load_address>0x4c54</load_address>
         <run_address>0x4c54</run_address>
         <size>0x10</size>
         <input_file_ref idref="fl-fc"/>
      </object_component>
      <object_component id="oc-3c2">
         <name>.const:_ZTVN10__cxxabiv123__fundamental_type_infoE</name>
         <load_address>0x4c64</load_address>
         <run_address>0x4c64</run_address>
         <size>0x10</size>
         <input_file_ref idref="fl-fc"/>
      </object_component>
      <object_component id="oc-3b6">
         <name>.const:.typeinfo:_ZTSSt9type_info</name>
         <load_address>0x4c74</load_address>
         <run_address>0x4c74</run_address>
         <size>0xd</size>
         <input_file_ref idref="fl-fc"/>
      </object_component>
      <object_component id="oc-33c">
         <name>.const:$P$T40$1</name>
         <load_address>0x4c84</load_address>
         <run_address>0x4c84</run_address>
         <size>0xc</size>
         <input_file_ref idref="fl-3"/>
      </object_component>
      <object_component id="oc-17d">
         <name>.const:$P$T40$1</name>
         <load_address>0x4c90</load_address>
         <run_address>0x4c90</run_address>
         <size>0xc</size>
         <input_file_ref idref="fl-4"/>
      </object_component>
      <object_component id="oc-f5">
         <name>.const:$P$T40$1</name>
         <load_address>0x4c9c</load_address>
         <run_address>0x4c9c</run_address>
         <size>0xc</size>
         <input_file_ref idref="fl-8"/>
      </object_component>
      <object_component id="oc-fe">
         <name>.const:$P$T41$2</name>
         <load_address>0x4ca8</load_address>
         <run_address>0x4ca8</run_address>
         <size>0xc</size>
         <input_file_ref idref="fl-8"/>
      </object_component>
      <object_component id="oc-18d">
         <name>.const:$P$T45$1</name>
         <load_address>0x4cb4</load_address>
         <run_address>0x4cb4</run_address>
         <size>0xc</size>
         <input_file_ref idref="fl-2"/>
      </object_component>
      <object_component id="oc-2e4">
         <name>.const:.typeinfo:_ZTI5Servo</name>
         <load_address>0x4cc0</load_address>
         <run_address>0x4cc0</run_address>
         <size>0xc</size>
         <input_file_ref idref="fl-6"/>
      </object_component>
      <object_component id="oc-287">
         <name>.const:.typeinfo:_ZTI6Button</name>
         <load_address>0x4ccc</load_address>
         <run_address>0x4ccc</run_address>
         <size>0xc</size>
         <input_file_ref idref="fl-2"/>
      </object_component>
      <object_component id="oc-2b2">
         <name>.const:.typeinfo:_ZTI6Screen</name>
         <load_address>0x4cd8</load_address>
         <run_address>0x4cd8</run_address>
         <size>0xc</size>
         <input_file_ref idref="fl-5"/>
      </object_component>
      <object_component id="oc-36f">
         <name>.const:.typeinfo:_ZTIN10__cxxabiv117__class_type_infoE</name>
         <load_address>0x4ce4</load_address>
         <run_address>0x4ce4</run_address>
         <size>0xc</size>
         <input_file_ref idref="fl-fc"/>
      </object_component>
      <object_component id="oc-3d1">
         <name>.const:.typeinfo:_ZTIN10__cxxabiv117__pbase_type_infoE</name>
         <load_address>0x4cf0</load_address>
         <run_address>0x4cf0</run_address>
         <size>0xc</size>
         <input_file_ref idref="fl-fc"/>
      </object_component>
      <object_component id="oc-3bd">
         <name>.const:.typeinfo:_ZTIN10__cxxabiv119__pointer_type_infoE</name>
         <load_address>0x4cfc</load_address>
         <run_address>0x4cfc</run_address>
         <size>0xc</size>
         <input_file_ref idref="fl-fc"/>
      </object_component>
      <object_component id="oc-358">
         <name>.const:.typeinfo:_ZTIN10__cxxabiv120__si_class_type_infoE</name>
         <load_address>0x4d08</load_address>
         <run_address>0x4d08</run_address>
         <size>0xc</size>
         <input_file_ref idref="fl-fc"/>
      </object_component>
      <object_component id="oc-3d6">
         <name>.const:.typeinfo:_ZTIN10__cxxabiv123__fundamental_type_infoE</name>
         <load_address>0x4d14</load_address>
         <run_address>0x4d14</run_address>
         <size>0xc</size>
         <input_file_ref idref="fl-fc"/>
      </object_component>
      <object_component id="oc-29c">
         <name>.const:$P$T0$1</name>
         <load_address>0x4d20</load_address>
         <run_address>0x4d20</run_address>
         <size>0x8</size>
         <input_file_ref idref="fl-17"/>
      </object_component>
      <object_component id="oc-301">
         <name>.const:.typeinfo:_ZTI4Task</name>
         <load_address>0x4d28</load_address>
         <run_address>0x4d28</run_address>
         <size>0x8</size>
         <input_file_ref idref="fl-2"/>
      </object_component>
      <object_component id="oc-3a0">
         <name>.const:.typeinfo:_ZTISt9type_info</name>
         <load_address>0x4d30</load_address>
         <run_address>0x4d30</run_address>
         <size>0x8</size>
         <input_file_ref idref="fl-fc"/>
      </object_component>
      <object_component id="oc-3b1">
         <name>.const:.typeinfo:_ZTIe</name>
         <load_address>0x4d38</load_address>
         <run_address>0x4d38</run_address>
         <size>0x8</size>
         <input_file_ref idref="fl-fc"/>
      </object_component>
      <object_component id="oc-31b">
         <name>.const:.typeinfo:_ZTS6Button</name>
         <load_address>0x4d40</load_address>
         <run_address>0x4d40</run_address>
         <size>0x8</size>
         <input_file_ref idref="fl-2"/>
      </object_component>
      <object_component id="oc-337">
         <name>.const:.typeinfo:_ZTS6Screen</name>
         <load_address>0x4d48</load_address>
         <run_address>0x4d48</run_address>
         <size>0x8</size>
         <input_file_ref idref="fl-5"/>
      </object_component>
      <object_component id="oc-25e">
         <name>.const:g_pulDisRegs</name>
         <load_address>0x4d50</load_address>
         <run_address>0x4d50</run_address>
         <size>0x8</size>
         <input_file_ref idref="fl-24"/>
      </object_component>
      <object_component id="oc-25b">
         <name>.const:g_pulEnRegs</name>
         <load_address>0x4d58</load_address>
         <run_address>0x4d58</run_address>
         <size>0x8</size>
         <input_file_ref idref="fl-24"/>
      </object_component>
      <object_component id="oc-261">
         <name>.const:g_pulPendRegs</name>
         <load_address>0x4d60</load_address>
         <run_address>0x4d60</run_address>
         <size>0x8</size>
         <input_file_ref idref="fl-24"/>
      </object_component>
      <object_component id="oc-264">
         <name>.const:g_pulUnpendRegs</name>
         <load_address>0x4d68</load_address>
         <run_address>0x4d68</run_address>
         <size>0x8</size>
         <input_file_ref idref="fl-24"/>
      </object_component>
      <object_component id="oc-347">
         <name>.const:.typeinfo:_ZTS5Servo</name>
         <load_address>0x4d70</load_address>
         <run_address>0x4d70</run_address>
         <size>0x7</size>
         <input_file_ref idref="fl-6"/>
      </object_component>
      <object_component id="oc-353">
         <name>.const:.typeinfo:_ZTS4Task</name>
         <load_address>0x4d77</load_address>
         <run_address>0x4d77</run_address>
         <size>0x6</size>
         <input_file_ref idref="fl-2"/>
      </object_component>
      <object_component id="oc-3ac">
         <name>.const:.typeinfo:_ZTSPKe</name>
         <load_address>0x4d7d</load_address>
         <run_address>0x4d7d</run_address>
         <size>0x4</size>
         <input_file_ref idref="fl-fc"/>
      </object_component>
      <object_component id="oc-40d">
         <name>.cinit..data.load</name>
         <load_address>0x4d88</load_address>
         <run_address>0x4d88</run_address>
         <size>0x68</size>
      </object_component>
      <object_component id="oc-40e">
         <name>.cinit..bss.load</name>
         <load_address>0x4df0</load_address>
         <run_address>0x4df0</run_address>
         <size>0xb</size>
      </object_component>
      <object_component id="oc-40c">
         <name>.cinit..vtable.load</name>
         <load_address>0x4e00</load_address>
         <run_address>0x4e00</run_address>
         <size>0x9</size>
      </object_component>
      <object_component id="oc-40a">
         <name>__TI_handler_table</name>
         <load_address>0x4e0c</load_address>
         <run_address>0x4e0c</run_address>
         <size>0x8</size>
      </object_component>
      <object_component id="oc-40b">
         <name>__TI_cinit_table</name>
         <load_address>0x4e14</load_address>
         <run_address>0x4e14</run_address>
         <size>0x18</size>
      </object_component>
      <object_component id="oc-2c">
         <name>.init_array</name>
         <load_address>0x4d84</load_address>
         <run_address>0x4d84</run_address>
         <size>0x4</size>
         <input_file_ref idref="fl-8"/>
      </object_component>
      <object_component id="oc-3e7">
         <name>.binit</name>
         <load_address>0x0</load_address>
         <run_address>0x0</run_address>
         <size>0x0</size>
      </object_component>
      <object_component id="oc-252">
         <name>.vtable</name>
         <uninitialized>true</uninitialized>
         <run_address>0x20000000</run_address>
         <size>0xe4</size>
         <input_file_ref idref="fl-24"/>
      </object_component>
      <object_component id="oc-22a">
         <name>.data:pwmConfig</name>
         <load_address>0x20001d98</load_address>
         <run_address>0x20001d98</run_address>
         <size>0x18</size>
         <input_file_ref idref="fl-6"/>
      </object_component>
      <object_component id="oc-104">
         <name>.data</name>
         <load_address>0x20001dc8</load_address>
         <run_address>0x20001dc8</run_address>
         <size>0x9</size>
         <input_file_ref idref="fl-8"/>
      </object_component>
      <object_component id="oc-23c">
         <name>.data</name>
         <load_address>0x20001de4</load_address>
         <run_address>0x20001de4</run_address>
         <size>0x4</size>
         <input_file_ref idref="fl-a"/>
      </object_component>
      <object_component id="oc-15a">
         <name>.data:GPIO_PORT_TO_BASE</name>
         <load_address>0x20001d68</load_address>
         <run_address>0x20001d68</run_address>
         <size>0x30</size>
         <input_file_ref idref="fl-22"/>
      </object_component>
      <object_component id="oc-b8">
         <name>.data:$O1$$</name>
         <load_address>0x20001db0</load_address>
         <run_address>0x20001db0</run_address>
         <size>0xc</size>
         <input_file_ref idref="fl-f1"/>
      </object_component>
      <object_component id="oc-77">
         <name>.data</name>
         <load_address>0x20001ddc</load_address>
         <run_address>0x20001ddc</run_address>
         <size>0x4</size>
         <input_file_ref idref="fl-fb"/>
      </object_component>
      <object_component id="oc-210">
         <name>.data</name>
         <load_address>0x20001de0</load_address>
         <run_address>0x20001de0</run_address>
         <size>0x4</size>
         <input_file_ref idref="fl-fd"/>
      </object_component>
      <object_component id="oc-bb">
         <name>.data:$O1$$</name>
         <load_address>0x20001dd4</load_address>
         <run_address>0x20001dd4</run_address>
         <size>0x8</size>
         <input_file_ref idref="fl-fe"/>
      </object_component>
      <object_component id="oc-2db">
         <name>.data:$O1$$</name>
         <load_address>0x20001dbc</load_address>
         <run_address>0x20001dbc</run_address>
         <size>0xc</size>
         <input_file_ref idref="fl-103"/>
      </object_component>
      <object_component id="oc-fb">
         <name>.bss</name>
         <uninitialized>true</uninitialized>
         <run_address>0x2000192c</run_address>
         <size>0x10</size>
         <input_file_ref idref="fl-8"/>
      </object_component>
      <object_component id="oc-f8">
         <name>.bss:MainScheduler</name>
         <uninitialized>true</uninitialized>
         <run_address>0x200000e8</run_address>
         <size>0x17f8</size>
         <input_file_ref idref="fl-8"/>
      </object_component>
      <object_component id="oc-101">
         <name>.bss:Servo1</name>
         <uninitialized>true</uninitialized>
         <run_address>0x200018e0</run_address>
         <size>0x30</size>
         <input_file_ref idref="fl-8"/>
      </object_component>
      <object_component id="oc-1bf">
         <name>.common:g_sContext</name>
         <uninitialized>true</uninitialized>
         <run_address>0x20001910</run_address>
         <size>0x1c</size>
      </object_component>
      <object_component id="oc-e1">
         <name>.common:g_u64Status</name>
         <uninitialized>true</uninitialized>
         <run_address>0x20001948</run_address>
         <size>0x8</size>
      </object_component>
      <object_component id="oc-e7">
         <name>.common:aDataToSendADC</name>
         <uninitialized>true</uninitialized>
         <run_address>0x2000193c</run_address>
         <size>0x8</size>
      </object_component>
      <object_component id="oc-e8">
         <name>.common:pDataToSendADC</name>
         <uninitialized>true</uninitialized>
         <run_address>0x20001958</run_address>
         <size>0x4</size>
      </object_component>
      <object_component id="oc-e5">
         <name>.common:counterADC</name>
         <uninitialized>true</uninitialized>
         <run_address>0x20001950</run_address>
         <size>0x4</size>
      </object_component>
      <object_component id="oc-e6">
         <name>.common:counterADCScreen</name>
         <uninitialized>true</uninitialized>
         <run_address>0x20001954</run_address>
         <size>0x4</size>
      </object_component>
      <object_component id="oc-1c3">
         <name>.common:Lcd_Orientation</name>
         <uninitialized>true</uninitialized>
         <run_address>0x20001964</run_address>
         <size>0x1</size>
      </object_component>
      <object_component id="oc-296">
         <name>.common:Lcd_ScreenWidth</name>
         <uninitialized>true</uninitialized>
         <run_address>0x2000195e</run_address>
         <size>0x2</size>
      </object_component>
      <object_component id="oc-297">
         <name>.common:Lcd_ScreenHeigth</name>
         <uninitialized>true</uninitialized>
         <run_address>0x2000195c</run_address>
         <size>0x2</size>
      </object_component>
      <object_component id="oc-298">
         <name>.common:Lcd_PenSolid</name>
         <uninitialized>true</uninitialized>
         <run_address>0x20001965</run_address>
         <size>0x1</size>
      </object_component>
      <object_component id="oc-299">
         <name>.common:Lcd_FontSolid</name>
         <uninitialized>true</uninitialized>
         <run_address>0x20001963</run_address>
         <size>0x1</size>
      </object_component>
      <object_component id="oc-29a">
         <name>.common:Lcd_FlagRead</name>
         <uninitialized>true</uninitialized>
         <run_address>0x20001962</run_address>
         <size>0x1</size>
      </object_component>
      <object_component id="oc-29b">
         <name>.common:Lcd_TouchTrim</name>
         <uninitialized>true</uninitialized>
         <run_address>0x20001960</run_address>
         <size>0x2</size>
      </object_component>
      <object_component id="oc-37f">
         <name>.common:_ZSt16__dummy_typeinfo</name>
         <uninitialized>true</uninitialized>
         <run_address>0x20001944</run_address>
         <size>0x4</size>
      </object_component>
      <object_component id="oc-31">
         <name>.sysmem</name>
         <uninitialized>true</uninitialized>
         <run_address>0x20001968</run_address>
         <size>0x8</size>
         <input_file_ref idref="fl-103"/>
      </object_component>
      <object_component id="oc-410">
         <name>.sysmem</name>
         <uninitialized>true</uninitialized>
         <run_address>0x20001968</run_address>
         <size>0x0</size>
      </object_component>
      <object_component id="oc-30">
         <name>.stack</name>
         <uninitialized>true</uninitialized>
         <run_address>0x2000fe00</run_address>
         <size>0x0</size>
         <input_file_ref idref="fl-ed"/>
      </object_component>
      <object_component id="oc-40f">
         <name>.stack</name>
         <uninitialized>true</uninitialized>
         <run_address>0x2000fe00</run_address>
         <size>0x0</size>
      </object_component>
      <object_component id="oc-191">
         <name>.debug_info</name>
         <load_address>0x0</load_address>
         <run_address>0x0</run_address>
         <size>0x187e</size>
         <input_file_ref idref="fl-2"/>
      </object_component>
      <object_component id="oc-189">
         <name>.debug_info</name>
         <load_address>0x187e</load_address>
         <run_address>0x187e</run_address>
         <size>0xf0</size>
         <input_file_ref idref="fl-2"/>
      </object_component>
      <object_component id="oc-288">
         <name>.debug_info</name>
         <load_address>0x196e</load_address>
         <run_address>0x196e</run_address>
         <size>0xe2</size>
         <input_file_ref idref="fl-2"/>
      </object_component>
      <object_component id="oc-302">
         <name>.debug_info</name>
         <load_address>0x1a50</load_address>
         <run_address>0x1a50</run_address>
         <size>0xde</size>
         <input_file_ref idref="fl-2"/>
      </object_component>
      <object_component id="oc-354">
         <name>.debug_info</name>
         <load_address>0x1b2e</load_address>
         <run_address>0x1b2e</run_address>
         <size>0xe3</size>
         <input_file_ref idref="fl-2"/>
      </object_component>
      <object_component id="oc-31c">
         <name>.debug_info</name>
         <load_address>0x1c11</load_address>
         <run_address>0x1c11</run_address>
         <size>0xe7</size>
         <input_file_ref idref="fl-2"/>
      </object_component>
      <object_component id="oc-18e">
         <name>.debug_info</name>
         <load_address>0x1cf8</load_address>
         <run_address>0x1cf8</run_address>
         <size>0xd3</size>
         <input_file_ref idref="fl-2"/>
      </object_component>
      <object_component id="oc-d6">
         <name>.debug_info</name>
         <load_address>0x1dcb</load_address>
         <run_address>0x1dcb</run_address>
         <size>0x498</size>
         <input_file_ref idref="fl-2"/>
      </object_component>
      <object_component id="oc-1ce">
         <name>.debug_info</name>
         <load_address>0x2263</load_address>
         <run_address>0x2263</run_address>
         <size>0x1251</size>
         <input_file_ref idref="fl-2"/>
      </object_component>
      <object_component id="oc-117">
         <name>.debug_info</name>
         <load_address>0x34b4</load_address>
         <run_address>0x34b4</run_address>
         <size>0x3f65</size>
         <input_file_ref idref="fl-2"/>
      </object_component>
      <object_component id="oc-10d">
         <name>.debug_info</name>
         <load_address>0x7419</load_address>
         <run_address>0x7419</run_address>
         <size>0x109</size>
         <input_file_ref idref="fl-2"/>
      </object_component>
      <object_component id="oc-108">
         <name>.debug_info</name>
         <load_address>0x7522</load_address>
         <run_address>0x7522</run_address>
         <size>0x21f</size>
         <input_file_ref idref="fl-2"/>
      </object_component>
      <object_component id="oc-1dd">
         <name>.debug_info</name>
         <load_address>0x7741</load_address>
         <run_address>0x7741</run_address>
         <size>0x1ef</size>
         <input_file_ref idref="fl-2"/>
      </object_component>
      <object_component id="oc-1e2">
         <name>.debug_info</name>
         <load_address>0x7930</load_address>
         <run_address>0x7930</run_address>
         <size>0xb7</size>
         <input_file_ref idref="fl-2"/>
      </object_component>
      <object_component id="oc-1e7">
         <name>.debug_info</name>
         <load_address>0x79e7</load_address>
         <run_address>0x79e7</run_address>
         <size>0xa3</size>
         <input_file_ref idref="fl-2"/>
      </object_component>
      <object_component id="oc-1ec">
         <name>.debug_info</name>
         <load_address>0x7a8a</load_address>
         <run_address>0x7a8a</run_address>
         <size>0xdf</size>
         <input_file_ref idref="fl-2"/>
      </object_component>
      <object_component id="oc-1f1">
         <name>.debug_info</name>
         <load_address>0x7b69</load_address>
         <run_address>0x7b69</run_address>
         <size>0x3d7</size>
         <input_file_ref idref="fl-2"/>
      </object_component>
      <object_component id="oc-171">
         <name>.debug_info</name>
         <load_address>0x7f40</load_address>
         <run_address>0x7f40</run_address>
         <size>0x8b</size>
         <input_file_ref idref="fl-2"/>
      </object_component>
      <object_component id="oc-11c">
         <name>.debug_info</name>
         <load_address>0x7fcb</load_address>
         <run_address>0x7fcb</run_address>
         <size>0x18b</size>
         <input_file_ref idref="fl-2"/>
      </object_component>
      <object_component id="oc-1f6">
         <name>.debug_info</name>
         <load_address>0x8156</load_address>
         <run_address>0x8156</run_address>
         <size>0x163</size>
         <input_file_ref idref="fl-2"/>
      </object_component>
      <object_component id="oc-1fb">
         <name>.debug_info</name>
         <load_address>0x82b9</load_address>
         <run_address>0x82b9</run_address>
         <size>0x107</size>
         <input_file_ref idref="fl-2"/>
      </object_component>
      <object_component id="oc-205">
         <name>.debug_info</name>
         <load_address>0x83c0</load_address>
         <run_address>0x83c0</run_address>
         <size>0xb7</size>
         <input_file_ref idref="fl-2"/>
      </object_component>
      <object_component id="oc-2d9">
         <name>.debug_info</name>
         <load_address>0x8477</load_address>
         <run_address>0x8477</run_address>
         <size>0x1833</size>
         <input_file_ref idref="fl-3"/>
      </object_component>
      <object_component id="oc-33d">
         <name>.debug_info</name>
         <load_address>0x9caa</load_address>
         <run_address>0x9caa</run_address>
         <size>0xd0</size>
         <input_file_ref idref="fl-3"/>
      </object_component>
      <object_component id="oc-30e">
         <name>.debug_info</name>
         <load_address>0x9d7a</load_address>
         <run_address>0x9d7a</run_address>
         <size>0x15c</size>
         <input_file_ref idref="fl-3"/>
      </object_component>
      <object_component id="oc-2b8">
         <name>.debug_info</name>
         <load_address>0x9ed6</load_address>
         <run_address>0x9ed6</run_address>
         <size>0x14f</size>
         <input_file_ref idref="fl-3"/>
      </object_component>
      <object_component id="oc-1d3">
         <name>.debug_info</name>
         <load_address>0xa025</load_address>
         <run_address>0xa025</run_address>
         <size>0x101</size>
         <input_file_ref idref="fl-3"/>
      </object_component>
      <object_component id="oc-186">
         <name>.debug_info</name>
         <load_address>0xa126</load_address>
         <run_address>0xa126</run_address>
         <size>0x1381</size>
         <input_file_ref idref="fl-4"/>
      </object_component>
      <object_component id="oc-17e">
         <name>.debug_info</name>
         <load_address>0xb4a7</load_address>
         <run_address>0xb4a7</run_address>
         <size>0xd6</size>
         <input_file_ref idref="fl-4"/>
      </object_component>
      <object_component id="oc-d0">
         <name>.debug_info</name>
         <load_address>0xb57d</load_address>
         <run_address>0xb57d</run_address>
         <size>0xbf6</size>
         <input_file_ref idref="fl-4"/>
      </object_component>
      <object_component id="oc-181">
         <name>.debug_info</name>
         <load_address>0xc173</load_address>
         <run_address>0xc173</run_address>
         <size>0x281</size>
         <input_file_ref idref="fl-4"/>
      </object_component>
      <object_component id="oc-1c0">
         <name>.debug_info</name>
         <load_address>0xc3f4</load_address>
         <run_address>0xc3f4</run_address>
         <size>0x1ca0</size>
         <input_file_ref idref="fl-5"/>
      </object_component>
      <object_component id="oc-1b5">
         <name>.debug_info</name>
         <load_address>0xe094</load_address>
         <run_address>0xe094</run_address>
         <size>0xfb</size>
         <input_file_ref idref="fl-5"/>
      </object_component>
      <object_component id="oc-2b3">
         <name>.debug_info</name>
         <load_address>0xe18f</load_address>
         <run_address>0xe18f</run_address>
         <size>0xed</size>
         <input_file_ref idref="fl-5"/>
      </object_component>
      <object_component id="oc-338">
         <name>.debug_info</name>
         <load_address>0xe27c</load_address>
         <run_address>0xe27c</run_address>
         <size>0xf2</size>
         <input_file_ref idref="fl-5"/>
      </object_component>
      <object_component id="oc-dc">
         <name>.debug_info</name>
         <load_address>0xe36e</load_address>
         <run_address>0xe36e</run_address>
         <size>0x915</size>
         <input_file_ref idref="fl-5"/>
      </object_component>
      <object_component id="oc-2c8">
         <name>.debug_info</name>
         <load_address>0xec83</load_address>
         <run_address>0xec83</run_address>
         <size>0xe5</size>
         <input_file_ref idref="fl-5"/>
      </object_component>
      <object_component id="oc-1c7">
         <name>.debug_info</name>
         <load_address>0xed68</load_address>
         <run_address>0xed68</run_address>
         <size>0x4a0</size>
         <input_file_ref idref="fl-5"/>
      </object_component>
      <object_component id="oc-112">
         <name>.debug_info</name>
         <load_address>0xf208</load_address>
         <run_address>0xf208</run_address>
         <size>0x1dd</size>
         <input_file_ref idref="fl-5"/>
      </object_component>
      <object_component id="oc-2cd">
         <name>.debug_info</name>
         <load_address>0xf3e5</load_address>
         <run_address>0xf3e5</run_address>
         <size>0x67</size>
         <input_file_ref idref="fl-5"/>
      </object_component>
      <object_component id="oc-22e">
         <name>.debug_info</name>
         <load_address>0xf44c</load_address>
         <run_address>0xf44c</run_address>
         <size>0x1771</size>
         <input_file_ref idref="fl-6"/>
      </object_component>
      <object_component id="oc-22b">
         <name>.debug_info</name>
         <load_address>0x10bbd</load_address>
         <run_address>0x10bbd</run_address>
         <size>0xe0</size>
         <input_file_ref idref="fl-6"/>
      </object_component>
      <object_component id="oc-226">
         <name>.debug_info</name>
         <load_address>0x10c9d</load_address>
         <run_address>0x10c9d</run_address>
         <size>0xf8</size>
         <input_file_ref idref="fl-6"/>
      </object_component>
      <object_component id="oc-2e5">
         <name>.debug_info</name>
         <load_address>0x10d95</load_address>
         <run_address>0x10d95</run_address>
         <size>0xea</size>
         <input_file_ref idref="fl-6"/>
      </object_component>
      <object_component id="oc-348">
         <name>.debug_info</name>
         <load_address>0x10e7f</load_address>
         <run_address>0x10e7f</run_address>
         <size>0xef</size>
         <input_file_ref idref="fl-6"/>
      </object_component>
      <object_component id="oc-f0">
         <name>.debug_info</name>
         <load_address>0x10f6e</load_address>
         <run_address>0x10f6e</run_address>
         <size>0x533</size>
         <input_file_ref idref="fl-6"/>
      </object_component>
      <object_component id="oc-1d8">
         <name>.debug_info</name>
         <load_address>0x114a1</load_address>
         <run_address>0x114a1</run_address>
         <size>0x178</size>
         <input_file_ref idref="fl-6"/>
      </object_component>
      <object_component id="oc-281">
         <name>.debug_info</name>
         <load_address>0x11619</load_address>
         <run_address>0x11619</run_address>
         <size>0x1441</size>
         <input_file_ref idref="fl-7"/>
      </object_component>
      <object_component id="oc-27c">
         <name>.debug_info</name>
         <load_address>0x12a5a</load_address>
         <run_address>0x12a5a</run_address>
         <size>0xea</size>
         <input_file_ref idref="fl-7"/>
      </object_component>
      <object_component id="oc-307">
         <name>.debug_info</name>
         <load_address>0x12b44</load_address>
         <run_address>0x12b44</run_address>
         <size>0x127</size>
         <input_file_ref idref="fl-7"/>
      </object_component>
      <object_component id="oc-178">
         <name>.debug_info</name>
         <load_address>0x12c6b</load_address>
         <run_address>0x12c6b</run_address>
         <size>0x400</size>
         <input_file_ref idref="fl-7"/>
      </object_component>
      <object_component id="oc-e2">
         <name>.debug_info</name>
         <load_address>0x1306b</load_address>
         <run_address>0x1306b</run_address>
         <size>0x1be7</size>
         <input_file_ref idref="fl-8"/>
      </object_component>
      <object_component id="oc-105">
         <name>.debug_info</name>
         <load_address>0x14c52</load_address>
         <run_address>0x14c52</run_address>
         <size>0x124</size>
         <input_file_ref idref="fl-8"/>
      </object_component>
      <object_component id="oc-fc">
         <name>.debug_info</name>
         <load_address>0x14d76</load_address>
         <run_address>0x14d76</run_address>
         <size>0x160</size>
         <input_file_ref idref="fl-8"/>
      </object_component>
      <object_component id="oc-f9">
         <name>.debug_info</name>
         <load_address>0x14ed6</load_address>
         <run_address>0x14ed6</run_address>
         <size>0xe7</size>
         <input_file_ref idref="fl-8"/>
      </object_component>
      <object_component id="oc-102">
         <name>.debug_info</name>
         <load_address>0x14fbd</load_address>
         <run_address>0x14fbd</run_address>
         <size>0xd9</size>
         <input_file_ref idref="fl-8"/>
      </object_component>
      <object_component id="oc-f6">
         <name>.debug_info</name>
         <load_address>0x15096</load_address>
         <run_address>0x15096</run_address>
         <size>0xdc</size>
         <input_file_ref idref="fl-8"/>
      </object_component>
      <object_component id="oc-ff">
         <name>.debug_info</name>
         <load_address>0x15172</load_address>
         <run_address>0x15172</run_address>
         <size>0xdc</size>
         <input_file_ref idref="fl-8"/>
      </object_component>
      <object_component id="oc-7c">
         <name>.debug_info</name>
         <load_address>0x1524e</load_address>
         <run_address>0x1524e</run_address>
         <size>0xaaf</size>
         <input_file_ref idref="fl-8"/>
      </object_component>
      <object_component id="oc-200">
         <name>.debug_info</name>
         <load_address>0x15cfd</load_address>
         <run_address>0x15cfd</run_address>
         <size>0x15a</size>
         <input_file_ref idref="fl-8"/>
      </object_component>
      <object_component id="oc-89">
         <name>.debug_info</name>
         <load_address>0x15e57</load_address>
         <run_address>0x15e57</run_address>
         <size>0x137</size>
         <input_file_ref idref="fl-9"/>
      </object_component>
      <object_component id="oc-2e">
         <name>.debug_info</name>
         <load_address>0x15f8e</load_address>
         <run_address>0x15f8e</run_address>
         <size>0xf3</size>
         <input_file_ref idref="fl-9"/>
      </object_component>
      <object_component id="oc-82">
         <name>.debug_info</name>
         <load_address>0x16081</load_address>
         <run_address>0x16081</run_address>
         <size>0x1ba</size>
         <input_file_ref idref="fl-9"/>
      </object_component>
      <object_component id="oc-96">
         <name>.debug_info</name>
         <load_address>0x1623b</load_address>
         <run_address>0x1623b</run_address>
         <size>0x84</size>
         <input_file_ref idref="fl-9"/>
      </object_component>
      <object_component id="oc-167">
         <name>.debug_info</name>
         <load_address>0x162bf</load_address>
         <run_address>0x162bf</run_address>
         <size>0x18b</size>
         <input_file_ref idref="fl-9"/>
      </object_component>
      <object_component id="oc-300">
         <name>.debug_info</name>
         <load_address>0x1644a</load_address>
         <run_address>0x1644a</run_address>
         <size>0x389</size>
         <input_file_ref idref="fl-a"/>
      </object_component>
      <object_component id="oc-23d">
         <name>.debug_info</name>
         <load_address>0x167d3</load_address>
         <run_address>0x167d3</run_address>
         <size>0xec</size>
         <input_file_ref idref="fl-a"/>
      </object_component>
      <object_component id="oc-122">
         <name>.debug_info</name>
         <load_address>0x168bf</load_address>
         <run_address>0x168bf</run_address>
         <size>0x25e</size>
         <input_file_ref idref="fl-a"/>
      </object_component>
      <object_component id="oc-26d">
         <name>.debug_info</name>
         <load_address>0x16b1d</load_address>
         <run_address>0x16b1d</run_address>
         <size>0x37a3</size>
         <input_file_ref idref="fl-a"/>
      </object_component>
      <object_component id="oc-272">
         <name>.debug_info</name>
         <load_address>0x1a2c0</load_address>
         <run_address>0x1a2c0</run_address>
         <size>0x103e</size>
         <input_file_ref idref="fl-a"/>
      </object_component>
      <object_component id="oc-2c5">
         <name>.debug_info</name>
         <load_address>0x1b2fe</load_address>
         <run_address>0x1b2fe</run_address>
         <size>0x210</size>
         <input_file_ref idref="fl-b"/>
      </object_component>
      <object_component id="oc-2c1">
         <name>.debug_info</name>
         <load_address>0x1b50e</load_address>
         <run_address>0x1b50e</run_address>
         <size>0x108</size>
         <input_file_ref idref="fl-b"/>
      </object_component>
      <object_component id="oc-1bd">
         <name>.debug_info</name>
         <load_address>0x1b616</load_address>
         <run_address>0x1b616</run_address>
         <size>0xfd</size>
         <input_file_ref idref="fl-b"/>
      </object_component>
      <object_component id="oc-2a0">
         <name>.debug_info</name>
         <load_address>0x1b713</load_address>
         <run_address>0x1b713</run_address>
         <size>0x40a</size>
         <input_file_ref idref="fl-b"/>
      </object_component>
      <object_component id="oc-2ac">
         <name>.debug_info</name>
         <load_address>0x1bb1d</load_address>
         <run_address>0x1bb1d</run_address>
         <size>0x35b</size>
         <input_file_ref idref="fl-f"/>
      </object_component>
      <object_component id="oc-19a">
         <name>.debug_info</name>
         <load_address>0x1be78</load_address>
         <run_address>0x1be78</run_address>
         <size>0xf28</size>
         <input_file_ref idref="fl-f"/>
      </object_component>
      <object_component id="oc-332">
         <name>.debug_info</name>
         <load_address>0x1cda0</load_address>
         <run_address>0x1cda0</run_address>
         <size>0x1fb</size>
         <input_file_ref idref="fl-10"/>
      </object_component>
      <object_component id="oc-2a6">
         <name>.debug_info</name>
         <load_address>0x1cf9b</load_address>
         <run_address>0x1cf9b</run_address>
         <size>0x945</size>
         <input_file_ref idref="fl-10"/>
      </object_component>
      <object_component id="oc-2ae">
         <name>.debug_info</name>
         <load_address>0x1d8e0</load_address>
         <run_address>0x1d8e0</run_address>
         <size>0x33b</size>
         <input_file_ref idref="fl-13"/>
      </object_component>
      <object_component id="oc-1a0">
         <name>.debug_info</name>
         <load_address>0x1dc1b</load_address>
         <run_address>0x1dc1b</run_address>
         <size>0x7b4</size>
         <input_file_ref idref="fl-13"/>
      </object_component>
      <object_component id="oc-1c4">
         <name>.debug_info</name>
         <load_address>0x1e3cf</load_address>
         <run_address>0x1e3cf</run_address>
         <size>0x78b</size>
         <input_file_ref idref="fl-17"/>
      </object_component>
      <object_component id="oc-1ba">
         <name>.debug_info</name>
         <load_address>0x1eb5a</load_address>
         <run_address>0x1eb5a</run_address>
         <size>0x118</size>
         <input_file_ref idref="fl-17"/>
      </object_component>
      <object_component id="oc-29d">
         <name>.debug_info</name>
         <load_address>0x1ec72</load_address>
         <run_address>0x1ec72</run_address>
         <size>0xf9</size>
         <input_file_ref idref="fl-17"/>
      </object_component>
      <object_component id="oc-194">
         <name>.debug_info</name>
         <load_address>0x1ed6b</load_address>
         <run_address>0x1ed6b</run_address>
         <size>0x15b9</size>
         <input_file_ref idref="fl-17"/>
      </object_component>
      <object_component id="oc-2d4">
         <name>.debug_info</name>
         <load_address>0x20324</load_address>
         <run_address>0x20324</run_address>
         <size>0x37a3</size>
         <input_file_ref idref="fl-17"/>
      </object_component>
      <object_component id="oc-32a">
         <name>.debug_info</name>
         <load_address>0x23ac7</load_address>
         <run_address>0x23ac7</run_address>
         <size>0x131</size>
         <input_file_ref idref="fl-17"/>
      </object_component>
      <object_component id="oc-36a">
         <name>.debug_info</name>
         <load_address>0x23bf8</load_address>
         <run_address>0x23bf8</run_address>
         <size>0x6a6</size>
         <input_file_ref idref="fl-18"/>
      </object_component>
      <object_component id="oc-327">
         <name>.debug_info</name>
         <load_address>0x2429e</load_address>
         <run_address>0x2429e</run_address>
         <size>0x10c</size>
         <input_file_ref idref="fl-18"/>
      </object_component>
      <object_component id="oc-291">
         <name>.debug_info</name>
         <load_address>0x243aa</load_address>
         <run_address>0x243aa</run_address>
         <size>0x5a6</size>
         <input_file_ref idref="fl-18"/>
      </object_component>
      <object_component id="oc-176">
         <name>.debug_info</name>
         <load_address>0x24950</load_address>
         <run_address>0x24950</run_address>
         <size>0x4e3</size>
         <input_file_ref idref="fl-19"/>
      </object_component>
      <object_component id="oc-16e">
         <name>.debug_info</name>
         <load_address>0x24e33</load_address>
         <run_address>0x24e33</run_address>
         <size>0xe5</size>
         <input_file_ref idref="fl-19"/>
      </object_component>
      <object_component id="oc-ca">
         <name>.debug_info</name>
         <load_address>0x24f18</load_address>
         <run_address>0x24f18</run_address>
         <size>0x22f6</size>
         <input_file_ref idref="fl-19"/>
      </object_component>
      <object_component id="oc-24d">
         <name>.debug_info</name>
         <load_address>0x2720e</load_address>
         <run_address>0x2720e</run_address>
         <size>0x3c2</size>
         <input_file_ref idref="fl-1c"/>
      </object_component>
      <object_component id="oc-16c">
         <name>.debug_info</name>
         <load_address>0x275d0</load_address>
         <run_address>0x275d0</run_address>
         <size>0x4de</size>
         <input_file_ref idref="fl-22"/>
      </object_component>
      <object_component id="oc-164">
         <name>.debug_info</name>
         <load_address>0x27aae</load_address>
         <run_address>0x27aae</run_address>
         <size>0xf4</size>
         <input_file_ref idref="fl-22"/>
      </object_component>
      <object_component id="oc-15b">
         <name>.debug_info</name>
         <load_address>0x27ba2</load_address>
         <run_address>0x27ba2</run_address>
         <size>0xf6</size>
         <input_file_ref idref="fl-22"/>
      </object_component>
      <object_component id="oc-c4">
         <name>.debug_info</name>
         <load_address>0x27c98</load_address>
         <run_address>0x27c98</run_address>
         <size>0x19f7</size>
         <input_file_ref idref="fl-22"/>
      </object_component>
      <object_component id="oc-268">
         <name>.debug_info</name>
         <load_address>0x2968f</load_address>
         <run_address>0x2968f</run_address>
         <size>0x46c</size>
         <input_file_ref idref="fl-24"/>
      </object_component>
      <object_component id="oc-256">
         <name>.debug_info</name>
         <load_address>0x29afb</load_address>
         <run_address>0x29afb</run_address>
         <size>0xf3</size>
         <input_file_ref idref="fl-24"/>
      </object_component>
      <object_component id="oc-259">
         <name>.debug_info</name>
         <load_address>0x29bee</load_address>
         <run_address>0x29bee</run_address>
         <size>0xeb</size>
         <input_file_ref idref="fl-24"/>
      </object_component>
      <object_component id="oc-25c">
         <name>.debug_info</name>
         <load_address>0x29cd9</load_address>
         <run_address>0x29cd9</run_address>
         <size>0xef</size>
         <input_file_ref idref="fl-24"/>
      </object_component>
      <object_component id="oc-25f">
         <name>.debug_info</name>
         <load_address>0x29dc8</load_address>
         <run_address>0x29dc8</run_address>
         <size>0xf1</size>
         <input_file_ref idref="fl-24"/>
      </object_component>
      <object_component id="oc-262">
         <name>.debug_info</name>
         <load_address>0x29eb9</load_address>
         <run_address>0x29eb9</run_address>
         <size>0xf3</size>
         <input_file_ref idref="fl-24"/>
      </object_component>
      <object_component id="oc-265">
         <name>.debug_info</name>
         <load_address>0x29fac</load_address>
         <run_address>0x29fac</run_address>
         <size>0xf7</size>
         <input_file_ref idref="fl-24"/>
      </object_component>
      <object_component id="oc-253">
         <name>.debug_info</name>
         <load_address>0x2a0a3</load_address>
         <run_address>0x2a0a3</run_address>
         <size>0xf8</size>
         <input_file_ref idref="fl-24"/>
      </object_component>
      <object_component id="oc-15e">
         <name>.debug_info</name>
         <load_address>0x2a19b</load_address>
         <run_address>0x2a19b</run_address>
         <size>0x119b</size>
         <input_file_ref idref="fl-24"/>
      </object_component>
      <object_component id="oc-367">
         <name>.debug_info</name>
         <load_address>0x2b336</load_address>
         <run_address>0x2b336</run_address>
         <size>0x4d2</size>
         <input_file_ref idref="fl-2c"/>
      </object_component>
      <object_component id="oc-321">
         <name>.debug_info</name>
         <load_address>0x2b808</load_address>
         <run_address>0x2b808</run_address>
         <size>0x3d63</size>
         <input_file_ref idref="fl-2c"/>
      </object_component>
      <object_component id="oc-27">
         <name>.debug_info</name>
         <load_address>0x2f56b</load_address>
         <run_address>0x2f56b</run_address>
         <size>0x161</size>
         <input_file_ref idref="fl-ed"/>
      </object_component>
      <object_component id="oc-3f">
         <name>.debug_info</name>
         <load_address>0x2f6cc</load_address>
         <run_address>0x2f6cc</run_address>
         <size>0x141</size>
         <input_file_ref idref="fl-ee"/>
      </object_component>
      <object_component id="oc-17">
         <name>.debug_info</name>
         <load_address>0x2f80d</load_address>
         <run_address>0x2f80d</run_address>
         <size>0x1e0</size>
         <input_file_ref idref="fl-ee"/>
      </object_component>
      <object_component id="oc-3a">
         <name>.debug_info</name>
         <load_address>0x2f9ed</load_address>
         <run_address>0x2f9ed</run_address>
         <size>0x46</size>
         <input_file_ref idref="fl-ee"/>
      </object_component>
      <object_component id="oc-8f">
         <name>.debug_info</name>
         <load_address>0x2fa33</load_address>
         <run_address>0x2fa33</run_address>
         <size>0x2c</size>
         <input_file_ref idref="fl-ee"/>
      </object_component>
      <object_component id="oc-47">
         <name>.debug_info</name>
         <load_address>0x2fa5f</load_address>
         <run_address>0x2fa5f</run_address>
         <size>0x135</size>
         <input_file_ref idref="fl-ef"/>
      </object_component>
      <object_component id="oc-41">
         <name>.debug_info</name>
         <load_address>0x2fb94</load_address>
         <run_address>0x2fb94</run_address>
         <size>0x248</size>
         <input_file_ref idref="fl-ef"/>
      </object_component>
      <object_component id="oc-1b">
         <name>.debug_info</name>
         <load_address>0x2fddc</load_address>
         <run_address>0x2fddc</run_address>
         <size>0x1b2</size>
         <input_file_ref idref="fl-ef"/>
      </object_component>
      <object_component id="oc-48">
         <name>.debug_info</name>
         <load_address>0x2ff8e</load_address>
         <run_address>0x2ff8e</run_address>
         <size>0x39</size>
         <input_file_ref idref="fl-ef"/>
      </object_component>
      <object_component id="oc-9e">
         <name>.debug_info</name>
         <load_address>0x2ffc7</load_address>
         <run_address>0x2ffc7</run_address>
         <size>0x2c</size>
         <input_file_ref idref="fl-ef"/>
      </object_component>
      <object_component id="oc-bf">
         <name>.debug_info</name>
         <load_address>0x2fff3</load_address>
         <run_address>0x2fff3</run_address>
         <size>0x235</size>
         <input_file_ref idref="fl-f1"/>
      </object_component>
      <object_component id="oc-b9">
         <name>.debug_info</name>
         <load_address>0x30228</load_address>
         <run_address>0x30228</run_address>
         <size>0x186</size>
         <input_file_ref idref="fl-f1"/>
      </object_component>
      <object_component id="oc-72">
         <name>.debug_info</name>
         <load_address>0x303ae</load_address>
         <run_address>0x303ae</run_address>
         <size>0x215</size>
         <input_file_ref idref="fl-f1"/>
      </object_component>
      <object_component id="oc-1ab">
         <name>.debug_info</name>
         <load_address>0x305c3</load_address>
         <run_address>0x305c3</run_address>
         <size>0x133</size>
         <input_file_ref idref="fl-f2"/>
      </object_component>
      <object_component id="oc-1b0">
         <name>.debug_info</name>
         <load_address>0x306f6</load_address>
[...]
      </symbol>
      <symbol id="sm-7e6">
         <name>__mpu_init</name>
         <value>0x3b1f</value>
         <object_component_ref idref="oc-59"/>
      </symbol>
      <symbol id="sm-802">
         <name>_Znwj</name>
         <value>0x453d</value>
         <object_component_ref idref="oc-e9"/>
      </symbol>
      <symbol id="sm-80c">
         <name>_Z21__default_new_handlerv</name>
         <value>0x3eeb</value>
         <object_component_ref idref="oc-213"/>
      </symbol>
      <symbol id="sm-816">
         <name>_system_pre_init</name>
         <value>0x45fb</value>
         <object_component_ref idref="oc-5f"/>
      </symbol>
      <symbol id="sm-81e">
         <name>main_func_sp</name>
         <value>0x20001ddc</value>
         <object_component_ref idref="oc-77"/>
      </symbol>
      <symbol id="sm-8de">
         <name>_ZSt16__dummy_typeinfo</name>
         <value>0x20001944</value>
      </symbol>
      <symbol id="sm-8df">
         <name>_ZN10__cxxabiv120__function_type_infoD1Ev</name>
         <value>0x4021</value>
         <object_component_ref idref="oc-35d"/>
      </symbol>
      <symbol id="sm-8e0">
         <name>_ZTIN10__cxxabiv119__pointer_type_infoE</name>
         <value>0x4cfc</value>
         <object_component_ref idref="oc-3bd"/>
      </symbol>
      <symbol id="sm-8e1">
         <name>_ZTSSt9type_info</name>
         <value>0x4c74</value>
         <object_component_ref idref="oc-3b6"/>
      </symbol>
      <symbol id="sm-8e2">
         <name>_ZN10__cxxabiv123__fundamental_type_infoD2Ev</name>
         <value>0x4003</value>
         <object_component_ref idref="oc-35d"/>
      </symbol>
      <symbol id="sm-8e3">
         <name>_ZN10__cxxabiv117__class_type_infoD1Ev</name>
         <value>0x403f</value>
         <object_component_ref idref="oc-35d"/>
      </symbol>
      <symbol id="sm-8e4">
         <name>_ZN10__cxxabiv129__pointer_to_member_type_infoD2Ev</name>
         <value>0x3ff9</value>
         <object_component_ref idref="oc-35d"/>
      </symbol>
      <symbol id="sm-8e5">
         <name>_ZN10__cxxabiv116__enum_type_infoD1Ev</name>
         <value>0x4053</value>
         <object_component_ref idref="oc-35d"/>
      </symbol>
      <symbol id="sm-8e6">
         <name>_ZN10__cxxabiv121__vmi_class_type_infoD1Ev</name>
         <value>0x400d</value>
         <object_component_ref idref="oc-35d"/>
      </symbol>
      <symbol id="sm-8e7">
         <name>_ZTSN10__cxxabiv123__fundamental_type_infoE</name>
         <value>0x4abc</value>
         <object_component_ref idref="oc-3e0"/>
      </symbol>
      <symbol id="sm-8e8">
         <name>_ZN10__cxxabiv117__pbase_type_infoD1Ev</name>
         <value>0x4035</value>
         <object_component_ref idref="oc-35d"/>
      </symbol>
      <symbol id="sm-8e9">
         <name>_ZTVN10__cxxabiv123__fundamental_type_infoE</name>
         <value>0x4c64</value>
         <object_component_ref idref="oc-3c2"/>
      </symbol>
      <symbol id="sm-8ea">
         <name>_ZTSN10__cxxabiv120__si_class_type_infoE</name>
         <value>0x4ae4</value>
         <object_component_ref idref="oc-374"/>
      </symbol>
      <symbol id="sm-8eb">
         <name>_ZN10__cxxabiv117__array_type_infoD1Ev</name>
         <value>0x4049</value>
         <object_component_ref idref="oc-35d"/>
      </symbol>
      <symbol id="sm-8ec">
         <name>_ZTVN10__cxxabiv119__pointer_type_infoE</name>
         <value>0x4c44</value>
         <object_component_ref idref="oc-3a7"/>
      </symbol>
      <symbol id="sm-8ed">
         <name>_ZTSPKe</name>
         <value>0x4d7d</value>
         <object_component_ref idref="oc-3ac"/>
      </symbol>
      <symbol id="sm-8ee">
         <name>_ZNKSt9type_infoneERKS_</name>
         <value>0x3fbf</value>
         <object_component_ref idref="oc-35d"/>
      </symbol>
      <symbol id="sm-8ef">
         <name>_ZN10__cxxabiv119__pointer_type_infoD1Ev</name>
         <value>0x402b</value>
         <object_component_ref idref="oc-35d"/>
      </symbol>
      <symbol id="sm-8f0">
         <name>_ZNSt9type_infoD2Ev</name>
         <value>0x3fb1</value>
         <object_component_ref idref="oc-35d"/>
      </symbol>
      <symbol id="sm-8f1">
         <name>_ZNKSt9type_info6beforeERKS_</name>
         <value>0x3feb</value>
         <object_component_ref idref="oc-35d"/>
      </symbol>
      <symbol id="sm-8f2">
         <name>_ZN10__cxxabiv123__fundamental_type_infoD1Ev</name>
         <value>0x4003</value>
         <object_component_ref idref="oc-35d"/>
      </symbol>
      <symbol id="sm-8f3">
         <name>_ZTSN10__cxxabiv119__pointer_type_infoE</name>
         <value>0x4b09</value>
         <object_component_ref idref="oc-3cc"/>
      </symbol>
      <symbol id="sm-8f4">
         <name>_ZN10__cxxabiv121__vmi_class_type_infoD2Ev</name>
         <value>0x400d</value>
         <object_component_ref idref="oc-35d"/>
      </symbol>
      <symbol id="sm-8f5">
         <name>_ZTSN10__cxxabiv117__class_type_infoE</name>
         <value>0x4b2d</value>
         <object_component_ref idref="oc-39b"/>
      </symbol>
      <symbol id="sm-8f6">
         <name>_ZN10__cxxabiv120__function_type_infoD2Ev</name>
         <value>0x4021</value>
         <object_component_ref idref="oc-35d"/>
      </symbol>
      <symbol id="sm-8f7">
         <name>_ZN10__cxxabiv117__class_type_infoD2Ev</name>
         <value>0x403f</value>
         <object_component_ref idref="oc-35d"/>
      </symbol>
      <symbol id="sm-8f8">
         <name>_ZN10__cxxabiv116__enum_type_infoD2Ev</name>
         <value>0x4053</value>
         <object_component_ref idref="oc-35d"/>
      </symbol>
      <symbol id="sm-8f9">
         <name>_ZN10__cxxabiv119__pointer_type_infoD2Ev</name>
         <value>0x402b</value>
         <object_component_ref idref="oc-35d"/>
      </symbol>
      <symbol id="sm-8fa">
         <name>_ZN10__cxxabiv120__si_class_type_infoD2Ev</name>
         <value>0x4017</value>
         <object_component_ref idref="oc-35d"/>
      </symbol>
      <symbol id="sm-8fb">
         <name>_ZN10__cxxabiv117__pbase_type_infoD2Ev</name>
         <value>0x4035</value>
         <object_component_ref idref="oc-35d"/>
      </symbol>
      <symbol id="sm-8fc">
         <name>_ZTVN10__cxxabiv117__class_type_infoE</name>
         <value>0x4c34</value>
         <object_component_ref idref="oc-34e"/>
      </symbol>
      <symbol id="sm-8fd">
         <name>_ZN10__cxxabiv117__array_type_infoD2Ev</name>
         <value>0x4049</value>
         <object_component_ref idref="oc-35d"/>
      </symbol>
      <symbol id="sm-8fe">
         <name>_ZNSt9type_infoD1Ev</name>
         <value>0x3fb1</value>
         <object_component_ref idref="oc-35d"/>
      </symbol>
      <symbol id="sm-8ff">
         <name>_ZTIN10__cxxabiv123__fundamental_type_infoE</name>
         <value>0x4d14</value>
         <object_component_ref idref="oc-3d6"/>
      </symbol>
      <symbol id="sm-900">
         <name>_ZTISt9type_info</name>
         <value>0x4d30</value>
         <object_component_ref idref="oc-3a0"/>
      </symbol>
      <symbol id="sm-901">
         <name>_ZN10__cxxabiv123__fundamental_type_infoD0Ev</name>
         <value>0x4005</value>
         <object_component_ref idref="oc-35d"/>
      </symbol>
      <symbol id="sm-902">
         <name>_ZTIN10__cxxabiv117__pbase_type_infoE</name>
         <value>0x4cf0</value>
         <object_component_ref idref="oc-3d1"/>
      </symbol>
      <symbol id="sm-903">
         <name>_ZTSe</name>
         <value>0x4b71</value>
         <object_component_ref idref="oc-3c7"/>
      </symbol>
      <symbol id="sm-904">
         <name>_ZNKSt9type_info4nameEv</name>
         <value>0x3fbb</value>
         <object_component_ref idref="oc-35d"/>
      </symbol>
      <symbol id="sm-905">
         <name>_ZTIN10__cxxabiv117__class_type_infoE</name>
         <value>0x4ce4</value>
         <object_component_ref idref="oc-36f"/>
      </symbol>
      <symbol id="sm-906">
         <name>_ZN10__cxxabiv129__pointer_to_member_type_infoD0Ev</name>
         <value>0x3ffb</value>
         <object_component_ref idref="oc-35d"/>
      </symbol>
      <symbol id="sm-907">
         <name>_ZN10__cxxabiv120__si_class_type_infoD1Ev</name>
         <value>0x4017</value>
         <object_component_ref idref="oc-35d"/>
      </symbol>
      <symbol id="sm-908">
         <name>_ZTIN10__cxxabiv120__si_class_type_infoE</name>
         <value>0x4d08</value>
         <object_component_ref idref="oc-358"/>
      </symbol>
      <symbol id="sm-909">
         <name>_ZNSt9type_infoD0Ev</name>
         <value>0x3fb3</value>
         <object_component_ref idref="oc-35d"/>
      </symbol>
      <symbol id="sm-90a">
         <name>_ZN10__cxxabiv120__function_type_infoD0Ev</name>
         <value>0x4023</value>
         <object_component_ref idref="oc-35d"/>
      </symbol>
      <symbol id="sm-90b">
         <name>_ZN10__cxxabiv117__class_type_infoD0Ev</name>
         <value>0x4041</value>
         <object_component_ref idref="oc-35d"/>
      </symbol>
      <symbol id="sm-90c">
         <name>_ZTSN10__cxxabiv117__pbase_type_infoE</name>
         <value>0x4b4f</value>
         <object_component_ref idref="oc-3db"/>
      </symbol>
      <symbol id="sm-90d">
         <name>_ZN10__cxxabiv116__enum_type_infoD0Ev</name>
         <value>0x4055</value>
         <object_component_ref idref="oc-35d"/>
      </symbol>
      <symbol id="sm-90e">
         <name>_ZTIe</name>
         <value>0x4d38</value>
         <object_component_ref idref="oc-3b1"/>
      </symbol>
      <symbol id="sm-90f">
         <name>_ZN10__cxxabiv121__vmi_class_type_infoD0Ev</name>
         <value>0x400f</value>
         <object_component_ref idref="oc-35d"/>
      </symbol>
      <symbol id="sm-910">
         <name>_ZTVN10__cxxabiv120__si_class_type_infoE</name>
         <value>0x4c54</value>
         <object_component_ref idref="oc-316"/>
      </symbol>
      <symbol id="sm-911">
         <name>_ZN10__cxxabiv117__pbase_type_infoD0Ev</name>
         <value>0x4037</value>
         <object_component_ref idref="oc-35d"/>
      </symbol>
      <symbol id="sm-912">
         <name>_ZN10__cxxabiv117__array_type_infoD0Ev</name>
         <value>0x404b</value>
         <object_component_ref idref="oc-35d"/>
      </symbol>
      <symbol id="sm-913">
         <name>_ZSt21__gen_dummy_typeinfosv</name>
         <value>0x3fa9</value>
         <object_component_ref idref="oc-35d"/>
      </symbol>
      <symbol id="sm-914">
         <name>_ZN10__cxxabiv129__pointer_to_member_type_infoD1Ev</name>
         <value>0x3ff9</value>
         <object_component_ref idref="oc-35d"/>
      </symbol>
      <symbol id="sm-915">
         <name>_ZN10__cxxabiv119__pointer_type_infoD0Ev</name>
         <value>0x402d</value>
         <object_component_ref idref="oc-35d"/>
      </symbol>
      <symbol id="sm-916">
         <name>_ZN10__cxxabiv120__si_class_type_infoD0Ev</name>
         <value>0x4019</value>
         <object_component_ref idref="oc-35d"/>
      </symbol>
      <symbol id="sm-917">
         <name>_ZTIPKe</name>
         <value>0x4c24</value>
         <object_component_ref idref="oc-380"/>
      </symbol>
      <symbol id="sm-918">
         <name>_ZNKSt9type_infoeqERKS_</name>
         <value>0x3fd5</value>
         <object_component_ref idref="oc-35d"/>
      </symbol>
      <symbol id="sm-920">
         <name>_new_handler</name>
         <value>0x20001de0</value>
         <object_component_ref idref="oc-210"/>
      </symbol>
      <symbol id="sm-939">
         <name>_nop</name>
         <value>0x45b3</value>
         <object_component_ref idref="oc-14e"/>
      </symbol>
      <symbol id="sm-93a">
         <name>_lock</name>
         <value>0x20001dd4</value>
         <object_component_ref idref="oc-bb"/>
      </symbol>
      <symbol id="sm-93b">
         <name>_unlock</name>
         <value>0x20001dd8</value>
         <object_component_ref idref="oc-bb"/>
      </symbol>
      <symbol id="sm-93c">
         <name>_register_lock</name>
         <value>0x45ab</value>
         <object_component_ref idref="oc-14e"/>
      </symbol>
      <symbol id="sm-93d">
         <name>_register_unlock</name>
         <value>0x45a5</value>
         <object_component_ref idref="oc-14e"/>
      </symbol>
      <symbol id="sm-951">
         <name>_args_main</name>
         <value>0x458d</value>
         <object_component_ref idref="oc-6b"/>
      </symbol>
      <symbol id="sm-976">
         <name>__TI_auto_init</name>
         <value>0x42ad</value>
         <object_component_ref idref="oc-65"/>
      </symbol>
      <symbol id="sm-990">
         <name>copy_in</name>
         <value>0x4431</value>
         <object_component_ref idref="oc-a8"/>
      </symbol>
      <symbol id="sm-99e">
         <name>_ZdlPv</name>
         <value>0x45ed</value>
         <object_component_ref idref="oc-379"/>
      </symbol>
      <symbol id="sm-a12">
         <name>_sys_memory</name>
         <value>0x20001968</value>
         <object_component_ref idref="oc-31"/>
      </symbol>
      <symbol id="sm-a13">
         <name>free</name>
         <value>0x2f7f</value>
         <object_component_ref idref="oc-20a"/>
      </symbol>
      <symbol id="sm-a14">
         <name>realloc</name>
         <value>0x3041</value>
         <object_component_ref idref="oc-20a"/>
      </symbol>
      <symbol id="sm-a15">
         <name>memalign</name>
         <value>0x314d</value>
         <object_component_ref idref="oc-20a"/>
      </symbol>
      <symbol id="sm-a16">
         <name>calloc</name>
         <value>0x3231</value>
         <object_component_ref idref="oc-20a"/>
      </symbol>
      <symbol id="sm-a17">
         <name>malloc</name>
         <value>0x2f17</value>
         <object_component_ref idref="oc-20a"/>
      </symbol>
      <symbol id="sm-a18">
         <name>minit</name>
         <value>0x2e89</value>
         <object_component_ref idref="oc-20a"/>
      </symbol>
      <symbol id="sm-a22">
         <name>_system_post_cinit</name>
         <value>0x42ab</value>
         <object_component_ref idref="oc-ae"/>
      </symbol>
      <symbol id="sm-a23">
         <name>__TI_static_base__</name>
         <value>0x0</value>
      </symbol>
      <symbol id="sm-a26">
         <name>NMI_Handler</name>
         <value>0x45d3</value>
      </symbol>
      <symbol id="sm-a27">
         <name>HardFault_Handler</name>
         <value>0x45d3</value>
      </symbol>
      <symbol id="sm-a28">
         <name>MemManage_Handler</name>
         <value>0x45d3</value>
      </symbol>
      <symbol id="sm-a29">
         <name>BusFault_Handler</name>
         <value>0x45d3</value>
      </symbol>
      <symbol id="sm-a2a">
         <name>UsageFault_Handler</name>
         <value>0x45d3</value>
      </symbol>
      <symbol id="sm-a2b">
         <name>SVC_Handler</name>
         <value>0x45d3</value>
      </symbol>
      <symbol id="sm-a2c">
         <name>DebugMon_Handler</name>
         <value>0x45d3</value>
      </symbol>
      <symbol id="sm-a2d">
         <name>PendSV_Handler</name>
         <value>0x45d3</value>
      </symbol>
      <symbol id="sm-a2e">
         <name>SysTick_Handler</name>
         <value>0x45d3</value>
      </symbol>
      <symbol id="sm-a2f">
         <name>PSS_IRQHandler</name>
         <value>0x45d3</value>
      </symbol>
      <symbol id="sm-a30">
         <name>CS_IRQHandler</name>
         <value>0x45d3</value>
      </symbol>
      <symbol id="sm-a31">
         <name>PCM_IRQHandler</name>
         <value>0x45d3</value>
      </symbol>
      <symbol id="sm-a32">
         <name>WDT_A_IRQHandler</name>
         <value>0x45d3</value>
      </symbol>
      <symbol id="sm-a33">
         <name>FPU_IRQHandler</name>
         <value>0x45d3</value>
      </symbol>
      <symbol id="sm-a34">
         <name>FLCTL_IRQHandler</name>
         <value>0x45d3</value>
      </symbol>
      <symbol id="sm-a35">
         <name>COMP_E0_IRQHandler</name>
         <value>0x45d3</value>
      </symbol>
      <symbol id="sm-a36">
         <name>COMP_E1_IRQHandler</name>
         <value>0x45d3</value>
      </symbol>
      <symbol id="sm-a37">
         <name>TA0_0_IRQHandler</name>
         <value>0x45d3</value>
      </symbol>
      <symbol id="sm-a38">
         <name>TA0_N_IRQHandler</name>
         <value>0x45d3</value>
      </symbol>
      <symbol id="sm-a39">
         <name>TA1_0_IRQHandler</name>
         <value>0x45d3</value>
      </symbol>
      <symbol id="sm-a3a">
         <name>TA1_N_IRQHandler</name>
         <value>0x45d3</value>
      </symbol>
      <symbol id="sm-a3b">
         <name>TA2_0_IRQHandler</name>
         <value>0x45d3</value>
      </symbol>
      <symbol id="sm-a3c">
         <name>TA2_N_IRQHandler</name>
         <value>0x45d3</value>
      </symbol>
      <symbol id="sm-a3d">
         <name>TA3_0_IRQHandler</name>
         <value>0x45d3</value>
      </symbol>
      <symbol id="sm-a3e">
         <name>TA3_N_IRQHandler</name>
         <value>0x45d3</value>
      </symbol>
      <symbol id="sm-a3f">
         <name>EUSCIA0_IRQHandler</name>
         <value>0x45d3</value>
      </symbol>
      <symbol id="sm-a40">
         <name>EUSCIA1_IRQHandler</name>
         <value>0x45d3</value>
      </symbol>
      <symbol id="sm-a41">
         <name>EUSCIA2_IRQHandler</name>
         <value>0x45d3</value>
      </symbol>
      <symbol id="sm-a42">
         <name>EUSCIA3_IRQHandler</name>
         <value>0x45d3</value>
      </symbol>
      <symbol id="sm-a43">
         <name>EUSCIB0_IRQHandler</name>
         <value>0x45d3</value>
      </symbol>
      <symbol id="sm-a44">
         <name>EUSCIB1_IRQHandler</name>
         <value>0x45d3</value>
      </symbol>
      <symbol id="sm-a45">
         <name>EUSCIB2_IRQHandler</name>
         <value>0x45d3</value>
      </symbol>
      <symbol id="sm-a46">
         <name>EUSCIB3_IRQHandler</name>
         <value>0x45d3</value>
      </symbol>
      <symbol id="sm-a47">
         <name>ADC14_IRQHandler</name>
         <value>0x2279</value>
      </symbol>
      <symbol id="sm-a48">
         <name>T32_INT1_IRQHandler</name>
         <value>0x2551</value>
      </symbol>
      <symbol id="sm-a49">
         <name>T32_INT2_IRQHandler</name>
         <value>0x45d3</value>
      </symbol>
      <symbol id="sm-a4a">
         <name>T32_INTC_IRQHandler</name>
         <value>0x45d3</value>
      </symbol>
      <symbol id="sm-a4b">
         <name>AES256_IRQHandler</name>
         <value>0x45d3</value>
      </symbol>
      <symbol id="sm-a4c">
         <name>RTC_C_IRQHandler</name>
         <value>0x45d3</value>
      </symbol>
      <symbol id="sm-a4d">
         <name>DMA_ERR_IRQHandler</name>
         <value>0x45d3</value>
      </symbol>
      <symbol id="sm-a4e">
         <name>DMA_INT3_IRQHandler</name>
         <value>0x45d3</value>
      </symbol>
      <symbol id="sm-a4f">
         <name>DMA_INT2_IRQHandler</name>
         <value>0x45d3</value>
      </symbol>
      <symbol id="sm-a50">
         <name>DMA_INT1_IRQHandler</name>
         <value>0x45d3</value>
      </symbol>
      <symbol id="sm-a51">
         <name>DMA_INT0_IRQHandler</name>
         <value>0x45d3</value>
      </symbol>
      <symbol id="sm-a52">
         <name>PORT1_IRQHandler</name>
         <value>0x45d3</value>
      </symbol>
      <symbol id="sm-a53">
         <name>PORT2_IRQHandler</name>
         <value>0x45d3</value>
      </symbol>
      <symbol id="sm-a54">
         <name>PORT3_IRQHandler</name>
         <value>0x45d3</value>
      </symbol>
      <symbol id="sm-a55">
         <name>PORT4_IRQHandler</name>
         <value>0x45d3</value>
      </symbol>
      <symbol id="sm-a56">
         <name>PORT5_IRQHandler</name>
         <value>0x45d3</value>
      </symbol>
      <symbol id="sm-a57">
         <name>PORT6_IRQHandler</name>
         <value>0x45d3</value>
      </symbol>
   </symbol_table>
   <title>Link successful</title>
</link_info>
