******************************************************************************
                  TI ARM Linker Unix v15.12.3                  
******************************************************************************
>> Linked Fri Nov 11 22:28:13 2016

OUTPUT FILE NAME:   <EventHandler.out>
ENTRY POINT SYMBOL: "_c_int00"  address: 00003a49


MEMORY CONFIGURATION

         name            origin    length      used     unused   attr    fill
----------------------  --------  ---------  --------  --------  ----  --------
  MAIN                  00000000   00040000  0000441c  0003bbe4  R  X
  INFO                  00200000   00004000  00000000  00004000  R  X
  SRAM_CODE             01000000   00010000  00001f8a  0000e076  RW X
  SRAM_DATA             20000000   00010000  00001f8a  0000e076  RW  


SEGMENT ALLOCATION MAP

run origin  load origin   length   init length attrs members
----------  ----------- ---------- ----------- ----- -------
00000000    00000000    00004424   00004424    r-x
  00000000    00000000    000000e4   000000e4    r-- .intvecs
  000000e4    000000e4    00003b5a   00003b5a    r-x .text
  00003c40    00003c40    0000072e   0000072e    r-- .const
  00004370    00004370    00000004   00000004    r-- .init_array
  00004378    00004378    000000ac   000000ac    r-- .cinit
20000000    20000000    00001d94   00000000    rw-
  20000000    20000000    000000e4   00000000    rw- .vtable
  200000e8    200000e8    00001822   00000000    rw- .bss
  20001910    20001910    00000400   00000000    rw- .sysmem
  20001d10    20001d10    00000084   00000000    rw- .data
2000fe00    2000fe00    00000200   00000000    rw-
  2000fe00    2000fe00    00000200   00000000    rw- .stack


SECTION ALLOCATION MAP

 output                                  attributes/
section   page    origin      length       input sections
--------  ----  ----------  ----------   ----------------
.intvecs   0    00000000    000000e4     
                  00000000    000000e4     startup_msp432p401r_ccs.obj (.intvecs:retain)

.binit     0    00000000    00000000     

.text      0    000000e4    00003b5a     
                  000000e4    000008a4     spi.obj (.text)
                  00000988    00000678     Crystalfontz128x128_ST7735.obj (.text)
                  00001000    00000490     line.obj (.text)
                  00001490    00000480     gpio.obj (.text)
                  00001910    00000458     main.obj (.text)
                  00001d68    00000430     Scheduler.obj (.text)
                  00002198    000003f0     interrupt.obj (.text)
                  00002588    000003dc     rtsv7M4_T_le_v4SPD16_eabi.lib : memory.obj (.text)
                  00002964    00000370     system_msp432p401r.obj (.text)
                  00002cd4    00000310     Screen.obj (.text)
                  00002fe4    00000266     context.obj (.text)
                  0000324a    00000002     rtsv7M4_T_le_v4SPD16_eabi.lib : mpu_init.obj (.text)
                  0000324c    00000138     Servo.obj (.text)
                  00003384    00000134     display.obj (.text)
                  000034b8    000000f0     LED.obj (.text)
                  000035a8    000000bc     HAL_MSP_EXP432P401R_Crystalfontz128x128_ST7735.obj (.text)
                  00003664    000000bc     rtsv7M4_T_le_v4SPD16_eabi.lib : typeinfo_.obj (.text)
                  00003720    000000b4     Button.obj (.text)
                  000037d4    0000009c     rtsv7M4_T_le_v4SPD16_eabi.lib : memcpy_t2.obj (.text)
                  00003870    00000080     Task.obj (.text)
                  000038f0    0000007a     rtsv7M4_T_le_v4SPD16_eabi.lib : memset_t2.obj (.text)
                  0000396a    00000002                                   : newhandler.obj (.text)
                  0000396c    00000070                                   : autoinit.obj (.text)
                  000039dc    0000006a                                   : copy_decompress_rle.obj (.text)
                  00003a46    00000002                                   : startup.obj (.text)
                  00003a48    00000054                                   : boot.obj (.text)
                  00003a9c    00000054                                   : exit.obj (.text)
                  00003af0    0000004c                                   : cpy_tbl.obj (.text)
                  00003b3c    0000003e     cpu.obj (.text)
                  00003b7a    00000002     --HOLE-- [fill = 0]
                  00003b7c    00000030     rtsv7M4_T_le_v4SPD16_eabi.lib : new_.obj (.text)
                  00003bac    00000020     LED.obj (.text:_ZN4Task11SendMessageEv)
                  00003bcc    00000018     rtsv7M4_T_le_v4SPD16_eabi.lib : args_main.obj (.text)
                  00003be4    00000014                                   : _lock.obj (.text)
                  00003bf8    0000000e                                   : copy_decompress_none.obj (.text:decompress:none)
                  00003c06    0000000e     startup_msp432p401r_ccs.obj (.text)
                  00003c14    0000000c     LED.obj (.text:_ZN4Task14ProcessMessageE3MSG)
                  00003c20    0000000c     Task.obj (.text:_ZN4Task3runEv)
                  00003c2c    00000008     rtsv7M4_T_le_v4SPD16_eabi.lib : delete.obj (.text)
                  00003c34    00000006                                   : copy_decompress_rle.obj (.text:decompress:rle24)
                  00003c3a    00000004                                   : pre_init.obj (.text)

.const     0    00003c40    0000072e     
                  00003c40    000002f8     fontfixed6x8.obj (.const:.string:g_pucFontFixed6x8Data)
                  00003f38    000000c8     fontfixed6x8.obj (.const:g_sFontFixed6x8)
                  00004000    00000050     interrupt.obj (.const:g_pulRegs)
                  00004050    0000002c     Crystalfontz128x128_ST7735.obj (.const:g_sCrystalfontz128x128)
                  0000407c    00000028     rtsv7M4_T_le_v4SPD16_eabi.lib : typeinfo_.obj (.const:.typeinfo:_ZTSN10__cxxabiv123__fundamental_type_infoE)
                  000040a4    00000025                                   : typeinfo_.obj (.const:.typeinfo:_ZTSN10__cxxabiv120__si_class_type_infoE)
                  000040c9    00000024                                   : typeinfo_.obj (.const:.typeinfo:_ZTSN10__cxxabiv119__pointer_type_infoE)
                  000040ed    00000022                                   : typeinfo_.obj (.const:.typeinfo:_ZTSN10__cxxabiv117__class_type_infoE)
                  0000410f    00000022                                   : typeinfo_.obj (.const:.typeinfo:_ZTSN10__cxxabiv117__pbase_type_infoE)
                  00004131    00000002                                   : typeinfo_.obj (.const:.typeinfo:_ZTSe)
                  00004133    00000001     --HOLE-- [fill = 0]
                  00004134    00000020     interrupt.obj (.const:g_pulPriority)
                  00004154    0000001c     HAL_MSP_EXP432P401R_Crystalfontz128x128_ST7735.obj (.const:$P$T0$1)
                  00004170    0000001c     gpio.obj (.const:GPIO_PORT_TO_INT)
                  0000418c    00000018     Screen.obj (.const:_ZTV6Screen)
                  000041a4    00000014     LED.obj (.const:_ZTV3LED)
                  000041b8    00000014     Task.obj (.const:_ZTV4Task)
                  000041cc    00000014     Servo.obj (.const:_ZTV5Servo)
                  000041e0    00000014     Button.obj (.const:_ZTV6Button)
                  000041f4    00000010     rtsv7M4_T_le_v4SPD16_eabi.lib : typeinfo_.obj (.const:.typeinfo:_ZTIPKe)
                  00004204    00000010                                   : typeinfo_.obj (.const:_ZTVN10__cxxabiv117__class_type_infoE)
                  00004214    00000010                                   : typeinfo_.obj (.const:_ZTVN10__cxxabiv119__pointer_type_infoE)
                  00004224    00000010                                   : typeinfo_.obj (.const:_ZTVN10__cxxabiv120__si_class_type_infoE)
                  00004234    00000010                                   : typeinfo_.obj (.const:_ZTVN10__cxxabiv123__fundamental_type_infoE)
                  00004244    0000000d                                   : typeinfo_.obj (.const:.typeinfo:_ZTSSt9type_info)
                  00004251    00000003     --HOLE-- [fill = 0]
                  00004254    0000000c     LED.obj (.const:$P$T40$1)
                  00004260    0000000c     Scheduler.obj (.const:$P$T40$1)
                  0000426c    0000000c     main.obj (.const:$P$T41$1)
                  00004278    0000000c     main.obj (.const:$P$T42$2)
                  00004284    0000000c     main.obj (.const:$P$T43$3)
                  00004290    0000000c     Button.obj (.const:$P$T45$1)
                  0000429c    0000000c     LED.obj (.const:.typeinfo:_ZTI3LED)
                  000042a8    0000000c     Servo.obj (.const:.typeinfo:_ZTI5Servo)
                  000042b4    0000000c     Button.obj (.const:.typeinfo:_ZTI6Button)
                  000042c0    0000000c     Screen.obj (.const:.typeinfo:_ZTI6Screen)
                  000042cc    0000000c     rtsv7M4_T_le_v4SPD16_eabi.lib : typeinfo_.obj (.const:.typeinfo:_ZTIN10__cxxabiv117__class_type_infoE)
                  000042d8    0000000c                                   : typeinfo_.obj (.const:.typeinfo:_ZTIN10__cxxabiv117__pbase_type_infoE)
                  000042e4    0000000c                                   : typeinfo_.obj (.const:.typeinfo:_ZTIN10__cxxabiv119__pointer_type_infoE)
                  000042f0    0000000c                                   : typeinfo_.obj (.const:.typeinfo:_ZTIN10__cxxabiv120__si_class_type_infoE)
                  000042fc    0000000c                                   : typeinfo_.obj (.const:.typeinfo:_ZTIN10__cxxabiv123__fundamental_type_infoE)
                  00004308    00000008     Crystalfontz128x128_ST7735.obj (.const:$P$T0$1)
                  00004310    00000008     Button.obj (.const:.typeinfo:_ZTI4Task)
                  00004318    00000008     rtsv7M4_T_le_v4SPD16_eabi.lib : typeinfo_.obj (.const:.typeinfo:_ZTISt9type_info)
                  00004320    00000008                                   : typeinfo_.obj (.const:.typeinfo:_ZTIe)
                  00004328    00000008     Button.obj (.const:.typeinfo:_ZTS6Button)
                  00004330    00000008     Screen.obj (.const:.typeinfo:_ZTS6Screen)
                  00004338    00000008     interrupt.obj (.const:g_pulDisRegs)
                  00004340    00000008     interrupt.obj (.const:g_pulEnRegs)
                  00004348    00000008     interrupt.obj (.const:g_pulPendRegs)
                  00004350    00000008     interrupt.obj (.const:g_pulUnpendRegs)
                  00004358    00000007     Servo.obj (.const:.typeinfo:_ZTS5Servo)
                  0000435f    00000006     Button.obj (.const:.typeinfo:_ZTS4Task)
                  00004365    00000005     LED.obj (.const:.typeinfo:_ZTS3LED)
                  0000436a    00000004     rtsv7M4_T_le_v4SPD16_eabi.lib : typeinfo_.obj (.const:.typeinfo:_ZTSPKe)

.cinit     0    00004378    000000ac     
                  00004378    0000006c     (.cinit..data.load) [load image, compression = rle]
                  000043e4    00000004     --HOLE-- [fill = 0]
                  000043e8    0000000b     (.cinit..bss.load) [load image, compression = rle]
                  000043f3    00000005     --HOLE-- [fill = 0]
                  000043f8    00000009     (.cinit..vtable.load) [load image, compression = rle]
                  00004401    00000003     --HOLE-- [fill = 0]
                  00004404    00000008     (__TI_handler_table)
                  0000440c    00000018     (__TI_cinit_table)

.init_array 
*          0    00004370    00000004     
                  00004370    00000004     main.obj (.init_array)

.vtable    0    20000000    000000e4     UNINITIALIZED
                  20000000    000000e4     interrupt.obj (.vtable)

.bss       0    200000e8    00001822     UNINITIALIZED
                  200000e8    000017f8     main.obj (.bss:MainScheduler)
                  200018e0    0000001c     (.common:g_sContext)
                  200018fc    00000004     (.common:_ZSt16__dummy_typeinfo)
                  20001900    00000002     (.common:Lcd_ScreenHeigth)
                  20001902    00000002     (.common:Lcd_ScreenWidth)
                  20001904    00000002     (.common:Lcd_TouchTrim)
                  20001906    00000001     (.common:Lcd_FlagRead)
                  20001907    00000001     (.common:Lcd_FontSolid)
                  20001908    00000001     (.common:Lcd_Orientation)
                  20001909    00000001     (.common:Lcd_PenSolid)

.sysmem    0    20001910    00000400     UNINITIALIZED
                  20001910    00000008     rtsv7M4_T_le_v4SPD16_eabi.lib : memory.obj (.sysmem)
                  20001918    000003f8     --HOLE--

.data      0    20001d10    00000084     UNINITIALIZED
                  20001d10    00000030     gpio.obj (.data:GPIO_PORT_TO_BASE)
                  20001d40    00000018     Servo.obj (.data:pwmConfig)
                  20001d58    0000000d     main.obj (.data)
                  20001d65    00000003     --HOLE--
                  20001d68    0000000c     rtsv7M4_T_le_v4SPD16_eabi.lib : exit.obj (.data:$O1$$)
                  20001d74    0000000c                                   : memory.obj (.data:$O1$$)
                  20001d80    00000008                                   : _lock.obj (.data:$O1$$)
                  20001d88    00000004                                   : stkdepth_vars.obj (.data)
                  20001d8c    00000004                                   : vars.obj (.data)
                  20001d90    00000004     system_msp432p401r.obj (.data)

.stack     0    2000fe00    00000200     UNINITIALIZED
                  2000fe00    00000200     --HOLE--

MODULE SUMMARY

       Module                                               code    ro data   rw data
       ------                                               ----    -------   -------
    ./
       main.obj                                             1112    40        12298  
       Scheduler.obj                                        1072    12        0      
       system_msp432p401r.obj                               880     0         8      
       Screen.obj                                           784     44        56     
       Servo.obj                                            312     39        48     
       LED.obj                                              284     49        0      
       Button.obj                                           180     66        0      
       startup_msp432p401r_ccs.obj                          14      228       0      
       Task.obj                                             140     20        0      
    +--+----------------------------------------------------+-------+---------+---------+
       Total:                                               4778    498       12410  
                                                                                     
    ./GrLib/fonts/
       fontfixed6x8.obj                                     0       960       0      
    +--+----------------------------------------------------+-------+---------+---------+
       Total:                                               0       960       0      
                                                                                     
    ./GrLib/grlib/
       line.obj                                             1168    0         0      
       context.obj                                          614     0         0      
       display.obj                                          308     0         0      
    +--+----------------------------------------------------+-------+---------+---------+
       Total:                                               2090    0         0      
                                                                                     
    ./LcdDriver/
       Crystalfontz128x128_ST7735.obj                       1656    52        20     
       HAL_MSP_EXP432P401R_Crystalfontz128x128_ST7735.obj   188     28        0      
    +--+----------------------------------------------------+-------+---------+---------+
       Total:                                               1844    80        20     
                                                                                     
    ./driverlib/MSP432P4xx/
       spi.obj                                              2212    0         0      
       interrupt.obj                                        1008    144       456    
       gpio.obj                                             1152    28        96     
       cpu.obj                                              62      0         0      
    +--+----------------------------------------------------+-------+---------+---------+
       Total:                                               4434    172       552    
                                                                                     
    /opt/ti/ccsv6/tools/compiler/arm_15.12.3.LTS/lib/rtsv7M4_T_le_v4SPD16_eabi.lib
       memory.obj                                           988     0         24     
       typeinfo_.obj                                        188     356       8      
       memcpy_t2.obj                                        156     0         0      
       memset_t2.obj                                        122     0         0      
       autoinit.obj                                         112     0         0      
       copy_decompress_rle.obj                              112     0         0      
       exit.obj                                             84      0         24     
       boot.obj                                             84      0         0      
       cpy_tbl.obj                                          76      0         0      
       new_.obj                                             48      0         0      
       _lock.obj                                            20      0         16     
       args_main.obj                                        24      0         0      
       copy_decompress_none.obj                             14      0         0      
       delete.obj                                           8       0         0      
       stkdepth_vars.obj                                    0       0         8      
       vars.obj                                             0       0         8      
       pre_init.obj                                         4       0         0      
       mpu_init.obj                                         2       0         0      
       newhandler.obj                                       2       0         0      
       startup.obj                                          2       0         0      
    +--+----------------------------------------------------+-------+---------+---------+
       Total:                                               2046    356       88     
                                                                                     
       Heap:                                                0       0         2048   
       Stack:                                               0       0         1024   
       Linker Generated:                                    0       160       0      
    +--+----------------------------------------------------+-------+---------+---------+
       Grand Total:                                         15192   2226      16142  


LINKER GENERATED COPY TABLES

__TI_cinit_table @ 0000440c records: 3, size/record: 8, table size: 24
	.data: load addr=00004378, load size=0000006c bytes, run addr=20001d10, run size=00000084 bytes, compression=rle
	.bss: load addr=000043e8, load size=0000000b bytes, run addr=200000e8, run size=00001822 bytes, compression=rle
	.vtable: load addr=000043f8, load size=00000009 bytes, run addr=20000000, run size=000000e4 bytes, compression=rle


LINKER GENERATED HANDLER TABLE

__TI_handler_table @ 00004404 records: 2, size/record: 4, table size: 8
	index: 0, handler: __TI_decompress_rle24
	index: 1, handler: __TI_decompress_none


GLOBAL SYMBOLS: SORTED ALPHABETICALLY BY Name 

address   name                                              
-------   ----                                              
00003c13  ADC14_IRQHandler                                  
00003c13  AES256_IRQHandler                                 
0000197b  BUTTON_ISR                                        
00003c13  BusFault_Handler                                  
00003a9d  C$$EXIT                                           
00003c13  COMP_E0_IRQHandler                                
00003c13  COMP_E1_IRQHandler                                
00003b71  CPU_basepriGet                                    
00003b63  CPU_basepriSet                                    
00003b3d  CPU_cpsid                                         
00003b53  CPU_cpsie                                         
00003b49  CPU_primask                                       
00003b5f  CPU_wfi                                           
00003c13  CS_IRQHandler                                     
00000989  Crystalfontz128x128_Init                          
00000a9d  Crystalfontz128x128_SetDrawFrame                  
00000bcb  Crystalfontz128x128_SetOrientation                
00003c13  DMA_ERR_IRQHandler                                
00003c13  DMA_INT0_IRQHandler                               
00003c13  DMA_INT1_IRQHandler                               
00003c13  DMA_INT2_IRQHandler                               
00003c13  DMA_INT3_IRQHandler                               
00003c13  DebugMon_Handler                                  
00003c13  Default_Handler                                   
00003c13  EUSCIA0_IRQHandler                                
00003c13  EUSCIA1_IRQHandler                                
00003c13  EUSCIA2_IRQHandler                                
00003c13  EUSCIA3_IRQHandler                                
00003c13  EUSCIB0_IRQHandler                                
00003c13  EUSCIB1_IRQHandler                                
00003c13  EUSCIB2_IRQHandler                                
00003c13  EUSCIB3_IRQHandler                                
00000853  EUSCI_A_SPI_changeClockPhasePolarity              
00000907  EUSCI_A_SPI_clearInterruptFlag                    
00000937  EUSCI_A_SPI_disable                               
000008d5  EUSCI_A_SPI_disableInterrupt                      
00000921  EUSCI_A_SPI_enable                                
000008bb  EUSCI_A_SPI_enableInterrupt                       
000008ef  EUSCI_A_SPI_getInterruptStatus                    
0000094d  EUSCI_A_SPI_getReceiveBufferAddressForDMA         
0000095b  EUSCI_A_SPI_getTransmitBufferAddressForDMA        
00000969  EUSCI_A_SPI_isBusy                                
000007d3  EUSCI_A_SPI_masterChangeClock                     
000008ab  EUSCI_A_SPI_receiveData                           
000007b3  EUSCI_A_SPI_select4PinFunctionality               
00000809  EUSCI_A_SPI_slaveInit                             
00000895  EUSCI_A_SPI_transmitData                          
00000685  EUSCI_B_SPI_changeClockPhasePolarity              
00000739  EUSCI_B_SPI_clearInterruptFlag                    
00000769  EUSCI_B_SPI_disable                               
00000707  EUSCI_B_SPI_disableInterrupt                      
00000753  EUSCI_B_SPI_enable                                
000006ed  EUSCI_B_SPI_enableInterrupt                       
00000721  EUSCI_B_SPI_getInterruptStatus                    
0000077f  EUSCI_B_SPI_getReceiveBufferAddressForDMA         
0000078d  EUSCI_B_SPI_getTransmitBufferAddressForDMA        
0000079b  EUSCI_B_SPI_isBusy                                
00000609  EUSCI_B_SPI_masterChangeClock                     
000006dd  EUSCI_B_SPI_receiveData                           
000005e9  EUSCI_B_SPI_select4PinFunctionality               
0000063b  EUSCI_B_SPI_slaveInit                             
000006c7  EUSCI_B_SPI_transmitData                          
00003c13  FLCTL_IRQHandler                                  
00003c13  FPU_IRQHandler                                    
000017b3  GPIO_clearInterruptFlag                           
00001773  GPIO_disableInterrupt                             
00001751  GPIO_enableInterrupt                              
0000180b  GPIO_getEnabledInterruptStatus                    
00001723  GPIO_getInputPinValue                             
00001795  GPIO_getInterruptStatus                           
000017d5  GPIO_interruptEdgeSelect                          
000018cb  GPIO_registerInterrupt                            
000014cb  GPIO_setAsInputPin                                
0000167f  GPIO_setAsInputPinWithPullDownResistor            
000016d1  GPIO_setAsInputPinWithPullUpResistor              
00001491  GPIO_setAsOutputPin                               
00001595  GPIO_setAsPeripheralModuleFunctionInputPin        
00001511  GPIO_setAsPeripheralModuleFunctionOutputPin       
00001887  GPIO_setDriveStrengthHigh                         
000018a9  GPIO_setDriveStrengthLow                          
00001619  GPIO_setOutputHighOnPin                           
0000163b  GPIO_setOutputLowOnPin                            
0000165d  GPIO_toggleOutputOnPin                            
000018eb  GPIO_unregisterInterrupt                          
000031d1  Graphics_clearDisplay                             
000034a1  Graphics_clearDisplayOnDisplay                    
000033f3  Graphics_drawHorizontalLineOnDisplay              
0000131d  Graphics_drawLine                                 
00001001  Graphics_drawLineH                                
0000109d  Graphics_drawLineV                                
000033af  Graphics_drawMultiplePixelsOnDisplay              
000031e3  Graphics_drawPixel                                
00003385  Graphics_drawPixelOnDisplay                       
00003427  Graphics_drawVerticalLineOnDisplay                
0000345b  Graphics_fillRectangleOnDisplay                   
000031c3  Graphics_flushBuffer                              
0000348f  Graphics_flushOnDisplay                           
000031a5  Graphics_getDisplayHeight                         
00003195  Graphics_getDisplayWidth                          
00003143  Graphics_getFontBaseline                          
00003179  Graphics_getFontHeight                            
00003187  Graphics_getFontMaxWidth                          
000031b5  Graphics_getHeightOfDisplay                       
0000323d  Graphics_getWidthOfDisplay                        
00002fe5  Graphics_initContext                              
000030f9  Graphics_setBackgroundColor                       
00003113  Graphics_setBackgroundColorTranslated             
0000302f  Graphics_setClipRegion                            
00003129  Graphics_setFont                                  
00003151  Graphics_setForegroundColor                       
00003167  Graphics_setForegroundColorTranslated             
00003479  Graphics_translateColorOnDisplay                  
000035a9  HAL_LCD_PortInit                                  
000035d9  HAL_LCD_SpiInit                                   
0000360f  HAL_LCD_writeCommand                              
00003637  HAL_LCD_writeData                                 
00003c13  HardFault_Handler                                 
0000235b  Interrupt_disableInterrupt                        
000021ab  Interrupt_disableMaster                           
00002559  Interrupt_disableSleepOnIsrExit                   
000022e9  Interrupt_enableInterrupt                         
0000219b  Interrupt_enableMaster                            
00002547  Interrupt_enableSleepOnIsrExit                    
000022c3  Interrupt_getPriority                             
0000223b  Interrupt_getPriorityGrouping                     
00002527  Interrupt_getPriorityMask                         
00002541  Interrupt_getVectorTableAddress                   
000023cd  Interrupt_isEnabled                               
00002459  Interrupt_pendInterrupt                           
000021bb  Interrupt_registerInterrupt                       
00002273  Interrupt_setPriority                             
00002221  Interrupt_setPriorityGrouping                     
00002517  Interrupt_setPriorityMask                         
00002531  Interrupt_setVectorTableAddress                   
000024c9  Interrupt_unpendInterrupt                         
0000220d  Interrupt_unregisterInterrupt                     
20001906  Lcd_FlagRead                                      
20001907  Lcd_FontSolid                                     
20001908  Lcd_Orientation                                   
20001909  Lcd_PenSolid                                      
20001900  Lcd_ScreenHeigth                                  
20001902  Lcd_ScreenWidth                                   
20001904  Lcd_TouchTrim                                     
200000e8  MainScheduler                                     
00003c13  MemManage_Handler                                 
00003c13  NMI_Handler                                       
00003c13  PCM_IRQHandler                                    
00003c13  PORT1_IRQHandler                                  
00003c13  PORT2_IRQHandler                                  
00003c13  PORT3_IRQHandler                                  
00003c13  PORT4_IRQHandler                                  
00003c13  PORT5_IRQHandler                                  
00003c13  PORT6_IRQHandler                                  
00003c13  PSS_IRQHandler                                    
00003c13  PendSV_Handler                                    
00003c13  RTC_C_IRQHandler                                  
00003c07  Reset_Handler                                     
00004370  SHT$$INIT_ARRAY$$Base                             
00004374  SHT$$INIT_ARRAY$$Limit                            
000002a7  SPI_changeClockPhasePolarity                      
00000201  SPI_changeMasterClock                             
00000459  SPI_clearInterruptFlag                            
000003db  SPI_disableInterrupt                              
00000335  SPI_disableModule                                 
000003b5  SPI_enableInterrupt                               
00000319  SPI_enableModule                                  
00000429  SPI_getEnabledInterruptStatus                     
00000401  SPI_getInterruptStatus                            
00000351  SPI_getReceiveBufferAddressForDMA                 
0000036d  SPI_getTransmitBufferAddressForDMA                
00000115  SPI_initMaster                                    
00000229  SPI_initSlave                                     
00000399  SPI_isBusy                                        
000002fd  SPI_receiveData                                   
0000047f  SPI_registerInterrupt                             
000001db  SPI_selectFourPinFunctionality                    
000002d7  SPI_transmitData                                  
0000053d  SPI_unregisterInterrupt                           
00003c13  SVC_Handler                                       
00003c13  SysTick_Handler                                   
20001d90  SystemCoreClock                                   
00002965  SystemCoreClockUpdate                             
00002bd9  SystemInit                                        
00001cf9  T32_INT1_IRQHandler                               
00001cf9  T32_INT1_IRQHandler                               
00003c13  T32_INT2_IRQHandler                               
00003c13  T32_INTC_IRQHandler                               
00003c13  TA0_0_IRQHandler                                  
00003c13  TA0_N_IRQHandler                                  
00003c13  TA1_0_IRQHandler                                  
00003c13  TA1_N_IRQHandler                                  
00003c13  TA2_0_IRQHandler                                  
00003c13  TA2_N_IRQHandler                                  
00003c13  TA3_0_IRQHandler                                  
00003c13  TA3_N_IRQHandler                                  
00003c13  UsageFault_Handler                                
4000480c  WDTCTL_SYM                                        
00003c13  WDT_A_IRQHandler                                  
0000396b  _Z21__default_new_handlerv                        
00001b31  _Z5Setupv                                         
00003711  _ZN10__cxxabiv116__enum_type_infoD0Ev             
0000370f  _ZN10__cxxabiv116__enum_type_infoD1Ev             
0000370f  _ZN10__cxxabiv116__enum_type_infoD2Ev             
00003707  _ZN10__cxxabiv117__array_type_infoD0Ev            
00003705  _ZN10__cxxabiv117__array_type_infoD1Ev            
00003705  _ZN10__cxxabiv117__array_type_infoD2Ev            
000036fd  _ZN10__cxxabiv117__class_type_infoD0Ev            
000036fb  _ZN10__cxxabiv117__class_type_infoD1Ev            
000036fb  _ZN10__cxxabiv117__class_type_infoD2Ev            
000036f3  _ZN10__cxxabiv117__pbase_type_infoD0Ev            
000036f1  _ZN10__cxxabiv117__pbase_type_infoD1Ev            
000036f1  _ZN10__cxxabiv117__pbase_type_infoD2Ev            
000036e9  _ZN10__cxxabiv119__pointer_type_infoD0Ev          
000036e7  _ZN10__cxxabiv119__pointer_type_infoD1Ev          
000036e7  _ZN10__cxxabiv119__pointer_type_infoD2Ev          
000036df  _ZN10__cxxabiv120__function_type_infoD0Ev         
000036dd  _ZN10__cxxabiv120__function_type_infoD1Ev         
000036dd  _ZN10__cxxabiv120__function_type_infoD2Ev         
000036d5  _ZN10__cxxabiv120__si_class_type_infoD0Ev         
000036d3  _ZN10__cxxabiv120__si_class_type_infoD1Ev         
000036d3  _ZN10__cxxabiv120__si_class_type_infoD2Ev         
000036cb  _ZN10__cxxabiv121__vmi_class_type_infoD0Ev        
000036c9  _ZN10__cxxabiv121__vmi_class_type_infoD1Ev        
000036c9  _ZN10__cxxabiv121__vmi_class_type_infoD2Ev        
000036c1  _ZN10__cxxabiv123__fundamental_type_infoD0Ev      
000036bf  _ZN10__cxxabiv123__fundamental_type_infoD1Ev      
000036bf  _ZN10__cxxabiv123__fundamental_type_infoD2Ev      
000036b7  _ZN10__cxxabiv129__pointer_to_member_type_infoD0Ev
000036b5  _ZN10__cxxabiv129__pointer_to_member_type_infoD1Ev
000036b5  _ZN10__cxxabiv129__pointer_to_member_type_infoD2Ev
00003591  _ZN3LED3runEv                                     
000034b9  _ZN3LEDC1Eibii                                    
00003525  _ZN3LEDC1Eibiiy                                   
000034b9  _ZN3LEDC2Eibii                                    
00003525  _ZN3LEDC2Eibiiy                                   
00003bad  _ZN4Task11SendMessageEv                           
00003c15  _ZN4Task14ProcessMessageE3MSG                     
20001d64  _ZN4Task14m_u8NextTaskIDE                         
000038db  _ZN4Task17GetTaskFinalCountEv                     
000038ad  _ZN4Task17SetTaskFinalCountEy                     
000038cb  _ZN4Task19GetTaskCurrentCountEv                   
0000388f  _ZN4Task19SetTaskCurrentCountEy                   
00003c21  _ZN4Task3runEv                                    
00003871  _ZN4TaskC1Ev                                      
00003871  _ZN4TaskC2Ev                                      
000032fb  _ZN5Servo14ProcessMessageE3MSG                    
0000335f  _ZN5Servo19ADCtoServoValueConvEi                  
000032c3  _ZN5Servo3runEv                                   
0000324d  _ZN5ServoC1Eibii                                  
0000324d  _ZN5ServoC2Eibii                                  
000037b3  _ZN6Button11SendMessageEv                         
000037a7  _ZN6Button14ProcessMessageE3MSG                   
00003797  _ZN6Button3runEv                                  
00003721  _ZN6ButtonC1Eibiiy                                
00003721  _ZN6ButtonC2Eibiiy                                
00002e4f  _ZN6Screen11printScreenEhht                       
00002d71  _ZN6Screen14ProcessMessageE3MSG                   
00002d65  _ZN6Screen3runEv                                  
00002cd5  _ZN6ScreenC1Eib                                   
00002cd5  _ZN6ScreenC2Eib                                   
00002047  _ZN9Scheduler13attachMessageE3MSG                 
00002133  _ZN9Scheduler14processMessageE3MSG                
00002087  _ZN9Scheduler17clearMessageQueueEv                
000020e9  _ZN9Scheduler18clearNextSchedulerEv               
00001fc3  _ZN9Scheduler19ProcessMessageQueueEv              
00001ef7  _ZN9Scheduler21CalculateNextScheduleEv            
00002185  _ZN9Scheduler22SortScheduleByPriorityEP4Task      
00001e99  _ZN9Scheduler3runEv                               
00001dc9  _ZN9Scheduler6attachEP4Task                       
00001e35  _ZN9Scheduler6attachEP4Tasky                      
00001d69  _ZN9SchedulerC1Ev                                 
00001d69  _ZN9SchedulerC2Ev                                 
00003677  _ZNKSt9type_info4nameEv                           
000036a7  _ZNKSt9type_info6beforeERKS_                      
00003691  _ZNKSt9type_infoeqERKS_                           
0000367b  _ZNKSt9type_infoneERKS_                           
0000366f  _ZNSt9type_infoD0Ev                               
0000366d  _ZNSt9type_infoD1Ev                               
0000366d  _ZNSt9type_infoD2Ev                               
200018fc  _ZSt16__dummy_typeinfo                            
00003665  _ZSt21__gen_dummy_typeinfosv                      
0000429c  _ZTI3LED                                          
00004310  _ZTI4Task                                         
000042a8  _ZTI5Servo                                        
000042b4  _ZTI6Button                                       
000042c0  _ZTI6Screen                                       
000042cc  _ZTIN10__cxxabiv117__class_type_infoE             
000042d8  _ZTIN10__cxxabiv117__pbase_type_infoE             
000042e4  _ZTIN10__cxxabiv119__pointer_type_infoE           
000042f0  _ZTIN10__cxxabiv120__si_class_type_infoE          
000042fc  _ZTIN10__cxxabiv123__fundamental_type_infoE       
000041f4  _ZTIPKe                                           
00004318  _ZTISt9type_info                                  
00004320  _ZTIe                                             
00004365  _ZTS3LED                                          
0000435f  _ZTS4Task                                         
00004358  _ZTS5Servo                                        
00004328  _ZTS6Button                                       
00004330  _ZTS6Screen                                       
000040ed  _ZTSN10__cxxabiv117__class_type_infoE             
0000410f  _ZTSN10__cxxabiv117__pbase_type_infoE             
000040c9  _ZTSN10__cxxabiv119__pointer_type_infoE           
000040a4  _ZTSN10__cxxabiv120__si_class_type_infoE          
0000407c  _ZTSN10__cxxabiv123__fundamental_type_infoE       
0000436a  _ZTSPKe                                           
00004244  _ZTSSt9type_info                                  
00004131  _ZTSe                                             
000041a4  _ZTV3LED                                          
000041b8  _ZTV4Task                                         
000041cc  _ZTV5Servo                                        
000041e0  _ZTV6Button                                       
0000418c  _ZTV6Screen                                       
00004204  _ZTVN10__cxxabiv117__class_type_infoE             
00004214  _ZTVN10__cxxabiv119__pointer_type_infoE           
00004224  _ZTVN10__cxxabiv120__si_class_type_infoE          
00004234  _ZTVN10__cxxabiv123__fundamental_type_infoE       
00003c2d  _ZdlPv                                            
00003b7d  _Znwj                                             
20010000  __STACK_END                                       
00000200  __STACK_SIZE                                      
00000400  __SYSMEM_SIZE                                     
0000440c  __TI_CINIT_Base                                   
00004424  __TI_CINIT_Limit                                  
00004404  __TI_Handler_Table_Base                           
0000440c  __TI_Handler_Table_Limit                          
0000396d  __TI_auto_init                                    
20001d68  __TI_cleanup_ptr                                  
00003bf9  __TI_decompress_none                              
00003c35  __TI_decompress_rle24                             
20001d6c  __TI_dtors_ptr                                    
20001d70  __TI_enable_exit_profile_output                   
ffffffff  __TI_pprof_out_hndl                               
ffffffff  __TI_prof_data_size                               
ffffffff  __TI_prof_data_start                              
00000000  __TI_static_base__                                
000038f1  __aeabi_memclr                                    
000038f1  __aeabi_memclr4                                   
000038f1  __aeabi_memclr8                                   
000037d5  __aeabi_memcpy                                    
000037d5  __aeabi_memcpy4                                   
000037d5  __aeabi_memcpy8                                   
000038f3  __aeabi_memset                                    
000038f3  __aeabi_memset4                                   
000038f3  __aeabi_memset8                                   
ffffffff  __binit__                                         
ffffffff  __c_args__                                        
0000324b  __mpu_init                                        
2000fe00  __stack                                           
00001d1f  __sti___8_main_cpp_937618a8                       
00003bcd  _args_main                                        
00003a49  _c_int00                                          
20001d80  _lock                                             
20001d8c  _new_handler                                      
00003bf3  _nop                                              
00003beb  _register_lock                                    
00003be5  _register_unlock                                  
20001910  _sys_memory                                       
00003a47  _system_post_cinit                                
00003c3b  _system_pre_init                                  
20001d84  _unlock                                           
00003aa1  abort                                             
ffffffff  binit                                             
00002931  calloc                                            
00003af1  copy_in                                           
00003aa9  exit                                              
0000267f  free                                              
20000000  g_pfnRAMVectors                                   
200018e0  g_sContext                                        
00004050  g_sCrystalfontz128x128                            
00003f38  g_sFontFixed6x8                                   
00000000  interruptVectors                                  
00001a49  main                                              
20001d88  main_func_sp                                      
00002617  malloc                                            
0000284d  memalign                                          
000037d5  memcpy                                            
000038f9  memset                                            
00002589  minit                                             
20001d40  pwmConfig                                         
00002741  realloc                                           


GLOBAL SYMBOLS: SORTED BY Symbol Address 

address   name                                              
-------   ----                                              
00000000  __TI_static_base__                                
00000000  interruptVectors                                  
00000115  SPI_initMaster                                    
000001db  SPI_selectFourPinFunctionality                    
00000200  __STACK_SIZE                                      
00000201  SPI_changeMasterClock                             
00000229  SPI_initSlave                                     
000002a7  SPI_changeClockPhasePolarity                      
000002d7  SPI_transmitData                                  
000002fd  SPI_receiveData                                   
00000319  SPI_enableModule                                  
00000335  SPI_disableModule                                 
00000351  SPI_getReceiveBufferAddressForDMA                 
0000036d  SPI_getTransmitBufferAddressForDMA                
00000399  SPI_isBusy                                        
000003b5  SPI_enableInterrupt                               
000003db  SPI_disableInterrupt                              
00000400  __SYSMEM_SIZE                                     
00000401  SPI_getInterruptStatus                            
00000429  SPI_getEnabledInterruptStatus                     
00000459  SPI_clearInterruptFlag                            
0000047f  SPI_registerInterrupt                             
0000053d  SPI_unregisterInterrupt                           
000005e9  EUSCI_B_SPI_select4PinFunctionality               
00000609  EUSCI_B_SPI_masterChangeClock                     
0000063b  EUSCI_B_SPI_slaveInit                             
00000685  EUSCI_B_SPI_changeClockPhasePolarity              
000006c7  EUSCI_B_SPI_transmitData                          
000006dd  EUSCI_B_SPI_receiveData                           
000006ed  EUSCI_B_SPI_enableInterrupt                       
00000707  EUSCI_B_SPI_disableInterrupt                      
00000721  EUSCI_B_SPI_getInterruptStatus                    
00000739  EUSCI_B_SPI_clearInterruptFlag                    
00000753  EUSCI_B_SPI_enable                                
00000769  EUSCI_B_SPI_disable                               
0000077f  EUSCI_B_SPI_getReceiveBufferAddressForDMA         
0000078d  EUSCI_B_SPI_getTransmitBufferAddressForDMA        
0000079b  EUSCI_B_SPI_isBusy                                
000007b3  EUSCI_A_SPI_select4PinFunctionality               
000007d3  EUSCI_A_SPI_masterChangeClock                     
00000809  EUSCI_A_SPI_slaveInit                             
00000853  EUSCI_A_SPI_changeClockPhasePolarity              
00000895  EUSCI_A_SPI_transmitData                          
000008ab  EUSCI_A_SPI_receiveData                           
000008bb  EUSCI_A_SPI_enableInterrupt                       
000008d5  EUSCI_A_SPI_disableInterrupt                      
000008ef  EUSCI_A_SPI_getInterruptStatus                    
00000907  EUSCI_A_SPI_clearInterruptFlag                    
00000921  EUSCI_A_SPI_enable                                
00000937  EUSCI_A_SPI_disable                               
0000094d  EUSCI_A_SPI_getReceiveBufferAddressForDMA         
0000095b  EUSCI_A_SPI_getTransmitBufferAddressForDMA        
00000969  EUSCI_A_SPI_isBusy                                
00000989  Crystalfontz128x128_Init                          
00000a9d  Crystalfontz128x128_SetDrawFrame                  
00000bcb  Crystalfontz128x128_SetOrientation                
00001001  Graphics_drawLineH                                
0000109d  Graphics_drawLineV                                
0000131d  Graphics_drawLine                                 
00001491  GPIO_setAsOutputPin                               
000014cb  GPIO_setAsInputPin                                
00001511  GPIO_setAsPeripheralModuleFunctionOutputPin       
00001595  GPIO_setAsPeripheralModuleFunctionInputPin        
00001619  GPIO_setOutputHighOnPin                           
0000163b  GPIO_setOutputLowOnPin                            
0000165d  GPIO_toggleOutputOnPin                            
0000167f  GPIO_setAsInputPinWithPullDownResistor            
000016d1  GPIO_setAsInputPinWithPullUpResistor              
00001723  GPIO_getInputPinValue                             
00001751  GPIO_enableInterrupt                              
00001773  GPIO_disableInterrupt                             
00001795  GPIO_getInterruptStatus                           
000017b3  GPIO_clearInterruptFlag                           
000017d5  GPIO_interruptEdgeSelect                          
0000180b  GPIO_getEnabledInterruptStatus                    
00001887  GPIO_setDriveStrengthHigh                         
000018a9  GPIO_setDriveStrengthLow                          
000018cb  GPIO_registerInterrupt                            
000018eb  GPIO_unregisterInterrupt                          
0000197b  BUTTON_ISR                                        
00001a49  main                                              
00001b31  _Z5Setupv                                         
00001cf9  T32_INT1_IRQHandler                               
00001cf9  T32_INT1_IRQHandler                               
00001d1f  __sti___8_main_cpp_937618a8                       
00001d69  _ZN9SchedulerC1Ev                                 
00001d69  _ZN9SchedulerC2Ev                                 
00001dc9  _ZN9Scheduler6attachEP4Task                       
00001e35  _ZN9Scheduler6attachEP4Tasky                      
00001e99  _ZN9Scheduler3runEv                               
00001ef7  _ZN9Scheduler21CalculateNextScheduleEv            
00001fc3  _ZN9Scheduler19ProcessMessageQueueEv              
00002047  _ZN9Scheduler13attachMessageE3MSG                 
00002087  _ZN9Scheduler17clearMessageQueueEv                
000020e9  _ZN9Scheduler18clearNextSchedulerEv               
00002133  _ZN9Scheduler14processMessageE3MSG                
00002185  _ZN9Scheduler22SortScheduleByPriorityEP4Task      
0000219b  Interrupt_enableMaster                            
000021ab  Interrupt_disableMaster                           
000021bb  Interrupt_registerInterrupt                       
0000220d  Interrupt_unregisterInterrupt                     
00002221  Interrupt_setPriorityGrouping                     
0000223b  Interrupt_getPriorityGrouping                     
00002273  Interrupt_setPriority                             
000022c3  Interrupt_getPriority                             
000022e9  Interrupt_enableInterrupt                         
0000235b  Interrupt_disableInterrupt                        
000023cd  Interrupt_isEnabled                               
00002459  Interrupt_pendInterrupt                           
000024c9  Interrupt_unpendInterrupt                         
00002517  Interrupt_setPriorityMask                         
00002527  Interrupt_getPriorityMask                         
00002531  Interrupt_setVectorTableAddress                   
00002541  Interrupt_getVectorTableAddress                   
00002547  Interrupt_enableSleepOnIsrExit                    
00002559  Interrupt_disableSleepOnIsrExit                   
00002589  minit                                             
00002617  malloc                                            
0000267f  free                                              
00002741  realloc                                           
0000284d  memalign                                          
00002931  calloc                                            
00002965  SystemCoreClockUpdate                             
00002bd9  SystemInit                                        
00002cd5  _ZN6ScreenC1Eib                                   
00002cd5  _ZN6ScreenC2Eib                                   
00002d65  _ZN6Screen3runEv                                  
00002d71  _ZN6Screen14ProcessMessageE3MSG                   
00002e4f  _ZN6Screen11printScreenEhht                       
00002fe5  Graphics_initContext                              
0000302f  Graphics_setClipRegion                            
000030f9  Graphics_setBackgroundColor                       
00003113  Graphics_setBackgroundColorTranslated             
00003129  Graphics_setFont                                  
00003143  Graphics_getFontBaseline                          
00003151  Graphics_setForegroundColor                       
00003167  Graphics_setForegroundColorTranslated             
00003179  Graphics_getFontHeight                            
00003187  Graphics_getFontMaxWidth                          
00003195  Graphics_getDisplayWidth                          
000031a5  Graphics_getDisplayHeight                         
000031b5  Graphics_getHeightOfDisplay                       
000031c3  Graphics_flushBuffer                              
000031d1  Graphics_clearDisplay                             
000031e3  Graphics_drawPixel                                
0000323d  Graphics_getWidthOfDisplay                        
0000324b  __mpu_init                                        
0000324d  _ZN5ServoC1Eibii                                  
0000324d  _ZN5ServoC2Eibii                                  
000032c3  _ZN5Servo3runEv                                   
000032fb  _ZN5Servo14ProcessMessageE3MSG                    
0000335f  _ZN5Servo19ADCtoServoValueConvEi                  
00003385  Graphics_drawPixelOnDisplay                       
000033af  Graphics_drawMultiplePixelsOnDisplay              
000033f3  Graphics_drawHorizontalLineOnDisplay              
00003427  Graphics_drawVerticalLineOnDisplay                
0000345b  Graphics_fillRectangleOnDisplay                   
00003479  Graphics_translateColorOnDisplay                  
0000348f  Graphics_flushOnDisplay                           
000034a1  Graphics_clearDisplayOnDisplay                    
000034b9  _ZN3LEDC1Eibii                                    
000034b9  _ZN3LEDC2Eibii                                    
00003525  _ZN3LEDC1Eibiiy                                   
00003525  _ZN3LEDC2Eibiiy                                   
00003591  _ZN3LED3runEv                                     
000035a9  HAL_LCD_PortInit                                  
000035d9  HAL_LCD_SpiInit                                   
0000360f  HAL_LCD_writeCommand                              
00003637  HAL_LCD_writeData                                 
00003665  _ZSt21__gen_dummy_typeinfosv                      
0000366d  _ZNSt9type_infoD1Ev                               
0000366d  _ZNSt9type_infoD2Ev                               
0000366f  _ZNSt9type_infoD0Ev                               
00003677  _ZNKSt9type_info4nameEv                           
0000367b  _ZNKSt9type_infoneERKS_                           
00003691  _ZNKSt9type_infoeqERKS_                           
000036a7  _ZNKSt9type_info6beforeERKS_                      
000036b5  _ZN10__cxxabiv129__pointer_to_member_type_infoD1Ev
000036b5  _ZN10__cxxabiv129__pointer_to_member_type_infoD2Ev
000036b7  _ZN10__cxxabiv129__pointer_to_member_type_infoD0Ev
000036bf  _ZN10__cxxabiv123__fundamental_type_infoD1Ev      
000036bf  _ZN10__cxxabiv123__fundamental_type_infoD2Ev      
000036c1  _ZN10__cxxabiv123__fundamental_type_infoD0Ev      
000036c9  _ZN10__cxxabiv121__vmi_class_type_infoD1Ev        
000036c9  _ZN10__cxxabiv121__vmi_class_type_infoD2Ev        
000036cb  _ZN10__cxxabiv121__vmi_class_type_infoD0Ev        
000036d3  _ZN10__cxxabiv120__si_class_type_infoD1Ev         
000036d3  _ZN10__cxxabiv120__si_class_type_infoD2Ev         
000036d5  _ZN10__cxxabiv120__si_class_type_infoD0Ev         
000036dd  _ZN10__cxxabiv120__function_type_infoD1Ev         
000036dd  _ZN10__cxxabiv120__function_type_infoD2Ev         
000036df  _ZN10__cxxabiv120__function_type_infoD0Ev         
000036e7  _ZN10__cxxabiv119__pointer_type_infoD1Ev          
000036e7  _ZN10__cxxabiv119__pointer_type_infoD2Ev          
000036e9  _ZN10__cxxabiv119__pointer_type_infoD0Ev          
000036f1  _ZN10__cxxabiv117__pbase_type_infoD1Ev            
000036f1  _ZN10__cxxabiv117__pbase_type_infoD2Ev            
000036f3  _ZN10__cxxabiv117__pbase_type_infoD0Ev            
000036fb  _ZN10__cxxabiv117__class_type_infoD1Ev            
000036fb  _ZN10__cxxabiv117__class_type_infoD2Ev            
000036fd  _ZN10__cxxabiv117__class_type_infoD0Ev            
00003705  _ZN10__cxxabiv117__array_type_infoD1Ev            
00003705  _ZN10__cxxabiv117__array_type_infoD2Ev            
00003707  _ZN10__cxxabiv117__array_type_infoD0Ev            
0000370f  _ZN10__cxxabiv116__enum_type_infoD1Ev             
0000370f  _ZN10__cxxabiv116__enum_type_infoD2Ev             
00003711  _ZN10__cxxabiv116__enum_type_infoD0Ev             
00003721  _ZN6ButtonC1Eibiiy                                
00003721  _ZN6ButtonC2Eibiiy                                
00003797  _ZN6Button3runEv                                  
000037a7  _ZN6Button14ProcessMessageE3MSG                   
000037b3  _ZN6Button11SendMessageEv                         
000037d5  __aeabi_memcpy                                    
000037d5  __aeabi_memcpy4                                   
000037d5  __aeabi_memcpy8                                   
000037d5  memcpy                                            
00003871  _ZN4TaskC1Ev                                      
00003871  _ZN4TaskC2Ev                                      
0000388f  _ZN4Task19SetTaskCurrentCountEy                   
000038ad  _ZN4Task17SetTaskFinalCountEy                     
000038cb  _ZN4Task19GetTaskCurrentCountEv                   
000038db  _ZN4Task17GetTaskFinalCountEv                     
000038f1  __aeabi_memclr                                    
000038f1  __aeabi_memclr4                                   
000038f1  __aeabi_memclr8                                   
000038f3  __aeabi_memset                                    
000038f3  __aeabi_memset4                                   
000038f3  __aeabi_memset8                                   
000038f9  memset                                            
0000396b  _Z21__default_new_handlerv                        
0000396d  __TI_auto_init                                    
00003a47  _system_post_cinit                                
00003a49  _c_int00                                          
00003a9d  C$$EXIT                                           
00003aa1  abort                                             
00003aa9  exit                                              
00003af1  copy_in                                           
00003b3d  CPU_cpsid                                         
00003b49  CPU_primask                                       
00003b53  CPU_cpsie                                         
00003b5f  CPU_wfi                                           
00003b63  CPU_basepriSet                                    
00003b71  CPU_basepriGet                                    
00003b7d  _Znwj                                             
00003bad  _ZN4Task11SendMessageEv                           
00003bcd  _args_main                                        
00003be5  _register_unlock                                  
00003beb  _register_lock                                    
00003bf3  _nop                                              
00003bf9  __TI_decompress_none                              
00003c07  Reset_Handler                                     
00003c13  ADC14_IRQHandler                                  
00003c13  AES256_IRQHandler                                 
00003c13  BusFault_Handler                                  
00003c13  COMP_E0_IRQHandler                                
00003c13  COMP_E1_IRQHandler                                
00003c13  CS_IRQHandler                                     
00003c13  DMA_ERR_IRQHandler                                
00003c13  DMA_INT0_IRQHandler                               
00003c13  DMA_INT1_IRQHandler                               
00003c13  DMA_INT2_IRQHandler                               
00003c13  DMA_INT3_IRQHandler                               
00003c13  DebugMon_Handler                                  
00003c13  Default_Handler                                   
00003c13  EUSCIA0_IRQHandler                                
00003c13  EUSCIA1_IRQHandler                                
00003c13  EUSCIA2_IRQHandler                                
00003c13  EUSCIA3_IRQHandler                                
00003c13  EUSCIB0_IRQHandler                                
00003c13  EUSCIB1_IRQHandler                                
00003c13  EUSCIB2_IRQHandler                                
00003c13  EUSCIB3_IRQHandler                                
00003c13  FLCTL_IRQHandler                                  
00003c13  FPU_IRQHandler                                    
00003c13  HardFault_Handler                                 
00003c13  MemManage_Handler                                 
00003c13  NMI_Handler                                       
00003c13  PCM_IRQHandler                                    
00003c13  PORT1_IRQHandler                                  
00003c13  PORT2_IRQHandler                                  
00003c13  PORT3_IRQHandler                                  
00003c13  PORT4_IRQHandler                                  
00003c13  PORT5_IRQHandler                                  
00003c13  PORT6_IRQHandler                                  
00003c13  PSS_IRQHandler                                    
00003c13  PendSV_Handler                                    
00003c13  RTC_C_IRQHandler                                  
00003c13  SVC_Handler                                       
00003c13  SysTick_Handler                                   
00003c13  T32_INT2_IRQHandler                               
00003c13  T32_INTC_IRQHandler                               
00003c13  TA0_0_IRQHandler                                  
00003c13  TA0_N_IRQHandler                                  
00003c13  TA1_0_IRQHandler                                  
00003c13  TA1_N_IRQHandler                                  
00003c13  TA2_0_IRQHandler                                  
00003c13  TA2_N_IRQHandler                                  
00003c13  TA3_0_IRQHandler                                  
00003c13  TA3_N_IRQHandler                                  
00003c13  UsageFault_Handler                                
00003c13  WDT_A_IRQHandler                                  
00003c15  _ZN4Task14ProcessMessageE3MSG                     
00003c21  _ZN4Task3runEv                                    
00003c2d  _ZdlPv                                            
00003c35  __TI_decompress_rle24                             
00003c3b  _system_pre_init                                  
00003f38  g_sFontFixed6x8                                   
00004050  g_sCrystalfontz128x128                            
0000407c  _ZTSN10__cxxabiv123__fundamental_type_infoE       
000040a4  _ZTSN10__cxxabiv120__si_class_type_infoE          
000040c9  _ZTSN10__cxxabiv119__pointer_type_infoE           
000040ed  _ZTSN10__cxxabiv117__class_type_infoE             
0000410f  _ZTSN10__cxxabiv117__pbase_type_infoE             
00004131  _ZTSe                                             
0000418c  _ZTV6Screen                                       
000041a4  _ZTV3LED                                          
000041b8  _ZTV4Task                                         
000041cc  _ZTV5Servo                                        
000041e0  _ZTV6Button                                       
000041f4  _ZTIPKe                                           
00004204  _ZTVN10__cxxabiv117__class_type_infoE             
00004214  _ZTVN10__cxxabiv119__pointer_type_infoE           
00004224  _ZTVN10__cxxabiv120__si_class_type_infoE          
00004234  _ZTVN10__cxxabiv123__fundamental_type_infoE       
00004244  _ZTSSt9type_info                                  
0000429c  _ZTI3LED                                          
000042a8  _ZTI5Servo                                        
000042b4  _ZTI6Button                                       
000042c0  _ZTI6Screen                                       
000042cc  _ZTIN10__cxxabiv117__class_type_infoE             
000042d8  _ZTIN10__cxxabiv117__pbase_type_infoE             
000042e4  _ZTIN10__cxxabiv119__pointer_type_infoE           
000042f0  _ZTIN10__cxxabiv120__si_class_type_infoE          
000042fc  _ZTIN10__cxxabiv123__fundamental_type_infoE       
00004310  _ZTI4Task                                         
00004318  _ZTISt9type_info                                  
00004320  _ZTIe                                             
00004328  _ZTS6Button                                       
00004330  _ZTS6Screen                                       
00004358  _ZTS5Servo                                        
0000435f  _ZTS4Task                                         
00004365  _ZTS3LED                                          
0000436a  _ZTSPKe                                           
00004370  SHT$$INIT_ARRAY$$Base                             
00004374  SHT$$INIT_ARRAY$$Limit                            
00004404  __TI_Handler_Table_Base                           
0000440c  __TI_CINIT_Base                                   
0000440c  __TI_Handler_Table_Limit                          
00004424  __TI_CINIT_Limit                                  
20000000  g_pfnRAMVectors                                   
200000e8  MainScheduler                                     
200018e0  g_sContext                                        
200018fc  _ZSt16__dummy_typeinfo                            
20001900  Lcd_ScreenHeigth                                  
20001902  Lcd_ScreenWidth                                   
20001904  Lcd_TouchTrim                                     
20001906  Lcd_FlagRead                                      
20001907  Lcd_FontSolid                                     
20001908  Lcd_Orientation                                   
20001909  Lcd_PenSolid                                      
20001910  _sys_memory                                       
20001d40  pwmConfig                                         
20001d64  _ZN4Task14m_u8NextTaskIDE                         
20001d68  __TI_cleanup_ptr                                  
20001d6c  __TI_dtors_ptr                                    
20001d70  __TI_enable_exit_profile_output                   
20001d80  _lock                                             
20001d84  _unlock                                           
20001d88  main_func_sp                                      
20001d8c  _new_handler                                      
20001d90  SystemCoreClock                                   
2000fe00  __stack                                           
20010000  __STACK_END                                       
4000480c  WDTCTL_SYM                                        
ffffffff  __TI_pprof_out_hndl                               
ffffffff  __TI_prof_data_size                               
ffffffff  __TI_prof_data_start                              
ffffffff  __binit__                                         
ffffffff  __c_args__                                        
ffffffff  binit                                             

[380 symbols]
