******************************************************************************
                  TI ARM Linker Unix v15.12.3                  
******************************************************************************
>> Linked Wed Nov 16 19:49:17 2016

OUTPUT FILE NAME:   <EventHandler.out>
ENTRY POINT SYMBOL: "_c_int00"  address: 000040b5


MEMORY CONFIGURATION

         name            origin    length      used     unused   attr    fill
----------------------  --------  ---------  --------  --------  ----  --------
  MAIN                  00000000   00040000  00004b27  0003b4d9  R  X
  INFO                  00200000   00004000  00000000  00004000  R  X
  SRAM_CODE             01000000   00010000  00001f92  0000e06e  RW X
  SRAM_DATA             20000000   00010000  00001f92  0000e06e  RW  


SEGMENT ALLOCATION MAP

run origin  load origin   length   init length attrs members
----------  ----------- ---------- ----------- ----- -------
00000000    00000000    00004b2c   00004b2c    r-x
  00000000    00000000    000000e4   000000e4    r-- .intvecs
  000000e4    000000e4    00004246   00004246    r-x .text
  0000432c    0000432c    0000074d   0000074d    r-- .const
  00004a7c    00004a7c    00000004   00000004    r-- .init_array
  00004a80    00004a80    000000ac   000000ac    r-- .cinit
20000000    20000000    00001d98   00000000    rw-
  20000000    20000000    000000e4   00000000    rw- .vtable
  200000e8    200000e8    0000182e   00000000    rw- .bss
  20001918    20001918    00000400   00000000    rw- .sysmem
  20001d18    20001d18    00000080   00000000    rw- .data
2000fe00    2000fe00    00000200   00000000    rw-
  2000fe00    2000fe00    00000200   00000000    rw- .stack


SECTION ALLOCATION MAP

 output                                  attributes/
section   page    origin      length       input sections
--------  ----  ----------  ----------   ----------------
.intvecs   0    00000000    000000e4     
                  00000000    000000e4     startup_msp432p401r_ccs.obj (.intvecs:retain)

.binit     0    00000000    00000000     

.text      0    000000e4    00004246     
                  000000e4    000008e0     adc14.obj (.text)
                  000009c4    000008a4     spi.obj (.text)
                  00001268    00000678     Crystalfontz128x128_ST7735.obj (.text)
                  000018e0    00000490     line.obj (.text)
                  00001d70    00000480     gpio.obj (.text)
                  000021f0    000003f0     interrupt.obj (.text)
                  000025e0    000003ec     Scheduler.obj (.text)
                  000029cc    000003dc     rtsv7M4_T_le_v4SPD16_eabi.lib : memory.obj (.text)
                  00002da8    00000370     system_msp432p401r.obj (.text)
                  00003118    000002e0     Screen.obj (.text)
                  000033f8    000002d0     main.obj (.text)
                  000036c8    00000266     context.obj (.text)
                  0000392e    00000136     rtsv7M4_T_le_v4SPD16_eabi.lib : fd_div_t2.obj (.text)
                  00003a64    00000134     display.obj (.text)
                  00003b98    00000130     Servo.obj (.text)
                  00003cc8    000000bc     HAL_MSP_EXP432P401R_Crystalfontz128x128_ST7735.obj (.text)
                  00003d84    000000bc     rtsv7M4_T_le_v4SPD16_eabi.lib : typeinfo_.obj (.text)
                  00003e40    0000009c                                   : memcpy_t2.obj (.text)
                  00003edc    00000080     Task.obj (.text)
                  00003f5c    0000007a     rtsv7M4_T_le_v4SPD16_eabi.lib : memset_t2.obj (.text)
                  00003fd6    00000002                                   : mpu_init.obj (.text)
                  00003fd8    00000070                                   : autoinit.obj (.text)
                  00004048    0000006a                                   : copy_decompress_rle.obj (.text)
                  000040b2    00000002                                   : newhandler.obj (.text)
                  000040b4    00000054                                   : boot.obj (.text)
                  00004108    00000054                                   : exit.obj (.text)
                  0000415c    0000004c                                   : cpy_tbl.obj (.text)
                  000041a8    00000048                                   : fd_toi_t2.obj (.text)
                  000041f0    0000003e     cpu.obj (.text)
                  0000422e    00000038     rtsv7M4_T_le_v4SPD16_eabi.lib : fs_tod_t2.obj (.text)
                  00004266    00000002                                   : startup.obj (.text)
                  00004268    00000030                                   : new_.obj (.text)
                  00004298    00000020     LED.obj (.text:_ZN4Task11SendMessageEv)
                  000042b8    00000018     rtsv7M4_T_le_v4SPD16_eabi.lib : args_main.obj (.text)
                  000042d0    00000014                                   : _lock.obj (.text)
                  000042e4    0000000e                                   : copy_decompress_none.obj (.text:decompress:none)
                  000042f2    0000000e     startup_msp432p401r_ccs.obj (.text)
                  00004300    0000000c     LED.obj (.text:_ZN4Task14ProcessMessageE3MSG)
                  0000430c    0000000c     Task.obj (.text:_ZN4Task3runEv)
                  00004318    00000008     rtsv7M4_T_le_v4SPD16_eabi.lib : delete.obj (.text)
                  00004320    00000006                                   : copy_decompress_rle.obj (.text:decompress:rle24)
                  00004326    00000004                                   : pre_init.obj (.text)

.const     0    0000432c    0000074d     
                  0000432c    000002f8     fontfixed6x8.obj (.const:.string:g_pucFontFixed6x8Data)
                  00004624    000000c8     fontfixed6x8.obj (.const:g_sFontFixed6x8)
                  000046ec    00000080     adc14.obj (.const:_ctlRegs)
                  0000476c    00000050     interrupt.obj (.const:g_pulRegs)
                  000047bc    0000002c     Crystalfontz128x128_ST7735.obj (.const:g_sCrystalfontz128x128)
                  000047e8    00000028     rtsv7M4_T_le_v4SPD16_eabi.lib : typeinfo_.obj (.const:.typeinfo:_ZTSN10__cxxabiv123__fundamental_type_infoE)
                  00004810    00000025                                   : typeinfo_.obj (.const:.typeinfo:_ZTSN10__cxxabiv120__si_class_type_infoE)
                  00004835    00000024                                   : typeinfo_.obj (.const:.typeinfo:_ZTSN10__cxxabiv119__pointer_type_infoE)
                  00004859    00000022                                   : typeinfo_.obj (.const:.typeinfo:_ZTSN10__cxxabiv117__class_type_infoE)
                  0000487b    00000022                                   : typeinfo_.obj (.const:.typeinfo:_ZTSN10__cxxabiv117__pbase_type_infoE)
                  0000489d    00000002                                   : typeinfo_.obj (.const:.typeinfo:_ZTSe)
                  0000489f    00000001     --HOLE-- [fill = 0]
                  000048a0    00000020     interrupt.obj (.const:g_pulPriority)
                  000048c0    0000001c     HAL_MSP_EXP432P401R_Crystalfontz128x128_ST7735.obj (.const:$P$T0$1)
                  000048dc    0000001c     gpio.obj (.const:GPIO_PORT_TO_INT)
                  000048f8    0000001c     Screen.obj (.const:_ZTV6Screen)
                  00004914    00000014     Task.obj (.const:_ZTV4Task)
                  00004928    00000014     Servo.obj (.const:_ZTV5Servo)
                  0000493c    00000010     rtsv7M4_T_le_v4SPD16_eabi.lib : typeinfo_.obj (.const:.typeinfo:_ZTIPKe)
                  0000494c    00000010                                   : typeinfo_.obj (.const:_ZTVN10__cxxabiv117__class_type_infoE)
                  0000495c    00000010                                   : typeinfo_.obj (.const:_ZTVN10__cxxabiv119__pointer_type_infoE)
                  0000496c    00000010                                   : typeinfo_.obj (.const:_ZTVN10__cxxabiv120__si_class_type_infoE)
                  0000497c    00000010                                   : typeinfo_.obj (.const:_ZTVN10__cxxabiv123__fundamental_type_infoE)
                  0000498c    0000000d                                   : typeinfo_.obj (.const:.typeinfo:_ZTSSt9type_info)
                  00004999    00000003     --HOLE-- [fill = 0]
                  0000499c    0000000c     LED.obj (.const:$P$T40$1)
                  000049a8    0000000c     Scheduler.obj (.const:$P$T40$1)
                  000049b4    0000000c     main.obj (.const:$P$T40$1)
                  000049c0    0000000c     main.obj (.const:$P$T41$2)
                  000049cc    0000000c     Servo.obj (.const:.typeinfo:_ZTI5Servo)
                  000049d8    0000000c     Screen.obj (.const:.typeinfo:_ZTI6Screen)
                  000049e4    0000000c     rtsv7M4_T_le_v4SPD16_eabi.lib : typeinfo_.obj (.const:.typeinfo:_ZTIN10__cxxabiv117__class_type_infoE)
                  000049f0    0000000c                                   : typeinfo_.obj (.const:.typeinfo:_ZTIN10__cxxabiv117__pbase_type_infoE)
                  000049fc    0000000c                                   : typeinfo_.obj (.const:.typeinfo:_ZTIN10__cxxabiv119__pointer_type_infoE)
                  00004a08    0000000c                                   : typeinfo_.obj (.const:.typeinfo:_ZTIN10__cxxabiv120__si_class_type_infoE)
                  00004a14    0000000c                                   : typeinfo_.obj (.const:.typeinfo:_ZTIN10__cxxabiv123__fundamental_type_infoE)
                  00004a20    00000008     Crystalfontz128x128_ST7735.obj (.const:$P$T0$1)
                  00004a28    00000008     Button.obj (.const:.typeinfo:_ZTI4Task)
                  00004a30    00000008     rtsv7M4_T_le_v4SPD16_eabi.lib : typeinfo_.obj (.const:.typeinfo:_ZTISt9type_info)
                  00004a38    00000008                                   : typeinfo_.obj (.const:.typeinfo:_ZTIe)
                  00004a40    00000008     Screen.obj (.const:.typeinfo:_ZTS6Screen)
                  00004a48    00000008     interrupt.obj (.const:g_pulDisRegs)
                  00004a50    00000008     interrupt.obj (.const:g_pulEnRegs)
                  00004a58    00000008     interrupt.obj (.const:g_pulPendRegs)
                  00004a60    00000008     interrupt.obj (.const:g_pulUnpendRegs)
                  00004a68    00000007     Servo.obj (.const:.typeinfo:_ZTS5Servo)
                  00004a6f    00000006     Button.obj (.const:.typeinfo:_ZTS4Task)
                  00004a75    00000004     rtsv7M4_T_le_v4SPD16_eabi.lib : typeinfo_.obj (.const:.typeinfo:_ZTSPKe)

.cinit     0    00004a80    000000ac     
                  00004a80    0000006c     (.cinit..data.load) [load image, compression = rle]
                  00004aec    00000004     --HOLE-- [fill = 0]
                  00004af0    0000000b     (.cinit..bss.load) [load image, compression = rle]
                  00004afb    00000005     --HOLE-- [fill = 0]
                  00004b00    00000009     (.cinit..vtable.load) [load image, compression = rle]
                  00004b09    00000003     --HOLE-- [fill = 0]
                  00004b0c    00000008     (__TI_handler_table)
                  00004b14    00000018     (__TI_cinit_table)

.init_array 
*          0    00004a7c    00000004     
                  00004a7c    00000004     main.obj (.init_array)

.vtable    0    20000000    000000e4     UNINITIALIZED
                  20000000    000000e4     interrupt.obj (.vtable)

.bss       0    200000e8    0000182e     UNINITIALIZED
                  200000e8    000017f8     main.obj (.bss:MainScheduler)
                  200018e0    0000001c     (.common:g_sContext)
                  200018fc    00000008     (.common:aDataFromADC)
                  20001904    00000004     main.obj (.bss)
                  20001908    00000004     (.common:_ZSt16__dummy_typeinfo)
                  2000190c    00000002     (.common:Lcd_ScreenHeigth)
                  2000190e    00000002     (.common:Lcd_ScreenWidth)
                  20001910    00000002     (.common:Lcd_TouchTrim)
                  20001912    00000001     (.common:Lcd_FlagRead)
                  20001913    00000001     (.common:Lcd_FontSolid)
                  20001914    00000001     (.common:Lcd_Orientation)
                  20001915    00000001     (.common:Lcd_PenSolid)

.sysmem    0    20001918    00000400     UNINITIALIZED
                  20001918    00000008     rtsv7M4_T_le_v4SPD16_eabi.lib : memory.obj (.sysmem)
                  20001920    000003f8     --HOLE--

.data      0    20001d18    00000080     UNINITIALIZED
                  20001d18    00000030     gpio.obj (.data:GPIO_PORT_TO_BASE)
                  20001d48    00000018     Servo.obj (.data:pwmConfig)
                  20001d60    0000000c     rtsv7M4_T_le_v4SPD16_eabi.lib : exit.obj (.data:$O1$$)
                  20001d6c    0000000c                                   : memory.obj (.data:$O1$$)
                  20001d78    0000000c     main.obj (.data)
                  20001d84    00000008     rtsv7M4_T_le_v4SPD16_eabi.lib : _lock.obj (.data:$O1$$)
                  20001d8c    00000004                                   : stkdepth_vars.obj (.data)
                  20001d90    00000004                                   : vars.obj (.data)
                  20001d94    00000004     system_msp432p401r.obj (.data)

.stack     0    2000fe00    00000200     UNINITIALIZED
                  2000fe00    00000200     --HOLE--

MODULE SUMMARY

       Module                                               code    ro data   rw data
       ------                                               ----    -------   -------
    ./
       main.obj                                             720     28        12320  
       Scheduler.obj                                        1004    12        0      
       system_msp432p401r.obj                               880     0         8      
       Screen.obj                                           736     48        56     
       Servo.obj                                            304     39        48     
       startup_msp432p401r_ccs.obj                          14      228       0      
       Task.obj                                             140     20        0      
       LED.obj                                              44      12        0      
       Button.obj                                           0       14        0      
    +--+----------------------------------------------------+-------+---------+---------+
       Total:                                               3842    401       12432  
                                                                                     
    ./GrLib/fonts/
       fontfixed6x8.obj                                     0       960       0      
    +--+----------------------------------------------------+-------+---------+---------+
       Total:                                               0       960       0      
                                                                                     
    ./GrLib/grlib/
       line.obj                                             1168    0         0      
       context.obj                                          614     0         0      
       display.obj                                          308     0         0      
    +--+----------------------------------------------------+-------+---------+---------+
       Total:                                               2090    0         0      
                                                                                     
    ./LcdDriver/
       Crystalfontz128x128_ST7735.obj                       1656    52        20     
       HAL_MSP_EXP432P401R_Crystalfontz128x128_ST7735.obj   188     28        0      
    +--+----------------------------------------------------+-------+---------+---------+
       Total:                                               1844    80        20     
                                                                                     
    ./driverlib/MSP432P4xx/
       adc14.obj                                            2272    128       0      
       spi.obj                                              2212    0         0      
       interrupt.obj                                        1008    144       456    
       gpio.obj                                             1152    28        96     
       cpu.obj                                              62      0         0      
    +--+----------------------------------------------------+-------+---------+---------+
       Total:                                               6706    300       552    
                                                                                     
    /home/aglt93/ti/ccsv6/tools/compiler/arm_15.12.3.LTS/lib/rtsv7M4_T_le_v4SPD16_eabi.lib
       memory.obj                                           988     0         24     
       typeinfo_.obj                                        188     356       8      
       fd_div_t2.obj                                        310     0         0      
       memcpy_t2.obj                                        156     0         0      
       memset_t2.obj                                        122     0         0      
       autoinit.obj                                         112     0         0      
       copy_decompress_rle.obj                              112     0         0      
       exit.obj                                             84      0         24     
       boot.obj                                             84      0         0      
       cpy_tbl.obj                                          76      0         0      
       fd_toi_t2.obj                                        72      0         0      
       fs_tod_t2.obj                                        56      0         0      
       new_.obj                                             48      0         0      
       _lock.obj                                            20      0         16     
       args_main.obj                                        24      0         0      
       copy_decompress_none.obj                             14      0         0      
       delete.obj                                           8       0         0      
       stkdepth_vars.obj                                    0       0         8      
       vars.obj                                             0       0         8      
       pre_init.obj                                         4       0         0      
       mpu_init.obj                                         2       0         0      
       newhandler.obj                                       2       0         0      
       startup.obj                                          2       0         0      
    +--+----------------------------------------------------+-------+---------+---------+
       Total:                                               2484    356       88     
                                                                                     
       Heap:                                                0       0         2048   
       Stack:                                               0       0         1024   
       Linker Generated:                                    0       160       0      
    +--+----------------------------------------------------+-------+---------+---------+
       Grand Total:                                         16966   2257      16164  


LINKER GENERATED COPY TABLES

__TI_cinit_table @ 00004b14 records: 3, size/record: 8, table size: 24
	.data: load addr=00004a80, load size=0000006c bytes, run addr=20001d18, run size=00000080 bytes, compression=rle
	.bss: load addr=00004af0, load size=0000000b bytes, run addr=200000e8, run size=0000182e bytes, compression=rle
	.vtable: load addr=00004b00, load size=00000009 bytes, run addr=20000000, run size=000000e4 bytes, compression=rle


LINKER GENERATED HANDLER TABLE

__TI_handler_table @ 00004b0c records: 2, size/record: 4, table size: 8
	index: 0, handler: __TI_decompress_rle24
	index: 1, handler: __TI_decompress_none


GLOBAL SYMBOLS: SORTED ALPHABETICALLY BY Name 

address   name                                              
-------   ----                                              
000035f7  ADC14_IRQHandler                                  
000035f7  ADC14_IRQHandler                                  
00000939  ADC14_clearInterruptFlag                          
000004d9  ADC14_configureConversionMemory                   
00000381  ADC14_configureMultiSequenceMode                  
00000417  ADC14_configureSingleSampleMode                   
00000611  ADC14_disableComparatorWindow                     
000004af  ADC14_disableConversion                           
000008b3  ADC14_disableInterrupt                            
00000255  ADC14_disableModule                               
0000082f  ADC14_disableReferenceBurst                       
00000295  ADC14_disableSampleTimer                          
00000581  ADC14_enableComparatorWindow                      
0000046d  ADC14_enableConversion                            
00000887  ADC14_enableInterrupt                             
0000024d  ADC14_enableModule                                
00000819  ADC14_enableReferenceBurst                        
0000026b  ADC14_enableSampleTimer                           
00000909  ADC14_getEnabledInterruptStatus                   
000008df  ADC14_getInterruptStatus                          
00000739  ADC14_getMultiSequenceResult                      
0000030b  ADC14_getResolution                               
0000071f  ADC14_getResult                                   
000007a5  ADC14_getResultArray                              
000002ab  ADC14_initModule                                  
000004bb  ADC14_isBusy                                      
00000969  ADC14_registerInterrupt                           
0000066f  ADC14_setComparatorWindowValue                    
00000845  ADC14_setPowerMode                                
000002f1  ADC14_setResolution                               
000006f5  ADC14_setResultFormat                             
00000357  ADC14_setSampleHoldTime                           
00000315  ADC14_setSampleHoldTrigger                        
0000048d  ADC14_toggleConversionTrigger                     
0000097d  ADC14_unregisterInterrupt                         
000042ff  AES256_IRQHandler                                 
000042ff  BusFault_Handler                                  
00004109  C$$EXIT                                           
000042ff  COMP_E0_IRQHandler                                
000042ff  COMP_E1_IRQHandler                                
00004225  CPU_basepriGet                                    
00004217  CPU_basepriSet                                    
000041f1  CPU_cpsid                                         
00004207  CPU_cpsie                                         
000041fd  CPU_primask                                       
00004213  CPU_wfi                                           
000042ff  CS_IRQHandler                                     
00001269  Crystalfontz128x128_Init                          
0000137d  Crystalfontz128x128_SetDrawFrame                  
000014ab  Crystalfontz128x128_SetOrientation                
000042ff  DMA_ERR_IRQHandler                                
000042ff  DMA_INT0_IRQHandler                               
000042ff  DMA_INT1_IRQHandler                               
000042ff  DMA_INT2_IRQHandler                               
000042ff  DMA_INT3_IRQHandler                               
20001904  DataToServo                                       
000042ff  DebugMon_Handler                                  
000042ff  Default_Handler                                   
000042ff  EUSCIA0_IRQHandler                                
000042ff  EUSCIA1_IRQHandler                                
000042ff  EUSCIA2_IRQHandler                                
000042ff  EUSCIA3_IRQHandler                                
000042ff  EUSCIB0_IRQHandler                                
000042ff  EUSCIB1_IRQHandler                                
000042ff  EUSCIB2_IRQHandler                                
000042ff  EUSCIB3_IRQHandler                                
00001133  EUSCI_A_SPI_changeClockPhasePolarity              
000011e7  EUSCI_A_SPI_clearInterruptFlag                    
00001217  EUSCI_A_SPI_disable                               
000011b5  EUSCI_A_SPI_disableInterrupt                      
00001201  EUSCI_A_SPI_enable                                
0000119b  EUSCI_A_SPI_enableInterrupt                       
000011cf  EUSCI_A_SPI_getInterruptStatus                    
0000122d  EUSCI_A_SPI_getReceiveBufferAddressForDMA         
0000123b  EUSCI_A_SPI_getTransmitBufferAddressForDMA        
00001249  EUSCI_A_SPI_isBusy                                
000010b3  EUSCI_A_SPI_masterChangeClock                     
0000118b  EUSCI_A_SPI_receiveData                           
00001093  EUSCI_A_SPI_select4PinFunctionality               
000010e9  EUSCI_A_SPI_slaveInit                             
00001175  EUSCI_A_SPI_transmitData                          
00000f65  EUSCI_B_SPI_changeClockPhasePolarity              
00001019  EUSCI_B_SPI_clearInterruptFlag                    
00001049  EUSCI_B_SPI_disable                               
00000fe7  EUSCI_B_SPI_disableInterrupt                      
00001033  EUSCI_B_SPI_enable                                
00000fcd  EUSCI_B_SPI_enableInterrupt                       
00001001  EUSCI_B_SPI_getInterruptStatus                    
0000105f  EUSCI_B_SPI_getReceiveBufferAddressForDMA         
0000106d  EUSCI_B_SPI_getTransmitBufferAddressForDMA        
0000107b  EUSCI_B_SPI_isBusy                                
00000ee9  EUSCI_B_SPI_masterChangeClock                     
00000fbd  EUSCI_B_SPI_receiveData                           
00000ec9  EUSCI_B_SPI_select4PinFunctionality               
00000f1b  EUSCI_B_SPI_slaveInit                             
00000fa7  EUSCI_B_SPI_transmitData                          
000042ff  FLCTL_IRQHandler                                  
000042ff  FPU_IRQHandler                                    
00002093  GPIO_clearInterruptFlag                           
00002053  GPIO_disableInterrupt                             
00002031  GPIO_enableInterrupt                              
000020eb  GPIO_getEnabledInterruptStatus                    
00002003  GPIO_getInputPinValue                             
00002075  GPIO_getInterruptStatus                           
000020b5  GPIO_interruptEdgeSelect                          
000021ab  GPIO_registerInterrupt                            
00001dab  GPIO_setAsInputPin                                
00001f5f  GPIO_setAsInputPinWithPullDownResistor            
00001fb1  GPIO_setAsInputPinWithPullUpResistor              
00001d71  GPIO_setAsOutputPin                               
00001e75  GPIO_setAsPeripheralModuleFunctionInputPin        
00001df1  GPIO_setAsPeripheralModuleFunctionOutputPin       
00002167  GPIO_setDriveStrengthHigh                         
00002189  GPIO_setDriveStrengthLow                          
00001ef9  GPIO_setOutputHighOnPin                           
00001f1b  GPIO_setOutputLowOnPin                            
00001f3d  GPIO_toggleOutputOnPin                            
000021cb  GPIO_unregisterInterrupt                          
000038b5  Graphics_clearDisplay                             
00003b81  Graphics_clearDisplayOnDisplay                    
00003ad3  Graphics_drawHorizontalLineOnDisplay              
00001bfd  Graphics_drawLine                                 
000018e1  Graphics_drawLineH                                
0000197d  Graphics_drawLineV                                
00003a8f  Graphics_drawMultiplePixelsOnDisplay              
000038c7  Graphics_drawPixel                                
00003a65  Graphics_drawPixelOnDisplay                       
00003b07  Graphics_drawVerticalLineOnDisplay                
00003b3b  Graphics_fillRectangleOnDisplay                   
000038a7  Graphics_flushBuffer                              
00003b6f  Graphics_flushOnDisplay                           
00003889  Graphics_getDisplayHeight                         
00003879  Graphics_getDisplayWidth                          
00003827  Graphics_getFontBaseline                          
0000385d  Graphics_getFontHeight                            
0000386b  Graphics_getFontMaxWidth                          
00003899  Graphics_getHeightOfDisplay                       
00003921  Graphics_getWidthOfDisplay                        
000036c9  Graphics_initContext                              
000037dd  Graphics_setBackgroundColor                       
000037f7  Graphics_setBackgroundColorTranslated             
00003713  Graphics_setClipRegion                            
0000380d  Graphics_setFont                                  
00003835  Graphics_setForegroundColor                       
0000384b  Graphics_setForegroundColorTranslated             
00003b59  Graphics_translateColorOnDisplay                  
00003cc9  HAL_LCD_PortInit                                  
00003cf9  HAL_LCD_SpiInit                                   
00003d2f  HAL_LCD_writeCommand                              
00003d57  HAL_LCD_writeData                                 
000042ff  HardFault_Handler                                 
000023b3  Interrupt_disableInterrupt                        
00002203  Interrupt_disableMaster                           
000025b1  Interrupt_disableSleepOnIsrExit                   
00002341  Interrupt_enableInterrupt                         
000021f3  Interrupt_enableMaster                            
0000259f  Interrupt_enableSleepOnIsrExit                    
0000231b  Interrupt_getPriority                             
00002293  Interrupt_getPriorityGrouping                     
0000257f  Interrupt_getPriorityMask                         
00002599  Interrupt_getVectorTableAddress                   
00002425  Interrupt_isEnabled                               
000024b1  Interrupt_pendInterrupt                           
00002213  Interrupt_registerInterrupt                       
000022cb  Interrupt_setPriority                             
00002279  Interrupt_setPriorityGrouping                     
0000256f  Interrupt_setPriorityMask                         
00002589  Interrupt_setVectorTableAddress                   
00002521  Interrupt_unpendInterrupt                         
00002265  Interrupt_unregisterInterrupt                     
20001912  Lcd_FlagRead                                      
20001913  Lcd_FontSolid                                     
20001914  Lcd_Orientation                                   
20001915  Lcd_PenSolid                                      
2000190c  Lcd_ScreenHeigth                                  
2000190e  Lcd_ScreenWidth                                   
20001910  Lcd_TouchTrim                                     
200000e8  MainScheduler                                     
000042ff  MemManage_Handler                                 
000042ff  NMI_Handler                                       
000042ff  PCM_IRQHandler                                    
000042ff  PORT1_IRQHandler                                  
000042ff  PORT2_IRQHandler                                  
000042ff  PORT3_IRQHandler                                  
000042ff  PORT4_IRQHandler                                  
000042ff  PORT5_IRQHandler                                  
000042ff  PORT6_IRQHandler                                  
000042ff  PSS_IRQHandler                                    
000042ff  PendSV_Handler                                    
000042ff  RTC_C_IRQHandler                                  
000042f3  Reset_Handler                                     
00004a7c  SHT$$INIT_ARRAY$$Base                             
00004a80  SHT$$INIT_ARRAY$$Limit                            
00000b87  SPI_changeClockPhasePolarity                      
00000ae1  SPI_changeMasterClock                             
00000d39  SPI_clearInterruptFlag                            
00000cbb  SPI_disableInterrupt                              
00000c15  SPI_disableModule                                 
00000c95  SPI_enableInterrupt                               
00000bf9  SPI_enableModule                                  
00000d09  SPI_getEnabledInterruptStatus                     
00000ce1  SPI_getInterruptStatus                            
00000c31  SPI_getReceiveBufferAddressForDMA                 
00000c4d  SPI_getTransmitBufferAddressForDMA                
000009f5  SPI_initMaster                                    
00000b09  SPI_initSlave                                     
00000c79  SPI_isBusy                                        
00000bdd  SPI_receiveData                                   
00000d5f  SPI_registerInterrupt                             
00000abb  SPI_selectFourPinFunctionality                    
00000bb7  SPI_transmitData                                  
00000e1d  SPI_unregisterInterrupt                           
000042ff  SVC_Handler                                       
000042ff  SysTick_Handler                                   
20001d94  SystemCoreClock                                   
00002da9  SystemCoreClockUpdate                             
0000301d  SystemInit                                        
000035d9  T32_INT1_IRQHandler                               
000035d9  T32_INT1_IRQHandler                               
000042ff  T32_INT2_IRQHandler                               
000042ff  T32_INTC_IRQHandler                               
000042ff  TA0_0_IRQHandler                                  
000042ff  TA0_N_IRQHandler                                  
000042ff  TA1_0_IRQHandler                                  
000042ff  TA1_N_IRQHandler                                  
000042ff  TA2_0_IRQHandler                                  
000042ff  TA2_N_IRQHandler                                  
000042ff  TA3_0_IRQHandler                                  
000042ff  TA3_N_IRQHandler                                  
000042ff  UsageFault_Handler                                
4000480c  WDTCTL_SYM                                        
000042ff  WDT_A_IRQHandler                                  
000040b3  _Z21__default_new_handlerv                        
0000359d  _Z5Setupv                                         
000034bb  _Z8setupADCv                                      
00003e31  _ZN10__cxxabiv116__enum_type_infoD0Ev             
00003e2f  _ZN10__cxxabiv116__enum_type_infoD1Ev             
00003e2f  _ZN10__cxxabiv116__enum_type_infoD2Ev             
00003e27  _ZN10__cxxabiv117__array_type_infoD0Ev            
00003e25  _ZN10__cxxabiv117__array_type_infoD1Ev            
00003e25  _ZN10__cxxabiv117__array_type_infoD2Ev            
00003e1d  _ZN10__cxxabiv117__class_type_infoD0Ev            
00003e1b  _ZN10__cxxabiv117__class_type_infoD1Ev            
00003e1b  _ZN10__cxxabiv117__class_type_infoD2Ev            
00003e13  _ZN10__cxxabiv117__pbase_type_infoD0Ev            
00003e11  _ZN10__cxxabiv117__pbase_type_infoD1Ev            
00003e11  _ZN10__cxxabiv117__pbase_type_infoD2Ev            
00003e09  _ZN10__cxxabiv119__pointer_type_infoD0Ev          
00003e07  _ZN10__cxxabiv119__pointer_type_infoD1Ev          
00003e07  _ZN10__cxxabiv119__pointer_type_infoD2Ev          
00003dff  _ZN10__cxxabiv120__function_type_infoD0Ev         
00003dfd  _ZN10__cxxabiv120__function_type_infoD1Ev         
00003dfd  _ZN10__cxxabiv120__function_type_infoD2Ev         
00003df5  _ZN10__cxxabiv120__si_class_type_infoD0Ev         
00003df3  _ZN10__cxxabiv120__si_class_type_infoD1Ev         
00003df3  _ZN10__cxxabiv120__si_class_type_infoD2Ev         
00003deb  _ZN10__cxxabiv121__vmi_class_type_infoD0Ev        
00003de9  _ZN10__cxxabiv121__vmi_class_type_infoD1Ev        
00003de9  _ZN10__cxxabiv121__vmi_class_type_infoD2Ev        
00003de1  _ZN10__cxxabiv123__fundamental_type_infoD0Ev      
00003ddf  _ZN10__cxxabiv123__fundamental_type_infoD1Ev      
00003ddf  _ZN10__cxxabiv123__fundamental_type_infoD2Ev      
00003dd7  _ZN10__cxxabiv129__pointer_to_member_type_infoD0Ev
00003dd5  _ZN10__cxxabiv129__pointer_to_member_type_infoD1Ev
00003dd5  _ZN10__cxxabiv129__pointer_to_member_type_infoD2Ev
00004299  _ZN4Task11SendMessageEv                           
00004301  _ZN4Task14ProcessMessageE3MSG                     
00003f47  _ZN4Task17GetTaskFinalCountEv                     
00003f19  _ZN4Task17SetTaskFinalCountEy                     
00003f37  _ZN4Task19GetTaskCurrentCountEv                   
00003efb  _ZN4Task19SetTaskCurrentCountEy                   
0000430d  _ZN4Task3runEv                                    
00003edd  _ZN4TaskC1Ev                                      
00003edd  _ZN4TaskC2Ev                                      
00003c19  _ZN5Servo14ProcessMessageE3MSG                    
00003c7d  _ZN5Servo19ADCtoServoValueConvEi                  
00003c0d  _ZN5Servo3runEv                                   
00003b99  _ZN5ServoC1Eibii                                  
00003b99  _ZN5ServoC2Eibii                                  
0000322b  _ZN6Screen11printScreenEhht                       
000031b5  _ZN6Screen14ProcessMessageE3MSG                   
000033a3  _ZN6Screen20ADCtoScreenValueConvEi                
000031a9  _ZN6Screen3runEv                                  
00003119  _ZN6ScreenC1Eib                                   
00003119  _ZN6ScreenC2Eib                                   
00002875  _ZN9Scheduler13attachMessageE3MSG                 
00002965  _ZN9Scheduler14processMessageE3MSG                
000028cd  _ZN9Scheduler17clearMessageQueueEv                
0000291b  _ZN9Scheduler18clearNextSchedulerEv               
000027d7  _ZN9Scheduler19ProcessMessageQueueEv              
0000270b  _ZN9Scheduler21CalculateNextScheduleEv            
000029b7  _ZN9Scheduler22SortScheduleByPriorityEP4Task      
000026ad  _ZN9Scheduler3runEv                               
00002641  _ZN9Scheduler6attachEP4Task                       
000025e1  _ZN9SchedulerC1Ev                                 
000025e1  _ZN9SchedulerC2Ev                                 
00003d97  _ZNKSt9type_info4nameEv                           
00003dc7  _ZNKSt9type_info6beforeERKS_                      
00003db1  _ZNKSt9type_infoeqERKS_                           
00003d9b  _ZNKSt9type_infoneERKS_                           
00003d8f  _ZNSt9type_infoD0Ev                               
00003d8d  _ZNSt9type_infoD1Ev                               
00003d8d  _ZNSt9type_infoD2Ev                               
20001908  _ZSt16__dummy_typeinfo                            
00003d85  _ZSt21__gen_dummy_typeinfosv                      
00004a28  _ZTI4Task                                         
000049cc  _ZTI5Servo                                        
000049d8  _ZTI6Screen                                       
000049e4  _ZTIN10__cxxabiv117__class_type_infoE             
000049f0  _ZTIN10__cxxabiv117__pbase_type_infoE             
000049fc  _ZTIN10__cxxabiv119__pointer_type_infoE           
00004a08  _ZTIN10__cxxabiv120__si_class_type_infoE          
00004a14  _ZTIN10__cxxabiv123__fundamental_type_infoE       
0000493c  _ZTIPKe                                           
00004a30  _ZTISt9type_info                                  
00004a38  _ZTIe                                             
00004a6f  _ZTS4Task                                         
00004a68  _ZTS5Servo                                        
00004a40  _ZTS6Screen                                       
00004859  _ZTSN10__cxxabiv117__class_type_infoE             
0000487b  _ZTSN10__cxxabiv117__pbase_type_infoE             
00004835  _ZTSN10__cxxabiv119__pointer_type_infoE           
00004810  _ZTSN10__cxxabiv120__si_class_type_infoE          
000047e8  _ZTSN10__cxxabiv123__fundamental_type_infoE       
00004a75  _ZTSPKe                                           
0000498c  _ZTSSt9type_info                                  
0000489d  _ZTSe                                             
00004914  _ZTV4Task                                         
00004928  _ZTV5Servo                                        
000048f8  _ZTV6Screen                                       
0000494c  _ZTVN10__cxxabiv117__class_type_infoE             
0000495c  _ZTVN10__cxxabiv119__pointer_type_infoE           
0000496c  _ZTVN10__cxxabiv120__si_class_type_infoE          
0000497c  _ZTVN10__cxxabiv123__fundamental_type_infoE       
00004319  _ZdlPv                                            
00004269  _Znwj                                             
20010000  __STACK_END                                       
00000200  __STACK_SIZE                                      
00000400  __SYSMEM_SIZE                                     
00004b14  __TI_CINIT_Base                                   
00004b2c  __TI_CINIT_Limit                                  
00004b0c  __TI_Handler_Table_Base                           
00004b14  __TI_Handler_Table_Limit                          
00003fd9  __TI_auto_init                                    
20001d60  __TI_cleanup_ptr                                  
000042e5  __TI_decompress_none                              
00004321  __TI_decompress_rle24                             
20001d64  __TI_dtors_ptr                                    
20001d68  __TI_enable_exit_profile_output                   
ffffffff  __TI_pprof_out_hndl                               
ffffffff  __TI_prof_data_size                               
ffffffff  __TI_prof_data_start                              
00000000  __TI_static_base__                                
000041a9  __aeabi_d2iz                                      
0000392f  __aeabi_ddiv                                      
0000422f  __aeabi_f2d                                       
00003f5d  __aeabi_memclr                                    
00003f5d  __aeabi_memclr4                                   
00003f5d  __aeabi_memclr8                                   
00003e41  __aeabi_memcpy                                    
00003e41  __aeabi_memcpy4                                   
00003e41  __aeabi_memcpy8                                   
00003f5f  __aeabi_memset                                    
00003f5f  __aeabi_memset4                                   
00003f5f  __aeabi_memset8                                   
ffffffff  __binit__                                         
ffffffff  __c_args__                                        
00003fd7  __mpu_init                                        
2000fe00  __stack                                           
00003655  __sti___8_main_cpp_2c535ab5                       
000042b9  _args_main                                        
000040b5  _c_int00                                          
20001d84  _lock                                             
20001d90  _new_handler                                      
000042df  _nop                                              
000042d7  _register_lock                                    
000042d1  _register_unlock                                  
20001918  _sys_memory                                       
00004267  _system_post_cinit                                
00004327  _system_pre_init                                  
20001d88  _unlock                                           
200018fc  aDataFromADC                                      
0000410d  abort                                             
ffffffff  binit                                             
00002d75  calloc                                            
0000415d  copy_in                                           
00004115  exit                                              
00002ac3  free                                              
20000000  g_pfnRAMVectors                                   
200018e0  g_sContext                                        
000047bc  g_sCrystalfontz128x128                            
00004624  g_sFontFixed6x8                                   
00000000  interruptVectors                                  
00003463  main                                              
20001d8c  main_func_sp                                      
00002a5b  malloc                                            
00002c91  memalign                                          
00003e41  memcpy                                            
00003f65  memset                                            
000029cd  minit                                             
20001d80  pDataToScreen                                     
20001d48  pwmConfig                                         
00002b85  realloc                                           


GLOBAL SYMBOLS: SORTED BY Symbol Address 

address   name                                              
-------   ----                                              
00000000  __TI_static_base__                                
00000000  interruptVectors                                  
00000200  __STACK_SIZE                                      
0000024d  ADC14_enableModule                                
00000255  ADC14_disableModule                               
0000026b  ADC14_enableSampleTimer                           
00000295  ADC14_disableSampleTimer                          
000002ab  ADC14_initModule                                  
000002f1  ADC14_setResolution                               
0000030b  ADC14_getResolution                               
00000315  ADC14_setSampleHoldTrigger                        
00000357  ADC14_setSampleHoldTime                           
00000381  ADC14_configureMultiSequenceMode                  
00000400  __SYSMEM_SIZE                                     
00000417  ADC14_configureSingleSampleMode                   
0000046d  ADC14_enableConversion                            
0000048d  ADC14_toggleConversionTrigger                     
000004af  ADC14_disableConversion                           
000004bb  ADC14_isBusy                                      
000004d9  ADC14_configureConversionMemory                   
00000581  ADC14_enableComparatorWindow                      
00000611  ADC14_disableComparatorWindow                     
0000066f  ADC14_setComparatorWindowValue                    
000006f5  ADC14_setResultFormat                             
0000071f  ADC14_getResult                                   
00000739  ADC14_getMultiSequenceResult                      
000007a5  ADC14_getResultArray                              
00000819  ADC14_enableReferenceBurst                        
0000082f  ADC14_disableReferenceBurst                       
00000845  ADC14_setPowerMode                                
00000887  ADC14_enableInterrupt                             
000008b3  ADC14_disableInterrupt                            
000008df  ADC14_getInterruptStatus                          
00000909  ADC14_getEnabledInterruptStatus                   
00000939  ADC14_clearInterruptFlag                          
00000969  ADC14_registerInterrupt                           
0000097d  ADC14_unregisterInterrupt                         
000009f5  SPI_initMaster                                    
00000abb  SPI_selectFourPinFunctionality                    
00000ae1  SPI_changeMasterClock                             
00000b09  SPI_initSlave                                     
00000b87  SPI_changeClockPhasePolarity                      
00000bb7  SPI_transmitData                                  
00000bdd  SPI_receiveData                                   
00000bf9  SPI_enableModule                                  
00000c15  SPI_disableModule                                 
00000c31  SPI_getReceiveBufferAddressForDMA                 
00000c4d  SPI_getTransmitBufferAddressForDMA                
00000c79  SPI_isBusy                                        
00000c95  SPI_enableInterrupt                               
00000cbb  SPI_disableInterrupt                              
00000ce1  SPI_getInterruptStatus                            
00000d09  SPI_getEnabledInterruptStatus                     
00000d39  SPI_clearInterruptFlag                            
00000d5f  SPI_registerInterrupt                             
00000e1d  SPI_unregisterInterrupt                           
00000ec9  EUSCI_B_SPI_select4PinFunctionality               
00000ee9  EUSCI_B_SPI_masterChangeClock                     
00000f1b  EUSCI_B_SPI_slaveInit                             
00000f65  EUSCI_B_SPI_changeClockPhasePolarity              
00000fa7  EUSCI_B_SPI_transmitData                          
00000fbd  EUSCI_B_SPI_receiveData                           
00000fcd  EUSCI_B_SPI_enableInterrupt                       
00000fe7  EUSCI_B_SPI_disableInterrupt                      
00001001  EUSCI_B_SPI_getInterruptStatus                    
00001019  EUSCI_B_SPI_clearInterruptFlag                    
00001033  EUSCI_B_SPI_enable                                
00001049  EUSCI_B_SPI_disable                               
0000105f  EUSCI_B_SPI_getReceiveBufferAddressForDMA         
0000106d  EUSCI_B_SPI_getTransmitBufferAddressForDMA        
0000107b  EUSCI_B_SPI_isBusy                                
00001093  EUSCI_A_SPI_select4PinFunctionality               
000010b3  EUSCI_A_SPI_masterChangeClock                     
000010e9  EUSCI_A_SPI_slaveInit                             
00001133  EUSCI_A_SPI_changeClockPhasePolarity              
00001175  EUSCI_A_SPI_transmitData                          
0000118b  EUSCI_A_SPI_receiveData                           
0000119b  EUSCI_A_SPI_enableInterrupt                       
000011b5  EUSCI_A_SPI_disableInterrupt                      
000011cf  EUSCI_A_SPI_getInterruptStatus                    
000011e7  EUSCI_A_SPI_clearInterruptFlag                    
00001201  EUSCI_A_SPI_enable                                
00001217  EUSCI_A_SPI_disable                               
0000122d  EUSCI_A_SPI_getReceiveBufferAddressForDMA         
0000123b  EUSCI_A_SPI_getTransmitBufferAddressForDMA        
00001249  EUSCI_A_SPI_isBusy                                
00001269  Crystalfontz128x128_Init                          
0000137d  Crystalfontz128x128_SetDrawFrame                  
000014ab  Crystalfontz128x128_SetOrientation                
000018e1  Graphics_drawLineH                                
0000197d  Graphics_drawLineV                                
00001bfd  Graphics_drawLine                                 
00001d71  GPIO_setAsOutputPin                               
00001dab  GPIO_setAsInputPin                                
00001df1  GPIO_setAsPeripheralModuleFunctionOutputPin       
00001e75  GPIO_setAsPeripheralModuleFunctionInputPin        
00001ef9  GPIO_setOutputHighOnPin                           
00001f1b  GPIO_setOutputLowOnPin                            
00001f3d  GPIO_toggleOutputOnPin                            
00001f5f  GPIO_setAsInputPinWithPullDownResistor            
00001fb1  GPIO_setAsInputPinWithPullUpResistor              
00002003  GPIO_getInputPinValue                             
00002031  GPIO_enableInterrupt                              
00002053  GPIO_disableInterrupt                             
00002075  GPIO_getInterruptStatus                           
00002093  GPIO_clearInterruptFlag                           
000020b5  GPIO_interruptEdgeSelect                          
000020eb  GPIO_getEnabledInterruptStatus                    
00002167  GPIO_setDriveStrengthHigh                         
00002189  GPIO_setDriveStrengthLow                          
000021ab  GPIO_registerInterrupt                            
000021cb  GPIO_unregisterInterrupt                          
000021f3  Interrupt_enableMaster                            
00002203  Interrupt_disableMaster                           
00002213  Interrupt_registerInterrupt                       
00002265  Interrupt_unregisterInterrupt                     
00002279  Interrupt_setPriorityGrouping                     
00002293  Interrupt_getPriorityGrouping                     
000022cb  Interrupt_setPriority                             
0000231b  Interrupt_getPriority                             
00002341  Interrupt_enableInterrupt                         
000023b3  Interrupt_disableInterrupt                        
00002425  Interrupt_isEnabled                               
000024b1  Interrupt_pendInterrupt                           
00002521  Interrupt_unpendInterrupt                         
0000256f  Interrupt_setPriorityMask                         
0000257f  Interrupt_getPriorityMask                         
00002589  Interrupt_setVectorTableAddress                   
00002599  Interrupt_getVectorTableAddress                   
0000259f  Interrupt_enableSleepOnIsrExit                    
000025b1  Interrupt_disableSleepOnIsrExit                   
000025e1  _ZN9SchedulerC1Ev                                 
000025e1  _ZN9SchedulerC2Ev                                 
00002641  _ZN9Scheduler6attachEP4Task                       
000026ad  _ZN9Scheduler3runEv                               
0000270b  _ZN9Scheduler21CalculateNextScheduleEv            
000027d7  _ZN9Scheduler19ProcessMessageQueueEv              
00002875  _ZN9Scheduler13attachMessageE3MSG                 
000028cd  _ZN9Scheduler17clearMessageQueueEv                
0000291b  _ZN9Scheduler18clearNextSchedulerEv               
00002965  _ZN9Scheduler14processMessageE3MSG                
000029b7  _ZN9Scheduler22SortScheduleByPriorityEP4Task      
000029cd  minit                                             
00002a5b  malloc                                            
00002ac3  free                                              
00002b85  realloc                                           
00002c91  memalign                                          
00002d75  calloc                                            
00002da9  SystemCoreClockUpdate                             
0000301d  SystemInit                                        
00003119  _ZN6ScreenC1Eib                                   
00003119  _ZN6ScreenC2Eib                                   
000031a9  _ZN6Screen3runEv                                  
000031b5  _ZN6Screen14ProcessMessageE3MSG                   
0000322b  _ZN6Screen11printScreenEhht                       
000033a3  _ZN6Screen20ADCtoScreenValueConvEi                
00003463  main                                              
000034bb  _Z8setupADCv                                      
0000359d  _Z5Setupv                                         
000035d9  T32_INT1_IRQHandler                               
000035d9  T32_INT1_IRQHandler                               
000035f7  ADC14_IRQHandler                                  
000035f7  ADC14_IRQHandler                                  
00003655  __sti___8_main_cpp_2c535ab5                       
000036c9  Graphics_initContext                              
00003713  Graphics_setClipRegion                            
000037dd  Graphics_setBackgroundColor                       
000037f7  Graphics_setBackgroundColorTranslated             
0000380d  Graphics_setFont                                  
00003827  Graphics_getFontBaseline                          
00003835  Graphics_setForegroundColor                       
0000384b  Graphics_setForegroundColorTranslated             
0000385d  Graphics_getFontHeight                            
0000386b  Graphics_getFontMaxWidth                          
00003879  Graphics_getDisplayWidth                          
00003889  Graphics_getDisplayHeight                         
00003899  Graphics_getHeightOfDisplay                       
000038a7  Graphics_flushBuffer                              
000038b5  Graphics_clearDisplay                             
000038c7  Graphics_drawPixel                                
00003921  Graphics_getWidthOfDisplay                        
0000392f  __aeabi_ddiv                                      
00003a65  Graphics_drawPixelOnDisplay                       
00003a8f  Graphics_drawMultiplePixelsOnDisplay              
00003ad3  Graphics_drawHorizontalLineOnDisplay              
00003b07  Graphics_drawVerticalLineOnDisplay                
00003b3b  Graphics_fillRectangleOnDisplay                   
00003b59  Graphics_translateColorOnDisplay                  
00003b6f  Graphics_flushOnDisplay                           
00003b81  Graphics_clearDisplayOnDisplay                    
00003b99  _ZN5ServoC1Eibii                                  
00003b99  _ZN5ServoC2Eibii                                  
00003c0d  _ZN5Servo3runEv                                   
00003c19  _ZN5Servo14ProcessMessageE3MSG                    
00003c7d  _ZN5Servo19ADCtoServoValueConvEi                  
00003cc9  HAL_LCD_PortInit                                  
00003cf9  HAL_LCD_SpiInit                                   
00003d2f  HAL_LCD_writeCommand                              
00003d57  HAL_LCD_writeData                                 
00003d85  _ZSt21__gen_dummy_typeinfosv                      
00003d8d  _ZNSt9type_infoD1Ev                               
00003d8d  _ZNSt9type_infoD2Ev                               
00003d8f  _ZNSt9type_infoD0Ev                               
00003d97  _ZNKSt9type_info4nameEv                           
00003d9b  _ZNKSt9type_infoneERKS_                           
00003db1  _ZNKSt9type_infoeqERKS_                           
00003dc7  _ZNKSt9type_info6beforeERKS_                      
00003dd5  _ZN10__cxxabiv129__pointer_to_member_type_infoD1Ev
00003dd5  _ZN10__cxxabiv129__pointer_to_member_type_infoD2Ev
00003dd7  _ZN10__cxxabiv129__pointer_to_member_type_infoD0Ev
00003ddf  _ZN10__cxxabiv123__fundamental_type_infoD1Ev      
00003ddf  _ZN10__cxxabiv123__fundamental_type_infoD2Ev      
00003de1  _ZN10__cxxabiv123__fundamental_type_infoD0Ev      
00003de9  _ZN10__cxxabiv121__vmi_class_type_infoD1Ev        
00003de9  _ZN10__cxxabiv121__vmi_class_type_infoD2Ev        
00003deb  _ZN10__cxxabiv121__vmi_class_type_infoD0Ev        
00003df3  _ZN10__cxxabiv120__si_class_type_infoD1Ev         
00003df3  _ZN10__cxxabiv120__si_class_type_infoD2Ev         
00003df5  _ZN10__cxxabiv120__si_class_type_infoD0Ev         
00003dfd  _ZN10__cxxabiv120__function_type_infoD1Ev         
00003dfd  _ZN10__cxxabiv120__function_type_infoD2Ev         
00003dff  _ZN10__cxxabiv120__function_type_infoD0Ev         
00003e07  _ZN10__cxxabiv119__pointer_type_infoD1Ev          
00003e07  _ZN10__cxxabiv119__pointer_type_infoD2Ev          
00003e09  _ZN10__cxxabiv119__pointer_type_infoD0Ev          
00003e11  _ZN10__cxxabiv117__pbase_type_infoD1Ev            
00003e11  _ZN10__cxxabiv117__pbase_type_infoD2Ev            
00003e13  _ZN10__cxxabiv117__pbase_type_infoD0Ev            
00003e1b  _ZN10__cxxabiv117__class_type_infoD1Ev            
00003e1b  _ZN10__cxxabiv117__class_type_infoD2Ev            
00003e1d  _ZN10__cxxabiv117__class_type_infoD0Ev            
00003e25  _ZN10__cxxabiv117__array_type_infoD1Ev            
00003e25  _ZN10__cxxabiv117__array_type_infoD2Ev            
00003e27  _ZN10__cxxabiv117__array_type_infoD0Ev            
00003e2f  _ZN10__cxxabiv116__enum_type_infoD1Ev             
00003e2f  _ZN10__cxxabiv116__enum_type_infoD2Ev             
00003e31  _ZN10__cxxabiv116__enum_type_infoD0Ev             
00003e41  __aeabi_memcpy                                    
00003e41  __aeabi_memcpy4                                   
00003e41  __aeabi_memcpy8                                   
00003e41  memcpy                                            
00003edd  _ZN4TaskC1Ev                                      
00003edd  _ZN4TaskC2Ev                                      
00003efb  _ZN4Task19SetTaskCurrentCountEy                   
00003f19  _ZN4Task17SetTaskFinalCountEy                     
00003f37  _ZN4Task19GetTaskCurrentCountEv                   
00003f47  _ZN4Task17GetTaskFinalCountEv                     
00003f5d  __aeabi_memclr                                    
00003f5d  __aeabi_memclr4                                   
00003f5d  __aeabi_memclr8                                   
00003f5f  __aeabi_memset                                    
00003f5f  __aeabi_memset4                                   
00003f5f  __aeabi_memset8                                   
00003f65  memset                                            
00003fd7  __mpu_init                                        
00003fd9  __TI_auto_init                                    
000040b3  _Z21__default_new_handlerv                        
000040b5  _c_int00                                          
00004109  C$$EXIT                                           
0000410d  abort                                             
00004115  exit                                              
0000415d  copy_in                                           
000041a9  __aeabi_d2iz                                      
000041f1  CPU_cpsid                                         
000041fd  CPU_primask                                       
00004207  CPU_cpsie                                         
00004213  CPU_wfi                                           
00004217  CPU_basepriSet                                    
00004225  CPU_basepriGet                                    
0000422f  __aeabi_f2d                                       
00004267  _system_post_cinit                                
00004269  _Znwj                                             
00004299  _ZN4Task11SendMessageEv                           
000042b9  _args_main                                        
000042d1  _register_unlock                                  
000042d7  _register_lock                                    
000042df  _nop                                              
000042e5  __TI_decompress_none                              
000042f3  Reset_Handler                                     
000042ff  AES256_IRQHandler                                 
000042ff  BusFault_Handler                                  
000042ff  COMP_E0_IRQHandler                                
000042ff  COMP_E1_IRQHandler                                
000042ff  CS_IRQHandler                                     
000042ff  DMA_ERR_IRQHandler                                
000042ff  DMA_INT0_IRQHandler                               
000042ff  DMA_INT1_IRQHandler                               
000042ff  DMA_INT2_IRQHandler                               
000042ff  DMA_INT3_IRQHandler                               
000042ff  DebugMon_Handler                                  
000042ff  Default_Handler                                   
000042ff  EUSCIA0_IRQHandler                                
000042ff  EUSCIA1_IRQHandler                                
000042ff  EUSCIA2_IRQHandler                                
000042ff  EUSCIA3_IRQHandler                                
000042ff  EUSCIB0_IRQHandler                                
000042ff  EUSCIB1_IRQHandler                                
000042ff  EUSCIB2_IRQHandler                                
000042ff  EUSCIB3_IRQHandler                                
000042ff  FLCTL_IRQHandler                                  
000042ff  FPU_IRQHandler                                    
000042ff  HardFault_Handler                                 
000042ff  MemManage_Handler                                 
000042ff  NMI_Handler                                       
000042ff  PCM_IRQHandler                                    
000042ff  PORT1_IRQHandler                                  
000042ff  PORT2_IRQHandler                                  
000042ff  PORT3_IRQHandler                                  
000042ff  PORT4_IRQHandler                                  
000042ff  PORT5_IRQHandler                                  
000042ff  PORT6_IRQHandler                                  
000042ff  PSS_IRQHandler                                    
000042ff  PendSV_Handler                                    
000042ff  RTC_C_IRQHandler                                  
000042ff  SVC_Handler                                       
000042ff  SysTick_Handler                                   
000042ff  T32_INT2_IRQHandler                               
000042ff  T32_INTC_IRQHandler                               
000042ff  TA0_0_IRQHandler                                  
000042ff  TA0_N_IRQHandler                                  
000042ff  TA1_0_IRQHandler                                  
000042ff  TA1_N_IRQHandler                                  
000042ff  TA2_0_IRQHandler                                  
000042ff  TA2_N_IRQHandler                                  
000042ff  TA3_0_IRQHandler                                  
000042ff  TA3_N_IRQHandler                                  
000042ff  UsageFault_Handler                                
000042ff  WDT_A_IRQHandler                                  
00004301  _ZN4Task14ProcessMessageE3MSG                     
0000430d  _ZN4Task3runEv                                    
00004319  _ZdlPv                                            
00004321  __TI_decompress_rle24                             
00004327  _system_pre_init                                  
00004624  g_sFontFixed6x8                                   
000047bc  g_sCrystalfontz128x128                            
000047e8  _ZTSN10__cxxabiv123__fundamental_type_infoE       
00004810  _ZTSN10__cxxabiv120__si_class_type_infoE          
00004835  _ZTSN10__cxxabiv119__pointer_type_infoE           
00004859  _ZTSN10__cxxabiv117__class_type_infoE             
0000487b  _ZTSN10__cxxabiv117__pbase_type_infoE             
0000489d  _ZTSe                                             
000048f8  _ZTV6Screen                                       
00004914  _ZTV4Task                                         
00004928  _ZTV5Servo                                        
0000493c  _ZTIPKe                                           
0000494c  _ZTVN10__cxxabiv117__class_type_infoE             
0000495c  _ZTVN10__cxxabiv119__pointer_type_infoE           
0000496c  _ZTVN10__cxxabiv120__si_class_type_infoE          
0000497c  _ZTVN10__cxxabiv123__fundamental_type_infoE       
0000498c  _ZTSSt9type_info                                  
000049cc  _ZTI5Servo                                        
000049d8  _ZTI6Screen                                       
000049e4  _ZTIN10__cxxabiv117__class_type_infoE             
000049f0  _ZTIN10__cxxabiv117__pbase_type_infoE             
000049fc  _ZTIN10__cxxabiv119__pointer_type_infoE           
00004a08  _ZTIN10__cxxabiv120__si_class_type_infoE          
00004a14  _ZTIN10__cxxabiv123__fundamental_type_infoE       
00004a28  _ZTI4Task                                         
00004a30  _ZTISt9type_info                                  
00004a38  _ZTIe                                             
00004a40  _ZTS6Screen                                       
00004a68  _ZTS5Servo                                        
00004a6f  _ZTS4Task                                         
00004a75  _ZTSPKe                                           
00004a7c  SHT$$INIT_ARRAY$$Base                             
00004a80  SHT$$INIT_ARRAY$$Limit                            
00004b0c  __TI_Handler_Table_Base                           
00004b14  __TI_CINIT_Base                                   
00004b14  __TI_Handler_Table_Limit                          
00004b2c  __TI_CINIT_Limit                                  
20000000  g_pfnRAMVectors                                   
200000e8  MainScheduler                                     
200018e0  g_sContext                                        
200018fc  aDataFromADC                                      
20001904  DataToServo                                       
20001908  _ZSt16__dummy_typeinfo                            
2000190c  Lcd_ScreenHeigth                                  
2000190e  Lcd_ScreenWidth                                   
20001910  Lcd_TouchTrim                                     
20001912  Lcd_FlagRead                                      
20001913  Lcd_FontSolid                                     
20001914  Lcd_Orientation                                   
20001915  Lcd_PenSolid                                      
20001918  _sys_memory                                       
20001d48  pwmConfig                                         
20001d60  __TI_cleanup_ptr                                  
20001d64  __TI_dtors_ptr                                    
20001d68  __TI_enable_exit_profile_output                   
20001d80  pDataToScreen                                     
20001d84  _lock                                             
20001d88  _unlock                                           
20001d8c  main_func_sp                                      
20001d90  _new_handler                                      
20001d94  SystemCoreClock                                   
2000fe00  __stack                                           
20010000  __STACK_END                                       
4000480c  WDTCTL_SYM                                        
ffffffff  __TI_pprof_out_hndl                               
ffffffff  __TI_prof_data_size                               
ffffffff  __TI_prof_data_start                              
ffffffff  __binit__                                         
ffffffff  __c_args__                                        
ffffffff  binit                                             

[403 symbols]
