******************************************************************************
                  TI ARM Linker Unix v15.12.3                  
******************************************************************************
>> Linked Tue Nov 15 01:45:23 2016

OUTPUT FILE NAME:   <EventHandler.out>
ENTRY POINT SYMBOL: "_c_int00"  address: 00004325


MEMORY CONFIGURATION

         name            origin    length      used     unused   attr    fill
----------------------  --------  ---------  --------  --------  ----  --------
  MAIN                  00000000   00040000  00004dc3  0003b23d  R  X
  INFO                  00200000   00004000  00000000  00004000  R  X
  SRAM_CODE             01000000   00010000  00001fda  0000e026  RW X
  SRAM_DATA             20000000   00010000  00001fda  0000e026  RW  


SEGMENT ALLOCATION MAP

run origin  load origin   length   init length attrs members
----------  ----------- ---------- ----------- ----- -------
00000000    00000000    00004dcc   00004dcc    r-x
  00000000    00000000    000000e4   000000e4    r-- .intvecs
  000000e4    000000e4    000044b6   000044b6    r-x .text
  0000459c    0000459c    00000781   00000781    r-- .const
  00004d20    00004d20    00000004   00000004    r-- .init_array
  00004d28    00004d28    000000a4   000000a4    r-- .cinit
20000000    20000000    00001de0   00000000    rw-
  20000000    20000000    000000e4   00000000    rw- .vtable
  200000e8    200000e8    00001876   00000000    rw- .bss
  20001960    20001960    00000400   00000000    rw- .sysmem
  20001d60    20001d60    00000080   00000000    rw- .data
2000fe00    2000fe00    00000200   00000000    rw-
  2000fe00    2000fe00    00000200   00000000    rw- .stack


SECTION ALLOCATION MAP

 output                                  attributes/
section   page    origin      length       input sections
--------  ----  ----------  ----------   ----------------
.intvecs   0    00000000    000000e4     
                  00000000    000000e4     startup_msp432p401r_ccs.obj (.intvecs:retain)

.binit     0    00000000    00000000     

.text      0    000000e4    000044b6     
                  000000e4    000008e0     adc14.obj (.text)
                  000009c4    000008a4     spi.obj (.text)
                  00001268    00000678     Crystalfontz128x128_ST7735.obj (.text)
                  000018e0    00000490     line.obj (.text)
                  00001d70    00000480     gpio.obj (.text)
                  000021f0    00000474     main.obj (.text)
                  00002664    000003f0     interrupt.obj (.text)
                  00002a54    000003dc     rtsv7M4_T_le_v4SPD16_eabi.lib : memory.obj (.text)
                  00002e30    000003d0     Scheduler.obj (.text)
                  00003200    00000370     system_msp432p401r.obj (.text)
                  00003570    000002e4     Screen.obj (.text)
                  00003854    00000266     context.obj (.text)
                  00003aba    00000002     rtsv7M4_T_le_v4SPD16_eabi.lib : mpu_init.obj (.text)
                  00003abc    00000160     Servo.obj (.text)
                  00003c1c    00000136     rtsv7M4_T_le_v4SPD16_eabi.lib : fd_div_t2.obj (.text)
                  00003d52    00000134     display.obj (.text)
                  00003e86    00000002     rtsv7M4_T_le_v4SPD16_eabi.lib : newhandler.obj (.text)
                  00003e88    000000bc     HAL_MSP_EXP432P401R_Crystalfontz128x128_ST7735.obj (.text)
                  00003f44    000000bc     rtsv7M4_T_le_v4SPD16_eabi.lib : typeinfo_.obj (.text)
                  00004000    000000b0     Button.obj (.text)
                  000040b0    0000009c     rtsv7M4_T_le_v4SPD16_eabi.lib : memcpy_t2.obj (.text)
                  0000414c    00000080     Task.obj (.text)
                  000041cc    0000007a     rtsv7M4_T_le_v4SPD16_eabi.lib : memset_t2.obj (.text)
                  00004246    00000002                                   : startup.obj (.text)
                  00004248    00000070                                   : autoinit.obj (.text)
                  000042b8    0000006a                                   : copy_decompress_rle.obj (.text)
                  00004322    00000002     --HOLE-- [fill = 0]
                  00004324    00000054                                   : boot.obj (.text)
                  00004378    00000054                                   : exit.obj (.text)
                  000043cc    0000004c                                   : cpy_tbl.obj (.text)
                  00004418    00000048                                   : fd_toi_t2.obj (.text)
                  00004460    0000003e     cpu.obj (.text)
                  0000449e    00000038     rtsv7M4_T_le_v4SPD16_eabi.lib : fs_tod_t2.obj (.text)
                  000044d6    00000002     --HOLE-- [fill = 0]
                  000044d8    00000030                                   : new_.obj (.text)
                  00004508    00000020     LED.obj (.text:_ZN4Task11SendMessageEv)
                  00004528    00000018     rtsv7M4_T_le_v4SPD16_eabi.lib : args_main.obj (.text)
                  00004540    00000014                                   : _lock.obj (.text)
                  00004554    0000000e                                   : copy_decompress_none.obj (.text:decompress:none)
                  00004562    0000000e     startup_msp432p401r_ccs.obj (.text)
                  00004570    0000000c     LED.obj (.text:_ZN4Task14ProcessMessageE3MSG)
                  0000457c    0000000c     Task.obj (.text:_ZN4Task3runEv)
                  00004588    00000008     rtsv7M4_T_le_v4SPD16_eabi.lib : delete.obj (.text)
                  00004590    00000006                                   : copy_decompress_rle.obj (.text:decompress:rle24)
                  00004596    00000004                                   : pre_init.obj (.text)

.const     0    0000459c    00000781     
                  0000459c    000002f8     fontfixed6x8.obj (.const:.string:g_pucFontFixed6x8Data)
                  00004894    000000c8     fontfixed6x8.obj (.const:g_sFontFixed6x8)
                  0000495c    00000080     adc14.obj (.const:_ctlRegs)
                  000049dc    00000050     interrupt.obj (.const:g_pulRegs)
                  00004a2c    0000002c     Crystalfontz128x128_ST7735.obj (.const:g_sCrystalfontz128x128)
                  00004a58    00000028     rtsv7M4_T_le_v4SPD16_eabi.lib : typeinfo_.obj (.const:.typeinfo:_ZTSN10__cxxabiv123__fundamental_type_infoE)
                  00004a80    00000025                                   : typeinfo_.obj (.const:.typeinfo:_ZTSN10__cxxabiv120__si_class_type_infoE)
                  00004aa5    00000024                                   : typeinfo_.obj (.const:.typeinfo:_ZTSN10__cxxabiv119__pointer_type_infoE)
                  00004ac9    00000022                                   : typeinfo_.obj (.const:.typeinfo:_ZTSN10__cxxabiv117__class_type_infoE)
                  00004aeb    00000022                                   : typeinfo_.obj (.const:.typeinfo:_ZTSN10__cxxabiv117__pbase_type_infoE)
                  00004b0d    00000002                                   : typeinfo_.obj (.const:.typeinfo:_ZTSe)
                  00004b0f    00000001     --HOLE-- [fill = 0]
                  00004b10    00000020     interrupt.obj (.const:g_pulPriority)
                  00004b30    0000001c     HAL_MSP_EXP432P401R_Crystalfontz128x128_ST7735.obj (.const:$P$T0$1)
                  00004b4c    0000001c     gpio.obj (.const:GPIO_PORT_TO_INT)
                  00004b68    0000001c     Screen.obj (.const:_ZTV6Screen)
                  00004b84    00000014     Task.obj (.const:_ZTV4Task)
                  00004b98    00000014     Servo.obj (.const:_ZTV5Servo)
                  00004bac    00000014     Button.obj (.const:_ZTV6Button)
                  00004bc0    00000010     rtsv7M4_T_le_v4SPD16_eabi.lib : typeinfo_.obj (.const:.typeinfo:_ZTIPKe)
                  00004bd0    00000010                                   : typeinfo_.obj (.const:_ZTVN10__cxxabiv117__class_type_infoE)
                  00004be0    00000010                                   : typeinfo_.obj (.const:_ZTVN10__cxxabiv119__pointer_type_infoE)
                  00004bf0    00000010                                   : typeinfo_.obj (.const:_ZTVN10__cxxabiv120__si_class_type_infoE)
                  00004c00    00000010                                   : typeinfo_.obj (.const:_ZTVN10__cxxabiv123__fundamental_type_infoE)
                  00004c10    0000000d                                   : typeinfo_.obj (.const:.typeinfo:_ZTSSt9type_info)
                  00004c1d    00000003     --HOLE-- [fill = 0]
                  00004c20    0000000c     LED.obj (.const:$P$T40$1)
                  00004c2c    0000000c     Scheduler.obj (.const:$P$T40$1)
                  00004c38    0000000c     main.obj (.const:$P$T40$1)
                  00004c44    0000000c     main.obj (.const:$P$T41$2)
                  00004c50    0000000c     Button.obj (.const:$P$T45$1)
                  00004c5c    0000000c     Servo.obj (.const:.typeinfo:_ZTI5Servo)
                  00004c68    0000000c     Button.obj (.const:.typeinfo:_ZTI6Button)
                  00004c74    0000000c     Screen.obj (.const:.typeinfo:_ZTI6Screen)
                  00004c80    0000000c     rtsv7M4_T_le_v4SPD16_eabi.lib : typeinfo_.obj (.const:.typeinfo:_ZTIN10__cxxabiv117__class_type_infoE)
                  00004c8c    0000000c                                   : typeinfo_.obj (.const:.typeinfo:_ZTIN10__cxxabiv117__pbase_type_infoE)
                  00004c98    0000000c                                   : typeinfo_.obj (.const:.typeinfo:_ZTIN10__cxxabiv119__pointer_type_infoE)
                  00004ca4    0000000c                                   : typeinfo_.obj (.const:.typeinfo:_ZTIN10__cxxabiv120__si_class_type_infoE)
                  00004cb0    0000000c                                   : typeinfo_.obj (.const:.typeinfo:_ZTIN10__cxxabiv123__fundamental_type_infoE)
                  00004cbc    00000008     Crystalfontz128x128_ST7735.obj (.const:$P$T0$1)
                  00004cc4    00000008     Button.obj (.const:.typeinfo:_ZTI4Task)
                  00004ccc    00000008     rtsv7M4_T_le_v4SPD16_eabi.lib : typeinfo_.obj (.const:.typeinfo:_ZTISt9type_info)
                  00004cd4    00000008                                   : typeinfo_.obj (.const:.typeinfo:_ZTIe)
                  00004cdc    00000008     Button.obj (.const:.typeinfo:_ZTS6Button)
                  00004ce4    00000008     Screen.obj (.const:.typeinfo:_ZTS6Screen)
                  00004cec    00000008     interrupt.obj (.const:g_pulDisRegs)
                  00004cf4    00000008     interrupt.obj (.const:g_pulEnRegs)
                  00004cfc    00000008     interrupt.obj (.const:g_pulPendRegs)
                  00004d04    00000008     interrupt.obj (.const:g_pulUnpendRegs)
                  00004d0c    00000007     Servo.obj (.const:.typeinfo:_ZTS5Servo)
                  00004d13    00000006     Button.obj (.const:.typeinfo:_ZTS4Task)
                  00004d19    00000004     rtsv7M4_T_le_v4SPD16_eabi.lib : typeinfo_.obj (.const:.typeinfo:_ZTSPKe)

.cinit     0    00004d28    000000a4     
                  00004d28    00000068     (.cinit..data.load) [load image, compression = rle]
                  00004d90    0000000b     (.cinit..bss.load) [load image, compression = rle]
                  00004d9b    00000005     --HOLE-- [fill = 0]
                  00004da0    00000009     (.cinit..vtable.load) [load image, compression = rle]
                  00004da9    00000003     --HOLE-- [fill = 0]
                  00004dac    00000008     (__TI_handler_table)
                  00004db4    00000018     (__TI_cinit_table)

.init_array 
*          0    00004d20    00000004     
                  00004d20    00000004     main.obj (.init_array)

.vtable    0    20000000    000000e4     UNINITIALIZED
                  20000000    000000e4     interrupt.obj (.vtable)

.bss       0    200000e8    00001876     UNINITIALIZED
                  200000e8    000017f8     main.obj (.bss:MainScheduler)
                  200018e0    00000028     main.obj (.bss:Servo1)
                  20001908    0000001c     (.common:g_sContext)
                  20001924    00000010     main.obj (.bss)
                  20001934    00000008     (.common:aDataToSendADC)
                  2000193c    00000004     (.common:_ZSt16__dummy_typeinfo)
                  20001940    00000008     (.common:g_u64Status)
                  20001948    00000004     (.common:counterADC)
                  2000194c    00000004     (.common:counterADCScreen)
                  20001950    00000004     (.common:pDataToSendADC)
                  20001954    00000002     (.common:Lcd_ScreenHeigth)
                  20001956    00000002     (.common:Lcd_ScreenWidth)
                  20001958    00000002     (.common:Lcd_TouchTrim)
                  2000195a    00000001     (.common:Lcd_FlagRead)
                  2000195b    00000001     (.common:Lcd_FontSolid)
                  2000195c    00000001     (.common:Lcd_Orientation)
                  2000195d    00000001     (.common:Lcd_PenSolid)

.sysmem    0    20001960    00000400     UNINITIALIZED
                  20001960    00000008     rtsv7M4_T_le_v4SPD16_eabi.lib : memory.obj (.sysmem)
                  20001968    000003f8     --HOLE--

.data      0    20001d60    00000080     UNINITIALIZED
                  20001d60    00000030     gpio.obj (.data:GPIO_PORT_TO_BASE)
                  20001d90    00000018     Servo.obj (.data:pwmConfig)
                  20001da8    0000000c     rtsv7M4_T_le_v4SPD16_eabi.lib : exit.obj (.data:$O1$$)
                  20001db4    0000000c                                   : memory.obj (.data:$O1$$)
                  20001dc0    00000009     main.obj (.data)
                  20001dc9    00000003     --HOLE--
                  20001dcc    00000008     rtsv7M4_T_le_v4SPD16_eabi.lib : _lock.obj (.data:$O1$$)
                  20001dd4    00000004                                   : stkdepth_vars.obj (.data)
                  20001dd8    00000004                                   : vars.obj (.data)
                  20001ddc    00000004     system_msp432p401r.obj (.data)

.stack     0    2000fe00    00000200     UNINITIALIZED
                  2000fe00    00000200     --HOLE--

MODULE SUMMARY

       Module                                               code    ro data   rw data
       ------                                               ----    -------   -------
    ./
       main.obj                                             1140    28        12458  
       Scheduler.obj                                        976     12        0      
       system_msp432p401r.obj                               880     0         8      
       Screen.obj                                           740     48        56     
       Servo.obj                                            352     39        48     
       Button.obj                                           176     66        0      
       startup_msp432p401r_ccs.obj                          14      228       0      
       Task.obj                                             140     20        0      
       LED.obj                                              44      12        0      
    +--+----------------------------------------------------+-------+---------+---------+
       Total:                                               4462    453       12570  
                                                                                     
    ./GrLib/fonts/
       fontfixed6x8.obj                                     0       960       0      
    +--+----------------------------------------------------+-------+---------+---------+
       Total:                                               0       960       0      
                                                                                     
    ./GrLib/grlib/
       line.obj                                             1168    0         0      
       context.obj                                          614     0         0      
       display.obj                                          308     0         0      
    +--+----------------------------------------------------+-------+---------+---------+
       Total:                                               2090    0         0      
                                                                                     
    ./LcdDriver/
       Crystalfontz128x128_ST7735.obj                       1656    52        20     
       HAL_MSP_EXP432P401R_Crystalfontz128x128_ST7735.obj   188     28        0      
    +--+----------------------------------------------------+-------+---------+---------+
       Total:                                               1844    80        20     
                                                                                     
    ./driverlib/MSP432P4xx/
       adc14.obj                                            2272    128       0      
       spi.obj                                              2212    0         0      
       interrupt.obj                                        1008    144       456    
       gpio.obj                                             1152    28        96     
       cpu.obj                                              62      0         0      
    +--+----------------------------------------------------+-------+---------+---------+
       Total:                                               6706    300       552    
                                                                                     
    /home/aglt93/ti/ccsv6/tools/compiler/arm_15.12.3.LTS/lib/rtsv7M4_T_le_v4SPD16_eabi.lib
       memory.obj                                           988     0         24     
       typeinfo_.obj                                        188     356       8      
       fd_div_t2.obj                                        310     0         0      
       memcpy_t2.obj                                        156     0         0      
       memset_t2.obj                                        122     0         0      
       autoinit.obj                                         112     0         0      
       copy_decompress_rle.obj                              112     0         0      
       exit.obj                                             84      0         24     
       boot.obj                                             84      0         0      
       cpy_tbl.obj                                          76      0         0      
       fd_toi_t2.obj                                        72      0         0      
       fs_tod_t2.obj                                        56      0         0      
       new_.obj                                             48      0         0      
       _lock.obj                                            20      0         16     
       args_main.obj                                        24      0         0      
       copy_decompress_none.obj                             14      0         0      
       delete.obj                                           8       0         0      
       stkdepth_vars.obj                                    0       0         8      
       vars.obj                                             0       0         8      
       pre_init.obj                                         4       0         0      
       mpu_init.obj                                         2       0         0      
       newhandler.obj                                       2       0         0      
       startup.obj                                          2       0         0      
    +--+----------------------------------------------------+-------+---------+---------+
       Total:                                               2484    356       88     
                                                                                     
       Heap:                                                0       0         2048   
       Stack:                                               0       0         1024   
       Linker Generated:                                    0       156       0      
    +--+----------------------------------------------------+-------+---------+---------+
       Grand Total:                                         17586   2305      16302  


LINKER GENERATED COPY TABLES

__TI_cinit_table @ 00004db4 records: 3, size/record: 8, table size: 24
	.data: load addr=00004d28, load size=00000068 bytes, run addr=20001d60, run size=00000080 bytes, compression=rle
	.bss: load addr=00004d90, load size=0000000b bytes, run addr=200000e8, run size=00001876 bytes, compression=rle
	.vtable: load addr=00004da0, load size=00000009 bytes, run addr=20000000, run size=000000e4 bytes, compression=rle


LINKER GENERATED HANDLER TABLE

__TI_handler_table @ 00004dac records: 2, size/record: 4, table size: 8
	index: 0, handler: __TI_decompress_rle24
	index: 1, handler: __TI_decompress_none


GLOBAL SYMBOLS: SORTED ALPHABETICALLY BY Name 

address   name                                              
-------   ----                                              
00002279  ADC14_IRQHandler                                  
00002279  ADC14_IRQHandler                                  
00000939  ADC14_clearInterruptFlag                          
000004d9  ADC14_configureConversionMemory                   
00000381  ADC14_configureMultiSequenceMode                  
00000417  ADC14_configureSingleSampleMode                   
00000611  ADC14_disableComparatorWindow                     
000004af  ADC14_disableConversion                           
000008b3  ADC14_disableInterrupt                            
00000255  ADC14_disableModule                               
0000082f  ADC14_disableReferenceBurst                       
00000295  ADC14_disableSampleTimer                          
00000581  ADC14_enableComparatorWindow                      
0000046d  ADC14_enableConversion                            
00000887  ADC14_enableInterrupt                             
0000024d  ADC14_enableModule                                
00000819  ADC14_enableReferenceBurst                        
0000026b  ADC14_enableSampleTimer                           
00000909  ADC14_getEnabledInterruptStatus                   
000008df  ADC14_getInterruptStatus                          
00000739  ADC14_getMultiSequenceResult                      
0000030b  ADC14_getResolution                               
0000071f  ADC14_getResult                                   
000007a5  ADC14_getResultArray                              
000002ab  ADC14_initModule                                  
000004bb  ADC14_isBusy                                      
00000969  ADC14_registerInterrupt                           
0000066f  ADC14_setComparatorWindowValue                    
00000845  ADC14_setPowerMode                                
000002f1  ADC14_setResolution                               
000006f5  ADC14_setResultFormat                             
00000357  ADC14_setSampleHoldTime                           
00000315  ADC14_setSampleHoldTrigger                        
0000048d  ADC14_toggleConversionTrigger                     
0000097d  ADC14_unregisterInterrupt                         
0000456f  AES256_IRQHandler                                 
0000225b  BUTTON_ISR                                        
0000456f  BusFault_Handler                                  
00004379  C$$EXIT                                           
0000456f  COMP_E0_IRQHandler                                
0000456f  COMP_E1_IRQHandler                                
00004495  CPU_basepriGet                                    
00004487  CPU_basepriSet                                    
00004461  CPU_cpsid                                         
00004477  CPU_cpsie                                         
0000446d  CPU_primask                                       
00004483  CPU_wfi                                           
0000456f  CS_IRQHandler                                     
00001269  Crystalfontz128x128_Init                          
0000137d  Crystalfontz128x128_SetDrawFrame                  
000014ab  Crystalfontz128x128_SetOrientation                
0000456f  DMA_ERR_IRQHandler                                
0000456f  DMA_INT0_IRQHandler                               
0000456f  DMA_INT1_IRQHandler                               
0000456f  DMA_INT2_IRQHandler                               
0000456f  DMA_INT3_IRQHandler                               
20001924  DataToSend                                        
2000192c  DataToSend2ADC                                    
20001930  DataToSend3                                       
20001928  DataToSendADC                                     
0000456f  DebugMon_Handler                                  
0000456f  Default_Handler                                   
0000456f  EUSCIA0_IRQHandler                                
0000456f  EUSCIA1_IRQHandler                                
0000456f  EUSCIA2_IRQHandler                                
0000456f  EUSCIA3_IRQHandler                                
0000456f  EUSCIB0_IRQHandler                                
0000456f  EUSCIB1_IRQHandler                                
0000456f  EUSCIB2_IRQHandler                                
0000456f  EUSCIB3_IRQHandler                                
00001133  EUSCI_A_SPI_changeClockPhasePolarity              
000011e7  EUSCI_A_SPI_clearInterruptFlag                    
00001217  EUSCI_A_SPI_disable                               
000011b5  EUSCI_A_SPI_disableInterrupt                      
00001201  EUSCI_A_SPI_enable                                
0000119b  EUSCI_A_SPI_enableInterrupt                       
000011cf  EUSCI_A_SPI_getInterruptStatus                    
0000122d  EUSCI_A_SPI_getReceiveBufferAddressForDMA         
0000123b  EUSCI_A_SPI_getTransmitBufferAddressForDMA        
00001249  EUSCI_A_SPI_isBusy                                
000010b3  EUSCI_A_SPI_masterChangeClock                     
0000118b  EUSCI_A_SPI_receiveData                           
00001093  EUSCI_A_SPI_select4PinFunctionality               
000010e9  EUSCI_A_SPI_slaveInit                             
00001175  EUSCI_A_SPI_transmitData                          
00000f65  EUSCI_B_SPI_changeClockPhasePolarity              
00001019  EUSCI_B_SPI_clearInterruptFlag                    
00001049  EUSCI_B_SPI_disable                               
00000fe7  EUSCI_B_SPI_disableInterrupt                      
00001033  EUSCI_B_SPI_enable                                
00000fcd  EUSCI_B_SPI_enableInterrupt                       
00001001  EUSCI_B_SPI_getInterruptStatus                    
0000105f  EUSCI_B_SPI_getReceiveBufferAddressForDMA         
0000106d  EUSCI_B_SPI_getTransmitBufferAddressForDMA        
0000107b  EUSCI_B_SPI_isBusy                                
00000ee9  EUSCI_B_SPI_masterChangeClock                     
00000fbd  EUSCI_B_SPI_receiveData                           
00000ec9  EUSCI_B_SPI_select4PinFunctionality               
00000f1b  EUSCI_B_SPI_slaveInit                             
00000fa7  EUSCI_B_SPI_transmitData                          
0000456f  FLCTL_IRQHandler                                  
0000456f  FPU_IRQHandler                                    
00002093  GPIO_clearInterruptFlag                           
00002053  GPIO_disableInterrupt                             
00002031  GPIO_enableInterrupt                              
000020eb  GPIO_getEnabledInterruptStatus                    
00002003  GPIO_getInputPinValue                             
00002075  GPIO_getInterruptStatus                           
000020b5  GPIO_interruptEdgeSelect                          
000021ab  GPIO_registerInterrupt                            
00001dab  GPIO_setAsInputPin                                
00001f5f  GPIO_setAsInputPinWithPullDownResistor            
00001fb1  GPIO_setAsInputPinWithPullUpResistor              
00001d71  GPIO_setAsOutputPin                               
00001e75  GPIO_setAsPeripheralModuleFunctionInputPin        
00001df1  GPIO_setAsPeripheralModuleFunctionOutputPin       
00002167  GPIO_setDriveStrengthHigh                         
00002189  GPIO_setDriveStrengthLow                          
00001ef9  GPIO_setOutputHighOnPin                           
00001f1b  GPIO_setOutputLowOnPin                            
00001f3d  GPIO_toggleOutputOnPin                            
000021cb  GPIO_unregisterInterrupt                          
00003a41  Graphics_clearDisplay                             
00003e6f  Graphics_clearDisplayOnDisplay                    
00003dc1  Graphics_drawHorizontalLineOnDisplay              
00001bfd  Graphics_drawLine                                 
000018e1  Graphics_drawLineH                                
0000197d  Graphics_drawLineV                                
00003d7d  Graphics_drawMultiplePixelsOnDisplay              
00003a53  Graphics_drawPixel                                
00003d53  Graphics_drawPixelOnDisplay                       
00003df5  Graphics_drawVerticalLineOnDisplay                
00003e29  Graphics_fillRectangleOnDisplay                   
00003a33  Graphics_flushBuffer                              
00003e5d  Graphics_flushOnDisplay                           
00003a15  Graphics_getDisplayHeight                         
00003a05  Graphics_getDisplayWidth                          
000039b3  Graphics_getFontBaseline                          
000039e9  Graphics_getFontHeight                            
000039f7  Graphics_getFontMaxWidth                          
00003a25  Graphics_getHeightOfDisplay                       
00003aad  Graphics_getWidthOfDisplay                        
00003855  Graphics_initContext                              
00003969  Graphics_setBackgroundColor                       
00003983  Graphics_setBackgroundColorTranslated             
0000389f  Graphics_setClipRegion                            
00003999  Graphics_setFont                                  
000039c1  Graphics_setForegroundColor                       
000039d7  Graphics_setForegroundColorTranslated             
00003e47  Graphics_translateColorOnDisplay                  
00003e89  HAL_LCD_PortInit                                  
00003eb9  HAL_LCD_SpiInit                                   
00003eef  HAL_LCD_writeCommand                              
00003f17  HAL_LCD_writeData                                 
0000456f  HardFault_Handler                                 
00002827  Interrupt_disableInterrupt                        
00002677  Interrupt_disableMaster                           
00002a25  Interrupt_disableSleepOnIsrExit                   
000027b5  Interrupt_enableInterrupt                         
00002667  Interrupt_enableMaster                            
00002a13  Interrupt_enableSleepOnIsrExit                    
0000278f  Interrupt_getPriority                             
00002707  Interrupt_getPriorityGrouping                     
000029f3  Interrupt_getPriorityMask                         
00002a0d  Interrupt_getVectorTableAddress                   
00002899  Interrupt_isEnabled                               
00002925  Interrupt_pendInterrupt                           
00002687  Interrupt_registerInterrupt                       
0000273f  Interrupt_setPriority                             
000026ed  Interrupt_setPriorityGrouping                     
000029e3  Interrupt_setPriorityMask                         
000029fd  Interrupt_setVectorTableAddress                   
00002995  Interrupt_unpendInterrupt                         
000026d9  Interrupt_unregisterInterrupt                     
2000195a  Lcd_FlagRead                                      
2000195b  Lcd_FontSolid                                     
2000195c  Lcd_Orientation                                   
2000195d  Lcd_PenSolid                                      
20001954  Lcd_ScreenHeigth                                  
20001956  Lcd_ScreenWidth                                   
20001958  Lcd_TouchTrim                                     
200000e8  MainScheduler                                     
0000456f  MemManage_Handler                                 
0000456f  NMI_Handler                                       
0000456f  PCM_IRQHandler                                    
0000456f  PORT1_IRQHandler                                  
0000456f  PORT2_IRQHandler                                  
0000456f  PORT3_IRQHandler                                  
0000456f  PORT4_IRQHandler                                  
0000456f  PORT5_IRQHandler                                  
0000456f  PORT6_IRQHandler                                  
0000456f  PSS_IRQHandler                                    
0000456f  PendSV_Handler                                    
0000456f  RTC_C_IRQHandler                                  
00004563  Reset_Handler                                     
00004d20  SHT$$INIT_ARRAY$$Base                             
00004d24  SHT$$INIT_ARRAY$$Limit                            
00000b87  SPI_changeClockPhasePolarity                      
00000ae1  SPI_changeMasterClock                             
00000d39  SPI_clearInterruptFlag                            
00000cbb  SPI_disableInterrupt                              
00000c15  SPI_disableModule                                 
00000c95  SPI_enableInterrupt                               
00000bf9  SPI_enableModule                                  
00000d09  SPI_getEnabledInterruptStatus                     
00000ce1  SPI_getInterruptStatus                            
00000c31  SPI_getReceiveBufferAddressForDMA                 
00000c4d  SPI_getTransmitBufferAddressForDMA                
000009f5  SPI_initMaster                                    
00000b09  SPI_initSlave                                     
00000c79  SPI_isBusy                                        
00000bdd  SPI_receiveData                                   
00000d5f  SPI_registerInterrupt                             
00000abb  SPI_selectFourPinFunctionality                    
00000bb7  SPI_transmitData                                  
00000e1d  SPI_unregisterInterrupt                           
0000456f  SVC_Handler                                       
200018e0  Servo1                                            
0000456f  SysTick_Handler                                   
20001ddc  SystemCoreClock                                   
00003201  SystemCoreClockUpdate                             
00003475  SystemInit                                        
00002551  T32_INT1_IRQHandler                               
00002551  T32_INT1_IRQHandler                               
0000456f  T32_INT2_IRQHandler                               
0000456f  T32_INTC_IRQHandler                               
0000456f  TA0_0_IRQHandler                                  
0000456f  TA0_N_IRQHandler                                  
0000456f  TA1_0_IRQHandler                                  
0000456f  TA1_N_IRQHandler                                  
0000456f  TA2_0_IRQHandler                                  
0000456f  TA2_N_IRQHandler                                  
0000456f  TA3_0_IRQHandler                                  
0000456f  TA3_N_IRQHandler                                  
0000456f  UsageFault_Handler                                
4000480c  WDTCTL_SYM                                        
0000456f  WDT_A_IRQHandler                                  
00003e87  _Z21__default_new_handlerv                        
000023b7  _Z5Setupv                                         
00003ff1  _ZN10__cxxabiv116__enum_type_infoD0Ev             
00003fef  _ZN10__cxxabiv116__enum_type_infoD1Ev             
00003fef  _ZN10__cxxabiv116__enum_type_infoD2Ev             
00003fe7  _ZN10__cxxabiv117__array_type_infoD0Ev            
00003fe5  _ZN10__cxxabiv117__array_type_infoD1Ev            
00003fe5  _ZN10__cxxabiv117__array_type_infoD2Ev            
00003fdd  _ZN10__cxxabiv117__class_type_infoD0Ev            
00003fdb  _ZN10__cxxabiv117__class_type_infoD1Ev            
00003fdb  _ZN10__cxxabiv117__class_type_infoD2Ev            
00003fd3  _ZN10__cxxabiv117__pbase_type_infoD0Ev            
00003fd1  _ZN10__cxxabiv117__pbase_type_infoD1Ev            
00003fd1  _ZN10__cxxabiv117__pbase_type_infoD2Ev            
00003fc9  _ZN10__cxxabiv119__pointer_type_infoD0Ev          
00003fc7  _ZN10__cxxabiv119__pointer_type_infoD1Ev          
00003fc7  _ZN10__cxxabiv119__pointer_type_infoD2Ev          
00003fbf  _ZN10__cxxabiv120__function_type_infoD0Ev         
00003fbd  _ZN10__cxxabiv120__function_type_infoD1Ev         
00003fbd  _ZN10__cxxabiv120__function_type_infoD2Ev         
00003fb5  _ZN10__cxxabiv120__si_class_type_infoD0Ev         
00003fb3  _ZN10__cxxabiv120__si_class_type_infoD1Ev         
00003fb3  _ZN10__cxxabiv120__si_class_type_infoD2Ev         
00003fab  _ZN10__cxxabiv121__vmi_class_type_infoD0Ev        
00003fa9  _ZN10__cxxabiv121__vmi_class_type_infoD1Ev        
00003fa9  _ZN10__cxxabiv121__vmi_class_type_infoD2Ev        
00003fa1  _ZN10__cxxabiv123__fundamental_type_infoD0Ev      
00003f9f  _ZN10__cxxabiv123__fundamental_type_infoD1Ev      
00003f9f  _ZN10__cxxabiv123__fundamental_type_infoD2Ev      
00003f97  _ZN10__cxxabiv129__pointer_to_member_type_infoD0Ev
00003f95  _ZN10__cxxabiv129__pointer_to_member_type_infoD1Ev
00003f95  _ZN10__cxxabiv129__pointer_to_member_type_infoD2Ev
00004509  _ZN4Task11SendMessageEv                           
00004571  _ZN4Task14ProcessMessageE3MSG                     
20001dc8  _ZN4Task14m_u8NextTaskIDE                         
000041b7  _ZN4Task17GetTaskFinalCountEv                     
00004189  _ZN4Task17SetTaskFinalCountEy                     
000041a7  _ZN4Task19GetTaskCurrentCountEv                   
0000416b  _ZN4Task19SetTaskCurrentCountEy                   
0000457d  _ZN4Task3runEv                                    
0000414d  _ZN4TaskC1Ev                                      
0000414d  _ZN4TaskC2Ev                                      
00003b6b  _ZN5Servo14ProcessMessageE3MSG                    
00003bcf  _ZN5Servo19ADCtoServoValueConvEi                  
00003b33  _ZN5Servo3runEv                                   
00003abd  _ZN5ServoC1Eibii                                  
00003abd  _ZN5ServoC2Eibii                                  
0000408f  _ZN6Button11SendMessageEv                         
00004083  _ZN6Button14ProcessMessageE3MSG                   
00004077  _ZN6Button3runEv                                  
00004001  _ZN6ButtonC1Eibiiy                                
00004001  _ZN6ButtonC2Eibiiy                                
00003687  _ZN6Screen11printScreenEhht                       
0000360d  _ZN6Screen14ProcessMessageE3MSG                   
000037ff  _ZN6Screen20ADCtoScreenValueConvEi                
00003601  _ZN6Screen3runEv                                  
00003571  _ZN6ScreenC1Eib                                   
00003571  _ZN6ScreenC2Eib                                   
000030ab  _ZN9Scheduler13attachMessageE3MSG                 
0000319b  _ZN9Scheduler14processMessageE3MSG                
00003103  _ZN9Scheduler17clearMessageQueueEv                
00003151  _ZN9Scheduler18clearNextSchedulerEv               
00003027  _ZN9Scheduler19ProcessMessageQueueEv              
00002f5b  _ZN9Scheduler21CalculateNextScheduleEv            
000031ed  _ZN9Scheduler22SortScheduleByPriorityEP4Task      
00002efd  _ZN9Scheduler3runEv                               
00002e91  _ZN9Scheduler6attachEP4Task                       
00002e31  _ZN9SchedulerC1Ev                                 
00002e31  _ZN9SchedulerC2Ev                                 
00003f57  _ZNKSt9type_info4nameEv                           
00003f87  _ZNKSt9type_info6beforeERKS_                      
00003f71  _ZNKSt9type_infoeqERKS_                           
00003f5b  _ZNKSt9type_infoneERKS_                           
00003f4f  _ZNSt9type_infoD0Ev                               
00003f4d  _ZNSt9type_infoD1Ev                               
00003f4d  _ZNSt9type_infoD2Ev                               
2000193c  _ZSt16__dummy_typeinfo                            
00003f45  _ZSt21__gen_dummy_typeinfosv                      
00004cc4  _ZTI4Task                                         
00004c5c  _ZTI5Servo                                        
00004c68  _ZTI6Button                                       
00004c74  _ZTI6Screen                                       
00004c80  _ZTIN10__cxxabiv117__class_type_infoE             
00004c8c  _ZTIN10__cxxabiv117__pbase_type_infoE             
00004c98  _ZTIN10__cxxabiv119__pointer_type_infoE           
00004ca4  _ZTIN10__cxxabiv120__si_class_type_infoE          
00004cb0  _ZTIN10__cxxabiv123__fundamental_type_infoE       
00004bc0  _ZTIPKe                                           
00004ccc  _ZTISt9type_info                                  
00004cd4  _ZTIe                                             
00004d13  _ZTS4Task                                         
00004d0c  _ZTS5Servo                                        
00004cdc  _ZTS6Button                                       
00004ce4  _ZTS6Screen                                       
00004ac9  _ZTSN10__cxxabiv117__class_type_infoE             
00004aeb  _ZTSN10__cxxabiv117__pbase_type_infoE             
00004aa5  _ZTSN10__cxxabiv119__pointer_type_infoE           
00004a80  _ZTSN10__cxxabiv120__si_class_type_infoE          
00004a58  _ZTSN10__cxxabiv123__fundamental_type_infoE       
00004d19  _ZTSPKe                                           
00004c10  _ZTSSt9type_info                                  
00004b0d  _ZTSe                                             
00004b84  _ZTV4Task                                         
00004b98  _ZTV5Servo                                        
00004bac  _ZTV6Button                                       
00004b68  _ZTV6Screen                                       
00004bd0  _ZTVN10__cxxabiv117__class_type_infoE             
00004be0  _ZTVN10__cxxabiv119__pointer_type_infoE           
00004bf0  _ZTVN10__cxxabiv120__si_class_type_infoE          
00004c00  _ZTVN10__cxxabiv123__fundamental_type_infoE       
00004589  _ZdlPv                                            
000044d9  _Znwj                                             
20010000  __STACK_END                                       
00000200  __STACK_SIZE                                      
00000400  __SYSMEM_SIZE                                     
00004db4  __TI_CINIT_Base                                   
00004dcc  __TI_CINIT_Limit                                  
00004dac  __TI_Handler_Table_Base                           
00004db4  __TI_Handler_Table_Limit                          
00004249  __TI_auto_init                                    
20001da8  __TI_cleanup_ptr                                  
00004555  __TI_decompress_none                              
00004591  __TI_decompress_rle24                             
20001dac  __TI_dtors_ptr                                    
20001db0  __TI_enable_exit_profile_output                   
ffffffff  __TI_pprof_out_hndl                               
ffffffff  __TI_prof_data_size                               
ffffffff  __TI_prof_data_start                              
00000000  __TI_static_base__                                
00004419  __aeabi_d2iz                                      
00003c1d  __aeabi_ddiv                                      
0000449f  __aeabi_f2d                                       
000041cd  __aeabi_memclr                                    
000041cd  __aeabi_memclr4                                   
000041cd  __aeabi_memclr8                                   
000040b1  __aeabi_memcpy                                    
000040b1  __aeabi_memcpy4                                   
000040b1  __aeabi_memcpy8                                   
000041cf  __aeabi_memset                                    
000041cf  __aeabi_memset4                                   
000041cf  __aeabi_memset8                                   
ffffffff  __binit__                                         
ffffffff  __c_args__                                        
00003abb  __mpu_init                                        
2000fe00  __stack                                           
00002595  __sti___8_main_cpp_937618a8                       
00004529  _args_main                                        
00004325  _c_int00                                          
20001dcc  _lock                                             
20001dd8  _new_handler                                      
0000454f  _nop                                              
00004547  _register_lock                                    
00004541  _register_unlock                                  
20001960  _sys_memory                                       
00004247  _system_post_cinit                                
00004597  _system_pre_init                                  
20001dd0  _unlock                                           
20001934  aDataToSendADC                                    
0000437d  abort                                             
ffffffff  binit                                             
00002dfd  calloc                                            
000043cd  copy_in                                           
20001948  counterADC                                        
2000194c  counterADCScreen                                  
00004385  exit                                              
00002b4b  free                                              
20000000  g_pfnRAMVectors                                   
20001908  g_sContext                                        
00004a2c  g_sCrystalfontz128x128                            
00004894  g_sFontFixed6x8                                   
20001940  g_u64Status                                       
00000000  interruptVectors                                  
00002339  main                                              
20001dd4  main_func_sp                                      
00002ae3  malloc                                            
00002d19  memalign                                          
000040b1  memcpy                                            
000041d5  memset                                            
00002a55  minit                                             
20001950  pDataToSendADC                                    
20001d90  pwmConfig                                         
00002c0d  realloc                                           


GLOBAL SYMBOLS: SORTED BY Symbol Address 

address   name                                              
-------   ----                                              
00000000  __TI_static_base__                                
00000000  interruptVectors                                  
00000200  __STACK_SIZE                                      
0000024d  ADC14_enableModule                                
00000255  ADC14_disableModule                               
0000026b  ADC14_enableSampleTimer                           
00000295  ADC14_disableSampleTimer                          
000002ab  ADC14_initModule                                  
000002f1  ADC14_setResolution                               
0000030b  ADC14_getResolution                               
00000315  ADC14_setSampleHoldTrigger                        
00000357  ADC14_setSampleHoldTime                           
00000381  ADC14_configureMultiSequenceMode                  
00000400  __SYSMEM_SIZE                                     
00000417  ADC14_configureSingleSampleMode                   
0000046d  ADC14_enableConversion                            
0000048d  ADC14_toggleConversionTrigger                     
000004af  ADC14_disableConversion                           
000004bb  ADC14_isBusy                                      
000004d9  ADC14_configureConversionMemory                   
00000581  ADC14_enableComparatorWindow                      
00000611  ADC14_disableComparatorWindow                     
0000066f  ADC14_setComparatorWindowValue                    
000006f5  ADC14_setResultFormat                             
0000071f  ADC14_getResult                                   
00000739  ADC14_getMultiSequenceResult                      
000007a5  ADC14_getResultArray                              
00000819  ADC14_enableReferenceBurst                        
0000082f  ADC14_disableReferenceBurst                       
00000845  ADC14_setPowerMode                                
00000887  ADC14_enableInterrupt                             
000008b3  ADC14_disableInterrupt                            
000008df  ADC14_getInterruptStatus                          
00000909  ADC14_getEnabledInterruptStatus                   
00000939  ADC14_clearInterruptFlag                          
00000969  ADC14_registerInterrupt                           
0000097d  ADC14_unregisterInterrupt                         
000009f5  SPI_initMaster                                    
00000abb  SPI_selectFourPinFunctionality                    
00000ae1  SPI_changeMasterClock                             
00000b09  SPI_initSlave                                     
00000b87  SPI_changeClockPhasePolarity                      
00000bb7  SPI_transmitData                                  
00000bdd  SPI_receiveData                                   
00000bf9  SPI_enableModule                                  
00000c15  SPI_disableModule                                 
00000c31  SPI_getReceiveBufferAddressForDMA                 
00000c4d  SPI_getTransmitBufferAddressForDMA                
00000c79  SPI_isBusy                                        
00000c95  SPI_enableInterrupt                               
00000cbb  SPI_disableInterrupt                              
00000ce1  SPI_getInterruptStatus                            
00000d09  SPI_getEnabledInterruptStatus                     
00000d39  SPI_clearInterruptFlag                            
00000d5f  SPI_registerInterrupt                             
00000e1d  SPI_unregisterInterrupt                           
00000ec9  EUSCI_B_SPI_select4PinFunctionality               
00000ee9  EUSCI_B_SPI_masterChangeClock                     
00000f1b  EUSCI_B_SPI_slaveInit                             
00000f65  EUSCI_B_SPI_changeClockPhasePolarity              
00000fa7  EUSCI_B_SPI_transmitData                          
00000fbd  EUSCI_B_SPI_receiveData                           
00000fcd  EUSCI_B_SPI_enableInterrupt                       
00000fe7  EUSCI_B_SPI_disableInterrupt                      
00001001  EUSCI_B_SPI_getInterruptStatus                    
00001019  EUSCI_B_SPI_clearInterruptFlag                    
00001033  EUSCI_B_SPI_enable                                
00001049  EUSCI_B_SPI_disable                               
0000105f  EUSCI_B_SPI_getReceiveBufferAddressForDMA         
0000106d  EUSCI_B_SPI_getTransmitBufferAddressForDMA        
0000107b  EUSCI_B_SPI_isBusy                                
00001093  EUSCI_A_SPI_select4PinFunctionality               
000010b3  EUSCI_A_SPI_masterChangeClock                     
000010e9  EUSCI_A_SPI_slaveInit                             
00001133  EUSCI_A_SPI_changeClockPhasePolarity              
00001175  EUSCI_A_SPI_transmitData                          
0000118b  EUSCI_A_SPI_receiveData                           
0000119b  EUSCI_A_SPI_enableInterrupt                       
000011b5  EUSCI_A_SPI_disableInterrupt                      
000011cf  EUSCI_A_SPI_getInterruptStatus                    
000011e7  EUSCI_A_SPI_clearInterruptFlag                    
00001201  EUSCI_A_SPI_enable                                
00001217  EUSCI_A_SPI_disable                               
0000122d  EUSCI_A_SPI_getReceiveBufferAddressForDMA         
0000123b  EUSCI_A_SPI_getTransmitBufferAddressForDMA        
00001249  EUSCI_A_SPI_isBusy                                
00001269  Crystalfontz128x128_Init                          
0000137d  Crystalfontz128x128_SetDrawFrame                  
000014ab  Crystalfontz128x128_SetOrientation                
000018e1  Graphics_drawLineH                                
0000197d  Graphics_drawLineV                                
00001bfd  Graphics_drawLine                                 
00001d71  GPIO_setAsOutputPin                               
00001dab  GPIO_setAsInputPin                                
00001df1  GPIO_setAsPeripheralModuleFunctionOutputPin       
00001e75  GPIO_setAsPeripheralModuleFunctionInputPin        
00001ef9  GPIO_setOutputHighOnPin                           
00001f1b  GPIO_setOutputLowOnPin                            
00001f3d  GPIO_toggleOutputOnPin                            
00001f5f  GPIO_setAsInputPinWithPullDownResistor            
00001fb1  GPIO_setAsInputPinWithPullUpResistor              
00002003  GPIO_getInputPinValue                             
00002031  GPIO_enableInterrupt                              
00002053  GPIO_disableInterrupt                             
00002075  GPIO_getInterruptStatus                           
00002093  GPIO_clearInterruptFlag                           
000020b5  GPIO_interruptEdgeSelect                          
000020eb  GPIO_getEnabledInterruptStatus                    
00002167  GPIO_setDriveStrengthHigh                         
00002189  GPIO_setDriveStrengthLow                          
000021ab  GPIO_registerInterrupt                            
000021cb  GPIO_unregisterInterrupt                          
0000225b  BUTTON_ISR                                        
00002279  ADC14_IRQHandler                                  
00002279  ADC14_IRQHandler                                  
00002339  main                                              
000023b7  _Z5Setupv                                         
00002551  T32_INT1_IRQHandler                               
00002551  T32_INT1_IRQHandler                               
00002595  __sti___8_main_cpp_937618a8                       
00002667  Interrupt_enableMaster                            
00002677  Interrupt_disableMaster                           
00002687  Interrupt_registerInterrupt                       
000026d9  Interrupt_unregisterInterrupt                     
000026ed  Interrupt_setPriorityGrouping                     
00002707  Interrupt_getPriorityGrouping                     
0000273f  Interrupt_setPriority                             
0000278f  Interrupt_getPriority                             
000027b5  Interrupt_enableInterrupt                         
00002827  Interrupt_disableInterrupt                        
00002899  Interrupt_isEnabled                               
00002925  Interrupt_pendInterrupt                           
00002995  Interrupt_unpendInterrupt                         
000029e3  Interrupt_setPriorityMask                         
000029f3  Interrupt_getPriorityMask                         
000029fd  Interrupt_setVectorTableAddress                   
00002a0d  Interrupt_getVectorTableAddress                   
00002a13  Interrupt_enableSleepOnIsrExit                    
00002a25  Interrupt_disableSleepOnIsrExit                   
00002a55  minit                                             
00002ae3  malloc                                            
00002b4b  free                                              
00002c0d  realloc                                           
00002d19  memalign                                          
00002dfd  calloc                                            
00002e31  _ZN9SchedulerC1Ev                                 
00002e31  _ZN9SchedulerC2Ev                                 
00002e91  _ZN9Scheduler6attachEP4Task                       
00002efd  _ZN9Scheduler3runEv                               
00002f5b  _ZN9Scheduler21CalculateNextScheduleEv            
00003027  _ZN9Scheduler19ProcessMessageQueueEv              
000030ab  _ZN9Scheduler13attachMessageE3MSG                 
00003103  _ZN9Scheduler17clearMessageQueueEv                
00003151  _ZN9Scheduler18clearNextSchedulerEv               
0000319b  _ZN9Scheduler14processMessageE3MSG                
000031ed  _ZN9Scheduler22SortScheduleByPriorityEP4Task      
00003201  SystemCoreClockUpdate                             
00003475  SystemInit                                        
00003571  _ZN6ScreenC1Eib                                   
00003571  _ZN6ScreenC2Eib                                   
00003601  _ZN6Screen3runEv                                  
0000360d  _ZN6Screen14ProcessMessageE3MSG                   
00003687  _ZN6Screen11printScreenEhht                       
000037ff  _ZN6Screen20ADCtoScreenValueConvEi                
00003855  Graphics_initContext                              
0000389f  Graphics_setClipRegion                            
00003969  Graphics_setBackgroundColor                       
00003983  Graphics_setBackgroundColorTranslated             
00003999  Graphics_setFont                                  
000039b3  Graphics_getFontBaseline                          
000039c1  Graphics_setForegroundColor                       
000039d7  Graphics_setForegroundColorTranslated             
000039e9  Graphics_getFontHeight                            
000039f7  Graphics_getFontMaxWidth                          
00003a05  Graphics_getDisplayWidth                          
00003a15  Graphics_getDisplayHeight                         
00003a25  Graphics_getHeightOfDisplay                       
00003a33  Graphics_flushBuffer                              
00003a41  Graphics_clearDisplay                             
00003a53  Graphics_drawPixel                                
00003aad  Graphics_getWidthOfDisplay                        
00003abb  __mpu_init                                        
00003abd  _ZN5ServoC1Eibii                                  
00003abd  _ZN5ServoC2Eibii                                  
00003b33  _ZN5Servo3runEv                                   
00003b6b  _ZN5Servo14ProcessMessageE3MSG                    
00003bcf  _ZN5Servo19ADCtoServoValueConvEi                  
00003c1d  __aeabi_ddiv                                      
00003d53  Graphics_drawPixelOnDisplay                       
00003d7d  Graphics_drawMultiplePixelsOnDisplay              
00003dc1  Graphics_drawHorizontalLineOnDisplay              
00003df5  Graphics_drawVerticalLineOnDisplay                
00003e29  Graphics_fillRectangleOnDisplay                   
00003e47  Graphics_translateColorOnDisplay                  
00003e5d  Graphics_flushOnDisplay                           
00003e6f  Graphics_clearDisplayOnDisplay                    
00003e87  _Z21__default_new_handlerv                        
00003e89  HAL_LCD_PortInit                                  
00003eb9  HAL_LCD_SpiInit                                   
00003eef  HAL_LCD_writeCommand                              
00003f17  HAL_LCD_writeData                                 
00003f45  _ZSt21__gen_dummy_typeinfosv                      
00003f4d  _ZNSt9type_infoD1Ev                               
00003f4d  _ZNSt9type_infoD2Ev                               
00003f4f  _ZNSt9type_infoD0Ev                               
00003f57  _ZNKSt9type_info4nameEv                           
00003f5b  _ZNKSt9type_infoneERKS_                           
00003f71  _ZNKSt9type_infoeqERKS_                           
00003f87  _ZNKSt9type_info6beforeERKS_                      
00003f95  _ZN10__cxxabiv129__pointer_to_member_type_infoD1Ev
00003f95  _ZN10__cxxabiv129__pointer_to_member_type_infoD2Ev
00003f97  _ZN10__cxxabiv129__pointer_to_member_type_infoD0Ev
00003f9f  _ZN10__cxxabiv123__fundamental_type_infoD1Ev      
00003f9f  _ZN10__cxxabiv123__fundamental_type_infoD2Ev      
00003fa1  _ZN10__cxxabiv123__fundamental_type_infoD0Ev      
00003fa9  _ZN10__cxxabiv121__vmi_class_type_infoD1Ev        
00003fa9  _ZN10__cxxabiv121__vmi_class_type_infoD2Ev        
00003fab  _ZN10__cxxabiv121__vmi_class_type_infoD0Ev        
00003fb3  _ZN10__cxxabiv120__si_class_type_infoD1Ev         
00003fb3  _ZN10__cxxabiv120__si_class_type_infoD2Ev         
00003fb5  _ZN10__cxxabiv120__si_class_type_infoD0Ev         
00003fbd  _ZN10__cxxabiv120__function_type_infoD1Ev         
00003fbd  _ZN10__cxxabiv120__function_type_infoD2Ev         
00003fbf  _ZN10__cxxabiv120__function_type_infoD0Ev         
00003fc7  _ZN10__cxxabiv119__pointer_type_infoD1Ev          
00003fc7  _ZN10__cxxabiv119__pointer_type_infoD2Ev          
00003fc9  _ZN10__cxxabiv119__pointer_type_infoD0Ev          
00003fd1  _ZN10__cxxabiv117__pbase_type_infoD1Ev            
00003fd1  _ZN10__cxxabiv117__pbase_type_infoD2Ev            
00003fd3  _ZN10__cxxabiv117__pbase_type_infoD0Ev            
00003fdb  _ZN10__cxxabiv117__class_type_infoD1Ev            
00003fdb  _ZN10__cxxabiv117__class_type_infoD2Ev            
00003fdd  _ZN10__cxxabiv117__class_type_infoD0Ev            
00003fe5  _ZN10__cxxabiv117__array_type_infoD1Ev            
00003fe5  _ZN10__cxxabiv117__array_type_infoD2Ev            
00003fe7  _ZN10__cxxabiv117__array_type_infoD0Ev            
00003fef  _ZN10__cxxabiv116__enum_type_infoD1Ev             
00003fef  _ZN10__cxxabiv116__enum_type_infoD2Ev             
00003ff1  _ZN10__cxxabiv116__enum_type_infoD0Ev             
00004001  _ZN6ButtonC1Eibiiy                                
00004001  _ZN6ButtonC2Eibiiy                                
00004077  _ZN6Button3runEv                                  
00004083  _ZN6Button14ProcessMessageE3MSG                   
0000408f  _ZN6Button11SendMessageEv                         
000040b1  __aeabi_memcpy                                    
000040b1  __aeabi_memcpy4                                   
000040b1  __aeabi_memcpy8                                   
000040b1  memcpy                                            
0000414d  _ZN4TaskC1Ev                                      
0000414d  _ZN4TaskC2Ev                                      
0000416b  _ZN4Task19SetTaskCurrentCountEy                   
00004189  _ZN4Task17SetTaskFinalCountEy                     
000041a7  _ZN4Task19GetTaskCurrentCountEv                   
000041b7  _ZN4Task17GetTaskFinalCountEv                     
000041cd  __aeabi_memclr                                    
000041cd  __aeabi_memclr4                                   
000041cd  __aeabi_memclr8                                   
000041cf  __aeabi_memset                                    
000041cf  __aeabi_memset4                                   
000041cf  __aeabi_memset8                                   
000041d5  memset                                            
00004247  _system_post_cinit                                
00004249  __TI_auto_init                                    
00004325  _c_int00                                          
00004379  C$$EXIT                                           
0000437d  abort                                             
00004385  exit                                              
000043cd  copy_in                                           
00004419  __aeabi_d2iz                                      
00004461  CPU_cpsid                                         
0000446d  CPU_primask                                       
00004477  CPU_cpsie                                         
00004483  CPU_wfi                                           
00004487  CPU_basepriSet                                    
00004495  CPU_basepriGet                                    
0000449f  __aeabi_f2d                                       
000044d9  _Znwj                                             
00004509  _ZN4Task11SendMessageEv                           
00004529  _args_main                                        
00004541  _register_unlock                                  
00004547  _register_lock                                    
0000454f  _nop                                              
00004555  __TI_decompress_none                              
00004563  Reset_Handler                                     
0000456f  AES256_IRQHandler                                 
0000456f  BusFault_Handler                                  
0000456f  COMP_E0_IRQHandler                                
0000456f  COMP_E1_IRQHandler                                
0000456f  CS_IRQHandler                                     
0000456f  DMA_ERR_IRQHandler                                
0000456f  DMA_INT0_IRQHandler                               
0000456f  DMA_INT1_IRQHandler                               
0000456f  DMA_INT2_IRQHandler                               
0000456f  DMA_INT3_IRQHandler                               
0000456f  DebugMon_Handler                                  
0000456f  Default_Handler                                   
0000456f  EUSCIA0_IRQHandler                                
0000456f  EUSCIA1_IRQHandler                                
0000456f  EUSCIA2_IRQHandler                                
0000456f  EUSCIA3_IRQHandler                                
0000456f  EUSCIB0_IRQHandler                                
0000456f  EUSCIB1_IRQHandler                                
0000456f  EUSCIB2_IRQHandler                                
0000456f  EUSCIB3_IRQHandler                                
0000456f  FLCTL_IRQHandler                                  
0000456f  FPU_IRQHandler                                    
0000456f  HardFault_Handler                                 
0000456f  MemManage_Handler                                 
0000456f  NMI_Handler                                       
0000456f  PCM_IRQHandler                                    
0000456f  PORT1_IRQHandler                                  
0000456f  PORT2_IRQHandler                                  
0000456f  PORT3_IRQHandler                                  
0000456f  PORT4_IRQHandler                                  
0000456f  PORT5_IRQHandler                                  
0000456f  PORT6_IRQHandler                                  
0000456f  PSS_IRQHandler                                    
0000456f  PendSV_Handler                                    
0000456f  RTC_C_IRQHandler                                  
0000456f  SVC_Handler                                       
0000456f  SysTick_Handler                                   
0000456f  T32_INT2_IRQHandler                               
0000456f  T32_INTC_IRQHandler                               
0000456f  TA0_0_IRQHandler                                  
0000456f  TA0_N_IRQHandler                                  
0000456f  TA1_0_IRQHandler                                  
0000456f  TA1_N_IRQHandler                                  
0000456f  TA2_0_IRQHandler                                  
0000456f  TA2_N_IRQHandler                                  
0000456f  TA3_0_IRQHandler                                  
0000456f  TA3_N_IRQHandler                                  
0000456f  UsageFault_Handler                                
0000456f  WDT_A_IRQHandler                                  
00004571  _ZN4Task14ProcessMessageE3MSG                     
0000457d  _ZN4Task3runEv                                    
00004589  _ZdlPv                                            
00004591  __TI_decompress_rle24                             
00004597  _system_pre_init                                  
00004894  g_sFontFixed6x8                                   
00004a2c  g_sCrystalfontz128x128                            
00004a58  _ZTSN10__cxxabiv123__fundamental_type_infoE       
00004a80  _ZTSN10__cxxabiv120__si_class_type_infoE          
00004aa5  _ZTSN10__cxxabiv119__pointer_type_infoE           
00004ac9  _ZTSN10__cxxabiv117__class_type_infoE             
00004aeb  _ZTSN10__cxxabiv117__pbase_type_infoE             
00004b0d  _ZTSe                                             
00004b68  _ZTV6Screen                                       
00004b84  _ZTV4Task                                         
00004b98  _ZTV5Servo                                        
00004bac  _ZTV6Button                                       
00004bc0  _ZTIPKe                                           
00004bd0  _ZTVN10__cxxabiv117__class_type_infoE             
00004be0  _ZTVN10__cxxabiv119__pointer_type_infoE           
00004bf0  _ZTVN10__cxxabiv120__si_class_type_infoE          
00004c00  _ZTVN10__cxxabiv123__fundamental_type_infoE       
00004c10  _ZTSSt9type_info                                  
00004c5c  _ZTI5Servo                                        
00004c68  _ZTI6Button                                       
00004c74  _ZTI6Screen                                       
00004c80  _ZTIN10__cxxabiv117__class_type_infoE             
00004c8c  _ZTIN10__cxxabiv117__pbase_type_infoE             
00004c98  _ZTIN10__cxxabiv119__pointer_type_infoE           
00004ca4  _ZTIN10__cxxabiv120__si_class_type_infoE          
00004cb0  _ZTIN10__cxxabiv123__fundamental_type_infoE       
00004cc4  _ZTI4Task                                         
00004ccc  _ZTISt9type_info                                  
00004cd4  _ZTIe                                             
00004cdc  _ZTS6Button                                       
00004ce4  _ZTS6Screen                                       
00004d0c  _ZTS5Servo                                        
00004d13  _ZTS4Task                                         
00004d19  _ZTSPKe                                           
00004d20  SHT$$INIT_ARRAY$$Base                             
00004d24  SHT$$INIT_ARRAY$$Limit                            
00004dac  __TI_Handler_Table_Base                           
00004db4  __TI_CINIT_Base                                   
00004db4  __TI_Handler_Table_Limit                          
00004dcc  __TI_CINIT_Limit                                  
20000000  g_pfnRAMVectors                                   
200000e8  MainScheduler                                     
200018e0  Servo1                                            
20001908  g_sContext                                        
20001924  DataToSend                                        
20001928  DataToSendADC                                     
2000192c  DataToSend2ADC                                    
20001930  DataToSend3                                       
20001934  aDataToSendADC                                    
2000193c  _ZSt16__dummy_typeinfo                            
20001940  g_u64Status                                       
20001948  counterADC                                        
2000194c  counterADCScreen                                  
20001950  pDataToSendADC                                    
20001954  Lcd_ScreenHeigth                                  
20001956  Lcd_ScreenWidth                                   
20001958  Lcd_TouchTrim                                     
2000195a  Lcd_FlagRead                                      
2000195b  Lcd_FontSolid                                     
2000195c  Lcd_Orientation                                   
2000195d  Lcd_PenSolid                                      
20001960  _sys_memory                                       
20001d90  pwmConfig                                         
20001da8  __TI_cleanup_ptr                                  
20001dac  __TI_dtors_ptr                                    
20001db0  __TI_enable_exit_profile_output                   
20001dc8  _ZN4Task14m_u8NextTaskIDE                         
20001dcc  _lock                                             
20001dd0  _unlock                                           
20001dd4  main_func_sp                                      
20001dd8  _new_handler                                      
20001ddc  SystemCoreClock                                   
2000fe00  __stack                                           
20010000  __STACK_END                                       
4000480c  WDTCTL_SYM                                        
ffffffff  __TI_pprof_out_hndl                               
ffffffff  __TI_prof_data_size                               
ffffffff  __TI_prof_data_start                              
ffffffff  __binit__                                         
ffffffff  __c_args__                                        
ffffffff  binit                                             

[419 symbols]
