******************************************************************************
                  TI ARM Linker Unix v15.12.3                  
******************************************************************************
>> Linked Wed Oct 26 01:53:51 2016

OUTPUT FILE NAME:   <EventHandler.out>
ENTRY POINT SYMBOL: "_c_int00"  address: 0000183d


MEMORY CONFIGURATION

         name            origin    length      used     unused   attr    fill
----------------------  --------  ---------  --------  --------  ----  --------
  MAIN                  00000000   00040000  00001cb5  0003e34b  R  X
  INFO                  00200000   00004000  00000000  00004000  R  X
  SRAM_CODE             01000000   00010000  0000074c  0000f8b4  RW X
  SRAM_DATA             20000000   00010000  0000074c  0000f8b4  RW  


SEGMENT ALLOCATION MAP

run origin  load origin   length   init length attrs members
----------  ----------- ---------- ----------- ----- -------
00000000    00000000    00001cbc   00001cbc    r-x
  00000000    00000000    000000e4   000000e4    r-- .intvecs
  000000e4    000000e4    000018f2   000018f2    r-x .text
  000019d8    000019d8    0000024b   0000024b    r-- .const
  00001c28    00001c28    00000094   00000094    r-- .cinit
20000000    20000000    0000054c   00000000    rw-
  20000000    20000000    000000e4   00000000    rw- .vtable
  200000e4    200000e4    00000004   00000000    rw- .bss
  200000e8    200000e8    00000400   00000000    rw- .sysmem
  200004e8    200004e8    00000064   00000000    rw- .data
2000fe00    2000fe00    00000200   00000000    rw-
  2000fe00    2000fe00    00000200   00000000    rw- .stack


SECTION ALLOCATION MAP

 output                                  attributes/
section   page    origin      length       input sections
--------  ----  ----------  ----------   ----------------
.intvecs   0    00000000    000000e4     
                  00000000    000000e4     startup_msp432p401r_ccs.obj (.intvecs:retain)

.text      0    000000e4    000018f2     
                  000000e4    00000480     gpio.obj (.text)
                  00000564    000003f0     interrupt.obj (.text)
                  00000954    000003dc     rtsv7M4_T_le_v4SPD16_eabi.lib : memory.obj (.text)
                  00000d30    0000032c     system_msp432p401r.obj (.text)
                  0000105c    00000238     Scheduler.obj (.text)
                  00001294    000001a8     main.obj (.text)
                  0000143c    000000c4     LED.obj (.text)
                  00001500    000000bc     rtsv7M4_T_le_v4SPD16_eabi.lib : typeinfo_.obj (.text)
                  000015bc    0000009c                                   : memcpy_t2.obj (.text)
                  00001658    0000008c     Task.obj (.text)
                  000016e4    0000007a     rtsv7M4_T_le_v4SPD16_eabi.lib : memset_t2.obj (.text)
                  0000175e    00000002                                   : mpu_init.obj (.text)
                  00001760    00000070                                   : autoinit.obj (.text)
                  000017d0    0000006a                                   : copy_decompress_rle.obj (.text)
                  0000183a    00000002                                   : startup.obj (.text)
                  0000183c    00000054                                   : boot.obj (.text)
                  00001890    00000054                                   : exit.obj (.text)
                  000018e4    0000004c                                   : cpy_tbl.obj (.text)
                  00001930    0000003e     cpu.obj (.text)
                  0000196e    00000002     --HOLE-- [fill = 0]
                  00001970    00000018     rtsv7M4_T_le_v4SPD16_eabi.lib : args_main.obj (.text)
                  00001988    00000014                                   : _lock.obj (.text)
                  0000199c    0000000e                                   : copy_decompress_none.obj (.text:decompress:none)
                  000019aa    0000000e     startup_msp432p401r_ccs.obj (.text)
                  000019b8    0000000c     Task.obj (.text:_ZN4Task3runEv)
                  000019c4    00000008     rtsv7M4_T_le_v4SPD16_eabi.lib : delete.obj (.text)
                  000019cc    00000006                                   : copy_decompress_rle.obj (.text:decompress:rle24)
                  000019d2    00000004                                   : pre_init.obj (.text)

.const     0    000019d8    0000024b     
                  000019d8    00000050     interrupt.obj (.const:g_pulRegs)
                  00001a28    00000028     rtsv7M4_T_le_v4SPD16_eabi.lib : typeinfo_.obj (.const:.typeinfo:_ZTSN10__cxxabiv123__fundamental_type_infoE)
                  00001a50    00000025                                   : typeinfo_.obj (.const:.typeinfo:_ZTSN10__cxxabiv120__si_class_type_infoE)
                  00001a75    00000024                                   : typeinfo_.obj (.const:.typeinfo:_ZTSN10__cxxabiv119__pointer_type_infoE)
                  00001a99    00000022                                   : typeinfo_.obj (.const:.typeinfo:_ZTSN10__cxxabiv117__class_type_infoE)
                  00001abb    00000022                                   : typeinfo_.obj (.const:.typeinfo:_ZTSN10__cxxabiv117__pbase_type_infoE)
                  00001add    00000002                                   : typeinfo_.obj (.const:.typeinfo:_ZTSe)
                  00001adf    00000001     --HOLE-- [fill = 0]
                  00001ae0    00000020     interrupt.obj (.const:g_pulPriority)
                  00001b00    0000001c     gpio.obj (.const:GPIO_PORT_TO_INT)
                  00001b1c    00000010     rtsv7M4_T_le_v4SPD16_eabi.lib : typeinfo_.obj (.const:.typeinfo:_ZTIPKe)
                  00001b2c    00000010                                   : typeinfo_.obj (.const:_ZTVN10__cxxabiv117__class_type_infoE)
                  00001b3c    00000010                                   : typeinfo_.obj (.const:_ZTVN10__cxxabiv119__pointer_type_infoE)
                  00001b4c    00000010                                   : typeinfo_.obj (.const:_ZTVN10__cxxabiv120__si_class_type_infoE)
                  00001b5c    00000010                                   : typeinfo_.obj (.const:_ZTVN10__cxxabiv123__fundamental_type_infoE)
                  00001b6c    0000000d                                   : typeinfo_.obj (.const:.typeinfo:_ZTSSt9type_info)
                  00001b79    00000003     --HOLE-- [fill = 0]
                  00001b7c    0000000c     LED.obj (.const:.typeinfo:_ZTI3LED)
                  00001b88    0000000c     rtsv7M4_T_le_v4SPD16_eabi.lib : typeinfo_.obj (.const:.typeinfo:_ZTIN10__cxxabiv117__class_type_infoE)
                  00001b94    0000000c                                   : typeinfo_.obj (.const:.typeinfo:_ZTIN10__cxxabiv117__pbase_type_infoE)
                  00001ba0    0000000c                                   : typeinfo_.obj (.const:.typeinfo:_ZTIN10__cxxabiv119__pointer_type_infoE)
                  00001bac    0000000c                                   : typeinfo_.obj (.const:.typeinfo:_ZTIN10__cxxabiv120__si_class_type_infoE)
                  00001bb8    0000000c                                   : typeinfo_.obj (.const:.typeinfo:_ZTIN10__cxxabiv123__fundamental_type_infoE)
                  00001bc4    0000000c     LED.obj (.const:_ZTV3LED)
                  00001bd0    0000000c     Task.obj (.const:_ZTV4Task)
                  00001bdc    00000008     LED.obj (.const:.typeinfo:_ZTI4Task)
                  00001be4    00000008     rtsv7M4_T_le_v4SPD16_eabi.lib : typeinfo_.obj (.const:.typeinfo:_ZTISt9type_info)
                  00001bec    00000008                                   : typeinfo_.obj (.const:.typeinfo:_ZTIe)
                  00001bf4    00000008     interrupt.obj (.const:g_pulDisRegs)
                  00001bfc    00000008     interrupt.obj (.const:g_pulEnRegs)
                  00001c04    00000008     interrupt.obj (.const:g_pulPendRegs)
                  00001c0c    00000008     interrupt.obj (.const:g_pulUnpendRegs)
                  00001c14    00000006     LED.obj (.const:.typeinfo:_ZTS4Task)
                  00001c1a    00000005     LED.obj (.const:.typeinfo:_ZTS3LED)
                  00001c1f    00000004     rtsv7M4_T_le_v4SPD16_eabi.lib : typeinfo_.obj (.const:.typeinfo:_ZTSPKe)

.cinit     0    00001c28    00000094     
                  00001c28    00000053     (.cinit..data.load) [load image, compression = rle]
                  00001c7b    00000005     --HOLE-- [fill = 0]
                  00001c80    00000009     (.cinit..bss.load) [load image, compression = rle]
                  00001c89    00000007     --HOLE-- [fill = 0]
                  00001c90    00000009     (.cinit..vtable.load) [load image, compression = rle]
                  00001c99    00000003     --HOLE-- [fill = 0]
                  00001c9c    00000008     (__TI_handler_table)
                  00001ca4    00000018     (__TI_cinit_table)

.init_array 
*          0    00000000    00000000     UNINITIALIZED

.binit     0    00000000    00000000     

.vtable    0    20000000    000000e4     UNINITIALIZED
                  20000000    000000e4     interrupt.obj (.vtable)

.bss       0    200000e4    00000004     UNINITIALIZED
                  200000e4    00000004     (.common:_ZSt16__dummy_typeinfo)

.sysmem    0    200000e8    00000400     UNINITIALIZED
                  200000e8    00000008     rtsv7M4_T_le_v4SPD16_eabi.lib : memory.obj (.sysmem)
                  200000f0    000003f8     --HOLE--

.data      0    200004e8    00000064     UNINITIALIZED
                  200004e8    00000030     gpio.obj (.data:GPIO_PORT_TO_BASE)
                  20000518    0000000c     rtsv7M4_T_le_v4SPD16_eabi.lib : exit.obj (.data:$O1$$)
                  20000524    0000000c                                   : memory.obj (.data:$O1$$)
                  20000530    00000009     main.obj (.data)
                  20000539    00000003     --HOLE--
                  2000053c    00000008     rtsv7M4_T_le_v4SPD16_eabi.lib : _lock.obj (.data:$O1$$)
                  20000544    00000004                                   : stkdepth_vars.obj (.data)
                  20000548    00000004     system_msp432p401r.obj (.data)

.stack     0    2000fe00    00000200     UNINITIALIZED
                  2000fe00    00000200     --HOLE--

MODULE SUMMARY

       Module                        code   ro data   rw data
       ------                        ----   -------   -------
    ./
       system_msp432p401r.obj        812    0         8      
       Scheduler.obj                 568    0         0      
       main.obj                      424    0         18     
       startup_msp432p401r_ccs.obj   14     228       0      
       LED.obj                       196    43        0      
       Task.obj                      152    12        0      
    +--+-----------------------------+------+---------+---------+
       Total:                        2166   283       26     
                                                             
    ./driverlib/MSP432P4xx/
       interrupt.obj                 1008   144       456    
       gpio.obj                      1152   28        96     
       cpu.obj                       62     0         0      
    +--+-----------------------------+------+---------+---------+
       Total:                        2222   172       552    
                                                             
    /home/aglt93/ti/ccsv6/tools/compiler/arm_15.12.3.LTS/lib/rtsv7M4_T_le_v4SPD16_eabi.lib
       memory.obj                    988    0         24     
       typeinfo_.obj                 188    356       8      
       memcpy_t2.obj                 156    0         0      
       memset_t2.obj                 122    0         0      
       autoinit.obj                  112    0         0      
       copy_decompress_rle.obj       112    0         0      
       exit.obj                      84     0         24     
       boot.obj                      84     0         0      
       cpy_tbl.obj                   76     0         0      
       _lock.obj                     20     0         16     
       args_main.obj                 24     0         0      
       copy_decompress_none.obj      14     0         0      
       delete.obj                    8      0         0      
       stkdepth_vars.obj             0      0         8      
       pre_init.obj                  4      0         0      
       mpu_init.obj                  2      0         0      
       startup.obj                   2      0         0      
    +--+-----------------------------+------+---------+---------+
       Total:                        1996   356       80     
                                                             
       Heap:                         0      0         2048   
       Stack:                        0      0         1024   
       Linker Generated:             0      133       0      
    +--+-----------------------------+------+---------+---------+
       Grand Total:                  6384   944       3730   


LINKER GENERATED COPY TABLES

__TI_cinit_table @ 00001ca4 records: 3, size/record: 8, table size: 24
	.data: load addr=00001c28, load size=00000053 bytes, run addr=200004e8, run size=00000064 bytes, compression=rle
	.bss: load addr=00001c80, load size=00000009 bytes, run addr=200000e4, run size=00000004 bytes, compression=rle
	.vtable: load addr=00001c90, load size=00000009 bytes, run addr=20000000, run size=000000e4 bytes, compression=rle


LINKER GENERATED HANDLER TABLE

__TI_handler_table @ 00001c9c records: 2, size/record: 4, table size: 8
	index: 0, handler: __TI_decompress_rle24
	index: 1, handler: __TI_decompress_none


GLOBAL SYMBOLS: SORTED ALPHABETICALLY BY Name 

address   name                                              
-------   ----                                              
000019b7  ADC14_IRQHandler                                  
000019b7  AES256_IRQHandler                                 
0000136d  BUTTON_ISR                                        
000019b7  BusFault_Handler                                  
00001891  C$$EXIT                                           
000019b7  COMP_E0_IRQHandler                                
000019b7  COMP_E1_IRQHandler                                
00001965  CPU_basepriGet                                    
00001957  CPU_basepriSet                                    
00001931  CPU_cpsid                                         
00001947  CPU_cpsie                                         
0000193d  CPU_primask                                       
00001953  CPU_wfi                                           
000019b7  CS_IRQHandler                                     
000019b7  DMA_ERR_IRQHandler                                
000019b7  DMA_INT0_IRQHandler                               
000019b7  DMA_INT1_IRQHandler                               
000019b7  DMA_INT2_IRQHandler                               
000019b7  DMA_INT3_IRQHandler                               
000019b7  DebugMon_Handler                                  
000019b7  Default_Handler                                   
000019b7  EUSCIA0_IRQHandler                                
000019b7  EUSCIA1_IRQHandler                                
000019b7  EUSCIA2_IRQHandler                                
000019b7  EUSCIA3_IRQHandler                                
000019b7  EUSCIB0_IRQHandler                                
000019b7  EUSCIB1_IRQHandler                                
000019b7  EUSCIB2_IRQHandler                                
000019b7  EUSCIB3_IRQHandler                                
000019b7  FLCTL_IRQHandler                                  
000019b7  FPU_IRQHandler                                    
00000407  GPIO_clearInterruptFlag                           
000003c7  GPIO_disableInterrupt                             
000003a5  GPIO_enableInterrupt                              
0000045f  GPIO_getEnabledInterruptStatus                    
00000377  GPIO_getInputPinValue                             
000003e9  GPIO_getInterruptStatus                           
00000429  GPIO_interruptEdgeSelect                          
0000051f  GPIO_registerInterrupt                            
0000011f  GPIO_setAsInputPin                                
000002d3  GPIO_setAsInputPinWithPullDownResistor            
00000325  GPIO_setAsInputPinWithPullUpResistor              
000000e5  GPIO_setAsOutputPin                               
000001e9  GPIO_setAsPeripheralModuleFunctionInputPin        
00000165  GPIO_setAsPeripheralModuleFunctionOutputPin       
000004db  GPIO_setDriveStrengthHigh                         
000004fd  GPIO_setDriveStrengthLow                          
0000026d  GPIO_setOutputHighOnPin                           
0000028f  GPIO_setOutputLowOnPin                            
000002b1  GPIO_toggleOutputOnPin                            
0000053f  GPIO_unregisterInterrupt                          
000019b7  HardFault_Handler                                 
00000727  Interrupt_disableInterrupt                        
00000577  Interrupt_disableMaster                           
00000925  Interrupt_disableSleepOnIsrExit                   
000006b5  Interrupt_enableInterrupt                         
00000567  Interrupt_enableMaster                            
00000913  Interrupt_enableSleepOnIsrExit                    
0000068f  Interrupt_getPriority                             
00000607  Interrupt_getPriorityGrouping                     
000008f3  Interrupt_getPriorityMask                         
0000090d  Interrupt_getVectorTableAddress                   
00000799  Interrupt_isEnabled                               
00000825  Interrupt_pendInterrupt                           
00000587  Interrupt_registerInterrupt                       
0000063f  Interrupt_setPriority                             
000005ed  Interrupt_setPriorityGrouping                     
000008e3  Interrupt_setPriorityMask                         
000008fd  Interrupt_setVectorTableAddress                   
00000895  Interrupt_unpendInterrupt                         
000005d9  Interrupt_unregisterInterrupt                     
000019b7  MemManage_Handler                                 
000019b7  NMI_Handler                                       
000019b7  PCM_IRQHandler                                    
000019b7  PORT1_IRQHandler                                  
000019b7  PORT2_IRQHandler                                  
000019b7  PORT3_IRQHandler                                  
000019b7  PORT4_IRQHandler                                  
000019b7  PORT5_IRQHandler                                  
000019b7  PORT6_IRQHandler                                  
000019b7  PSS_IRQHandler                                    
000019b7  PendSV_Handler                                    
000019b7  RTC_C_IRQHandler                                  
000019ab  Reset_Handler                                     
UNDEFED   SHT$$INIT_ARRAY$$Base                             
UNDEFED   SHT$$INIT_ARRAY$$Limit                            
000019b7  SVC_Handler                                       
000019b7  SysTick_Handler                                   
20000548  SystemCoreClock                                   
00000d31  SystemCoreClockUpdate                             
00000fa5  SystemInit                                        
000013e7  T32_INT1_IRQHandler                               
000013e7  T32_INT1_IRQHandler                               
000019b7  T32_INT2_IRQHandler                               
000019b7  T32_INTC_IRQHandler                               
000019b7  TA0_0_IRQHandler                                  
000019b7  TA0_N_IRQHandler                                  
000019b7  TA1_0_IRQHandler                                  
000019b7  TA1_N_IRQHandler                                  
000019b7  TA2_0_IRQHandler                                  
000019b7  TA2_N_IRQHandler                                  
000019b7  TA3_0_IRQHandler                                  
000019b7  TA3_N_IRQHandler                                  
000019b7  UsageFault_Handler                                
4000480c  WDTCTL_SYM                                        
000019b7  WDT_A_IRQHandler                                  
0000138b  _Z5Setupv                                         
000015ad  _ZN10__cxxabiv116__enum_type_infoD0Ev             
000015ab  _ZN10__cxxabiv116__enum_type_infoD1Ev             
000015ab  _ZN10__cxxabiv116__enum_type_infoD2Ev             
000015a3  _ZN10__cxxabiv117__array_type_infoD0Ev            
000015a1  _ZN10__cxxabiv117__array_type_infoD1Ev            
000015a1  _ZN10__cxxabiv117__array_type_infoD2Ev            
00001599  _ZN10__cxxabiv117__class_type_infoD0Ev            
00001597  _ZN10__cxxabiv117__class_type_infoD1Ev            
00001597  _ZN10__cxxabiv117__class_type_infoD2Ev            
0000158f  _ZN10__cxxabiv117__pbase_type_infoD0Ev            
0000158d  _ZN10__cxxabiv117__pbase_type_infoD1Ev            
0000158d  _ZN10__cxxabiv117__pbase_type_infoD2Ev            
00001585  _ZN10__cxxabiv119__pointer_type_infoD0Ev          
00001583  _ZN10__cxxabiv119__pointer_type_infoD1Ev          
00001583  _ZN10__cxxabiv119__pointer_type_infoD2Ev          
0000157b  _ZN10__cxxabiv120__function_type_infoD0Ev         
00001579  _ZN10__cxxabiv120__function_type_infoD1Ev         
00001579  _ZN10__cxxabiv120__function_type_infoD2Ev         
00001571  _ZN10__cxxabiv120__si_class_type_infoD0Ev         
0000156f  _ZN10__cxxabiv120__si_class_type_infoD1Ev         
0000156f  _ZN10__cxxabiv120__si_class_type_infoD2Ev         
00001567  _ZN10__cxxabiv121__vmi_class_type_infoD0Ev        
00001565  _ZN10__cxxabiv121__vmi_class_type_infoD1Ev        
00001565  _ZN10__cxxabiv121__vmi_class_type_infoD2Ev        
0000155d  _ZN10__cxxabiv123__fundamental_type_infoD0Ev      
0000155b  _ZN10__cxxabiv123__fundamental_type_infoD1Ev      
0000155b  _ZN10__cxxabiv123__fundamental_type_infoD2Ev      
00001553  _ZN10__cxxabiv129__pointer_to_member_type_infoD0Ev
00001551  _ZN10__cxxabiv129__pointer_to_member_type_infoD1Ev
00001551  _ZN10__cxxabiv129__pointer_to_member_type_infoD2Ev
000014e9  _ZN3LED3runEv                                     
0000143d  _ZN3LEDC1Eii                                      
00001491  _ZN3LEDC1Eiiy                                     
0000143d  _ZN3LEDC2Eii                                      
00001491  _ZN3LEDC2Eiiy                                     
20000538  _ZN4Task14m_u8NextTaskIDE                         
000016cd  _ZN4Task17GetTaskFinalCountEv                     
0000169f  _ZN4Task17SetTaskFinalCountEy                     
000016bd  _ZN4Task19GetTaskCurrentCountEv                   
00001681  _ZN4Task19SetTaskCurrentCountEy                   
000019b9  _ZN4Task3runEv                                    
00001659  _ZN4TaskC1Ev                                      
00001659  _ZN4TaskC2Ev                                      
000011a7  _ZN9Scheduler21CalculateNextScheduleEv            
00001287  _ZN9Scheduler22SortScheduleByPriorityEP4Task      
00001143  _ZN9Scheduler3runEv                               
000010a3  _ZN9Scheduler6attachEP4Task                       
000010ef  _ZN9Scheduler6attachEP4Tasky                      
0000105d  _ZN9SchedulerC1Ev                                 
0000105d  _ZN9SchedulerC2Ev                                 
00001513  _ZNKSt9type_info4nameEv                           
00001543  _ZNKSt9type_info6beforeERKS_                      
0000152d  _ZNKSt9type_infoeqERKS_                           
00001517  _ZNKSt9type_infoneERKS_                           
0000150b  _ZNSt9type_infoD0Ev                               
00001509  _ZNSt9type_infoD1Ev                               
00001509  _ZNSt9type_infoD2Ev                               
200000e4  _ZSt16__dummy_typeinfo                            
00001501  _ZSt21__gen_dummy_typeinfosv                      
00001b7c  _ZTI3LED                                          
00001bdc  _ZTI4Task                                         
00001b88  _ZTIN10__cxxabiv117__class_type_infoE             
00001b94  _ZTIN10__cxxabiv117__pbase_type_infoE             
00001ba0  _ZTIN10__cxxabiv119__pointer_type_infoE           
00001bac  _ZTIN10__cxxabiv120__si_class_type_infoE          
00001bb8  _ZTIN10__cxxabiv123__fundamental_type_infoE       
00001b1c  _ZTIPKe                                           
00001be4  _ZTISt9type_info                                  
00001bec  _ZTIe                                             
00001c1a  _ZTS3LED                                          
00001c14  _ZTS4Task                                         
00001a99  _ZTSN10__cxxabiv117__class_type_infoE             
00001abb  _ZTSN10__cxxabiv117__pbase_type_infoE             
00001a75  _ZTSN10__cxxabiv119__pointer_type_infoE           
00001a50  _ZTSN10__cxxabiv120__si_class_type_infoE          
00001a28  _ZTSN10__cxxabiv123__fundamental_type_infoE       
00001c1f  _ZTSPKe                                           
00001b6c  _ZTSSt9type_info                                  
00001add  _ZTSe                                             
00001bc4  _ZTV3LED                                          
00001bd0  _ZTV4Task                                         
00001b2c  _ZTVN10__cxxabiv117__class_type_infoE             
00001b3c  _ZTVN10__cxxabiv119__pointer_type_infoE           
00001b4c  _ZTVN10__cxxabiv120__si_class_type_infoE          
00001b5c  _ZTVN10__cxxabiv123__fundamental_type_infoE       
000019c5  _ZdlPv                                            
20010000  __STACK_END                                       
00000200  __STACK_SIZE                                      
00000400  __SYSMEM_SIZE                                     
00001ca4  __TI_CINIT_Base                                   
00001cbc  __TI_CINIT_Limit                                  
00001c9c  __TI_Handler_Table_Base                           
00001ca4  __TI_Handler_Table_Limit                          
00001761  __TI_auto_init                                    
20000518  __TI_cleanup_ptr                                  
0000199d  __TI_decompress_none                              
000019cd  __TI_decompress_rle24                             
2000051c  __TI_dtors_ptr                                    
20000520  __TI_enable_exit_profile_output                   
ffffffff  __TI_pprof_out_hndl                               
ffffffff  __TI_prof_data_size                               
ffffffff  __TI_prof_data_start                              
00000000  __TI_static_base__                                
000016e5  __aeabi_memclr                                    
000016e5  __aeabi_memclr4                                   
000016e5  __aeabi_memclr8                                   
000015bd  __aeabi_memcpy                                    
000015bd  __aeabi_memcpy4                                   
000015bd  __aeabi_memcpy8                                   
000016e7  __aeabi_memset                                    
000016e7  __aeabi_memset4                                   
000016e7  __aeabi_memset8                                   
ffffffff  __binit__                                         
ffffffff  __c_args__                                        
0000175f  __mpu_init                                        
2000fe00  __stack                                           
00001971  _args_main                                        
0000183d  _c_int00                                          
2000053c  _lock                                             
00001997  _nop                                              
0000198f  _register_lock                                    
00001989  _register_unlock                                  
200000e8  _sys_memory                                       
0000183b  _system_post_cinit                                
000019d3  _system_pre_init                                  
20000540  _unlock                                           
00001895  abort                                             
ffffffff  binit                                             
00000cfd  calloc                                            
000018e5  copy_in                                           
0000189d  exit                                              
00000a4b  free                                              
20000000  g_pfnRAMVectors                                   
00000000  interruptVectors                                  
000012ff  main                                              
20000544  main_func_sp                                      
000009e3  malloc                                            
00000c19  memalign                                          
000015bd  memcpy                                            
000016ed  memset                                            
00000955  minit                                             
00000b0d  realloc                                           


GLOBAL SYMBOLS: SORTED BY Symbol Address 

address   name                                              
-------   ----                                              
00000000  __TI_static_base__                                
00000000  interruptVectors                                  
000000e5  GPIO_setAsOutputPin                               
0000011f  GPIO_setAsInputPin                                
00000165  GPIO_setAsPeripheralModuleFunctionOutputPin       
000001e9  GPIO_setAsPeripheralModuleFunctionInputPin        
00000200  __STACK_SIZE                                      
0000026d  GPIO_setOutputHighOnPin                           
0000028f  GPIO_setOutputLowOnPin                            
000002b1  GPIO_toggleOutputOnPin                            
000002d3  GPIO_setAsInputPinWithPullDownResistor            
00000325  GPIO_setAsInputPinWithPullUpResistor              
00000377  GPIO_getInputPinValue                             
000003a5  GPIO_enableInterrupt                              
000003c7  GPIO_disableInterrupt                             
000003e9  GPIO_getInterruptStatus                           
00000400  __SYSMEM_SIZE                                     
00000407  GPIO_clearInterruptFlag                           
00000429  GPIO_interruptEdgeSelect                          
0000045f  GPIO_getEnabledInterruptStatus                    
000004db  GPIO_setDriveStrengthHigh                         
000004fd  GPIO_setDriveStrengthLow                          
0000051f  GPIO_registerInterrupt                            
0000053f  GPIO_unregisterInterrupt                          
00000567  Interrupt_enableMaster                            
00000577  Interrupt_disableMaster                           
00000587  Interrupt_registerInterrupt                       
000005d9  Interrupt_unregisterInterrupt                     
000005ed  Interrupt_setPriorityGrouping                     
00000607  Interrupt_getPriorityGrouping                     
0000063f  Interrupt_setPriority                             
0000068f  Interrupt_getPriority                             
000006b5  Interrupt_enableInterrupt                         
00000727  Interrupt_disableInterrupt                        
00000799  Interrupt_isEnabled                               
00000825  Interrupt_pendInterrupt                           
00000895  Interrupt_unpendInterrupt                         
000008e3  Interrupt_setPriorityMask                         
000008f3  Interrupt_getPriorityMask                         
000008fd  Interrupt_setVectorTableAddress                   
0000090d  Interrupt_getVectorTableAddress                   
00000913  Interrupt_enableSleepOnIsrExit                    
00000925  Interrupt_disableSleepOnIsrExit                   
00000955  minit                                             
000009e3  malloc                                            
00000a4b  free                                              
00000b0d  realloc                                           
00000c19  memalign                                          
00000cfd  calloc                                            
00000d31  SystemCoreClockUpdate                             
00000fa5  SystemInit                                        
0000105d  _ZN9SchedulerC1Ev                                 
0000105d  _ZN9SchedulerC2Ev                                 
000010a3  _ZN9Scheduler6attachEP4Task                       
000010ef  _ZN9Scheduler6attachEP4Tasky                      
00001143  _ZN9Scheduler3runEv                               
000011a7  _ZN9Scheduler21CalculateNextScheduleEv            
00001287  _ZN9Scheduler22SortScheduleByPriorityEP4Task      
000012ff  main                                              
0000136d  BUTTON_ISR                                        
0000138b  _Z5Setupv                                         
000013e7  T32_INT1_IRQHandler                               
000013e7  T32_INT1_IRQHandler                               
0000143d  _ZN3LEDC1Eii                                      
0000143d  _ZN3LEDC2Eii                                      
00001491  _ZN3LEDC1Eiiy                                     
00001491  _ZN3LEDC2Eiiy                                     
000014e9  _ZN3LED3runEv                                     
00001501  _ZSt21__gen_dummy_typeinfosv                      
00001509  _ZNSt9type_infoD1Ev                               
00001509  _ZNSt9type_infoD2Ev                               
0000150b  _ZNSt9type_infoD0Ev                               
00001513  _ZNKSt9type_info4nameEv                           
00001517  _ZNKSt9type_infoneERKS_                           
0000152d  _ZNKSt9type_infoeqERKS_                           
00001543  _ZNKSt9type_info6beforeERKS_                      
00001551  _ZN10__cxxabiv129__pointer_to_member_type_infoD1Ev
00001551  _ZN10__cxxabiv129__pointer_to_member_type_infoD2Ev
00001553  _ZN10__cxxabiv129__pointer_to_member_type_infoD0Ev
0000155b  _ZN10__cxxabiv123__fundamental_type_infoD1Ev      
0000155b  _ZN10__cxxabiv123__fundamental_type_infoD2Ev      
0000155d  _ZN10__cxxabiv123__fundamental_type_infoD0Ev      
00001565  _ZN10__cxxabiv121__vmi_class_type_infoD1Ev        
00001565  _ZN10__cxxabiv121__vmi_class_type_infoD2Ev        
00001567  _ZN10__cxxabiv121__vmi_class_type_infoD0Ev        
0000156f  _ZN10__cxxabiv120__si_class_type_infoD1Ev         
0000156f  _ZN10__cxxabiv120__si_class_type_infoD2Ev         
00001571  _ZN10__cxxabiv120__si_class_type_infoD0Ev         
00001579  _ZN10__cxxabiv120__function_type_infoD1Ev         
00001579  _ZN10__cxxabiv120__function_type_infoD2Ev         
0000157b  _ZN10__cxxabiv120__function_type_infoD0Ev         
00001583  _ZN10__cxxabiv119__pointer_type_infoD1Ev          
00001583  _ZN10__cxxabiv119__pointer_type_infoD2Ev          
00001585  _ZN10__cxxabiv119__pointer_type_infoD0Ev          
0000158d  _ZN10__cxxabiv117__pbase_type_infoD1Ev            
0000158d  _ZN10__cxxabiv117__pbase_type_infoD2Ev            
0000158f  _ZN10__cxxabiv117__pbase_type_infoD0Ev            
00001597  _ZN10__cxxabiv117__class_type_infoD1Ev            
00001597  _ZN10__cxxabiv117__class_type_infoD2Ev            
00001599  _ZN10__cxxabiv117__class_type_infoD0Ev            
000015a1  _ZN10__cxxabiv117__array_type_infoD1Ev            
000015a1  _ZN10__cxxabiv117__array_type_infoD2Ev            
000015a3  _ZN10__cxxabiv117__array_type_infoD0Ev            
000015ab  _ZN10__cxxabiv116__enum_type_infoD1Ev             
000015ab  _ZN10__cxxabiv116__enum_type_infoD2Ev             
000015ad  _ZN10__cxxabiv116__enum_type_infoD0Ev             
000015bd  __aeabi_memcpy                                    
000015bd  __aeabi_memcpy4                                   
000015bd  __aeabi_memcpy8                                   
000015bd  memcpy                                            
00001659  _ZN4TaskC1Ev                                      
00001659  _ZN4TaskC2Ev                                      
00001681  _ZN4Task19SetTaskCurrentCountEy                   
0000169f  _ZN4Task17SetTaskFinalCountEy                     
000016bd  _ZN4Task19GetTaskCurrentCountEv                   
000016cd  _ZN4Task17GetTaskFinalCountEv                     
000016e5  __aeabi_memclr                                    
000016e5  __aeabi_memclr4                                   
000016e5  __aeabi_memclr8                                   
000016e7  __aeabi_memset                                    
000016e7  __aeabi_memset4                                   
000016e7  __aeabi_memset8                                   
000016ed  memset                                            
0000175f  __mpu_init                                        
00001761  __TI_auto_init                                    
0000183b  _system_post_cinit                                
0000183d  _c_int00                                          
00001891  C$$EXIT                                           
00001895  abort                                             
0000189d  exit                                              
000018e5  copy_in                                           
00001931  CPU_cpsid                                         
0000193d  CPU_primask                                       
00001947  CPU_cpsie                                         
00001953  CPU_wfi                                           
00001957  CPU_basepriSet                                    
00001965  CPU_basepriGet                                    
00001971  _args_main                                        
00001989  _register_unlock                                  
0000198f  _register_lock                                    
00001997  _nop                                              
0000199d  __TI_decompress_none                              
000019ab  Reset_Handler                                     
000019b7  ADC14_IRQHandler                                  
000019b7  AES256_IRQHandler                                 
000019b7  BusFault_Handler                                  
000019b7  COMP_E0_IRQHandler                                
000019b7  COMP_E1_IRQHandler                                
000019b7  CS_IRQHandler                                     
000019b7  DMA_ERR_IRQHandler                                
000019b7  DMA_INT0_IRQHandler                               
000019b7  DMA_INT1_IRQHandler                               
000019b7  DMA_INT2_IRQHandler                               
000019b7  DMA_INT3_IRQHandler                               
000019b7  DebugMon_Handler                                  
000019b7  Default_Handler                                   
000019b7  EUSCIA0_IRQHandler                                
000019b7  EUSCIA1_IRQHandler                                
000019b7  EUSCIA2_IRQHandler                                
000019b7  EUSCIA3_IRQHandler                                
000019b7  EUSCIB0_IRQHandler                                
000019b7  EUSCIB1_IRQHandler                                
000019b7  EUSCIB2_IRQHandler                                
000019b7  EUSCIB3_IRQHandler                                
000019b7  FLCTL_IRQHandler                                  
000019b7  FPU_IRQHandler                                    
000019b7  HardFault_Handler                                 
000019b7  MemManage_Handler                                 
000019b7  NMI_Handler                                       
000019b7  PCM_IRQHandler                                    
000019b7  PORT1_IRQHandler                                  
000019b7  PORT2_IRQHandler                                  
000019b7  PORT3_IRQHandler                                  
000019b7  PORT4_IRQHandler                                  
000019b7  PORT5_IRQHandler                                  
000019b7  PORT6_IRQHandler                                  
000019b7  PSS_IRQHandler                                    
000019b7  PendSV_Handler                                    
000019b7  RTC_C_IRQHandler                                  
000019b7  SVC_Handler                                       
000019b7  SysTick_Handler                                   
000019b7  T32_INT2_IRQHandler                               
000019b7  T32_INTC_IRQHandler                               
000019b7  TA0_0_IRQHandler                                  
000019b7  TA0_N_IRQHandler                                  
000019b7  TA1_0_IRQHandler                                  
000019b7  TA1_N_IRQHandler                                  
000019b7  TA2_0_IRQHandler                                  
000019b7  TA2_N_IRQHandler                                  
000019b7  TA3_0_IRQHandler                                  
000019b7  TA3_N_IRQHandler                                  
000019b7  UsageFault_Handler                                
000019b7  WDT_A_IRQHandler                                  
000019b9  _ZN4Task3runEv                                    
000019c5  _ZdlPv                                            
000019cd  __TI_decompress_rle24                             
000019d3  _system_pre_init                                  
00001a28  _ZTSN10__cxxabiv123__fundamental_type_infoE       
00001a50  _ZTSN10__cxxabiv120__si_class_type_infoE          
00001a75  _ZTSN10__cxxabiv119__pointer_type_infoE           
00001a99  _ZTSN10__cxxabiv117__class_type_infoE             
00001abb  _ZTSN10__cxxabiv117__pbase_type_infoE             
00001add  _ZTSe                                             
00001b1c  _ZTIPKe                                           
00001b2c  _ZTVN10__cxxabiv117__class_type_infoE             
00001b3c  _ZTVN10__cxxabiv119__pointer_type_infoE           
00001b4c  _ZTVN10__cxxabiv120__si_class_type_infoE          
00001b5c  _ZTVN10__cxxabiv123__fundamental_type_infoE       
00001b6c  _ZTSSt9type_info                                  
00001b7c  _ZTI3LED                                          
00001b88  _ZTIN10__cxxabiv117__class_type_infoE             
00001b94  _ZTIN10__cxxabiv117__pbase_type_infoE             
00001ba0  _ZTIN10__cxxabiv119__pointer_type_infoE           
00001bac  _ZTIN10__cxxabiv120__si_class_type_infoE          
00001bb8  _ZTIN10__cxxabiv123__fundamental_type_infoE       
00001bc4  _ZTV3LED                                          
00001bd0  _ZTV4Task                                         
00001bdc  _ZTI4Task                                         
00001be4  _ZTISt9type_info                                  
00001bec  _ZTIe                                             
00001c14  _ZTS4Task                                         
00001c1a  _ZTS3LED                                          
00001c1f  _ZTSPKe                                           
00001c9c  __TI_Handler_Table_Base                           
00001ca4  __TI_CINIT_Base                                   
00001ca4  __TI_Handler_Table_Limit                          
00001cbc  __TI_CINIT_Limit                                  
20000000  g_pfnRAMVectors                                   
200000e4  _ZSt16__dummy_typeinfo                            
200000e8  _sys_memory                                       
20000518  __TI_cleanup_ptr                                  
2000051c  __TI_dtors_ptr                                    
20000520  __TI_enable_exit_profile_output                   
20000538  _ZN4Task14m_u8NextTaskIDE                         
2000053c  _lock                                             
20000540  _unlock                                           
20000544  main_func_sp                                      
20000548  SystemCoreClock                                   
2000fe00  __stack                                           
20010000  __STACK_END                                       
4000480c  WDTCTL_SYM                                        
ffffffff  __TI_pprof_out_hndl                               
ffffffff  __TI_prof_data_size                               
ffffffff  __TI_prof_data_start                              
ffffffff  __binit__                                         
ffffffff  __c_args__                                        
ffffffff  binit                                             
UNDEFED   SHT$$INIT_ARRAY$$Base                             
UNDEFED   SHT$$INIT_ARRAY$$Limit                            

[249 symbols]
