******************************************************************************
                  TI ARM Linker Unix v15.12.3                  
******************************************************************************
>> Linked Wed Nov  2 01:24:56 2016

OUTPUT FILE NAME:   <EventHandler.out>
ENTRY POINT SYMBOL: "_c_int00"  address: 00001959


MEMORY CONFIGURATION

         name            origin    length      used     unused   attr    fill
----------------------  --------  ---------  --------  --------  ----  --------
  MAIN                  00000000   00040000  00001e51  0003e1af  R  X
  INFO                  00200000   00004000  00000000  00004000  R  X
  SRAM_CODE             01000000   00010000  00000774  0000f88c  RW X
  SRAM_DATA             20000000   00010000  00000774  0000f88c  RW  


SEGMENT ALLOCATION MAP

run origin  load origin   length   init length attrs members
----------  ----------- ---------- ----------- ----- -------
00000000    00000000    00001e54   00001e54    r-x
  00000000    00000000    000000e4   000000e4    r-- .intvecs
  000000e4    000000e4    00001a3a   00001a3a    r-x .text
  00001b20    00001b20    0000029b   0000029b    r-- .const
  00001dbc    00001dbc    00000004   00000004    r-- .init_array
  00001dc0    00001dc0    00000094   00000094    r-- .cinit
20000000    20000000    0000057c   00000000    rw-
  20000000    20000000    000000e4   00000000    rw- .vtable
  200000e8    200000e8    00000400   00000000    rw- .sysmem
  200004e8    200004e8    00000064   00000000    rw- .data
  20000550    20000550    0000002c   00000000    rw- .bss
2000fe00    2000fe00    00000200   00000000    rw-
  2000fe00    2000fe00    00000200   00000000    rw- .stack


SECTION ALLOCATION MAP

 output                                  attributes/
section   page    origin      length       input sections
--------  ----  ----------  ----------   ----------------
.intvecs   0    00000000    000000e4     
                  00000000    000000e4     startup_msp432p401r_ccs.obj (.intvecs:retain)

.binit     0    00000000    00000000     

.text      0    000000e4    00001a3a     
                  000000e4    00000480     gpio.obj (.text)
                  00000564    000003f0     interrupt.obj (.text)
                  00000954    000003dc     rtsv7M4_T_le_v4SPD16_eabi.lib : memory.obj (.text)
                  00000d30    0000032c     system_msp432p401r.obj (.text)
                  0000105c    00000276     Scheduler.obj (.text)
                  000012d2    00000002     rtsv7M4_T_le_v4SPD16_eabi.lib : mpu_init.obj (.text)
                  000012d4    000001d0     main.obj (.text)
                  000014a4    000000c4     LED.obj (.text)
                  00001568    000000bc     rtsv7M4_T_le_v4SPD16_eabi.lib : typeinfo_.obj (.text)
                  00001624    000000b4     Button.obj (.text)
                  000016d8    0000009c     rtsv7M4_T_le_v4SPD16_eabi.lib : memcpy_t2.obj (.text)
                  00001774    0000008c     Task.obj (.text)
                  00001800    0000007a     rtsv7M4_T_le_v4SPD16_eabi.lib : memset_t2.obj (.text)
                  0000187a    00000002                                   : startup.obj (.text)
                  0000187c    00000070                                   : autoinit.obj (.text)
                  000018ec    0000006a                                   : copy_decompress_rle.obj (.text)
                  00001956    00000002     --HOLE-- [fill = 0]
                  00001958    00000054                                   : boot.obj (.text)
                  000019ac    00000054                                   : exit.obj (.text)
                  00001a00    0000004c                                   : cpy_tbl.obj (.text)
                  00001a4c    0000003e     cpu.obj (.text)
                  00001a8a    00000002     --HOLE-- [fill = 0]
                  00001a8c    00000020     LED.obj (.text:_ZN4Task11SendMessageEv)
                  00001aac    00000018     rtsv7M4_T_le_v4SPD16_eabi.lib : args_main.obj (.text)
                  00001ac4    00000014                                   : _lock.obj (.text)
                  00001ad8    0000000e                                   : copy_decompress_none.obj (.text:decompress:none)
                  00001ae6    0000000e     startup_msp432p401r_ccs.obj (.text)
                  00001af4    0000000c     LED.obj (.text:_ZN4Task14ProcessMessageEP3MSG)
                  00001b00    0000000c     Task.obj (.text:_ZN4Task3runEv)
                  00001b0c    00000008     rtsv7M4_T_le_v4SPD16_eabi.lib : delete.obj (.text)
                  00001b14    00000006                                   : copy_decompress_rle.obj (.text:decompress:rle24)
                  00001b1a    00000004                                   : pre_init.obj (.text)

.const     0    00001b20    0000029b     
                  00001b20    00000050     interrupt.obj (.const:g_pulRegs)
                  00001b70    00000028     rtsv7M4_T_le_v4SPD16_eabi.lib : typeinfo_.obj (.const:.typeinfo:_ZTSN10__cxxabiv123__fundamental_type_infoE)
                  00001b98    00000025                                   : typeinfo_.obj (.const:.typeinfo:_ZTSN10__cxxabiv120__si_class_type_infoE)
                  00001bbd    00000024                                   : typeinfo_.obj (.const:.typeinfo:_ZTSN10__cxxabiv119__pointer_type_infoE)
                  00001be1    00000022                                   : typeinfo_.obj (.const:.typeinfo:_ZTSN10__cxxabiv117__class_type_infoE)
                  00001c03    00000022                                   : typeinfo_.obj (.const:.typeinfo:_ZTSN10__cxxabiv117__pbase_type_infoE)
                  00001c25    00000002                                   : typeinfo_.obj (.const:.typeinfo:_ZTSe)
                  00001c27    00000001     --HOLE-- [fill = 0]
                  00001c28    00000020     interrupt.obj (.const:g_pulPriority)
                  00001c48    0000001c     gpio.obj (.const:GPIO_PORT_TO_INT)
                  00001c64    00000014     LED.obj (.const:_ZTV3LED)
                  00001c78    00000014     Task.obj (.const:_ZTV4Task)
                  00001c8c    00000014     Button.obj (.const:_ZTV6Button)
                  00001ca0    00000010     rtsv7M4_T_le_v4SPD16_eabi.lib : typeinfo_.obj (.const:.typeinfo:_ZTIPKe)
                  00001cb0    00000010                                   : typeinfo_.obj (.const:_ZTVN10__cxxabiv117__class_type_infoE)
                  00001cc0    00000010                                   : typeinfo_.obj (.const:_ZTVN10__cxxabiv119__pointer_type_infoE)
                  00001cd0    00000010                                   : typeinfo_.obj (.const:_ZTVN10__cxxabiv120__si_class_type_infoE)
                  00001ce0    00000010                                   : typeinfo_.obj (.const:_ZTVN10__cxxabiv123__fundamental_type_infoE)
                  00001cf0    0000000d                                   : typeinfo_.obj (.const:.typeinfo:_ZTSSt9type_info)
                  00001cfd    00000003     --HOLE-- [fill = 0]
                  00001d00    0000000c     LED.obj (.const:$P$T40$1)
                  00001d0c    0000000c     Button.obj (.const:$P$T43$1)
                  00001d18    0000000c     LED.obj (.const:.typeinfo:_ZTI3LED)
                  00001d24    0000000c     Button.obj (.const:.typeinfo:_ZTI6Button)
                  00001d30    0000000c     rtsv7M4_T_le_v4SPD16_eabi.lib : typeinfo_.obj (.const:.typeinfo:_ZTIN10__cxxabiv117__class_type_infoE)
                  00001d3c    0000000c                                   : typeinfo_.obj (.const:.typeinfo:_ZTIN10__cxxabiv117__pbase_type_infoE)
                  00001d48    0000000c                                   : typeinfo_.obj (.const:.typeinfo:_ZTIN10__cxxabiv119__pointer_type_infoE)
                  00001d54    0000000c                                   : typeinfo_.obj (.const:.typeinfo:_ZTIN10__cxxabiv120__si_class_type_infoE)
                  00001d60    0000000c                                   : typeinfo_.obj (.const:.typeinfo:_ZTIN10__cxxabiv123__fundamental_type_infoE)
                  00001d6c    00000008     Button.obj (.const:.typeinfo:_ZTI4Task)
                  00001d74    00000008     rtsv7M4_T_le_v4SPD16_eabi.lib : typeinfo_.obj (.const:.typeinfo:_ZTISt9type_info)
                  00001d7c    00000008                                   : typeinfo_.obj (.const:.typeinfo:_ZTIe)
                  00001d84    00000008     Button.obj (.const:.typeinfo:_ZTS6Button)
                  00001d8c    00000008     interrupt.obj (.const:g_pulDisRegs)
                  00001d94    00000008     interrupt.obj (.const:g_pulEnRegs)
                  00001d9c    00000008     interrupt.obj (.const:g_pulPendRegs)
                  00001da4    00000008     interrupt.obj (.const:g_pulUnpendRegs)
                  00001dac    00000006     Button.obj (.const:.typeinfo:_ZTS4Task)
                  00001db2    00000005     LED.obj (.const:.typeinfo:_ZTS3LED)
                  00001db7    00000004     rtsv7M4_T_le_v4SPD16_eabi.lib : typeinfo_.obj (.const:.typeinfo:_ZTSPKe)

.cinit     0    00001dc0    00000094     
                  00001dc0    00000053     (.cinit..data.load) [load image, compression = rle]
                  00001e13    00000005     --HOLE-- [fill = 0]
                  00001e18    00000009     (.cinit..bss.load) [load image, compression = rle]
                  00001e21    00000007     --HOLE-- [fill = 0]
                  00001e28    00000009     (.cinit..vtable.load) [load image, compression = rle]
                  00001e31    00000003     --HOLE-- [fill = 0]
                  00001e34    00000008     (__TI_handler_table)
                  00001e3c    00000018     (__TI_cinit_table)

.init_array 
*          0    00001dbc    00000004     
                  00001dbc    00000004     main.obj (.init_array)

.vtable    0    20000000    000000e4     UNINITIALIZED
                  20000000    000000e4     interrupt.obj (.vtable)

.sysmem    0    200000e8    00000400     UNINITIALIZED
                  200000e8    00000008     rtsv7M4_T_le_v4SPD16_eabi.lib : memory.obj (.sysmem)
                  200000f0    000003f8     --HOLE--

.data      0    200004e8    00000064     UNINITIALIZED
                  200004e8    00000030     gpio.obj (.data:GPIO_PORT_TO_BASE)
                  20000518    0000000c     rtsv7M4_T_le_v4SPD16_eabi.lib : exit.obj (.data:$O1$$)
                  20000524    0000000c                                   : memory.obj (.data:$O1$$)
                  20000530    00000009     main.obj (.data)
                  20000539    00000003     --HOLE--
                  2000053c    00000008     rtsv7M4_T_le_v4SPD16_eabi.lib : _lock.obj (.data:$O1$$)
                  20000544    00000004                                   : stkdepth_vars.obj (.data)
                  20000548    00000004     system_msp432p401r.obj (.data)

.bss       0    20000550    0000002c     UNINITIALIZED
                  20000550    00000028     main.obj (.bss:button)
                  20000578    00000004     (.common:_ZSt16__dummy_typeinfo)

.stack     0    2000fe00    00000200     UNINITIALIZED
                  2000fe00    00000200     --HOLE--

MODULE SUMMARY

       Module                        code   ro data   rw data
       ------                        ----   -------   -------
    ./
       system_msp432p401r.obj        812    0         8      
       Scheduler.obj                 630    0         0      
       main.obj                      464    4         98     
       LED.obj                       240    49        0      
       Button.obj                    180    66        0      
       startup_msp432p401r_ccs.obj   14     228       0      
       Task.obj                      152    20        0      
    +--+-----------------------------+------+---------+---------+
       Total:                        2492   367       106    
                                                             
    ./driverlib/MSP432P4xx/
       interrupt.obj                 1008   144       456    
       gpio.obj                      1152   28        96     
       cpu.obj                       62     0         0      
    +--+-----------------------------+------+---------+---------+
       Total:                        2222   172       552    
                                                             
    /home/aglt93/ti/ccsv6/tools/compiler/arm_15.12.3.LTS/lib/rtsv7M4_T_le_v4SPD16_eabi.lib
       memory.obj                    988    0         24     
       typeinfo_.obj                 188    356       8      
       memcpy_t2.obj                 156    0         0      
       memset_t2.obj                 122    0         0      
       autoinit.obj                  112    0         0      
       copy_decompress_rle.obj       112    0         0      
       exit.obj                      84     0         24     
       boot.obj                      84     0         0      
       cpy_tbl.obj                   76     0         0      
       _lock.obj                     20     0         16     
       args_main.obj                 24     0         0      
       copy_decompress_none.obj      14     0         0      
       delete.obj                    8      0         0      
       stkdepth_vars.obj             0      0         8      
       pre_init.obj                  4      0         0      
       mpu_init.obj                  2      0         0      
       startup.obj                   2      0         0      
    +--+-----------------------------+------+---------+---------+
       Total:                        1996   356       80     
                                                             
       Heap:                         0      0         2048   
       Stack:                        0      0         1024   
       Linker Generated:             0      133       0      
    +--+-----------------------------+------+---------+---------+
       Grand Total:                  6710   1028      3810   


LINKER GENERATED COPY TABLES

__TI_cinit_table @ 00001e3c records: 3, size/record: 8, table size: 24
	.data: load addr=00001dc0, load size=00000053 bytes, run addr=200004e8, run size=00000064 bytes, compression=rle
	.bss: load addr=00001e18, load size=00000009 bytes, run addr=20000550, run size=0000002c bytes, compression=rle
	.vtable: load addr=00001e28, load size=00000009 bytes, run addr=20000000, run size=000000e4 bytes, compression=rle


LINKER GENERATED HANDLER TABLE

__TI_handler_table @ 00001e34 records: 2, size/record: 4, table size: 8
	index: 0, handler: __TI_decompress_rle24
	index: 1, handler: __TI_decompress_none


GLOBAL SYMBOLS: SORTED ALPHABETICALLY BY Name 

address   name                                              
-------   ----                                              
00001af3  ADC14_IRQHandler                                  
00001af3  AES256_IRQHandler                                 
0000133f  BUTTON_ISR                                        
00001af3  BusFault_Handler                                  
000019ad  C$$EXIT                                           
00001af3  COMP_E0_IRQHandler                                
00001af3  COMP_E1_IRQHandler                                
00001a81  CPU_basepriGet                                    
00001a73  CPU_basepriSet                                    
00001a4d  CPU_cpsid                                         
00001a63  CPU_cpsie                                         
00001a59  CPU_primask                                       
00001a6f  CPU_wfi                                           
00001af3  CS_IRQHandler                                     
00001af3  DMA_ERR_IRQHandler                                
00001af3  DMA_INT0_IRQHandler                               
00001af3  DMA_INT1_IRQHandler                               
00001af3  DMA_INT2_IRQHandler                               
00001af3  DMA_INT3_IRQHandler                               
00001af3  DebugMon_Handler                                  
00001af3  Default_Handler                                   
00001af3  EUSCIA0_IRQHandler                                
00001af3  EUSCIA1_IRQHandler                                
00001af3  EUSCIA2_IRQHandler                                
00001af3  EUSCIA3_IRQHandler                                
00001af3  EUSCIB0_IRQHandler                                
00001af3  EUSCIB1_IRQHandler                                
00001af3  EUSCIB2_IRQHandler                                
00001af3  EUSCIB3_IRQHandler                                
00001af3  FLCTL_IRQHandler                                  
00001af3  FPU_IRQHandler                                    
00000407  GPIO_clearInterruptFlag                           
000003c7  GPIO_disableInterrupt                             
000003a5  GPIO_enableInterrupt                              
0000045f  GPIO_getEnabledInterruptStatus                    
00000377  GPIO_getInputPinValue                             
000003e9  GPIO_getInterruptStatus                           
00000429  GPIO_interruptEdgeSelect                          
0000051f  GPIO_registerInterrupt                            
0000011f  GPIO_setAsInputPin                                
000002d3  GPIO_setAsInputPinWithPullDownResistor            
00000325  GPIO_setAsInputPinWithPullUpResistor              
000000e5  GPIO_setAsOutputPin                               
000001e9  GPIO_setAsPeripheralModuleFunctionInputPin        
00000165  GPIO_setAsPeripheralModuleFunctionOutputPin       
000004db  GPIO_setDriveStrengthHigh                         
000004fd  GPIO_setDriveStrengthLow                          
0000026d  GPIO_setOutputHighOnPin                           
0000028f  GPIO_setOutputLowOnPin                            
000002b1  GPIO_toggleOutputOnPin                            
0000053f  GPIO_unregisterInterrupt                          
00001af3  HardFault_Handler                                 
00000727  Interrupt_disableInterrupt                        
00000577  Interrupt_disableMaster                           
00000925  Interrupt_disableSleepOnIsrExit                   
000006b5  Interrupt_enableInterrupt                         
00000567  Interrupt_enableMaster                            
00000913  Interrupt_enableSleepOnIsrExit                    
0000068f  Interrupt_getPriority                             
00000607  Interrupt_getPriorityGrouping                     
000008f3  Interrupt_getPriorityMask                         
0000090d  Interrupt_getVectorTableAddress                   
00000799  Interrupt_isEnabled                               
00000825  Interrupt_pendInterrupt                           
00000587  Interrupt_registerInterrupt                       
0000063f  Interrupt_setPriority                             
000005ed  Interrupt_setPriorityGrouping                     
000008e3  Interrupt_setPriorityMask                         
000008fd  Interrupt_setVectorTableAddress                   
00000895  Interrupt_unpendInterrupt                         
000005d9  Interrupt_unregisterInterrupt                     
00001af3  MemManage_Handler                                 
00001af3  NMI_Handler                                       
00001af3  PCM_IRQHandler                                    
00001af3  PORT1_IRQHandler                                  
00001af3  PORT2_IRQHandler                                  
00001af3  PORT3_IRQHandler                                  
00001af3  PORT4_IRQHandler                                  
00001af3  PORT5_IRQHandler                                  
00001af3  PORT6_IRQHandler                                  
00001af3  PSS_IRQHandler                                    
00001af3  PendSV_Handler                                    
00001af3  RTC_C_IRQHandler                                  
00001ae7  Reset_Handler                                     
00001dbc  SHT$$INIT_ARRAY$$Base                             
00001dc0  SHT$$INIT_ARRAY$$Limit                            
00001af3  SVC_Handler                                       
00001af3  SysTick_Handler                                   
20000548  SystemCoreClock                                   
00000d31  SystemCoreClockUpdate                             
00000fa5  SystemInit                                        
0000142f  T32_INT1_IRQHandler                               
0000142f  T32_INT1_IRQHandler                               
00001af3  T32_INT2_IRQHandler                               
00001af3  T32_INTC_IRQHandler                               
00001af3  TA0_0_IRQHandler                                  
00001af3  TA0_N_IRQHandler                                  
00001af3  TA1_0_IRQHandler                                  
00001af3  TA1_N_IRQHandler                                  
00001af3  TA2_0_IRQHandler                                  
00001af3  TA2_N_IRQHandler                                  
00001af3  TA3_0_IRQHandler                                  
00001af3  TA3_N_IRQHandler                                  
00001af3  UsageFault_Handler                                
4000480c  WDTCTL_SYM                                        
00001af3  WDT_A_IRQHandler                                  
000013e5  _Z5Setupv                                         
00001615  _ZN10__cxxabiv116__enum_type_infoD0Ev             
00001613  _ZN10__cxxabiv116__enum_type_infoD1Ev             
00001613  _ZN10__cxxabiv116__enum_type_infoD2Ev             
0000160b  _ZN10__cxxabiv117__array_type_infoD0Ev            
00001609  _ZN10__cxxabiv117__array_type_infoD1Ev            
00001609  _ZN10__cxxabiv117__array_type_infoD2Ev            
00001601  _ZN10__cxxabiv117__class_type_infoD0Ev            
000015ff  _ZN10__cxxabiv117__class_type_infoD1Ev            
000015ff  _ZN10__cxxabiv117__class_type_infoD2Ev            
000015f7  _ZN10__cxxabiv117__pbase_type_infoD0Ev            
000015f5  _ZN10__cxxabiv117__pbase_type_infoD1Ev            
000015f5  _ZN10__cxxabiv117__pbase_type_infoD2Ev            
000015ed  _ZN10__cxxabiv119__pointer_type_infoD0Ev          
000015eb  _ZN10__cxxabiv119__pointer_type_infoD1Ev          
000015eb  _ZN10__cxxabiv119__pointer_type_infoD2Ev          
000015e3  _ZN10__cxxabiv120__function_type_infoD0Ev         
000015e1  _ZN10__cxxabiv120__function_type_infoD1Ev         
000015e1  _ZN10__cxxabiv120__function_type_infoD2Ev         
000015d9  _ZN10__cxxabiv120__si_class_type_infoD0Ev         
000015d7  _ZN10__cxxabiv120__si_class_type_infoD1Ev         
000015d7  _ZN10__cxxabiv120__si_class_type_infoD2Ev         
000015cf  _ZN10__cxxabiv121__vmi_class_type_infoD0Ev        
000015cd  _ZN10__cxxabiv121__vmi_class_type_infoD1Ev        
000015cd  _ZN10__cxxabiv121__vmi_class_type_infoD2Ev        
000015c5  _ZN10__cxxabiv123__fundamental_type_infoD0Ev      
000015c3  _ZN10__cxxabiv123__fundamental_type_infoD1Ev      
000015c3  _ZN10__cxxabiv123__fundamental_type_infoD2Ev      
000015bb  _ZN10__cxxabiv129__pointer_to_member_type_infoD0Ev
000015b9  _ZN10__cxxabiv129__pointer_to_member_type_infoD1Ev
000015b9  _ZN10__cxxabiv129__pointer_to_member_type_infoD2Ev
00001551  _ZN3LED3runEv                                     
000014a5  _ZN3LEDC1Eii                                      
000014f9  _ZN3LEDC1Eiiy                                     
000014a5  _ZN3LEDC2Eii                                      
000014f9  _ZN3LEDC2Eiiy                                     
00001a8d  _ZN4Task11SendMessageEv                           
00001af5  _ZN4Task14ProcessMessageEP3MSG                    
20000538  _ZN4Task14m_u8NextTaskIDE                         
000017e9  _ZN4Task17GetTaskFinalCountEv                     
000017bb  _ZN4Task17SetTaskFinalCountEy                     
000017d9  _ZN4Task19GetTaskCurrentCountEv                   
0000179d  _ZN4Task19SetTaskCurrentCountEy                   
00001b01  _ZN4Task3runEv                                    
00001775  _ZN4TaskC1Ev                                      
00001775  _ZN4TaskC2Ev                                      
000016a9  _ZN6Button11SendMessageEv                         
000016c3  _ZN6Button14ProcessMessageEP3MSG                  
0000168d  _ZN6Button3runEv                                  
00001625  _ZN6ButtonC1Eiiy                                  
00001625  _ZN6ButtonC2Eiiy                                  
000012bb  _ZN9Scheduler19ProcessMessageQueueEv              
000011c5  _ZN9Scheduler21CalculateNextScheduleEv            
000012c5  _ZN9Scheduler22SortScheduleByPriorityEP4Task      
00001169  _ZN9Scheduler3runEv                               
000010a9  _ZN9Scheduler6attachEP4Task                       
00001105  _ZN9Scheduler6attachEP4Tasky                      
0000105d  _ZN9SchedulerC1Ev                                 
0000105d  _ZN9SchedulerC2Ev                                 
0000157b  _ZNKSt9type_info4nameEv                           
000015ab  _ZNKSt9type_info6beforeERKS_                      
00001595  _ZNKSt9type_infoeqERKS_                           
0000157f  _ZNKSt9type_infoneERKS_                           
00001573  _ZNSt9type_infoD0Ev                               
00001571  _ZNSt9type_infoD1Ev                               
00001571  _ZNSt9type_infoD2Ev                               
20000578  _ZSt16__dummy_typeinfo                            
00001569  _ZSt21__gen_dummy_typeinfosv                      
00001d18  _ZTI3LED                                          
00001d6c  _ZTI4Task                                         
00001d24  _ZTI6Button                                       
00001d30  _ZTIN10__cxxabiv117__class_type_infoE             
00001d3c  _ZTIN10__cxxabiv117__pbase_type_infoE             
00001d48  _ZTIN10__cxxabiv119__pointer_type_infoE           
00001d54  _ZTIN10__cxxabiv120__si_class_type_infoE          
00001d60  _ZTIN10__cxxabiv123__fundamental_type_infoE       
00001ca0  _ZTIPKe                                           
00001d74  _ZTISt9type_info                                  
00001d7c  _ZTIe                                             
00001db2  _ZTS3LED                                          
00001dac  _ZTS4Task                                         
00001d84  _ZTS6Button                                       
00001be1  _ZTSN10__cxxabiv117__class_type_infoE             
00001c03  _ZTSN10__cxxabiv117__pbase_type_infoE             
00001bbd  _ZTSN10__cxxabiv119__pointer_type_infoE           
00001b98  _ZTSN10__cxxabiv120__si_class_type_infoE          
00001b70  _ZTSN10__cxxabiv123__fundamental_type_infoE       
00001db7  _ZTSPKe                                           
00001cf0  _ZTSSt9type_info                                  
00001c25  _ZTSe                                             
00001c64  _ZTV3LED                                          
00001c78  _ZTV4Task                                         
00001c8c  _ZTV6Button                                       
00001cb0  _ZTVN10__cxxabiv117__class_type_infoE             
00001cc0  _ZTVN10__cxxabiv119__pointer_type_infoE           
00001cd0  _ZTVN10__cxxabiv120__si_class_type_infoE          
00001ce0  _ZTVN10__cxxabiv123__fundamental_type_infoE       
00001b0d  _ZdlPv                                            
20010000  __STACK_END                                       
00000200  __STACK_SIZE                                      
00000400  __SYSMEM_SIZE                                     
00001e3c  __TI_CINIT_Base                                   
00001e54  __TI_CINIT_Limit                                  
00001e34  __TI_Handler_Table_Base                           
00001e3c  __TI_Handler_Table_Limit                          
0000187d  __TI_auto_init                                    
20000518  __TI_cleanup_ptr                                  
00001ad9  __TI_decompress_none                              
00001b15  __TI_decompress_rle24                             
2000051c  __TI_dtors_ptr                                    
20000520  __TI_enable_exit_profile_output                   
ffffffff  __TI_pprof_out_hndl                               
ffffffff  __TI_prof_data_size                               
ffffffff  __TI_prof_data_start                              
00000000  __TI_static_base__                                
00001801  __aeabi_memclr                                    
00001801  __aeabi_memclr4                                   
00001801  __aeabi_memclr8                                   
000016d9  __aeabi_memcpy                                    
000016d9  __aeabi_memcpy4                                   
000016d9  __aeabi_memcpy8                                   
00001803  __aeabi_memset                                    
00001803  __aeabi_memset4                                   
00001803  __aeabi_memset8                                   
ffffffff  __binit__                                         
ffffffff  __c_args__                                        
000012d3  __mpu_init                                        
2000fe00  __stack                                           
00001457  __sti___8_main_cpp_937618a8                       
00001aad  _args_main                                        
00001959  _c_int00                                          
2000053c  _lock                                             
00001ad3  _nop                                              
00001acb  _register_lock                                    
00001ac5  _register_unlock                                  
200000e8  _sys_memory                                       
0000187b  _system_post_cinit                                
00001b1b  _system_pre_init                                  
20000540  _unlock                                           
000019b1  abort                                             
ffffffff  binit                                             
20000550  button                                            
00000cfd  calloc                                            
00001a01  copy_in                                           
000019b9  exit                                              
00000a4b  free                                              
20000000  g_pfnRAMVectors                                   
00000000  interruptVectors                                  
0000135b  main                                              
20000544  main_func_sp                                      
000009e3  malloc                                            
00000c19  memalign                                          
000016d9  memcpy                                            
00001809  memset                                            
00000955  minit                                             
00000b0d  realloc                                           


GLOBAL SYMBOLS: SORTED BY Symbol Address 

address   name                                              
-------   ----                                              
00000000  __TI_static_base__                                
00000000  interruptVectors                                  
000000e5  GPIO_setAsOutputPin                               
0000011f  GPIO_setAsInputPin                                
00000165  GPIO_setAsPeripheralModuleFunctionOutputPin       
000001e9  GPIO_setAsPeripheralModuleFunctionInputPin        
00000200  __STACK_SIZE                                      
0000026d  GPIO_setOutputHighOnPin                           
0000028f  GPIO_setOutputLowOnPin                            
000002b1  GPIO_toggleOutputOnPin                            
000002d3  GPIO_setAsInputPinWithPullDownResistor            
00000325  GPIO_setAsInputPinWithPullUpResistor              
00000377  GPIO_getInputPinValue                             
000003a5  GPIO_enableInterrupt                              
000003c7  GPIO_disableInterrupt                             
000003e9  GPIO_getInterruptStatus                           
00000400  __SYSMEM_SIZE                                     
00000407  GPIO_clearInterruptFlag                           
00000429  GPIO_interruptEdgeSelect                          
0000045f  GPIO_getEnabledInterruptStatus                    
000004db  GPIO_setDriveStrengthHigh                         
000004fd  GPIO_setDriveStrengthLow                          
0000051f  GPIO_registerInterrupt                            
0000053f  GPIO_unregisterInterrupt                          
00000567  Interrupt_enableMaster                            
00000577  Interrupt_disableMaster                           
00000587  Interrupt_registerInterrupt                       
000005d9  Interrupt_unregisterInterrupt                     
000005ed  Interrupt_setPriorityGrouping                     
00000607  Interrupt_getPriorityGrouping                     
0000063f  Interrupt_setPriority                             
0000068f  Interrupt_getPriority                             
000006b5  Interrupt_enableInterrupt                         
00000727  Interrupt_disableInterrupt                        
00000799  Interrupt_isEnabled                               
00000825  Interrupt_pendInterrupt                           
00000895  Interrupt_unpendInterrupt                         
000008e3  Interrupt_setPriorityMask                         
000008f3  Interrupt_getPriorityMask                         
000008fd  Interrupt_setVectorTableAddress                   
0000090d  Interrupt_getVectorTableAddress                   
00000913  Interrupt_enableSleepOnIsrExit                    
00000925  Interrupt_disableSleepOnIsrExit                   
00000955  minit                                             
000009e3  malloc                                            
00000a4b  free                                              
00000b0d  realloc                                           
00000c19  memalign                                          
00000cfd  calloc                                            
00000d31  SystemCoreClockUpdate                             
00000fa5  SystemInit                                        
0000105d  _ZN9SchedulerC1Ev                                 
0000105d  _ZN9SchedulerC2Ev                                 
000010a9  _ZN9Scheduler6attachEP4Task                       
00001105  _ZN9Scheduler6attachEP4Tasky                      
00001169  _ZN9Scheduler3runEv                               
000011c5  _ZN9Scheduler21CalculateNextScheduleEv            
000012bb  _ZN9Scheduler19ProcessMessageQueueEv              
000012c5  _ZN9Scheduler22SortScheduleByPriorityEP4Task      
000012d3  __mpu_init                                        
0000133f  BUTTON_ISR                                        
0000135b  main                                              
000013e5  _Z5Setupv                                         
0000142f  T32_INT1_IRQHandler                               
0000142f  T32_INT1_IRQHandler                               
00001457  __sti___8_main_cpp_937618a8                       
000014a5  _ZN3LEDC1Eii                                      
000014a5  _ZN3LEDC2Eii                                      
000014f9  _ZN3LEDC1Eiiy                                     
000014f9  _ZN3LEDC2Eiiy                                     
00001551  _ZN3LED3runEv                                     
00001569  _ZSt21__gen_dummy_typeinfosv                      
00001571  _ZNSt9type_infoD1Ev                               
00001571  _ZNSt9type_infoD2Ev                               
00001573  _ZNSt9type_infoD0Ev                               
0000157b  _ZNKSt9type_info4nameEv                           
0000157f  _ZNKSt9type_infoneERKS_                           
00001595  _ZNKSt9type_infoeqERKS_                           
000015ab  _ZNKSt9type_info6beforeERKS_                      
000015b9  _ZN10__cxxabiv129__pointer_to_member_type_infoD1Ev
000015b9  _ZN10__cxxabiv129__pointer_to_member_type_infoD2Ev
000015bb  _ZN10__cxxabiv129__pointer_to_member_type_infoD0Ev
000015c3  _ZN10__cxxabiv123__fundamental_type_infoD1Ev      
000015c3  _ZN10__cxxabiv123__fundamental_type_infoD2Ev      
000015c5  _ZN10__cxxabiv123__fundamental_type_infoD0Ev      
000015cd  _ZN10__cxxabiv121__vmi_class_type_infoD1Ev        
000015cd  _ZN10__cxxabiv121__vmi_class_type_infoD2Ev        
000015cf  _ZN10__cxxabiv121__vmi_class_type_infoD0Ev        
000015d7  _ZN10__cxxabiv120__si_class_type_infoD1Ev         
000015d7  _ZN10__cxxabiv120__si_class_type_infoD2Ev         
000015d9  _ZN10__cxxabiv120__si_class_type_infoD0Ev         
000015e1  _ZN10__cxxabiv120__function_type_infoD1Ev         
000015e1  _ZN10__cxxabiv120__function_type_infoD2Ev         
000015e3  _ZN10__cxxabiv120__function_type_infoD0Ev         
000015eb  _ZN10__cxxabiv119__pointer_type_infoD1Ev          
000015eb  _ZN10__cxxabiv119__pointer_type_infoD2Ev          
000015ed  _ZN10__cxxabiv119__pointer_type_infoD0Ev          
000015f5  _ZN10__cxxabiv117__pbase_type_infoD1Ev            
000015f5  _ZN10__cxxabiv117__pbase_type_infoD2Ev            
000015f7  _ZN10__cxxabiv117__pbase_type_infoD0Ev            
000015ff  _ZN10__cxxabiv117__class_type_infoD1Ev            
000015ff  _ZN10__cxxabiv117__class_type_infoD2Ev            
00001601  _ZN10__cxxabiv117__class_type_infoD0Ev            
00001609  _ZN10__cxxabiv117__array_type_infoD1Ev            
00001609  _ZN10__cxxabiv117__array_type_infoD2Ev            
0000160b  _ZN10__cxxabiv117__array_type_infoD0Ev            
00001613  _ZN10__cxxabiv116__enum_type_infoD1Ev             
00001613  _ZN10__cxxabiv116__enum_type_infoD2Ev             
00001615  _ZN10__cxxabiv116__enum_type_infoD0Ev             
00001625  _ZN6ButtonC1Eiiy                                  
00001625  _ZN6ButtonC2Eiiy                                  
0000168d  _ZN6Button3runEv                                  
000016a9  _ZN6Button11SendMessageEv                         
000016c3  _ZN6Button14ProcessMessageEP3MSG                  
000016d9  __aeabi_memcpy                                    
000016d9  __aeabi_memcpy4                                   
000016d9  __aeabi_memcpy8                                   
000016d9  memcpy                                            
00001775  _ZN4TaskC1Ev                                      
00001775  _ZN4TaskC2Ev                                      
0000179d  _ZN4Task19SetTaskCurrentCountEy                   
000017bb  _ZN4Task17SetTaskFinalCountEy                     
000017d9  _ZN4Task19GetTaskCurrentCountEv                   
000017e9  _ZN4Task17GetTaskFinalCountEv                     
00001801  __aeabi_memclr                                    
00001801  __aeabi_memclr4                                   
00001801  __aeabi_memclr8                                   
00001803  __aeabi_memset                                    
00001803  __aeabi_memset4                                   
00001803  __aeabi_memset8                                   
00001809  memset                                            
0000187b  _system_post_cinit                                
0000187d  __TI_auto_init                                    
00001959  _c_int00                                          
000019ad  C$$EXIT                                           
000019b1  abort                                             
000019b9  exit                                              
00001a01  copy_in                                           
00001a4d  CPU_cpsid                                         
00001a59  CPU_primask                                       
00001a63  CPU_cpsie                                         
00001a6f  CPU_wfi                                           
00001a73  CPU_basepriSet                                    
00001a81  CPU_basepriGet                                    
00001a8d  _ZN4Task11SendMessageEv                           
00001aad  _args_main                                        
00001ac5  _register_unlock                                  
00001acb  _register_lock                                    
00001ad3  _nop                                              
00001ad9  __TI_decompress_none                              
00001ae7  Reset_Handler                                     
00001af3  ADC14_IRQHandler                                  
00001af3  AES256_IRQHandler                                 
00001af3  BusFault_Handler                                  
00001af3  COMP_E0_IRQHandler                                
00001af3  COMP_E1_IRQHandler                                
00001af3  CS_IRQHandler                                     
00001af3  DMA_ERR_IRQHandler                                
00001af3  DMA_INT0_IRQHandler                               
00001af3  DMA_INT1_IRQHandler                               
00001af3  DMA_INT2_IRQHandler                               
00001af3  DMA_INT3_IRQHandler                               
00001af3  DebugMon_Handler                                  
00001af3  Default_Handler                                   
00001af3  EUSCIA0_IRQHandler                                
00001af3  EUSCIA1_IRQHandler                                
00001af3  EUSCIA2_IRQHandler                                
00001af3  EUSCIA3_IRQHandler                                
00001af3  EUSCIB0_IRQHandler                                
00001af3  EUSCIB1_IRQHandler                                
00001af3  EUSCIB2_IRQHandler                                
00001af3  EUSCIB3_IRQHandler                                
00001af3  FLCTL_IRQHandler                                  
00001af3  FPU_IRQHandler                                    
00001af3  HardFault_Handler                                 
00001af3  MemManage_Handler                                 
00001af3  NMI_Handler                                       
00001af3  PCM_IRQHandler                                    
00001af3  PORT1_IRQHandler                                  
00001af3  PORT2_IRQHandler                                  
00001af3  PORT3_IRQHandler                                  
00001af3  PORT4_IRQHandler                                  
00001af3  PORT5_IRQHandler                                  
00001af3  PORT6_IRQHandler                                  
00001af3  PSS_IRQHandler                                    
00001af3  PendSV_Handler                                    
00001af3  RTC_C_IRQHandler                                  
00001af3  SVC_Handler                                       
00001af3  SysTick_Handler                                   
00001af3  T32_INT2_IRQHandler                               
00001af3  T32_INTC_IRQHandler                               
00001af3  TA0_0_IRQHandler                                  
00001af3  TA0_N_IRQHandler                                  
00001af3  TA1_0_IRQHandler                                  
00001af3  TA1_N_IRQHandler                                  
00001af3  TA2_0_IRQHandler                                  
00001af3  TA2_N_IRQHandler                                  
00001af3  TA3_0_IRQHandler                                  
00001af3  TA3_N_IRQHandler                                  
00001af3  UsageFault_Handler                                
00001af3  WDT_A_IRQHandler                                  
00001af5  _ZN4Task14ProcessMessageEP3MSG                    
00001b01  _ZN4Task3runEv                                    
00001b0d  _ZdlPv                                            
00001b15  __TI_decompress_rle24                             
00001b1b  _system_pre_init                                  
00001b70  _ZTSN10__cxxabiv123__fundamental_type_infoE       
00001b98  _ZTSN10__cxxabiv120__si_class_type_infoE          
00001bbd  _ZTSN10__cxxabiv119__pointer_type_infoE           
00001be1  _ZTSN10__cxxabiv117__class_type_infoE             
00001c03  _ZTSN10__cxxabiv117__pbase_type_infoE             
00001c25  _ZTSe                                             
00001c64  _ZTV3LED                                          
00001c78  _ZTV4Task                                         
00001c8c  _ZTV6Button                                       
00001ca0  _ZTIPKe                                           
00001cb0  _ZTVN10__cxxabiv117__class_type_infoE             
00001cc0  _ZTVN10__cxxabiv119__pointer_type_infoE           
00001cd0  _ZTVN10__cxxabiv120__si_class_type_infoE          
00001ce0  _ZTVN10__cxxabiv123__fundamental_type_infoE       
00001cf0  _ZTSSt9type_info                                  
00001d18  _ZTI3LED                                          
00001d24  _ZTI6Button                                       
00001d30  _ZTIN10__cxxabiv117__class_type_infoE             
00001d3c  _ZTIN10__cxxabiv117__pbase_type_infoE             
00001d48  _ZTIN10__cxxabiv119__pointer_type_infoE           
00001d54  _ZTIN10__cxxabiv120__si_class_type_infoE          
00001d60  _ZTIN10__cxxabiv123__fundamental_type_infoE       
00001d6c  _ZTI4Task                                         
00001d74  _ZTISt9type_info                                  
00001d7c  _ZTIe                                             
00001d84  _ZTS6Button                                       
00001dac  _ZTS4Task                                         
00001db2  _ZTS3LED                                          
00001db7  _ZTSPKe                                           
00001dbc  SHT$$INIT_ARRAY$$Base                             
00001dc0  SHT$$INIT_ARRAY$$Limit                            
00001e34  __TI_Handler_Table_Base                           
00001e3c  __TI_CINIT_Base                                   
00001e3c  __TI_Handler_Table_Limit                          
00001e54  __TI_CINIT_Limit                                  
20000000  g_pfnRAMVectors                                   
200000e8  _sys_memory                                       
20000518  __TI_cleanup_ptr                                  
2000051c  __TI_dtors_ptr                                    
20000520  __TI_enable_exit_profile_output                   
20000538  _ZN4Task14m_u8NextTaskIDE                         
2000053c  _lock                                             
20000540  _unlock                                           
20000544  main_func_sp                                      
20000548  SystemCoreClock                                   
20000550  button                                            
20000578  _ZSt16__dummy_typeinfo                            
2000fe00  __stack                                           
20010000  __STACK_END                                       
4000480c  WDTCTL_SYM                                        
ffffffff  __TI_pprof_out_hndl                               
ffffffff  __TI_prof_data_size                               
ffffffff  __TI_prof_data_start                              
ffffffff  __binit__                                         
ffffffff  __c_args__                                        
ffffffff  binit                                             

[262 symbols]
