<?xml version="1.0"?>
<link_info>
   <banner>TI ARM Linker Unix v15.12.3.LTS</banner>
   <copyright>Copyright (c) 1996-2015 Texas Instruments Incorporated</copyright>
   <link_time>0x58268960</link_time>
   <link_errors>0x0</link_errors>
   <output_file>EventHandler.out</output_file>
   <entry_point>
      <name>_c_int00</name>
      <address>0x39c1</address>
   </entry_point>
   <input_file_list>
      <input_file id="fl-2">
         <path>./</path>
         <kind>object</kind>
         <file>Button.obj</file>
         <name>Button.obj</name>
      </input_file>
      <input_file id="fl-3">
         <path>./</path>
         <kind>object</kind>
         <file>LED.obj</file>
         <name>LED.obj</name>
      </input_file>
      <input_file id="fl-4">
         <path>./</path>
         <kind>object</kind>
         <file>Scheduler.obj</file>
         <name>Scheduler.obj</name>
      </input_file>
      <input_file id="fl-5">
         <path>./</path>
         <kind>object</kind>
         <file>Screen.obj</file>
         <name>Screen.obj</name>
      </input_file>
      <input_file id="fl-6">
         <path>./</path>
         <kind>object</kind>
         <file>Servo.obj</file>
         <name>Servo.obj</name>
      </input_file>
      <input_file id="fl-7">
         <path>./</path>
         <kind>object</kind>
         <file>Task.obj</file>
         <name>Task.obj</name>
      </input_file>
      <input_file id="fl-8">
         <path>./</path>
         <kind>object</kind>
         <file>main.obj</file>
         <name>main.obj</name>
      </input_file>
      <input_file id="fl-9">
         <path>./</path>
         <kind>object</kind>
         <file>startup_msp432p401r_ccs.obj</file>
         <name>startup_msp432p401r_ccs.obj</name>
      </input_file>
      <input_file id="fl-a">
         <path>./</path>
         <kind>object</kind>
         <file>system_msp432p401r.obj</file>
         <name>system_msp432p401r.obj</name>
      </input_file>
      <input_file id="fl-b">
         <path>./GrLib/fonts/</path>
         <kind>object</kind>
         <file>fontfixed6x8.obj</file>
         <name>fontfixed6x8.obj</name>
      </input_file>
      <input_file id="fl-c">
         <path>./GrLib/grlib/</path>
         <kind>object</kind>
         <file>button.obj</file>
         <name>button.obj</name>
      </input_file>
      <input_file id="fl-d">
         <path>./GrLib/grlib/</path>
         <kind>object</kind>
         <file>checkbox.obj</file>
         <name>checkbox.obj</name>
      </input_file>
      <input_file id="fl-e">
         <path>./GrLib/grlib/</path>
         <kind>object</kind>
         <file>circle.obj</file>
         <name>circle.obj</name>
      </input_file>
      <input_file id="fl-f">
         <path>./GrLib/grlib/</path>
         <kind>object</kind>
         <file>context.obj</file>
         <name>context.obj</name>
      </input_file>
      <input_file id="fl-10">
         <path>./GrLib/grlib/</path>
         <kind>object</kind>
         <file>display.obj</file>
         <name>display.obj</name>
      </input_file>
      <input_file id="fl-11">
         <path>./GrLib/grlib/</path>
         <kind>object</kind>
         <file>image.obj</file>
         <name>image.obj</name>
      </input_file>
      <input_file id="fl-12">
         <path>./GrLib/grlib/</path>
         <kind>object</kind>
         <file>imageButton.obj</file>
         <name>imageButton.obj</name>
      </input_file>
      <input_file id="fl-13">
         <path>./GrLib/grlib/</path>
         <kind>object</kind>
         <file>line.obj</file>
         <name>line.obj</name>
      </input_file>
      <input_file id="fl-14">
         <path>./GrLib/grlib/</path>
         <kind>object</kind>
         <file>radioButton.obj</file>
         <name>radioButton.obj</name>
      </input_file>
      <input_file id="fl-15">
         <path>./GrLib/grlib/</path>
         <kind>object</kind>
         <file>rectangle.obj</file>
         <name>rectangle.obj</name>
      </input_file>
      <input_file id="fl-16">
         <path>./GrLib/grlib/</path>
         <kind>object</kind>
         <file>string.obj</file>
         <name>string.obj</name>
      </input_file>
      <input_file id="fl-17">
         <path>./LcdDriver/</path>
         <kind>object</kind>
         <file>Crystalfontz128x128_ST7735.obj</file>
         <name>Crystalfontz128x128_ST7735.obj</name>
      </input_file>
      <input_file id="fl-18">
         <path>./LcdDriver/</path>
         <kind>object</kind>
         <file>HAL_MSP_EXP432P401R_Crystalfontz128x128_ST7735.obj</file>
         <name>HAL_MSP_EXP432P401R_Crystalfontz128x128_ST7735.obj</name>
      </input_file>
      <input_file id="fl-19">
         <path>./driverlib/MSP432P4xx/</path>
         <kind>object</kind>
         <file>adc14.obj</file>
         <name>adc14.obj</name>
      </input_file>
      <input_file id="fl-1a">
         <path>./driverlib/MSP432P4xx/</path>
         <kind>object</kind>
         <file>aes256.obj</file>
         <name>aes256.obj</name>
      </input_file>
      <input_file id="fl-1b">
         <path>./driverlib/MSP432P4xx/</path>
         <kind>object</kind>
         <file>comp_e.obj</file>
         <name>comp_e.obj</name>
      </input_file>
      <input_file id="fl-1c">
         <path>./driverlib/MSP432P4xx/</path>
         <kind>object</kind>
         <file>cpu.obj</file>
         <name>cpu.obj</name>
      </input_file>
      <input_file id="fl-1d">
         <path>./driverlib/MSP432P4xx/</path>
         <kind>object</kind>
         <file>crc32.obj</file>
         <name>crc32.obj</name>
      </input_file>
      <input_file id="fl-1e">
         <path>./driverlib/MSP432P4xx/</path>
         <kind>object</kind>
         <file>cs.obj</file>
         <name>cs.obj</name>
      </input_file>
      <input_file id="fl-1f">
         <path>./driverlib/MSP432P4xx/</path>
         <kind>object</kind>
         <file>dma.obj</file>
         <name>dma.obj</name>
      </input_file>
      <input_file id="fl-20">
         <path>./driverlib/MSP432P4xx/</path>
         <kind>object</kind>
         <file>flash.obj</file>
         <name>flash.obj</name>
      </input_file>
      <input_file id="fl-21">
         <path>./driverlib/MSP432P4xx/</path>
         <kind>object</kind>
         <file>fpu.obj</file>
         <name>fpu.obj</name>
      </input_file>
      <input_file id="fl-22">
         <path>./driverlib/MSP432P4xx/</path>
         <kind>object</kind>
         <file>gpio.obj</file>
         <name>gpio.obj</name>
      </input_file>
      <input_file id="fl-23">
         <path>./driverlib/MSP432P4xx/</path>
         <kind>object</kind>
         <file>i2c.obj</file>
         <name>i2c.obj</name>
      </input_file>
      <input_file id="fl-24">
         <path>./driverlib/MSP432P4xx/</path>
         <kind>object</kind>
         <file>interrupt.obj</file>
         <name>interrupt.obj</name>
      </input_file>
      <input_file id="fl-25">
         <path>./driverlib/MSP432P4xx/</path>
         <kind>object</kind>
         <file>mpu.obj</file>
         <name>mpu.obj</name>
      </input_file>
      <input_file id="fl-26">
         <path>./driverlib/MSP432P4xx/</path>
         <kind>object</kind>
         <file>pcm.obj</file>
         <name>pcm.obj</name>
      </input_file>
      <input_file id="fl-27">
         <path>./driverlib/MSP432P4xx/</path>
         <kind>object</kind>
         <file>pmap.obj</file>
         <name>pmap.obj</name>
      </input_file>
      <input_file id="fl-28">
         <path>./driverlib/MSP432P4xx/</path>
         <kind>object</kind>
         <file>pss.obj</file>
         <name>pss.obj</name>
      </input_file>
      <input_file id="fl-29">
         <path>./driverlib/MSP432P4xx/</path>
         <kind>object</kind>
         <file>ref_a.obj</file>
         <name>ref_a.obj</name>
      </input_file>
      <input_file id="fl-2a">
         <path>./driverlib/MSP432P4xx/</path>
         <kind>object</kind>
         <file>reset.obj</file>
         <name>reset.obj</name>
      </input_file>
      <input_file id="fl-2b">
         <path>./driverlib/MSP432P4xx/</path>
         <kind>object</kind>
         <file>rtc_c.obj</file>
         <name>rtc_c.obj</name>
      </input_file>
      <input_file id="fl-2c">
         <path>./driverlib/MSP432P4xx/</path>
         <kind>object</kind>
         <file>spi.obj</file>
         <name>spi.obj</name>
      </input_file>
      <input_file id="fl-2d">
         <path>./driverlib/MSP432P4xx/</path>
         <kind>object</kind>
         <file>sysctl.obj</file>
         <name>sysctl.obj</name>
      </input_file>
      <input_file id="fl-2e">
         <path>./driverlib/MSP432P4xx/</path>
         <kind>object</kind>
         <file>systick.obj</file>
         <name>systick.obj</name>
      </input_file>
      <input_file id="fl-2f">
         <path>./driverlib/MSP432P4xx/</path>
         <kind>object</kind>
         <file>timer32.obj</file>
         <name>timer32.obj</name>
      </input_file>
      <input_file id="fl-30">
         <path>./driverlib/MSP432P4xx/</path>
         <kind>object</kind>
         <file>timer_a.obj</file>
         <name>timer_a.obj</name>
      </input_file>
      <input_file id="fl-31">
         <path>./driverlib/MSP432P4xx/</path>
         <kind>object</kind>
         <file>uart.obj</file>
         <name>uart.obj</name>
      </input_file>
      <input_file id="fl-32">
         <path>./driverlib/MSP432P4xx/</path>
         <kind>object</kind>
         <file>wdt_a.obj</file>
         <name>wdt_a.obj</name>
      </input_file>
      <input_file id="fl-ed">
         <path>/opt/ti/ccsv6/tools/compiler/arm_15.12.3.LTS/lib/</path>
         <kind>archive</kind>
         <file>rtsv7M4_T_le_v4SPD16_eabi.lib</file>
         <name>boot.obj</name>
      </input_file>
      <input_file id="fl-ee">
         <path>/opt/ti/ccsv6/tools/compiler/arm_15.12.3.LTS/lib/</path>
         <kind>archive</kind>
         <file>rtsv7M4_T_le_v4SPD16_eabi.lib</file>
         <name>copy_decompress_none.obj</name>
      </input_file>
      <input_file id="fl-ef">
         <path>/opt/ti/ccsv6/tools/compiler/arm_15.12.3.LTS/lib/</path>
         <kind>archive</kind>
         <file>rtsv7M4_T_le_v4SPD16_eabi.lib</file>
         <name>copy_decompress_rle.obj</name>
      </input_file>
      <input_file id="fl-f0">
         <path>/opt/ti/ccsv6/tools/compiler/arm_15.12.3.LTS/lib/</path>
         <kind>archive</kind>
         <file>rtsv7M4_T_le_v4SPD16_eabi.lib</file>
         <name>copy_zero_init.obj</name>
      </input_file>
      <input_file id="fl-f1">
         <path>/opt/ti/ccsv6/tools/compiler/arm_15.12.3.LTS/lib/</path>
         <kind>archive</kind>
         <file>rtsv7M4_T_le_v4SPD16_eabi.lib</file>
         <name>delete.obj</name>
      </input_file>
      <input_file id="fl-f2">
         <path>/opt/ti/ccsv6/tools/compiler/arm_15.12.3.LTS/lib/</path>
         <kind>archive</kind>
         <file>rtsv7M4_T_le_v4SPD16_eabi.lib</file>
         <name>exit.obj</name>
      </input_file>
      <input_file id="fl-f3">
         <path>/opt/ti/ccsv6/tools/compiler/arm_15.12.3.LTS/lib/</path>
         <kind>archive</kind>
         <file>rtsv7M4_T_le_v4SPD16_eabi.lib</file>
         <name>memcpy_t2.obj</name>
      </input_file>
      <input_file id="fl-f4">
         <path>/opt/ti/ccsv6/tools/compiler/arm_15.12.3.LTS/lib/</path>
         <kind>archive</kind>
         <file>rtsv7M4_T_le_v4SPD16_eabi.lib</file>
         <name>memory.obj</name>
      </input_file>
      <input_file id="fl-f5">
         <path>/opt/ti/ccsv6/tools/compiler/arm_15.12.3.LTS/lib/</path>
         <kind>archive</kind>
         <file>rtsv7M4_T_le_v4SPD16_eabi.lib</file>
         <name>memset_t2.obj</name>
      </input_file>
      <input_file id="fl-f6">
         <path>/opt/ti/ccsv6/tools/compiler/arm_15.12.3.LTS/lib/</path>
         <kind>archive</kind>
         <file>rtsv7M4_T_le_v4SPD16_eabi.lib</file>
         <name>mpu_init.obj</name>
      </input_file>
      <input_file id="fl-f7">
         <path>/opt/ti/ccsv6/tools/compiler/arm_15.12.3.LTS/lib/</path>
         <kind>archive</kind>
         <file>rtsv7M4_T_le_v4SPD16_eabi.lib</file>
         <name>new_.obj</name>
      </input_file>
      <input_file id="fl-f8">
         <path>/opt/ti/ccsv6/tools/compiler/arm_15.12.3.LTS/lib/</path>
         <kind>archive</kind>
         <file>rtsv7M4_T_le_v4SPD16_eabi.lib</file>
         <name>newhandler.obj</name>
      </input_file>
      <input_file id="fl-f9">
         <path>/opt/ti/ccsv6/tools/compiler/arm_15.12.3.LTS/lib/</path>
         <kind>archive</kind>
         <file>rtsv7M4_T_le_v4SPD16_eabi.lib</file>
         <name>pre_init.obj</name>
      </input_file>
      <input_file id="fl-fa">
         <path>/opt/ti/ccsv6/tools/compiler/arm_15.12.3.LTS/lib/</path>
         <kind>archive</kind>
         <file>rtsv7M4_T_le_v4SPD16_eabi.lib</file>
         <name>stkdepth_vars.obj</name>
      </input_file>
      <input_file id="fl-fb">
         <path>/opt/ti/ccsv6/tools/compiler/arm_15.12.3.LTS/lib/</path>
         <kind>archive</kind>
         <file>rtsv7M4_T_le_v4SPD16_eabi.lib</file>
         <name>typeinfo_.obj</name>
      </input_file>
      <input_file id="fl-fc">
         <path>/opt/ti/ccsv6/tools/compiler/arm_15.12.3.LTS/lib/</path>
         <kind>archive</kind>
         <file>rtsv7M4_T_le_v4SPD16_eabi.lib</file>
         <name>vars.obj</name>
      </input_file>
      <input_file id="fl-fd">
         <path>/opt/ti/ccsv6/tools/compiler/arm_15.12.3.LTS/lib/</path>
         <kind>archive</kind>
         <file>rtsv7M4_T_le_v4SPD16_eabi.lib</file>
         <name>_lock.obj</name>
      </input_file>
      <input_file id="fl-fe">
         <path>/opt/ti/ccsv6/tools/compiler/arm_15.12.3.LTS/lib/</path>
         <kind>archive</kind>
         <file>rtsv7M4_T_le_v4SPD16_eabi.lib</file>
         <name>args_main.obj</name>
      </input_file>
      <input_file id="fl-ff">
         <path>/opt/ti/ccsv6/tools/compiler/arm_15.12.3.LTS/lib/</path>
         <kind>archive</kind>
         <file>rtsv7M4_T_le_v4SPD16_eabi.lib</file>
         <name>autoinit.obj</name>
      </input_file>
      <input_file id="fl-100">
         <path>/opt/ti/ccsv6/tools/compiler/arm_15.12.3.LTS/lib/</path>
         <kind>archive</kind>
         <file>rtsv7M4_T_le_v4SPD16_eabi.lib</file>
         <name>cpy_tbl.obj</name>
      </input_file>
      <input_file id="fl-101">
         <path>/opt/ti/ccsv6/tools/compiler/arm_15.12.3.LTS/lib/</path>
         <kind>archive</kind>
         <file>rtsv7M4_T_le_v4SPD16_eabi.lib</file>
         <name>startup.obj</name>
      </input_file>
   </input_file_list>
   <object_component_list>
      <object_component id="oc-2d">
         <name>.intvecs:retain</name>
         <load_address>0x0</load_address>
         <run_address>0x0</run_address>
         <size>0xe4</size>
         <input_file_ref idref="fl-9"/>
      </object_component>
      <object_component id="oc-31b">
         <name>.text</name>
         <load_address>0xe4</load_address>
         <run_address>0xe4</run_address>
         <size>0x8a4</size>
         <input_file_ref idref="fl-2c"/>
      </object_component>
      <object_component id="oc-1b8">
         <name>.text</name>
         <load_address>0x988</load_address>
         <run_address>0x988</run_address>
         <size>0x678</size>
         <input_file_ref idref="fl-17"/>
      </object_component>
      <object_component id="oc-1c4">
         <name>.text</name>
         <load_address>0x1000</load_address>
         <run_address>0x1000</run_address>
         <size>0x490</size>
         <input_file_ref idref="fl-13"/>
      </object_component>
      <object_component id="oc-c3">
         <name>.text</name>
         <load_address>0x1490</load_address>
         <run_address>0x1490</run_address>
         <size>0x480</size>
         <input_file_ref idref="fl-22"/>
      </object_component>
      <object_component id="oc-7b">
         <name>.text</name>
         <load_address>0x1910</load_address>
         <run_address>0x1910</run_address>
         <size>0x450</size>
         <input_file_ref idref="fl-8"/>
      </object_component>
      <object_component id="oc-cf">
         <name>.text</name>
         <load_address>0x1d60</load_address>
         <run_address>0x1d60</run_address>
         <size>0x430</size>
         <input_file_ref idref="fl-4"/>
      </object_component>
      <object_component id="oc-15e">
         <name>.text</name>
         <load_address>0x2190</load_address>
         <run_address>0x2190</run_address>
         <size>0x3f0</size>
         <input_file_ref idref="fl-24"/>
      </object_component>
      <object_component id="oc-16e">
         <name>.text</name>
         <load_address>0x2580</load_address>
         <run_address>0x2580</run_address>
         <size>0x3dc</size>
         <input_file_ref idref="fl-f4"/>
      </object_component>
      <object_component id="oc-122">
         <name>.text</name>
         <load_address>0x295c</load_address>
         <run_address>0x295c</run_address>
         <size>0x370</size>
         <input_file_ref idref="fl-a"/>
      </object_component>
      <object_component id="oc-e1">
         <name>.text</name>
         <load_address>0x2ccc</load_address>
         <run_address>0x2ccc</run_address>
         <size>0x290</size>
         <input_file_ref idref="fl-5"/>
      </object_component>
      <object_component id="oc-1be">
         <name>.text</name>
         <load_address>0x2f5c</load_address>
         <run_address>0x2f5c</run_address>
         <size>0x266</size>
         <input_file_ref idref="fl-f"/>
      </object_component>
      <object_component id="oc-59">
         <name>.text</name>
         <load_address>0x31c2</load_address>
         <run_address>0x31c2</run_address>
         <size>0x2</size>
         <input_file_ref idref="fl-f6"/>
      </object_component>
      <object_component id="oc-e7">
         <name>.text</name>
         <load_address>0x31c4</load_address>
         <run_address>0x31c4</run_address>
         <size>0x138</size>
         <input_file_ref idref="fl-6"/>
      </object_component>
      <object_component id="oc-2b0">
         <name>.text</name>
         <load_address>0x32fc</load_address>
         <run_address>0x32fc</run_address>
         <size>0x134</size>
         <input_file_ref idref="fl-10"/>
      </object_component>
      <object_component id="oc-d5">
         <name>.text</name>
         <load_address>0x3430</load_address>
         <run_address>0x3430</run_address>
         <size>0xf0</size>
         <input_file_ref idref="fl-3"/>
      </object_component>
      <object_component id="oc-29b">
         <name>.text</name>
         <load_address>0x3520</load_address>
         <run_address>0x3520</run_address>
         <size>0xbc</size>
         <input_file_ref idref="fl-18"/>
      </object_component>
      <object_component id="oc-351">
         <name>.text</name>
         <load_address>0x35dc</load_address>
         <run_address>0x35dc</run_address>
         <size>0xbc</size>
         <input_file_ref idref="fl-fb"/>
      </object_component>
      <object_component id="oc-db">
         <name>.text</name>
         <load_address>0x3698</load_address>
         <run_address>0x3698</run_address>
         <size>0xb4</size>
         <input_file_ref idref="fl-2"/>
      </object_component>
      <object_component id="oc-34">
         <name>.text</name>
         <load_address>0x374c</load_address>
         <run_address>0x374c</run_address>
         <size>0x9c</size>
         <input_file_ref idref="fl-f3"/>
      </object_component>
      <object_component id="oc-189">
         <name>.text</name>
         <load_address>0x37e8</load_address>
         <run_address>0x37e8</run_address>
         <size>0x80</size>
         <input_file_ref idref="fl-7"/>
      </object_component>
      <object_component id="oc-4d">
         <name>.text</name>
         <load_address>0x3868</load_address>
         <run_address>0x3868</run_address>
         <size>0x7a</size>
         <input_file_ref idref="fl-f5"/>
      </object_component>
      <object_component id="oc-177">
         <name>.text</name>
         <load_address>0x38e2</load_address>
         <run_address>0x38e2</run_address>
         <size>0x2</size>
         <input_file_ref idref="fl-f8"/>
      </object_component>
      <object_component id="oc-65">
         <name>.text</name>
         <load_address>0x38e4</load_address>
         <run_address>0x38e4</run_address>
         <size>0x70</size>
         <input_file_ref idref="fl-ff"/>
      </object_component>
      <object_component id="oc-40">
         <name>.text</name>
         <load_address>0x3954</load_address>
         <run_address>0x3954</run_address>
         <size>0x6a</size>
         <input_file_ref idref="fl-ef"/>
      </object_component>
      <object_component id="oc-ae">
         <name>.text</name>
         <load_address>0x39be</load_address>
         <run_address>0x39be</run_address>
         <size>0x2</size>
         <input_file_ref idref="fl-101"/>
      </object_component>
      <object_component id="oc-26">
         <name>.text</name>
         <load_address>0x39c0</load_address>
         <run_address>0x39c0</run_address>
         <size>0x54</size>
         <input_file_ref idref="fl-ed"/>
      </object_component>
      <object_component id="oc-71">
         <name>.text</name>
         <load_address>0x3a14</load_address>
         <run_address>0x3a14</run_address>
         <size>0x54</size>
         <input_file_ref idref="fl-f2"/>
      </object_component>
      <object_component id="oc-a8">
         <name>.text</name>
         <load_address>0x3a68</load_address>
         <run_address>0x3a68</run_address>
         <size>0x4c</size>
         <input_file_ref idref="fl-100"/>
      </object_component>
      <object_component id="oc-23b">
         <name>.text</name>
         <load_address>0x3ab4</load_address>
         <run_address>0x3ab4</run_address>
         <size>0x3e</size>
         <input_file_ref idref="fl-1c"/>
      </object_component>
      <object_component id="oc-c9">
         <name>.text</name>
         <load_address>0x3af4</load_address>
         <run_address>0x3af4</run_address>
         <size>0x30</size>
         <input_file_ref idref="fl-f7"/>
      </object_component>
      <object_component id="oc-289">
         <name>.text:_ZN4Task11SendMessageEv</name>
         <load_address>0x3b24</load_address>
         <run_address>0x3b24</run_address>
         <size>0x20</size>
         <input_file_ref idref="fl-3"/>
      </object_component>
      <object_component id="oc-6b">
         <name>.text</name>
         <load_address>0x3b44</load_address>
         <run_address>0x3b44</run_address>
         <size>0x18</size>
         <input_file_ref idref="fl-fe"/>
      </object_component>
      <object_component id="oc-14f">
         <name>.text</name>
         <load_address>0x3b5c</load_address>
         <run_address>0x3b5c</run_address>
         <size>0x14</size>
         <input_file_ref idref="fl-fd"/>
      </object_component>
      <object_component id="oc-14">
         <name>.text:decompress:none</name>
         <load_address>0x3b70</load_address>
         <run_address>0x3b70</run_address>
         <size>0xe</size>
         <input_file_ref idref="fl-ee"/>
      </object_component>
      <object_component id="oc-81">
         <name>.text</name>
         <load_address>0x3b7e</load_address>
         <run_address>0x3b7e</run_address>
         <size>0xe</size>
         <input_file_ref idref="fl-9"/>
      </object_component>
      <object_component id="oc-282">
         <name>.text:_ZN4Task14ProcessMessageE3MSG</name>
         <load_address>0x3b8c</load_address>
         <run_address>0x3b8c</run_address>
         <size>0xc</size>
         <input_file_ref idref="fl-3"/>
      </object_component>
      <object_component id="oc-2fe">
         <name>.text:_ZN4Task3runEv</name>
         <load_address>0x3b98</load_address>
         <run_address>0x3b98</run_address>
         <size>0xc</size>
         <input_file_ref idref="fl-7"/>
      </object_component>
      <object_component id="oc-18f">
         <name>.text</name>
         <load_address>0x3ba4</load_address>
         <run_address>0x3ba4</run_address>
         <size>0x8</size>
         <input_file_ref idref="fl-f1"/>
      </object_component>
      <object_component id="oc-1a">
         <name>.text:decompress:rle24</name>
         <load_address>0x3bac</load_address>
         <run_address>0x3bac</run_address>
         <size>0x6</size>
         <input_file_ref idref="fl-ef"/>
      </object_component>
      <object_component id="oc-5f">
         <name>.text</name>
         <load_address>0x3bb2</load_address>
         <run_address>0x3bb2</run_address>
         <size>0x4</size>
         <input_file_ref idref="fl-f9"/>
      </object_component>
      <object_component id="oc-2c1">
         <name>.const:.string:g_pucFontFixed6x8Data</name>
         <load_address>0x3bb8</load_address>
         <run_address>0x3bb8</run_address>
         <size>0x2f8</size>
         <input_file_ref idref="fl-b"/>
      </object_component>
      <object_component id="oc-1d2">
         <name>.const:g_sFontFixed6x8</name>
         <load_address>0x3eb0</load_address>
         <run_address>0x3eb0</run_address>
         <size>0xc8</size>
         <input_file_ref idref="fl-b"/>
      </object_component>
      <object_component id="oc-247">
         <name>.const:g_pulRegs</name>
         <load_address>0x3f78</load_address>
         <run_address>0x3f78</run_address>
         <size>0x50</size>
         <input_file_ref idref="fl-24"/>
      </object_component>
      <object_component id="oc-1cf">
         <name>.const:g_sCrystalfontz128x128</name>
         <load_address>0x3fc8</load_address>
         <run_address>0x3fc8</run_address>
         <size>0x2c</size>
         <input_file_ref idref="fl-17"/>
      </object_component>
      <object_component id="oc-3ca">
         <name>.const:.typeinfo:_ZTSN10__cxxabiv123__fundamental_type_infoE</name>
         <load_address>0x3ff4</load_address>
         <run_address>0x3ff4</run_address>
         <size>0x28</size>
         <input_file_ref idref="fl-fb"/>
      </object_component>
      <object_component id="oc-368">
         <name>.const:.typeinfo:_ZTSN10__cxxabiv120__si_class_type_infoE</name>
         <load_address>0x401c</load_address>
         <run_address>0x401c</run_address>
         <size>0x25</size>
         <input_file_ref idref="fl-fb"/>
      </object_component>
      <object_component id="oc-3b6">
         <name>.const:.typeinfo:_ZTSN10__cxxabiv119__pointer_type_infoE</name>
         <load_address>0x4041</load_address>
         <run_address>0x4041</run_address>
         <size>0x24</size>
         <input_file_ref idref="fl-fb"/>
      </object_component>
      <object_component id="oc-389">
         <name>.const:.typeinfo:_ZTSN10__cxxabiv117__class_type_infoE</name>
         <load_address>0x4065</load_address>
         <run_address>0x4065</run_address>
         <size>0x22</size>
         <input_file_ref idref="fl-fb"/>
      </object_component>
      <object_component id="oc-3c5">
         <name>.const:.typeinfo:_ZTSN10__cxxabiv117__pbase_type_infoE</name>
         <load_address>0x4087</load_address>
         <run_address>0x4087</run_address>
         <size>0x22</size>
         <input_file_ref idref="fl-fb"/>
      </object_component>
      <object_component id="oc-3b1">
         <name>.const:.typeinfo:_ZTSe</name>
         <load_address>0x40a9</load_address>
         <run_address>0x40a9</run_address>
         <size>0x2</size>
         <input_file_ref idref="fl-fb"/>
      </object_component>
      <object_component id="oc-244">
         <name>.const:g_pulPriority</name>
         <load_address>0x40ac</load_address>
         <run_address>0x40ac</run_address>
         <size>0x20</size>
         <input_file_ref idref="fl-24"/>
      </object_component>
      <object_component id="oc-321">
         <name>.const:$P$T0$1</name>
         <load_address>0x40cc</load_address>
         <run_address>0x40cc</run_address>
         <size>0x1c</size>
         <input_file_ref idref="fl-18"/>
      </object_component>
      <object_component id="oc-164">
         <name>.const:GPIO_PORT_TO_INT</name>
         <load_address>0x40e8</load_address>
         <run_address>0x40e8</run_address>
         <size>0x1c</size>
         <input_file_ref idref="fl-22"/>
      </object_component>
      <object_component id="oc-1ca">
         <name>.const:_ZTV6Screen</name>
         <load_address>0x4104</load_address>
         <run_address>0x4104</run_address>
         <size>0x18</size>
         <input_file_ref idref="fl-5"/>
      </object_component>
      <object_component id="oc-1a5">
         <name>.const:_ZTV3LED</name>
         <load_address>0x411c</load_address>
         <run_address>0x411c</run_address>
         <size>0x14</size>
         <input_file_ref idref="fl-3"/>
      </object_component>
      <object_component id="oc-26f">
         <name>.const:_ZTV4Task</name>
         <load_address>0x4130</load_address>
         <run_address>0x4130</run_address>
         <size>0x14</size>
         <input_file_ref idref="fl-7"/>
      </object_component>
      <object_component id="oc-1e2">
         <name>.const:_ZTV5Servo</name>
         <load_address>0x4144</load_address>
         <run_address>0x4144</run_address>
         <size>0x14</size>
         <input_file_ref idref="fl-6"/>
      </object_component>
      <object_component id="oc-1ad">
         <name>.const:_ZTV6Button</name>
         <load_address>0x4158</load_address>
         <run_address>0x4158</run_address>
         <size>0x14</size>
         <input_file_ref idref="fl-2"/>
      </object_component>
      <object_component id="oc-36e">
         <name>.const:.typeinfo:_ZTIPKe</name>
         <load_address>0x416c</load_address>
         <run_address>0x416c</run_address>
         <size>0x10</size>
         <input_file_ref idref="fl-fb"/>
      </object_component>
      <object_component id="oc-342">
         <name>.const:_ZTVN10__cxxabiv117__class_type_infoE</name>
         <load_address>0x417c</load_address>
         <run_address>0x417c</run_address>
         <size>0x10</size>
         <input_file_ref idref="fl-fb"/>
      </object_component>
      <object_component id="oc-393">
         <name>.const:_ZTVN10__cxxabiv119__pointer_type_infoE</name>
         <load_address>0x418c</load_address>
         <run_address>0x418c</run_address>
         <size>0x10</size>
         <input_file_ref idref="fl-fb"/>
      </object_component>
      <object_component id="oc-309">
         <name>.const:_ZTVN10__cxxabiv120__si_class_type_infoE</name>
         <load_address>0x419c</load_address>
         <run_address>0x419c</run_address>
         <size>0x10</size>
         <input_file_ref idref="fl-fb"/>
      </object_component>
      <object_component id="oc-3ac">
         <name>.const:_ZTVN10__cxxabiv123__fundamental_type_infoE</name>
         <load_address>0x41ac</load_address>
         <run_address>0x41ac</run_address>
         <size>0x10</size>
         <input_file_ref idref="fl-fb"/>
      </object_component>
      <object_component id="oc-3a2">
         <name>.const:.typeinfo:_ZTSSt9type_info</name>
         <load_address>0x41bc</load_address>
         <run_address>0x41bc</run_address>
         <size>0xd</size>
         <input_file_ref idref="fl-fb"/>
      </object_component>
      <object_component id="oc-313">
         <name>.const:$P$T40$1</name>
         <load_address>0x41cc</load_address>
         <run_address>0x41cc</run_address>
         <size>0xc</size>
         <input_file_ref idref="fl-3"/>
      </object_component>
      <object_component id="oc-195">
         <name>.const:$P$T40$1</name>
         <load_address>0x41d8</load_address>
         <run_address>0x41d8</run_address>
         <size>0xc</size>
         <input_file_ref idref="fl-4"/>
      </object_component>
      <object_component id="oc-ed">
         <name>.const:$P$T41$1</name>
         <load_address>0x41e4</load_address>
         <run_address>0x41e4</run_address>
         <size>0xc</size>
         <input_file_ref idref="fl-8"/>
      </object_component>
      <object_component id="oc-f3">
         <name>.const:$P$T42$2</name>
         <load_address>0x41f0</load_address>
         <run_address>0x41f0</run_address>
         <size>0xc</size>
         <input_file_ref idref="fl-8"/>
      </object_component>
      <object_component id="oc-f6">
         <name>.const:$P$T43$3</name>
         <load_address>0x41fc</load_address>
         <run_address>0x41fc</run_address>
         <size>0xc</size>
         <input_file_ref idref="fl-8"/>
      </object_component>
      <object_component id="oc-1b2">
         <name>.const:$P$T45$1</name>
         <load_address>0x4208</load_address>
         <run_address>0x4208</run_address>
         <size>0xc</size>
         <input_file_ref idref="fl-2"/>
      </object_component>
      <object_component id="oc-27d">
         <name>.const:.typeinfo:_ZTI3LED</name>
         <load_address>0x4214</load_address>
         <run_address>0x4214</run_address>
         <size>0xc</size>
         <input_file_ref idref="fl-3"/>
      </object_component>
      <object_component id="oc-2da">
         <name>.const:.typeinfo:_ZTI5Servo</name>
         <load_address>0x4220</load_address>
         <run_address>0x4220</run_address>
         <size>0xc</size>
         <input_file_ref idref="fl-6"/>
      </object_component>
      <object_component id="oc-292">
         <name>.const:.typeinfo:_ZTI6Button</name>
         <load_address>0x422c</load_address>
         <run_address>0x422c</run_address>
         <size>0xc</size>
         <input_file_ref idref="fl-2"/>
      </object_component>
      <object_component id="oc-2ba">
         <name>.const:.typeinfo:_ZTI6Screen</name>
         <load_address>0x4238</load_address>
         <run_address>0x4238</run_address>
         <size>0xc</size>
         <input_file_ref idref="fl-5"/>
      </object_component>
      <object_component id="oc-363">
         <name>.const:.typeinfo:_ZTIN10__cxxabiv117__class_type_infoE</name>
         <load_address>0x4244</load_address>
         <run_address>0x4244</run_address>
         <size>0xc</size>
         <input_file_ref idref="fl-fb"/>
      </object_component>
      <object_component id="oc-3bb">
         <name>.const:.typeinfo:_ZTIN10__cxxabiv117__pbase_type_infoE</name>
         <load_address>0x4250</load_address>
         <run_address>0x4250</run_address>
         <size>0xc</size>
         <input_file_ref idref="fl-fb"/>
      </object_component>
      <object_component id="oc-3a7">
         <name>.const:.typeinfo:_ZTIN10__cxxabiv119__pointer_type_infoE</name>
         <load_address>0x425c</load_address>
         <run_address>0x425c</run_address>
         <size>0xc</size>
         <input_file_ref idref="fl-fb"/>
      </object_component>
      <object_component id="oc-34c">
         <name>.const:.typeinfo:_ZTIN10__cxxabiv120__si_class_type_infoE</name>
         <load_address>0x4268</load_address>
         <run_address>0x4268</run_address>
         <size>0xc</size>
         <input_file_ref idref="fl-fb"/>
      </object_component>
      <object_component id="oc-3c0">
         <name>.const:.typeinfo:_ZTIN10__cxxabiv123__fundamental_type_infoE</name>
         <load_address>0x4274</load_address>
         <run_address>0x4274</run_address>
         <size>0xc</size>
         <input_file_ref idref="fl-fb"/>
      </object_component>
      <object_component id="oc-2a7">
         <name>.const:$P$T0$1</name>
         <load_address>0x4280</load_address>
         <run_address>0x4280</run_address>
         <size>0x8</size>
         <input_file_ref idref="fl-17"/>
      </object_component>
      <object_component id="oc-2f9">
         <name>.const:.typeinfo:_ZTI4Task</name>
         <load_address>0x4288</load_address>
         <run_address>0x4288</run_address>
         <size>0x8</size>
         <input_file_ref idref="fl-2"/>
      </object_component>
      <object_component id="oc-38e">
         <name>.const:.typeinfo:_ZTISt9type_info</name>
         <load_address>0x4290</load_address>
         <run_address>0x4290</run_address>
         <size>0x8</size>
         <input_file_ref idref="fl-fb"/>
      </object_component>
      <object_component id="oc-39d">
         <name>.const:.typeinfo:_ZTIe</name>
         <load_address>0x4298</load_address>
         <run_address>0x4298</run_address>
         <size>0x8</size>
         <input_file_ref idref="fl-fb"/>
      </object_component>
      <object_component id="oc-316">
         <name>.const:.typeinfo:_ZTS6Button</name>
         <load_address>0x42a0</load_address>
         <run_address>0x42a0</run_address>
         <size>0x8</size>
         <input_file_ref idref="fl-2"/>
      </object_component>
      <object_component id="oc-332">
         <name>.const:.typeinfo:_ZTS6Screen</name>
         <load_address>0x42a8</load_address>
         <run_address>0x42a8</run_address>
         <size>0x8</size>
         <input_file_ref idref="fl-5"/>
      </object_component>
      <object_component id="oc-24d">
         <name>.const:g_pulDisRegs</name>
         <load_address>0x42b0</load_address>
         <run_address>0x42b0</run_address>
         <size>0x8</size>
         <input_file_ref idref="fl-24"/>
      </object_component>
      <object_component id="oc-24a">
         <name>.const:g_pulEnRegs</name>
         <load_address>0x42b8</load_address>
         <run_address>0x42b8</run_address>
         <size>0x8</size>
         <input_file_ref idref="fl-24"/>
      </object_component>
      <object_component id="oc-250">
         <name>.const:g_pulPendRegs</name>
         <load_address>0x42c0</load_address>
         <run_address>0x42c0</run_address>
         <size>0x8</size>
         <input_file_ref idref="fl-24"/>
      </object_component>
      <object_component id="oc-253">
         <name>.const:g_pulUnpendRegs</name>
         <load_address>0x42c8</load_address>
         <run_address>0x42c8</run_address>
         <size>0x8</size>
         <input_file_ref idref="fl-24"/>
      </object_component>
      <object_component id="oc-33b">
         <name>.const:.typeinfo:_ZTS5Servo</name>
         <load_address>0x42d0</load_address>
         <run_address>0x42d0</run_address>
         <size>0x7</size>
         <input_file_ref idref="fl-6"/>
      </object_component>
      <object_component id="oc-347">
         <name>.const:.typeinfo:_ZTS4Task</name>
         <load_address>0x42d7</load_address>
         <run_address>0x42d7</run_address>
         <size>0x6</size>
         <input_file_ref idref="fl-2"/>
      </object_component>
      <object_component id="oc-30e">
         <name>.const:.typeinfo:_ZTS3LED</name>
         <load_address>0x42dd</load_address>
         <run_address>0x42dd</run_address>
         <size>0x5</size>
         <input_file_ref idref="fl-3"/>
      </object_component>
      <object_component id="oc-398">
         <name>.const:.typeinfo:_ZTSPKe</name>
         <load_address>0x42e2</load_address>
         <run_address>0x42e2</run_address>
         <size>0x4</size>
         <input_file_ref idref="fl-fb"/>
      </object_component>
      <object_component id="oc-3f7">
         <name>.cinit..data.load</name>
         <load_address>0x42f0</load_address>
         <run_address>0x42f0</run_address>
         <size>0x68</size>
      </object_component>
      <object_component id="oc-3f8">
         <name>.cinit..bss.load</name>
         <load_address>0x4358</load_address>
         <run_address>0x4358</run_address>
         <size>0xb</size>
      </object_component>
      <object_component id="oc-3f6">
         <name>.cinit..vtable.load</name>
         <load_address>0x4368</load_address>
         <run_address>0x4368</run_address>
         <size>0x9</size>
      </object_component>
      <object_component id="oc-3f4">
         <name>__TI_handler_table</name>
         <load_address>0x4374</load_address>
         <run_address>0x4374</run_address>
         <size>0x8</size>
      </object_component>
      <object_component id="oc-3f5">
         <name>__TI_cinit_table</name>
         <load_address>0x437c</load_address>
         <run_address>0x437c</run_address>
         <size>0x18</size>
      </object_component>
      <object_component id="oc-2c">
         <name>.init_array</name>
         <load_address>0x42e8</load_address>
         <run_address>0x42e8</run_address>
         <size>0x4</size>
         <input_file_ref idref="fl-8"/>
      </object_component>
      <object_component id="oc-3d1">
         <name>.binit</name>
         <load_address>0x0</load_address>
         <run_address>0x0</run_address>
         <size>0x0</size>
      </object_component>
      <object_component id="oc-241">
         <name>.vtable</name>
         <uninitialized>true</uninitialized>
         <run_address>0x20000000</run_address>
         <size>0xe4</size>
         <input_file_ref idref="fl-24"/>
      </object_component>
      <object_component id="oc-1e7">
         <name>.data:pwmConfig</name>
         <load_address>0x20001d40</load_address>
         <run_address>0x20001d40</run_address>
         <size>0x18</size>
         <input_file_ref idref="fl-6"/>
      </object_component>
      <object_component id="oc-f9">
         <name>.data</name>
         <load_address>0x20001d70</load_address>
         <run_address>0x20001d70</run_address>
         <size>0x9</size>
         <input_file_ref idref="fl-8"/>
      </object_component>
      <object_component id="oc-22b">
         <name>.data</name>
         <load_address>0x20001d8c</load_address>
         <run_address>0x20001d8c</run_address>
         <size>0x4</size>
         <input_file_ref idref="fl-a"/>
      </object_component>
      <object_component id="oc-15b">
         <name>.data:GPIO_PORT_TO_BASE</name>
         <load_address>0x20001d10</load_address>
         <run_address>0x20001d10</run_address>
         <size>0x30</size>
         <input_file_ref idref="fl-22"/>
      </object_component>
      <object_component id="oc-b8">
         <name>.data:$O1$$</name>
         <load_address>0x20001d58</load_address>
         <run_address>0x20001d58</run_address>
         <size>0xc</size>
         <input_file_ref idref="fl-f2"/>
      </object_component>
      <object_component id="oc-266">
         <name>.data:$O1$$</name>
         <load_address>0x20001d64</load_address>
         <run_address>0x20001d64</run_address>
         <size>0xc</size>
         <input_file_ref idref="fl-f4"/>
      </object_component>
      <object_component id="oc-77">
         <name>.data</name>
         <load_address>0x20001d84</load_address>
         <run_address>0x20001d84</run_address>
         <size>0x4</size>
         <input_file_ref idref="fl-fa"/>
      </object_component>
      <object_component id="oc-174">
         <name>.data</name>
         <load_address>0x20001d88</load_address>
         <run_address>0x20001d88</run_address>
         <size>0x4</size>
         <input_file_ref idref="fl-fc"/>
      </object_component>
      <object_component id="oc-bb">
         <name>.data:$O1$$</name>
         <load_address>0x20001d7c</load_address>
         <run_address>0x20001d7c</run_address>
         <size>0x8</size>
         <input_file_ref idref="fl-fd"/>
      </object_component>
      <object_component id="oc-f0">
         <name>.bss:MainScheduler</name>
         <uninitialized>true</uninitialized>
         <run_address>0x200000e8</run_address>
         <size>0x17f8</size>
         <input_file_ref idref="fl-8"/>
      </object_component>
      <object_component id="oc-1d5">
         <name>.common:g_sContext</name>
         <uninitialized>true</uninitialized>
         <run_address>0x200018e0</run_address>
         <size>0x1c</size>
      </object_component>
      <object_component id="oc-1d9">
         <name>.common:Lcd_Orientation</name>
         <uninitialized>true</uninitialized>
         <run_address>0x20001908</run_address>
         <size>0x1</size>
      </object_component>
      <object_component id="oc-2a1">
         <name>.common:Lcd_ScreenWidth</name>
         <uninitialized>true</uninitialized>
         <run_address>0x20001902</run_address>
         <size>0x2</size>
      </object_component>
      <object_component id="oc-2a2">
         <name>.common:Lcd_ScreenHeigth</name>
         <uninitialized>true</uninitialized>
         <run_address>0x20001900</run_address>
         <size>0x2</size>
      </object_component>
      <object_component id="oc-2a3">
         <name>.common:Lcd_PenSolid</name>
         <uninitialized>true</uninitialized>
         <run_address>0x20001909</run_address>
         <size>0x1</size>
      </object_component>
      <object_component id="oc-2a4">
         <name>.common:Lcd_FontSolid</name>
         <uninitialized>true</uninitialized>
         <run_address>0x20001907</run_address>
         <size>0x1</size>
      </object_component>
      <object_component id="oc-2a5">
         <name>.common:Lcd_FlagRead</name>
         <uninitialized>true</uninitialized>
         <run_address>0x20001906</run_address>
         <size>0x1</size>
      </object_component>
      <object_component id="oc-2a6">
         <name>.common:Lcd_TouchTrim</name>
         <uninitialized>true</uninitialized>
         <run_address>0x20001904</run_address>
         <size>0x2</size>
      </object_component>
      <object_component id="oc-36d">
         <name>.common:_ZSt16__dummy_typeinfo</name>
         <uninitialized>true</uninitialized>
         <run_address>0x200018fc</run_address>
         <size>0x4</size>
      </object_component>
      <object_component id="oc-31">
         <name>.sysmem</name>
         <uninitialized>true</uninitialized>
         <run_address>0x20001910</run_address>
         <size>0x8</size>
         <input_file_ref idref="fl-f4"/>
      </object_component>
      <object_component id="oc-3fa">
         <name>.sysmem</name>
         <uninitialized>true</uninitialized>
         <run_address>0x20001910</run_address>
         <size>0x0</size>
      </object_component>
      <object_component id="oc-30">
         <name>.stack</name>
         <uninitialized>true</uninitialized>
         <run_address>0x2000fe00</run_address>
         <size>0x0</size>
         <input_file_ref idref="fl-ed"/>
      </object_component>
      <object_component id="oc-3f9">
         <name>.stack</name>
         <uninitialized>true</uninitialized>
         <run_address>0x2000fe00</run_address>
         <size>0x0</size>
      </object_component>
      <object_component id="oc-1b6">
         <name>.debug_info</name>
         <load_address>0x0</load_address>
         <run_address>0x0</run_address>
         <size>0x18cd</size>
         <input_file_ref idref="fl-2"/>
      </object_component>
      <object_component id="oc-1ae">
         <name>.debug_info</name>
         <load_address>0x18cd</load_address>
         <run_address>0x18cd</run_address>
         <size>0xfb</size>
         <input_file_ref idref="fl-2"/>
      </object_component>
      <object_component id="oc-293">
         <name>.debug_info</name>
         <load_address>0x19c8</load_address>
         <run_address>0x19c8</run_address>
         <size>0xed</size>
         <input_file_ref idref="fl-2"/>
      </object_component>
      <object_component id="oc-2fa">
         <name>.debug_info</name>
         <load_address>0x1ab5</load_address>
         <run_address>0x1ab5</run_address>
         <size>0xe9</size>
         <input_file_ref idref="fl-2"/>
      </object_component>
      <object_component id="oc-348">
         <name>.debug_info</name>
         <load_address>0x1b9e</load_address>
         <run_address>0x1b9e</run_address>
         <size>0xee</size>
         <input_file_ref idref="fl-2"/>
      </object_component>
      <object_component id="oc-317">
         <name>.debug_info</name>
         <load_address>0x1c8c</load_address>
         <run_address>0x1c8c</run_address>
         <size>0xf2</size>
         <input_file_ref idref="fl-2"/>
      </object_component>
      <object_component id="oc-1b3">
         <name>.debug_info</name>
         <load_address>0x1d7e</load_address>
         <run_address>0x1d7e</run_address>
         <size>0xde</size>
         <input_file_ref idref="fl-2"/>
      </object_component>
      <object_component id="oc-dc">
         <name>.debug_info</name>
         <load_address>0x1e5c</load_address>
         <run_address>0x1e5c</run_address>
         <size>0x4c0</size>
         <input_file_ref idref="fl-2"/>
      </object_component>
      <object_component id="oc-1f9">
         <name>.debug_info</name>
         <load_address>0x231c</load_address>
         <run_address>0x231c</run_address>
         <size>0x1251</size>
         <input_file_ref idref="fl-2"/>
      </object_component>
      <object_component id="oc-118">
         <name>.debug_info</name>
         <load_address>0x356d</load_address>
         <run_address>0x356d</run_address>
         <size>0x3f65</size>
         <input_file_ref idref="fl-2"/>
      </object_component>
      <object_component id="oc-109">
         <name>.debug_info</name>
         <load_address>0x74d2</load_address>
         <run_address>0x74d2</run_address>
         <size>0x109</size>
         <input_file_ref idref="fl-2"/>
      </object_component>
      <object_component id="oc-ff">
         <name>.debug_info</name>
         <load_address>0x75db</load_address>
         <run_address>0x75db</run_address>
         <size>0x21f</size>
         <input_file_ref idref="fl-2"/>
      </object_component>
      <object_component id="oc-1fe">
         <name>.debug_info</name>
         <load_address>0x77fa</load_address>
         <run_address>0x77fa</run_address>
         <size>0x1ef</size>
         <input_file_ref idref="fl-2"/>
      </object_component>
      <object_component id="oc-203">
         <name>.debug_info</name>
         <load_address>0x79e9</load_address>
         <run_address>0x79e9</run_address>
         <size>0xb7</size>
         <input_file_ref idref="fl-2"/>
      </object_component>
      <object_component id="oc-208">
         <name>.debug_info</name>
         <load_address>0x7aa0</load_address>
         <run_address>0x7aa0</run_address>
         <size>0xa3</size>
         <input_file_ref idref="fl-2"/>
      </object_component>
      <object_component id="oc-20d">
         <name>.debug_info</name>
         <load_address>0x7b43</load_address>
         <run_address>0x7b43</run_address>
         <size>0xdf</size>
         <input_file_ref idref="fl-2"/>
      </object_component>
      <object_component id="oc-212">
         <name>.debug_info</name>
         <load_address>0x7c22</load_address>
         <run_address>0x7c22</run_address>
         <size>0x3d7</size>
         <input_file_ref idref="fl-2"/>
      </object_component>
      <object_component id="oc-1a0">
         <name>.debug_info</name>
         <load_address>0x7ff9</load_address>
         <run_address>0x7ff9</run_address>
         <size>0x8b</size>
         <input_file_ref idref="fl-2"/>
      </object_component>
      <object_component id="oc-11d">
         <name>.debug_info</name>
         <load_address>0x8084</load_address>
         <run_address>0x8084</run_address>
         <size>0x18b</size>
         <input_file_ref idref="fl-2"/>
      </object_component>
      <object_component id="oc-217">
         <name>.debug_info</name>
         <load_address>0x820f</load_address>
         <run_address>0x820f</run_address>
         <size>0x163</size>
         <input_file_ref idref="fl-2"/>
      </object_component>
      <object_component id="oc-21c">
         <name>.debug_info</name>
         <load_address>0x8372</load_address>
         <run_address>0x8372</run_address>
         <size>0x107</size>
         <input_file_ref idref="fl-2"/>
      </object_component>
      <object_component id="oc-226">
         <name>.debug_info</name>
         <load_address>0x8479</load_address>
         <run_address>0x8479</run_address>
         <size>0xb7</size>
         <input_file_ref idref="fl-2"/>
      </object_component>
      <object_component id="oc-1ab">
         <name>.debug_info</name>
         <load_address>0x8530</load_address>
         <run_address>0x8530</run_address>
         <size>0x183e</size>
         <input_file_ref idref="fl-3"/>
      </object_component>
      <object_component id="oc-1a6">
         <name>.debug_info</name>
         <load_address>0x9d6e</load_address>
         <run_address>0x9d6e</run_address>
         <size>0xf2</size>
         <input_file_ref idref="fl-3"/>
      </object_component>
      <object_component id="oc-27e">
         <name>.debug_info</name>
         <load_address>0x9e60</load_address>
         <run_address>0x9e60</run_address>
         <size>0xe4</size>
         <input_file_ref idref="fl-3"/>
      </object_component>
      <object_component id="oc-30f">
         <name>.debug_info</name>
         <load_address>0x9f44</load_address>
         <run_address>0x9f44</run_address>
         <size>0xe9</size>
         <input_file_ref idref="fl-3"/>
      </object_component>
      <object_component id="oc-314">
         <name>.debug_info</name>
         <load_address>0xa02d</load_address>
         <run_address>0xa02d</run_address>
         <size>0xdb</size>
         <input_file_ref idref="fl-3"/>
      </object_component>
      <object_component id="oc-283">
         <name>.debug_info</name>
         <load_address>0xa108</load_address>
         <run_address>0xa108</run_address>
         <size>0x167</size>
         <input_file_ref idref="fl-3"/>
      </object_component>
      <object_component id="oc-28a">
         <name>.debug_info</name>
         <load_address>0xa26f</load_address>
         <run_address>0xa26f</run_address>
         <size>0x15a</size>
         <input_file_ref idref="fl-3"/>
      </object_component>
      <object_component id="oc-d6">
         <name>.debug_info</name>
         <load_address>0xa3c9</load_address>
         <run_address>0xa3c9</run_address>
         <size>0x482</size>
         <input_file_ref idref="fl-3"/>
      </object_component>
      <object_component id="oc-104">
         <name>.debug_info</name>
         <load_address>0xa84b</load_address>
         <run_address>0xa84b</run_address>
         <size>0x101</size>
         <input_file_ref idref="fl-3"/>
      </object_component>
      <object_component id="oc-19e">
         <name>.debug_info</name>
         <load_address>0xa94c</load_address>
         <run_address>0xa94c</run_address>
         <size>0x11b7</size>
         <input_file_ref idref="fl-4"/>
      </object_component>
      <object_component id="oc-196">
         <name>.debug_info</name>
         <load_address>0xbb03</load_address>
         <run_address>0xbb03</run_address>
         <size>0xe1</size>
         <input_file_ref idref="fl-4"/>
      </object_component>
      <object_component id="oc-d0">
         <name>.debug_info</name>
         <load_address>0xbbe4</load_address>
         <run_address>0xbbe4</run_address>
         <size>0xc0e</size>
         <input_file_ref idref="fl-4"/>
      </object_component>
      <object_component id="oc-199">
         <name>.debug_info</name>
         <load_address>0xc7f2</load_address>
         <run_address>0xc7f2</run_address>
         <size>0x281</size>
         <input_file_ref idref="fl-4"/>
      </object_component>
      <object_component id="oc-1d6">
         <name>.debug_info</name>
         <load_address>0xca73</load_address>
         <run_address>0xca73</run_address>
         <size>0x1c90</size>
         <input_file_ref idref="fl-5"/>
      </object_component>
      <object_component id="oc-1cb">
         <name>.debug_info</name>
         <load_address>0xe703</load_address>
         <run_address>0xe703</run_address>
         <size>0xfb</size>
         <input_file_ref idref="fl-5"/>
      </object_component>
      <object_component id="oc-2bb">
         <name>.debug_info</name>
         <load_address>0xe7fe</load_address>
         <run_address>0xe7fe</run_address>
         <size>0xed</size>
         <input_file_ref idref="fl-5"/>
      </object_component>
      <object_component id="oc-333">
         <name>.debug_info</name>
         <load_address>0xe8eb</load_address>
         <run_address>0xe8eb</run_address>
         <size>0xf2</size>
         <input_file_ref idref="fl-5"/>
      </object_component>
      <object_component id="oc-e2">
         <name>.debug_info</name>
         <load_address>0xe9dd</load_address>
         <run_address>0xe9dd</run_address>
         <size>0x782</size>
         <input_file_ref idref="fl-5"/>
      </object_component>
      <object_component id="oc-2c9">
         <name>.debug_info</name>
         <load_address>0xf15f</load_address>
         <run_address>0xf15f</run_address>
         <size>0xe5</size>
         <input_file_ref idref="fl-5"/>
      </object_component>
      <object_component id="oc-1dd">
         <name>.debug_info</name>
         <load_address>0xf244</load_address>
         <run_address>0xf244</run_address>
         <size>0x4a0</size>
         <input_file_ref idref="fl-5"/>
      </object_component>
      <object_component id="oc-10e">
         <name>.debug_info</name>
         <load_address>0xf6e4</load_address>
         <run_address>0xf6e4</run_address>
         <size>0x1c0</size>
         <input_file_ref idref="fl-5"/>
      </object_component>
      <object_component id="oc-2ce">
         <name>.debug_info</name>
         <load_address>0xf8a4</load_address>
         <run_address>0xf8a4</run_address>
         <size>0x67</size>
         <input_file_ref idref="fl-5"/>
      </object_component>
      <object_component id="oc-1eb">
         <name>.debug_info</name>
         <load_address>0xf90b</load_address>
         <run_address>0xf90b</run_address>
         <size>0x1771</size>
         <input_file_ref idref="fl-6"/>
      </object_component>
      <object_component id="oc-1e8">
         <name>.debug_info</name>
         <load_address>0x1107c</load_address>
         <run_address>0x1107c</run_address>
         <size>0xe0</size>
         <input_file_ref idref="fl-6"/>
      </object_component>
      <object_component id="oc-1e3">
         <name>.debug_info</name>
         <load_address>0x1115c</load_address>
         <run_address>0x1115c</run_address>
         <size>0xf8</size>
         <input_file_ref idref="fl-6"/>
      </object_component>
      <object_component id="oc-2db">
         <name>.debug_info</name>
         <load_address>0x11254</load_address>
         <run_address>0x11254</run_address>
         <size>0xea</size>
         <input_file_ref idref="fl-6"/>
      </object_component>
      <object_component id="oc-33c">
         <name>.debug_info</name>
         <load_address>0x1133e</load_address>
         <run_address>0x1133e</run_address>
         <size>0xef</size>
         <input_file_ref idref="fl-6"/>
      </object_component>
      <object_component id="oc-e8">
         <name>.debug_info</name>
         <load_address>0x1142d</load_address>
         <run_address>0x1142d</run_address>
         <size>0x4fb</size>
         <input_file_ref idref="fl-6"/>
      </object_component>
      <object_component id="oc-113">
         <name>.debug_info</name>
         <load_address>0x11928</load_address>
         <run_address>0x11928</run_address>
         <size>0x178</size>
         <input_file_ref idref="fl-6"/>
      </object_component>
      <object_component id="oc-275">
         <name>.debug_info</name>
         <load_address>0x11aa0</load_address>
         <run_address>0x11aa0</run_address>
         <size>0x144c</size>
         <input_file_ref idref="fl-7"/>
      </object_component>
      <object_component id="oc-270">
         <name>.debug_info</name>
         <load_address>0x12eec</load_address>
         <run_address>0x12eec</run_address>
         <size>0xf5</size>
         <input_file_ref idref="fl-7"/>
      </object_component>
      <object_component id="oc-2ff">
         <name>.debug_info</name>
         <load_address>0x12fe1</load_address>
         <run_address>0x12fe1</run_address>
         <size>0x132</size>
         <input_file_ref idref="fl-7"/>
      </object_component>
      <object_component id="oc-18a">
         <name>.debug_info</name>
         <load_address>0x13113</load_address>
         <run_address>0x13113</run_address>
         <size>0x40b</size>
         <input_file_ref idref="fl-7"/>
      </object_component>
      <object_component id="oc-fd">
         <name>.debug_info</name>
         <load_address>0x1351e</load_address>
         <run_address>0x1351e</run_address>
         <size>0x1ae6</size>
         <input_file_ref idref="fl-8"/>
      </object_component>
      <object_component id="oc-fa">
         <name>.debug_info</name>
         <load_address>0x15004</load_address>
         <run_address>0x15004</run_address>
         <size>0x124</size>
         <input_file_ref idref="fl-8"/>
      </object_component>
      <object_component id="oc-f1">
         <name>.debug_info</name>
         <load_address>0x15128</load_address>
         <run_address>0x15128</run_address>
         <size>0xe7</size>
         <input_file_ref idref="fl-8"/>
      </object_component>
      <object_component id="oc-ee">
         <name>.debug_info</name>
         <load_address>0x1520f</load_address>
         <run_address>0x1520f</run_address>
         <size>0xdc</size>
         <input_file_ref idref="fl-8"/>
      </object_component>
      <object_component id="oc-f4">
         <name>.debug_info</name>
         <load_address>0x152eb</load_address>
         <run_address>0x152eb</run_address>
         <size>0xdc</size>
         <input_file_ref idref="fl-8"/>
      </object_component>
      <object_component id="oc-f7">
         <name>.debug_info</name>
         <load_address>0x153c7</load_address>
         <run_address>0x153c7</run_address>
         <size>0xdc</size>
         <input_file_ref idref="fl-8"/>
      </object_component>
      <object_component id="oc-7c">
         <name>.debug_info</name>
         <load_address>0x154a3</load_address>
         <run_address>0x154a3</run_address>
         <size>0xc0f</size>
         <input_file_ref idref="fl-8"/>
      </object_component>
      <object_component id="oc-221">
         <name>.debug_info</name>
         <load_address>0x160b2</load_address>
         <run_address>0x160b2</run_address>
         <size>0x15a</size>
         <input_file_ref idref="fl-8"/>
      </object_component>
      <object_component id="oc-89">
         <name>.debug_info</name>
         <load_address>0x1620c</load_address>
         <run_address>0x1620c</run_address>
         <size>0x142</size>
         <input_file_ref idref="fl-9"/>
      </object_component>
      <object_component id="oc-2e">
         <name>.debug_info</name>
         <load_address>0x1634e</load_address>
         <run_address>0x1634e</run_address>
         <size>0xfe</size>
         <input_file_ref idref="fl-9"/>
      </object_component>
      <object_component id="oc-82">
         <name>.debug_info</name>
         <load_address>0x1644c</load_address>
         <run_address>0x1644c</run_address>
         <size>0x1c5</size>
         <input_file_ref idref="fl-9"/>
      </object_component>
      <object_component id="oc-96">
         <name>.debug_info</name>
         <load_address>0x16611</load_address>
         <run_address>0x16611</run_address>
         <size>0x84</size>
         <input_file_ref idref="fl-9"/>
      </object_component>
      <object_component id="oc-168">
         <name>.debug_info</name>
         <load_address>0x16695</load_address>
         <run_address>0x16695</run_address>
         <size>0x18b</size>
         <input_file_ref idref="fl-9"/>
      </object_component>
      <object_component id="oc-2f6">
         <name>.debug_info</name>
         <load_address>0x16820</load_address>
         <run_address>0x16820</run_address>
         <size>0x394</size>
         <input_file_ref idref="fl-a"/>
      </object_component>
      <object_component id="oc-22c">
         <name>.debug_info</name>
         <load_address>0x16bb4</load_address>
         <run_address>0x16bb4</run_address>
         <size>0xf7</size>
         <input_file_ref idref="fl-a"/>
      </object_component>
      <object_component id="oc-123">
         <name>.debug_info</name>
         <load_address>0x16cab</load_address>
         <run_address>0x16cab</run_address>
         <size>0x269</size>
         <input_file_ref idref="fl-a"/>
      </object_component>
      <object_component id="oc-25c">
         <name>.debug_info</name>
         <load_address>0x16f14</load_address>
         <run_address>0x16f14</run_address>
         <size>0x37a3</size>
         <input_file_ref idref="fl-a"/>
      </object_component>
      <object_component id="oc-261">
         <name>.debug_info</name>
         <load_address>0x1a6b7</load_address>
         <run_address>0x1a6b7</run_address>
         <size>0x103e</size>
         <input_file_ref idref="fl-a"/>
      </object_component>
      <object_component id="oc-2c6">
         <name>.debug_info</name>
         <load_address>0x1b6f5</load_address>
         <run_address>0x1b6f5</run_address>
         <size>0x210</size>
         <input_file_ref idref="fl-b"/>
      </object_component>
      <object_component id="oc-2c2">
         <name>.debug_info</name>
         <load_address>0x1b905</load_address>
         <run_address>0x1b905</run_address>
         <size>0x108</size>
         <input_file_ref idref="fl-b"/>
      </object_component>
      <object_component id="oc-1d3">
         <name>.debug_info</name>
         <load_address>0x1ba0d</load_address>
         <run_address>0x1ba0d</run_address>
         <size>0xfd</size>
         <input_file_ref idref="fl-b"/>
      </object_component>
      <object_component id="oc-2ab">
         <name>.debug_info</name>
         <load_address>0x1bb0a</load_address>
         <run_address>0x1bb0a</run_address>
         <size>0x40a</size>
         <input_file_ref idref="fl-b"/>
      </object_component>
      <object_component id="oc-2b7">
         <name>.debug_info</name>
         <load_address>0x1bf14</load_address>
         <run_address>0x1bf14</run_address>
         <size>0x35b</size>
         <input_file_ref idref="fl-f"/>
      </object_component>
      <object_component id="oc-1bf">
         <name>.debug_info</name>
         <load_address>0x1c26f</load_address>
         <run_address>0x1c26f</run_address>
         <size>0xf28</size>
         <input_file_ref idref="fl-f"/>
      </object_component>
      <object_component id="oc-32d">
         <name>.debug_info</name>
         <load_address>0x1d197</load_address>
         <run_address>0x1d197</run_address>
         <size>0x1fb</size>
         <input_file_ref idref="fl-10"/>
      </object_component>
      <object_component id="oc-2b1">
         <name>.debug_info</name>
         <load_address>0x1d392</load_address>
         <run_address>0x1d392</run_address>
         <size>0x945</size>
         <input_file_ref idref="fl-10"/>
      </object_component>
      <object_component id="oc-2b9">
         <name>.debug_info</name>
         <load_address>0x1dcd7</load_address>
         <run_address>0x1dcd7</run_address>
         <size>0x33b</size>
         <input_file_ref idref="fl-13"/>
      </object_component>
      <object_component id="oc-1c5">
         <name>.debug_info</name>
         <load_address>0x1e012</load_address>
         <run_address>0x1e012</run_address>
         <size>0x7b4</size>
         <input_file_ref idref="fl-13"/>
      </object_component>
      <object_component id="oc-1da">
         <name>.debug_info</name>
         <load_address>0x1e7c6</load_address>
         <run_address>0x1e7c6</run_address>
         <size>0x78b</size>
         <input_file_ref idref="fl-17"/>
      </object_component>
      <object_component id="oc-1d0">
         <name>.debug_info</name>
         <load_address>0x1ef51</load_address>
         <run_address>0x1ef51</run_address>
         <size>0x118</size>
         <input_file_ref idref="fl-17"/>
      </object_component>
      <object_component id="oc-2a8">
         <name>.debug_info</name>
         <load_address>0x1f069</load_address>
         <run_address>0x1f069</run_address>
         <size>0xf9</size>
         <input_file_ref idref="fl-17"/>
      </object_component>
      <object_component id="oc-1b9">
         <name>.debug_info</name>
         <load_address>0x1f162</load_address>
         <run_address>0x1f162</run_address>
         <size>0x15b9</size>
         <input_file_ref idref="fl-17"/>
      </object_component>
      <object_component id="oc-2d5">
         <name>.debug_info</name>
         <load_address>0x2071b</load_address>
         <run_address>0x2071b</run_address>
         <size>0x37a3</size>
         <input_file_ref idref="fl-17"/>
      </object_component>
      <object_component id="oc-325">
         <name>.debug_info</name>
         <load_address>0x23ebe</load_address>
         <run_address>0x23ebe</run_address>
         <size>0x131</size>
         <input_file_ref idref="fl-17"/>
      </object_component>
      <object_component id="oc-360">
         <name>.debug_info</name>
         <load_address>0x23fef</load_address>
         <run_address>0x23fef</run_address>
         <size>0x6a6</size>
         <input_file_ref idref="fl-18"/>
      </object_component>
      <object_component id="oc-322">
         <name>.debug_info</name>
         <load_address>0x24695</load_address>
         <run_address>0x24695</run_address>
         <size>0x10c</size>
         <input_file_ref idref="fl-18"/>
      </object_component>
      <object_component id="oc-29c">
         <name>.debug_info</name>
         <load_address>0x247a1</load_address>
         <run_address>0x247a1</run_address>
         <size>0x5a6</size>
         <input_file_ref idref="fl-18"/>
      </object_component>
      <object_component id="oc-23c">
         <name>.debug_info</name>
         <load_address>0x24d47</load_address>
         <run_address>0x24d47</run_address>
         <size>0x3cd</size>
         <input_file_ref idref="fl-1c"/>
      </object_component>
      <object_component id="oc-16d">
         <name>.debug_info</name>
         <load_address>0x25114</load_address>
         <run_address>0x25114</run_address>
         <size>0x4e9</size>
         <input_file_ref idref="fl-22"/>
      </object_component>
      <object_component id="oc-165">
         <name>.debug_info</name>
         <load_address>0x255fd</load_address>
         <run_address>0x255fd</run_address>
         <size>0xff</size>
         <input_file_ref idref="fl-22"/>
      </object_component>
      <object_component id="oc-15c">
         <name>.debug_info</name>
         <load_address>0x256fc</load_address>
         <run_address>0x256fc</run_address>
         <size>0x101</size>
         <input_file_ref idref="fl-22"/>
      </object_component>
      <object_component id="oc-c4">
         <name>.debug_info</name>
         <load_address>0x257fd</load_address>
         <run_address>0x257fd</run_address>
         <size>0x1a02</size>
         <input_file_ref idref="fl-22"/>
      </object_component>
      <object_component id="oc-257">
         <name>.debug_info</name>
         <load_address>0x271ff</load_address>
         <run_address>0x271ff</run_address>
         <size>0x477</size>
         <input_file_ref idref="fl-24"/>
      </object_component>
      <object_component id="oc-245">
         <name>.debug_info</name>
         <load_address>0x27676</load_address>
         <run_address>0x27676</run_address>
         <size>0xfe</size>
         <input_file_ref idref="fl-24"/>
      </object_component>
      <object_component id="oc-248">
         <name>.debug_info</name>
         <load_address>0x27774</load_address>
         <run_address>0x27774</run_address>
         <size>0xf6</size>
         <input_file_ref idref="fl-24"/>
      </object_component>
      <object_component id="oc-24b">
         <name>.debug_info</name>
         <load_address>0x2786a</load_address>
         <run_address>0x2786a</run_address>
         <size>0xfa</size>
         <input_file_ref idref="fl-24"/>
      </object_component>
      <object_component id="oc-24e">
         <name>.debug_info</name>
         <load_address>0x27964</load_address>
         <run_address>0x27964</run_address>
         <size>0xfc</size>
         <input_file_ref idref="fl-24"/>
      </object_component>
      <object_component id="oc-251">
         <name>.debug_info</name>
         <load_address>0x27a60</load_address>
         <run_address>0x27a60</run_address>
         <size>0xfe</size>
         <input_file_ref idref="fl-24"/>
      </object_component>
      <object_component id="oc-254">
         <name>.debug_info</name>
         <load_address>0x27b5e</load_address>
         <run_address>0x27b5e</run_address>
         <size>0x102</size>
         <input_file_ref idref="fl-24"/>
      </object_component>
      <object_component id="oc-242">
         <name>.debug_info</name>
         <load_address>0x27c60</load_address>
         <run_address>0x27c60</run_address>
         <size>0x103</size>
         <input_file_ref idref="fl-24"/>
      </object_component>
      <object_component id="oc-15f">
         <name>.debug_info</name>
         <load_address>0x27d63</load_address>
         <run_address>0x27d63</run_address>
         <size>0x11a6</size>
         <input_file_ref idref="fl-24"/>
      </object_component>
      <object_component id="oc-35d">
         <name>.debug_info</name>
         <load_address>0x28f09</load_address>
         <run_address>0x28f09</run_address>
         <size>0x4dd</size>
         <input_file_ref idref="fl-2c"/>
      </object_component>
      <object_component id="oc-31c">
         <name>.debug_info</name>
         <load_address>0x293e6</load_address>
         <run_address>0x293e6</run_address>
         <size>0x3d6e</size>
         <input_file_ref idref="fl-2c"/>
      </object_component>
      <object_component id="oc-28">
         <name>.debug_info</name>
         <load_address>0x2d154</load_address>
         <run_address>0x2d154</run_address>
         <size>0x161</size>
         <input_file_ref idref="fl-ed"/>
      </object_component>
      <object_component id="oc-3f">
         <name>.debug_info</name>
         <load_address>0x2d2b5</load_address>
         <run_address>0x2d2b5</run_address>
         <size>0x141</size>
         <input_file_ref idref="fl-ee"/>
      </object_component>
      <object_component id="oc-16">
         <name>.debug_info</name>
         <load_address>0x2d3f6</load_address>
         <run_address>0x2d3f6</run_address>
         <size>0x1e0</size>
         <input_file_ref idref="fl-ee"/>
      </object_component>
      <object_component id="oc-3a">
         <name>.debug_info</name>
         <load_address>0x2d5d6</load_address>
         <run_address>0x2d5d6</run_address>
         <size>0x46</size>
         <input_file_ref idref="fl-ee"/>
      </object_component>
      <object_component id="oc-8f">
         <name>.debug_info</name>
         <load_address>0x2d61c</load_address>
         <run_address>0x2d61c</run_address>
         <size>0x2c</size>
         <input_file_ref idref="fl-ee"/>
      </object_component>
      <object_component id="oc-47">
         <name>.debug_info</name>
         <load_address>0x2d648</load_address>
         <run_address>0x2d648</run_address>
         <size>0x135</size>
         <input_file_ref idref="fl-ef"/>
      </object_component>
      <object_component id="oc-41">
         <name>.debug_info</name>
         <load_address>0x2d77d</load_address>
         <run_address>0x2d77d</run_address>
         <size>0x248</size>
         <input_file_ref idref="fl-ef"/>
      </object_component>
      <object_component id="oc-1b">
         <name>.debug_info</name>
         <load_address>0x2d9c5</load_address>
         <run_address>0x2d9c5</run_address>
         <size>0x1b2</size>
         <input_file_ref idref="fl-ef"/>
      </object_component>
      <object_component id="oc-48">
         <name>.debug_info</name>
         <load_address>0x2db77</load_address>
         <run_address>0x2db77</run_address>
         <size>0x39</size>
         <input_file_ref idref="fl-ef"/>
      </object_component>
      <object_component id="oc-9e">
         <name>.debug_info</name>
         <load_address>0x2dbb0</load_address>
         <run_address>0x2dbb0</run_address>
         <size>0x2c</size>
         <input_file_ref idref="fl-ef"/>
      </object_component>
      <object_component id="oc-278">
         <name>.debug_info</name>
         <load_address>0x2dbdc</load_address>
         <run_address>0x2dbdc</run_address>
         <size>0xfd</size>
         <input_file_ref idref="fl-f1"/>
      </object_component>
      <object_component id="oc-190">
         <name>.debug_info</name>
         <load_address>0x2dcd9</load_address>
         <run_address>0x2dcd9</run_address>
         <size>0x165</size>
         <input_file_ref idref="fl-f1"/>
      </object_component>
      <object_component id="oc-bf">
         <name>.debug_info</name>
         <load_address>0x2de3e</load_address>
         <run_address>0x2de3e</run_address>
         <size>0x235</size>
         <input_file_ref idref="fl-f2"/>
      </object_component>
      <object_component id="oc-b9">
         <name>.debug_info</name>
         <load_address>0x2e073</load_address>
         <run_address>0x2e073</run_address>
         <size>0x186</size>
         <input_file_ref idref="fl-f2"/>
      </object_component>
      <object_component id="oc-72">
         <name>.debug_info</name>
         <load_address>0x2e1f9</load_address>
         <run_address>0x2e1f9</run_address>
         <size>0x215</size>
         <input_file_ref idref="fl-f2"/>
      </object_component>
      <object_component id="oc-35">
         <name>.debug_info</name>
         <load_address>0x2e40e</load_address>
         <run_address>0x2e40e</run_address>
         <size>0x112</size>
         <input_file_ref idref="fl-f3"/>
      </object_component>
      <object_component id="oc-8c">
         <name>.debug_info</name>
         <load_address>0x2e520</load_address>
         <run_address>0x2e520</run_address>
         <size>0x223</size>
         <input_file_ref idref="fl-f4"/>
      </object_component>
      <object_component id="oc-32">
         <name>.debug_info</name>
         <load_address>0x2e743</load_address>
         <run_address>0x2e743</run_address>
         <size>0x102</size>
         <input_file_ref idref="fl-f4"/>
      </object_component>
      <object_component id="oc-267">
         <name>.debug_info</name>
         <load_address>0x2e845</load_address>
         <run_address>0x2e845</run_address>
         <size>0x14d</size>
         <input_file_ref idref="fl-f4"/>
      </object_component>
      <object_component id="oc-16f">
         <name>.debug_info</name>
         <load_address>0x2e992</load_address>
         <run_address>0x2e992</run_address>
         <size>0x88c</size>
         <input_file_ref idref="fl-f4"/>
      </object_component>
      <object_component id="oc-12d">
         <name>.debug_info</name>
         <load_address>0x2f21e</load_address>
         <run_address>0x2f21e</run_address>
         <size>0x2c</size>
         <input_file_ref idref="fl-f4"/>
      </object_component>
      <object_component id="oc-132">
         <name>.debug_info</name>
         <load_address>0x2f24a</load_address>
         <run_address>0x2f24a</run_address>
         <size>0x62</size>
         <input_file_ref idref="fl-f4"/>
      </object_component>
      <object_component id="oc-4e">
         <name>.debug_info</name>
         <load_address>0x2f2ac</load_address>
         <run_address>0x2f2ac</run_address>
         <size>0x140</size>
         <input_file_ref idref="fl-f5"/>
      </object_component>
      <object_component id="oc-5a">
         <name>.debug_info</name>
         <load_address>0x2f3ec</load_address>
[...]
         <name>minit</name>
         <value>0x2581</value>
         <object_component_ref idref="oc-16e"/>
      </symbol>
      <symbol id="sm-742">
         <name>__aeabi_memset</name>
         <value>0x386b</value>
         <object_component_ref idref="oc-4d"/>
      </symbol>
      <symbol id="sm-743">
         <name>memset</name>
         <value>0x3871</value>
         <object_component_ref idref="oc-4d"/>
      </symbol>
      <symbol id="sm-744">
         <name>__aeabi_memset8</name>
         <value>0x386b</value>
         <object_component_ref idref="oc-4d"/>
      </symbol>
      <symbol id="sm-745">
         <name>__aeabi_memset4</name>
         <value>0x386b</value>
         <object_component_ref idref="oc-4d"/>
      </symbol>
      <symbol id="sm-746">
         <name>__aeabi_memclr8</name>
         <value>0x3869</value>
         <object_component_ref idref="oc-4d"/>
      </symbol>
      <symbol id="sm-747">
         <name>__aeabi_memclr4</name>
         <value>0x3869</value>
         <object_component_ref idref="oc-4d"/>
      </symbol>
      <symbol id="sm-748">
         <name>__aeabi_memclr</name>
         <value>0x3869</value>
         <object_component_ref idref="oc-4d"/>
      </symbol>
      <symbol id="sm-752">
         <name>__mpu_init</name>
         <value>0x31c3</value>
         <object_component_ref idref="oc-59"/>
      </symbol>
      <symbol id="sm-76e">
         <name>_Znwj</name>
         <value>0x3af5</value>
         <object_component_ref idref="oc-c9"/>
      </symbol>
      <symbol id="sm-778">
         <name>_Z21__default_new_handlerv</name>
         <value>0x38e3</value>
         <object_component_ref idref="oc-177"/>
      </symbol>
      <symbol id="sm-782">
         <name>_system_pre_init</name>
         <value>0x3bb3</value>
         <object_component_ref idref="oc-5f"/>
      </symbol>
      <symbol id="sm-78a">
         <name>main_func_sp</name>
         <value>0x20001d84</value>
         <object_component_ref idref="oc-77"/>
      </symbol>
      <symbol id="sm-84a">
         <name>_ZSt16__dummy_typeinfo</name>
         <value>0x200018fc</value>
      </symbol>
      <symbol id="sm-84b">
         <name>_ZN10__cxxabiv120__function_type_infoD1Ev</name>
         <value>0x3655</value>
         <object_component_ref idref="oc-351"/>
      </symbol>
      <symbol id="sm-84c">
         <name>_ZTIN10__cxxabiv119__pointer_type_infoE</name>
         <value>0x425c</value>
         <object_component_ref idref="oc-3a7"/>
      </symbol>
      <symbol id="sm-84d">
         <name>_ZTSSt9type_info</name>
         <value>0x41bc</value>
         <object_component_ref idref="oc-3a2"/>
      </symbol>
      <symbol id="sm-84e">
         <name>_ZN10__cxxabiv123__fundamental_type_infoD2Ev</name>
         <value>0x3637</value>
         <object_component_ref idref="oc-351"/>
      </symbol>
      <symbol id="sm-84f">
         <name>_ZN10__cxxabiv117__class_type_infoD1Ev</name>
         <value>0x3673</value>
         <object_component_ref idref="oc-351"/>
      </symbol>
      <symbol id="sm-850">
         <name>_ZN10__cxxabiv129__pointer_to_member_type_infoD2Ev</name>
         <value>0x362d</value>
         <object_component_ref idref="oc-351"/>
      </symbol>
      <symbol id="sm-851">
         <name>_ZN10__cxxabiv116__enum_type_infoD1Ev</name>
         <value>0x3687</value>
         <object_component_ref idref="oc-351"/>
      </symbol>
      <symbol id="sm-852">
         <name>_ZN10__cxxabiv121__vmi_class_type_infoD1Ev</name>
         <value>0x3641</value>
         <object_component_ref idref="oc-351"/>
      </symbol>
      <symbol id="sm-853">
         <name>_ZTSN10__cxxabiv123__fundamental_type_infoE</name>
         <value>0x3ff4</value>
         <object_component_ref idref="oc-3ca"/>
      </symbol>
      <symbol id="sm-854">
         <name>_ZN10__cxxabiv117__pbase_type_infoD1Ev</name>
         <value>0x3669</value>
         <object_component_ref idref="oc-351"/>
      </symbol>
      <symbol id="sm-855">
         <name>_ZTVN10__cxxabiv123__fundamental_type_infoE</name>
         <value>0x41ac</value>
         <object_component_ref idref="oc-3ac"/>
      </symbol>
      <symbol id="sm-856">
         <name>_ZTSN10__cxxabiv120__si_class_type_infoE</name>
         <value>0x401c</value>
         <object_component_ref idref="oc-368"/>
      </symbol>
      <symbol id="sm-857">
         <name>_ZN10__cxxabiv117__array_type_infoD1Ev</name>
         <value>0x367d</value>
         <object_component_ref idref="oc-351"/>
      </symbol>
      <symbol id="sm-858">
         <name>_ZTVN10__cxxabiv119__pointer_type_infoE</name>
         <value>0x418c</value>
         <object_component_ref idref="oc-393"/>
      </symbol>
      <symbol id="sm-859">
         <name>_ZTSPKe</name>
         <value>0x42e2</value>
         <object_component_ref idref="oc-398"/>
      </symbol>
      <symbol id="sm-85a">
         <name>_ZNKSt9type_infoneERKS_</name>
         <value>0x35f3</value>
         <object_component_ref idref="oc-351"/>
      </symbol>
      <symbol id="sm-85b">
         <name>_ZN10__cxxabiv119__pointer_type_infoD1Ev</name>
         <value>0x365f</value>
         <object_component_ref idref="oc-351"/>
      </symbol>
      <symbol id="sm-85c">
         <name>_ZNSt9type_infoD2Ev</name>
         <value>0x35e5</value>
         <object_component_ref idref="oc-351"/>
      </symbol>
      <symbol id="sm-85d">
         <name>_ZNKSt9type_info6beforeERKS_</name>
         <value>0x361f</value>
         <object_component_ref idref="oc-351"/>
      </symbol>
      <symbol id="sm-85e">
         <name>_ZN10__cxxabiv123__fundamental_type_infoD1Ev</name>
         <value>0x3637</value>
         <object_component_ref idref="oc-351"/>
      </symbol>
      <symbol id="sm-85f">
         <name>_ZTSN10__cxxabiv119__pointer_type_infoE</name>
         <value>0x4041</value>
         <object_component_ref idref="oc-3b6"/>
      </symbol>
      <symbol id="sm-860">
         <name>_ZN10__cxxabiv121__vmi_class_type_infoD2Ev</name>
         <value>0x3641</value>
         <object_component_ref idref="oc-351"/>
      </symbol>
      <symbol id="sm-861">
         <name>_ZTSN10__cxxabiv117__class_type_infoE</name>
         <value>0x4065</value>
         <object_component_ref idref="oc-389"/>
      </symbol>
      <symbol id="sm-862">
         <name>_ZN10__cxxabiv120__function_type_infoD2Ev</name>
         <value>0x3655</value>
         <object_component_ref idref="oc-351"/>
      </symbol>
      <symbol id="sm-863">
         <name>_ZN10__cxxabiv117__class_type_infoD2Ev</name>
         <value>0x3673</value>
         <object_component_ref idref="oc-351"/>
      </symbol>
      <symbol id="sm-864">
         <name>_ZN10__cxxabiv116__enum_type_infoD2Ev</name>
         <value>0x3687</value>
         <object_component_ref idref="oc-351"/>
      </symbol>
      <symbol id="sm-865">
         <name>_ZN10__cxxabiv119__pointer_type_infoD2Ev</name>
         <value>0x365f</value>
         <object_component_ref idref="oc-351"/>
      </symbol>
      <symbol id="sm-866">
         <name>_ZN10__cxxabiv120__si_class_type_infoD2Ev</name>
         <value>0x364b</value>
         <object_component_ref idref="oc-351"/>
      </symbol>
      <symbol id="sm-867">
         <name>_ZN10__cxxabiv117__pbase_type_infoD2Ev</name>
         <value>0x3669</value>
         <object_component_ref idref="oc-351"/>
      </symbol>
      <symbol id="sm-868">
         <name>_ZTVN10__cxxabiv117__class_type_infoE</name>
         <value>0x417c</value>
         <object_component_ref idref="oc-342"/>
      </symbol>
      <symbol id="sm-869">
         <name>_ZN10__cxxabiv117__array_type_infoD2Ev</name>
         <value>0x367d</value>
         <object_component_ref idref="oc-351"/>
      </symbol>
      <symbol id="sm-86a">
         <name>_ZNSt9type_infoD1Ev</name>
         <value>0x35e5</value>
         <object_component_ref idref="oc-351"/>
      </symbol>
      <symbol id="sm-86b">
         <name>_ZTIN10__cxxabiv123__fundamental_type_infoE</name>
         <value>0x4274</value>
         <object_component_ref idref="oc-3c0"/>
      </symbol>
      <symbol id="sm-86c">
         <name>_ZTISt9type_info</name>
         <value>0x4290</value>
         <object_component_ref idref="oc-38e"/>
      </symbol>
      <symbol id="sm-86d">
         <name>_ZN10__cxxabiv123__fundamental_type_infoD0Ev</name>
         <value>0x3639</value>
         <object_component_ref idref="oc-351"/>
      </symbol>
      <symbol id="sm-86e">
         <name>_ZTIN10__cxxabiv117__pbase_type_infoE</name>
         <value>0x4250</value>
         <object_component_ref idref="oc-3bb"/>
      </symbol>
      <symbol id="sm-86f">
         <name>_ZTSe</name>
         <value>0x40a9</value>
         <object_component_ref idref="oc-3b1"/>
      </symbol>
      <symbol id="sm-870">
         <name>_ZNKSt9type_info4nameEv</name>
         <value>0x35ef</value>
         <object_component_ref idref="oc-351"/>
      </symbol>
      <symbol id="sm-871">
         <name>_ZTIN10__cxxabiv117__class_type_infoE</name>
         <value>0x4244</value>
         <object_component_ref idref="oc-363"/>
      </symbol>
      <symbol id="sm-872">
         <name>_ZN10__cxxabiv129__pointer_to_member_type_infoD0Ev</name>
         <value>0x362f</value>
         <object_component_ref idref="oc-351"/>
      </symbol>
      <symbol id="sm-873">
         <name>_ZN10__cxxabiv120__si_class_type_infoD1Ev</name>
         <value>0x364b</value>
         <object_component_ref idref="oc-351"/>
      </symbol>
      <symbol id="sm-874">
         <name>_ZTIN10__cxxabiv120__si_class_type_infoE</name>
         <value>0x4268</value>
         <object_component_ref idref="oc-34c"/>
      </symbol>
      <symbol id="sm-875">
         <name>_ZNSt9type_infoD0Ev</name>
         <value>0x35e7</value>
         <object_component_ref idref="oc-351"/>
      </symbol>
      <symbol id="sm-876">
         <name>_ZN10__cxxabiv120__function_type_infoD0Ev</name>
         <value>0x3657</value>
         <object_component_ref idref="oc-351"/>
      </symbol>
      <symbol id="sm-877">
         <name>_ZN10__cxxabiv117__class_type_infoD0Ev</name>
         <value>0x3675</value>
         <object_component_ref idref="oc-351"/>
      </symbol>
      <symbol id="sm-878">
         <name>_ZTSN10__cxxabiv117__pbase_type_infoE</name>
         <value>0x4087</value>
         <object_component_ref idref="oc-3c5"/>
      </symbol>
      <symbol id="sm-879">
         <name>_ZN10__cxxabiv116__enum_type_infoD0Ev</name>
         <value>0x3689</value>
         <object_component_ref idref="oc-351"/>
      </symbol>
      <symbol id="sm-87a">
         <name>_ZTIe</name>
         <value>0x4298</value>
         <object_component_ref idref="oc-39d"/>
      </symbol>
      <symbol id="sm-87b">
         <name>_ZN10__cxxabiv121__vmi_class_type_infoD0Ev</name>
         <value>0x3643</value>
         <object_component_ref idref="oc-351"/>
      </symbol>
      <symbol id="sm-87c">
         <name>_ZTVN10__cxxabiv120__si_class_type_infoE</name>
         <value>0x419c</value>
         <object_component_ref idref="oc-309"/>
      </symbol>
      <symbol id="sm-87d">
         <name>_ZN10__cxxabiv117__pbase_type_infoD0Ev</name>
         <value>0x366b</value>
         <object_component_ref idref="oc-351"/>
      </symbol>
      <symbol id="sm-87e">
         <name>_ZN10__cxxabiv117__array_type_infoD0Ev</name>
         <value>0x367f</value>
         <object_component_ref idref="oc-351"/>
      </symbol>
      <symbol id="sm-87f">
         <name>_ZSt21__gen_dummy_typeinfosv</name>
         <value>0x35dd</value>
         <object_component_ref idref="oc-351"/>
      </symbol>
      <symbol id="sm-880">
         <name>_ZN10__cxxabiv129__pointer_to_member_type_infoD1Ev</name>
         <value>0x362d</value>
         <object_component_ref idref="oc-351"/>
      </symbol>
      <symbol id="sm-881">
         <name>_ZN10__cxxabiv119__pointer_type_infoD0Ev</name>
         <value>0x3661</value>
         <object_component_ref idref="oc-351"/>
      </symbol>
      <symbol id="sm-882">
         <name>_ZN10__cxxabiv120__si_class_type_infoD0Ev</name>
         <value>0x364d</value>
         <object_component_ref idref="oc-351"/>
      </symbol>
      <symbol id="sm-883">
         <name>_ZTIPKe</name>
         <value>0x416c</value>
         <object_component_ref idref="oc-36e"/>
      </symbol>
      <symbol id="sm-884">
         <name>_ZNKSt9type_infoeqERKS_</name>
         <value>0x3609</value>
         <object_component_ref idref="oc-351"/>
      </symbol>
      <symbol id="sm-88c">
         <name>_new_handler</name>
         <value>0x20001d88</value>
         <object_component_ref idref="oc-174"/>
      </symbol>
      <symbol id="sm-8a5">
         <name>_nop</name>
         <value>0x3b6b</value>
         <object_component_ref idref="oc-14f"/>
      </symbol>
      <symbol id="sm-8a6">
         <name>_lock</name>
         <value>0x20001d7c</value>
         <object_component_ref idref="oc-bb"/>
      </symbol>
      <symbol id="sm-8a7">
         <name>_unlock</name>
         <value>0x20001d80</value>
         <object_component_ref idref="oc-bb"/>
      </symbol>
      <symbol id="sm-8a8">
         <name>_register_lock</name>
         <value>0x3b63</value>
         <object_component_ref idref="oc-14f"/>
      </symbol>
      <symbol id="sm-8a9">
         <name>_register_unlock</name>
         <value>0x3b5d</value>
         <object_component_ref idref="oc-14f"/>
      </symbol>
      <symbol id="sm-8bd">
         <name>_args_main</name>
         <value>0x3b45</value>
         <object_component_ref idref="oc-6b"/>
      </symbol>
      <symbol id="sm-8e2">
         <name>__TI_auto_init</name>
         <value>0x38e5</value>
         <object_component_ref idref="oc-65"/>
      </symbol>
      <symbol id="sm-8fc">
         <name>copy_in</name>
         <value>0x3a69</value>
         <object_component_ref idref="oc-a8"/>
      </symbol>
      <symbol id="sm-906">
         <name>_system_post_cinit</name>
         <value>0x39bf</value>
         <object_component_ref idref="oc-ae"/>
      </symbol>
      <symbol id="sm-907">
         <name>__TI_static_base__</name>
         <value>0x0</value>
      </symbol>
      <symbol id="sm-90a">
         <name>NMI_Handler</name>
         <value>0x3b8b</value>
      </symbol>
      <symbol id="sm-90b">
         <name>HardFault_Handler</name>
         <value>0x3b8b</value>
      </symbol>
      <symbol id="sm-90c">
         <name>MemManage_Handler</name>
         <value>0x3b8b</value>
      </symbol>
      <symbol id="sm-90d">
         <name>BusFault_Handler</name>
         <value>0x3b8b</value>
      </symbol>
      <symbol id="sm-90e">
         <name>UsageFault_Handler</name>
         <value>0x3b8b</value>
      </symbol>
      <symbol id="sm-90f">
         <name>SVC_Handler</name>
         <value>0x3b8b</value>
      </symbol>
      <symbol id="sm-910">
         <name>DebugMon_Handler</name>
         <value>0x3b8b</value>
      </symbol>
      <symbol id="sm-911">
         <name>PendSV_Handler</name>
         <value>0x3b8b</value>
      </symbol>
      <symbol id="sm-912">
         <name>SysTick_Handler</name>
         <value>0x3b8b</value>
      </symbol>
      <symbol id="sm-913">
         <name>PSS_IRQHandler</name>
         <value>0x3b8b</value>
      </symbol>
      <symbol id="sm-914">
         <name>CS_IRQHandler</name>
         <value>0x3b8b</value>
      </symbol>
      <symbol id="sm-915">
         <name>PCM_IRQHandler</name>
         <value>0x3b8b</value>
      </symbol>
      <symbol id="sm-916">
         <name>WDT_A_IRQHandler</name>
         <value>0x3b8b</value>
      </symbol>
      <symbol id="sm-917">
         <name>FPU_IRQHandler</name>
         <value>0x3b8b</value>
      </symbol>
      <symbol id="sm-918">
         <name>FLCTL_IRQHandler</name>
         <value>0x3b8b</value>
      </symbol>
      <symbol id="sm-919">
         <name>COMP_E0_IRQHandler</name>
         <value>0x3b8b</value>
      </symbol>
      <symbol id="sm-91a">
         <name>COMP_E1_IRQHandler</name>
         <value>0x3b8b</value>
      </symbol>
      <symbol id="sm-91b">
         <name>TA0_0_IRQHandler</name>
         <value>0x3b8b</value>
      </symbol>
      <symbol id="sm-91c">
         <name>TA0_N_IRQHandler</name>
         <value>0x3b8b</value>
      </symbol>
      <symbol id="sm-91d">
         <name>TA1_0_IRQHandler</name>
         <value>0x3b8b</value>
      </symbol>
      <symbol id="sm-91e">
         <name>TA1_N_IRQHandler</name>
         <value>0x3b8b</value>
      </symbol>
      <symbol id="sm-91f">
         <name>TA2_0_IRQHandler</name>
         <value>0x3b8b</value>
      </symbol>
      <symbol id="sm-920">
         <name>TA2_N_IRQHandler</name>
         <value>0x3b8b</value>
      </symbol>
      <symbol id="sm-921">
         <name>TA3_0_IRQHandler</name>
         <value>0x3b8b</value>
      </symbol>
      <symbol id="sm-922">
         <name>TA3_N_IRQHandler</name>
         <value>0x3b8b</value>
      </symbol>
      <symbol id="sm-923">
         <name>EUSCIA0_IRQHandler</name>
         <value>0x3b8b</value>
      </symbol>
      <symbol id="sm-924">
         <name>EUSCIA1_IRQHandler</name>
         <value>0x3b8b</value>
      </symbol>
      <symbol id="sm-925">
         <name>EUSCIA2_IRQHandler</name>
         <value>0x3b8b</value>
      </symbol>
      <symbol id="sm-926">
         <name>EUSCIA3_IRQHandler</name>
         <value>0x3b8b</value>
      </symbol>
      <symbol id="sm-927">
         <name>EUSCIB0_IRQHandler</name>
         <value>0x3b8b</value>
      </symbol>
      <symbol id="sm-928">
         <name>EUSCIB1_IRQHandler</name>
         <value>0x3b8b</value>
      </symbol>
      <symbol id="sm-929">
         <name>EUSCIB2_IRQHandler</name>
         <value>0x3b8b</value>
      </symbol>
      <symbol id="sm-92a">
         <name>EUSCIB3_IRQHandler</name>
         <value>0x3b8b</value>
      </symbol>
      <symbol id="sm-92b">
         <name>ADC14_IRQHandler</name>
         <value>0x3b8b</value>
      </symbol>
      <symbol id="sm-92c">
         <name>T32_INT1_IRQHandler</name>
         <value>0x1cf5</value>
      </symbol>
      <symbol id="sm-92d">
         <name>T32_INT2_IRQHandler</name>
         <value>0x3b8b</value>
      </symbol>
      <symbol id="sm-92e">
         <name>T32_INTC_IRQHandler</name>
         <value>0x3b8b</value>
      </symbol>
      <symbol id="sm-92f">
         <name>AES256_IRQHandler</name>
         <value>0x3b8b</value>
      </symbol>
      <symbol id="sm-930">
         <name>RTC_C_IRQHandler</name>
         <value>0x3b8b</value>
      </symbol>
      <symbol id="sm-931">
         <name>DMA_ERR_IRQHandler</name>
         <value>0x3b8b</value>
      </symbol>
      <symbol id="sm-932">
         <name>DMA_INT3_IRQHandler</name>
         <value>0x3b8b</value>
      </symbol>
      <symbol id="sm-933">
         <name>DMA_INT2_IRQHandler</name>
         <value>0x3b8b</value>
      </symbol>
      <symbol id="sm-934">
         <name>DMA_INT1_IRQHandler</name>
         <value>0x3b8b</value>
      </symbol>
      <symbol id="sm-935">
         <name>DMA_INT0_IRQHandler</name>
         <value>0x3b8b</value>
      </symbol>
      <symbol id="sm-936">
         <name>PORT1_IRQHandler</name>
         <value>0x3b8b</value>
      </symbol>
      <symbol id="sm-937">
         <name>PORT2_IRQHandler</name>
         <value>0x3b8b</value>
      </symbol>
      <symbol id="sm-938">
         <name>PORT3_IRQHandler</name>
         <value>0x3b8b</value>
      </symbol>
      <symbol id="sm-939">
         <name>PORT4_IRQHandler</name>
         <value>0x3b8b</value>
      </symbol>
      <symbol id="sm-93a">
         <name>PORT5_IRQHandler</name>
         <value>0x3b8b</value>
      </symbol>
      <symbol id="sm-93b">
         <name>PORT6_IRQHandler</name>
         <value>0x3b8b</value>
      </symbol>
   </symbol_table>
   <title>Link successful</title>
</link_info>
