******************************************************************************
                  TI ARM Linker Unix v15.12.3                  
******************************************************************************
>> Linked Wed Oct  5 21:27:26 2016

OUTPUT FILE NAME:   <EventHandler.out>
ENTRY POINT SYMBOL: "_c_int00"  address: 000016a1


MEMORY CONFIGURATION

         name            origin    length      used     unused   attr    fill
----------------------  --------  ---------  --------  --------  ----  --------
  MAIN                  00000000   00040000  00001b81  0003e47f  R  X
  INFO                  00200000   00004000  00000000  00004000  R  X
  SRAM_CODE             01000000   00010000  0000074c  0000f8b4  RW X
  SRAM_DATA             20000000   00010000  0000074c  0000f8b4  RW  


SEGMENT ALLOCATION MAP

run origin  load origin   length   init length attrs members
----------  ----------- ---------- ----------- ----- -------
00000000    00000000    00001b84   00001b84    r-x
  00000000    00000000    000000e4   000000e4    r-- .intvecs
  000000e4    000000e4    000017be   000017be    r-x .text
  000018a4    000018a4    0000024b   0000024b    r-- .const
  00001af0    00001af0    00000094   00000094    r-- .cinit
20000000    20000000    0000054c   00000000    rw-
  20000000    20000000    000000e4   00000000    rw- .vtable
  200000e4    200000e4    00000004   00000000    rw- .bss
  200000e8    200000e8    00000400   00000000    rw- .sysmem
  200004e8    200004e8    00000064   00000000    rw- .data
2000fe00    2000fe00    00000200   00000000    rw-
  2000fe00    2000fe00    00000200   00000000    rw- .stack


SECTION ALLOCATION MAP

 output                                  attributes/
section   page    origin      length       input sections
--------  ----  ----------  ----------   ----------------
.intvecs   0    00000000    000000e4     
                  00000000    000000e4     startup_msp432p401r_ccs.obj (.intvecs:retain)

.text      0    000000e4    000017be     
                  000000e4    00000480     gpio.obj (.text)
                  00000564    000003f0     interrupt.obj (.text)
                  00000954    000003dc     rtsv7M4_T_le_v4SPD16_eabi.lib : memory.obj (.text)
                  00000d30    0000032c     system_msp432p401r.obj (.text)
                  0000105c    0000024e     Scheduler.obj (.text)
                  000012aa    00000002     rtsv7M4_T_le_v4SPD16_eabi.lib : mpu_init.obj (.text)
                  000012ac    00000144     main.obj (.text)
                  000013f0    000000bc     rtsv7M4_T_le_v4SPD16_eabi.lib : typeinfo_.obj (.text)
                  000014ac    0000009c                                   : memcpy_t2.obj (.text)
                  00001548    0000007a                                   : memset_t2.obj (.text)
                  000015c2    00000002                                   : startup.obj (.text)
                  000015c4    00000070                                   : autoinit.obj (.text)
                  00001634    0000006a                                   : copy_decompress_rle.obj (.text)
                  0000169e    00000002     --HOLE-- [fill = 0]
                  000016a0    00000054                                   : boot.obj (.text)
                  000016f4    00000054                                   : exit.obj (.text)
                  00001748    0000004c                                   : cpy_tbl.obj (.text)
                  00001794    0000003e     cpu.obj (.text)
                  000017d2    00000002     --HOLE-- [fill = 0]
                  000017d4    00000038     LED.obj (.text)
                  0000180c    00000030     Task.obj (.text)
                  0000183c    00000018     rtsv7M4_T_le_v4SPD16_eabi.lib : args_main.obj (.text)
                  00001854    00000014                                   : _lock.obj (.text)
                  00001868    0000000e                                   : copy_decompress_none.obj (.text:decompress:none)
                  00001876    0000000e     startup_msp432p401r_ccs.obj (.text)
                  00001884    0000000c     Task.obj (.text:_ZN4Task3runEv)
                  00001890    00000008     rtsv7M4_T_le_v4SPD16_eabi.lib : delete.obj (.text)
                  00001898    00000006                                   : copy_decompress_rle.obj (.text:decompress:rle24)
                  0000189e    00000004                                   : pre_init.obj (.text)

.const     0    000018a4    0000024b     
                  000018a4    00000050     interrupt.obj (.const:g_pulRegs)
                  000018f4    00000028     rtsv7M4_T_le_v4SPD16_eabi.lib : typeinfo_.obj (.const:.typeinfo:_ZTSN10__cxxabiv123__fundamental_type_infoE)
                  0000191c    00000025                                   : typeinfo_.obj (.const:.typeinfo:_ZTSN10__cxxabiv120__si_class_type_infoE)
                  00001941    00000024                                   : typeinfo_.obj (.const:.typeinfo:_ZTSN10__cxxabiv119__pointer_type_infoE)
                  00001965    00000022                                   : typeinfo_.obj (.const:.typeinfo:_ZTSN10__cxxabiv117__class_type_infoE)
                  00001987    00000022                                   : typeinfo_.obj (.const:.typeinfo:_ZTSN10__cxxabiv117__pbase_type_infoE)
                  000019a9    00000002                                   : typeinfo_.obj (.const:.typeinfo:_ZTSe)
                  000019ab    00000001     --HOLE-- [fill = 0]
                  000019ac    00000020     interrupt.obj (.const:g_pulPriority)
                  000019cc    0000001c     gpio.obj (.const:GPIO_PORT_TO_INT)
                  000019e8    00000010     rtsv7M4_T_le_v4SPD16_eabi.lib : typeinfo_.obj (.const:.typeinfo:_ZTIPKe)
                  000019f8    00000010                                   : typeinfo_.obj (.const:_ZTVN10__cxxabiv117__class_type_infoE)
                  00001a08    00000010                                   : typeinfo_.obj (.const:_ZTVN10__cxxabiv119__pointer_type_infoE)
                  00001a18    00000010                                   : typeinfo_.obj (.const:_ZTVN10__cxxabiv120__si_class_type_infoE)
                  00001a28    00000010                                   : typeinfo_.obj (.const:_ZTVN10__cxxabiv123__fundamental_type_infoE)
                  00001a38    0000000d                                   : typeinfo_.obj (.const:.typeinfo:_ZTSSt9type_info)
                  00001a45    00000003     --HOLE-- [fill = 0]
                  00001a48    0000000c     LED.obj (.const:.typeinfo:_ZTI3LED)
                  00001a54    0000000c     rtsv7M4_T_le_v4SPD16_eabi.lib : typeinfo_.obj (.const:.typeinfo:_ZTIN10__cxxabiv117__class_type_infoE)
                  00001a60    0000000c                                   : typeinfo_.obj (.const:.typeinfo:_ZTIN10__cxxabiv117__pbase_type_infoE)
                  00001a6c    0000000c                                   : typeinfo_.obj (.const:.typeinfo:_ZTIN10__cxxabiv119__pointer_type_infoE)
                  00001a78    0000000c                                   : typeinfo_.obj (.const:.typeinfo:_ZTIN10__cxxabiv120__si_class_type_infoE)
                  00001a84    0000000c                                   : typeinfo_.obj (.const:.typeinfo:_ZTIN10__cxxabiv123__fundamental_type_infoE)
                  00001a90    0000000c     LED.obj (.const:_ZTV3LED)
                  00001a9c    0000000c     Task.obj (.const:_ZTV4Task)
                  00001aa8    00000008     LED.obj (.const:.typeinfo:_ZTI4Task)
                  00001ab0    00000008     rtsv7M4_T_le_v4SPD16_eabi.lib : typeinfo_.obj (.const:.typeinfo:_ZTISt9type_info)
                  00001ab8    00000008                                   : typeinfo_.obj (.const:.typeinfo:_ZTIe)
                  00001ac0    00000008     interrupt.obj (.const:g_pulDisRegs)
                  00001ac8    00000008     interrupt.obj (.const:g_pulEnRegs)
                  00001ad0    00000008     interrupt.obj (.const:g_pulPendRegs)
                  00001ad8    00000008     interrupt.obj (.const:g_pulUnpendRegs)
                  00001ae0    00000006     LED.obj (.const:.typeinfo:_ZTS4Task)
                  00001ae6    00000005     LED.obj (.const:.typeinfo:_ZTS3LED)
                  00001aeb    00000004     rtsv7M4_T_le_v4SPD16_eabi.lib : typeinfo_.obj (.const:.typeinfo:_ZTSPKe)

.cinit     0    00001af0    00000094     
                  00001af0    00000053     (.cinit..data.load) [load image, compression = rle]
                  00001b43    00000005     --HOLE-- [fill = 0]
                  00001b48    00000009     (.cinit..bss.load) [load image, compression = rle]
                  00001b51    00000007     --HOLE-- [fill = 0]
                  00001b58    00000009     (.cinit..vtable.load) [load image, compression = rle]
                  00001b61    00000003     --HOLE-- [fill = 0]
                  00001b64    00000008     (__TI_handler_table)
                  00001b6c    00000018     (__TI_cinit_table)

.init_array 
*          0    00000000    00000000     UNINITIALIZED

.binit     0    00000000    00000000     

.vtable    0    20000000    000000e4     UNINITIALIZED
                  20000000    000000e4     interrupt.obj (.vtable)

.bss       0    200000e4    00000004     UNINITIALIZED
                  200000e4    00000004     (.common:_ZSt16__dummy_typeinfo)

.sysmem    0    200000e8    00000400     UNINITIALIZED
                  200000e8    00000008     rtsv7M4_T_le_v4SPD16_eabi.lib : memory.obj (.sysmem)
                  200000f0    000003f8     --HOLE--

.data      0    200004e8    00000064     UNINITIALIZED
                  200004e8    00000030     gpio.obj (.data:GPIO_PORT_TO_BASE)
                  20000518    0000000c     rtsv7M4_T_le_v4SPD16_eabi.lib : exit.obj (.data:$O1$$)
                  20000524    0000000c                                   : memory.obj (.data:$O1$$)
                  20000530    00000009     main.obj (.data)
                  20000539    00000003     --HOLE--
                  2000053c    00000008     rtsv7M4_T_le_v4SPD16_eabi.lib : _lock.obj (.data:$O1$$)
                  20000544    00000004                                   : stkdepth_vars.obj (.data)
                  20000548    00000004     system_msp432p401r.obj (.data)

.stack     0    2000fe00    00000200     UNINITIALIZED
                  2000fe00    00000200     --HOLE--

MODULE SUMMARY

       Module                        code   ro data   rw data
       ------                        ----   -------   -------
    ./
       system_msp432p401r.obj        812    0         8      
       Scheduler.obj                 590    0         0      
       main.obj                      324    0         18     
       startup_msp432p401r_ccs.obj   14     228       0      
       LED.obj                       56     43        0      
       Task.obj                      60     12        0      
    +--+-----------------------------+------+---------+---------+
       Total:                        1856   283       26     
                                                             
    ./driverlib/MSP432P4xx/
       interrupt.obj                 1008   144       456    
       gpio.obj                      1152   28        96     
       cpu.obj                       62     0         0      
    +--+-----------------------------+------+---------+---------+
       Total:                        2222   172       552    
                                                             
    /home/aglt93/ti/ccsv6/tools/compiler/arm_15.12.3.LTS/lib/rtsv7M4_T_le_v4SPD16_eabi.lib
       memory.obj                    988    0         24     
       typeinfo_.obj                 188    356       8      
       memcpy_t2.obj                 156    0         0      
       memset_t2.obj                 122    0         0      
       autoinit.obj                  112    0         0      
       copy_decompress_rle.obj       112    0         0      
       exit.obj                      84     0         24     
       boot.obj                      84     0         0      
       cpy_tbl.obj                   76     0         0      
       _lock.obj                     20     0         16     
       args_main.obj                 24     0         0      
       copy_decompress_none.obj      14     0         0      
       delete.obj                    8      0         0      
       stkdepth_vars.obj             0      0         8      
       pre_init.obj                  4      0         0      
       mpu_init.obj                  2      0         0      
       startup.obj                   2      0         0      
    +--+-----------------------------+------+---------+---------+
       Total:                        1996   356       80     
                                                             
       Heap:                         0      0         2048   
       Stack:                        0      0         1024   
       Linker Generated:             0      133       0      
    +--+-----------------------------+------+---------+---------+
       Grand Total:                  6074   944       3730   


LINKER GENERATED COPY TABLES

__TI_cinit_table @ 00001b6c records: 3, size/record: 8, table size: 24
	.data: load addr=00001af0, load size=00000053 bytes, run addr=200004e8, run size=00000064 bytes, compression=rle
	.bss: load addr=00001b48, load size=00000009 bytes, run addr=200000e4, run size=00000004 bytes, compression=rle
	.vtable: load addr=00001b58, load size=00000009 bytes, run addr=20000000, run size=000000e4 bytes, compression=rle


LINKER GENERATED HANDLER TABLE

__TI_handler_table @ 00001b64 records: 2, size/record: 4, table size: 8
	index: 0, handler: __TI_decompress_rle24
	index: 1, handler: __TI_decompress_none


GLOBAL SYMBOLS: SORTED ALPHABETICALLY BY Name 

address   name                                              
-------   ----                                              
00001883  ADC14_IRQHandler                                  
00001883  AES256_IRQHandler                                 
00001883  BusFault_Handler                                  
000016f5  C$$EXIT                                           
00001883  COMP_E0_IRQHandler                                
00001883  COMP_E1_IRQHandler                                
000017c9  CPU_basepriGet                                    
000017bb  CPU_basepriSet                                    
00001795  CPU_cpsid                                         
000017ab  CPU_cpsie                                         
000017a1  CPU_primask                                       
000017b7  CPU_wfi                                           
00001883  CS_IRQHandler                                     
00001883  DMA_ERR_IRQHandler                                
00001883  DMA_INT0_IRQHandler                               
00001883  DMA_INT1_IRQHandler                               
00001883  DMA_INT2_IRQHandler                               
00001883  DMA_INT3_IRQHandler                               
00001883  DebugMon_Handler                                  
00001883  Default_Handler                                   
00001883  EUSCIA0_IRQHandler                                
00001883  EUSCIA1_IRQHandler                                
00001883  EUSCIA2_IRQHandler                                
00001883  EUSCIA3_IRQHandler                                
00001883  EUSCIB0_IRQHandler                                
00001883  EUSCIB1_IRQHandler                                
00001883  EUSCIB2_IRQHandler                                
00001883  EUSCIB3_IRQHandler                                
00001883  FLCTL_IRQHandler                                  
00001883  FPU_IRQHandler                                    
00000407  GPIO_clearInterruptFlag                           
000003c7  GPIO_disableInterrupt                             
000003a5  GPIO_enableInterrupt                              
0000045f  GPIO_getEnabledInterruptStatus                    
00000377  GPIO_getInputPinValue                             
000003e9  GPIO_getInterruptStatus                           
00000429  GPIO_interruptEdgeSelect                          
0000051f  GPIO_registerInterrupt                            
0000011f  GPIO_setAsInputPin                                
000002d3  GPIO_setAsInputPinWithPullDownResistor            
00000325  GPIO_setAsInputPinWithPullUpResistor              
000000e5  GPIO_setAsOutputPin                               
000001e9  GPIO_setAsPeripheralModuleFunctionInputPin        
00000165  GPIO_setAsPeripheralModuleFunctionOutputPin       
000004db  GPIO_setDriveStrengthHigh                         
000004fd  GPIO_setDriveStrengthLow                          
0000026d  GPIO_setOutputHighOnPin                           
0000028f  GPIO_setOutputLowOnPin                            
000002b1  GPIO_toggleOutputOnPin                            
0000053f  GPIO_unregisterInterrupt                          
00001883  HardFault_Handler                                 
00000727  Interrupt_disableInterrupt                        
00000577  Interrupt_disableMaster                           
00000925  Interrupt_disableSleepOnIsrExit                   
000006b5  Interrupt_enableInterrupt                         
00000567  Interrupt_enableMaster                            
00000913  Interrupt_enableSleepOnIsrExit                    
0000068f  Interrupt_getPriority                             
00000607  Interrupt_getPriorityGrouping                     
000008f3  Interrupt_getPriorityMask                         
0000090d  Interrupt_getVectorTableAddress                   
00000799  Interrupt_isEnabled                               
00000825  Interrupt_pendInterrupt                           
00000587  Interrupt_registerInterrupt                       
0000063f  Interrupt_setPriority                             
000005ed  Interrupt_setPriorityGrouping                     
000008e3  Interrupt_setPriorityMask                         
000008fd  Interrupt_setVectorTableAddress                   
00000895  Interrupt_unpendInterrupt                         
000005d9  Interrupt_unregisterInterrupt                     
00001883  MemManage_Handler                                 
00001883  NMI_Handler                                       
00001883  PCM_IRQHandler                                    
00001883  PORT1_IRQHandler                                  
00001883  PORT2_IRQHandler                                  
00001883  PORT3_IRQHandler                                  
00001883  PORT4_IRQHandler                                  
00001883  PORT5_IRQHandler                                  
00001883  PORT6_IRQHandler                                  
00001883  PSS_IRQHandler                                    
00001883  PendSV_Handler                                    
00001883  RTC_C_IRQHandler                                  
00001877  Reset_Handler                                     
UNDEFED   SHT$$INIT_ARRAY$$Base                             
UNDEFED   SHT$$INIT_ARRAY$$Limit                            
00001883  SVC_Handler                                       
00001883  SysTick_Handler                                   
20000548  SystemCoreClock                                   
00000d31  SystemCoreClockUpdate                             
00000fa5  SystemInit                                        
0000139d  T32_INT1_IRQHandler                               
0000139d  T32_INT1_IRQHandler                               
00001883  T32_INT2_IRQHandler                               
00001883  T32_INTC_IRQHandler                               
00001883  TA0_0_IRQHandler                                  
00001883  TA0_N_IRQHandler                                  
00001883  TA1_0_IRQHandler                                  
00001883  TA1_N_IRQHandler                                  
00001883  TA2_0_IRQHandler                                  
00001883  TA2_N_IRQHandler                                  
00001883  TA3_0_IRQHandler                                  
00001883  TA3_N_IRQHandler                                  
00001883  UsageFault_Handler                                
4000480c  WDTCTL_SYM                                        
00001883  WDT_A_IRQHandler                                  
00001363  _Z5Setupv                                         
0000149d  _ZN10__cxxabiv116__enum_type_infoD0Ev             
0000149b  _ZN10__cxxabiv116__enum_type_infoD1Ev             
0000149b  _ZN10__cxxabiv116__enum_type_infoD2Ev             
00001493  _ZN10__cxxabiv117__array_type_infoD0Ev            
00001491  _ZN10__cxxabiv117__array_type_infoD1Ev            
00001491  _ZN10__cxxabiv117__array_type_infoD2Ev            
00001489  _ZN10__cxxabiv117__class_type_infoD0Ev            
00001487  _ZN10__cxxabiv117__class_type_infoD1Ev            
00001487  _ZN10__cxxabiv117__class_type_infoD2Ev            
0000147f  _ZN10__cxxabiv117__pbase_type_infoD0Ev            
0000147d  _ZN10__cxxabiv117__pbase_type_infoD1Ev            
0000147d  _ZN10__cxxabiv117__pbase_type_infoD2Ev            
00001475  _ZN10__cxxabiv119__pointer_type_infoD0Ev          
00001473  _ZN10__cxxabiv119__pointer_type_infoD1Ev          
00001473  _ZN10__cxxabiv119__pointer_type_infoD2Ev          
0000146b  _ZN10__cxxabiv120__function_type_infoD0Ev         
00001469  _ZN10__cxxabiv120__function_type_infoD1Ev         
00001469  _ZN10__cxxabiv120__function_type_infoD2Ev         
00001461  _ZN10__cxxabiv120__si_class_type_infoD0Ev         
0000145f  _ZN10__cxxabiv120__si_class_type_infoD1Ev         
0000145f  _ZN10__cxxabiv120__si_class_type_infoD2Ev         
00001457  _ZN10__cxxabiv121__vmi_class_type_infoD0Ev        
00001455  _ZN10__cxxabiv121__vmi_class_type_infoD1Ev        
00001455  _ZN10__cxxabiv121__vmi_class_type_infoD2Ev        
0000144d  _ZN10__cxxabiv123__fundamental_type_infoD0Ev      
0000144b  _ZN10__cxxabiv123__fundamental_type_infoD1Ev      
0000144b  _ZN10__cxxabiv123__fundamental_type_infoD2Ev      
00001443  _ZN10__cxxabiv129__pointer_to_member_type_infoD0Ev
00001441  _ZN10__cxxabiv129__pointer_to_member_type_infoD1Ev
00001441  _ZN10__cxxabiv129__pointer_to_member_type_infoD2Ev
000017f9  _ZN3LED3runEv                                     
000017d5  _ZN3LEDC1Ev                                       
000017d5  _ZN3LEDC2Ev                                       
20000538  _ZN4Task14m_u8NextTaskIDE                         
00001885  _ZN4Task3runEv                                    
0000180d  _ZN4TaskC1Ev                                      
0000180d  _ZN4TaskC2Ev                                      
00001291  _ZN9Scheduler21CalculateNextScheduleEv            
0000129d  _ZN9Scheduler22SortScheduleByPriorityEP4Task      
000011af  _ZN9Scheduler3runEv                               
000010a7  _ZN9Scheduler6attachEP4Task                       
00001127  _ZN9Scheduler6attachEP4Tasky                      
0000105d  _ZN9SchedulerC1Ev                                 
0000105d  _ZN9SchedulerC2Ev                                 
00001403  _ZNKSt9type_info4nameEv                           
00001433  _ZNKSt9type_info6beforeERKS_                      
0000141d  _ZNKSt9type_infoeqERKS_                           
00001407  _ZNKSt9type_infoneERKS_                           
000013fb  _ZNSt9type_infoD0Ev                               
000013f9  _ZNSt9type_infoD1Ev                               
000013f9  _ZNSt9type_infoD2Ev                               
200000e4  _ZSt16__dummy_typeinfo                            
000013f1  _ZSt21__gen_dummy_typeinfosv                      
00001a48  _ZTI3LED                                          
00001aa8  _ZTI4Task                                         
00001a54  _ZTIN10__cxxabiv117__class_type_infoE             
00001a60  _ZTIN10__cxxabiv117__pbase_type_infoE             
00001a6c  _ZTIN10__cxxabiv119__pointer_type_infoE           
00001a78  _ZTIN10__cxxabiv120__si_class_type_infoE          
00001a84  _ZTIN10__cxxabiv123__fundamental_type_infoE       
000019e8  _ZTIPKe                                           
00001ab0  _ZTISt9type_info                                  
00001ab8  _ZTIe                                             
00001ae6  _ZTS3LED                                          
00001ae0  _ZTS4Task                                         
00001965  _ZTSN10__cxxabiv117__class_type_infoE             
00001987  _ZTSN10__cxxabiv117__pbase_type_infoE             
00001941  _ZTSN10__cxxabiv119__pointer_type_infoE           
0000191c  _ZTSN10__cxxabiv120__si_class_type_infoE          
000018f4  _ZTSN10__cxxabiv123__fundamental_type_infoE       
00001aeb  _ZTSPKe                                           
00001a38  _ZTSSt9type_info                                  
000019a9  _ZTSe                                             
00001a90  _ZTV3LED                                          
00001a9c  _ZTV4Task                                         
000019f8  _ZTVN10__cxxabiv117__class_type_infoE             
00001a08  _ZTVN10__cxxabiv119__pointer_type_infoE           
00001a18  _ZTVN10__cxxabiv120__si_class_type_infoE          
00001a28  _ZTVN10__cxxabiv123__fundamental_type_infoE       
00001891  _ZdlPv                                            
20010000  __STACK_END                                       
00000200  __STACK_SIZE                                      
00000400  __SYSMEM_SIZE                                     
00001b6c  __TI_CINIT_Base                                   
00001b84  __TI_CINIT_Limit                                  
00001b64  __TI_Handler_Table_Base                           
00001b6c  __TI_Handler_Table_Limit                          
000015c5  __TI_auto_init                                    
20000518  __TI_cleanup_ptr                                  
00001869  __TI_decompress_none                              
00001899  __TI_decompress_rle24                             
2000051c  __TI_dtors_ptr                                    
20000520  __TI_enable_exit_profile_output                   
ffffffff  __TI_pprof_out_hndl                               
ffffffff  __TI_prof_data_size                               
ffffffff  __TI_prof_data_start                              
00000000  __TI_static_base__                                
00001549  __aeabi_memclr                                    
00001549  __aeabi_memclr4                                   
00001549  __aeabi_memclr8                                   
000014ad  __aeabi_memcpy                                    
000014ad  __aeabi_memcpy4                                   
000014ad  __aeabi_memcpy8                                   
0000154b  __aeabi_memset                                    
0000154b  __aeabi_memset4                                   
0000154b  __aeabi_memset8                                   
ffffffff  __binit__                                         
ffffffff  __c_args__                                        
000012ab  __mpu_init                                        
2000fe00  __stack                                           
0000183d  _args_main                                        
000016a1  _c_int00                                          
2000053c  _lock                                             
00001863  _nop                                              
0000185b  _register_lock                                    
00001855  _register_unlock                                  
200000e8  _sys_memory                                       
000015c3  _system_post_cinit                                
0000189f  _system_pre_init                                  
20000540  _unlock                                           
000016f9  abort                                             
ffffffff  binit                                             
00000cfd  calloc                                            
00001749  copy_in                                           
00001701  exit                                              
00000a4b  free                                              
20000000  g_pfnRAMVectors                                   
00000000  interruptVectors                                  
00001317  main                                              
20000544  main_func_sp                                      
000009e3  malloc                                            
00000c19  memalign                                          
000014ad  memcpy                                            
00001551  memset                                            
00000955  minit                                             
00000b0d  realloc                                           


GLOBAL SYMBOLS: SORTED BY Symbol Address 

address   name                                              
-------   ----                                              
00000000  __TI_static_base__                                
00000000  interruptVectors                                  
000000e5  GPIO_setAsOutputPin                               
0000011f  GPIO_setAsInputPin                                
00000165  GPIO_setAsPeripheralModuleFunctionOutputPin       
000001e9  GPIO_setAsPeripheralModuleFunctionInputPin        
00000200  __STACK_SIZE                                      
0000026d  GPIO_setOutputHighOnPin                           
0000028f  GPIO_setOutputLowOnPin                            
000002b1  GPIO_toggleOutputOnPin                            
000002d3  GPIO_setAsInputPinWithPullDownResistor            
00000325  GPIO_setAsInputPinWithPullUpResistor              
00000377  GPIO_getInputPinValue                             
000003a5  GPIO_enableInterrupt                              
000003c7  GPIO_disableInterrupt                             
000003e9  GPIO_getInterruptStatus                           
00000400  __SYSMEM_SIZE                                     
00000407  GPIO_clearInterruptFlag                           
00000429  GPIO_interruptEdgeSelect                          
0000045f  GPIO_getEnabledInterruptStatus                    
000004db  GPIO_setDriveStrengthHigh                         
000004fd  GPIO_setDriveStrengthLow                          
0000051f  GPIO_registerInterrupt                            
0000053f  GPIO_unregisterInterrupt                          
00000567  Interrupt_enableMaster                            
00000577  Interrupt_disableMaster                           
00000587  Interrupt_registerInterrupt                       
000005d9  Interrupt_unregisterInterrupt                     
000005ed  Interrupt_setPriorityGrouping                     
00000607  Interrupt_getPriorityGrouping                     
0000063f  Interrupt_setPriority                             
0000068f  Interrupt_getPriority                             
000006b5  Interrupt_enableInterrupt                         
00000727  Interrupt_disableInterrupt                        
00000799  Interrupt_isEnabled                               
00000825  Interrupt_pendInterrupt                           
00000895  Interrupt_unpendInterrupt                         
000008e3  Interrupt_setPriorityMask                         
000008f3  Interrupt_getPriorityMask                         
000008fd  Interrupt_setVectorTableAddress                   
0000090d  Interrupt_getVectorTableAddress                   
00000913  Interrupt_enableSleepOnIsrExit                    
00000925  Interrupt_disableSleepOnIsrExit                   
00000955  minit                                             
000009e3  malloc                                            
00000a4b  free                                              
00000b0d  realloc                                           
00000c19  memalign                                          
00000cfd  calloc                                            
00000d31  SystemCoreClockUpdate                             
00000fa5  SystemInit                                        
0000105d  _ZN9SchedulerC1Ev                                 
0000105d  _ZN9SchedulerC2Ev                                 
000010a7  _ZN9Scheduler6attachEP4Task                       
00001127  _ZN9Scheduler6attachEP4Tasky                      
000011af  _ZN9Scheduler3runEv                               
00001291  _ZN9Scheduler21CalculateNextScheduleEv            
0000129d  _ZN9Scheduler22SortScheduleByPriorityEP4Task      
000012ab  __mpu_init                                        
00001317  main                                              
00001363  _Z5Setupv                                         
0000139d  T32_INT1_IRQHandler                               
0000139d  T32_INT1_IRQHandler                               
000013f1  _ZSt21__gen_dummy_typeinfosv                      
000013f9  _ZNSt9type_infoD1Ev                               
000013f9  _ZNSt9type_infoD2Ev                               
000013fb  _ZNSt9type_infoD0Ev                               
00001403  _ZNKSt9type_info4nameEv                           
00001407  _ZNKSt9type_infoneERKS_                           
0000141d  _ZNKSt9type_infoeqERKS_                           
00001433  _ZNKSt9type_info6beforeERKS_                      
00001441  _ZN10__cxxabiv129__pointer_to_member_type_infoD1Ev
00001441  _ZN10__cxxabiv129__pointer_to_member_type_infoD2Ev
00001443  _ZN10__cxxabiv129__pointer_to_member_type_infoD0Ev
0000144b  _ZN10__cxxabiv123__fundamental_type_infoD1Ev      
0000144b  _ZN10__cxxabiv123__fundamental_type_infoD2Ev      
0000144d  _ZN10__cxxabiv123__fundamental_type_infoD0Ev      
00001455  _ZN10__cxxabiv121__vmi_class_type_infoD1Ev        
00001455  _ZN10__cxxabiv121__vmi_class_type_infoD2Ev        
00001457  _ZN10__cxxabiv121__vmi_class_type_infoD0Ev        
0000145f  _ZN10__cxxabiv120__si_class_type_infoD1Ev         
0000145f  _ZN10__cxxabiv120__si_class_type_infoD2Ev         
00001461  _ZN10__cxxabiv120__si_class_type_infoD0Ev         
00001469  _ZN10__cxxabiv120__function_type_infoD1Ev         
00001469  _ZN10__cxxabiv120__function_type_infoD2Ev         
0000146b  _ZN10__cxxabiv120__function_type_infoD0Ev         
00001473  _ZN10__cxxabiv119__pointer_type_infoD1Ev          
00001473  _ZN10__cxxabiv119__pointer_type_infoD2Ev          
00001475  _ZN10__cxxabiv119__pointer_type_infoD0Ev          
0000147d  _ZN10__cxxabiv117__pbase_type_infoD1Ev            
0000147d  _ZN10__cxxabiv117__pbase_type_infoD2Ev            
0000147f  _ZN10__cxxabiv117__pbase_type_infoD0Ev            
00001487  _ZN10__cxxabiv117__class_type_infoD1Ev            
00001487  _ZN10__cxxabiv117__class_type_infoD2Ev            
00001489  _ZN10__cxxabiv117__class_type_infoD0Ev            
00001491  _ZN10__cxxabiv117__array_type_infoD1Ev            
00001491  _ZN10__cxxabiv117__array_type_infoD2Ev            
00001493  _ZN10__cxxabiv117__array_type_infoD0Ev            
0000149b  _ZN10__cxxabiv116__enum_type_infoD1Ev             
0000149b  _ZN10__cxxabiv116__enum_type_infoD2Ev             
0000149d  _ZN10__cxxabiv116__enum_type_infoD0Ev             
000014ad  __aeabi_memcpy                                    
000014ad  __aeabi_memcpy4                                   
000014ad  __aeabi_memcpy8                                   
000014ad  memcpy                                            
00001549  __aeabi_memclr                                    
00001549  __aeabi_memclr4                                   
00001549  __aeabi_memclr8                                   
0000154b  __aeabi_memset                                    
0000154b  __aeabi_memset4                                   
0000154b  __aeabi_memset8                                   
00001551  memset                                            
000015c3  _system_post_cinit                                
000015c5  __TI_auto_init                                    
000016a1  _c_int00                                          
000016f5  C$$EXIT                                           
000016f9  abort                                             
00001701  exit                                              
00001749  copy_in                                           
00001795  CPU_cpsid                                         
000017a1  CPU_primask                                       
000017ab  CPU_cpsie                                         
000017b7  CPU_wfi                                           
000017bb  CPU_basepriSet                                    
000017c9  CPU_basepriGet                                    
000017d5  _ZN3LEDC1Ev                                       
000017d5  _ZN3LEDC2Ev                                       
000017f9  _ZN3LED3runEv                                     
0000180d  _ZN4TaskC1Ev                                      
0000180d  _ZN4TaskC2Ev                                      
0000183d  _args_main                                        
00001855  _register_unlock                                  
0000185b  _register_lock                                    
00001863  _nop                                              
00001869  __TI_decompress_none                              
00001877  Reset_Handler                                     
00001883  ADC14_IRQHandler                                  
00001883  AES256_IRQHandler                                 
00001883  BusFault_Handler                                  
00001883  COMP_E0_IRQHandler                                
00001883  COMP_E1_IRQHandler                                
00001883  CS_IRQHandler                                     
00001883  DMA_ERR_IRQHandler                                
00001883  DMA_INT0_IRQHandler                               
00001883  DMA_INT1_IRQHandler                               
00001883  DMA_INT2_IRQHandler                               
00001883  DMA_INT3_IRQHandler                               
00001883  DebugMon_Handler                                  
00001883  Default_Handler                                   
00001883  EUSCIA0_IRQHandler                                
00001883  EUSCIA1_IRQHandler                                
00001883  EUSCIA2_IRQHandler                                
00001883  EUSCIA3_IRQHandler                                
00001883  EUSCIB0_IRQHandler                                
00001883  EUSCIB1_IRQHandler                                
00001883  EUSCIB2_IRQHandler                                
00001883  EUSCIB3_IRQHandler                                
00001883  FLCTL_IRQHandler                                  
00001883  FPU_IRQHandler                                    
00001883  HardFault_Handler                                 
00001883  MemManage_Handler                                 
00001883  NMI_Handler                                       
00001883  PCM_IRQHandler                                    
00001883  PORT1_IRQHandler                                  
00001883  PORT2_IRQHandler                                  
00001883  PORT3_IRQHandler                                  
00001883  PORT4_IRQHandler                                  
00001883  PORT5_IRQHandler                                  
00001883  PORT6_IRQHandler                                  
00001883  PSS_IRQHandler                                    
00001883  PendSV_Handler                                    
00001883  RTC_C_IRQHandler                                  
00001883  SVC_Handler                                       
00001883  SysTick_Handler                                   
00001883  T32_INT2_IRQHandler                               
00001883  T32_INTC_IRQHandler                               
00001883  TA0_0_IRQHandler                                  
00001883  TA0_N_IRQHandler                                  
00001883  TA1_0_IRQHandler                                  
00001883  TA1_N_IRQHandler                                  
00001883  TA2_0_IRQHandler                                  
00001883  TA2_N_IRQHandler                                  
00001883  TA3_0_IRQHandler                                  
00001883  TA3_N_IRQHandler                                  
00001883  UsageFault_Handler                                
00001883  WDT_A_IRQHandler                                  
00001885  _ZN4Task3runEv                                    
00001891  _ZdlPv                                            
00001899  __TI_decompress_rle24                             
0000189f  _system_pre_init                                  
000018f4  _ZTSN10__cxxabiv123__fundamental_type_infoE       
0000191c  _ZTSN10__cxxabiv120__si_class_type_infoE          
00001941  _ZTSN10__cxxabiv119__pointer_type_infoE           
00001965  _ZTSN10__cxxabiv117__class_type_infoE             
00001987  _ZTSN10__cxxabiv117__pbase_type_infoE             
000019a9  _ZTSe                                             
000019e8  _ZTIPKe                                           
000019f8  _ZTVN10__cxxabiv117__class_type_infoE             
00001a08  _ZTVN10__cxxabiv119__pointer_type_infoE           
00001a18  _ZTVN10__cxxabiv120__si_class_type_infoE          
00001a28  _ZTVN10__cxxabiv123__fundamental_type_infoE       
00001a38  _ZTSSt9type_info                                  
00001a48  _ZTI3LED                                          
00001a54  _ZTIN10__cxxabiv117__class_type_infoE             
00001a60  _ZTIN10__cxxabiv117__pbase_type_infoE             
00001a6c  _ZTIN10__cxxabiv119__pointer_type_infoE           
00001a78  _ZTIN10__cxxabiv120__si_class_type_infoE          
00001a84  _ZTIN10__cxxabiv123__fundamental_type_infoE       
00001a90  _ZTV3LED                                          
00001a9c  _ZTV4Task                                         
00001aa8  _ZTI4Task                                         
00001ab0  _ZTISt9type_info                                  
00001ab8  _ZTIe                                             
00001ae0  _ZTS4Task                                         
00001ae6  _ZTS3LED                                          
00001aeb  _ZTSPKe                                           
00001b64  __TI_Handler_Table_Base                           
00001b6c  __TI_CINIT_Base                                   
00001b6c  __TI_Handler_Table_Limit                          
00001b84  __TI_CINIT_Limit                                  
20000000  g_pfnRAMVectors                                   
200000e4  _ZSt16__dummy_typeinfo                            
200000e8  _sys_memory                                       
20000518  __TI_cleanup_ptr                                  
2000051c  __TI_dtors_ptr                                    
20000520  __TI_enable_exit_profile_output                   
20000538  _ZN4Task14m_u8NextTaskIDE                         
2000053c  _lock                                             
20000540  _unlock                                           
20000544  main_func_sp                                      
20000548  SystemCoreClock                                   
2000fe00  __stack                                           
20010000  __STACK_END                                       
4000480c  WDTCTL_SYM                                        
ffffffff  __TI_pprof_out_hndl                               
ffffffff  __TI_prof_data_size                               
ffffffff  __TI_prof_data_start                              
ffffffff  __binit__                                         
ffffffff  __c_args__                                        
ffffffff  binit                                             
UNDEFED   SHT$$INIT_ARRAY$$Base                             
UNDEFED   SHT$$INIT_ARRAY$$Limit                            

[242 symbols]
