******************************************************************************
                  TI ARM Linker Unix v15.12.3                  
******************************************************************************
>> Linked Wed Oct 26 20:53:07 2016

OUTPUT FILE NAME:   <EventHandler.out>
ENTRY POINT SYMBOL: "_c_int00"  address: 00001855


MEMORY CONFIGURATION

         name            origin    length      used     unused   attr    fill
----------------------  --------  ---------  --------  --------  ----  --------
  MAIN                  00000000   00040000  00001ccd  0003e333  R  X
  INFO                  00200000   00004000  00000000  00004000  R  X
  SRAM_CODE             01000000   00010000  0000074c  0000f8b4  RW X
  SRAM_DATA             20000000   00010000  0000074c  0000f8b4  RW  


SEGMENT ALLOCATION MAP

run origin  load origin   length   init length attrs members
----------  ----------- ---------- ----------- ----- -------
00000000    00000000    00001cd4   00001cd4    r-x
  00000000    00000000    000000e4   000000e4    r-- .intvecs
  000000e4    000000e4    0000190a   0000190a    r-x .text
  000019f0    000019f0    0000024b   0000024b    r-- .const
  00001c40    00001c40    00000094   00000094    r-- .cinit
20000000    20000000    0000054c   00000000    rw-
  20000000    20000000    000000e4   00000000    rw- .vtable
  200000e4    200000e4    00000004   00000000    rw- .bss
  200000e8    200000e8    00000400   00000000    rw- .sysmem
  200004e8    200004e8    00000064   00000000    rw- .data
2000fe00    2000fe00    00000200   00000000    rw-
  2000fe00    2000fe00    00000200   00000000    rw- .stack


SECTION ALLOCATION MAP

 output                                  attributes/
section   page    origin      length       input sections
--------  ----  ----------  ----------   ----------------
.intvecs   0    00000000    000000e4     
                  00000000    000000e4     startup_msp432p401r_ccs.obj (.intvecs:retain)

.text      0    000000e4    0000190a     
                  000000e4    00000480     gpio.obj (.text)
                  00000564    000003f0     interrupt.obj (.text)
                  00000954    000003dc     rtsv7M4_T_le_v4SPD16_eabi.lib : memory.obj (.text)
                  00000d30    0000032c     system_msp432p401r.obj (.text)
                  0000105c    00000238     Scheduler.obj (.text)
                  00001294    000001c0     main.obj (.text)
                  00001454    000000c4     LED.obj (.text)
                  00001518    000000bc     rtsv7M4_T_le_v4SPD16_eabi.lib : typeinfo_.obj (.text)
                  000015d4    0000009c                                   : memcpy_t2.obj (.text)
                  00001670    0000008c     Task.obj (.text)
                  000016fc    0000007a     rtsv7M4_T_le_v4SPD16_eabi.lib : memset_t2.obj (.text)
                  00001776    00000002                                   : mpu_init.obj (.text)
                  00001778    00000070                                   : autoinit.obj (.text)
                  000017e8    0000006a                                   : copy_decompress_rle.obj (.text)
                  00001852    00000002                                   : startup.obj (.text)
                  00001854    00000054                                   : boot.obj (.text)
                  000018a8    00000054                                   : exit.obj (.text)
                  000018fc    0000004c                                   : cpy_tbl.obj (.text)
                  00001948    0000003e     cpu.obj (.text)
                  00001986    00000002     --HOLE-- [fill = 0]
                  00001988    00000018     rtsv7M4_T_le_v4SPD16_eabi.lib : args_main.obj (.text)
                  000019a0    00000014                                   : _lock.obj (.text)
                  000019b4    0000000e                                   : copy_decompress_none.obj (.text:decompress:none)
                  000019c2    0000000e     startup_msp432p401r_ccs.obj (.text)
                  000019d0    0000000c     Task.obj (.text:_ZN4Task3runEv)
                  000019dc    00000008     rtsv7M4_T_le_v4SPD16_eabi.lib : delete.obj (.text)
                  000019e4    00000006                                   : copy_decompress_rle.obj (.text:decompress:rle24)
                  000019ea    00000004                                   : pre_init.obj (.text)

.const     0    000019f0    0000024b     
                  000019f0    00000050     interrupt.obj (.const:g_pulRegs)
                  00001a40    00000028     rtsv7M4_T_le_v4SPD16_eabi.lib : typeinfo_.obj (.const:.typeinfo:_ZTSN10__cxxabiv123__fundamental_type_infoE)
                  00001a68    00000025                                   : typeinfo_.obj (.const:.typeinfo:_ZTSN10__cxxabiv120__si_class_type_infoE)
                  00001a8d    00000024                                   : typeinfo_.obj (.const:.typeinfo:_ZTSN10__cxxabiv119__pointer_type_infoE)
                  00001ab1    00000022                                   : typeinfo_.obj (.const:.typeinfo:_ZTSN10__cxxabiv117__class_type_infoE)
                  00001ad3    00000022                                   : typeinfo_.obj (.const:.typeinfo:_ZTSN10__cxxabiv117__pbase_type_infoE)
                  00001af5    00000002                                   : typeinfo_.obj (.const:.typeinfo:_ZTSe)
                  00001af7    00000001     --HOLE-- [fill = 0]
                  00001af8    00000020     interrupt.obj (.const:g_pulPriority)
                  00001b18    0000001c     gpio.obj (.const:GPIO_PORT_TO_INT)
                  00001b34    00000010     rtsv7M4_T_le_v4SPD16_eabi.lib : typeinfo_.obj (.const:.typeinfo:_ZTIPKe)
                  00001b44    00000010                                   : typeinfo_.obj (.const:_ZTVN10__cxxabiv117__class_type_infoE)
                  00001b54    00000010                                   : typeinfo_.obj (.const:_ZTVN10__cxxabiv119__pointer_type_infoE)
                  00001b64    00000010                                   : typeinfo_.obj (.const:_ZTVN10__cxxabiv120__si_class_type_infoE)
                  00001b74    00000010                                   : typeinfo_.obj (.const:_ZTVN10__cxxabiv123__fundamental_type_infoE)
                  00001b84    0000000d                                   : typeinfo_.obj (.const:.typeinfo:_ZTSSt9type_info)
                  00001b91    00000003     --HOLE-- [fill = 0]
                  00001b94    0000000c     LED.obj (.const:.typeinfo:_ZTI3LED)
                  00001ba0    0000000c     rtsv7M4_T_le_v4SPD16_eabi.lib : typeinfo_.obj (.const:.typeinfo:_ZTIN10__cxxabiv117__class_type_infoE)
                  00001bac    0000000c                                   : typeinfo_.obj (.const:.typeinfo:_ZTIN10__cxxabiv117__pbase_type_infoE)
                  00001bb8    0000000c                                   : typeinfo_.obj (.const:.typeinfo:_ZTIN10__cxxabiv119__pointer_type_infoE)
                  00001bc4    0000000c                                   : typeinfo_.obj (.const:.typeinfo:_ZTIN10__cxxabiv120__si_class_type_infoE)
                  00001bd0    0000000c                                   : typeinfo_.obj (.const:.typeinfo:_ZTIN10__cxxabiv123__fundamental_type_infoE)
                  00001bdc    0000000c     LED.obj (.const:_ZTV3LED)
                  00001be8    0000000c     Task.obj (.const:_ZTV4Task)
                  00001bf4    00000008     LED.obj (.const:.typeinfo:_ZTI4Task)
                  00001bfc    00000008     rtsv7M4_T_le_v4SPD16_eabi.lib : typeinfo_.obj (.const:.typeinfo:_ZTISt9type_info)
                  00001c04    00000008                                   : typeinfo_.obj (.const:.typeinfo:_ZTIe)
                  00001c0c    00000008     interrupt.obj (.const:g_pulDisRegs)
                  00001c14    00000008     interrupt.obj (.const:g_pulEnRegs)
                  00001c1c    00000008     interrupt.obj (.const:g_pulPendRegs)
                  00001c24    00000008     interrupt.obj (.const:g_pulUnpendRegs)
                  00001c2c    00000006     LED.obj (.const:.typeinfo:_ZTS4Task)
                  00001c32    00000005     LED.obj (.const:.typeinfo:_ZTS3LED)
                  00001c37    00000004     rtsv7M4_T_le_v4SPD16_eabi.lib : typeinfo_.obj (.const:.typeinfo:_ZTSPKe)

.cinit     0    00001c40    00000094     
                  00001c40    00000053     (.cinit..data.load) [load image, compression = rle]
                  00001c93    00000005     --HOLE-- [fill = 0]
                  00001c98    00000009     (.cinit..bss.load) [load image, compression = rle]
                  00001ca1    00000007     --HOLE-- [fill = 0]
                  00001ca8    00000009     (.cinit..vtable.load) [load image, compression = rle]
                  00001cb1    00000003     --HOLE-- [fill = 0]
                  00001cb4    00000008     (__TI_handler_table)
                  00001cbc    00000018     (__TI_cinit_table)

.init_array 
*          0    00000000    00000000     UNINITIALIZED

.binit     0    00000000    00000000     

.vtable    0    20000000    000000e4     UNINITIALIZED
                  20000000    000000e4     interrupt.obj (.vtable)

.bss       0    200000e4    00000004     UNINITIALIZED
                  200000e4    00000004     (.common:_ZSt16__dummy_typeinfo)

.sysmem    0    200000e8    00000400     UNINITIALIZED
                  200000e8    00000008     rtsv7M4_T_le_v4SPD16_eabi.lib : memory.obj (.sysmem)
                  200000f0    000003f8     --HOLE--

.data      0    200004e8    00000064     UNINITIALIZED
                  200004e8    00000030     gpio.obj (.data:GPIO_PORT_TO_BASE)
                  20000518    0000000c     rtsv7M4_T_le_v4SPD16_eabi.lib : exit.obj (.data:$O1$$)
                  20000524    0000000c                                   : memory.obj (.data:$O1$$)
                  20000530    00000009     main.obj (.data)
                  20000539    00000003     --HOLE--
                  2000053c    00000008     rtsv7M4_T_le_v4SPD16_eabi.lib : _lock.obj (.data:$O1$$)
                  20000544    00000004                                   : stkdepth_vars.obj (.data)
                  20000548    00000004     system_msp432p401r.obj (.data)

.stack     0    2000fe00    00000200     UNINITIALIZED
                  2000fe00    00000200     --HOLE--

MODULE SUMMARY

       Module                        code   ro data   rw data
       ------                        ----   -------   -------
    ./
       system_msp432p401r.obj        812    0         8      
       Scheduler.obj                 568    0         0      
       main.obj                      448    0         18     
       startup_msp432p401r_ccs.obj   14     228       0      
       LED.obj                       196    43        0      
       Task.obj                      152    12        0      
    +--+-----------------------------+------+---------+---------+
       Total:                        2190   283       26     
                                                             
    ./driverlib/MSP432P4xx/
       interrupt.obj                 1008   144       456    
       gpio.obj                      1152   28        96     
       cpu.obj                       62     0         0      
    +--+-----------------------------+------+---------+---------+
       Total:                        2222   172       552    
                                                             
    /opt/ti/ccsv6/tools/compiler/arm_15.12.3.LTS/lib/rtsv7M4_T_le_v4SPD16_eabi.lib
       memory.obj                    988    0         24     
       typeinfo_.obj                 188    356       8      
       memcpy_t2.obj                 156    0         0      
       memset_t2.obj                 122    0         0      
       autoinit.obj                  112    0         0      
       copy_decompress_rle.obj       112    0         0      
       exit.obj                      84     0         24     
       boot.obj                      84     0         0      
       cpy_tbl.obj                   76     0         0      
       _lock.obj                     20     0         16     
       args_main.obj                 24     0         0      
       copy_decompress_none.obj      14     0         0      
       delete.obj                    8      0         0      
       stkdepth_vars.obj             0      0         8      
       pre_init.obj                  4      0         0      
       mpu_init.obj                  2      0         0      
       startup.obj                   2      0         0      
    +--+-----------------------------+------+---------+---------+
       Total:                        1996   356       80     
                                                             
       Heap:                         0      0         2048   
       Stack:                        0      0         1024   
       Linker Generated:             0      133       0      
    +--+-----------------------------+------+---------+---------+
       Grand Total:                  6408   944       3730   


LINKER GENERATED COPY TABLES

__TI_cinit_table @ 00001cbc records: 3, size/record: 8, table size: 24
	.data: load addr=00001c40, load size=00000053 bytes, run addr=200004e8, run size=00000064 bytes, compression=rle
	.bss: load addr=00001c98, load size=00000009 bytes, run addr=200000e4, run size=00000004 bytes, compression=rle
	.vtable: load addr=00001ca8, load size=00000009 bytes, run addr=20000000, run size=000000e4 bytes, compression=rle


LINKER GENERATED HANDLER TABLE

__TI_handler_table @ 00001cb4 records: 2, size/record: 4, table size: 8
	index: 0, handler: __TI_decompress_rle24
	index: 1, handler: __TI_decompress_none


GLOBAL SYMBOLS: SORTED ALPHABETICALLY BY Name 

address   name                                              
-------   ----                                              
000019cf  ADC14_IRQHandler                                  
000019cf  AES256_IRQHandler                                 
0000137d  BUTTON_ISR                                        
000019cf  BusFault_Handler                                  
000018a9  C$$EXIT                                           
000019cf  COMP_E0_IRQHandler                                
000019cf  COMP_E1_IRQHandler                                
0000197d  CPU_basepriGet                                    
0000196f  CPU_basepriSet                                    
00001949  CPU_cpsid                                         
0000195f  CPU_cpsie                                         
00001955  CPU_primask                                       
0000196b  CPU_wfi                                           
000019cf  CS_IRQHandler                                     
000019cf  DMA_ERR_IRQHandler                                
000019cf  DMA_INT0_IRQHandler                               
000019cf  DMA_INT1_IRQHandler                               
000019cf  DMA_INT2_IRQHandler                               
000019cf  DMA_INT3_IRQHandler                               
000019cf  DebugMon_Handler                                  
000019cf  Default_Handler                                   
000019cf  EUSCIA0_IRQHandler                                
000019cf  EUSCIA1_IRQHandler                                
000019cf  EUSCIA2_IRQHandler                                
000019cf  EUSCIA3_IRQHandler                                
000019cf  EUSCIB0_IRQHandler                                
000019cf  EUSCIB1_IRQHandler                                
000019cf  EUSCIB2_IRQHandler                                
000019cf  EUSCIB3_IRQHandler                                
000019cf  FLCTL_IRQHandler                                  
000019cf  FPU_IRQHandler                                    
00000407  GPIO_clearInterruptFlag                           
000003c7  GPIO_disableInterrupt                             
000003a5  GPIO_enableInterrupt                              
0000045f  GPIO_getEnabledInterruptStatus                    
00000377  GPIO_getInputPinValue                             
000003e9  GPIO_getInterruptStatus                           
00000429  GPIO_interruptEdgeSelect                          
0000051f  GPIO_registerInterrupt                            
0000011f  GPIO_setAsInputPin                                
000002d3  GPIO_setAsInputPinWithPullDownResistor            
00000325  GPIO_setAsInputPinWithPullUpResistor              
000000e5  GPIO_setAsOutputPin                               
000001e9  GPIO_setAsPeripheralModuleFunctionInputPin        
00000165  GPIO_setAsPeripheralModuleFunctionOutputPin       
000004db  GPIO_setDriveStrengthHigh                         
000004fd  GPIO_setDriveStrengthLow                          
0000026d  GPIO_setOutputHighOnPin                           
0000028f  GPIO_setOutputLowOnPin                            
000002b1  GPIO_toggleOutputOnPin                            
0000053f  GPIO_unregisterInterrupt                          
000019cf  HardFault_Handler                                 
00000727  Interrupt_disableInterrupt                        
00000577  Interrupt_disableMaster                           
00000925  Interrupt_disableSleepOnIsrExit                   
000006b5  Interrupt_enableInterrupt                         
00000567  Interrupt_enableMaster                            
00000913  Interrupt_enableSleepOnIsrExit                    
0000068f  Interrupt_getPriority                             
00000607  Interrupt_getPriorityGrouping                     
000008f3  Interrupt_getPriorityMask                         
0000090d  Interrupt_getVectorTableAddress                   
00000799  Interrupt_isEnabled                               
00000825  Interrupt_pendInterrupt                           
00000587  Interrupt_registerInterrupt                       
0000063f  Interrupt_setPriority                             
000005ed  Interrupt_setPriorityGrouping                     
000008e3  Interrupt_setPriorityMask                         
000008fd  Interrupt_setVectorTableAddress                   
00000895  Interrupt_unpendInterrupt                         
000005d9  Interrupt_unregisterInterrupt                     
000019cf  MemManage_Handler                                 
000019cf  NMI_Handler                                       
000019cf  PCM_IRQHandler                                    
000019cf  PORT1_IRQHandler                                  
000019cf  PORT2_IRQHandler                                  
000019cf  PORT3_IRQHandler                                  
000019cf  PORT4_IRQHandler                                  
000019cf  PORT5_IRQHandler                                  
000019cf  PORT6_IRQHandler                                  
000019cf  PSS_IRQHandler                                    
000019cf  PendSV_Handler                                    
000019cf  RTC_C_IRQHandler                                  
000019c3  Reset_Handler                                     
UNDEFED   SHT$$INIT_ARRAY$$Base                             
UNDEFED   SHT$$INIT_ARRAY$$Limit                            
000019cf  SVC_Handler                                       
000019cf  SysTick_Handler                                   
20000548  SystemCoreClock                                   
00000d31  SystemCoreClockUpdate                             
00000fa5  SystemInit                                        
000013ff  T32_INT1_IRQHandler                               
000013ff  T32_INT1_IRQHandler                               
000019cf  T32_INT2_IRQHandler                               
000019cf  T32_INTC_IRQHandler                               
000019cf  TA0_0_IRQHandler                                  
000019cf  TA0_N_IRQHandler                                  
000019cf  TA1_0_IRQHandler                                  
000019cf  TA1_N_IRQHandler                                  
000019cf  TA2_0_IRQHandler                                  
000019cf  TA2_N_IRQHandler                                  
000019cf  TA3_0_IRQHandler                                  
000019cf  TA3_N_IRQHandler                                  
000019cf  UsageFault_Handler                                
4000480c  WDTCTL_SYM                                        
000019cf  WDT_A_IRQHandler                                  
0000139b  _Z5Setupv                                         
000015c5  _ZN10__cxxabiv116__enum_type_infoD0Ev             
000015c3  _ZN10__cxxabiv116__enum_type_infoD1Ev             
000015c3  _ZN10__cxxabiv116__enum_type_infoD2Ev             
000015bb  _ZN10__cxxabiv117__array_type_infoD0Ev            
000015b9  _ZN10__cxxabiv117__array_type_infoD1Ev            
000015b9  _ZN10__cxxabiv117__array_type_infoD2Ev            
000015b1  _ZN10__cxxabiv117__class_type_infoD0Ev            
000015af  _ZN10__cxxabiv117__class_type_infoD1Ev            
000015af  _ZN10__cxxabiv117__class_type_infoD2Ev            
000015a7  _ZN10__cxxabiv117__pbase_type_infoD0Ev            
000015a5  _ZN10__cxxabiv117__pbase_type_infoD1Ev            
000015a5  _ZN10__cxxabiv117__pbase_type_infoD2Ev            
0000159d  _ZN10__cxxabiv119__pointer_type_infoD0Ev          
0000159b  _ZN10__cxxabiv119__pointer_type_infoD1Ev          
0000159b  _ZN10__cxxabiv119__pointer_type_infoD2Ev          
00001593  _ZN10__cxxabiv120__function_type_infoD0Ev         
00001591  _ZN10__cxxabiv120__function_type_infoD1Ev         
00001591  _ZN10__cxxabiv120__function_type_infoD2Ev         
00001589  _ZN10__cxxabiv120__si_class_type_infoD0Ev         
00001587  _ZN10__cxxabiv120__si_class_type_infoD1Ev         
00001587  _ZN10__cxxabiv120__si_class_type_infoD2Ev         
0000157f  _ZN10__cxxabiv121__vmi_class_type_infoD0Ev        
0000157d  _ZN10__cxxabiv121__vmi_class_type_infoD1Ev        
0000157d  _ZN10__cxxabiv121__vmi_class_type_infoD2Ev        
00001575  _ZN10__cxxabiv123__fundamental_type_infoD0Ev      
00001573  _ZN10__cxxabiv123__fundamental_type_infoD1Ev      
00001573  _ZN10__cxxabiv123__fundamental_type_infoD2Ev      
0000156b  _ZN10__cxxabiv129__pointer_to_member_type_infoD0Ev
00001569  _ZN10__cxxabiv129__pointer_to_member_type_infoD1Ev
00001569  _ZN10__cxxabiv129__pointer_to_member_type_infoD2Ev
00001501  _ZN3LED3runEv                                     
00001455  _ZN3LEDC1Eii                                      
000014a9  _ZN3LEDC1Eiiy                                     
00001455  _ZN3LEDC2Eii                                      
000014a9  _ZN3LEDC2Eiiy                                     
20000538  _ZN4Task14m_u8NextTaskIDE                         
000016e5  _ZN4Task17GetTaskFinalCountEv                     
000016b7  _ZN4Task17SetTaskFinalCountEy                     
000016d5  _ZN4Task19GetTaskCurrentCountEv                   
00001699  _ZN4Task19SetTaskCurrentCountEy                   
000019d1  _ZN4Task3runEv                                    
00001671  _ZN4TaskC1Ev                                      
00001671  _ZN4TaskC2Ev                                      
000011a7  _ZN9Scheduler21CalculateNextScheduleEv            
00001287  _ZN9Scheduler22SortScheduleByPriorityEP4Task      
00001143  _ZN9Scheduler3runEv                               
000010a3  _ZN9Scheduler6attachEP4Task                       
000010ef  _ZN9Scheduler6attachEP4Tasky                      
0000105d  _ZN9SchedulerC1Ev                                 
0000105d  _ZN9SchedulerC2Ev                                 
0000152b  _ZNKSt9type_info4nameEv                           
0000155b  _ZNKSt9type_info6beforeERKS_                      
00001545  _ZNKSt9type_infoeqERKS_                           
0000152f  _ZNKSt9type_infoneERKS_                           
00001523  _ZNSt9type_infoD0Ev                               
00001521  _ZNSt9type_infoD1Ev                               
00001521  _ZNSt9type_infoD2Ev                               
200000e4  _ZSt16__dummy_typeinfo                            
00001519  _ZSt21__gen_dummy_typeinfosv                      
00001b94  _ZTI3LED                                          
00001bf4  _ZTI4Task                                         
00001ba0  _ZTIN10__cxxabiv117__class_type_infoE             
00001bac  _ZTIN10__cxxabiv117__pbase_type_infoE             
00001bb8  _ZTIN10__cxxabiv119__pointer_type_infoE           
00001bc4  _ZTIN10__cxxabiv120__si_class_type_infoE          
00001bd0  _ZTIN10__cxxabiv123__fundamental_type_infoE       
00001b34  _ZTIPKe                                           
00001bfc  _ZTISt9type_info                                  
00001c04  _ZTIe                                             
00001c32  _ZTS3LED                                          
00001c2c  _ZTS4Task                                         
00001ab1  _ZTSN10__cxxabiv117__class_type_infoE             
00001ad3  _ZTSN10__cxxabiv117__pbase_type_infoE             
00001a8d  _ZTSN10__cxxabiv119__pointer_type_infoE           
00001a68  _ZTSN10__cxxabiv120__si_class_type_infoE          
00001a40  _ZTSN10__cxxabiv123__fundamental_type_infoE       
00001c37  _ZTSPKe                                           
00001b84  _ZTSSt9type_info                                  
00001af5  _ZTSe                                             
00001bdc  _ZTV3LED                                          
00001be8  _ZTV4Task                                         
00001b44  _ZTVN10__cxxabiv117__class_type_infoE             
00001b54  _ZTVN10__cxxabiv119__pointer_type_infoE           
00001b64  _ZTVN10__cxxabiv120__si_class_type_infoE          
00001b74  _ZTVN10__cxxabiv123__fundamental_type_infoE       
000019dd  _ZdlPv                                            
20010000  __STACK_END                                       
00000200  __STACK_SIZE                                      
00000400  __SYSMEM_SIZE                                     
00001cbc  __TI_CINIT_Base                                   
00001cd4  __TI_CINIT_Limit                                  
00001cb4  __TI_Handler_Table_Base                           
00001cbc  __TI_Handler_Table_Limit                          
00001779  __TI_auto_init                                    
20000518  __TI_cleanup_ptr                                  
000019b5  __TI_decompress_none                              
000019e5  __TI_decompress_rle24                             
2000051c  __TI_dtors_ptr                                    
20000520  __TI_enable_exit_profile_output                   
ffffffff  __TI_pprof_out_hndl                               
ffffffff  __TI_prof_data_size                               
ffffffff  __TI_prof_data_start                              
00000000  __TI_static_base__                                
000016fd  __aeabi_memclr                                    
000016fd  __aeabi_memclr4                                   
000016fd  __aeabi_memclr8                                   
000015d5  __aeabi_memcpy                                    
000015d5  __aeabi_memcpy4                                   
000015d5  __aeabi_memcpy8                                   
000016ff  __aeabi_memset                                    
000016ff  __aeabi_memset4                                   
000016ff  __aeabi_memset8                                   
ffffffff  __binit__                                         
ffffffff  __c_args__                                        
00001777  __mpu_init                                        
2000fe00  __stack                                           
00001989  _args_main                                        
00001855  _c_int00                                          
2000053c  _lock                                             
000019af  _nop                                              
000019a7  _register_lock                                    
000019a1  _register_unlock                                  
200000e8  _sys_memory                                       
00001853  _system_post_cinit                                
000019eb  _system_pre_init                                  
20000540  _unlock                                           
000018ad  abort                                             
ffffffff  binit                                             
00000cfd  calloc                                            
000018fd  copy_in                                           
000018b5  exit                                              
00000a4b  free                                              
20000000  g_pfnRAMVectors                                   
00000000  interruptVectors                                  
000012ff  main                                              
20000544  main_func_sp                                      
000009e3  malloc                                            
00000c19  memalign                                          
000015d5  memcpy                                            
00001705  memset                                            
00000955  minit                                             
00000b0d  realloc                                           


GLOBAL SYMBOLS: SORTED BY Symbol Address 

address   name                                              
-------   ----                                              
00000000  __TI_static_base__                                
00000000  interruptVectors                                  
000000e5  GPIO_setAsOutputPin                               
0000011f  GPIO_setAsInputPin                                
00000165  GPIO_setAsPeripheralModuleFunctionOutputPin       
000001e9  GPIO_setAsPeripheralModuleFunctionInputPin        
00000200  __STACK_SIZE                                      
0000026d  GPIO_setOutputHighOnPin                           
0000028f  GPIO_setOutputLowOnPin                            
000002b1  GPIO_toggleOutputOnPin                            
000002d3  GPIO_setAsInputPinWithPullDownResistor            
00000325  GPIO_setAsInputPinWithPullUpResistor              
00000377  GPIO_getInputPinValue                             
000003a5  GPIO_enableInterrupt                              
000003c7  GPIO_disableInterrupt                             
000003e9  GPIO_getInterruptStatus                           
00000400  __SYSMEM_SIZE                                     
00000407  GPIO_clearInterruptFlag                           
00000429  GPIO_interruptEdgeSelect                          
0000045f  GPIO_getEnabledInterruptStatus                    
000004db  GPIO_setDriveStrengthHigh                         
000004fd  GPIO_setDriveStrengthLow                          
0000051f  GPIO_registerInterrupt                            
0000053f  GPIO_unregisterInterrupt                          
00000567  Interrupt_enableMaster                            
00000577  Interrupt_disableMaster                           
00000587  Interrupt_registerInterrupt                       
000005d9  Interrupt_unregisterInterrupt                     
000005ed  Interrupt_setPriorityGrouping                     
00000607  Interrupt_getPriorityGrouping                     
0000063f  Interrupt_setPriority                             
0000068f  Interrupt_getPriority                             
000006b5  Interrupt_enableInterrupt                         
00000727  Interrupt_disableInterrupt                        
00000799  Interrupt_isEnabled                               
00000825  Interrupt_pendInterrupt                           
00000895  Interrupt_unpendInterrupt                         
000008e3  Interrupt_setPriorityMask                         
000008f3  Interrupt_getPriorityMask                         
000008fd  Interrupt_setVectorTableAddress                   
0000090d  Interrupt_getVectorTableAddress                   
00000913  Interrupt_enableSleepOnIsrExit                    
00000925  Interrupt_disableSleepOnIsrExit                   
00000955  minit                                             
000009e3  malloc                                            
00000a4b  free                                              
00000b0d  realloc                                           
00000c19  memalign                                          
00000cfd  calloc                                            
00000d31  SystemCoreClockUpdate                             
00000fa5  SystemInit                                        
0000105d  _ZN9SchedulerC1Ev                                 
0000105d  _ZN9SchedulerC2Ev                                 
000010a3  _ZN9Scheduler6attachEP4Task                       
000010ef  _ZN9Scheduler6attachEP4Tasky                      
00001143  _ZN9Scheduler3runEv                               
000011a7  _ZN9Scheduler21CalculateNextScheduleEv            
00001287  _ZN9Scheduler22SortScheduleByPriorityEP4Task      
000012ff  main                                              
0000137d  BUTTON_ISR                                        
0000139b  _Z5Setupv                                         
000013ff  T32_INT1_IRQHandler                               
000013ff  T32_INT1_IRQHandler                               
00001455  _ZN3LEDC1Eii                                      
00001455  _ZN3LEDC2Eii                                      
000014a9  _ZN3LEDC1Eiiy                                     
000014a9  _ZN3LEDC2Eiiy                                     
00001501  _ZN3LED3runEv                                     
00001519  _ZSt21__gen_dummy_typeinfosv                      
00001521  _ZNSt9type_infoD1Ev                               
00001521  _ZNSt9type_infoD2Ev                               
00001523  _ZNSt9type_infoD0Ev                               
0000152b  _ZNKSt9type_info4nameEv                           
0000152f  _ZNKSt9type_infoneERKS_                           
00001545  _ZNKSt9type_infoeqERKS_                           
0000155b  _ZNKSt9type_info6beforeERKS_                      
00001569  _ZN10__cxxabiv129__pointer_to_member_type_infoD1Ev
00001569  _ZN10__cxxabiv129__pointer_to_member_type_infoD2Ev
0000156b  _ZN10__cxxabiv129__pointer_to_member_type_infoD0Ev
00001573  _ZN10__cxxabiv123__fundamental_type_infoD1Ev      
00001573  _ZN10__cxxabiv123__fundamental_type_infoD2Ev      
00001575  _ZN10__cxxabiv123__fundamental_type_infoD0Ev      
0000157d  _ZN10__cxxabiv121__vmi_class_type_infoD1Ev        
0000157d  _ZN10__cxxabiv121__vmi_class_type_infoD2Ev        
0000157f  _ZN10__cxxabiv121__vmi_class_type_infoD0Ev        
00001587  _ZN10__cxxabiv120__si_class_type_infoD1Ev         
00001587  _ZN10__cxxabiv120__si_class_type_infoD2Ev         
00001589  _ZN10__cxxabiv120__si_class_type_infoD0Ev         
00001591  _ZN10__cxxabiv120__function_type_infoD1Ev         
00001591  _ZN10__cxxabiv120__function_type_infoD2Ev         
00001593  _ZN10__cxxabiv120__function_type_infoD0Ev         
0000159b  _ZN10__cxxabiv119__pointer_type_infoD1Ev          
0000159b  _ZN10__cxxabiv119__pointer_type_infoD2Ev          
0000159d  _ZN10__cxxabiv119__pointer_type_infoD0Ev          
000015a5  _ZN10__cxxabiv117__pbase_type_infoD1Ev            
000015a5  _ZN10__cxxabiv117__pbase_type_infoD2Ev            
000015a7  _ZN10__cxxabiv117__pbase_type_infoD0Ev            
000015af  _ZN10__cxxabiv117__class_type_infoD1Ev            
000015af  _ZN10__cxxabiv117__class_type_infoD2Ev            
000015b1  _ZN10__cxxabiv117__class_type_infoD0Ev            
000015b9  _ZN10__cxxabiv117__array_type_infoD1Ev            
000015b9  _ZN10__cxxabiv117__array_type_infoD2Ev            
000015bb  _ZN10__cxxabiv117__array_type_infoD0Ev            
000015c3  _ZN10__cxxabiv116__enum_type_infoD1Ev             
000015c3  _ZN10__cxxabiv116__enum_type_infoD2Ev             
000015c5  _ZN10__cxxabiv116__enum_type_infoD0Ev             
000015d5  __aeabi_memcpy                                    
000015d5  __aeabi_memcpy4                                   
000015d5  __aeabi_memcpy8                                   
000015d5  memcpy                                            
00001671  _ZN4TaskC1Ev                                      
00001671  _ZN4TaskC2Ev                                      
00001699  _ZN4Task19SetTaskCurrentCountEy                   
000016b7  _ZN4Task17SetTaskFinalCountEy                     
000016d5  _ZN4Task19GetTaskCurrentCountEv                   
000016e5  _ZN4Task17GetTaskFinalCountEv                     
000016fd  __aeabi_memclr                                    
000016fd  __aeabi_memclr4                                   
000016fd  __aeabi_memclr8                                   
000016ff  __aeabi_memset                                    
000016ff  __aeabi_memset4                                   
000016ff  __aeabi_memset8                                   
00001705  memset                                            
00001777  __mpu_init                                        
00001779  __TI_auto_init                                    
00001853  _system_post_cinit                                
00001855  _c_int00                                          
000018a9  C$$EXIT                                           
000018ad  abort                                             
000018b5  exit                                              
000018fd  copy_in                                           
00001949  CPU_cpsid                                         
00001955  CPU_primask                                       
0000195f  CPU_cpsie                                         
0000196b  CPU_wfi                                           
0000196f  CPU_basepriSet                                    
0000197d  CPU_basepriGet                                    
00001989  _args_main                                        
000019a1  _register_unlock                                  
000019a7  _register_lock                                    
000019af  _nop                                              
000019b5  __TI_decompress_none                              
000019c3  Reset_Handler                                     
000019cf  ADC14_IRQHandler                                  
000019cf  AES256_IRQHandler                                 
000019cf  BusFault_Handler                                  
000019cf  COMP_E0_IRQHandler                                
000019cf  COMP_E1_IRQHandler                                
000019cf  CS_IRQHandler                                     
000019cf  DMA_ERR_IRQHandler                                
000019cf  DMA_INT0_IRQHandler                               
000019cf  DMA_INT1_IRQHandler                               
000019cf  DMA_INT2_IRQHandler                               
000019cf  DMA_INT3_IRQHandler                               
000019cf  DebugMon_Handler                                  
000019cf  Default_Handler                                   
000019cf  EUSCIA0_IRQHandler                                
000019cf  EUSCIA1_IRQHandler                                
000019cf  EUSCIA2_IRQHandler                                
000019cf  EUSCIA3_IRQHandler                                
000019cf  EUSCIB0_IRQHandler                                
000019cf  EUSCIB1_IRQHandler                                
000019cf  EUSCIB2_IRQHandler                                
000019cf  EUSCIB3_IRQHandler                                
000019cf  FLCTL_IRQHandler                                  
000019cf  FPU_IRQHandler                                    
000019cf  HardFault_Handler                                 
000019cf  MemManage_Handler                                 
000019cf  NMI_Handler                                       
000019cf  PCM_IRQHandler                                    
000019cf  PORT1_IRQHandler                                  
000019cf  PORT2_IRQHandler                                  
000019cf  PORT3_IRQHandler                                  
000019cf  PORT4_IRQHandler                                  
000019cf  PORT5_IRQHandler                                  
000019cf  PORT6_IRQHandler                                  
000019cf  PSS_IRQHandler                                    
000019cf  PendSV_Handler                                    
000019cf  RTC_C_IRQHandler                                  
000019cf  SVC_Handler                                       
000019cf  SysTick_Handler                                   
000019cf  T32_INT2_IRQHandler                               
000019cf  T32_INTC_IRQHandler                               
000019cf  TA0_0_IRQHandler                                  
000019cf  TA0_N_IRQHandler                                  
000019cf  TA1_0_IRQHandler                                  
000019cf  TA1_N_IRQHandler                                  
000019cf  TA2_0_IRQHandler                                  
000019cf  TA2_N_IRQHandler                                  
000019cf  TA3_0_IRQHandler                                  
000019cf  TA3_N_IRQHandler                                  
000019cf  UsageFault_Handler                                
000019cf  WDT_A_IRQHandler                                  
000019d1  _ZN4Task3runEv                                    
000019dd  _ZdlPv                                            
000019e5  __TI_decompress_rle24                             
000019eb  _system_pre_init                                  
00001a40  _ZTSN10__cxxabiv123__fundamental_type_infoE       
00001a68  _ZTSN10__cxxabiv120__si_class_type_infoE          
00001a8d  _ZTSN10__cxxabiv119__pointer_type_infoE           
00001ab1  _ZTSN10__cxxabiv117__class_type_infoE             
00001ad3  _ZTSN10__cxxabiv117__pbase_type_infoE             
00001af5  _ZTSe                                             
00001b34  _ZTIPKe                                           
00001b44  _ZTVN10__cxxabiv117__class_type_infoE             
00001b54  _ZTVN10__cxxabiv119__pointer_type_infoE           
00001b64  _ZTVN10__cxxabiv120__si_class_type_infoE          
00001b74  _ZTVN10__cxxabiv123__fundamental_type_infoE       
00001b84  _ZTSSt9type_info                                  
00001b94  _ZTI3LED                                          
00001ba0  _ZTIN10__cxxabiv117__class_type_infoE             
00001bac  _ZTIN10__cxxabiv117__pbase_type_infoE             
00001bb8  _ZTIN10__cxxabiv119__pointer_type_infoE           
00001bc4  _ZTIN10__cxxabiv120__si_class_type_infoE          
00001bd0  _ZTIN10__cxxabiv123__fundamental_type_infoE       
00001bdc  _ZTV3LED                                          
00001be8  _ZTV4Task                                         
00001bf4  _ZTI4Task                                         
00001bfc  _ZTISt9type_info                                  
00001c04  _ZTIe                                             
00001c2c  _ZTS4Task                                         
00001c32  _ZTS3LED                                          
00001c37  _ZTSPKe                                           
00001cb4  __TI_Handler_Table_Base                           
00001cbc  __TI_CINIT_Base                                   
00001cbc  __TI_Handler_Table_Limit                          
00001cd4  __TI_CINIT_Limit                                  
20000000  g_pfnRAMVectors                                   
200000e4  _ZSt16__dummy_typeinfo                            
200000e8  _sys_memory                                       
20000518  __TI_cleanup_ptr                                  
2000051c  __TI_dtors_ptr                                    
20000520  __TI_enable_exit_profile_output                   
20000538  _ZN4Task14m_u8NextTaskIDE                         
2000053c  _lock                                             
20000540  _unlock                                           
20000544  main_func_sp                                      
20000548  SystemCoreClock                                   
2000fe00  __stack                                           
20010000  __STACK_END                                       
4000480c  WDTCTL_SYM                                        
ffffffff  __TI_pprof_out_hndl                               
ffffffff  __TI_prof_data_size                               
ffffffff  __TI_prof_data_start                              
ffffffff  __binit__                                         
ffffffff  __c_args__                                        
ffffffff  binit                                             
UNDEFED   SHT$$INIT_ARRAY$$Base                             
UNDEFED   SHT$$INIT_ARRAY$$Limit                            

[249 symbols]
