******************************************************************************
                  TI ARM Linker Unix v15.12.3                  
******************************************************************************
>> Linked Wed Dec  7 17:52:36 2016

OUTPUT FILE NAME:   <finalProject.out>
ENTRY POINT SYMBOL: "_c_int00"  address: 000052ad


MEMORY CONFIGURATION

         name            origin    length      used     unused   attr    fill
----------------------  --------  ---------  --------  --------  ----  --------
  MAIN                  00000000   00040000  0000a5fc  00035a04  R  X
  INFO                  00200000   00004000  00000000  00004000  R  X
  SRAM_CODE             01000000   00010000  00002b7e  0000d482  RW X
  SRAM_DATA             20000000   00010000  00002b7e  0000d482  RW  


SEGMENT ALLOCATION MAP

run origin  load origin   length   init length attrs members
----------  ----------- ---------- ----------- ----- -------
00000000    00000000    0000a604   0000a604    r-x
  00000000    00000000    000000e4   000000e4    r-- .intvecs
  000000e4    000000e4    0000543e   0000543e    r-x .text
  00005524    00005524    0000503a   0000503a    r-- .const
  0000a560    0000a560    00000004   00000004    r-- .init_array
  0000a568    0000a568    0000009c   0000009c    r-- .cinit
20000000    20000000    00002984   00000000    rw-
  20000000    20000000    000000e4   00000000    rw- .vtable
  200000e8    200000e8    00002426   00000000    rw- .bss
  20002510    20002510    00000400   00000000    rw- .sysmem
  20002910    20002910    00000074   00000000    rw- .data
2000fe00    2000fe00    00000200   00000000    rw-
  2000fe00    2000fe00    00000200   00000000    rw- .stack


SECTION ALLOCATION MAP

 output                                  attributes/
section   page    origin      length       input sections
--------  ----  ----------  ----------   ----------------
.intvecs   0    00000000    000000e4     
                  00000000    000000e4     startup_msp432p401r_ccs.obj (.intvecs:retain)

.binit     0    00000000    00000000     

.text      0    000000e4    0000543e     
                  000000e4    000008e0     adc14.obj (.text)
                  000009c4    000008a4     spi.obj (.text)
                  00001268    00000678     Crystalfontz128x128_ST7735.obj (.text)
                  000018e0    00000634     Scheduler.obj (.text)
                  00001f14    00000630     string.obj (.text)
                  00002544    00000490     line.obj (.text)
                  000029d4    00000480     gpio.obj (.text)
                  00002e54    00000452     image.obj (.text)
                  000032a6    00000002     rtsv7M4_T_le_v4SPD16_eabi.lib : mpu_init.obj (.text)
                  000032a8    00000440     main.obj (.text)
                  000036e8    000003f0     interrupt.obj (.text)
                  00003ad8    000003dc     rtsv7M4_T_le_v4SPD16_eabi.lib : memory.obj (.text)
                  00003eb4    00000370     system_msp432p401r.obj (.text)
                  00004224    0000033e     rectangle.obj (.text)
                  00004562    00000266     context.obj (.text)
                  000047c8    00000200     Screen.obj (.text)
                  000049c8    000001a4     Racket.obj (.text)
                  00004b6c    00000136     rtsv7M4_T_le_v4SPD16_eabi.lib : fd_div_t2.obj (.text)
                  00004ca2    00000134     display.obj (.text)
                  00004dd6    00000002     rtsv7M4_T_le_v4SPD16_eabi.lib : newhandler.obj (.text)
                  00004dd8    000000c0     GamePiece.obj (.text)
                  00004e98    000000bc     HAL_MSP_EXP432P401R_Crystalfontz128x128_ST7735.obj (.text)
                  00004f54    000000bc     rtsv7M4_T_le_v4SPD16_eabi.lib : typeinfo_.obj (.text)
                  00005010    000000a8     Task.obj (.text)
                  000050b8    0000009c     rtsv7M4_T_le_v4SPD16_eabi.lib : memcpy_t2.obj (.text)
                  00005154    0000007a                                   : memset_t2.obj (.text)
                  000051ce    00000002                                   : startup.obj (.text)
                  000051d0    00000070                                   : autoinit.obj (.text)
                  00005240    0000006a                                   : copy_decompress_rle.obj (.text)
                  000052aa    00000002     --HOLE-- [fill = 0]
                  000052ac    00000054                                   : boot.obj (.text)
                  00005300    00000054                                   : exit.obj (.text)
                  00005354    0000004c                                   : cpy_tbl.obj (.text)
                  000053a0    00000048                                   : fd_toi_t2.obj (.text)
                  000053e8    0000003e     cpu.obj (.text)
                  00005426    00000038     rtsv7M4_T_le_v4SPD16_eabi.lib : fs_tod_t2.obj (.text)
                  0000545e    00000002     --HOLE-- [fill = 0]
                  00005460    00000030                                   : new_.obj (.text)
                  00005490    0000002c     Ball.obj (.text:_ZN4Task11SendMessageEv)
                  000054bc    00000018     rtsv7M4_T_le_v4SPD16_eabi.lib : args_main.obj (.text)
                  000054d4    00000014                                   : _lock.obj (.text)
                  000054e8    0000000e                                   : copy_decompress_none.obj (.text:decompress:none)
                  000054f6    0000000e     startup_msp432p401r_ccs.obj (.text)
                  00005504    0000000c     GamePiece.obj (.text:_ZN4Task14ProcessMessageE3MSG)
                  00005510    00000008     rtsv7M4_T_le_v4SPD16_eabi.lib : delete.obj (.text)
                  00005518    00000006                                   : copy_decompress_rle.obj (.text:decompress:rle24)
                  0000551e    00000004                                   : pre_init.obj (.text)

.const     0    00005524    0000503a     
                  00005524    0000441c     Screen.obj (.const:.string:pixel_tu_logo8BPP_COMP_RLE8)
                  00009940    00000400     Screen.obj (.const:palette_tu_logo8BPP_COMP_RLE8)
                  00009d40    000002f8     fontfixed6x8.obj (.const:.string:g_pucFontFixed6x8Data)
                  0000a038    000000c8     fontfixed6x8.obj (.const:g_sFontFixed6x8)
                  0000a100    00000080     adc14.obj (.const:_ctlRegs)
                  0000a180    00000050     interrupt.obj (.const:g_pulRegs)
                  0000a1d0    0000002c     Crystalfontz128x128_ST7735.obj (.const:g_sCrystalfontz128x128)
                  0000a1fc    00000028     rtsv7M4_T_le_v4SPD16_eabi.lib : typeinfo_.obj (.const:.typeinfo:_ZTSN10__cxxabiv123__fundamental_type_infoE)
                  0000a224    00000025                                   : typeinfo_.obj (.const:.typeinfo:_ZTSN10__cxxabiv120__si_class_type_infoE)
                  0000a249    00000024                                   : typeinfo_.obj (.const:.typeinfo:_ZTSN10__cxxabiv119__pointer_type_infoE)
                  0000a26d    00000022                                   : typeinfo_.obj (.const:.typeinfo:_ZTSN10__cxxabiv117__class_type_infoE)
                  0000a28f    00000022                                   : typeinfo_.obj (.const:.typeinfo:_ZTSN10__cxxabiv117__pbase_type_infoE)
                  0000a2b1    00000002                                   : typeinfo_.obj (.const:.typeinfo:_ZTSe)
                  0000a2b3    00000001     --HOLE-- [fill = 0]
                  0000a2b4    00000020     interrupt.obj (.const:g_pulPriority)
                  0000a2d4    0000001c     HAL_MSP_EXP432P401R_Crystalfontz128x128_ST7735.obj (.const:$P$T0$1)
                  0000a2f0    0000001c     gpio.obj (.const:GPIO_PORT_TO_INT)
                  0000a30c    0000001c     Screen.obj (.const:_ZTV6Screen)
                  0000a328    00000014     Ball.obj (.const:$P$T40$1)
                  0000a33c    00000014     Scheduler.obj (.const:$P$T40$1)
                  0000a350    00000014     Scheduler.obj (.const:$P$T41$2)
                  0000a364    00000014     Task.obj (.const:$P$T41$2)
                  0000a378    00000014     main.obj (.const:$P$T42$3)
                  0000a38c    00000014     Screen.obj (.const:$P$T43$2)
                  0000a3a0    00000014     main.obj (.const:$P$T43$4)
                  0000a3b4    00000014     main.obj (.const:$P$T44$5)
                  0000a3c8    00000014     Racket.obj (.const:$P$T51$2)
                  0000a3dc    00000014     Task.obj (.const:_ZTV4Task)
                  0000a3f0    00000014     Racket.obj (.const:_ZTV6Racket)
                  0000a404    00000014     GamePiece.obj (.const:_ZTV9GamePiece)
                  0000a418    00000010     rtsv7M4_T_le_v4SPD16_eabi.lib : typeinfo_.obj (.const:.typeinfo:_ZTIPKe)
                  0000a428    00000010                                   : typeinfo_.obj (.const:_ZTVN10__cxxabiv117__class_type_infoE)
                  0000a438    00000010                                   : typeinfo_.obj (.const:_ZTVN10__cxxabiv119__pointer_type_infoE)
                  0000a448    00000010                                   : typeinfo_.obj (.const:_ZTVN10__cxxabiv120__si_class_type_infoE)
                  0000a458    00000010                                   : typeinfo_.obj (.const:_ZTVN10__cxxabiv123__fundamental_type_infoE)
                  0000a468    00000010     Screen.obj (.const:tu_logo8BPP_COMP_RLE8)
                  0000a478    0000000d     rtsv7M4_T_le_v4SPD16_eabi.lib : typeinfo_.obj (.const:.typeinfo:_ZTSSt9type_info)
                  0000a485    00000003     --HOLE-- [fill = 0]
                  0000a488    0000000c     Racket.obj (.const:.typeinfo:_ZTI6Racket)
                  0000a494    0000000c     Screen.obj (.const:.typeinfo:_ZTI6Screen)
                  0000a4a0    0000000c     Ball.obj (.const:.typeinfo:_ZTI9GamePiece)
                  0000a4ac    0000000c     rtsv7M4_T_le_v4SPD16_eabi.lib : typeinfo_.obj (.const:.typeinfo:_ZTIN10__cxxabiv117__class_type_infoE)
                  0000a4b8    0000000c                                   : typeinfo_.obj (.const:.typeinfo:_ZTIN10__cxxabiv117__pbase_type_infoE)
                  0000a4c4    0000000c                                   : typeinfo_.obj (.const:.typeinfo:_ZTIN10__cxxabiv119__pointer_type_infoE)
                  0000a4d0    0000000c                                   : typeinfo_.obj (.const:.typeinfo:_ZTIN10__cxxabiv120__si_class_type_infoE)
                  0000a4dc    0000000c                                   : typeinfo_.obj (.const:.typeinfo:_ZTIN10__cxxabiv123__fundamental_type_infoE)
                  0000a4e8    0000000b     Ball.obj (.const:.typeinfo:_ZTS9GamePiece)
                  0000a4f3    00000001     --HOLE-- [fill = 0]
                  0000a4f4    00000008     Crystalfontz128x128_ST7735.obj (.const:$P$T0$1)
                  0000a4fc    00000008     main.obj (.const:$P$T40$1)
                  0000a504    00000008     main.obj (.const:$P$T41$2)
                  0000a50c    00000008     Task.obj (.const:.typeinfo:_ZTI4Task)
                  0000a514    00000008     rtsv7M4_T_le_v4SPD16_eabi.lib : typeinfo_.obj (.const:.typeinfo:_ZTISt9type_info)
                  0000a51c    00000008                                   : typeinfo_.obj (.const:.typeinfo:_ZTIe)
                  0000a524    00000008     Racket.obj (.const:.typeinfo:_ZTS6Racket)
                  0000a52c    00000008     Screen.obj (.const:.typeinfo:_ZTS6Screen)
                  0000a534    00000008     interrupt.obj (.const:g_pulDisRegs)
                  0000a53c    00000008     interrupt.obj (.const:g_pulEnRegs)
                  0000a544    00000008     interrupt.obj (.const:g_pulPendRegs)
                  0000a54c    00000008     interrupt.obj (.const:g_pulUnpendRegs)
                  0000a554    00000006     Task.obj (.const:.typeinfo:_ZTS4Task)
                  0000a55a    00000004     rtsv7M4_T_le_v4SPD16_eabi.lib : typeinfo_.obj (.const:.typeinfo:_ZTSPKe)

.cinit     0    0000a568    0000009c     
                  0000a568    00000059     (.cinit..data.load) [load image, compression = rle]
                  0000a5c1    00000007     --HOLE-- [fill = 0]
                  0000a5c8    0000000b     (.cinit..bss.load) [load image, compression = rle]
                  0000a5d3    00000005     --HOLE-- [fill = 0]
                  0000a5d8    00000009     (.cinit..vtable.load) [load image, compression = rle]
                  0000a5e1    00000003     --HOLE-- [fill = 0]
                  0000a5e4    00000008     (__TI_handler_table)
                  0000a5ec    00000018     (__TI_cinit_table)

.init_array 
*          0    0000a560    00000004     
                  0000a560    00000004     main.obj (.init_array)

.vtable    0    20000000    000000e4     UNINITIALIZED
                  20000000    000000e4     interrupt.obj (.vtable)

.bss       0    200000e8    00002426     UNINITIALIZED
                  200000e8    00001ff0     main.obj (.bss:MainScheduler)
                  200020d8    00000400     image.obj (.bss:g_pulConvertedPalette)
                  200024d8    0000001c     (.common:g_sContext)
                  200024f4    0000000c     main.obj (.bss)
                  20002500    00000004     (.common:_ZSt16__dummy_typeinfo)
                  20002504    00000002     (.common:Lcd_ScreenHeigth)
                  20002506    00000002     (.common:Lcd_ScreenWidth)
                  20002508    00000002     (.common:Lcd_TouchTrim)
                  2000250a    00000001     (.common:Lcd_FlagRead)
                  2000250b    00000001     (.common:Lcd_FontSolid)
                  2000250c    00000001     (.common:Lcd_Orientation)
                  2000250d    00000001     (.common:Lcd_PenSolid)

.sysmem    0    20002510    00000400     UNINITIALIZED
                  20002510    00000008     rtsv7M4_T_le_v4SPD16_eabi.lib : memory.obj (.sysmem)
                  20002518    000003f8     --HOLE--

.data      0    20002910    00000074     UNINITIALIZED
                  20002910    00000030     gpio.obj (.data:GPIO_PORT_TO_BASE)
                  20002940    00000014     main.obj (.data)
                  20002954    0000000c     rtsv7M4_T_le_v4SPD16_eabi.lib : exit.obj (.data:$O1$$)
                  20002960    0000000c                                   : memory.obj (.data:$O1$$)
                  2000296c    00000008                                   : _lock.obj (.data:$O1$$)
                  20002974    00000004     main.obj (.data:aDataFromButton)
                  20002978    00000004     rtsv7M4_T_le_v4SPD16_eabi.lib : stkdepth_vars.obj (.data)
                  2000297c    00000004                                   : vars.obj (.data)
                  20002980    00000004     system_msp432p401r.obj (.data)

.stack     0    2000fe00    00000200     UNINITIALIZED
                  2000fe00    00000200     --HOLE--

MODULE SUMMARY

       Module                                               code    ro data   rw data
       ------                                               ----    -------   -------
    ./
       Screen.obj                                           512     18544     56     
       main.obj                                             1088    80        16424  
       Scheduler.obj                                        1588    40        0      
       system_msp432p401r.obj                               880     0         8      
       Racket.obj                                           420     60        0      
       startup_msp432p401r_ccs.obj                          14      228       0      
       GamePiece.obj                                        204     20        0      
       Task.obj                                             168     54        0      
       Ball.obj                                             44      43        0      
    +--+----------------------------------------------------+-------+---------+---------+
       Total:                                               4918    19069     16488  
                                                                                     
    ./GrLib/fonts/
       fontfixed6x8.obj                                     0       960       0      
    +--+----------------------------------------------------+-------+---------+---------+
       Total:                                               0       960       0      
                                                                                     
    ./GrLib/grlib/
       image.obj                                            1106    0         2048   
       string.obj                                           1584    0         0      
       line.obj                                             1168    0         0      
       rectangle.obj                                        830     0         0      
       context.obj                                          614     0         0      
       display.obj                                          308     0         0      
    +--+----------------------------------------------------+-------+---------+---------+
       Total:                                               5610    0         2048   
                                                                                     
    ./LcdDriver/
       Crystalfontz128x128_ST7735.obj                       1656    52        20     
       HAL_MSP_EXP432P401R_Crystalfontz128x128_ST7735.obj   188     28        0      
    +--+----------------------------------------------------+-------+---------+---------+
       Total:                                               1844    80        20     
                                                                                     
    ./driverlib/MSP432P4xx/
       adc14.obj                                            2272    128       0      
       spi.obj                                              2212    0         0      
       interrupt.obj                                        1008    144       456    
       gpio.obj                                             1152    28        96     
       cpu.obj                                              62      0         0      
    +--+----------------------------------------------------+-------+---------+---------+
       Total:                                               6706    300       552    
                                                                                     
    /home/aglt93/ti/ccsv6/tools/compiler/arm_15.12.3.LTS/lib/rtsv7M4_T_le_v4SPD16_eabi.lib
       memory.obj                                           988     0         24     
       typeinfo_.obj                                        188     356       8      
       fd_div_t2.obj                                        310     0         0      
       memcpy_t2.obj                                        156     0         0      
       memset_t2.obj                                        122     0         0      
       autoinit.obj                                         112     0         0      
       copy_decompress_rle.obj                              112     0         0      
       exit.obj                                             84      0         24     
       boot.obj                                             84      0         0      
       cpy_tbl.obj                                          76      0         0      
       fd_toi_t2.obj                                        72      0         0      
       fs_tod_t2.obj                                        56      0         0      
       new_.obj                                             48      0         0      
       _lock.obj                                            20      0         16     
       args_main.obj                                        24      0         0      
       copy_decompress_none.obj                             14      0         0      
       delete.obj                                           8       0         0      
       stkdepth_vars.obj                                    0       0         8      
       vars.obj                                             0       0         8      
       pre_init.obj                                         4       0         0      
       mpu_init.obj                                         2       0         0      
       newhandler.obj                                       2       0         0      
       startup.obj                                          2       0         0      
    +--+----------------------------------------------------+-------+---------+---------+
       Total:                                               2484    356       88     
                                                                                     
       Heap:                                                0       0         2048   
       Stack:                                               0       0         1024   
       Linker Generated:                                    0       141       0      
    +--+----------------------------------------------------+-------+---------+---------+
       Grand Total:                                         21562   20906     22268  


LINKER GENERATED COPY TABLES

__TI_cinit_table @ 0000a5ec records: 3, size/record: 8, table size: 24
	.data: load addr=0000a568, load size=00000059 bytes, run addr=20002910, run size=00000074 bytes, compression=rle
	.bss: load addr=0000a5c8, load size=0000000b bytes, run addr=200000e8, run size=00002426 bytes, compression=rle
	.vtable: load addr=0000a5d8, load size=00000009 bytes, run addr=20000000, run size=000000e4 bytes, compression=rle


LINKER GENERATED HANDLER TABLE

__TI_handler_table @ 0000a5e4 records: 2, size/record: 4, table size: 8
	index: 0, handler: __TI_decompress_rle24
	index: 1, handler: __TI_decompress_none


GLOBAL SYMBOLS: SORTED ALPHABETICALLY BY Name 

address   name                                              
-------   ----                                              
0000345b  ADC14_IRQHandler                                  
0000345b  ADC14_IRQHandler                                  
00000939  ADC14_clearInterruptFlag                          
000004d9  ADC14_configureConversionMemory                   
00000381  ADC14_configureMultiSequenceMode                  
00000417  ADC14_configureSingleSampleMode                   
00000611  ADC14_disableComparatorWindow                     
000004af  ADC14_disableConversion                           
000008b3  ADC14_disableInterrupt                            
00000255  ADC14_disableModule                               
0000082f  ADC14_disableReferenceBurst                       
00000295  ADC14_disableSampleTimer                          
00000581  ADC14_enableComparatorWindow                      
0000046d  ADC14_enableConversion                            
00000887  ADC14_enableInterrupt                             
0000024d  ADC14_enableModule                                
00000819  ADC14_enableReferenceBurst                        
0000026b  ADC14_enableSampleTimer                           
00000909  ADC14_getEnabledInterruptStatus                   
000008df  ADC14_getInterruptStatus                          
00000739  ADC14_getMultiSequenceResult                      
0000030b  ADC14_getResolution                               
0000071f  ADC14_getResult                                   
000007a5  ADC14_getResultArray                              
000002ab  ADC14_initModule                                  
000004bb  ADC14_isBusy                                      
00000969  ADC14_registerInterrupt                           
0000066f  ADC14_setComparatorWindowValue                    
00000845  ADC14_setPowerMode                                
000002f1  ADC14_setResolution                               
000006f5  ADC14_setResultFormat                             
00000357  ADC14_setSampleHoldTime                           
00000315  ADC14_setSampleHoldTrigger                        
0000048d  ADC14_toggleConversionTrigger                     
0000097d  ADC14_unregisterInterrupt                         
00005503  AES256_IRQHandler                                 
000033b1  BUTTON_DOWN_ISR                                   
000033f7  BUTTON_UP_ISR                                     
00005503  BusFault_Handler                                  
00005301  C$$EXIT                                           
00005503  COMP_E0_IRQHandler                                
00005503  COMP_E1_IRQHandler                                
0000541d  CPU_basepriGet                                    
0000540f  CPU_basepriSet                                    
000053e9  CPU_cpsid                                         
000053ff  CPU_cpsie                                         
000053f5  CPU_primask                                       
0000540b  CPU_wfi                                           
00005503  CS_IRQHandler                                     
00001269  Crystalfontz128x128_Init                          
0000137d  Crystalfontz128x128_SetDrawFrame                  
000014ab  Crystalfontz128x128_SetOrientation                
00005503  DMA_ERR_IRQHandler                                
00005503  DMA_INT0_IRQHandler                               
00005503  DMA_INT1_IRQHandler                               
00005503  DMA_INT2_IRQHandler                               
00005503  DMA_INT3_IRQHandler                               
00005503  DebugMon_Handler                                  
00005503  Default_Handler                                   
00005503  EUSCIA0_IRQHandler                                
00005503  EUSCIA1_IRQHandler                                
00005503  EUSCIA2_IRQHandler                                
00005503  EUSCIA3_IRQHandler                                
00005503  EUSCIB0_IRQHandler                                
00005503  EUSCIB1_IRQHandler                                
00005503  EUSCIB2_IRQHandler                                
00005503  EUSCIB3_IRQHandler                                
00001133  EUSCI_A_SPI_changeClockPhasePolarity              
000011e7  EUSCI_A_SPI_clearInterruptFlag                    
00001217  EUSCI_A_SPI_disable                               
000011b5  EUSCI_A_SPI_disableInterrupt                      
00001201  EUSCI_A_SPI_enable                                
0000119b  EUSCI_A_SPI_enableInterrupt                       
000011cf  EUSCI_A_SPI_getInterruptStatus                    
0000122d  EUSCI_A_SPI_getReceiveBufferAddressForDMA         
0000123b  EUSCI_A_SPI_getTransmitBufferAddressForDMA        
00001249  EUSCI_A_SPI_isBusy                                
000010b3  EUSCI_A_SPI_masterChangeClock                     
0000118b  EUSCI_A_SPI_receiveData                           
00001093  EUSCI_A_SPI_select4PinFunctionality               
000010e9  EUSCI_A_SPI_slaveInit                             
00001175  EUSCI_A_SPI_transmitData                          
00000f65  EUSCI_B_SPI_changeClockPhasePolarity              
00001019  EUSCI_B_SPI_clearInterruptFlag                    
00001049  EUSCI_B_SPI_disable                               
00000fe7  EUSCI_B_SPI_disableInterrupt                      
00001033  EUSCI_B_SPI_enable                                
00000fcd  EUSCI_B_SPI_enableInterrupt                       
00001001  EUSCI_B_SPI_getInterruptStatus                    
0000105f  EUSCI_B_SPI_getReceiveBufferAddressForDMA         
0000106d  EUSCI_B_SPI_getTransmitBufferAddressForDMA        
0000107b  EUSCI_B_SPI_isBusy                                
00000ee9  EUSCI_B_SPI_masterChangeClock                     
00000fbd  EUSCI_B_SPI_receiveData                           
00000ec9  EUSCI_B_SPI_select4PinFunctionality               
00000f1b  EUSCI_B_SPI_slaveInit                             
00000fa7  EUSCI_B_SPI_transmitData                          
00005503  FLCTL_IRQHandler                                  
00005503  FPU_IRQHandler                                    
00002cf7  GPIO_clearInterruptFlag                           
00002cb7  GPIO_disableInterrupt                             
00002c95  GPIO_enableInterrupt                              
00002d4f  GPIO_getEnabledInterruptStatus                    
00002c67  GPIO_getInputPinValue                             
00002cd9  GPIO_getInterruptStatus                           
00002d19  GPIO_interruptEdgeSelect                          
00002e0f  GPIO_registerInterrupt                            
00002a0f  GPIO_setAsInputPin                                
00002bc3  GPIO_setAsInputPinWithPullDownResistor            
00002c15  GPIO_setAsInputPinWithPullUpResistor              
000029d5  GPIO_setAsOutputPin                               
00002ad9  GPIO_setAsPeripheralModuleFunctionInputPin        
00002a55  GPIO_setAsPeripheralModuleFunctionOutputPin       
00002dcb  GPIO_setDriveStrengthHigh                         
00002ded  GPIO_setDriveStrengthLow                          
00002b5d  GPIO_setOutputHighOnPin                           
00002b7f  GPIO_setOutputLowOnPin                            
00002ba1  GPIO_toggleOutputOnPin                            
00002e2f  GPIO_unregisterInterrupt                          
0000474f  Graphics_clearDisplay                             
00004dbf  Graphics_clearDisplayOnDisplay                    
00004d11  Graphics_drawHorizontalLineOnDisplay              
00002ec1  Graphics_drawImage                                
00002861  Graphics_drawLine                                 
00002545  Graphics_drawLineH                                
000025e1  Graphics_drawLineV                                
00004ccd  Graphics_drawMultiplePixelsOnDisplay              
00004761  Graphics_drawPixel                                
00004ca3  Graphics_drawPixelOnDisplay                       
00004225  Graphics_drawRectangle                            
0000204f  Graphics_drawString                               
000024dd  Graphics_drawStringCentered                       
00004d45  Graphics_drawVerticalLineOnDisplay                
000042c7  Graphics_fillRectangle                            
00004d79  Graphics_fillRectangleOnDisplay                   
00004741  Graphics_flushBuffer                              
00004dad  Graphics_flushOnDisplay                           
00004723  Graphics_getDisplayHeight                         
00004713  Graphics_getDisplayWidth                          
000046c1  Graphics_getFontBaseline                          
000046f7  Graphics_getFontHeight                            
00004705  Graphics_getFontMaxWidth                          
00004733  Graphics_getHeightOfDisplay                       
00003215  Graphics_getImageColors                           
00003223  Graphics_getImageHeight                           
00003231  Graphics_getImageWidth                            
00003289  Graphics_getOffScreen8BPPSize                     
0000323f  Graphics_getOffscreen1BppImageSize                
00003265  Graphics_getOffscreen4BppImageSize                
0000442b  Graphics_getRectangleIntersection                 
000024cd  Graphics_getStringBaseline                        
00002525  Graphics_getStringHeight                          
00002535  Graphics_getStringMaxWidth                        
00001f55  Graphics_getStringWidth                           
000047bb  Graphics_getWidthOfDisplay                        
00004563  Graphics_initContext                              
00004511  Graphics_isPointWithinRectangle                   
000043d9  Graphics_isRectangleOverlap                       
00004677  Graphics_setBackgroundColor                       
00004691  Graphics_setBackgroundColorTranslated             
000045ad  Graphics_setClipRegion                            
000046a7  Graphics_setFont                                  
000046cf  Graphics_setForegroundColor                       
000046e5  Graphics_setForegroundColorTranslated             
00004d97  Graphics_translateColorOnDisplay                  
00004e99  HAL_LCD_PortInit                                  
00004ec9  HAL_LCD_SpiInit                                   
00004eff  HAL_LCD_writeCommand                              
00004f27  HAL_LCD_writeData                                 
00005503  HardFault_Handler                                 
000038ab  Interrupt_disableInterrupt                        
000036fb  Interrupt_disableMaster                           
00003aa9  Interrupt_disableSleepOnIsrExit                   
00003839  Interrupt_enableInterrupt                         
000036eb  Interrupt_enableMaster                            
00003a97  Interrupt_enableSleepOnIsrExit                    
00003813  Interrupt_getPriority                             
0000378b  Interrupt_getPriorityGrouping                     
00003a77  Interrupt_getPriorityMask                         
00003a91  Interrupt_getVectorTableAddress                   
0000391d  Interrupt_isEnabled                               
000039a9  Interrupt_pendInterrupt                           
0000370b  Interrupt_registerInterrupt                       
000037c3  Interrupt_setPriority                             
00003771  Interrupt_setPriorityGrouping                     
00003a67  Interrupt_setPriorityMask                         
00003a81  Interrupt_setVectorTableAddress                   
00003a19  Interrupt_unpendInterrupt                         
0000375d  Interrupt_unregisterInterrupt                     
2000250a  Lcd_FlagRead                                      
2000250b  Lcd_FontSolid                                     
2000250c  Lcd_Orientation                                   
2000250d  Lcd_PenSolid                                      
20002504  Lcd_ScreenHeigth                                  
20002506  Lcd_ScreenWidth                                   
20002508  Lcd_TouchTrim                                     
200000e8  MainScheduler                                     
00005503  MemManage_Handler                                 
00005503  NMI_Handler                                       
00005503  PCM_IRQHandler                                    
00005503  PORT1_IRQHandler                                  
00005503  PORT2_IRQHandler                                  
00005503  PORT3_IRQHandler                                  
00005503  PORT4_IRQHandler                                  
00005503  PORT5_IRQHandler                                  
00005503  PORT6_IRQHandler                                  
00005503  PSS_IRQHandler                                    
00005503  PendSV_Handler                                    
00005503  RTC_C_IRQHandler                                  
000054f7  Reset_Handler                                     
0000a560  SHT$$INIT_ARRAY$$Base                             
0000a564  SHT$$INIT_ARRAY$$Limit                            
00000b87  SPI_changeClockPhasePolarity                      
00000ae1  SPI_changeMasterClock                             
00000d39  SPI_clearInterruptFlag                            
00000cbb  SPI_disableInterrupt                              
00000c15  SPI_disableModule                                 
00000c95  SPI_enableInterrupt                               
00000bf9  SPI_enableModule                                  
00000d09  SPI_getEnabledInterruptStatus                     
00000ce1  SPI_getInterruptStatus                            
00000c31  SPI_getReceiveBufferAddressForDMA                 
00000c4d  SPI_getTransmitBufferAddressForDMA                
000009f5  SPI_initMaster                                    
00000b09  SPI_initSlave                                     
00000c79  SPI_isBusy                                        
00000bdd  SPI_receiveData                                   
00000d5f  SPI_registerInterrupt                             
00000abb  SPI_selectFourPinFunctionality                    
00000bb7  SPI_transmitData                                  
00000e1d  SPI_unregisterInterrupt                           
00005503  SVC_Handler                                       
00005503  SysTick_Handler                                   
20002980  SystemCoreClock                                   
00003eb5  SystemCoreClockUpdate                             
00004129  SystemInit                                        
0000343d  T32_INT1_IRQHandler                               
0000343d  T32_INT1_IRQHandler                               
00005503  T32_INT2_IRQHandler                               
00005503  T32_INTC_IRQHandler                               
00005503  TA0_0_IRQHandler                                  
00005503  TA0_N_IRQHandler                                  
00005503  TA1_0_IRQHandler                                  
00005503  TA1_N_IRQHandler                                  
00005503  TA2_0_IRQHandler                                  
00005503  TA2_N_IRQHandler                                  
00005503  TA3_0_IRQHandler                                  
00005503  TA3_N_IRQHandler                                  
00005503  UsageFault_Handler                                
4000480c  WDTCTL_SYM                                        
00005503  WDT_A_IRQHandler                                  
0000355d  _Z13setupButtonUpv                                
0000358b  _Z15setupButtonDownv                              
00004dd7  _Z21__default_new_handlerv                        
000035c5  _Z5Setupv                                         
000034bf  _Z8setupADCv                                      
00005001  _ZN10__cxxabiv116__enum_type_infoD0Ev             
00004fff  _ZN10__cxxabiv116__enum_type_infoD1Ev             
00004fff  _ZN10__cxxabiv116__enum_type_infoD2Ev             
00004ff7  _ZN10__cxxabiv117__array_type_infoD0Ev            
00004ff5  _ZN10__cxxabiv117__array_type_infoD1Ev            
00004ff5  _ZN10__cxxabiv117__array_type_infoD2Ev            
00004fed  _ZN10__cxxabiv117__class_type_infoD0Ev            
00004feb  _ZN10__cxxabiv117__class_type_infoD1Ev            
00004feb  _ZN10__cxxabiv117__class_type_infoD2Ev            
00004fe3  _ZN10__cxxabiv117__pbase_type_infoD0Ev            
00004fe1  _ZN10__cxxabiv117__pbase_type_infoD1Ev            
00004fe1  _ZN10__cxxabiv117__pbase_type_infoD2Ev            
00004fd9  _ZN10__cxxabiv119__pointer_type_infoD0Ev          
00004fd7  _ZN10__cxxabiv119__pointer_type_infoD1Ev          
00004fd7  _ZN10__cxxabiv119__pointer_type_infoD2Ev          
00004fcf  _ZN10__cxxabiv120__function_type_infoD0Ev         
00004fcd  _ZN10__cxxabiv120__function_type_infoD1Ev         
00004fcd  _ZN10__cxxabiv120__function_type_infoD2Ev         
00004fc5  _ZN10__cxxabiv120__si_class_type_infoD0Ev         
00004fc3  _ZN10__cxxabiv120__si_class_type_infoD1Ev         
00004fc3  _ZN10__cxxabiv120__si_class_type_infoD2Ev         
00004fbb  _ZN10__cxxabiv121__vmi_class_type_infoD0Ev        
00004fb9  _ZN10__cxxabiv121__vmi_class_type_infoD1Ev        
00004fb9  _ZN10__cxxabiv121__vmi_class_type_infoD2Ev        
00004fb1  _ZN10__cxxabiv123__fundamental_type_infoD0Ev      
00004faf  _ZN10__cxxabiv123__fundamental_type_infoD1Ev      
00004faf  _ZN10__cxxabiv123__fundamental_type_infoD2Ev      
00004fa7  _ZN10__cxxabiv129__pointer_to_member_type_infoD0Ev
00004fa5  _ZN10__cxxabiv129__pointer_to_member_type_infoD1Ev
00004fa5  _ZN10__cxxabiv129__pointer_to_member_type_infoD2Ev
00005491  _ZN4Task11SendMessageEv                           
00005505  _ZN4Task14ProcessMessageE3MSG                     
000050a1  _ZN4Task17GetTaskFinalCountEv                     
00005073  _ZN4Task17SetTaskFinalCountEy                     
00005091  _ZN4Task19GetTaskCurrentCountEv                   
00005055  _ZN4Task19SetTaskCurrentCountEy                   
0000502f  _ZN4Task3runEv                                    
00005011  _ZN4TaskC1Ev                                      
00005011  _ZN4TaskC2Ev                                      
00004b2d  _ZN6Racket12CheckLimitsYEv                        
00004aab  _ZN6Racket14ProcessMessageE3MSG                   
00004a7f  _ZN6Racket3runEv                                  
000049c9  _ZN6RacketC1EibiiiiiiPiS0_                        
000049c9  _ZN6RacketC2EibiiiiiiPiS0_                        
00004949  _ZN6Screen11printFigureE18Graphics_Rectangle      
00004877  _ZN6Screen14ProcessMessageE3MSG                   
00004967  _ZN6Screen20ADCtoScreenValueConvEi                
00004851  _ZN6Screen3runEv                                  
000047c9  _ZN6ScreenC1Eib                                   
000047c9  _ZN6ScreenC2Eib                                   
00004e65  _ZN9GamePiece13getDirectionXEv                    
00004e85  _ZN9GamePiece13getDirectionYEv                    
00004e53  _ZN9GamePiece13setDirectionXEi                    
00004e73  _ZN9GamePiece13setDirectionYEi                    
00004e05  _ZN9GamePiece7getPosXEv                           
00004e25  _ZN9GamePiece7getPosYEv                           
00004e45  _ZN9GamePiece7getSizeEv                           
00004df3  _ZN9GamePiece7setPosXEi                           
00004e13  _ZN9GamePiece7setPosYEi                           
00004e33  _ZN9GamePiece7setSizeEi                           
00004dd9  _ZN9GamePieceC1Ev                                 
00004dd9  _ZN9GamePieceC2Ev                                 
00001c97  _ZN9Scheduler13attachMessageE3MSG                 
00001ea7  _ZN9Scheduler14processMessageE3MSG                
00001cf3  _ZN9Scheduler17clearMessageQueueEv                
00001e59  _ZN9Scheduler18clearNextSchedulerEv               
00001b45  _ZN9Scheduler19ProcessMessageQueueEv              
00001a81  _ZN9Scheduler21CalculateNextScheduleEv            
00001efb  _ZN9Scheduler22SortScheduleByPriorityEP4Task      
000019fd  _ZN9Scheduler3runEv                               
00001987  _ZN9Scheduler6attachEP4Task                       
000018e1  _ZN9SchedulerC1Ev                                 
000018e1  _ZN9SchedulerC2Ev                                 
00004f67  _ZNKSt9type_info4nameEv                           
00004f97  _ZNKSt9type_info6beforeERKS_                      
00004f81  _ZNKSt9type_infoeqERKS_                           
00004f6b  _ZNKSt9type_infoneERKS_                           
00004f5f  _ZNSt9type_infoD0Ev                               
00004f5d  _ZNSt9type_infoD1Ev                               
00004f5d  _ZNSt9type_infoD2Ev                               
20002500  _ZSt16__dummy_typeinfo                            
00004f55  _ZSt21__gen_dummy_typeinfosv                      
0000a50c  _ZTI4Task                                         
0000a488  _ZTI6Racket                                       
0000a494  _ZTI6Screen                                       
0000a4a0  _ZTI9GamePiece                                    
0000a4ac  _ZTIN10__cxxabiv117__class_type_infoE             
0000a4b8  _ZTIN10__cxxabiv117__pbase_type_infoE             
0000a4c4  _ZTIN10__cxxabiv119__pointer_type_infoE           
0000a4d0  _ZTIN10__cxxabiv120__si_class_type_infoE          
0000a4dc  _ZTIN10__cxxabiv123__fundamental_type_infoE       
0000a418  _ZTIPKe                                           
0000a514  _ZTISt9type_info                                  
0000a51c  _ZTIe                                             
0000a554  _ZTS4Task                                         
0000a524  _ZTS6Racket                                       
0000a52c  _ZTS6Screen                                       
0000a4e8  _ZTS9GamePiece                                    
0000a26d  _ZTSN10__cxxabiv117__class_type_infoE             
0000a28f  _ZTSN10__cxxabiv117__pbase_type_infoE             
0000a249  _ZTSN10__cxxabiv119__pointer_type_infoE           
0000a224  _ZTSN10__cxxabiv120__si_class_type_infoE          
0000a1fc  _ZTSN10__cxxabiv123__fundamental_type_infoE       
0000a55a  _ZTSPKe                                           
0000a478  _ZTSSt9type_info                                  
0000a2b1  _ZTSe                                             
0000a3dc  _ZTV4Task                                         
0000a3f0  _ZTV6Racket                                       
0000a30c  _ZTV6Screen                                       
0000a404  _ZTV9GamePiece                                    
0000a428  _ZTVN10__cxxabiv117__class_type_infoE             
0000a438  _ZTVN10__cxxabiv119__pointer_type_infoE           
0000a448  _ZTVN10__cxxabiv120__si_class_type_infoE          
0000a458  _ZTVN10__cxxabiv123__fundamental_type_infoE       
00005511  _ZdlPv                                            
00005461  _Znwj                                             
20010000  __STACK_END                                       
00000200  __STACK_SIZE                                      
00000400  __SYSMEM_SIZE                                     
0000a5ec  __TI_CINIT_Base                                   
0000a604  __TI_CINIT_Limit                                  
0000a5e4  __TI_Handler_Table_Base                           
0000a5ec  __TI_Handler_Table_Limit                          
000051d1  __TI_auto_init                                    
20002954  __TI_cleanup_ptr                                  
000054e9  __TI_decompress_none                              
00005519  __TI_decompress_rle24                             
20002958  __TI_dtors_ptr                                    
2000295c  __TI_enable_exit_profile_output                   
ffffffff  __TI_pprof_out_hndl                               
ffffffff  __TI_prof_data_size                               
ffffffff  __TI_prof_data_start                              
00000000  __TI_static_base__                                
000053a1  __aeabi_d2iz                                      
00004b6d  __aeabi_ddiv                                      
00005427  __aeabi_f2d                                       
00005155  __aeabi_memclr                                    
00005155  __aeabi_memclr4                                   
00005155  __aeabi_memclr8                                   
000050b9  __aeabi_memcpy                                    
000050b9  __aeabi_memcpy4                                   
000050b9  __aeabi_memcpy8                                   
00005157  __aeabi_memset                                    
00005157  __aeabi_memset4                                   
00005157  __aeabi_memset8                                   
ffffffff  __binit__                                         
ffffffff  __c_args__                                        
000032a7  __mpu_init                                        
2000fe00  __stack                                           
00003649  __sti___8_main_cpp_05102ee7                       
000054bd  _args_main                                        
000052ad  _c_int00                                          
2000296c  _lock                                             
2000297c  _new_handler                                      
000054e3  _nop                                              
000054db  _register_lock                                    
000054d5  _register_unlock                                  
20002510  _sys_memory                                       
000051cf  _system_post_cinit                                
0000551f  _system_pre_init                                  
20002970  _unlock                                           
200024fc  aDataFromADC                                      
20002974  aDataFromButton                                   
00005305  abort                                             
ffffffff  binit                                             
00003e81  calloc                                            
00005355  copy_in                                           
20002948  counterDown                                       
2000294c  counterUp                                         
0000530d  exit                                              
00003bcf  free                                              
20000000  g_pfnRAMVectors                                   
200024d8  g_sContext                                        
0000a1d0  g_sCrystalfontz128x128                            
0000a038  g_sFontFixed6x8                                   
00000000  interruptVectors                                  
00003313  main                                              
20002978  main_func_sp                                      
00003b67  malloc                                            
00003d9d  memalign                                          
000050b9  memcpy                                            
0000515d  memset                                            
00003ad9  minit                                             
20002950  pDataToScreenB                                    
200024f4  positionDown                                      
200024f8  positionUp                                        
00003c91  realloc                                           


GLOBAL SYMBOLS: SORTED BY Symbol Address 

address   name                                              
-------   ----                                              
00000000  __TI_static_base__                                
00000000  interruptVectors                                  
00000200  __STACK_SIZE                                      
0000024d  ADC14_enableModule                                
00000255  ADC14_disableModule                               
0000026b  ADC14_enableSampleTimer                           
00000295  ADC14_disableSampleTimer                          
000002ab  ADC14_initModule                                  
000002f1  ADC14_setResolution                               
0000030b  ADC14_getResolution                               
00000315  ADC14_setSampleHoldTrigger                        
00000357  ADC14_setSampleHoldTime                           
00000381  ADC14_configureMultiSequenceMode                  
00000400  __SYSMEM_SIZE                                     
00000417  ADC14_configureSingleSampleMode                   
0000046d  ADC14_enableConversion                            
0000048d  ADC14_toggleConversionTrigger                     
000004af  ADC14_disableConversion                           
000004bb  ADC14_isBusy                                      
000004d9  ADC14_configureConversionMemory                   
00000581  ADC14_enableComparatorWindow                      
00000611  ADC14_disableComparatorWindow                     
0000066f  ADC14_setComparatorWindowValue                    
000006f5  ADC14_setResultFormat                             
0000071f  ADC14_getResult                                   
00000739  ADC14_getMultiSequenceResult                      
000007a5  ADC14_getResultArray                              
00000819  ADC14_enableReferenceBurst                        
0000082f  ADC14_disableReferenceBurst                       
00000845  ADC14_setPowerMode                                
00000887  ADC14_enableInterrupt                             
000008b3  ADC14_disableInterrupt                            
000008df  ADC14_getInterruptStatus                          
00000909  ADC14_getEnabledInterruptStatus                   
00000939  ADC14_clearInterruptFlag                          
00000969  ADC14_registerInterrupt                           
0000097d  ADC14_unregisterInterrupt                         
000009f5  SPI_initMaster                                    
00000abb  SPI_selectFourPinFunctionality                    
00000ae1  SPI_changeMasterClock                             
00000b09  SPI_initSlave                                     
00000b87  SPI_changeClockPhasePolarity                      
00000bb7  SPI_transmitData                                  
00000bdd  SPI_receiveData                                   
00000bf9  SPI_enableModule                                  
00000c15  SPI_disableModule                                 
00000c31  SPI_getReceiveBufferAddressForDMA                 
00000c4d  SPI_getTransmitBufferAddressForDMA                
00000c79  SPI_isBusy                                        
00000c95  SPI_enableInterrupt                               
00000cbb  SPI_disableInterrupt                              
00000ce1  SPI_getInterruptStatus                            
00000d09  SPI_getEnabledInterruptStatus                     
00000d39  SPI_clearInterruptFlag                            
00000d5f  SPI_registerInterrupt                             
00000e1d  SPI_unregisterInterrupt                           
00000ec9  EUSCI_B_SPI_select4PinFunctionality               
00000ee9  EUSCI_B_SPI_masterChangeClock                     
00000f1b  EUSCI_B_SPI_slaveInit                             
00000f65  EUSCI_B_SPI_changeClockPhasePolarity              
00000fa7  EUSCI_B_SPI_transmitData                          
00000fbd  EUSCI_B_SPI_receiveData                           
00000fcd  EUSCI_B_SPI_enableInterrupt                       
00000fe7  EUSCI_B_SPI_disableInterrupt                      
00001001  EUSCI_B_SPI_getInterruptStatus                    
00001019  EUSCI_B_SPI_clearInterruptFlag                    
00001033  EUSCI_B_SPI_enable                                
00001049  EUSCI_B_SPI_disable                               
0000105f  EUSCI_B_SPI_getReceiveBufferAddressForDMA         
0000106d  EUSCI_B_SPI_getTransmitBufferAddressForDMA        
0000107b  EUSCI_B_SPI_isBusy                                
00001093  EUSCI_A_SPI_select4PinFunctionality               
000010b3  EUSCI_A_SPI_masterChangeClock                     
000010e9  EUSCI_A_SPI_slaveInit                             
00001133  EUSCI_A_SPI_changeClockPhasePolarity              
00001175  EUSCI_A_SPI_transmitData                          
0000118b  EUSCI_A_SPI_receiveData                           
0000119b  EUSCI_A_SPI_enableInterrupt                       
000011b5  EUSCI_A_SPI_disableInterrupt                      
000011cf  EUSCI_A_SPI_getInterruptStatus                    
000011e7  EUSCI_A_SPI_clearInterruptFlag                    
00001201  EUSCI_A_SPI_enable                                
00001217  EUSCI_A_SPI_disable                               
0000122d  EUSCI_A_SPI_getReceiveBufferAddressForDMA         
0000123b  EUSCI_A_SPI_getTransmitBufferAddressForDMA        
00001249  EUSCI_A_SPI_isBusy                                
00001269  Crystalfontz128x128_Init                          
0000137d  Crystalfontz128x128_SetDrawFrame                  
000014ab  Crystalfontz128x128_SetOrientation                
000018e1  _ZN9SchedulerC1Ev                                 
000018e1  _ZN9SchedulerC2Ev                                 
00001987  _ZN9Scheduler6attachEP4Task                       
000019fd  _ZN9Scheduler3runEv                               
00001a81  _ZN9Scheduler21CalculateNextScheduleEv            
00001b45  _ZN9Scheduler19ProcessMessageQueueEv              
00001c97  _ZN9Scheduler13attachMessageE3MSG                 
00001cf3  _ZN9Scheduler17clearMessageQueueEv                
00001e59  _ZN9Scheduler18clearNextSchedulerEv               
00001ea7  _ZN9Scheduler14processMessageE3MSG                
00001efb  _ZN9Scheduler22SortScheduleByPriorityEP4Task      
00001f55  Graphics_getStringWidth                           
0000204f  Graphics_drawString                               
000024cd  Graphics_getStringBaseline                        
000024dd  Graphics_drawStringCentered                       
00002525  Graphics_getStringHeight                          
00002535  Graphics_getStringMaxWidth                        
00002545  Graphics_drawLineH                                
000025e1  Graphics_drawLineV                                
00002861  Graphics_drawLine                                 
000029d5  GPIO_setAsOutputPin                               
00002a0f  GPIO_setAsInputPin                                
00002a55  GPIO_setAsPeripheralModuleFunctionOutputPin       
00002ad9  GPIO_setAsPeripheralModuleFunctionInputPin        
00002b5d  GPIO_setOutputHighOnPin                           
00002b7f  GPIO_setOutputLowOnPin                            
00002ba1  GPIO_toggleOutputOnPin                            
00002bc3  GPIO_setAsInputPinWithPullDownResistor            
00002c15  GPIO_setAsInputPinWithPullUpResistor              
00002c67  GPIO_getInputPinValue                             
00002c95  GPIO_enableInterrupt                              
00002cb7  GPIO_disableInterrupt                             
00002cd9  GPIO_getInterruptStatus                           
00002cf7  GPIO_clearInterruptFlag                           
00002d19  GPIO_interruptEdgeSelect                          
00002d4f  GPIO_getEnabledInterruptStatus                    
00002dcb  GPIO_setDriveStrengthHigh                         
00002ded  GPIO_setDriveStrengthLow                          
00002e0f  GPIO_registerInterrupt                            
00002e2f  GPIO_unregisterInterrupt                          
00002ec1  Graphics_drawImage                                
00003215  Graphics_getImageColors                           
00003223  Graphics_getImageHeight                           
00003231  Graphics_getImageWidth                            
0000323f  Graphics_getOffscreen1BppImageSize                
00003265  Graphics_getOffscreen4BppImageSize                
00003289  Graphics_getOffScreen8BPPSize                     
000032a7  __mpu_init                                        
00003313  main                                              
000033b1  BUTTON_DOWN_ISR                                   
000033f7  BUTTON_UP_ISR                                     
0000343d  T32_INT1_IRQHandler                               
0000343d  T32_INT1_IRQHandler                               
0000345b  ADC14_IRQHandler                                  
0000345b  ADC14_IRQHandler                                  
000034bf  _Z8setupADCv                                      
0000355d  _Z13setupButtonUpv                                
0000358b  _Z15setupButtonDownv                              
000035c5  _Z5Setupv                                         
00003649  __sti___8_main_cpp_05102ee7                       
000036eb  Interrupt_enableMaster                            
000036fb  Interrupt_disableMaster                           
0000370b  Interrupt_registerInterrupt                       
0000375d  Interrupt_unregisterInterrupt                     
00003771  Interrupt_setPriorityGrouping                     
0000378b  Interrupt_getPriorityGrouping                     
000037c3  Interrupt_setPriority                             
00003813  Interrupt_getPriority                             
00003839  Interrupt_enableInterrupt                         
000038ab  Interrupt_disableInterrupt                        
0000391d  Interrupt_isEnabled                               
000039a9  Interrupt_pendInterrupt                           
00003a19  Interrupt_unpendInterrupt                         
00003a67  Interrupt_setPriorityMask                         
00003a77  Interrupt_getPriorityMask                         
00003a81  Interrupt_setVectorTableAddress                   
00003a91  Interrupt_getVectorTableAddress                   
00003a97  Interrupt_enableSleepOnIsrExit                    
00003aa9  Interrupt_disableSleepOnIsrExit                   
00003ad9  minit                                             
00003b67  malloc                                            
00003bcf  free                                              
00003c91  realloc                                           
00003d9d  memalign                                          
00003e81  calloc                                            
00003eb5  SystemCoreClockUpdate                             
00004129  SystemInit                                        
00004225  Graphics_drawRectangle                            
000042c7  Graphics_fillRectangle                            
000043d9  Graphics_isRectangleOverlap                       
0000442b  Graphics_getRectangleIntersection                 
00004511  Graphics_isPointWithinRectangle                   
00004563  Graphics_initContext                              
000045ad  Graphics_setClipRegion                            
00004677  Graphics_setBackgroundColor                       
00004691  Graphics_setBackgroundColorTranslated             
000046a7  Graphics_setFont                                  
000046c1  Graphics_getFontBaseline                          
000046cf  Graphics_setForegroundColor                       
000046e5  Graphics_setForegroundColorTranslated             
000046f7  Graphics_getFontHeight                            
00004705  Graphics_getFontMaxWidth                          
00004713  Graphics_getDisplayWidth                          
00004723  Graphics_getDisplayHeight                         
00004733  Graphics_getHeightOfDisplay                       
00004741  Graphics_flushBuffer                              
0000474f  Graphics_clearDisplay                             
00004761  Graphics_drawPixel                                
000047bb  Graphics_getWidthOfDisplay                        
000047c9  _ZN6ScreenC1Eib                                   
000047c9  _ZN6ScreenC2Eib                                   
00004851  _ZN6Screen3runEv                                  
00004877  _ZN6Screen14ProcessMessageE3MSG                   
00004949  _ZN6Screen11printFigureE18Graphics_Rectangle      
00004967  _ZN6Screen20ADCtoScreenValueConvEi                
000049c9  _ZN6RacketC1EibiiiiiiPiS0_                        
000049c9  _ZN6RacketC2EibiiiiiiPiS0_                        
00004a7f  _ZN6Racket3runEv                                  
00004aab  _ZN6Racket14ProcessMessageE3MSG                   
00004b2d  _ZN6Racket12CheckLimitsYEv                        
00004b6d  __aeabi_ddiv                                      
00004ca3  Graphics_drawPixelOnDisplay                       
00004ccd  Graphics_drawMultiplePixelsOnDisplay              
00004d11  Graphics_drawHorizontalLineOnDisplay              
00004d45  Graphics_drawVerticalLineOnDisplay                
00004d79  Graphics_fillRectangleOnDisplay                   
00004d97  Graphics_translateColorOnDisplay                  
00004dad  Graphics_flushOnDisplay                           
00004dbf  Graphics_clearDisplayOnDisplay                    
00004dd7  _Z21__default_new_handlerv                        
00004dd9  _ZN9GamePieceC1Ev                                 
00004dd9  _ZN9GamePieceC2Ev                                 
00004df3  _ZN9GamePiece7setPosXEi                           
00004e05  _ZN9GamePiece7getPosXEv                           
00004e13  _ZN9GamePiece7setPosYEi                           
00004e25  _ZN9GamePiece7getPosYEv                           
00004e33  _ZN9GamePiece7setSizeEi                           
00004e45  _ZN9GamePiece7getSizeEv                           
00004e53  _ZN9GamePiece13setDirectionXEi                    
00004e65  _ZN9GamePiece13getDirectionXEv                    
00004e73  _ZN9GamePiece13setDirectionYEi                    
00004e85  _ZN9GamePiece13getDirectionYEv                    
00004e99  HAL_LCD_PortInit                                  
00004ec9  HAL_LCD_SpiInit                                   
00004eff  HAL_LCD_writeCommand                              
00004f27  HAL_LCD_writeData                                 
00004f55  _ZSt21__gen_dummy_typeinfosv                      
00004f5d  _ZNSt9type_infoD1Ev                               
00004f5d  _ZNSt9type_infoD2Ev                               
00004f5f  _ZNSt9type_infoD0Ev                               
00004f67  _ZNKSt9type_info4nameEv                           
00004f6b  _ZNKSt9type_infoneERKS_                           
00004f81  _ZNKSt9type_infoeqERKS_                           
00004f97  _ZNKSt9type_info6beforeERKS_                      
00004fa5  _ZN10__cxxabiv129__pointer_to_member_type_infoD1Ev
00004fa5  _ZN10__cxxabiv129__pointer_to_member_type_infoD2Ev
00004fa7  _ZN10__cxxabiv129__pointer_to_member_type_infoD0Ev
00004faf  _ZN10__cxxabiv123__fundamental_type_infoD1Ev      
00004faf  _ZN10__cxxabiv123__fundamental_type_infoD2Ev      
00004fb1  _ZN10__cxxabiv123__fundamental_type_infoD0Ev      
00004fb9  _ZN10__cxxabiv121__vmi_class_type_infoD1Ev        
00004fb9  _ZN10__cxxabiv121__vmi_class_type_infoD2Ev        
00004fbb  _ZN10__cxxabiv121__vmi_class_type_infoD0Ev        
00004fc3  _ZN10__cxxabiv120__si_class_type_infoD1Ev         
00004fc3  _ZN10__cxxabiv120__si_class_type_infoD2Ev         
00004fc5  _ZN10__cxxabiv120__si_class_type_infoD0Ev         
00004fcd  _ZN10__cxxabiv120__function_type_infoD1Ev         
00004fcd  _ZN10__cxxabiv120__function_type_infoD2Ev         
00004fcf  _ZN10__cxxabiv120__function_type_infoD0Ev         
00004fd7  _ZN10__cxxabiv119__pointer_type_infoD1Ev          
00004fd7  _ZN10__cxxabiv119__pointer_type_infoD2Ev          
00004fd9  _ZN10__cxxabiv119__pointer_type_infoD0Ev          
00004fe1  _ZN10__cxxabiv117__pbase_type_infoD1Ev            
00004fe1  _ZN10__cxxabiv117__pbase_type_infoD2Ev            
00004fe3  _ZN10__cxxabiv117__pbase_type_infoD0Ev            
00004feb  _ZN10__cxxabiv117__class_type_infoD1Ev            
00004feb  _ZN10__cxxabiv117__class_type_infoD2Ev            
00004fed  _ZN10__cxxabiv117__class_type_infoD0Ev            
00004ff5  _ZN10__cxxabiv117__array_type_infoD1Ev            
00004ff5  _ZN10__cxxabiv117__array_type_infoD2Ev            
00004ff7  _ZN10__cxxabiv117__array_type_infoD0Ev            
00004fff  _ZN10__cxxabiv116__enum_type_infoD1Ev             
00004fff  _ZN10__cxxabiv116__enum_type_infoD2Ev             
00005001  _ZN10__cxxabiv116__enum_type_infoD0Ev             
00005011  _ZN4TaskC1Ev                                      
00005011  _ZN4TaskC2Ev                                      
0000502f  _ZN4Task3runEv                                    
00005055  _ZN4Task19SetTaskCurrentCountEy                   
00005073  _ZN4Task17SetTaskFinalCountEy                     
00005091  _ZN4Task19GetTaskCurrentCountEv                   
000050a1  _ZN4Task17GetTaskFinalCountEv                     
000050b9  __aeabi_memcpy                                    
000050b9  __aeabi_memcpy4                                   
000050b9  __aeabi_memcpy8                                   
000050b9  memcpy                                            
00005155  __aeabi_memclr                                    
00005155  __aeabi_memclr4                                   
00005155  __aeabi_memclr8                                   
00005157  __aeabi_memset                                    
00005157  __aeabi_memset4                                   
00005157  __aeabi_memset8                                   
0000515d  memset                                            
000051cf  _system_post_cinit                                
000051d1  __TI_auto_init                                    
000052ad  _c_int00                                          
00005301  C$$EXIT                                           
00005305  abort                                             
0000530d  exit                                              
00005355  copy_in                                           
000053a1  __aeabi_d2iz                                      
000053e9  CPU_cpsid                                         
000053f5  CPU_primask                                       
000053ff  CPU_cpsie                                         
0000540b  CPU_wfi                                           
0000540f  CPU_basepriSet                                    
0000541d  CPU_basepriGet                                    
00005427  __aeabi_f2d                                       
00005461  _Znwj                                             
00005491  _ZN4Task11SendMessageEv                           
000054bd  _args_main                                        
000054d5  _register_unlock                                  
000054db  _register_lock                                    
000054e3  _nop                                              
000054e9  __TI_decompress_none                              
000054f7  Reset_Handler                                     
00005503  AES256_IRQHandler                                 
00005503  BusFault_Handler                                  
00005503  COMP_E0_IRQHandler                                
00005503  COMP_E1_IRQHandler                                
00005503  CS_IRQHandler                                     
00005503  DMA_ERR_IRQHandler                                
00005503  DMA_INT0_IRQHandler                               
00005503  DMA_INT1_IRQHandler                               
00005503  DMA_INT2_IRQHandler                               
00005503  DMA_INT3_IRQHandler                               
00005503  DebugMon_Handler                                  
00005503  Default_Handler                                   
00005503  EUSCIA0_IRQHandler                                
00005503  EUSCIA1_IRQHandler                                
00005503  EUSCIA2_IRQHandler                                
00005503  EUSCIA3_IRQHandler                                
00005503  EUSCIB0_IRQHandler                                
00005503  EUSCIB1_IRQHandler                                
00005503  EUSCIB2_IRQHandler                                
00005503  EUSCIB3_IRQHandler                                
00005503  FLCTL_IRQHandler                                  
00005503  FPU_IRQHandler                                    
00005503  HardFault_Handler                                 
00005503  MemManage_Handler                                 
00005503  NMI_Handler                                       
00005503  PCM_IRQHandler                                    
00005503  PORT1_IRQHandler                                  
00005503  PORT2_IRQHandler                                  
00005503  PORT3_IRQHandler                                  
00005503  PORT4_IRQHandler                                  
00005503  PORT5_IRQHandler                                  
00005503  PORT6_IRQHandler                                  
00005503  PSS_IRQHandler                                    
00005503  PendSV_Handler                                    
00005503  RTC_C_IRQHandler                                  
00005503  SVC_Handler                                       
00005503  SysTick_Handler                                   
00005503  T32_INT2_IRQHandler                               
00005503  T32_INTC_IRQHandler                               
00005503  TA0_0_IRQHandler                                  
00005503  TA0_N_IRQHandler                                  
00005503  TA1_0_IRQHandler                                  
00005503  TA1_N_IRQHandler                                  
00005503  TA2_0_IRQHandler                                  
00005503  TA2_N_IRQHandler                                  
00005503  TA3_0_IRQHandler                                  
00005503  TA3_N_IRQHandler                                  
00005503  UsageFault_Handler                                
00005503  WDT_A_IRQHandler                                  
00005505  _ZN4Task14ProcessMessageE3MSG                     
00005511  _ZdlPv                                            
00005519  __TI_decompress_rle24                             
0000551f  _system_pre_init                                  
0000a038  g_sFontFixed6x8                                   
0000a1d0  g_sCrystalfontz128x128                            
0000a1fc  _ZTSN10__cxxabiv123__fundamental_type_infoE       
0000a224  _ZTSN10__cxxabiv120__si_class_type_infoE          
0000a249  _ZTSN10__cxxabiv119__pointer_type_infoE           
0000a26d  _ZTSN10__cxxabiv117__class_type_infoE             
0000a28f  _ZTSN10__cxxabiv117__pbase_type_infoE             
0000a2b1  _ZTSe                                             
0000a30c  _ZTV6Screen                                       
0000a3dc  _ZTV4Task                                         
0000a3f0  _ZTV6Racket                                       
0000a404  _ZTV9GamePiece                                    
0000a418  _ZTIPKe                                           
0000a428  _ZTVN10__cxxabiv117__class_type_infoE             
0000a438  _ZTVN10__cxxabiv119__pointer_type_infoE           
0000a448  _ZTVN10__cxxabiv120__si_class_type_infoE          
0000a458  _ZTVN10__cxxabiv123__fundamental_type_infoE       
0000a478  _ZTSSt9type_info                                  
0000a488  _ZTI6Racket                                       
0000a494  _ZTI6Screen                                       
0000a4a0  _ZTI9GamePiece                                    
0000a4ac  _ZTIN10__cxxabiv117__class_type_infoE             
0000a4b8  _ZTIN10__cxxabiv117__pbase_type_infoE             
0000a4c4  _ZTIN10__cxxabiv119__pointer_type_infoE           
0000a4d0  _ZTIN10__cxxabiv120__si_class_type_infoE          
0000a4dc  _ZTIN10__cxxabiv123__fundamental_type_infoE       
0000a4e8  _ZTS9GamePiece                                    
0000a50c  _ZTI4Task                                         
0000a514  _ZTISt9type_info                                  
0000a51c  _ZTIe                                             
0000a524  _ZTS6Racket                                       
0000a52c  _ZTS6Screen                                       
0000a554  _ZTS4Task                                         
0000a55a  _ZTSPKe                                           
0000a560  SHT$$INIT_ARRAY$$Base                             
0000a564  SHT$$INIT_ARRAY$$Limit                            
0000a5e4  __TI_Handler_Table_Base                           
0000a5ec  __TI_CINIT_Base                                   
0000a5ec  __TI_Handler_Table_Limit                          
0000a604  __TI_CINIT_Limit                                  
20000000  g_pfnRAMVectors                                   
200000e8  MainScheduler                                     
200024d8  g_sContext                                        
200024f4  positionDown                                      
200024f8  positionUp                                        
200024fc  aDataFromADC                                      
20002500  _ZSt16__dummy_typeinfo                            
20002504  Lcd_ScreenHeigth                                  
20002506  Lcd_ScreenWidth                                   
20002508  Lcd_TouchTrim                                     
2000250a  Lcd_FlagRead                                      
2000250b  Lcd_FontSolid                                     
2000250c  Lcd_Orientation                                   
2000250d  Lcd_PenSolid                                      
20002510  _sys_memory                                       
20002948  counterDown                                       
2000294c  counterUp                                         
20002950  pDataToScreenB                                    
20002954  __TI_cleanup_ptr                                  
20002958  __TI_dtors_ptr                                    
2000295c  __TI_enable_exit_profile_output                   
2000296c  _lock                                             
20002970  _unlock                                           
20002974  aDataFromButton                                   
20002978  main_func_sp                                      
2000297c  _new_handler                                      
20002980  SystemCoreClock                                   
2000fe00  __stack                                           
20010000  __STACK_END                                       
4000480c  WDTCTL_SYM                                        
ffffffff  __TI_pprof_out_hndl                               
ffffffff  __TI_prof_data_size                               
ffffffff  __TI_prof_data_start                              
ffffffff  __binit__                                         
ffffffff  __c_args__                                        
ffffffff  binit                                             

[443 symbols]
